[2025-06-12T01:49:34.327+0000][0.007s][15903][15911][debug] Minimum heap 8589934592  Initial heap 8589934592  Maximum heap 8589934592
[2025-06-12T01:49:34.327+0000][0.007s][15903][15911][trace] 1: Minimum young 1677721600  Initial young 1677721600  Maximum young 1677721600
[2025-06-12T01:49:34.327+0000][0.007s][15903][15911][trace] Minimum old 65536  Initial old 6912212992  Maximum old 6912212992
[2025-06-12T01:49:34.327+0000][0.007s][15903][15911][trace] Trying to allocate at address 0x0000000600000000 heap of size 0x200000000
[2025-06-12T01:49:41.294+0000][6.974s][15903][15911][info ] Using Concurrent Mark Sweep
[2025-06-12T01:49:41.294+0000][6.974s][15903][15911][info ] Heap address: 0x0000000600000000, size: 8192 MB, Compressed Oops mode: Zero based, Oop shift amount: 3
[2025-06-12T01:49:41.791+0000][7.471s][15903][15952][info ] Application time: 0.2188572 seconds
[2025-06-12T01:49:41.791+0000][7.471s][15903][15952][info ] Entering safepoint region: Deoptimize
[2025-06-12T01:49:41.791+0000][7.471s][15903][15952][info ] Leaving safepoint region
[2025-06-12T01:49:41.791+0000][7.471s][15903][15952][info ] Total time for which application threads were stopped: 0.0001854 seconds, Stopping threads took: 0.0000134 seconds
[2025-06-12T01:49:41.803+0000][7.483s][15903][15952][info ] Application time: 0.0115709 seconds
[2025-06-12T01:49:41.803+0000][7.483s][15903][15952][info ] Entering safepoint region: Deoptimize
[2025-06-12T01:49:41.803+0000][7.483s][15903][15952][info ] Leaving safepoint region
[2025-06-12T01:49:41.803+0000][7.483s][15903][15952][info ] Total time for which application threads were stopped: 0.0000582 seconds, Stopping threads took: 0.0000084 seconds
[2025-06-12T01:49:41.862+0000][7.542s][15903][15952][info ] Application time: 0.0589830 seconds
[2025-06-12T01:49:41.862+0000][7.542s][15903][15952][info ] Entering safepoint region: Deoptimize
[2025-06-12T01:49:41.862+0000][7.542s][15903][15952][info ] Leaving safepoint region
[2025-06-12T01:49:41.862+0000][7.542s][15903][15952][info ] Total time for which application threads were stopped: 0.0001683 seconds, Stopping threads took: 0.0000142 seconds
[2025-06-12T01:49:42.862+0000][8.542s][15903][15952][info ] Application time: 1.0000983 seconds
[2025-06-12T01:49:42.862+0000][8.542s][15903][15952][info ] Entering safepoint region: Cleanup
[2025-06-12T01:49:42.862+0000][8.543s][15903][15952][info ] Leaving safepoint region
[2025-06-12T01:49:42.862+0000][8.543s][15903][15952][info ] Total time for which application threads were stopped: 0.0004610 seconds, Stopping threads took: 0.0002907 seconds
[2025-06-12T01:49:43.058+0000][8.738s][15903][15952][info ] Application time: 0.1954152 seconds
[2025-06-12T01:49:43.058+0000][8.738s][15903][15952][info ] Entering safepoint region: CollectForMetadataAllocation
[2025-06-12T01:49:43.058+0000][8.739s][15903][15952][info ] Leaving safepoint region
[2025-06-12T01:49:43.059+0000][8.739s][15903][15952][info ] Total time for which application threads were stopped: 0.0005645 seconds, Stopping threads took: 0.0000141 seconds
[2025-06-12T01:49:43.112+0000][8.792s][15903][15952][info ] Application time: 0.0532974 seconds
[2025-06-12T01:49:43.112+0000][8.792s][15903][15952][info ] Entering safepoint region: CollectForMetadataAllocation
[2025-06-12T01:49:43.113+0000][8.793s][15903][15952][info ] Leaving safepoint region
[2025-06-12T01:49:43.113+0000][8.793s][15903][15952][info ] Total time for which application threads were stopped: 0.0012675 seconds, Stopping threads took: 0.0000115 seconds
[2025-06-12T01:49:43.113+0000][8.794s][15903][15952][info ] Application time: 0.0002943 seconds
[2025-06-12T01:49:43.113+0000][8.794s][15903][15952][info ] Entering safepoint region: Deoptimize
[2025-06-12T01:49:43.114+0000][8.794s][15903][15952][info ] Leaving safepoint region
[2025-06-12T01:49:43.114+0000][8.794s][15903][15952][info ] Total time for which application threads were stopped: 0.0001806 seconds, Stopping threads took: 0.0000087 seconds
[2025-06-12T01:49:43.143+0000][8.824s][15903][15952][info ] Application time: 0.0297845 seconds
[2025-06-12T01:49:43.143+0000][8.824s][15903][15952][info ] Entering safepoint region: Deoptimize
[2025-06-12T01:49:43.144+0000][8.824s][15903][15952][info ] Leaving safepoint region
[2025-06-12T01:49:43.144+0000][8.824s][15903][15952][info ] Total time for which application threads were stopped: 0.0002574 seconds, Stopping threads took: 0.0000264 seconds
[2025-06-12T01:49:43.159+0000][8.839s][15903][15952][info ] Application time: 0.0155319 seconds
[2025-06-12T01:49:43.159+0000][8.839s][15903][15952][info ] Entering safepoint region: CollectForMetadataAllocation
[2025-06-12T01:49:43.160+0000][8.840s][15903][15952][info ] Leaving safepoint region
[2025-06-12T01:49:43.160+0000][8.840s][15903][15952][info ] Total time for which application threads were stopped: 0.0002292 seconds, Stopping threads took: 0.0000096 seconds
[2025-06-12T01:49:43.260+0000][8.940s][15903][15952][info ] Application time: 0.1005762 seconds
[2025-06-12T01:49:43.300+0000][8.980s][15903][15952][info ] Entering safepoint region: CollectForMetadataAllocation
[2025-06-12T01:49:43.301+0000][8.981s][15903][15952][info ] Leaving safepoint region
[2025-06-12T01:49:43.301+0000][8.981s][15903][15952][info ] Total time for which application threads were stopped: 0.0397127 seconds, Stopping threads took: 0.0386861 seconds
[2025-06-12T01:49:43.339+0000][9.019s][15903][15952][info ] Application time: 0.0375657 seconds
[2025-06-12T01:49:43.339+0000][9.019s][15903][15952][info ] Entering safepoint region: CollectForMetadataAllocation
[2025-06-12T01:49:43.340+0000][9.020s][15903][15952][info ] Leaving safepoint region
[2025-06-12T01:49:43.340+0000][9.020s][15903][15952][info ] Total time for which application threads were stopped: 0.0015802 seconds, Stopping threads took: 0.0000109 seconds
[2025-06-12T01:49:43.441+0000][9.121s][15903][15952][info ] Application time: 0.1004687 seconds
[2025-06-12T01:49:43.441+0000][9.121s][15903][15952][info ] Entering safepoint region: CollectForMetadataAllocation
[2025-06-12T01:49:43.442+0000][9.122s][15903][15952][info ] Leaving safepoint region
[2025-06-12T01:49:43.442+0000][9.122s][15903][15952][info ] Total time for which application threads were stopped: 0.0007641 seconds, Stopping threads took: 0.0000129 seconds
[2025-06-12T01:49:43.554+0000][9.234s][15903][15952][info ] Application time: 0.1116923 seconds
[2025-06-12T01:49:43.554+0000][9.234s][15903][15952][info ] Entering safepoint region: Deoptimize
[2025-06-12T01:49:43.554+0000][9.234s][15903][15952][info ] Leaving safepoint region
[2025-06-12T01:49:43.554+0000][9.234s][15903][15952][info ] Total time for which application threads were stopped: 0.0002875 seconds, Stopping threads took: 0.0000128 seconds
[2025-06-12T01:49:43.658+0000][9.338s][15903][15952][info ] Application time: 0.1035976 seconds
[2025-06-12T01:49:43.658+0000][9.338s][15903][15952][info ] Entering safepoint region: CollectForMetadataAllocation
[2025-06-12T01:49:43.659+0000][9.339s][15903][15952][info ] Leaving safepoint region
[2025-06-12T01:49:43.659+0000][9.339s][15903][15952][info ] Total time for which application threads were stopped: 0.0012946 seconds, Stopping threads took: 0.0000144 seconds
[2025-06-12T01:49:43.676+0000][9.356s][15903][15952][info ] Application time: 0.0165991 seconds
[2025-06-12T01:49:43.676+0000][9.356s][15903][15952][info ] Entering safepoint region: CollectForMetadataAllocation
[2025-06-12T01:49:43.677+0000][9.357s][15903][15952][info ] Leaving safepoint region
[2025-06-12T01:49:43.677+0000][9.357s][15903][15952][info ] Total time for which application threads were stopped: 0.0008402 seconds, Stopping threads took: 0.0000103 seconds
[2025-06-12T01:49:43.711+0000][9.391s][15903][15952][info ] Application time: 0.0338451 seconds
[2025-06-12T01:49:43.711+0000][9.391s][15903][15952][info ] Entering safepoint region: CollectForMetadataAllocation
[2025-06-12T01:49:43.711+0000][9.391s][15903][15952][info ] Leaving safepoint region
[2025-06-12T01:49:43.711+0000][9.391s][15903][15952][info ] Total time for which application threads were stopped: 0.0007977 seconds, Stopping threads took: 0.0000099 seconds
[2025-06-12T01:49:43.740+0000][9.420s][15903][15952][info ] Application time: 0.0287710 seconds
[2025-06-12T01:49:43.740+0000][9.420s][15903][15952][info ] Entering safepoint region: CollectForMetadataAllocation
[2025-06-12T01:49:43.740+0000][9.421s][15903][15952][info ] Leaving safepoint region
[2025-06-12T01:49:43.740+0000][9.421s][15903][15952][info ] Total time for which application threads were stopped: 0.0002008 seconds, Stopping threads took: 0.0000152 seconds
[2025-06-12T01:49:43.757+0000][9.437s][15903][15952][info ] Application time: 0.0169610 seconds
[2025-06-12T01:49:43.757+0000][9.438s][15903][15952][info ] Entering safepoint region: Deoptimize
[2025-06-12T01:49:43.758+0000][9.438s][15903][15952][info ] Leaving safepoint region
[2025-06-12T01:49:43.758+0000][9.438s][15903][15952][info ] Total time for which application threads were stopped: 0.0002679 seconds, Stopping threads took: 0.0000101 seconds
[2025-06-12T01:49:43.764+0000][9.444s][15903][15952][info ] Application time: 0.0058425 seconds
[2025-06-12T01:49:43.764+0000][9.444s][15903][15952][info ] Entering safepoint region: CollectForMetadataAllocation
[2025-06-12T01:49:43.764+0000][9.444s][15903][15952][info ] Leaving safepoint region
[2025-06-12T01:49:43.764+0000][9.444s][15903][15952][info ] Total time for which application threads were stopped: 0.0005784 seconds, Stopping threads took: 0.0000124 seconds
[2025-06-12T01:49:43.766+0000][9.446s][15903][15952][info ] Application time: 0.0014831 seconds
[2025-06-12T01:49:43.766+0000][9.446s][15903][15952][info ] Entering safepoint region: Deoptimize
[2025-06-12T01:49:43.766+0000][9.446s][15903][15952][info ] Leaving safepoint region
[2025-06-12T01:49:43.766+0000][9.446s][15903][15952][info ] Total time for which application threads were stopped: 0.0002142 seconds, Stopping threads took: 0.0000074 seconds
[2025-06-12T01:49:43.766+0000][9.446s][15903][15952][info ] Application time: 0.0002053 seconds
[2025-06-12T01:49:43.766+0000][9.446s][15903][15952][info ] Entering safepoint region: Deoptimize
[2025-06-12T01:49:43.766+0000][9.446s][15903][15952][info ] Leaving safepoint region
[2025-06-12T01:49:43.766+0000][9.446s][15903][15952][info ] Total time for which application threads were stopped: 0.0001226 seconds, Stopping threads took: 0.0000069 seconds
[2025-06-12T01:49:43.811+0000][9.492s][15903][15952][info ] Application time: 0.0452831 seconds
[2025-06-12T01:49:43.812+0000][9.492s][15903][15952][info ] Entering safepoint region: Deoptimize
[2025-06-12T01:49:43.812+0000][9.492s][15903][15952][info ] Leaving safepoint region
[2025-06-12T01:49:43.812+0000][9.492s][15903][15952][info ] Total time for which application threads were stopped: 0.0002031 seconds, Stopping threads took: 0.0000098 seconds
[2025-06-12T01:49:43.827+0000][9.507s][15903][15952][info ] Application time: 0.0155305 seconds
[2025-06-12T01:49:43.827+0000][9.507s][15903][15952][info ] Entering safepoint region: CollectForMetadataAllocation
[2025-06-12T01:49:43.829+0000][9.509s][15903][15952][info ] Leaving safepoint region
[2025-06-12T01:49:43.829+0000][9.509s][15903][15952][info ] Total time for which application threads were stopped: 0.0013985 seconds, Stopping threads took: 0.0000153 seconds
[2025-06-12T01:49:43.843+0000][9.523s][15903][15952][info ] Application time: 0.0145988 seconds
[2025-06-12T01:49:43.843+0000][9.524s][15903][15952][info ] Entering safepoint region: CollectForMetadataAllocation
[2025-06-12T01:49:43.845+0000][9.525s][15903][15952][info ] Leaving safepoint region
[2025-06-12T01:49:43.845+0000][9.525s][15903][15952][info ] Total time for which application threads were stopped: 0.0011944 seconds, Stopping threads took: 0.0000178 seconds
[2025-06-12T01:49:43.903+0000][9.583s][15903][15952][info ] Application time: 0.0587482 seconds
[2025-06-12T01:49:43.905+0000][9.585s][15903][15952][info ] Entering safepoint region: Deoptimize
[2025-06-12T01:49:43.905+0000][9.585s][15903][15952][info ] Leaving safepoint region
[2025-06-12T01:49:43.905+0000][9.585s][15903][15952][info ] Total time for which application threads were stopped: 0.0003582 seconds, Stopping threads took: 0.0000184 seconds
[2025-06-12T01:49:43.906+0000][9.586s][15903][15952][info ] Application time: 0.0009989 seconds
[2025-06-12T01:49:43.906+0000][9.586s][15903][15952][info ] Entering safepoint region: Deoptimize
[2025-06-12T01:49:43.906+0000][9.586s][15903][15952][info ] Leaving safepoint region
[2025-06-12T01:49:43.906+0000][9.586s][15903][15952][info ] Total time for which application threads were stopped: 0.0001573 seconds, Stopping threads took: 0.0000083 seconds
[2025-06-12T01:49:43.907+0000][9.587s][15903][15952][info ] Application time: 0.0010104 seconds
[2025-06-12T01:49:43.907+0000][9.587s][15903][15952][info ] Entering safepoint region: CollectForMetadataAllocation
[2025-06-12T01:49:43.907+0000][9.588s][15903][15952][info ] Leaving safepoint region
[2025-06-12T01:49:43.907+0000][9.588s][15903][15952][info ] Total time for which application threads were stopped: 0.0003604 seconds, Stopping threads took: 0.0000093 seconds
[2025-06-12T01:49:43.938+0000][9.618s][15903][15952][info ] Application time: 0.0305573 seconds
[2025-06-12T01:49:43.938+0000][9.618s][15903][15952][info ] Entering safepoint region: CollectForMetadataAllocation
[2025-06-12T01:49:43.938+0000][9.618s][15903][15952][info ] Leaving safepoint region
[2025-06-12T01:49:43.938+0000][9.618s][15903][15952][info ] Total time for which application threads were stopped: 0.0001519 seconds, Stopping threads took: 0.0000121 seconds
[2025-06-12T01:49:43.945+0000][9.626s][15903][15952][info ] Application time: 0.0072035 seconds
[2025-06-12T01:49:43.945+0000][9.626s][15903][15952][info ] Entering safepoint region: CollectForMetadataAllocation
[2025-06-12T01:49:43.947+0000][9.627s][15903][15952][info ] Leaving safepoint region
[2025-06-12T01:49:43.947+0000][9.627s][15903][15952][info ] Total time for which application threads were stopped: 0.0011016 seconds, Stopping threads took: 0.0000089 seconds
[2025-06-12T01:49:43.950+0000][9.630s][15903][15952][info ] Application time: 0.0036199 seconds
[2025-06-12T01:49:43.950+0000][9.630s][15903][15952][info ] Entering safepoint region: CollectForMetadataAllocation
[2025-06-12T01:49:43.951+0000][9.631s][15903][15952][info ] Leaving safepoint region
[2025-06-12T01:49:43.951+0000][9.632s][15903][15952][info ] Total time for which application threads were stopped: 0.0011904 seconds, Stopping threads took: 0.0000081 seconds
[2025-06-12T01:49:43.959+0000][9.639s][15903][15952][info ] Application time: 0.0074242 seconds
[2025-06-12T01:49:43.959+0000][9.639s][15903][15952][info ] Entering safepoint region: Deoptimize
[2025-06-12T01:49:43.959+0000][9.639s][15903][15952][info ] Leaving safepoint region
[2025-06-12T01:49:43.959+0000][9.639s][15903][15952][info ] Total time for which application threads were stopped: 0.0002939 seconds, Stopping threads took: 0.0000102 seconds
[2025-06-12T01:49:43.971+0000][9.651s][15903][15952][info ] Application time: 0.0119069 seconds
[2025-06-12T01:49:43.971+0000][9.651s][15903][15952][info ] Entering safepoint region: CollectForMetadataAllocation
[2025-06-12T01:49:43.972+0000][9.652s][15903][15952][info ] Leaving safepoint region
[2025-06-12T01:49:43.972+0000][9.652s][15903][15952][info ] Total time for which application threads were stopped: 0.0008713 seconds, Stopping threads took: 0.0000089 seconds
[2025-06-12T01:49:44.010+0000][9.690s][15903][15952][info ] Application time: 0.0376941 seconds
[2025-06-12T01:49:44.010+0000][9.690s][15903][15952][info ] Entering safepoint region: CollectForMetadataAllocation
[2025-06-12T01:49:44.010+0000][9.690s][15903][15952][info ] Leaving safepoint region
[2025-06-12T01:49:44.010+0000][9.690s][15903][15952][info ] Total time for which application threads were stopped: 0.0002550 seconds, Stopping threads took: 0.0000111 seconds
[2025-06-12T01:49:44.023+0000][9.704s][15903][15952][info ] Application time: 0.0135047 seconds
[2025-06-12T01:49:44.023+0000][9.704s][15903][15952][info ] Entering safepoint region: CollectForMetadataAllocation
[2025-06-12T01:49:44.024+0000][9.704s][15903][15952][info ] Leaving safepoint region
[2025-06-12T01:49:44.024+0000][9.704s][15903][15952][info ] Total time for which application threads were stopped: 0.0003521 seconds, Stopping threads took: 0.0000109 seconds
[2025-06-12T01:49:44.066+0000][9.746s][15903][15952][info ] Application time: 0.0419774 seconds
[2025-06-12T01:49:44.066+0000][9.746s][15903][15952][info ] Entering safepoint region: CollectForMetadataAllocation
[2025-06-12T01:49:44.067+0000][9.747s][15903][15952][info ] Leaving safepoint region
[2025-06-12T01:49:44.067+0000][9.747s][15903][15952][info ] Total time for which application threads were stopped: 0.0006914 seconds, Stopping threads took: 0.0000096 seconds
[2025-06-12T01:49:44.075+0000][9.755s][15903][15952][info ] Application time: 0.0080398 seconds
[2025-06-12T01:49:44.075+0000][9.755s][15903][15952][info ] Entering safepoint region: CollectForMetadataAllocation
[2025-06-12T01:49:44.075+0000][9.756s][15903][15952][info ] Leaving safepoint region
[2025-06-12T01:49:44.076+0000][9.756s][15903][15952][info ] Total time for which application threads were stopped: 0.0008776 seconds, Stopping threads took: 0.0000103 seconds
[2025-06-12T01:49:44.091+0000][9.771s][15903][15952][info ] Application time: 0.0158047 seconds
[2025-06-12T01:49:44.091+0000][9.772s][15903][15952][info ] Entering safepoint region: CollectForMetadataAllocation
[2025-06-12T01:49:44.092+0000][9.772s][15903][15952][info ] Leaving safepoint region
[2025-06-12T01:49:44.092+0000][9.772s][15903][15952][info ] Total time for which application threads were stopped: 0.0003101 seconds, Stopping threads took: 0.0000186 seconds
[2025-06-12T01:49:44.124+0000][9.805s][15903][15952][info ] Application time: 0.0327967 seconds
[2025-06-12T01:49:44.125+0000][9.805s][15903][15952][info ] Entering safepoint region: CollectForMetadataAllocation
[2025-06-12T01:49:44.125+0000][9.805s][15903][15952][info ] Leaving safepoint region
[2025-06-12T01:49:44.125+0000][9.805s][15903][15952][info ] Total time for which application threads were stopped: 0.0005894 seconds, Stopping threads took: 0.0000110 seconds
[2025-06-12T01:49:44.166+0000][9.846s][15903][15952][info ] Application time: 0.0408098 seconds
[2025-06-12T01:49:44.166+0000][9.846s][15903][15952][info ] Entering safepoint region: CollectForMetadataAllocation
[2025-06-12T01:49:44.166+0000][9.846s][15903][15952][info ] Leaving safepoint region
[2025-06-12T01:49:44.166+0000][9.846s][15903][15952][info ] Total time for which application threads were stopped: 0.0001493 seconds, Stopping threads took: 0.0000109 seconds
[2025-06-12T01:49:44.216+0000][9.896s][15903][15952][info ] Application time: 0.0499179 seconds
[2025-06-12T01:49:44.216+0000][9.896s][15903][15952][info ] Entering safepoint region: CollectForMetadataAllocation
[2025-06-12T01:49:44.217+0000][9.897s][15903][15952][info ] Leaving safepoint region
[2025-06-12T01:49:44.217+0000][9.897s][15903][15952][info ] Total time for which application threads were stopped: 0.0004710 seconds, Stopping threads took: 0.0000138 seconds
[2025-06-12T01:49:44.303+0000][9.983s][15903][15952][info ] Application time: 0.0861910 seconds
[2025-06-12T01:49:44.303+0000][9.983s][15903][15952][info ] Entering safepoint region: CollectForMetadataAllocation
[2025-06-12T01:49:44.304+0000][9.984s][15903][15952][info ] Leaving safepoint region
[2025-06-12T01:49:44.304+0000][9.984s][15903][15952][info ] Total time for which application threads were stopped: 0.0011790 seconds, Stopping threads took: 0.0000122 seconds
[2025-06-12T01:49:44.335+0000][10.015s][15903][15952][info ] Application time: 0.0307140 seconds
[2025-06-12T01:49:44.335+0000][10.015s][15903][15952][info ] Entering safepoint region: CollectForMetadataAllocation
[2025-06-12T01:49:44.335+0000][10.015s][15903][15952][info ] Leaving safepoint region
[2025-06-12T01:49:44.335+0000][10.015s][15903][15952][info ] Total time for which application threads were stopped: 0.0005043 seconds, Stopping threads took: 0.0000117 seconds
[2025-06-12T01:49:44.371+0000][10.052s][15903][15952][info ] Application time: 0.0361652 seconds
[2025-06-12T01:49:44.372+0000][10.052s][15903][15952][info ] Entering safepoint region: CollectForMetadataAllocation
[2025-06-12T01:49:44.373+0000][10.053s][15903][15952][info ] Leaving safepoint region
[2025-06-12T01:49:44.373+0000][10.053s][15903][15952][info ] Total time for which application threads were stopped: 0.0013781 seconds, Stopping threads took: 0.0001963 seconds
[2025-06-12T01:49:44.492+0000][10.173s][15903][15952][info ] Application time: 0.1196182 seconds
[2025-06-12T01:49:44.493+0000][10.173s][15903][15952][info ] Entering safepoint region: CollectForMetadataAllocation
[2025-06-12T01:49:44.493+0000][10.173s][15903][15952][info ] Leaving safepoint region
[2025-06-12T01:49:44.493+0000][10.173s][15903][15952][info ] Total time for which application threads were stopped: 0.0007462 seconds, Stopping threads took: 0.0003649 seconds
[2025-06-12T01:49:44.503+0000][10.183s][15903][15952][info ] Application time: 0.0098965 seconds
[2025-06-12T01:49:44.503+0000][10.183s][15903][15952][info ] Entering safepoint region: CollectForMetadataAllocation
[2025-06-12T01:49:44.504+0000][10.185s][15903][15952][info ] Leaving safepoint region
[2025-06-12T01:49:44.504+0000][10.185s][15903][15952][info ] Total time for which application threads were stopped: 0.0012723 seconds, Stopping threads took: 0.0001517 seconds
[2025-06-12T01:49:44.555+0000][10.235s][15903][15952][info ] Application time: 0.0503078 seconds
[2025-06-12T01:49:44.555+0000][10.235s][15903][15952][info ] Entering safepoint region: CollectForMetadataAllocation
[2025-06-12T01:49:44.555+0000][10.235s][15903][15952][info ] Leaving safepoint region
[2025-06-12T01:49:44.555+0000][10.235s][15903][15952][info ] Total time for which application threads were stopped: 0.0005084 seconds, Stopping threads took: 0.0000171 seconds
[2025-06-12T01:49:44.595+0000][10.275s][15903][15952][info ] Application time: 0.0398327 seconds
[2025-06-12T01:49:44.596+0000][10.276s][15903][15952][info ] Entering safepoint region: CollectForMetadataAllocation
[2025-06-12T01:49:44.596+0000][10.276s][15903][15952][info ] Leaving safepoint region
[2025-06-12T01:49:44.596+0000][10.276s][15903][15952][info ] Total time for which application threads were stopped: 0.0005519 seconds, Stopping threads took: 0.0003457 seconds
[2025-06-12T01:49:44.636+0000][10.317s][15903][15952][info ] Application time: 0.0406871 seconds
[2025-06-12T01:49:44.637+0000][10.317s][15903][15952][info ] Entering safepoint region: CollectForMetadataAllocation
[2025-06-12T01:49:44.637+0000][10.318s][15903][15952][info ] Leaving safepoint region
[2025-06-12T01:49:44.637+0000][10.318s][15903][15952][info ] Total time for which application threads were stopped: 0.0009805 seconds, Stopping threads took: 0.0000324 seconds
[2025-06-12T01:49:44.663+0000][10.343s][15903][15952][info ] Application time: 0.0252224 seconds
[2025-06-12T01:49:44.663+0000][10.343s][15903][15952][info ] Entering safepoint region: CollectForMetadataAllocation
[2025-06-12T01:49:44.663+0000][10.343s][15903][15952][info ] Leaving safepoint region
[2025-06-12T01:49:44.663+0000][10.343s][15903][15952][info ] Total time for which application threads were stopped: 0.0003353 seconds, Stopping threads took: 0.0000535 seconds
[2025-06-12T01:49:44.672+0000][10.352s][15903][15952][info ] Application time: 0.0086873 seconds
[2025-06-12T01:49:44.672+0000][10.352s][15903][15952][info ] Entering safepoint region: Deoptimize
[2025-06-12T01:49:44.672+0000][10.352s][15903][15952][info ] Leaving safepoint region
[2025-06-12T01:49:44.672+0000][10.352s][15903][15952][info ] Total time for which application threads were stopped: 0.0003461 seconds, Stopping threads took: 0.0000169 seconds
[2025-06-12T01:49:44.688+0000][10.368s][15903][15952][info ] Application time: 0.0155281 seconds
[2025-06-12T01:49:44.688+0000][10.368s][15903][15952][info ] Entering safepoint region: Deoptimize
[2025-06-12T01:49:44.688+0000][10.368s][15903][15952][info ] Leaving safepoint region
[2025-06-12T01:49:44.688+0000][10.368s][15903][15952][info ] Total time for which application threads were stopped: 0.0003261 seconds, Stopping threads took: 0.0000145 seconds
[2025-06-12T01:49:44.689+0000][10.369s][15903][15952][info ] Application time: 0.0012704 seconds
[2025-06-12T01:49:44.690+0000][10.370s][15903][15952][info ] Entering safepoint region: CollectForMetadataAllocation
[2025-06-12T01:49:44.690+0000][10.370s][15903][15952][info ] Leaving safepoint region
[2025-06-12T01:49:44.690+0000][10.370s][15903][15952][info ] Total time for which application threads were stopped: 0.0003767 seconds, Stopping threads took: 0.0001498 seconds
[2025-06-12T01:49:44.709+0000][10.389s][15903][15952][info ] Application time: 0.0194602 seconds
[2025-06-12T01:49:44.709+0000][10.390s][15903][15952][info ] Entering safepoint region: CollectForMetadataAllocation
[2025-06-12T01:49:44.710+0000][10.390s][15903][15952][info ] Leaving safepoint region
[2025-06-12T01:49:44.710+0000][10.390s][15903][15952][info ] Total time for which application threads were stopped: 0.0007280 seconds, Stopping threads took: 0.0001543 seconds
[2025-06-12T01:49:44.721+0000][10.401s][15903][15952][info ] Application time: 0.0105230 seconds
[2025-06-12T01:49:44.721+0000][10.401s][15903][15952][info ] Entering safepoint region: CollectForMetadataAllocation
[2025-06-12T01:49:44.722+0000][10.402s][15903][15952][info ] Leaving safepoint region
[2025-06-12T01:49:44.722+0000][10.402s][15903][15952][info ] Total time for which application threads were stopped: 0.0009970 seconds, Stopping threads took: 0.0000608 seconds
[2025-06-12T01:49:44.730+0000][10.410s][15903][15952][info ] Application time: 0.0082687 seconds
[2025-06-12T01:49:44.730+0000][10.410s][15903][15952][info ] Entering safepoint region: CollectForMetadataAllocation
[2025-06-12T01:49:44.731+0000][10.411s][15903][15952][info ] Leaving safepoint region
[2025-06-12T01:49:44.731+0000][10.411s][15903][15952][info ] Total time for which application threads were stopped: 0.0008714 seconds, Stopping threads took: 0.0000464 seconds
[2025-06-12T01:49:44.742+0000][10.422s][15903][15951][trace] CMS: promo attempt is safe: available(6912212992) >= av_promo(0), max_promo(429505616)
[2025-06-12T01:49:44.742+0000][10.422s][15903][15911][info ] Heap
[2025-06-12T01:49:44.742+0000][10.422s][15903][15911][info ]  par new generation   total 1474560K, used 419439K [0x0000000600000000, 0x0000000664000000, 0x0000000664000000)
[2025-06-12T01:49:44.742+0000][10.422s][15903][15911][info ]   eden space 1310720K,  32% used [0x0000000600000000, 0x000000061999bc50, 0x0000000650000000)
[2025-06-12T01:49:44.742+0000][10.422s][15903][15911][info ]   from space 163840K,   0% used [0x0000000650000000, 0x0000000650000000, 0x000000065a000000)
[2025-06-12T01:49:44.742+0000][10.422s][15903][15911][info ]   to   space 163840K,   0% used [0x000000065a000000, 0x000000065a000000, 0x0000000664000000)
[2025-06-12T01:49:44.742+0000][10.422s][15903][15911][info ]  concurrent mark-sweep generation total 6750208K, used 0K [0x0000000664000000, 0x0000000800000000, 0x0000000800000000)
[2025-06-12T01:49:44.742+0000][10.422s][15903][15911][info ]  Metaspace       used 33158K, capacity 33681K, committed 34092K, reserved 1079296K
[2025-06-12T01:49:44.742+0000][10.422s][15903][15911][info ]   class space    used 3434K, capacity 3643K, committed 3704K, reserved 1048576K
[2025-06-12T01:49:44.742+0000][10.422s][15903][15911][debug] Accumulated young generation GC time 0.0000000 secs, 0 GC's, avg GC time 0.0000000
[2025-06-12T01:49:44.742+0000][10.422s][15903][15911][debug] Accumulated old generation GC time 0.0000000 secs, 0 GC's, avg GC time 0.0000000
[2025-06-12T01:49:44.742+0000][10.422s][15903][15952][info ] Application time: 0.0113383 seconds
[2025-06-12T01:49:44.743+0000][10.423s][15903][15952][info ] Entering safepoint region: Exit
