[2025-06-16T00:11:22.331+0000][0.009s][915][920][debug] Minimum heap 8589934592  Initial heap 8589934592  Maximum heap 8589934592
[2025-06-16T00:11:22.331+0000][0.009s][915][920][trace] 1: Minimum young 1677721600  Initial young 1677721600  Maximum young 1677721600
[2025-06-16T00:11:22.331+0000][0.009s][915][920][trace] Minimum old 65536  Initial old 6912212992  Maximum old 6912212992
[2025-06-16T00:11:22.332+0000][0.009s][915][920][trace] Trying to allocate at address 0x0000000600000000 heap of size 0x200000000
[2025-06-16T00:11:32.445+0000][10.123s][915][920][info ] Using Concurrent Mark Sweep
[2025-06-16T00:11:32.446+0000][10.124s][915][920][info ] Heap address: 0x0000000600000000, size: 8192 MB, Compressed Oops mode: Zero based, Oop shift amount: 3
[2025-06-16T00:11:33.146+0000][10.824s][915][941][info ] Application time: 0.2790047 seconds
[2025-06-16T00:11:33.146+0000][10.824s][915][941][info ] Entering safepoint region: Deoptimize
[2025-06-16T00:11:33.146+0000][10.824s][915][941][info ] Leaving safepoint region
[2025-06-16T00:11:33.146+0000][10.824s][915][941][info ] Total time for which application threads were stopped: 0.0002069 seconds, Stopping threads took: 0.0000172 seconds
[2025-06-16T00:11:33.158+0000][10.835s][915][941][info ] Application time: 0.0116823 seconds
[2025-06-16T00:11:33.158+0000][10.836s][915][941][info ] Entering safepoint region: Deoptimize
[2025-06-16T00:11:33.158+0000][10.836s][915][941][info ] Leaving safepoint region
[2025-06-16T00:11:33.158+0000][10.836s][915][941][info ] Total time for which application threads were stopped: 0.0001183 seconds, Stopping threads took: 0.0000185 seconds
[2025-06-16T00:11:33.241+0000][10.919s][915][941][info ] Application time: 0.0831777 seconds
[2025-06-16T00:11:33.241+0000][10.919s][915][941][info ] Entering safepoint region: Deoptimize
[2025-06-16T00:11:33.242+0000][10.919s][915][941][info ] Leaving safepoint region
[2025-06-16T00:11:33.242+0000][10.919s][915][941][info ] Total time for which application threads were stopped: 0.0001400 seconds, Stopping threads took: 0.0000178 seconds
[2025-06-16T00:11:34.242+0000][11.919s][915][941][info ] Application time: 1.0000801 seconds
[2025-06-16T00:11:34.242+0000][11.919s][915][941][info ] Entering safepoint region: Cleanup
[2025-06-16T00:11:34.242+0000][11.919s][915][941][info ] Leaving safepoint region
[2025-06-16T00:11:34.242+0000][11.919s][915][941][info ] Total time for which application threads were stopped: 0.0002663 seconds, Stopping threads took: 0.0000570 seconds
[2025-06-16T00:11:34.835+0000][12.513s][915][941][info ] Application time: 0.5930875 seconds
[2025-06-16T00:11:34.835+0000][12.513s][915][941][info ] Entering safepoint region: Deoptimize
[2025-06-16T00:11:34.836+0000][12.513s][915][941][info ] Leaving safepoint region
[2025-06-16T00:11:34.836+0000][12.513s][915][941][info ] Total time for which application threads were stopped: 0.0004341 seconds, Stopping threads took: 0.0000158 seconds
[2025-06-16T00:11:34.855+0000][12.532s][915][941][info ] Application time: 0.0192510 seconds
[2025-06-16T00:11:34.855+0000][12.532s][915][941][info ] Entering safepoint region: CollectForMetadataAllocation
[2025-06-16T00:11:34.856+0000][12.533s][915][941][info ] Leaving safepoint region
[2025-06-16T00:11:34.856+0000][12.533s][915][941][info ] Total time for which application threads were stopped: 0.0011334 seconds, Stopping threads took: 0.0000117 seconds
[2025-06-16T00:11:34.927+0000][12.604s][915][941][info ] Application time: 0.0706560 seconds
[2025-06-16T00:11:34.930+0000][12.608s][915][941][info ] Entering safepoint region: CollectForMetadataAllocation
[2025-06-16T00:11:34.931+0000][12.608s][915][941][info ] Leaving safepoint region
[2025-06-16T00:11:34.931+0000][12.608s][915][941][info ] Total time for which application threads were stopped: 0.0003391 seconds, Stopping threads took: 0.0000453 seconds
[2025-06-16T00:11:34.936+0000][12.613s][915][941][info ] Application time: 0.0050258 seconds
[2025-06-16T00:11:34.936+0000][12.613s][915][941][info ] Entering safepoint region: Deoptimize
[2025-06-16T00:11:34.936+0000][12.613s][915][941][info ] Leaving safepoint region
[2025-06-16T00:11:34.936+0000][12.614s][915][941][info ] Total time for which application threads were stopped: 0.0002762 seconds, Stopping threads took: 0.0000112 seconds
[2025-06-16T00:11:34.963+0000][12.641s][915][941][info ] Application time: 0.0270976 seconds
[2025-06-16T00:11:34.963+0000][12.641s][915][941][info ] Entering safepoint region: Deoptimize
[2025-06-16T00:11:34.963+0000][12.641s][915][941][info ] Leaving safepoint region
[2025-06-16T00:11:34.963+0000][12.641s][915][941][info ] Total time for which application threads were stopped: 0.0002627 seconds, Stopping threads took: 0.0000135 seconds
[2025-06-16T00:11:34.969+0000][12.646s][915][941][info ] Application time: 0.0051784 seconds
[2025-06-16T00:11:34.969+0000][12.646s][915][941][info ] Entering safepoint region: CollectForMetadataAllocation
[2025-06-16T00:11:34.969+0000][12.646s][915][941][info ] Leaving safepoint region
[2025-06-16T00:11:34.969+0000][12.646s][915][941][info ] Total time for which application threads were stopped: 0.0002506 seconds, Stopping threads took: 0.0000108 seconds
[2025-06-16T00:11:35.017+0000][12.694s][915][941][info ] Application time: 0.0477284 seconds
[2025-06-16T00:11:35.017+0000][12.694s][915][941][info ] Entering safepoint region: CollectForMetadataAllocation
[2025-06-16T00:11:35.020+0000][12.698s][915][941][info ] Leaving safepoint region
[2025-06-16T00:11:35.020+0000][12.698s][915][941][info ] Total time for which application threads were stopped: 0.0035604 seconds, Stopping threads took: 0.0000212 seconds
[2025-06-16T00:11:35.102+0000][12.779s][915][941][info ] Application time: 0.0815661 seconds
[2025-06-16T00:11:35.102+0000][12.779s][915][941][info ] Entering safepoint region: CollectForMetadataAllocation
[2025-06-16T00:11:35.103+0000][12.781s][915][941][info ] Leaving safepoint region
[2025-06-16T00:11:35.104+0000][12.781s][915][941][info ] Total time for which application threads were stopped: 0.0015243 seconds, Stopping threads took: 0.0000130 seconds
[2025-06-16T00:11:35.249+0000][12.927s][915][941][info ] Application time: 0.1457013 seconds
[2025-06-16T00:11:35.249+0000][12.927s][915][941][info ] Entering safepoint region: CollectForMetadataAllocation
[2025-06-16T00:11:35.251+0000][12.928s][915][941][info ] Leaving safepoint region
[2025-06-16T00:11:35.251+0000][12.929s][915][941][info ] Total time for which application threads were stopped: 0.0017369 seconds, Stopping threads took: 0.0000144 seconds
[2025-06-16T00:11:35.415+0000][13.093s][915][941][info ] Application time: 0.1641612 seconds
[2025-06-16T00:11:35.415+0000][13.093s][915][941][info ] Entering safepoint region: Deoptimize
[2025-06-16T00:11:35.416+0000][13.093s][915][941][info ] Leaving safepoint region
[2025-06-16T00:11:35.416+0000][13.093s][915][941][info ] Total time for which application threads were stopped: 0.0004475 seconds, Stopping threads took: 0.0000216 seconds
[2025-06-16T00:11:35.527+0000][13.205s][915][941][info ] Application time: 0.1113161 seconds
[2025-06-16T00:11:35.528+0000][13.205s][915][941][info ] Entering safepoint region: CollectForMetadataAllocation
[2025-06-16T00:11:35.528+0000][13.205s][915][941][info ] Leaving safepoint region
[2025-06-16T00:11:35.528+0000][13.205s][915][941][info ] Total time for which application threads were stopped: 0.0002711 seconds, Stopping threads took: 0.0000181 seconds
[2025-06-16T00:11:35.528+0000][13.205s][915][941][info ] Application time: 0.0001075 seconds
[2025-06-16T00:11:35.528+0000][13.205s][915][941][info ] Entering safepoint region: CollectForMetadataAllocation
[2025-06-16T00:11:35.528+0000][13.205s][915][941][info ] Leaving safepoint region
[2025-06-16T00:11:35.528+0000][13.205s][915][941][info ] Total time for which application threads were stopped: 0.0000250 seconds, Stopping threads took: 0.0000077 seconds
[2025-06-16T00:11:35.568+0000][13.245s][915][941][info ] Application time: 0.0396176 seconds
[2025-06-16T00:11:35.568+0000][13.245s][915][941][info ] Entering safepoint region: CollectForMetadataAllocation
[2025-06-16T00:11:35.568+0000][13.245s][915][941][info ] Leaving safepoint region
[2025-06-16T00:11:35.568+0000][13.245s][915][941][info ] Total time for which application threads were stopped: 0.0002513 seconds, Stopping threads took: 0.0000141 seconds
[2025-06-16T00:11:35.598+0000][13.276s][915][941][info ] Application time: 0.0302931 seconds
[2025-06-16T00:11:35.598+0000][13.276s][915][941][info ] Entering safepoint region: CollectForMetadataAllocation
[2025-06-16T00:11:35.599+0000][13.276s][915][941][info ] Leaving safepoint region
[2025-06-16T00:11:35.599+0000][13.276s][915][941][info ] Total time for which application threads were stopped: 0.0006752 seconds, Stopping threads took: 0.0000126 seconds
[2025-06-16T00:11:35.660+0000][13.338s][915][941][info ] Application time: 0.0614173 seconds
[2025-06-16T00:11:35.660+0000][13.338s][915][941][info ] Entering safepoint region: CollectForMetadataAllocation
[2025-06-16T00:11:35.662+0000][13.340s][915][941][info ] Leaving safepoint region
[2025-06-16T00:11:35.662+0000][13.340s][915][941][info ] Total time for which application threads were stopped: 0.0020365 seconds, Stopping threads took: 0.0000129 seconds
[2025-06-16T00:11:35.677+0000][13.355s][915][941][info ] Application time: 0.0147751 seconds
[2025-06-16T00:11:35.677+0000][13.355s][915][941][info ] Entering safepoint region: Deoptimize
[2025-06-16T00:11:35.678+0000][13.355s][915][941][info ] Leaving safepoint region
[2025-06-16T00:11:35.678+0000][13.355s][915][941][info ] Total time for which application threads were stopped: 0.0002966 seconds, Stopping threads took: 0.0000110 seconds
[2025-06-16T00:11:35.693+0000][13.370s][915][941][info ] Application time: 0.0151905 seconds
[2025-06-16T00:11:35.693+0000][13.370s][915][941][info ] Entering safepoint region: Deoptimize
[2025-06-16T00:11:35.693+0000][13.371s][915][941][info ] Leaving safepoint region
[2025-06-16T00:11:35.693+0000][13.371s][915][941][info ] Total time for which application threads were stopped: 0.0002985 seconds, Stopping threads took: 0.0000126 seconds
[2025-06-16T00:11:35.695+0000][13.372s][915][941][info ] Application time: 0.0016336 seconds
[2025-06-16T00:11:35.695+0000][13.372s][915][941][info ] Entering safepoint region: Deoptimize
[2025-06-16T00:11:35.695+0000][13.373s][915][941][info ] Leaving safepoint region
[2025-06-16T00:11:35.695+0000][13.373s][915][941][info ] Total time for which application threads were stopped: 0.0002409 seconds, Stopping threads took: 0.0000092 seconds
[2025-06-16T00:11:35.722+0000][13.400s][915][941][info ] Application time: 0.0269633 seconds
[2025-06-16T00:11:35.722+0000][13.400s][915][941][info ] Entering safepoint region: CollectForMetadataAllocation
[2025-06-16T00:11:35.724+0000][13.402s][915][941][info ] Leaving safepoint region
[2025-06-16T00:11:35.724+0000][13.402s][915][941][info ] Total time for which application threads were stopped: 0.0022530 seconds, Stopping threads took: 0.0000352 seconds
[2025-06-16T00:11:35.846+0000][13.524s][915][941][info ] Application time: 0.1218840 seconds
[2025-06-16T00:11:35.846+0000][13.524s][915][941][info ] Entering safepoint region: CollectForMetadataAllocation
[2025-06-16T00:11:35.848+0000][13.526s][915][941][info ] Leaving safepoint region
[2025-06-16T00:11:35.848+0000][13.526s][915][941][info ] Total time for which application threads were stopped: 0.0019215 seconds, Stopping threads took: 0.0000332 seconds
[2025-06-16T00:11:35.850+0000][13.527s][915][941][info ] Application time: 0.0014745 seconds
[2025-06-16T00:11:35.850+0000][13.527s][915][941][info ] Entering safepoint region: Deoptimize
[2025-06-16T00:11:35.850+0000][13.528s][915][941][info ] Leaving safepoint region
[2025-06-16T00:11:35.850+0000][13.528s][915][941][info ] Total time for which application threads were stopped: 0.0003121 seconds, Stopping threads took: 0.0000166 seconds
[2025-06-16T00:11:35.903+0000][13.580s][915][941][info ] Application time: 0.0526978 seconds
[2025-06-16T00:11:35.903+0000][13.580s][915][941][info ] Entering safepoint region: CollectForMetadataAllocation
[2025-06-16T00:11:35.904+0000][13.582s][915][941][info ] Leaving safepoint region
[2025-06-16T00:11:35.904+0000][13.582s][915][941][info ] Total time for which application threads were stopped: 0.0013946 seconds, Stopping threads took: 0.0000201 seconds
[2025-06-16T00:11:35.945+0000][13.622s][915][941][info ] Application time: 0.0405851 seconds
[2025-06-16T00:11:35.945+0000][13.622s][915][941][info ] Entering safepoint region: Deoptimize
[2025-06-16T00:11:35.945+0000][13.623s][915][941][info ] Leaving safepoint region
[2025-06-16T00:11:35.945+0000][13.623s][915][941][info ] Total time for which application threads were stopped: 0.0003099 seconds, Stopping threads took: 0.0000132 seconds
[2025-06-16T00:11:35.961+0000][13.639s][915][941][info ] Application time: 0.0157631 seconds
[2025-06-16T00:11:35.961+0000][13.639s][915][941][info ] Entering safepoint region: CollectForMetadataAllocation
[2025-06-16T00:11:35.961+0000][13.639s][915][941][info ] Leaving safepoint region
[2025-06-16T00:11:35.961+0000][13.639s][915][941][info ] Total time for which application threads were stopped: 0.0002101 seconds, Stopping threads took: 0.0000119 seconds
[2025-06-16T00:11:35.987+0000][13.665s][915][941][info ] Application time: 0.0258653 seconds
[2025-06-16T00:11:35.987+0000][13.665s][915][941][info ] Entering safepoint region: CollectForMetadataAllocation
[2025-06-16T00:11:35.989+0000][13.666s][915][941][info ] Leaving safepoint region
[2025-06-16T00:11:35.989+0000][13.666s][915][941][info ] Total time for which application threads were stopped: 0.0016509 seconds, Stopping threads took: 0.0000454 seconds
[2025-06-16T00:11:35.995+0000][13.673s][915][941][info ] Application time: 0.0063197 seconds
[2025-06-16T00:11:35.995+0000][13.673s][915][941][info ] Entering safepoint region: CollectForMetadataAllocation
[2025-06-16T00:11:35.997+0000][13.674s][915][941][info ] Leaving safepoint region
[2025-06-16T00:11:35.997+0000][13.674s][915][941][info ] Total time for which application threads were stopped: 0.0016553 seconds, Stopping threads took: 0.0000140 seconds
[2025-06-16T00:11:36.047+0000][13.724s][915][941][info ] Application time: 0.0496786 seconds
[2025-06-16T00:11:36.047+0000][13.724s][915][941][info ] Entering safepoint region: CollectForMetadataAllocation
[2025-06-16T00:11:36.048+0000][13.726s][915][941][info ] Leaving safepoint region
[2025-06-16T00:11:36.048+0000][13.726s][915][941][info ] Total time for which application threads were stopped: 0.0014151 seconds, Stopping threads took: 0.0000142 seconds
[2025-06-16T00:11:36.057+0000][13.734s][915][941][info ] Application time: 0.0084735 seconds
[2025-06-16T00:11:36.057+0000][13.734s][915][941][info ] Entering safepoint region: Deoptimize
[2025-06-16T00:11:36.057+0000][13.734s][915][941][info ] Leaving safepoint region
[2025-06-16T00:11:36.057+0000][13.734s][915][941][info ] Total time for which application threads were stopped: 0.0003071 seconds, Stopping threads took: 0.0000111 seconds
[2025-06-16T00:11:36.061+0000][13.738s][915][941][info ] Application time: 0.0038964 seconds
[2025-06-16T00:11:36.061+0000][13.738s][915][941][info ] Entering safepoint region: CollectForMetadataAllocation
[2025-06-16T00:11:36.062+0000][13.740s][915][941][info ] Leaving safepoint region
[2025-06-16T00:11:36.062+0000][13.740s][915][941][info ] Total time for which application threads were stopped: 0.0013247 seconds, Stopping threads took: 0.0000100 seconds
[2025-06-16T00:11:36.081+0000][13.759s][915][941][info ] Application time: 0.0191097 seconds
[2025-06-16T00:11:36.081+0000][13.759s][915][941][info ] Entering safepoint region: CollectForMetadataAllocation
[2025-06-16T00:11:36.082+0000][13.759s][915][941][info ] Leaving safepoint region
[2025-06-16T00:11:36.082+0000][13.759s][915][941][info ] Total time for which application threads were stopped: 0.0002497 seconds, Stopping threads took: 0.0000129 seconds
[2025-06-16T00:11:36.105+0000][13.782s][915][941][info ] Application time: 0.0233429 seconds
[2025-06-16T00:11:36.105+0000][13.783s][915][941][info ] Entering safepoint region: CollectForMetadataAllocation
[2025-06-16T00:11:36.106+0000][13.784s][915][941][info ] Leaving safepoint region
[2025-06-16T00:11:36.106+0000][13.784s][915][941][info ] Total time for which application threads were stopped: 0.0013465 seconds, Stopping threads took: 0.0000139 seconds
[2025-06-16T00:11:36.133+0000][13.811s][915][941][info ] Application time: 0.0266443 seconds
[2025-06-16T00:11:36.133+0000][13.811s][915][941][info ] Entering safepoint region: CollectForMetadataAllocation
[2025-06-16T00:11:36.134+0000][13.812s][915][941][info ] Leaving safepoint region
[2025-06-16T00:11:36.134+0000][13.812s][915][941][info ] Total time for which application threads were stopped: 0.0013088 seconds, Stopping threads took: 0.0000120 seconds
[2025-06-16T00:11:36.188+0000][13.866s][915][941][info ] Application time: 0.0536994 seconds
[2025-06-16T00:11:36.188+0000][13.866s][915][941][info ] Entering safepoint region: CollectForMetadataAllocation
[2025-06-16T00:11:36.191+0000][13.868s][915][941][info ] Leaving safepoint region
[2025-06-16T00:11:36.191+0000][13.868s][915][941][info ] Total time for which application threads were stopped: 0.0025370 seconds, Stopping threads took: 0.0000161 seconds
[2025-06-16T00:11:36.200+0000][13.877s][915][941][info ] Application time: 0.0088897 seconds
[2025-06-16T00:11:36.200+0000][13.877s][915][941][info ] Entering safepoint region: CollectForMetadataAllocation
[2025-06-16T00:11:36.201+0000][13.879s][915][941][info ] Leaving safepoint region
[2025-06-16T00:11:36.201+0000][13.879s][915][941][info ] Total time for which application threads were stopped: 0.0018450 seconds, Stopping threads took: 0.0000140 seconds
[2025-06-16T00:11:36.235+0000][13.913s][915][941][info ] Application time: 0.0339820 seconds
[2025-06-16T00:11:36.236+0000][13.913s][915][941][info ] Entering safepoint region: CollectForMetadataAllocation
[2025-06-16T00:11:36.236+0000][13.913s][915][941][info ] Leaving safepoint region
[2025-06-16T00:11:36.236+0000][13.913s][915][941][info ] Total time for which application threads were stopped: 0.0003004 seconds, Stopping threads took: 0.0000250 seconds
[2025-06-16T00:11:36.288+0000][13.966s][915][941][info ] Application time: 0.0525647 seconds
[2025-06-16T00:11:36.289+0000][13.966s][915][941][info ] Entering safepoint region: CollectForMetadataAllocation
[2025-06-16T00:11:36.290+0000][13.968s][915][941][info ] Leaving safepoint region
[2025-06-16T00:11:36.290+0000][13.968s][915][941][info ] Total time for which application threads were stopped: 0.0018004 seconds, Stopping threads took: 0.0000265 seconds
[2025-06-16T00:11:36.329+0000][14.006s][915][941][info ] Application time: 0.0383654 seconds
[2025-06-16T00:11:36.329+0000][14.006s][915][941][info ] Entering safepoint region: CollectForMetadataAllocation
[2025-06-16T00:11:36.330+0000][14.007s][915][941][info ] Leaving safepoint region
[2025-06-16T00:11:36.330+0000][14.007s][915][941][info ] Total time for which application threads were stopped: 0.0010295 seconds, Stopping threads took: 0.0000174 seconds
[2025-06-16T00:11:36.457+0000][14.135s][915][941][info ] Application time: 0.1275714 seconds
[2025-06-16T00:11:36.457+0000][14.135s][915][941][info ] Entering safepoint region: CollectForMetadataAllocation
[2025-06-16T00:11:36.458+0000][14.135s][915][941][info ] Leaving safepoint region
[2025-06-16T00:11:36.458+0000][14.135s][915][941][info ] Total time for which application threads were stopped: 0.0002245 seconds, Stopping threads took: 0.0000185 seconds
[2025-06-16T00:11:36.491+0000][14.168s][915][941][info ] Application time: 0.0332135 seconds
[2025-06-16T00:11:36.491+0000][14.168s][915][941][info ] Entering safepoint region: CollectForMetadataAllocation
[2025-06-16T00:11:36.492+0000][14.170s][915][941][info ] Leaving safepoint region
[2025-06-16T00:11:36.492+0000][14.170s][915][941][info ] Total time for which application threads were stopped: 0.0011056 seconds, Stopping threads took: 0.0000174 seconds
[2025-06-16T00:11:36.519+0000][14.197s][915][941][info ] Application time: 0.0273859 seconds
[2025-06-16T00:11:36.519+0000][14.197s][915][941][info ] Entering safepoint region: CollectForMetadataAllocation
[2025-06-16T00:11:36.521+0000][14.198s][915][941][info ] Leaving safepoint region
[2025-06-16T00:11:36.521+0000][14.198s][915][941][info ] Total time for which application threads were stopped: 0.0011134 seconds, Stopping threads took: 0.0000269 seconds
[2025-06-16T00:11:36.566+0000][14.243s][915][941][info ] Application time: 0.0450681 seconds
[2025-06-16T00:11:36.566+0000][14.244s][915][941][info ] Entering safepoint region: CollectForMetadataAllocation
[2025-06-16T00:11:36.567+0000][14.245s][915][941][info ] Leaving safepoint region
[2025-06-16T00:11:36.567+0000][14.245s][915][941][info ] Total time for which application threads were stopped: 0.0014286 seconds, Stopping threads took: 0.0003833 seconds
[2025-06-16T00:11:36.661+0000][14.338s][915][941][info ] Application time: 0.0935960 seconds
[2025-06-16T00:11:36.661+0000][14.338s][915][941][info ] Entering safepoint region: CollectForMetadataAllocation
[2025-06-16T00:11:36.662+0000][14.339s][915][941][info ] Leaving safepoint region
[2025-06-16T00:11:36.662+0000][14.339s][915][941][info ] Total time for which application threads were stopped: 0.0011132 seconds, Stopping threads took: 0.0000353 seconds
[2025-06-16T00:11:36.704+0000][14.382s][915][941][info ] Application time: 0.0422072 seconds
[2025-06-16T00:11:36.705+0000][14.383s][915][941][info ] Entering safepoint region: CollectForMetadataAllocation
[2025-06-16T00:11:36.706+0000][14.384s][915][941][info ] Leaving safepoint region
[2025-06-16T00:11:36.707+0000][14.384s][915][941][info ] Total time for which application threads were stopped: 0.0019175 seconds, Stopping threads took: 0.0006824 seconds
[2025-06-16T00:11:36.762+0000][14.439s][915][941][info ] Application time: 0.0551883 seconds
[2025-06-16T00:11:36.762+0000][14.439s][915][941][info ] Entering safepoint region: CollectForMetadataAllocation
[2025-06-16T00:11:36.762+0000][14.440s][915][941][info ] Leaving safepoint region
[2025-06-16T00:11:36.762+0000][14.440s][915][941][info ] Total time for which application threads were stopped: 0.0003227 seconds, Stopping threads took: 0.0000969 seconds
[2025-06-16T00:11:36.826+0000][14.504s][915][941][info ] Application time: 0.0641618 seconds
[2025-06-16T00:11:36.827+0000][14.504s][915][941][info ] Entering safepoint region: CollectForMetadataAllocation
[2025-06-16T00:11:36.828+0000][14.505s][915][941][info ] Leaving safepoint region
[2025-06-16T00:11:36.828+0000][14.505s][915][941][info ] Total time for which application threads were stopped: 0.0012345 seconds, Stopping threads took: 0.0003074 seconds
[2025-06-16T00:11:36.844+0000][14.522s][915][941][info ] Application time: 0.0165725 seconds
[2025-06-16T00:11:36.844+0000][14.522s][915][941][info ] Entering safepoint region: Deoptimize
[2025-06-16T00:11:36.845+0000][14.522s][915][941][info ] Leaving safepoint region
[2025-06-16T00:11:36.845+0000][14.522s][915][941][info ] Total time for which application threads were stopped: 0.0003986 seconds, Stopping threads took: 0.0000351 seconds
[2025-06-16T00:11:36.849+0000][14.526s][915][941][info ] Application time: 0.0042603 seconds
[2025-06-16T00:11:36.849+0000][14.526s][915][941][info ] Entering safepoint region: CollectForMetadataAllocation
[2025-06-16T00:11:36.850+0000][14.528s][915][941][info ] Leaving safepoint region
[2025-06-16T00:11:36.850+0000][14.528s][915][941][info ] Total time for which application threads were stopped: 0.0014766 seconds, Stopping threads took: 0.0000959 seconds
[2025-06-16T00:11:36.875+0000][14.552s][915][941][info ] Application time: 0.0244597 seconds
[2025-06-16T00:11:36.875+0000][14.552s][915][941][info ] Entering safepoint region: Deoptimize
[2025-06-16T00:11:36.875+0000][14.553s][915][941][info ] Leaving safepoint region
[2025-06-16T00:11:36.875+0000][14.553s][915][941][info ] Total time for which application threads were stopped: 0.0004886 seconds, Stopping threads took: 0.0001311 seconds
[2025-06-16T00:11:36.879+0000][14.557s][915][941][info ] Application time: 0.0038491 seconds
[2025-06-16T00:11:36.879+0000][14.557s][915][941][info ] Entering safepoint region: CollectForMetadataAllocation
[2025-06-16T00:11:36.880+0000][14.558s][915][941][info ] Leaving safepoint region
[2025-06-16T00:11:36.880+0000][14.558s][915][941][info ] Total time for which application threads were stopped: 0.0009771 seconds, Stopping threads took: 0.0000567 seconds
[2025-06-16T00:11:36.928+0000][14.605s][915][941][info ] Application time: 0.0472873 seconds
[2025-06-16T00:11:36.929+0000][14.607s][915][941][info ] Entering safepoint region: CollectForMetadataAllocation
[2025-06-16T00:11:36.930+0000][14.607s][915][941][info ] Leaving safepoint region
[2025-06-16T00:11:36.930+0000][14.607s][915][941][info ] Total time for which application threads were stopped: 0.0021401 seconds, Stopping threads took: 0.0018489 seconds
[2025-06-16T00:11:36.957+0000][14.634s][915][941][info ] Application time: 0.0268233 seconds
[2025-06-16T00:11:36.957+0000][14.634s][915][941][info ] Entering safepoint region: CollectForMetadataAllocation
[2025-06-16T00:11:36.958+0000][14.635s][915][941][info ] Leaving safepoint region
[2025-06-16T00:11:36.958+0000][14.636s][915][941][info ] Total time for which application threads were stopped: 0.0014513 seconds, Stopping threads took: 0.0000198 seconds
[2025-06-16T00:11:36.958+0000][14.636s][915][941][info ] Application time: 0.0000987 seconds
[2025-06-16T00:11:36.958+0000][14.636s][915][941][info ] Entering safepoint region: CollectForMetadataAllocation
[2025-06-16T00:11:36.958+0000][14.636s][915][941][info ] Leaving safepoint region
[2025-06-16T00:11:36.958+0000][14.636s][915][941][info ] Total time for which application threads were stopped: 0.0000624 seconds, Stopping threads took: 0.0000179 seconds
[2025-06-16T00:11:36.984+0000][14.662s][915][941][info ] Application time: 0.0257913 seconds
[2025-06-16T00:11:36.985+0000][14.663s][915][941][info ] Entering safepoint region: CollectForMetadataAllocation
[2025-06-16T00:11:36.987+0000][14.664s][915][941][info ] Leaving safepoint region
[2025-06-16T00:11:36.987+0000][14.664s][915][941][info ] Total time for which application threads were stopped: 0.0029053 seconds, Stopping threads took: 0.0009577 seconds
[2025-06-16T00:11:36.995+0000][14.673s][915][941][info ] Application time: 0.0080399 seconds
[2025-06-16T00:11:36.998+0000][14.675s][915][941][info ] Entering safepoint region: CollectForMetadataAllocation
[2025-06-16T00:11:36.999+0000][14.676s][915][941][info ] Leaving safepoint region
[2025-06-16T00:11:36.999+0000][14.676s][915][941][info ] Total time for which application threads were stopped: 0.0020484 seconds, Stopping threads took: 0.0010295 seconds
[2025-06-16T00:11:37.012+0000][14.689s][915][941][info ] Application time: 0.0129342 seconds
[2025-06-16T00:11:37.012+0000][14.689s][915][941][info ] Entering safepoint region: CollectForMetadataAllocation
[2025-06-16T00:11:37.013+0000][14.690s][915][941][info ] Leaving safepoint region
[2025-06-16T00:11:37.013+0000][14.690s][915][941][info ] Total time for which application threads were stopped: 0.0009933 seconds, Stopping threads took: 0.0000319 seconds
[2025-06-16T00:11:37.028+0000][14.706s][915][941][info ] Application time: 0.0154495 seconds
[2025-06-16T00:11:37.028+0000][14.706s][915][941][info ] Entering safepoint region: CollectForMetadataAllocation
[2025-06-16T00:11:37.029+0000][14.706s][915][941][info ] Leaving safepoint region
[2025-06-16T00:11:37.029+0000][14.706s][915][941][info ] Total time for which application threads were stopped: 0.0002202 seconds, Stopping threads took: 0.0000197 seconds
[2025-06-16T00:11:37.039+0000][14.716s][915][941][info ] Application time: 0.0103272 seconds
[2025-06-16T00:11:37.039+0000][14.716s][915][941][info ] Entering safepoint region: Deoptimize
[2025-06-16T00:11:37.039+0000][14.717s][915][941][info ] Leaving safepoint region
[2025-06-16T00:11:37.039+0000][14.717s][915][941][info ] Total time for which application threads were stopped: 0.0004385 seconds, Stopping threads took: 0.0000135 seconds
[2025-06-16T00:11:37.097+0000][14.775s][915][941][info ] Application time: 0.0580559 seconds
[2025-06-16T00:11:37.098+0000][14.775s][915][941][info ] Entering safepoint region: CollectForMetadataAllocation
[2025-06-16T00:11:37.099+0000][14.777s][915][941][info ] Leaving safepoint region
[2025-06-16T00:11:37.100+0000][14.777s][915][941][info ] Total time for which application threads were stopped: 0.0020036 seconds, Stopping threads took: 0.0000321 seconds
[2025-06-16T00:11:37.138+0000][14.815s][915][941][info ] Application time: 0.0383996 seconds
[2025-06-16T00:11:37.138+0000][14.815s][915][941][info ] Entering safepoint region: CollectForMetadataAllocation
[2025-06-16T00:11:37.140+0000][14.818s][915][941][info ] Leaving safepoint region
[2025-06-16T00:11:37.140+0000][14.818s][915][941][info ] Total time for which application threads were stopped: 0.0023564 seconds, Stopping threads took: 0.0000184 seconds
[2025-06-16T00:11:37.179+0000][14.857s][915][941][info ] Application time: 0.0389678 seconds
[2025-06-16T00:11:37.179+0000][14.857s][915][941][info ] Entering safepoint region: CollectForMetadataAllocation
[2025-06-16T00:11:37.181+0000][14.859s][915][941][info ] Leaving safepoint region
[2025-06-16T00:11:37.181+0000][14.859s][915][941][info ] Total time for which application threads were stopped: 0.0019000 seconds, Stopping threads took: 0.0000149 seconds
[2025-06-16T00:11:37.265+0000][14.943s][915][941][info ] Application time: 0.0840942 seconds
[2025-06-16T00:11:37.297+0000][14.974s][915][941][info ] Entering safepoint region: Deoptimize
[2025-06-16T00:11:37.297+0000][14.975s][915][941][info ] Leaving safepoint region
[2025-06-16T00:11:37.297+0000][14.975s][915][941][info ] Total time for which application threads were stopped: 0.0317130 seconds, Stopping threads took: 0.0311953 seconds
[2025-06-16T00:11:37.321+0000][14.999s][915][941][info ] Application time: 0.0238471 seconds
[2025-06-16T00:11:37.321+0000][14.999s][915][941][info ] Entering safepoint region: CollectForMetadataAllocation
[2025-06-16T00:11:37.321+0000][14.999s][915][941][info ] Leaving safepoint region
[2025-06-16T00:11:37.321+0000][14.999s][915][941][info ] Total time for which application threads were stopped: 0.0002139 seconds, Stopping threads took: 0.0000227 seconds
[2025-06-16T00:11:37.492+0000][15.170s][915][941][info ] Application time: 0.1708313 seconds
[2025-06-16T00:11:37.492+0000][15.170s][915][941][info ] Entering safepoint region: CollectForMetadataAllocation
[2025-06-16T00:11:37.494+0000][15.171s][915][941][info ] Leaving safepoint region
[2025-06-16T00:11:37.494+0000][15.171s][915][941][info ] Total time for which application threads were stopped: 0.0017155 seconds, Stopping threads took: 0.0000208 seconds
[2025-06-16T00:11:37.537+0000][15.214s][915][941][info ] Application time: 0.0429135 seconds
[2025-06-16T00:11:37.537+0000][15.214s][915][941][info ] Entering safepoint region: CollectForMetadataAllocation
[2025-06-16T00:11:37.540+0000][15.217s][915][941][info ] Leaving safepoint region
[2025-06-16T00:11:37.540+0000][15.217s][915][941][info ] Total time for which application threads were stopped: 0.0029438 seconds, Stopping threads took: 0.0000225 seconds
[2025-06-16T00:11:37.620+0000][15.298s][915][941][info ] Application time: 0.0802646 seconds
[2025-06-16T00:11:37.620+0000][15.298s][915][941][info ] Entering safepoint region: CollectForMetadataAllocation
[2025-06-16T00:11:37.623+0000][15.300s][915][941][info ] Leaving safepoint region
[2025-06-16T00:11:37.623+0000][15.300s][915][941][info ] Total time for which application threads were stopped: 0.0027639 seconds, Stopping threads took: 0.0000170 seconds
[2025-06-16T00:11:37.634+0000][15.312s][915][941][info ] Application time: 0.0111464 seconds
[2025-06-16T00:11:37.634+0000][15.312s][915][941][info ] Entering safepoint region: CollectForMetadataAllocation
[2025-06-16T00:11:37.636+0000][15.313s][915][941][info ] Leaving safepoint region
[2025-06-16T00:11:37.636+0000][15.313s][915][941][info ] Total time for which application threads were stopped: 0.0015088 seconds, Stopping threads took: 0.0000136 seconds
[2025-06-16T00:11:37.683+0000][15.360s][915][941][info ] Application time: 0.0469940 seconds
[2025-06-16T00:11:37.683+0000][15.360s][915][941][info ] Entering safepoint region: CollectForMetadataAllocation
[2025-06-16T00:11:37.686+0000][15.363s][915][941][info ] Leaving safepoint region
[2025-06-16T00:11:37.686+0000][15.363s][915][941][info ] Total time for which application threads were stopped: 0.0031036 seconds, Stopping threads took: 0.0000304 seconds
[2025-06-16T00:11:37.763+0000][15.440s][915][941][info ] Application time: 0.0766574 seconds
[2025-06-16T00:11:37.763+0000][15.440s][915][941][info ] Entering safepoint region: CollectForMetadataAllocation
[2025-06-16T00:11:37.764+0000][15.441s][915][941][info ] Leaving safepoint region
[2025-06-16T00:11:37.764+0000][15.441s][915][941][info ] Total time for which application threads were stopped: 0.0011408 seconds, Stopping threads took: 0.0000175 seconds
[2025-06-16T00:11:37.807+0000][15.485s][915][941][info ] Application time: 0.0435099 seconds
[2025-06-16T00:11:37.807+0000][15.485s][915][941][info ] Entering safepoint region: CollectForMetadataAllocation
[2025-06-16T00:11:37.809+0000][15.487s][915][941][info ] Leaving safepoint region
[2025-06-16T00:11:37.809+0000][15.487s][915][941][info ] Total time for which application threads were stopped: 0.0020169 seconds, Stopping threads took: 0.0000242 seconds
[2025-06-16T00:11:37.865+0000][15.543s][915][941][info ] Application time: 0.0557133 seconds
[2025-06-16T00:11:37.865+0000][15.543s][915][941][info ] Entering safepoint region: CollectForMetadataAllocation
[2025-06-16T00:11:37.867+0000][15.544s][915][941][info ] Leaving safepoint region
[2025-06-16T00:11:37.867+0000][15.544s][915][941][info ] Total time for which application threads were stopped: 0.0014177 seconds, Stopping threads took: 0.0000232 seconds
[2025-06-16T00:11:37.903+0000][15.580s][915][941][info ] Application time: 0.0362822 seconds
[2025-06-16T00:11:37.903+0000][15.580s][915][941][info ] Entering safepoint region: CollectForMetadataAllocation
[2025-06-16T00:11:37.905+0000][15.583s][915][941][info ] Leaving safepoint region
[2025-06-16T00:11:37.905+0000][15.583s][915][941][info ] Total time for which application threads were stopped: 0.0021685 seconds, Stopping threads took: 0.0000158 seconds
[2025-06-16T00:11:37.944+0000][15.621s][915][941][info ] Application time: 0.0387544 seconds
[2025-06-16T00:11:37.944+0000][15.621s][915][941][info ] Entering safepoint region: CollectForMetadataAllocation
[2025-06-16T00:11:37.944+0000][15.622s][915][941][info ] Leaving safepoint region
[2025-06-16T00:11:37.944+0000][15.622s][915][941][info ] Total time for which application threads were stopped: 0.0003226 seconds, Stopping threads took: 0.0000164 seconds
[2025-06-16T00:11:38.010+0000][15.687s][915][941][info ] Application time: 0.0655912 seconds
[2025-06-16T00:11:38.010+0000][15.687s][915][941][info ] Entering safepoint region: CollectForMetadataAllocation
[2025-06-16T00:11:38.013+0000][15.691s][915][941][info ] Leaving safepoint region
[2025-06-16T00:11:38.013+0000][15.691s][915][941][info ] Total time for which application threads were stopped: 0.0034204 seconds, Stopping threads took: 0.0000364 seconds
[2025-06-16T00:11:38.062+0000][15.739s][915][941][info ] Application time: 0.0482308 seconds
[2025-06-16T00:11:38.062+0000][15.739s][915][941][info ] Entering safepoint region: CollectForMetadataAllocation
[2025-06-16T00:11:38.062+0000][15.740s][915][941][info ] Leaving safepoint region
[2025-06-16T00:11:38.062+0000][15.740s][915][941][info ] Total time for which application threads were stopped: 0.0008423 seconds, Stopping threads took: 0.0000179 seconds
[2025-06-16T00:11:38.113+0000][15.790s][915][941][info ] Application time: 0.0503550 seconds
[2025-06-16T00:11:38.117+0000][15.794s][915][941][info ] Entering safepoint region: CollectForMetadataAllocation
[2025-06-16T00:11:38.121+0000][15.799s][915][941][info ] Leaving safepoint region
[2025-06-16T00:11:38.121+0000][15.799s][915][941][info ] Total time for which application threads were stopped: 0.0044421 seconds, Stopping threads took: 0.0000479 seconds
[2025-06-16T00:11:38.152+0000][15.829s][915][941][info ] Application time: 0.0305580 seconds
[2025-06-16T00:11:38.152+0000][15.829s][915][941][info ] Entering safepoint region: Deoptimize
[2025-06-16T00:11:38.152+0000][15.830s][915][941][info ] Leaving safepoint region
[2025-06-16T00:11:38.152+0000][15.830s][915][941][info ] Total time for which application threads were stopped: 0.0004534 seconds, Stopping threads took: 0.0000156 seconds
[2025-06-16T00:11:38.189+0000][15.866s][915][941][info ] Application time: 0.0363204 seconds
[2025-06-16T00:11:38.189+0000][15.866s][915][941][info ] Entering safepoint region: CollectForMetadataAllocation
[2025-06-16T00:11:38.189+0000][15.866s][915][941][info ] Leaving safepoint region
[2025-06-16T00:11:38.189+0000][15.866s][915][941][info ] Total time for which application threads were stopped: 0.0002296 seconds, Stopping threads took: 0.0000166 seconds
[2025-06-16T00:11:38.290+0000][15.968s][915][941][info ] Application time: 0.1011235 seconds
[2025-06-16T00:11:38.290+0000][15.968s][915][941][info ] Entering safepoint region: CollectForMetadataAllocation
[2025-06-16T00:11:38.292+0000][15.969s][915][941][info ] Leaving safepoint region
[2025-06-16T00:11:38.292+0000][15.969s][915][941][info ] Total time for which application threads were stopped: 0.0019031 seconds, Stopping threads took: 0.0000182 seconds
[2025-06-16T00:11:38.383+0000][16.060s][915][941][info ] Application time: 0.0907225 seconds
[2025-06-16T00:11:38.383+0000][16.060s][915][941][info ] Entering safepoint region: CollectForMetadataAllocation
[2025-06-16T00:11:38.383+0000][16.060s][915][941][info ] Leaving safepoint region
[2025-06-16T00:11:38.383+0000][16.061s][915][941][info ] Total time for which application threads were stopped: 0.0002448 seconds, Stopping threads took: 0.0000437 seconds
[2025-06-16T00:11:38.421+0000][16.098s][915][941][info ] Application time: 0.0376271 seconds
[2025-06-16T00:11:38.421+0000][16.098s][915][941][info ] Entering safepoint region: CollectForMetadataAllocation
[2025-06-16T00:11:38.422+0000][16.099s][915][941][info ] Leaving safepoint region
[2025-06-16T00:11:38.422+0000][16.099s][915][941][info ] Total time for which application threads were stopped: 0.0012979 seconds, Stopping threads took: 0.0000532 seconds
[2025-06-16T00:11:38.584+0000][16.261s][915][941][info ] Application time: 0.1619122 seconds
[2025-06-16T00:11:38.584+0000][16.261s][915][941][info ] Entering safepoint region: CollectForMetadataAllocation
[2025-06-16T00:11:38.585+0000][16.263s][915][941][info ] Leaving safepoint region
[2025-06-16T00:11:38.585+0000][16.263s][915][941][info ] Total time for which application threads were stopped: 0.0011107 seconds, Stopping threads took: 0.0000165 seconds
[2025-06-16T00:11:38.632+0000][16.310s][915][941][info ] Application time: 0.0470908 seconds
[2025-06-16T00:11:38.632+0000][16.310s][915][941][info ] Entering safepoint region: Deoptimize
[2025-06-16T00:11:38.633+0000][16.310s][915][941][info ] Leaving safepoint region
[2025-06-16T00:11:38.633+0000][16.310s][915][941][info ] Total time for which application threads were stopped: 0.0005839 seconds, Stopping threads took: 0.0000165 seconds
[2025-06-16T00:11:38.636+0000][16.313s][915][941][info ] Application time: 0.0026581 seconds
[2025-06-16T00:11:38.636+0000][16.313s][915][941][info ] Entering safepoint region: CollectForMetadataAllocation
[2025-06-16T00:11:38.637+0000][16.315s][915][941][info ] Leaving safepoint region
[2025-06-16T00:11:38.637+0000][16.315s][915][941][info ] Total time for which application threads were stopped: 0.0016501 seconds, Stopping threads took: 0.0000120 seconds
[2025-06-16T00:11:38.687+0000][16.365s][915][941][info ] Application time: 0.0498717 seconds
[2025-06-16T00:11:38.687+0000][16.365s][915][941][info ] Entering safepoint region: CollectForMetadataAllocation
[2025-06-16T00:11:38.687+0000][16.365s][915][941][info ] Leaving safepoint region
[2025-06-16T00:11:38.687+0000][16.365s][915][941][info ] Total time for which application threads were stopped: 0.0002525 seconds, Stopping threads took: 0.0000163 seconds
[2025-06-16T00:11:38.748+0000][16.426s][915][941][info ] Application time: 0.0609392 seconds
[2025-06-16T00:11:38.748+0000][16.426s][915][941][info ] Entering safepoint region: CollectForMetadataAllocation
[2025-06-16T00:11:38.750+0000][16.427s][915][941][info ] Leaving safepoint region
[2025-06-16T00:11:38.750+0000][16.427s][915][941][info ] Total time for which application threads were stopped: 0.0012385 seconds, Stopping threads took: 0.0000147 seconds
[2025-06-16T00:11:38.815+0000][16.493s][915][941][info ] Application time: 0.0655571 seconds
[2025-06-16T00:11:38.815+0000][16.493s][915][941][info ] Entering safepoint region: CollectForMetadataAllocation
[2025-06-16T00:11:38.817+0000][16.494s][915][941][info ] Leaving safepoint region
[2025-06-16T00:11:38.817+0000][16.494s][915][941][info ] Total time for which application threads were stopped: 0.0015878 seconds, Stopping threads took: 0.0000195 seconds
[2025-06-16T00:11:38.965+0000][16.643s][915][941][info ] Application time: 0.1485530 seconds
[2025-06-16T00:11:38.966+0000][16.643s][915][941][info ] Entering safepoint region: CollectForMetadataAllocation
[2025-06-16T00:11:38.967+0000][16.645s][915][941][info ] Leaving safepoint region
[2025-06-16T00:11:38.967+0000][16.645s][915][941][info ] Total time for which application threads were stopped: 0.0019979 seconds, Stopping threads took: 0.0000220 seconds
[2025-06-16T00:11:39.001+0000][16.679s][915][941][info ] Application time: 0.0338256 seconds
[2025-06-16T00:11:39.001+0000][16.679s][915][941][info ] Entering safepoint region: Deoptimize
[2025-06-16T00:11:39.002+0000][16.680s][915][941][info ] Leaving safepoint region
[2025-06-16T00:11:39.002+0000][16.680s][915][941][info ] Total time for which application threads were stopped: 0.0007000 seconds, Stopping threads took: 0.0000172 seconds
[2025-06-16T00:11:39.023+0000][16.700s][915][941][info ] Application time: 0.0208151 seconds
[2025-06-16T00:11:39.023+0000][16.700s][915][941][info ] Entering safepoint region: CollectForMetadataAllocation
[2025-06-16T00:11:39.026+0000][16.703s][915][941][info ] Leaving safepoint region
[2025-06-16T00:11:39.026+0000][16.703s][915][941][info ] Total time for which application threads were stopped: 0.0029287 seconds, Stopping threads took: 0.0000164 seconds
[2025-06-16T00:11:39.219+0000][16.897s][915][941][info ] Application time: 0.1933243 seconds
[2025-06-16T00:11:39.222+0000][16.899s][915][941][info ] Entering safepoint region: CollectForMetadataAllocation
[2025-06-16T00:11:39.223+0000][16.900s][915][941][info ] Leaving safepoint region
[2025-06-16T00:11:39.223+0000][16.900s][915][941][info ] Total time for which application threads were stopped: 0.0014457 seconds, Stopping threads took: 0.0002770 seconds
[2025-06-16T00:11:40.223+0000][17.900s][915][941][info ] Application time: 1.0001179 seconds
[2025-06-16T00:11:40.223+0000][17.900s][915][941][info ] Entering safepoint region: Cleanup
[2025-06-16T00:11:40.223+0000][17.901s][915][941][info ] Leaving safepoint region
[2025-06-16T00:11:40.223+0000][17.901s][915][941][info ] Total time for which application threads were stopped: 0.0001078 seconds, Stopping threads took: 0.0000446 seconds
[2025-06-16T00:11:41.223+0000][18.901s][915][941][info ] Application time: 1.0001094 seconds
[2025-06-16T00:11:41.224+0000][18.901s][915][941][info ] Entering safepoint region: Cleanup
[2025-06-16T00:11:41.224+0000][18.901s][915][941][info ] Leaving safepoint region
[2025-06-16T00:11:41.224+0000][18.901s][915][941][info ] Total time for which application threads were stopped: 0.0004542 seconds, Stopping threads took: 0.0003603 seconds
[2025-06-16T00:11:42.388+0000][20.066s][915][941][info ] Application time: 1.1643586 seconds
[2025-06-16T00:11:42.388+0000][20.066s][915][941][info ] Entering safepoint region: Deoptimize
[2025-06-16T00:11:42.389+0000][20.066s][915][941][info ] Leaving safepoint region
[2025-06-16T00:11:42.389+0000][20.066s][915][941][info ] Total time for which application threads were stopped: 0.0005863 seconds, Stopping threads took: 0.0000161 seconds
[2025-06-16T00:11:42.448+0000][20.126s][915][941][info ] Application time: 0.0595163 seconds
[2025-06-16T00:11:42.448+0000][20.126s][915][941][info ] Entering safepoint region: CollectForMetadataAllocation
[2025-06-16T00:11:42.449+0000][20.127s][915][941][info ] Leaving safepoint region
[2025-06-16T00:11:42.449+0000][20.127s][915][941][info ] Total time for which application threads were stopped: 0.0010566 seconds, Stopping threads took: 0.0000402 seconds
[2025-06-16T00:11:42.491+0000][20.168s][915][941][info ] Application time: 0.0411652 seconds
[2025-06-16T00:11:42.491+0000][20.168s][915][941][info ] Entering safepoint region: CollectForMetadataAllocation
[2025-06-16T00:11:42.495+0000][20.172s][915][941][info ] Leaving safepoint region
[2025-06-16T00:11:42.495+0000][20.173s][915][941][info ] Total time for which application threads were stopped: 0.0044768 seconds, Stopping threads took: 0.0000166 seconds
[2025-06-16T00:11:42.519+0000][20.197s][915][941][info ] Application time: 0.0240441 seconds
[2025-06-16T00:11:42.519+0000][20.197s][915][941][info ] Entering safepoint region: CollectForMetadataAllocation
[2025-06-16T00:11:42.521+0000][20.199s][915][941][info ] Leaving safepoint region
[2025-06-16T00:11:42.521+0000][20.199s][915][941][info ] Total time for which application threads were stopped: 0.0021368 seconds, Stopping threads took: 0.0000155 seconds
[2025-06-16T00:11:42.596+0000][20.273s][915][940][trace] CMS: promo attempt is safe: available(6912212992) >= av_promo(0), max_promo(805314288)
[2025-06-16T00:11:42.596+0000][20.273s][915][941][info ] Application time: 0.0746039 seconds
[2025-06-16T00:11:42.596+0000][20.274s][915][941][info ] Entering safepoint region: CMS_Initial_Mark
[2025-06-16T00:11:42.597+0000][20.274s][915][941][trace] GC(0) eden 0x0000000600000000-0x0000000630001ef0-0x0000000650000000(1342177280)
[2025-06-16T00:11:42.597+0000][20.274s][915][941][trace] GC(0) _eden_chunk_index=0, _eden_chunk_capacity=92161
[2025-06-16T00:11:42.597+0000][20.274s][915][941][trace] GC(0) survivor 0x0000000650000000-0x0000000650000000-0x000000065a000000(167772160)
[2025-06-16T00:11:42.597+0000][20.274s][915][941][trace] GC(0) _survivor_chunk_index=0, _survivor_chunk_capacity=81920
[2025-06-16T00:11:42.725+0000][20.403s][915][941][info ] GC(0) Pause Initial Mark 768M->768M(8032M) 128.921ms
[2025-06-16T00:11:42.725+0000][20.403s][915][941][info ] Leaving safepoint region
[2025-06-16T00:11:42.725+0000][20.403s][915][941][info ] Total time for which application threads were stopped: 0.1294311 seconds, Stopping threads took: 0.0003223 seconds
[2025-06-16T00:11:42.726+0000][20.403s][915][940][info ] GC(0) Concurrent Mark
[2025-06-16T00:11:42.749+0000][20.427s][915][940][info ] GC(0) Concurrent Mark 23.567ms
[2025-06-16T00:11:42.749+0000][20.427s][915][940][info ] GC(0) Concurrent Preclean
[2025-06-16T00:11:42.757+0000][20.434s][915][940][info ] GC(0) Concurrent Preclean 7.730ms
[2025-06-16T00:11:42.757+0000][20.434s][915][940][info ] GC(0) Concurrent Abortable Preclean
[2025-06-16T00:11:42.757+0000][20.434s][915][940][trace] CMS: promo attempt is safe: available(6912212992) >= av_promo(0), max_promo(805314288)
[2025-06-16T00:11:42.805+0000][20.483s][915][941][info ] Application time: 0.0798005 seconds
[2025-06-16T00:11:42.805+0000][20.483s][915][941][info ] Entering safepoint region: CollectForMetadataAllocation
[2025-06-16T00:11:42.806+0000][20.484s][915][941][info ] Leaving safepoint region
[2025-06-16T00:11:42.806+0000][20.484s][915][941][info ] Total time for which application threads were stopped: 0.0010185 seconds, Stopping threads took: 0.0000145 seconds
[2025-06-16T00:11:42.806+0000][20.484s][915][940][trace] CMS: promo attempt is safe: available(6912212992) >= av_promo(0), max_promo(832157864)
[2025-06-16T00:11:42.913+0000][20.590s][915][941][info ] Application time: 0.1062858 seconds
[2025-06-16T00:11:42.913+0000][20.590s][915][941][info ] Entering safepoint region: CollectForMetadataAllocation
[2025-06-16T00:11:42.913+0000][20.590s][915][941][info ] Leaving safepoint region
[2025-06-16T00:11:42.913+0000][20.591s][915][941][info ] Total time for which application threads were stopped: 0.0004089 seconds, Stopping threads took: 0.0000282 seconds
[2025-06-16T00:11:42.913+0000][20.591s][915][940][trace] CMS: promo attempt is safe: available(6912212992) >= av_promo(0), max_promo(885844984)
[2025-06-16T00:11:42.978+0000][20.656s][915][941][info ] Application time: 0.0653139 seconds
[2025-06-16T00:11:42.978+0000][20.656s][915][941][info ] Entering safepoint region: CollectForMetadataAllocation
[2025-06-16T00:11:42.980+0000][20.657s][915][941][info ] Leaving safepoint region
[2025-06-16T00:11:42.980+0000][20.657s][915][941][info ] Total time for which application threads were stopped: 0.0012194 seconds, Stopping threads took: 0.0000153 seconds
[2025-06-16T00:11:42.980+0000][20.657s][915][940][trace] CMS: promo attempt is safe: available(6912212992) >= av_promo(0), max_promo(885844984)
[2025-06-16T00:11:43.036+0000][20.713s][915][941][info ] Application time: 0.0562900 seconds
[2025-06-16T00:11:43.036+0000][20.713s][915][941][info ] Entering safepoint region: CollectForMetadataAllocation
[2025-06-16T00:11:43.036+0000][20.714s][915][941][info ] Leaving safepoint region
[2025-06-16T00:11:43.036+0000][20.714s][915][941][info ] Total time for which application threads were stopped: 0.0003209 seconds, Stopping threads took: 0.0000180 seconds
[2025-06-16T00:11:43.036+0000][20.714s][915][940][trace] CMS: promo attempt is safe: available(6912212992) >= av_promo(0), max_promo(885844984)
[2025-06-16T00:11:43.069+0000][20.746s][915][941][info ] Application time: 0.0322927 seconds
[2025-06-16T00:11:43.069+0000][20.746s][915][941][info ] Entering safepoint region: CollectForMetadataAllocation
[2025-06-16T00:11:43.069+0000][20.746s][915][941][info ] Leaving safepoint region
[2025-06-16T00:11:43.069+0000][20.746s][915][941][info ] Total time for which application threads were stopped: 0.0003130 seconds, Stopping threads took: 0.0000168 seconds
[2025-06-16T00:11:43.069+0000][20.747s][915][940][trace] CMS: promo attempt is safe: available(6912212992) >= av_promo(0), max_promo(885844984)
[2025-06-16T00:11:43.177+0000][20.855s][915][940][trace] CMS: promo attempt is safe: available(6912212992) >= av_promo(0), max_promo(912688560)
[2025-06-16T00:11:43.288+0000][20.966s][915][940][trace] CMS: promo attempt is safe: available(6912212992) >= av_promo(0), max_promo(912688560)
[2025-06-16T00:11:43.398+0000][21.076s][915][940][trace] CMS: promo attempt is safe: available(6912212992) >= av_promo(0), max_promo(966375680)
[2025-06-16T00:11:43.506+0000][21.183s][915][940][trace] CMS: promo attempt is safe: available(6912212992) >= av_promo(0), max_promo(1046906384)
[2025-06-16T00:11:43.557+0000][21.234s][915][941][info ] Application time: 0.4878773 seconds
[2025-06-16T00:11:43.557+0000][21.234s][915][941][info ] Entering safepoint region: CollectForMetadataAllocation
[2025-06-16T00:11:43.557+0000][21.235s][915][941][info ] Leaving safepoint region
[2025-06-16T00:11:43.557+0000][21.235s][915][941][info ] Total time for which application threads were stopped: 0.0004087 seconds, Stopping threads took: 0.0000665 seconds
[2025-06-16T00:11:43.557+0000][21.235s][915][940][trace] CMS: promo attempt is safe: available(6912212992) >= av_promo(0), max_promo(1100593512)
[2025-06-16T00:11:43.615+0000][21.293s][915][941][info ] Application time: 0.0580116 seconds
[2025-06-16T00:11:43.615+0000][21.293s][915][941][info ] Entering safepoint region: CollectForMetadataAllocation
[2025-06-16T00:11:43.617+0000][21.295s][915][941][info ] Leaving safepoint region
[2025-06-16T00:11:43.618+0000][21.295s][915][941][info ] Total time for which application threads were stopped: 0.0021006 seconds, Stopping threads took: 0.0000163 seconds
[2025-06-16T00:11:43.618+0000][21.295s][915][940][trace] CMS: promo attempt is safe: available(6912212992) >= av_promo(0), max_promo(1100593512)
[2025-06-16T00:11:43.631+0000][21.308s][915][941][info ] Application time: 0.0133697 seconds
[2025-06-16T00:11:43.631+0000][21.308s][915][941][info ] Entering safepoint region: CollectForMetadataAllocation
[2025-06-16T00:11:43.632+0000][21.310s][915][941][info ] Leaving safepoint region
[2025-06-16T00:11:43.632+0000][21.310s][915][941][info ] Total time for which application threads were stopped: 0.0015112 seconds, Stopping threads took: 0.0000129 seconds
[2025-06-16T00:11:43.632+0000][21.310s][915][940][trace] CMS: promo attempt is safe: available(6912212992) >= av_promo(0), max_promo(1100593512)
[2025-06-16T00:11:43.633+0000][21.310s][915][941][info ] Application time: 0.0004026 seconds
[2025-06-16T00:11:43.633+0000][21.310s][915][941][info ] Entering safepoint region: Deoptimize
[2025-06-16T00:11:43.633+0000][21.311s][915][941][info ] Leaving safepoint region
[2025-06-16T00:11:43.633+0000][21.311s][915][941][info ] Total time for which application threads were stopped: 0.0005468 seconds, Stopping threads took: 0.0000100 seconds
[2025-06-16T00:11:43.640+0000][21.318s][915][941][info ] Application time: 0.0067631 seconds
[2025-06-16T00:11:43.640+0000][21.318s][915][941][info ] Entering safepoint region: Deoptimize
[2025-06-16T00:11:43.641+0000][21.318s][915][941][info ] Leaving safepoint region
[2025-06-16T00:11:43.641+0000][21.318s][915][941][info ] Total time for which application threads were stopped: 0.0005234 seconds, Stopping threads took: 0.0000122 seconds
[2025-06-16T00:11:43.641+0000][21.318s][915][940][trace] CMS: promo attempt is safe: available(6912212992) >= av_promo(0), max_promo(1100593512)
[2025-06-16T00:11:43.651+0000][21.328s][915][941][info ] Application time: 0.0100264 seconds
[2025-06-16T00:11:43.651+0000][21.328s][915][941][info ] Entering safepoint region: CollectForMetadataAllocation
[2025-06-16T00:11:43.651+0000][21.329s][915][941][info ] Leaving safepoint region
[2025-06-16T00:11:43.651+0000][21.329s][915][941][info ] Total time for which application threads were stopped: 0.0002389 seconds, Stopping threads took: 0.0000122 seconds
[2025-06-16T00:11:43.651+0000][21.329s][915][940][trace] CMS: promo attempt is safe: available(6912212992) >= av_promo(0), max_promo(1100593512)
[2025-06-16T00:11:43.667+0000][21.344s][915][941][info ] Application time: 0.0157163 seconds
[2025-06-16T00:11:43.667+0000][21.344s][915][941][info ] Entering safepoint region: CollectForMetadataAllocation
[2025-06-16T00:11:43.669+0000][21.347s][915][941][info ] Leaving safepoint region
[2025-06-16T00:11:43.669+0000][21.347s][915][941][info ] Total time for which application threads were stopped: 0.0023144 seconds, Stopping threads took: 0.0000224 seconds
[2025-06-16T00:11:43.669+0000][21.347s][915][940][trace] CMS: promo attempt is safe: available(6912212992) >= av_promo(0), max_promo(1100593512)
[2025-06-16T00:11:43.675+0000][21.353s][915][941][info ] Application time: 0.0062953 seconds
[2025-06-16T00:11:43.675+0000][21.353s][915][941][info ] Entering safepoint region: Deoptimize
[2025-06-16T00:11:43.676+0000][21.353s][915][941][info ] Leaving safepoint region
[2025-06-16T00:11:43.676+0000][21.353s][915][941][info ] Total time for which application threads were stopped: 0.0005427 seconds, Stopping threads took: 0.0000116 seconds
[2025-06-16T00:11:43.676+0000][21.354s][915][940][trace] CMS: promo attempt is safe: available(6912212992) >= av_promo(0), max_promo(1100593512)
[2025-06-16T00:11:43.708+0000][21.385s][915][941][info ] Application time: 0.0318522 seconds
[2025-06-16T00:11:43.708+0000][21.385s][915][941][info ] Entering safepoint region: CollectForMetadataAllocation
[2025-06-16T00:11:43.708+0000][21.386s][915][941][info ] Leaving safepoint region
[2025-06-16T00:11:43.708+0000][21.386s][915][941][info ] Total time for which application threads were stopped: 0.0002847 seconds, Stopping threads took: 0.0000149 seconds
[2025-06-16T00:11:43.708+0000][21.386s][915][940][trace] CMS: promo attempt is safe: available(6912212992) >= av_promo(0), max_promo(1100593512)
[2025-06-16T00:11:43.722+0000][21.399s][915][941][info ] Application time: 0.0138123 seconds
[2025-06-16T00:11:43.722+0000][21.400s][915][941][info ] Entering safepoint region: CollectForMetadataAllocation
[2025-06-16T00:11:43.724+0000][21.402s][915][941][info ] Leaving safepoint region
[2025-06-16T00:11:43.724+0000][21.402s][915][941][info ] Total time for which application threads were stopped: 0.0019926 seconds, Stopping threads took: 0.0000133 seconds
[2025-06-16T00:11:43.724+0000][21.402s][915][940][trace] CMS: promo attempt is safe: available(6912212992) >= av_promo(0), max_promo(1100593512)
[2025-06-16T00:11:43.831+0000][21.508s][915][940][trace] CMS: promo attempt is safe: available(6912212992) >= av_promo(0), max_promo(1261655008)
[2025-06-16T00:11:43.866+0000][21.543s][915][941][info ] Application time: 0.1418792 seconds
[2025-06-16T00:11:43.866+0000][21.543s][915][941][info ] Entering safepoint region: GenCollectForAllocation
[2025-06-16T00:11:43.866+0000][21.544s][915][941][debug] GC(1) Heap before GC invocations=0 (full 1): par new generation   total 1474560K, used 1310720K [0x0000000600000000, 0x0000000664000000, 0x0000000664000000)
[2025-06-16T00:11:43.866+0000][21.544s][915][941][debug] GC(1)   eden space 1310720K, 100% used [0x0000000600000000, 0x0000000650000000, 0x0000000650000000)
[2025-06-16T00:11:43.866+0000][21.544s][915][941][debug] GC(1)   from space 163840K,   0% used [0x0000000650000000, 0x0000000650000000, 0x000000065a000000)
[2025-06-16T00:11:43.866+0000][21.544s][915][941][debug] GC(1)   to   space 163840K,   0% used [0x000000065a000000, 0x000000065a000000, 0x0000000664000000)
[2025-06-16T00:11:43.866+0000][21.544s][915][941][debug] GC(1)  concurrent mark-sweep generation total 6750208K, used 0K [0x0000000664000000, 0x0000000800000000, 0x0000000800000000)
[2025-06-16T00:11:43.866+0000][21.544s][915][941][debug] GC(1)  Metaspace       used 48560K, capacity 49684K, committed 49848K, reserved 1093632K
[2025-06-16T00:11:43.866+0000][21.544s][915][941][debug] GC(1)   class space    used 5295K, capacity 5782K, committed 5856K, reserved 1048576K
[2025-06-16T00:11:43.866+0000][21.544s][915][941][trace] CMS: promo attempt is safe: available(6912212992) >= av_promo(0), max_promo(1342177280)
[2025-06-16T00:11:43.938+0000][21.616s][915][940][info ] GC(0) Concurrent Abortable Preclean 1181.212ms
[2025-06-16T00:11:43.992+0000][21.670s][915][941][debug] GC(1) Desired survivor size 83886080 bytes, new threshold 1 (max threshold 1)
[2025-06-16T00:11:43.992+0000][21.670s][915][941][info ] GC(1) ParNew: 1310720K->26496K(1474560K)
[2025-06-16T00:11:43.992+0000][21.670s][915][941][info ] GC(1) CMS: 0K->0K(6750208K)
[2025-06-16T00:11:43.992+0000][21.670s][915][941][info ] GC(1) Pause Young (Allocation Failure) 1280M->25M(8032M) 126.259ms
[2025-06-16T00:11:43.992+0000][21.670s][915][941][debug] GC(1) Heap after GC invocations=1 (full 1): par new generation   total 1474560K, used 26496K [0x0000000600000000, 0x0000000664000000, 0x0000000664000000)
[2025-06-16T00:11:43.992+0000][21.670s][915][941][debug] GC(1)   eden space 1310720K,   0% used [0x0000000600000000, 0x0000000600000000, 0x0000000650000000)
[2025-06-16T00:11:43.992+0000][21.670s][915][941][debug] GC(1)   from space 163840K,  16% used [0x000000065a000000, 0x000000065b9e0378, 0x0000000664000000)
[2025-06-16T00:11:43.992+0000][21.670s][915][941][debug] GC(1)   to   space 163840K,   0% used [0x0000000650000000, 0x0000000650000000, 0x000000065a000000)
[2025-06-16T00:11:43.992+0000][21.670s][915][941][debug] GC(1)  concurrent mark-sweep generation total 6750208K, used 0K [0x0000000664000000, 0x0000000800000000, 0x0000000800000000)
[2025-06-16T00:11:43.992+0000][21.670s][915][941][debug] GC(1)  Metaspace       used 48560K, capacity 49684K, committed 49848K, reserved 1093632K
[2025-06-16T00:11:43.992+0000][21.670s][915][941][debug] GC(1)   class space    used 5295K, capacity 5782K, committed 5856K, reserved 1048576K
[2025-06-16T00:11:43.993+0000][21.670s][915][941][info ] Leaving safepoint region
[2025-06-16T00:11:43.993+0000][21.670s][915][941][info ] Total time for which application threads were stopped: 0.1265552 seconds, Stopping threads took: 0.0000152 seconds
[2025-06-16T00:11:43.993+0000][21.670s][915][941][info ] Application time: 0.0001761 seconds
[2025-06-16T00:11:43.993+0000][21.671s][915][941][info ] Entering safepoint region: CMS_Final_Remark
[2025-06-16T00:11:43.993+0000][21.671s][915][941][trace] GC(0) eden 0x0000000600000000-0x0000000603333378-0x0000000650000000(1342177280)
[2025-06-16T00:11:43.993+0000][21.671s][915][941][trace] GC(0) _eden_chunk_index=4, _eden_chunk_capacity=92161
[2025-06-16T00:11:43.993+0000][21.671s][915][941][trace] GC(0) _eden_chunk_array[0]=0x0000000600000010
[2025-06-16T00:11:43.993+0000][21.671s][915][941][trace] GC(0) _eden_chunk_array[1]=0x00000006019999b8
[2025-06-16T00:11:43.993+0000][21.671s][915][941][trace] GC(0) _eden_chunk_array[2]=0x00000006026666a0
[2025-06-16T00:11:43.993+0000][21.671s][915][941][trace] GC(0) _eden_chunk_array[3]=0x0000000603333378
[2025-06-16T00:11:43.993+0000][21.671s][915][941][trace] GC(0) survivor 0x000000065a000000-0x000000065b9e0378-0x0000000664000000(167772160)
[2025-06-16T00:11:43.993+0000][21.671s][915][941][trace] GC(0) _survivor_chunk_index=0, _survivor_chunk_capacity=81920
[2025-06-16T00:11:44.028+0000][21.705s][915][941][info ] GC(0) Pause Remark 77M->77M(8032M) 34.689ms
[2025-06-16T00:11:44.028+0000][21.705s][915][941][info ] Leaving safepoint region
[2025-06-16T00:11:44.028+0000][21.705s][915][941][info ] Total time for which application threads were stopped: 0.0352721 seconds, Stopping threads took: 0.0003959 seconds
[2025-06-16T00:11:44.028+0000][21.706s][915][940][info ] GC(0) Concurrent Sweep
[2025-06-16T00:11:44.028+0000][21.706s][915][940][info ] GC(0) Concurrent Sweep 0.050ms
[2025-06-16T00:11:44.028+0000][21.706s][915][940][info ] GC(0) Concurrent Reset
[2025-06-16T00:11:44.038+0000][21.715s][915][940][info ] GC(0) Concurrent Reset 9.741ms
[2025-06-16T00:11:44.038+0000][21.715s][915][940][info ] GC(0) Old: 0K->0K(6750208K)
[2025-06-16T00:11:44.520+0000][22.197s][915][941][info ] Application time: 0.4914915 seconds
[2025-06-16T00:11:44.520+0000][22.197s][915][941][info ] Entering safepoint region: ICBufferFull
[2025-06-16T00:11:44.520+0000][22.197s][915][941][info ] Leaving safepoint region
[2025-06-16T00:11:44.520+0000][22.197s][915][941][info ] Total time for which application threads were stopped: 0.0002802 seconds, Stopping threads took: 0.0000394 seconds
[2025-06-16T00:11:44.846+0000][22.523s][915][941][info ] Application time: 0.3261087 seconds
[2025-06-16T00:11:44.846+0000][22.524s][915][941][info ] Entering safepoint region: ICBufferFull
[2025-06-16T00:11:44.846+0000][22.524s][915][941][info ] Leaving safepoint region
[2025-06-16T00:11:44.846+0000][22.524s][915][941][info ] Total time for which application threads were stopped: 0.0002358 seconds, Stopping threads took: 0.0000190 seconds
[2025-06-16T00:11:45.118+0000][22.795s][915][941][info ] Application time: 0.2713830 seconds
[2025-06-16T00:11:45.118+0000][22.795s][915][941][info ] Entering safepoint region: Deoptimize
[2025-06-16T00:11:45.118+0000][22.796s][915][941][info ] Leaving safepoint region
[2025-06-16T00:11:45.118+0000][22.796s][915][941][info ] Total time for which application threads were stopped: 0.0007764 seconds, Stopping threads took: 0.0000221 seconds
[2025-06-16T00:11:45.127+0000][22.804s][915][941][info ] Application time: 0.0082935 seconds
[2025-06-16T00:11:45.127+0000][22.804s][915][941][info ] Entering safepoint region: Deoptimize
[2025-06-16T00:11:45.127+0000][22.805s][915][941][info ] Leaving safepoint region
[2025-06-16T00:11:45.127+0000][22.805s][915][941][info ] Total time for which application threads were stopped: 0.0006938 seconds, Stopping threads took: 0.0000185 seconds
[2025-06-16T00:11:45.534+0000][23.212s][915][941][info ] Application time: 0.4067387 seconds
[2025-06-16T00:11:45.534+0000][23.212s][915][941][info ] Entering safepoint region: Deoptimize
[2025-06-16T00:11:45.535+0000][23.213s][915][941][info ] Leaving safepoint region
[2025-06-16T00:11:45.535+0000][23.213s][915][941][info ] Total time for which application threads were stopped: 0.0008271 seconds, Stopping threads took: 0.0000169 seconds
[2025-06-16T00:11:45.877+0000][23.554s][915][941][info ] Application time: 0.3418142 seconds
[2025-06-16T00:11:45.877+0000][23.555s][915][941][info ] Entering safepoint region: Deoptimize
[2025-06-16T00:11:45.878+0000][23.555s][915][941][info ] Leaving safepoint region
[2025-06-16T00:11:45.878+0000][23.555s][915][941][info ] Total time for which application threads were stopped: 0.0008909 seconds, Stopping threads took: 0.0000166 seconds
[2025-06-16T00:11:46.878+0000][24.556s][915][941][info ] Application time: 1.0001193 seconds
[2025-06-16T00:11:46.889+0000][24.566s][915][941][info ] Entering safepoint region: Cleanup
[2025-06-16T00:11:46.889+0000][24.567s][915][941][info ] Leaving safepoint region
[2025-06-16T00:11:46.889+0000][24.567s][915][941][info ] Total time for which application threads were stopped: 0.0109124 seconds, Stopping threads took: 0.0107093 seconds
[2025-06-16T00:11:46.961+0000][24.639s][915][941][info ] Application time: 0.0722312 seconds
[2025-06-16T00:11:46.961+0000][24.639s][915][941][info ] Entering safepoint region: Deoptimize
[2025-06-16T00:11:46.962+0000][24.640s][915][941][info ] Leaving safepoint region
[2025-06-16T00:11:46.962+0000][24.640s][915][941][info ] Total time for which application threads were stopped: 0.0009181 seconds, Stopping threads took: 0.0000181 seconds
[2025-06-16T00:11:47.175+0000][24.852s][915][941][info ] Application time: 0.2122318 seconds
[2025-06-16T00:11:47.175+0000][24.852s][915][941][info ] Entering safepoint region: Deoptimize
[2025-06-16T00:11:47.176+0000][24.853s][915][941][info ] Leaving safepoint region
[2025-06-16T00:11:47.176+0000][24.853s][915][941][info ] Total time for which application threads were stopped: 0.0010150 seconds, Stopping threads took: 0.0000197 seconds
[2025-06-16T00:11:47.513+0000][25.190s][915][941][info ] Application time: 0.3369351 seconds
[2025-06-16T00:11:47.517+0000][25.195s][915][941][info ] Entering safepoint region: ICBufferFull
[2025-06-16T00:11:47.518+0000][25.195s][915][941][info ] Leaving safepoint region
[2025-06-16T00:11:47.518+0000][25.195s][915][941][info ] Total time for which application threads were stopped: 0.0052296 seconds, Stopping threads took: 0.0048772 seconds
[2025-06-16T00:11:48.518+0000][26.195s][915][941][info ] Application time: 1.0001036 seconds
[2025-06-16T00:11:48.518+0000][26.196s][915][941][info ] Entering safepoint region: Cleanup
[2025-06-16T00:11:48.519+0000][26.196s][915][941][info ] Leaving safepoint region
[2025-06-16T00:11:48.519+0000][26.196s][915][941][info ] Total time for which application threads were stopped: 0.0009009 seconds, Stopping threads took: 0.0000234 seconds
[2025-06-16T00:11:49.519+0000][27.197s][915][941][info ] Application time: 1.0000931 seconds
[2025-06-16T00:11:49.519+0000][27.197s][915][941][info ] Entering safepoint region: Cleanup
[2025-06-16T00:11:49.519+0000][27.197s][915][941][info ] Leaving safepoint region
[2025-06-16T00:11:49.519+0000][27.197s][915][941][info ] Total time for which application threads were stopped: 0.0001163 seconds, Stopping threads took: 0.0000239 seconds
[2025-06-16T00:11:52.519+0000][30.197s][915][941][info ] Application time: 3.0002395 seconds
[2025-06-16T00:11:52.520+0000][30.197s][915][941][info ] Entering safepoint region: Cleanup
[2025-06-16T00:11:52.520+0000][30.197s][915][941][info ] Leaving safepoint region
[2025-06-16T00:11:52.520+0000][30.197s][915][941][info ] Total time for which application threads were stopped: 0.0001099 seconds, Stopping threads took: 0.0000215 seconds
[2025-06-16T00:11:54.038+0000][31.715s][915][940][trace] CMS: promo attempt is safe: available(6912212992) >= av_promo(0), max_promo(410224176)
[2025-06-16T00:11:56.520+0000][34.197s][915][941][info ] Application time: 4.0003421 seconds
[2025-06-16T00:11:56.520+0000][34.198s][915][941][info ] Entering safepoint region: Cleanup
[2025-06-16T00:11:56.520+0000][34.198s][915][941][info ] Leaving safepoint region
[2025-06-16T00:11:56.520+0000][34.198s][915][941][info ] Total time for which application threads were stopped: 0.0001297 seconds, Stopping threads took: 0.0000262 seconds
[2025-06-16T00:11:57.520+0000][35.198s][915][941][info ] Application time: 1.0001140 seconds
[2025-06-16T00:11:57.520+0000][35.198s][915][941][info ] Entering safepoint region: Cleanup
[2025-06-16T00:11:57.521+0000][35.198s][915][941][info ] Leaving safepoint region
[2025-06-16T00:11:57.521+0000][35.198s][915][941][info ] Total time for which application threads were stopped: 0.0002103 seconds, Stopping threads took: 0.0000273 seconds
[2025-06-16T00:12:04.038+0000][41.715s][915][940][trace] CMS: promo attempt is safe: available(6912212992) >= av_promo(0), max_promo(415104888)
[2025-06-16T00:12:07.522+0000][45.199s][915][941][info ] Application time: 10.0009240 seconds
[2025-06-16T00:12:07.522+0000][45.199s][915][941][info ] Entering safepoint region: Cleanup
[2025-06-16T00:12:07.522+0000][45.199s][915][941][info ] Leaving safepoint region
[2025-06-16T00:12:07.522+0000][45.199s][915][941][info ] Total time for which application threads were stopped: 0.0002282 seconds, Stopping threads took: 0.0000264 seconds
[2025-06-16T00:12:12.522+0000][50.200s][915][941][info ] Application time: 5.0004451 seconds
[2025-06-16T00:12:12.522+0000][50.200s][915][941][info ] Entering safepoint region: Cleanup
[2025-06-16T00:12:12.523+0000][50.200s][915][941][info ] Leaving safepoint region
[2025-06-16T00:12:12.523+0000][50.200s][915][941][info ] Total time for which application threads were stopped: 0.0001386 seconds, Stopping threads took: 0.0000241 seconds
[2025-06-16T00:12:14.038+0000][51.715s][915][940][trace] CMS: promo attempt is safe: available(6912212992) >= av_promo(0), max_promo(415104888)
[2025-06-16T00:12:16.523+0000][54.200s][915][941][info ] Application time: 4.0003854 seconds
[2025-06-16T00:12:16.523+0000][54.201s][915][941][info ] Entering safepoint region: Cleanup
[2025-06-16T00:12:16.523+0000][54.201s][915][941][info ] Leaving safepoint region
[2025-06-16T00:12:16.523+0000][54.201s][915][941][info ] Total time for which application threads were stopped: 0.0003203 seconds, Stopping threads took: 0.0000331 seconds
[2025-06-16T00:12:17.523+0000][55.201s][915][941][info ] Application time: 1.0000886 seconds
[2025-06-16T00:12:17.523+0000][55.201s][915][941][info ] Entering safepoint region: Cleanup
[2025-06-16T00:12:17.524+0000][55.201s][915][941][info ] Leaving safepoint region
[2025-06-16T00:12:17.524+0000][55.201s][915][941][info ] Total time for which application threads were stopped: 0.0001835 seconds, Stopping threads took: 0.0000280 seconds
[2025-06-16T00:12:22.524+0000][60.202s][915][941][info ] Application time: 5.0004676 seconds
[2025-06-16T00:12:22.524+0000][60.202s][915][941][info ] Entering safepoint region: Cleanup
[2025-06-16T00:12:22.524+0000][60.202s][915][941][info ] Leaving safepoint region
[2025-06-16T00:12:22.524+0000][60.202s][915][941][info ] Total time for which application threads were stopped: 0.0002700 seconds, Stopping threads took: 0.0000261 seconds
[2025-06-16T00:12:23.525+0000][61.202s][915][941][info ] Application time: 1.0001081 seconds
[2025-06-16T00:12:23.525+0000][61.202s][915][941][info ] Entering safepoint region: Cleanup
[2025-06-16T00:12:23.525+0000][61.202s][915][941][info ] Leaving safepoint region
[2025-06-16T00:12:23.525+0000][61.202s][915][941][info ] Total time for which application threads were stopped: 0.0001438 seconds, Stopping threads took: 0.0000378 seconds
[2025-06-16T00:12:24.037+0000][61.714s][915][940][trace] CMS: promo attempt is safe: available(6912212992) >= av_promo(0), max_promo(415104888)
[2025-06-16T00:12:32.526+0000][70.203s][915][941][info ] Application time: 9.0008157 seconds
[2025-06-16T00:12:32.526+0000][70.203s][915][941][info ] Entering safepoint region: Cleanup
[2025-06-16T00:12:32.526+0000][70.203s][915][941][info ] Leaving safepoint region
[2025-06-16T00:12:32.526+0000][70.203s][915][941][info ] Total time for which application threads were stopped: 0.0002362 seconds, Stopping threads took: 0.0001102 seconds
[2025-06-16T00:12:33.526+0000][71.204s][915][941][info ] Application time: 1.0000914 seconds
[2025-06-16T00:12:33.526+0000][71.204s][915][941][info ] Entering safepoint region: Cleanup
[2025-06-16T00:12:33.526+0000][71.204s][915][941][info ] Leaving safepoint region
[2025-06-16T00:12:33.526+0000][71.204s][915][941][info ] Total time for which application threads were stopped: 0.0001776 seconds, Stopping threads took: 0.0000303 seconds
[2025-06-16T00:12:34.036+0000][71.714s][915][940][trace] CMS: promo attempt is safe: available(6912212992) >= av_promo(0), max_promo(444388832)
[2025-06-16T00:12:36.527+0000][74.204s][915][941][info ] Application time: 3.0002501 seconds
[2025-06-16T00:12:36.527+0000][74.204s][915][941][info ] Entering safepoint region: Cleanup
[2025-06-16T00:12:36.527+0000][74.204s][915][941][info ] Leaving safepoint region
[2025-06-16T00:12:36.527+0000][74.204s][915][941][info ] Total time for which application threads were stopped: 0.0001446 seconds, Stopping threads took: 0.0000277 seconds
[2025-06-16T00:12:37.527+0000][75.204s][915][941][info ] Application time: 1.0000954 seconds
[2025-06-16T00:12:37.527+0000][75.204s][915][941][info ] Entering safepoint region: Cleanup
[2025-06-16T00:12:37.527+0000][75.205s][915][941][info ] Leaving safepoint region
[2025-06-16T00:12:37.527+0000][75.205s][915][941][info ] Total time for which application threads were stopped: 0.0002241 seconds, Stopping threads took: 0.0000453 seconds
[2025-06-16T00:12:38.527+0000][76.205s][915][941][info ] Application time: 1.0001043 seconds
[2025-06-16T00:12:38.527+0000][76.205s][915][941][info ] Entering safepoint region: Cleanup
[2025-06-16T00:12:38.528+0000][76.205s][915][941][info ] Leaving safepoint region
[2025-06-16T00:12:38.528+0000][76.205s][915][941][info ] Total time for which application threads were stopped: 0.0002324 seconds, Stopping threads took: 0.0000540 seconds
[2025-06-16T00:12:44.036+0000][81.713s][915][940][trace] CMS: promo attempt is safe: available(6912212992) >= av_promo(0), max_promo(457810632)
[2025-06-16T00:12:45.528+0000][83.206s][915][941][info ] Application time: 7.0006802 seconds
[2025-06-16T00:12:45.528+0000][83.206s][915][941][info ] Entering safepoint region: Cleanup
[2025-06-16T00:12:45.529+0000][83.206s][915][941][info ] Leaving safepoint region
[2025-06-16T00:12:45.529+0000][83.206s][915][941][info ] Total time for which application threads were stopped: 0.0001739 seconds, Stopping threads took: 0.0000231 seconds
[2025-06-16T00:12:46.529+0000][84.206s][915][941][info ] Application time: 1.0001046 seconds
[2025-06-16T00:12:46.529+0000][84.206s][915][941][info ] Entering safepoint region: Cleanup
[2025-06-16T00:12:46.529+0000][84.206s][915][941][info ] Leaving safepoint region
[2025-06-16T00:12:46.529+0000][84.206s][915][941][info ] Total time for which application threads were stopped: 0.0001292 seconds, Stopping threads took: 0.0000261 seconds
[2025-06-16T00:12:47.529+0000][85.207s][915][941][info ] Application time: 1.0000963 seconds
[2025-06-16T00:12:47.529+0000][85.207s][915][941][info ] Entering safepoint region: Cleanup
[2025-06-16T00:12:47.529+0000][85.207s][915][941][info ] Leaving safepoint region
[2025-06-16T00:12:47.529+0000][85.207s][915][941][info ] Total time for which application threads were stopped: 0.0001321 seconds, Stopping threads took: 0.0000267 seconds
[2025-06-16T00:12:52.530+0000][90.207s][915][941][info ] Application time: 5.0004777 seconds
[2025-06-16T00:12:52.530+0000][90.207s][915][941][info ] Entering safepoint region: Cleanup
[2025-06-16T00:12:52.530+0000][90.207s][915][941][info ] Leaving safepoint region
[2025-06-16T00:12:52.530+0000][90.207s][915][941][info ] Total time for which application threads were stopped: 0.0001345 seconds, Stopping threads took: 0.0000384 seconds
[2025-06-16T00:12:54.035+0000][91.713s][915][940][trace] CMS: promo attempt is safe: available(6912212992) >= av_promo(0), max_promo(457810632)
[2025-06-16T00:12:54.530+0000][92.208s][915][941][info ] Application time: 2.0001896 seconds
[2025-06-16T00:12:54.530+0000][92.208s][915][941][info ] Entering safepoint region: Cleanup
[2025-06-16T00:12:54.530+0000][92.208s][915][941][info ] Leaving safepoint region
[2025-06-16T00:12:54.530+0000][92.208s][915][941][info ] Total time for which application threads were stopped: 0.0001534 seconds, Stopping threads took: 0.0000262 seconds
[2025-06-16T00:13:04.035+0000][101.712s][915][940][trace] CMS: promo attempt is safe: available(6912212992) >= av_promo(0), max_promo(457810632)
[2025-06-16T00:13:14.034+0000][111.711s][915][940][trace] CMS: promo attempt is safe: available(6912212992) >= av_promo(0), max_promo(457810632)
[2025-06-16T00:13:21.533+0000][119.211s][915][941][info ] Application time: 27.0026318 seconds
[2025-06-16T00:13:21.533+0000][119.211s][915][941][info ] Entering safepoint region: Cleanup
[2025-06-16T00:13:21.533+0000][119.211s][915][941][info ] Leaving safepoint region
[2025-06-16T00:13:21.533+0000][119.211s][915][941][info ] Total time for which application threads were stopped: 0.0001420 seconds, Stopping threads took: 0.0000292 seconds
[2025-06-16T00:13:24.033+0000][121.711s][915][940][trace] CMS: promo attempt is safe: available(6912212992) >= av_promo(0), max_promo(457810632)
[2025-06-16T00:13:34.033+0000][131.710s][915][940][trace] CMS: promo attempt is safe: available(6912212992) >= av_promo(0), max_promo(473672784)
[2025-06-16T00:13:37.502+0000][135.180s][915][941][info ] Application time: 15.9691779 seconds
[2025-06-16T00:13:37.503+0000][135.180s][915][941][info ] Entering safepoint region: Deoptimize
[2025-06-16T00:13:37.505+0000][135.182s][915][941][info ] Leaving safepoint region
[2025-06-16T00:13:37.505+0000][135.182s][915][941][info ] Total time for which application threads were stopped: 0.0023081 seconds, Stopping threads took: 0.0012938 seconds
[2025-06-16T00:13:38.505+0000][136.183s][915][941][info ] Application time: 1.0001831 seconds
[2025-06-16T00:13:38.505+0000][136.183s][915][941][info ] Entering safepoint region: Cleanup
[2025-06-16T00:13:38.506+0000][136.183s][915][941][info ] Leaving safepoint region
[2025-06-16T00:13:38.506+0000][136.183s][915][941][info ] Total time for which application threads were stopped: 0.0004465 seconds, Stopping threads took: 0.0000454 seconds
[2025-06-16T00:13:44.033+0000][141.710s][915][940][trace] CMS: promo attempt is safe: available(6912212992) >= av_promo(0), max_promo(522514576)
[2025-06-16T00:13:44.506+0000][142.184s][915][941][info ] Application time: 6.0005558 seconds
[2025-06-16T00:13:44.506+0000][142.184s][915][941][info ] Entering safepoint region: Cleanup
[2025-06-16T00:13:44.506+0000][142.184s][915][941][info ] Leaving safepoint region
[2025-06-16T00:13:44.506+0000][142.184s][915][941][info ] Total time for which application threads were stopped: 0.0001587 seconds, Stopping threads took: 0.0000285 seconds
[2025-06-16T00:13:47.507+0000][145.184s][915][941][info ] Application time: 3.0002975 seconds
[2025-06-16T00:13:47.507+0000][145.184s][915][941][info ] Entering safepoint region: Cleanup
[2025-06-16T00:13:47.507+0000][145.184s][915][941][info ] Leaving safepoint region
[2025-06-16T00:13:47.507+0000][145.184s][915][941][info ] Total time for which application threads were stopped: 0.0001452 seconds, Stopping threads took: 0.0000266 seconds
[2025-06-16T00:13:54.032+0000][151.710s][915][940][trace] CMS: promo attempt is safe: available(6912212992) >= av_promo(0), max_promo(522514576)
[2025-06-16T00:13:54.508+0000][152.185s][915][941][info ] Application time: 7.0008296 seconds
[2025-06-16T00:13:54.508+0000][152.185s][915][941][info ] Entering safepoint region: Cleanup
[2025-06-16T00:13:54.508+0000][152.186s][915][941][info ] Leaving safepoint region
[2025-06-16T00:13:54.508+0000][152.186s][915][941][info ] Total time for which application threads were stopped: 0.0002038 seconds, Stopping threads took: 0.0000335 seconds
[2025-06-16T00:13:56.508+0000][154.186s][915][941][info ] Application time: 2.0002203 seconds
[2025-06-16T00:13:56.508+0000][154.186s][915][941][info ] Entering safepoint region: Cleanup
[2025-06-16T00:13:56.509+0000][154.186s][915][941][info ] Leaving safepoint region
[2025-06-16T00:13:56.509+0000][154.186s][915][941][info ] Total time for which application threads were stopped: 0.0001529 seconds, Stopping threads took: 0.0000309 seconds
[2025-06-16T00:14:04.034+0000][161.711s][915][940][trace] CMS: promo attempt is safe: available(6912212992) >= av_promo(0), max_promo(522514576)
[2025-06-16T00:14:09.511+0000][167.189s][915][941][info ] Application time: 13.0025379 seconds
[2025-06-16T00:14:09.511+0000][167.189s][915][941][info ] Entering safepoint region: Cleanup
[2025-06-16T00:14:09.511+0000][167.189s][915][941][info ] Leaving safepoint region
[2025-06-16T00:14:09.511+0000][167.189s][915][941][info ] Total time for which application threads were stopped: 0.0002178 seconds, Stopping threads took: 0.0000473 seconds
[2025-06-16T00:14:12.512+0000][170.189s][915][941][info ] Application time: 3.0002866 seconds
[2025-06-16T00:14:12.515+0000][170.192s][915][941][info ] Entering safepoint region: Cleanup
[2025-06-16T00:14:12.515+0000][170.193s][915][941][info ] Leaving safepoint region
[2025-06-16T00:14:12.515+0000][170.193s][915][941][info ] Total time for which application threads were stopped: 0.0006751 seconds, Stopping threads took: 0.0004283 seconds
[2025-06-16T00:14:14.034+0000][171.711s][915][940][trace] CMS: promo attempt is safe: available(6912212992) >= av_promo(0), max_promo(522514576)
[2025-06-16T00:14:15.516+0000][173.193s][915][941][info ] Application time: 3.0002796 seconds
[2025-06-16T00:14:15.516+0000][173.193s][915][941][info ] Entering safepoint region: Cleanup
[2025-06-16T00:14:15.516+0000][173.194s][915][941][info ] Leaving safepoint region
[2025-06-16T00:14:15.516+0000][173.194s][915][941][info ] Total time for which application threads were stopped: 0.0002231 seconds, Stopping threads took: 0.0000381 seconds
[2025-06-16T00:14:17.516+0000][175.194s][915][941][info ] Application time: 2.0001625 seconds
[2025-06-16T00:14:17.520+0000][175.198s][915][941][info ] Entering safepoint region: Cleanup
[2025-06-16T00:14:17.520+0000][175.198s][915][941][info ] Leaving safepoint region
[2025-06-16T00:14:17.520+0000][175.198s][915][941][info ] Total time for which application threads were stopped: 0.0040290 seconds, Stopping threads took: 0.0037976 seconds
[2025-06-16T00:14:17.694+0000][175.372s][915][941][info ] Application time: 0.1740043 seconds
[2025-06-16T00:14:17.695+0000][175.372s][915][941][info ] Entering safepoint region: ICBufferFull
[2025-06-16T00:14:17.695+0000][175.372s][915][941][info ] Leaving safepoint region
[2025-06-16T00:14:17.695+0000][175.372s][915][941][info ] Total time for which application threads were stopped: 0.0004224 seconds, Stopping threads took: 0.0001555 seconds
[2025-06-16T00:14:18.695+0000][176.372s][915][941][info ] Application time: 1.0001008 seconds
[2025-06-16T00:14:18.695+0000][176.373s][915][941][info ] Entering safepoint region: Cleanup
[2025-06-16T00:14:18.695+0000][176.373s][915][941][info ] Leaving safepoint region
[2025-06-16T00:14:18.695+0000][176.373s][915][941][info ] Total time for which application threads were stopped: 0.0001670 seconds, Stopping threads took: 0.0000288 seconds
[2025-06-16T00:14:19.695+0000][177.373s][915][941][info ] Application time: 1.0000946 seconds
[2025-06-16T00:14:19.695+0000][177.373s][915][941][info ] Entering safepoint region: Cleanup
[2025-06-16T00:14:19.696+0000][177.373s][915][941][info ] Leaving safepoint region
[2025-06-16T00:14:19.696+0000][177.373s][915][941][info ] Total time for which application threads were stopped: 0.0003336 seconds, Stopping threads took: 0.0000415 seconds
[2025-06-16T00:14:24.033+0000][181.710s][915][940][trace] CMS: promo attempt is safe: available(6912212992) >= av_promo(0), max_promo(567903840)
[2025-06-16T00:14:25.696+0000][183.374s][915][941][info ] Application time: 6.0005137 seconds
[2025-06-16T00:14:25.696+0000][183.374s][915][941][info ] Entering safepoint region: Cleanup
[2025-06-16T00:14:25.696+0000][183.374s][915][941][info ] Leaving safepoint region
[2025-06-16T00:14:25.696+0000][183.374s][915][941][info ] Total time for which application threads were stopped: 0.0001596 seconds, Stopping threads took: 0.0000300 seconds
[2025-06-16T00:14:27.710+0000][185.387s][915][941][info ] Application time: 2.0133476 seconds
[2025-06-16T00:14:27.710+0000][185.387s][915][941][info ] Entering safepoint region: Cleanup
[2025-06-16T00:14:27.710+0000][185.388s][915][941][info ] Leaving safepoint region
[2025-06-16T00:14:27.710+0000][185.388s][915][941][info ] Total time for which application threads were stopped: 0.0001874 seconds, Stopping threads took: 0.0000426 seconds
[2025-06-16T00:14:34.032+0000][191.710s][915][940][trace] CMS: promo attempt is safe: available(6912212992) >= av_promo(0), max_promo(583765992)
[2025-06-16T00:14:34.711+0000][192.388s][915][941][info ] Application time: 7.0006322 seconds
[2025-06-16T00:14:34.711+0000][192.388s][915][941][info ] Entering safepoint region: Cleanup
[2025-06-16T00:14:34.711+0000][192.389s][915][941][info ] Leaving safepoint region
[2025-06-16T00:14:34.711+0000][192.389s][915][941][info ] Total time for which application threads were stopped: 0.0001768 seconds, Stopping threads took: 0.0000334 seconds
[2025-06-16T00:14:36.711+0000][194.389s][915][941][info ] Application time: 2.0001921 seconds
[2025-06-16T00:14:36.711+0000][194.389s][915][941][info ] Entering safepoint region: Cleanup
[2025-06-16T00:14:36.711+0000][194.389s][915][941][info ] Leaving safepoint region
[2025-06-16T00:14:36.712+0000][194.389s][915][941][info ] Total time for which application threads were stopped: 0.0002138 seconds, Stopping threads took: 0.0000428 seconds
[2025-06-16T00:14:37.712+0000][195.389s][915][941][info ] Application time: 1.0000897 seconds
[2025-06-16T00:14:37.712+0000][195.389s][915][941][info ] Entering safepoint region: Cleanup
[2025-06-16T00:14:37.712+0000][195.389s][915][941][info ] Leaving safepoint region
[2025-06-16T00:14:37.712+0000][195.389s][915][941][info ] Total time for which application threads were stopped: 0.0001581 seconds, Stopping threads took: 0.0000275 seconds
[2025-06-16T00:14:39.712+0000][197.390s][915][941][info ] Application time: 2.0001651 seconds
[2025-06-16T00:14:39.712+0000][197.390s][915][941][info ] Entering safepoint region: Cleanup
[2025-06-16T00:14:39.712+0000][197.390s][915][941][info ] Leaving safepoint region
[2025-06-16T00:14:39.712+0000][197.390s][915][941][info ] Total time for which application threads were stopped: 0.0001927 seconds, Stopping threads took: 0.0000355 seconds
[2025-06-16T00:14:41.617+0000][199.294s][915][941][info ] Application time: 1.9043566 seconds
[2025-06-16T00:14:41.619+0000][199.296s][915][941][info ] Entering safepoint region: ICBufferFull
[2025-06-16T00:14:41.619+0000][199.296s][915][941][info ] Leaving safepoint region
[2025-06-16T00:14:41.619+0000][199.297s][915][941][info ] Total time for which application threads were stopped: 0.0023092 seconds, Stopping threads took: 0.0018920 seconds
[2025-06-16T00:14:42.127+0000][199.805s][915][941][info ] Application time: 0.5080824 seconds
[2025-06-16T00:14:42.128+0000][199.805s][915][941][info ] Entering safepoint region: ICBufferFull
[2025-06-16T00:14:42.128+0000][199.805s][915][941][info ] Leaving safepoint region
[2025-06-16T00:14:42.128+0000][199.805s][915][941][info ] Total time for which application threads were stopped: 0.0007065 seconds, Stopping threads took: 0.0004075 seconds
[2025-06-16T00:14:43.128+0000][200.805s][915][941][info ] Application time: 1.0000922 seconds
[2025-06-16T00:14:43.128+0000][200.806s][915][941][info ] Entering safepoint region: Cleanup
[2025-06-16T00:14:43.128+0000][200.806s][915][941][info ] Leaving safepoint region
[2025-06-16T00:14:43.128+0000][200.806s][915][941][info ] Total time for which application threads were stopped: 0.0001896 seconds, Stopping threads took: 0.0000351 seconds
[2025-06-16T00:14:44.032+0000][201.710s][915][940][trace] CMS: promo attempt is safe: available(6912212992) >= av_promo(0), max_promo(696021920)
[2025-06-16T00:14:44.128+0000][201.806s][915][941][info ] Application time: 1.0001016 seconds
[2025-06-16T00:14:44.128+0000][201.806s][915][941][info ] Entering safepoint region: Cleanup
[2025-06-16T00:14:44.129+0000][201.806s][915][941][info ] Leaving safepoint region
[2025-06-16T00:14:44.129+0000][201.806s][915][941][info ] Total time for which application threads were stopped: 0.0002001 seconds, Stopping threads took: 0.0000366 seconds
[2025-06-16T00:14:45.129+0000][202.806s][915][941][info ] Application time: 1.0000490 seconds
[2025-06-16T00:14:45.129+0000][202.806s][915][941][info ] Entering safepoint region: Cleanup
[2025-06-16T00:14:45.129+0000][202.806s][915][941][info ] Leaving safepoint region
[2025-06-16T00:14:45.129+0000][202.806s][915][941][info ] Total time for which application threads were stopped: 0.0001973 seconds, Stopping threads took: 0.0000381 seconds
[2025-06-16T00:14:46.129+0000][203.807s][915][941][info ] Application time: 1.0000976 seconds
[2025-06-16T00:14:46.129+0000][203.807s][915][941][info ] Entering safepoint region: Cleanup
[2025-06-16T00:14:46.129+0000][203.807s][915][941][info ] Leaving safepoint region
[2025-06-16T00:14:46.129+0000][203.807s][915][941][info ] Total time for which application threads were stopped: 0.0001909 seconds, Stopping threads took: 0.0000400 seconds
[2025-06-16T00:14:47.129+0000][204.807s][915][941][info ] Application time: 1.0000911 seconds
[2025-06-16T00:14:47.130+0000][204.807s][915][941][info ] Entering safepoint region: Cleanup
[2025-06-16T00:14:47.130+0000][204.807s][915][941][info ] Leaving safepoint region
[2025-06-16T00:14:47.130+0000][204.807s][915][941][info ] Total time for which application threads were stopped: 0.0001791 seconds, Stopping threads took: 0.0000344 seconds
[2025-06-16T00:14:48.130+0000][205.807s][915][941][info ] Application time: 1.0001162 seconds
[2025-06-16T00:14:48.130+0000][205.807s][915][941][info ] Entering safepoint region: Cleanup
[2025-06-16T00:14:48.130+0000][205.808s][915][941][info ] Leaving safepoint region
[2025-06-16T00:14:48.130+0000][205.808s][915][941][info ] Total time for which application threads were stopped: 0.0002355 seconds, Stopping threads took: 0.0000642 seconds
[2025-06-16T00:14:49.130+0000][206.808s][915][941][info ] Application time: 1.0000871 seconds
[2025-06-16T00:14:49.130+0000][206.808s][915][941][info ] Entering safepoint region: Cleanup
[2025-06-16T00:14:49.130+0000][206.808s][915][941][info ] Leaving safepoint region
[2025-06-16T00:14:49.130+0000][206.808s][915][941][info ] Total time for which application threads were stopped: 0.0001826 seconds, Stopping threads took: 0.0000356 seconds
[2025-06-16T00:14:50.131+0000][207.808s][915][941][info ] Application time: 1.0001410 seconds
[2025-06-16T00:14:50.131+0000][207.808s][915][941][info ] Entering safepoint region: Cleanup
[2025-06-16T00:14:50.131+0000][207.808s][915][941][info ] Leaving safepoint region
[2025-06-16T00:14:50.131+0000][207.808s][915][941][info ] Total time for which application threads were stopped: 0.0002069 seconds, Stopping threads took: 0.0000408 seconds
[2025-06-16T00:14:51.131+0000][208.809s][915][941][info ] Application time: 1.0001141 seconds
[2025-06-16T00:14:51.131+0000][208.809s][915][941][info ] Entering safepoint region: Cleanup
[2025-06-16T00:14:51.131+0000][208.809s][915][941][info ] Leaving safepoint region
[2025-06-16T00:14:51.131+0000][208.809s][915][941][info ] Total time for which application threads were stopped: 0.0001732 seconds, Stopping threads took: 0.0000333 seconds
[2025-06-16T00:14:52.131+0000][209.809s][915][941][info ] Application time: 1.0000737 seconds
[2025-06-16T00:14:52.131+0000][209.809s][915][941][info ] Entering safepoint region: Cleanup
[2025-06-16T00:14:52.132+0000][209.809s][915][941][info ] Leaving safepoint region
[2025-06-16T00:14:52.132+0000][209.809s][915][941][info ] Total time for which application threads were stopped: 0.0002851 seconds, Stopping threads took: 0.0000543 seconds
[2025-06-16T00:14:53.132+0000][210.809s][915][941][info ] Application time: 1.0000957 seconds
[2025-06-16T00:14:53.132+0000][210.809s][915][941][info ] Entering safepoint region: Cleanup
[2025-06-16T00:14:53.132+0000][210.810s][915][941][info ] Leaving safepoint region
[2025-06-16T00:14:53.132+0000][210.810s][915][941][info ] Total time for which application threads were stopped: 0.0002011 seconds, Stopping threads took: 0.0000399 seconds
[2025-06-16T00:14:54.032+0000][211.710s][915][940][trace] CMS: promo attempt is safe: available(6912212992) >= av_promo(0), max_promo(696021920)
[2025-06-16T00:14:54.132+0000][211.810s][915][941][info ] Application time: 1.0000968 seconds
[2025-06-16T00:14:54.132+0000][211.810s][915][941][info ] Entering safepoint region: Cleanup
[2025-06-16T00:14:54.133+0000][211.810s][915][941][info ] Leaving safepoint region
[2025-06-16T00:14:54.133+0000][211.810s][915][941][info ] Total time for which application threads were stopped: 0.0002428 seconds, Stopping threads took: 0.0000492 seconds
[2025-06-16T00:14:55.133+0000][212.810s][915][941][info ] Application time: 1.0001237 seconds
[2025-06-16T00:14:55.133+0000][212.810s][915][941][info ] Entering safepoint region: Cleanup
[2025-06-16T00:14:55.133+0000][212.811s][915][941][info ] Leaving safepoint region
[2025-06-16T00:14:55.133+0000][212.811s][915][941][info ] Total time for which application threads were stopped: 0.0004839 seconds, Stopping threads took: 0.0000604 seconds
[2025-06-16T00:14:56.133+0000][213.811s][915][941][info ] Application time: 1.0001315 seconds
[2025-06-16T00:14:56.134+0000][213.811s][915][941][info ] Entering safepoint region: Cleanup
[2025-06-16T00:14:56.134+0000][213.811s][915][941][info ] Leaving safepoint region
[2025-06-16T00:14:56.134+0000][213.811s][915][941][info ] Total time for which application threads were stopped: 0.0001916 seconds, Stopping threads took: 0.0000420 seconds
[2025-06-16T00:14:57.134+0000][214.811s][915][941][info ] Application time: 1.0001562 seconds
[2025-06-16T00:14:57.134+0000][214.812s][915][941][info ] Entering safepoint region: Cleanup
[2025-06-16T00:14:57.134+0000][214.812s][915][941][info ] Leaving safepoint region
[2025-06-16T00:14:57.134+0000][214.812s][915][941][info ] Total time for which application threads were stopped: 0.0002669 seconds, Stopping threads took: 0.0000574 seconds
[2025-06-16T00:14:58.134+0000][215.812s][915][941][info ] Application time: 1.0001737 seconds
[2025-06-16T00:14:58.135+0000][215.812s][915][941][info ] Entering safepoint region: Cleanup
[2025-06-16T00:14:58.135+0000][215.812s][915][941][info ] Leaving safepoint region
[2025-06-16T00:14:58.135+0000][215.812s][915][941][info ] Total time for which application threads were stopped: 0.0002337 seconds, Stopping threads took: 0.0000359 seconds
[2025-06-16T00:14:59.135+0000][216.812s][915][941][info ] Application time: 1.0000961 seconds
[2025-06-16T00:14:59.135+0000][216.812s][915][941][info ] Entering safepoint region: Cleanup
[2025-06-16T00:14:59.135+0000][216.813s][915][941][info ] Leaving safepoint region
[2025-06-16T00:14:59.135+0000][216.813s][915][941][info ] Total time for which application threads were stopped: 0.0002000 seconds, Stopping threads took: 0.0000411 seconds
[2025-06-16T00:15:00.135+0000][217.813s][915][941][info ] Application time: 1.0000911 seconds
[2025-06-16T00:15:00.135+0000][217.813s][915][941][info ] Entering safepoint region: Cleanup
[2025-06-16T00:15:00.135+0000][217.813s][915][941][info ] Leaving safepoint region
[2025-06-16T00:15:00.135+0000][217.813s][915][941][info ] Total time for which application threads were stopped: 0.0001848 seconds, Stopping threads took: 0.0000446 seconds
[2025-06-16T00:15:01.136+0000][218.813s][915][941][info ] Application time: 1.0001163 seconds
[2025-06-16T00:15:01.136+0000][218.813s][915][941][info ] Entering safepoint region: Cleanup
[2025-06-16T00:15:01.136+0000][218.813s][915][941][info ] Leaving safepoint region
[2025-06-16T00:15:01.136+0000][218.813s][915][941][info ] Total time for which application threads were stopped: 0.0002416 seconds, Stopping threads took: 0.0000369 seconds
[2025-06-16T00:15:02.136+0000][219.814s][915][941][info ] Application time: 1.0000676 seconds
[2025-06-16T00:15:02.136+0000][219.814s][915][941][info ] Entering safepoint region: Cleanup
[2025-06-16T00:15:02.136+0000][219.814s][915][941][info ] Leaving safepoint region
[2025-06-16T00:15:02.136+0000][219.814s][915][941][info ] Total time for which application threads were stopped: 0.0001629 seconds, Stopping threads took: 0.0000324 seconds
[2025-06-16T00:15:03.136+0000][220.814s][915][941][info ] Application time: 1.0000910 seconds
[2025-06-16T00:15:03.136+0000][220.814s][915][941][info ] Entering safepoint region: Cleanup
[2025-06-16T00:15:03.137+0000][220.814s][915][941][info ] Leaving safepoint region
[2025-06-16T00:15:03.137+0000][220.814s][915][941][info ] Total time for which application threads were stopped: 0.0002356 seconds, Stopping threads took: 0.0000379 seconds
[2025-06-16T00:15:04.032+0000][221.709s][915][940][trace] CMS: promo attempt is safe: available(6912212992) >= av_promo(0), max_promo(696021920)
[2025-06-16T00:15:04.137+0000][221.814s][915][941][info ] Application time: 1.0001173 seconds
[2025-06-16T00:15:04.137+0000][221.814s][915][941][info ] Entering safepoint region: Cleanup
[2025-06-16T00:15:04.137+0000][221.815s][915][941][info ] Leaving safepoint region
[2025-06-16T00:15:04.137+0000][221.815s][915][941][info ] Total time for which application threads were stopped: 0.0002295 seconds, Stopping threads took: 0.0000486 seconds
[2025-06-16T00:15:05.137+0000][222.815s][915][941][info ] Application time: 1.0000972 seconds
[2025-06-16T00:15:05.137+0000][222.815s][915][941][info ] Entering safepoint region: Cleanup
[2025-06-16T00:15:05.137+0000][222.815s][915][941][info ] Leaving safepoint region
[2025-06-16T00:15:05.137+0000][222.815s][915][941][info ] Total time for which application threads were stopped: 0.0001832 seconds, Stopping threads took: 0.0000345 seconds
[2025-06-16T00:15:06.138+0000][223.815s][915][941][info ] Application time: 1.0001342 seconds
[2025-06-16T00:15:06.138+0000][223.815s][915][941][info ] Entering safepoint region: Cleanup
[2025-06-16T00:15:06.138+0000][223.815s][915][941][info ] Leaving safepoint region
[2025-06-16T00:15:06.138+0000][223.815s][915][941][info ] Total time for which application threads were stopped: 0.0002731 seconds, Stopping threads took: 0.0000380 seconds
[2025-06-16T00:15:07.138+0000][224.816s][915][941][info ] Application time: 1.0000908 seconds
[2025-06-16T00:15:07.138+0000][224.816s][915][941][info ] Entering safepoint region: Cleanup
[2025-06-16T00:15:07.138+0000][224.816s][915][941][info ] Leaving safepoint region
[2025-06-16T00:15:07.138+0000][224.816s][915][941][info ] Total time for which application threads were stopped: 0.0001577 seconds, Stopping threads took: 0.0000365 seconds
[2025-06-16T00:15:08.138+0000][225.816s][915][941][info ] Application time: 1.0001040 seconds
[2025-06-16T00:15:08.139+0000][225.816s][915][941][info ] Entering safepoint region: Cleanup
[2025-06-16T00:15:08.139+0000][225.816s][915][941][info ] Leaving safepoint region
[2025-06-16T00:15:08.139+0000][225.816s][915][941][info ] Total time for which application threads were stopped: 0.0002505 seconds, Stopping threads took: 0.0000486 seconds
[2025-06-16T00:15:09.139+0000][226.816s][915][941][info ] Application time: 1.0001161 seconds
[2025-06-16T00:15:09.139+0000][226.816s][915][941][info ] Entering safepoint region: Cleanup
[2025-06-16T00:15:09.139+0000][226.817s][915][941][info ] Leaving safepoint region
[2025-06-16T00:15:09.139+0000][226.817s][915][941][info ] Total time for which application threads were stopped: 0.0002316 seconds, Stopping threads took: 0.0000491 seconds
[2025-06-16T00:15:10.139+0000][227.817s][915][941][info ] Application time: 1.0000976 seconds
[2025-06-16T00:15:10.139+0000][227.817s][915][941][info ] Entering safepoint region: Cleanup
[2025-06-16T00:15:10.140+0000][227.817s][915][941][info ] Leaving safepoint region
[2025-06-16T00:15:10.140+0000][227.817s][915][941][info ] Total time for which application threads were stopped: 0.0001650 seconds, Stopping threads took: 0.0000350 seconds
[2025-06-16T00:15:11.140+0000][228.817s][915][941][info ] Application time: 1.0000818 seconds
[2025-06-16T00:15:11.140+0000][228.817s][915][941][info ] Entering safepoint region: Cleanup
[2025-06-16T00:15:11.140+0000][228.817s][915][941][info ] Leaving safepoint region
[2025-06-16T00:15:11.140+0000][228.817s][915][941][info ] Total time for which application threads were stopped: 0.0001850 seconds, Stopping threads took: 0.0000388 seconds
[2025-06-16T00:15:12.140+0000][229.817s][915][941][info ] Application time: 1.0000999 seconds
[2025-06-16T00:15:12.140+0000][229.818s][915][941][info ] Entering safepoint region: Cleanup
[2025-06-16T00:15:12.140+0000][229.818s][915][941][info ] Leaving safepoint region
[2025-06-16T00:15:12.140+0000][229.818s][915][941][info ] Total time for which application threads were stopped: 0.0002130 seconds, Stopping threads took: 0.0000446 seconds
[2025-06-16T00:15:13.140+0000][230.818s][915][941][info ] Application time: 1.0001014 seconds
[2025-06-16T00:15:13.140+0000][230.818s][915][941][info ] Entering safepoint region: Cleanup
[2025-06-16T00:15:13.141+0000][230.818s][915][941][info ] Leaving safepoint region
[2025-06-16T00:15:13.141+0000][230.818s][915][941][info ] Total time for which application threads were stopped: 0.0002202 seconds, Stopping threads took: 0.0000437 seconds
[2025-06-16T00:15:14.032+0000][231.709s][915][940][trace] CMS: promo attempt is safe: available(6912212992) >= av_promo(0), max_promo(696021920)
[2025-06-16T00:15:14.141+0000][231.818s][915][941][info ] Application time: 1.0000931 seconds
[2025-06-16T00:15:14.141+0000][231.818s][915][941][info ] Entering safepoint region: Cleanup
[2025-06-16T00:15:14.141+0000][231.818s][915][941][info ] Leaving safepoint region
[2025-06-16T00:15:14.141+0000][231.819s][915][941][info ] Total time for which application threads were stopped: 0.0001690 seconds, Stopping threads took: 0.0000360 seconds
[2025-06-16T00:15:15.141+0000][232.819s][915][941][info ] Application time: 1.0000874 seconds
[2025-06-16T00:15:15.141+0000][232.819s][915][941][info ] Entering safepoint region: Cleanup
[2025-06-16T00:15:15.141+0000][232.819s][915][941][info ] Leaving safepoint region
[2025-06-16T00:15:15.141+0000][232.819s][915][941][info ] Total time for which application threads were stopped: 0.0002257 seconds, Stopping threads took: 0.0000384 seconds
[2025-06-16T00:15:16.142+0000][233.819s][915][941][info ] Application time: 1.0001171 seconds
[2025-06-16T00:15:16.142+0000][233.819s][915][941][info ] Entering safepoint region: Cleanup
[2025-06-16T00:15:16.142+0000][233.819s][915][941][info ] Leaving safepoint region
[2025-06-16T00:15:16.142+0000][233.819s][915][941][info ] Total time for which application threads were stopped: 0.0002609 seconds, Stopping threads took: 0.0000459 seconds
[2025-06-16T00:15:17.142+0000][234.820s][915][941][info ] Application time: 1.0000985 seconds
[2025-06-16T00:15:17.143+0000][234.821s][915][941][info ] Entering safepoint region: Cleanup
[2025-06-16T00:15:17.144+0000][234.822s][915][941][info ] Leaving safepoint region
[2025-06-16T00:15:17.144+0000][234.822s][915][941][info ] Total time for which application threads were stopped: 0.0007647 seconds, Stopping threads took: 0.0004697 seconds
[2025-06-16T00:15:18.144+0000][235.822s][915][941][info ] Application time: 1.0001447 seconds
[2025-06-16T00:15:18.144+0000][235.822s][915][941][info ] Entering safepoint region: Cleanup
[2025-06-16T00:15:18.145+0000][235.822s][915][941][info ] Leaving safepoint region
[2025-06-16T00:15:18.145+0000][235.822s][915][941][info ] Total time for which application threads were stopped: 0.0003063 seconds, Stopping threads took: 0.0000612 seconds
[2025-06-16T00:15:19.145+0000][236.822s][915][941][info ] Application time: 1.0001126 seconds
[2025-06-16T00:15:19.145+0000][236.823s][915][941][info ] Entering safepoint region: Cleanup
[2025-06-16T00:15:19.145+0000][236.823s][915][941][info ] Leaving safepoint region
[2025-06-16T00:15:19.145+0000][236.823s][915][941][info ] Total time for which application threads were stopped: 0.0002710 seconds, Stopping threads took: 0.0000675 seconds
[2025-06-16T00:15:20.145+0000][237.823s][915][941][info ] Application time: 1.0001015 seconds
[2025-06-16T00:15:20.145+0000][237.823s][915][941][info ] Entering safepoint region: Cleanup
[2025-06-16T00:15:20.146+0000][237.823s][915][941][info ] Leaving safepoint region
[2025-06-16T00:15:20.146+0000][237.823s][915][941][info ] Total time for which application threads were stopped: 0.0002093 seconds, Stopping threads took: 0.0000410 seconds
[2025-06-16T00:15:21.146+0000][238.823s][915][941][info ] Application time: 1.0001125 seconds
[2025-06-16T00:15:21.146+0000][238.823s][915][941][info ] Entering safepoint region: Cleanup
[2025-06-16T00:15:21.146+0000][238.824s][915][941][info ] Leaving safepoint region
[2025-06-16T00:15:21.146+0000][238.824s][915][941][info ] Total time for which application threads were stopped: 0.0001889 seconds, Stopping threads took: 0.0000359 seconds
[2025-06-16T00:15:22.146+0000][239.824s][915][941][info ] Application time: 1.0000953 seconds
[2025-06-16T00:15:22.146+0000][239.824s][915][941][info ] Entering safepoint region: Cleanup
[2025-06-16T00:15:22.146+0000][239.824s][915][941][info ] Leaving safepoint region
[2025-06-16T00:15:22.147+0000][239.824s][915][941][info ] Total time for which application threads were stopped: 0.0002825 seconds, Stopping threads took: 0.0000474 seconds
[2025-06-16T00:15:23.147+0000][240.824s][915][941][info ] Application time: 1.0001296 seconds
[2025-06-16T00:15:23.147+0000][240.824s][915][941][info ] Entering safepoint region: Cleanup
[2025-06-16T00:15:23.147+0000][240.824s][915][941][info ] Leaving safepoint region
[2025-06-16T00:15:23.147+0000][240.824s][915][941][info ] Total time for which application threads were stopped: 0.0002544 seconds, Stopping threads took: 0.0000573 seconds
[2025-06-16T00:15:24.031+0000][241.709s][915][940][trace] CMS: promo attempt is safe: available(6912212992) >= av_promo(0), max_promo(696021920)
[2025-06-16T00:15:24.147+0000][241.825s][915][941][info ] Application time: 1.0001290 seconds
[2025-06-16T00:15:24.147+0000][241.825s][915][941][info ] Entering safepoint region: Cleanup
[2025-06-16T00:15:24.147+0000][241.825s][915][941][info ] Leaving safepoint region
[2025-06-16T00:15:24.147+0000][241.825s][915][941][info ] Total time for which application threads were stopped: 0.0002443 seconds, Stopping threads took: 0.0000445 seconds
[2025-06-16T00:15:25.148+0000][242.825s][915][941][info ] Application time: 1.0001119 seconds
[2025-06-16T00:15:25.148+0000][242.825s][915][941][info ] Entering safepoint region: Cleanup
[2025-06-16T00:15:25.148+0000][242.825s][915][941][info ] Leaving safepoint region
[2025-06-16T00:15:25.148+0000][242.826s][915][941][info ] Total time for which application threads were stopped: 0.0003188 seconds, Stopping threads took: 0.0000641 seconds
[2025-06-16T00:15:26.148+0000][243.826s][915][941][info ] Application time: 1.0001056 seconds
[2025-06-16T00:15:26.148+0000][243.826s][915][941][info ] Entering safepoint region: Cleanup
[2025-06-16T00:15:26.149+0000][243.826s][915][941][info ] Leaving safepoint region
[2025-06-16T00:15:26.149+0000][243.826s][915][941][info ] Total time for which application threads were stopped: 0.0003252 seconds, Stopping threads took: 0.0000645 seconds
[2025-06-16T00:15:27.149+0000][244.826s][915][941][info ] Application time: 1.0001379 seconds
[2025-06-16T00:15:27.149+0000][244.826s][915][941][info ] Entering safepoint region: Cleanup
[2025-06-16T00:15:27.149+0000][244.827s][915][941][info ] Leaving safepoint region
[2025-06-16T00:15:27.149+0000][244.827s][915][941][info ] Total time for which application threads were stopped: 0.0003155 seconds, Stopping threads took: 0.0000646 seconds
[2025-06-16T00:15:28.149+0000][245.827s][915][941][info ] Application time: 1.0001107 seconds
[2025-06-16T00:15:28.149+0000][245.827s][915][941][info ] Entering safepoint region: Cleanup
[2025-06-16T00:15:28.150+0000][245.827s][915][941][info ] Leaving safepoint region
[2025-06-16T00:15:28.150+0000][245.827s][915][941][info ] Total time for which application threads were stopped: 0.0002429 seconds, Stopping threads took: 0.0000490 seconds
[2025-06-16T00:15:29.150+0000][246.827s][915][941][info ] Application time: 1.0001117 seconds
[2025-06-16T00:15:29.150+0000][246.827s][915][941][info ] Entering safepoint region: Cleanup
[2025-06-16T00:15:29.150+0000][246.828s][915][941][info ] Leaving safepoint region
[2025-06-16T00:15:29.150+0000][246.828s][915][941][info ] Total time for which application threads were stopped: 0.0002903 seconds, Stopping threads took: 0.0000522 seconds
[2025-06-16T00:15:30.150+0000][247.828s][915][941][info ] Application time: 1.0000922 seconds
[2025-06-16T00:15:30.150+0000][247.828s][915][941][info ] Entering safepoint region: Cleanup
[2025-06-16T00:15:30.150+0000][247.828s][915][941][info ] Leaving safepoint region
[2025-06-16T00:15:30.150+0000][247.828s][915][941][info ] Total time for which application threads were stopped: 0.0001899 seconds, Stopping threads took: 0.0000472 seconds
[2025-06-16T00:15:31.151+0000][248.828s][915][941][info ] Application time: 1.0000991 seconds
[2025-06-16T00:15:31.151+0000][248.828s][915][941][info ] Entering safepoint region: Cleanup
[2025-06-16T00:15:31.151+0000][248.828s][915][941][info ] Leaving safepoint region
[2025-06-16T00:15:31.151+0000][248.828s][915][941][info ] Total time for which application threads were stopped: 0.0001726 seconds, Stopping threads took: 0.0000379 seconds
[2025-06-16T00:15:32.151+0000][249.828s][915][941][info ] Application time: 1.0000945 seconds
[2025-06-16T00:15:32.151+0000][249.829s][915][941][info ] Entering safepoint region: Cleanup
[2025-06-16T00:15:32.151+0000][249.829s][915][941][info ] Leaving safepoint region
[2025-06-16T00:15:32.151+0000][249.829s][915][941][info ] Total time for which application threads were stopped: 0.0001675 seconds, Stopping threads took: 0.0000359 seconds
[2025-06-16T00:15:33.151+0000][250.829s][915][941][info ] Application time: 1.0001348 seconds
[2025-06-16T00:15:33.152+0000][250.829s][915][941][info ] Entering safepoint region: Cleanup
[2025-06-16T00:15:33.152+0000][250.829s][915][941][info ] Leaving safepoint region
[2025-06-16T00:15:33.152+0000][250.829s][915][941][info ] Total time for which application threads were stopped: 0.0003403 seconds, Stopping threads took: 0.0000737 seconds
[2025-06-16T00:15:34.031+0000][251.708s][915][940][trace] CMS: promo attempt is safe: available(6912212992) >= av_promo(0), max_promo(709443720)
[2025-06-16T00:15:34.152+0000][251.829s][915][941][info ] Application time: 1.0000985 seconds
[2025-06-16T00:15:34.152+0000][251.829s][915][941][info ] Entering safepoint region: Cleanup
[2025-06-16T00:15:34.152+0000][251.830s][915][941][info ] Leaving safepoint region
[2025-06-16T00:15:34.152+0000][251.830s][915][941][info ] Total time for which application threads were stopped: 0.0001520 seconds, Stopping threads took: 0.0000312 seconds
[2025-06-16T00:15:35.152+0000][252.830s][915][941][info ] Application time: 1.0001038 seconds
[2025-06-16T00:15:35.152+0000][252.830s][915][941][info ] Entering safepoint region: Cleanup
[2025-06-16T00:15:35.153+0000][252.830s][915][941][info ] Leaving safepoint region
[2025-06-16T00:15:35.153+0000][252.830s][915][941][info ] Total time for which application threads were stopped: 0.0001939 seconds, Stopping threads took: 0.0000392 seconds
[2025-06-16T00:15:36.153+0000][253.830s][915][941][info ] Application time: 1.0000866 seconds
[2025-06-16T00:15:36.153+0000][253.830s][915][941][info ] Entering safepoint region: Cleanup
[2025-06-16T00:15:36.153+0000][253.830s][915][941][info ] Leaving safepoint region
[2025-06-16T00:15:36.153+0000][253.830s][915][941][info ] Total time for which application threads were stopped: 0.0001568 seconds, Stopping threads took: 0.0000326 seconds
[2025-06-16T00:15:37.153+0000][254.830s][915][941][info ] Application time: 1.0000736 seconds
[2025-06-16T00:15:37.153+0000][254.831s][915][941][info ] Entering safepoint region: Cleanup
[2025-06-16T00:15:37.153+0000][254.831s][915][941][info ] Leaving safepoint region
[2025-06-16T00:15:37.153+0000][254.831s][915][941][info ] Total time for which application threads were stopped: 0.0001969 seconds, Stopping threads took: 0.0000403 seconds
[2025-06-16T00:15:38.153+0000][255.831s][915][941][info ] Application time: 1.0001021 seconds
[2025-06-16T00:15:38.153+0000][255.831s][915][941][info ] Entering safepoint region: Cleanup
[2025-06-16T00:15:38.154+0000][255.831s][915][941][info ] Leaving safepoint region
[2025-06-16T00:15:38.154+0000][255.831s][915][941][info ] Total time for which application threads were stopped: 0.0001932 seconds, Stopping threads took: 0.0000322 seconds
[2025-06-16T00:15:39.154+0000][256.831s][915][941][info ] Application time: 1.0000949 seconds
[2025-06-16T00:15:39.154+0000][256.831s][915][941][info ] Entering safepoint region: Cleanup
[2025-06-16T00:15:39.154+0000][256.831s][915][941][info ] Leaving safepoint region
[2025-06-16T00:15:39.154+0000][256.831s][915][941][info ] Total time for which application threads were stopped: 0.0002032 seconds, Stopping threads took: 0.0000578 seconds
[2025-06-16T00:15:40.154+0000][257.832s][915][941][info ] Application time: 1.0000952 seconds
[2025-06-16T00:15:40.154+0000][257.832s][915][941][info ] Entering safepoint region: Cleanup
[2025-06-16T00:15:40.154+0000][257.832s][915][941][info ] Leaving safepoint region
[2025-06-16T00:15:40.154+0000][257.832s][915][941][info ] Total time for which application threads were stopped: 0.0001589 seconds, Stopping threads took: 0.0000341 seconds
[2025-06-16T00:15:41.154+0000][258.832s][915][941][info ] Application time: 1.0000898 seconds
[2025-06-16T00:15:41.155+0000][258.832s][915][941][info ] Entering safepoint region: Cleanup
[2025-06-16T00:15:41.155+0000][258.832s][915][941][info ] Leaving safepoint region
[2025-06-16T00:15:41.155+0000][258.832s][915][941][info ] Total time for which application threads were stopped: 0.0002102 seconds, Stopping threads took: 0.0000458 seconds
[2025-06-16T00:15:42.155+0000][259.832s][915][941][info ] Application time: 1.0001058 seconds
[2025-06-16T00:15:42.155+0000][259.832s][915][941][info ] Entering safepoint region: Cleanup
[2025-06-16T00:15:42.155+0000][259.833s][915][941][info ] Leaving safepoint region
[2025-06-16T00:15:42.155+0000][259.833s][915][941][info ] Total time for which application threads were stopped: 0.0001969 seconds, Stopping threads took: 0.0000362 seconds
[2025-06-16T00:15:43.155+0000][260.833s][915][941][info ] Application time: 1.0000935 seconds
[2025-06-16T00:15:43.155+0000][260.833s][915][941][info ] Entering safepoint region: Cleanup
[2025-06-16T00:15:43.155+0000][260.833s][915][941][info ] Leaving safepoint region
[2025-06-16T00:15:43.155+0000][260.833s][915][941][info ] Total time for which application threads were stopped: 0.0002028 seconds, Stopping threads took: 0.0000554 seconds
[2025-06-16T00:15:44.031+0000][261.708s][915][940][trace] CMS: promo attempt is safe: available(6912212992) >= av_promo(0), max_promo(709443720)
[2025-06-16T00:15:44.156+0000][261.833s][915][941][info ] Application time: 1.0000933 seconds
[2025-06-16T00:15:44.156+0000][261.833s][915][941][info ] Entering safepoint region: Cleanup
[2025-06-16T00:15:44.156+0000][261.833s][915][941][info ] Leaving safepoint region
[2025-06-16T00:15:44.156+0000][261.833s][915][941][info ] Total time for which application threads were stopped: 0.0002049 seconds, Stopping threads took: 0.0000385 seconds
[2025-06-16T00:15:45.156+0000][262.834s][915][941][info ] Application time: 1.0000975 seconds
[2025-06-16T00:15:45.156+0000][262.834s][915][941][info ] Entering safepoint region: Cleanup
[2025-06-16T00:15:45.156+0000][262.834s][915][941][info ] Leaving safepoint region
[2025-06-16T00:15:45.156+0000][262.834s][915][941][info ] Total time for which application threads were stopped: 0.0001886 seconds, Stopping threads took: 0.0000392 seconds
[2025-06-16T00:15:46.156+0000][263.834s][915][941][info ] Application time: 1.0001198 seconds
[2025-06-16T00:15:46.157+0000][263.834s][915][941][info ] Entering safepoint region: Cleanup
[2025-06-16T00:15:46.157+0000][263.834s][915][941][info ] Leaving safepoint region
[2025-06-16T00:15:46.157+0000][263.834s][915][941][info ] Total time for which application threads were stopped: 0.0002070 seconds, Stopping threads took: 0.0000417 seconds
[2025-06-16T00:15:47.157+0000][264.834s][915][941][info ] Application time: 1.0000902 seconds
[2025-06-16T00:15:47.157+0000][264.834s][915][941][info ] Entering safepoint region: Cleanup
[2025-06-16T00:15:47.157+0000][264.835s][915][941][info ] Leaving safepoint region
[2025-06-16T00:15:47.157+0000][264.835s][915][941][info ] Total time for which application threads were stopped: 0.0001626 seconds, Stopping threads took: 0.0000328 seconds
[2025-06-16T00:15:48.157+0000][265.835s][915][941][info ] Application time: 1.0001021 seconds
[2025-06-16T00:15:48.157+0000][265.835s][915][941][info ] Entering safepoint region: Cleanup
[2025-06-16T00:15:48.157+0000][265.835s][915][941][info ] Leaving safepoint region
[2025-06-16T00:15:48.157+0000][265.835s][915][941][info ] Total time for which application threads were stopped: 0.0001985 seconds, Stopping threads took: 0.0000384 seconds
[2025-06-16T00:15:49.158+0000][266.835s][915][941][info ] Application time: 1.0000902 seconds
[2025-06-16T00:15:49.158+0000][266.835s][915][941][info ] Entering safepoint region: Cleanup
[2025-06-16T00:15:49.158+0000][266.835s][915][941][info ] Leaving safepoint region
[2025-06-16T00:15:49.158+0000][266.835s][915][941][info ] Total time for which application threads were stopped: 0.0002471 seconds, Stopping threads took: 0.0000371 seconds
[2025-06-16T00:15:50.158+0000][267.835s][915][941][info ] Application time: 1.0001099 seconds
[2025-06-16T00:15:50.158+0000][267.836s][915][941][info ] Entering safepoint region: Cleanup
[2025-06-16T00:15:50.158+0000][267.836s][915][941][info ] Leaving safepoint region
[2025-06-16T00:15:50.158+0000][267.836s][915][941][info ] Total time for which application threads were stopped: 0.0001748 seconds, Stopping threads took: 0.0000395 seconds
[2025-06-16T00:15:51.158+0000][268.836s][915][941][info ] Application time: 1.0001133 seconds
[2025-06-16T00:15:51.158+0000][268.836s][915][941][info ] Entering safepoint region: Cleanup
[2025-06-16T00:15:51.159+0000][268.836s][915][941][info ] Leaving safepoint region
[2025-06-16T00:15:51.159+0000][268.836s][915][941][info ] Total time for which application threads were stopped: 0.0001909 seconds, Stopping threads took: 0.0000386 seconds
[2025-06-16T00:15:52.159+0000][269.836s][915][941][info ] Application time: 1.0001110 seconds
[2025-06-16T00:15:52.159+0000][269.836s][915][941][info ] Entering safepoint region: Cleanup
[2025-06-16T00:15:52.159+0000][269.837s][915][941][info ] Leaving safepoint region
[2025-06-16T00:15:52.159+0000][269.837s][915][941][info ] Total time for which application threads were stopped: 0.0004422 seconds, Stopping threads took: 0.0000922 seconds
[2025-06-16T00:15:53.159+0000][270.837s][915][941][info ] Application time: 1.0001014 seconds
[2025-06-16T00:15:53.160+0000][270.837s][915][941][info ] Entering safepoint region: Cleanup
[2025-06-16T00:15:53.160+0000][270.837s][915][941][info ] Leaving safepoint region
[2025-06-16T00:15:53.160+0000][270.837s][915][941][info ] Total time for which application threads were stopped: 0.0002379 seconds, Stopping threads took: 0.0000463 seconds
[2025-06-16T00:15:54.030+0000][271.708s][915][940][trace] CMS: promo attempt is safe: available(6912212992) >= av_promo(0), max_promo(709443720)
[2025-06-16T00:15:54.160+0000][271.837s][915][941][info ] Application time: 1.0001022 seconds
[2025-06-16T00:15:54.160+0000][271.838s][915][941][info ] Entering safepoint region: Cleanup
[2025-06-16T00:15:54.160+0000][271.838s][915][941][info ] Leaving safepoint region
[2025-06-16T00:15:54.160+0000][271.838s][915][941][info ] Total time for which application threads were stopped: 0.0001604 seconds, Stopping threads took: 0.0000327 seconds
[2025-06-16T00:15:55.160+0000][272.838s][915][941][info ] Application time: 1.0001006 seconds
[2025-06-16T00:15:55.160+0000][272.838s][915][941][info ] Entering safepoint region: Cleanup
[2025-06-16T00:15:55.161+0000][272.838s][915][941][info ] Leaving safepoint region
[2025-06-16T00:15:55.161+0000][272.838s][915][941][info ] Total time for which application threads were stopped: 0.0002011 seconds, Stopping threads took: 0.0000468 seconds
[2025-06-16T00:15:56.161+0000][273.838s][915][941][info ] Application time: 1.0001061 seconds
[2025-06-16T00:15:56.161+0000][273.838s][915][941][info ] Entering safepoint region: Cleanup
[2025-06-16T00:15:56.161+0000][273.838s][915][941][info ] Leaving safepoint region
[2025-06-16T00:15:56.161+0000][273.838s][915][941][info ] Total time for which application threads were stopped: 0.0001752 seconds, Stopping threads took: 0.0000351 seconds
[2025-06-16T00:15:57.161+0000][274.839s][915][941][info ] Application time: 1.0001390 seconds
[2025-06-16T00:15:57.161+0000][274.839s][915][941][info ] Entering safepoint region: Cleanup
[2025-06-16T00:15:57.162+0000][274.839s][915][941][info ] Leaving safepoint region
[2025-06-16T00:15:57.162+0000][274.839s][915][941][info ] Total time for which application threads were stopped: 0.0003585 seconds, Stopping threads took: 0.0000721 seconds
[2025-06-16T00:15:58.162+0000][275.839s][915][941][info ] Application time: 1.0001039 seconds
[2025-06-16T00:15:58.162+0000][275.839s][915][941][info ] Entering safepoint region: Cleanup
[2025-06-16T00:15:58.162+0000][275.839s][915][941][info ] Leaving safepoint region
[2025-06-16T00:15:58.162+0000][275.840s][915][941][info ] Total time for which application threads were stopped: 0.0001845 seconds, Stopping threads took: 0.0000473 seconds
[2025-06-16T00:15:59.162+0000][276.840s][915][941][info ] Application time: 1.0000958 seconds
[2025-06-16T00:15:59.162+0000][276.840s][915][941][info ] Entering safepoint region: Cleanup
[2025-06-16T00:15:59.162+0000][276.840s][915][941][info ] Leaving safepoint region
[2025-06-16T00:15:59.162+0000][276.840s][915][941][info ] Total time for which application threads were stopped: 0.0002423 seconds, Stopping threads took: 0.0000431 seconds
[2025-06-16T00:16:00.163+0000][277.840s][915][941][info ] Application time: 1.0000951 seconds
[2025-06-16T00:16:00.163+0000][277.840s][915][941][info ] Entering safepoint region: Cleanup
[2025-06-16T00:16:00.163+0000][277.840s][915][941][info ] Leaving safepoint region
[2025-06-16T00:16:00.163+0000][277.840s][915][941][info ] Total time for which application threads were stopped: 0.0001707 seconds, Stopping threads took: 0.0000454 seconds
[2025-06-16T00:16:01.163+0000][278.840s][915][941][info ] Application time: 1.0001343 seconds
[2025-06-16T00:16:01.163+0000][278.841s][915][941][info ] Entering safepoint region: Cleanup
[2025-06-16T00:16:01.163+0000][278.841s][915][941][info ] Leaving safepoint region
[2025-06-16T00:16:01.163+0000][278.841s][915][941][info ] Total time for which application threads were stopped: 0.0002209 seconds, Stopping threads took: 0.0000508 seconds
[2025-06-16T00:16:02.163+0000][279.841s][915][941][info ] Application time: 1.0001336 seconds
[2025-06-16T00:16:02.164+0000][279.841s][915][941][info ] Entering safepoint region: Cleanup
[2025-06-16T00:16:02.164+0000][279.841s][915][941][info ] Leaving safepoint region
[2025-06-16T00:16:02.164+0000][279.841s][915][941][info ] Total time for which application threads were stopped: 0.0002674 seconds, Stopping threads took: 0.0000568 seconds
[2025-06-16T00:16:03.164+0000][280.841s][915][941][info ] Application time: 1.0001090 seconds
[2025-06-16T00:16:03.164+0000][280.842s][915][941][info ] Entering safepoint region: Cleanup
[2025-06-16T00:16:03.164+0000][280.842s][915][941][info ] Leaving safepoint region
[2025-06-16T00:16:03.164+0000][280.842s][915][941][info ] Total time for which application threads were stopped: 0.0002669 seconds, Stopping threads took: 0.0000619 seconds
[2025-06-16T00:16:04.030+0000][281.707s][915][940][trace] CMS: promo attempt is safe: available(6912212992) >= av_promo(0), max_promo(709443720)
[2025-06-16T00:16:04.164+0000][281.842s][915][941][info ] Application time: 1.0000993 seconds
[2025-06-16T00:16:04.164+0000][281.842s][915][941][info ] Entering safepoint region: Cleanup
[2025-06-16T00:16:04.165+0000][281.842s][915][941][info ] Leaving safepoint region
[2025-06-16T00:16:04.165+0000][281.842s][915][941][info ] Total time for which application threads were stopped: 0.0001618 seconds, Stopping threads took: 0.0000318 seconds
[2025-06-16T00:16:05.165+0000][282.842s][915][941][info ] Application time: 1.0001130 seconds
[2025-06-16T00:16:05.165+0000][282.842s][915][941][info ] Entering safepoint region: Cleanup
[2025-06-16T00:16:05.165+0000][282.843s][915][941][info ] Leaving safepoint region
[2025-06-16T00:16:05.165+0000][282.843s][915][941][info ] Total time for which application threads were stopped: 0.0002759 seconds, Stopping threads took: 0.0000568 seconds
[2025-06-16T00:16:06.165+0000][283.843s][915][941][info ] Application time: 1.0001091 seconds
[2025-06-16T00:16:06.165+0000][283.843s][915][941][info ] Entering safepoint region: Cleanup
[2025-06-16T00:16:06.166+0000][283.843s][915][941][info ] Leaving safepoint region
[2025-06-16T00:16:06.166+0000][283.843s][915][941][info ] Total time for which application threads were stopped: 0.0001779 seconds, Stopping threads took: 0.0000364 seconds
[2025-06-16T00:16:07.166+0000][284.843s][915][941][info ] Application time: 1.0001022 seconds
[2025-06-16T00:16:07.166+0000][284.843s][915][941][info ] Entering safepoint region: Cleanup
[2025-06-16T00:16:07.166+0000][284.843s][915][941][info ] Leaving safepoint region
[2025-06-16T00:16:07.166+0000][284.843s][915][941][info ] Total time for which application threads were stopped: 0.0002403 seconds, Stopping threads took: 0.0000478 seconds
[2025-06-16T00:16:08.166+0000][285.844s][915][941][info ] Application time: 1.0000920 seconds
[2025-06-16T00:16:08.166+0000][285.844s][915][941][info ] Entering safepoint region: Cleanup
[2025-06-16T00:16:08.166+0000][285.844s][915][941][info ] Leaving safepoint region
[2025-06-16T00:16:08.166+0000][285.844s][915][941][info ] Total time for which application threads were stopped: 0.0002279 seconds, Stopping threads took: 0.0000465 seconds
[2025-06-16T00:16:09.167+0000][286.844s][915][941][info ] Application time: 1.0001016 seconds
[2025-06-16T00:16:09.167+0000][286.844s][915][941][info ] Entering safepoint region: Cleanup
[2025-06-16T00:16:09.167+0000][286.844s][915][941][info ] Leaving safepoint region
[2025-06-16T00:16:09.167+0000][286.844s][915][941][info ] Total time for which application threads were stopped: 0.0002087 seconds, Stopping threads took: 0.0000355 seconds
[2025-06-16T00:16:10.167+0000][287.844s][915][941][info ] Application time: 1.0000986 seconds
[2025-06-16T00:16:10.167+0000][287.845s][915][941][info ] Entering safepoint region: Cleanup
[2025-06-16T00:16:10.167+0000][287.845s][915][941][info ] Leaving safepoint region
[2025-06-16T00:16:10.167+0000][287.845s][915][941][info ] Total time for which application threads were stopped: 0.0002224 seconds, Stopping threads took: 0.0000444 seconds
[2025-06-16T00:16:11.167+0000][288.845s][915][941][info ] Application time: 1.0001493 seconds
[2025-06-16T00:16:11.168+0000][288.845s][915][941][info ] Entering safepoint region: Cleanup
[2025-06-16T00:16:11.168+0000][288.845s][915][941][info ] Leaving safepoint region
[2025-06-16T00:16:11.168+0000][288.845s][915][941][info ] Total time for which application threads were stopped: 0.0002437 seconds, Stopping threads took: 0.0000448 seconds
[2025-06-16T00:16:12.168+0000][289.845s][915][941][info ] Application time: 1.0001076 seconds
[2025-06-16T00:16:12.168+0000][289.845s][915][941][info ] Entering safepoint region: Cleanup
[2025-06-16T00:16:12.168+0000][289.846s][915][941][info ] Leaving safepoint region
[2025-06-16T00:16:12.168+0000][289.846s][915][941][info ] Total time for which application threads were stopped: 0.0001925 seconds, Stopping threads took: 0.0000403 seconds
[2025-06-16T00:16:13.168+0000][290.846s][915][941][info ] Application time: 1.0001039 seconds
[2025-06-16T00:16:13.168+0000][290.846s][915][941][info ] Entering safepoint region: Cleanup
[2025-06-16T00:16:13.168+0000][290.846s][915][941][info ] Leaving safepoint region
[2025-06-16T00:16:13.169+0000][290.846s][915][941][info ] Total time for which application threads were stopped: 0.0001701 seconds, Stopping threads took: 0.0000362 seconds
[2025-06-16T00:16:14.030+0000][291.707s][915][940][trace] CMS: promo attempt is safe: available(6912212992) >= av_promo(0), max_promo(709443720)
[2025-06-16T00:16:14.169+0000][291.846s][915][941][info ] Application time: 1.0000958 seconds
[2025-06-16T00:16:14.169+0000][291.846s][915][941][info ] Entering safepoint region: Cleanup
[2025-06-16T00:16:14.169+0000][291.846s][915][941][info ] Leaving safepoint region
[2025-06-16T00:16:14.169+0000][291.846s][915][941][info ] Total time for which application threads were stopped: 0.0002471 seconds, Stopping threads took: 0.0000495 seconds
[2025-06-16T00:16:15.169+0000][292.847s][915][941][info ] Application time: 1.0001082 seconds
[2025-06-16T00:16:15.169+0000][292.847s][915][941][info ] Entering safepoint region: Cleanup
[2025-06-16T00:16:15.169+0000][292.847s][915][941][info ] Leaving safepoint region
[2025-06-16T00:16:15.169+0000][292.847s][915][941][info ] Total time for which application threads were stopped: 0.0002318 seconds, Stopping threads took: 0.0000415 seconds
[2025-06-16T00:16:16.170+0000][293.847s][915][941][info ] Application time: 1.0000825 seconds
[2025-06-16T00:16:16.170+0000][293.847s][915][941][info ] Entering safepoint region: Cleanup
[2025-06-16T00:16:16.170+0000][293.847s][915][941][info ] Leaving safepoint region
[2025-06-16T00:16:16.170+0000][293.847s][915][941][info ] Total time for which application threads were stopped: 0.0003318 seconds, Stopping threads took: 0.0000448 seconds
[2025-06-16T00:16:17.170+0000][294.848s][915][941][info ] Application time: 1.0000917 seconds
[2025-06-16T00:16:17.170+0000][294.848s][915][941][info ] Entering safepoint region: Cleanup
[2025-06-16T00:16:17.170+0000][294.848s][915][941][info ] Leaving safepoint region
[2025-06-16T00:16:17.170+0000][294.848s][915][941][info ] Total time for which application threads were stopped: 0.0001699 seconds, Stopping threads took: 0.0000313 seconds
[2025-06-16T00:16:18.170+0000][295.848s][915][941][info ] Application time: 1.0001377 seconds
[2025-06-16T00:16:18.171+0000][295.848s][915][941][info ] Entering safepoint region: Cleanup
[2025-06-16T00:16:18.171+0000][295.848s][915][941][info ] Leaving safepoint region
[2025-06-16T00:16:18.171+0000][295.848s][915][941][info ] Total time for which application threads were stopped: 0.0002128 seconds, Stopping threads took: 0.0000509 seconds
[2025-06-16T00:16:19.171+0000][296.848s][915][941][info ] Application time: 1.0000994 seconds
[2025-06-16T00:16:19.171+0000][296.848s][915][941][info ] Entering safepoint region: Cleanup
[2025-06-16T00:16:19.171+0000][296.849s][915][941][info ] Leaving safepoint region
[2025-06-16T00:16:19.171+0000][296.849s][915][941][info ] Total time for which application threads were stopped: 0.0002055 seconds, Stopping threads took: 0.0000399 seconds
[2025-06-16T00:16:20.171+0000][297.849s][915][941][info ] Application time: 1.0000968 seconds
[2025-06-16T00:16:20.171+0000][297.849s][915][941][info ] Entering safepoint region: Cleanup
[2025-06-16T00:16:20.172+0000][297.849s][915][941][info ] Leaving safepoint region
[2025-06-16T00:16:20.172+0000][297.849s][915][941][info ] Total time for which application threads were stopped: 0.0001801 seconds, Stopping threads took: 0.0000380 seconds
[2025-06-16T00:16:21.172+0000][298.849s][915][941][info ] Application time: 1.0000807 seconds
[2025-06-16T00:16:21.172+0000][298.849s][915][941][info ] Entering safepoint region: Cleanup
[2025-06-16T00:16:21.172+0000][298.849s][915][941][info ] Leaving safepoint region
[2025-06-16T00:16:21.172+0000][298.849s][915][941][info ] Total time for which application threads were stopped: 0.0001594 seconds, Stopping threads took: 0.0000328 seconds
[2025-06-16T00:16:22.172+0000][299.849s][915][941][info ] Application time: 1.0000956 seconds
[2025-06-16T00:16:22.172+0000][299.850s][915][941][info ] Entering safepoint region: Cleanup
[2025-06-16T00:16:22.172+0000][299.850s][915][941][info ] Leaving safepoint region
[2025-06-16T00:16:22.172+0000][299.850s][915][941][info ] Total time for which application threads were stopped: 0.0001897 seconds, Stopping threads took: 0.0000369 seconds
[2025-06-16T00:16:23.172+0000][300.850s][915][941][info ] Application time: 1.0001198 seconds
[2025-06-16T00:16:23.172+0000][300.850s][915][941][info ] Entering safepoint region: Cleanup
[2025-06-16T00:16:23.173+0000][300.850s][915][941][info ] Leaving safepoint region
[2025-06-16T00:16:23.173+0000][300.850s][915][941][info ] Total time for which application threads were stopped: 0.0001750 seconds, Stopping threads took: 0.0000338 seconds
[2025-06-16T00:16:24.030+0000][301.707s][915][940][trace] CMS: promo attempt is safe: available(6912212992) >= av_promo(0), max_promo(722866528)
[2025-06-16T00:16:24.173+0000][301.850s][915][941][info ] Application time: 1.0000887 seconds
[2025-06-16T00:16:24.173+0000][301.850s][915][941][info ] Entering safepoint region: Cleanup
[2025-06-16T00:16:24.173+0000][301.850s][915][941][info ] Leaving safepoint region
[2025-06-16T00:16:24.173+0000][301.850s][915][941][info ] Total time for which application threads were stopped: 0.0001688 seconds, Stopping threads took: 0.0000458 seconds
[2025-06-16T00:16:25.173+0000][302.851s][915][941][info ] Application time: 1.0001064 seconds
[2025-06-16T00:16:25.173+0000][302.851s][915][941][info ] Entering safepoint region: Cleanup
[2025-06-16T00:16:25.173+0000][302.851s][915][941][info ] Leaving safepoint region
[2025-06-16T00:16:25.173+0000][302.851s][915][941][info ] Total time for which application threads were stopped: 0.0002419 seconds, Stopping threads took: 0.0000389 seconds
[2025-06-16T00:16:26.174+0000][303.851s][915][941][info ] Application time: 1.0000951 seconds
[2025-06-16T00:16:26.174+0000][303.851s][915][941][info ] Entering safepoint region: Cleanup
[2025-06-16T00:16:26.174+0000][303.851s][915][941][info ] Leaving safepoint region
[2025-06-16T00:16:26.174+0000][303.851s][915][941][info ] Total time for which application threads were stopped: 0.0002025 seconds, Stopping threads took: 0.0000370 seconds
[2025-06-16T00:16:27.174+0000][304.851s][915][941][info ] Application time: 1.0001040 seconds
[2025-06-16T00:16:27.174+0000][304.851s][915][941][info ] Entering safepoint region: Cleanup
[2025-06-16T00:16:27.174+0000][304.852s][915][941][info ] Leaving safepoint region
[2025-06-16T00:16:27.174+0000][304.852s][915][941][info ] Total time for which application threads were stopped: 0.0001891 seconds, Stopping threads took: 0.0000370 seconds
[2025-06-16T00:16:28.174+0000][305.852s][915][941][info ] Application time: 1.0001846 seconds
[2025-06-16T00:16:28.175+0000][305.852s][915][941][info ] Entering safepoint region: Cleanup
[2025-06-16T00:16:28.175+0000][305.852s][915][941][info ] Leaving safepoint region
[2025-06-16T00:16:28.175+0000][305.852s][915][941][info ] Total time for which application threads were stopped: 0.0003366 seconds, Stopping threads took: 0.0000565 seconds
[2025-06-16T00:16:29.175+0000][306.852s][915][941][info ] Application time: 1.0000890 seconds
[2025-06-16T00:16:29.175+0000][306.853s][915][941][info ] Entering safepoint region: Cleanup
[2025-06-16T00:16:29.175+0000][306.853s][915][941][info ] Leaving safepoint region
[2025-06-16T00:16:29.175+0000][306.853s][915][941][info ] Total time for which application threads were stopped: 0.0002279 seconds, Stopping threads took: 0.0000415 seconds
[2025-06-16T00:16:30.175+0000][307.853s][915][941][info ] Application time: 1.0000971 seconds
[2025-06-16T00:16:30.175+0000][307.853s][915][941][info ] Entering safepoint region: Cleanup
[2025-06-16T00:16:30.176+0000][307.853s][915][941][info ] Leaving safepoint region
[2025-06-16T00:16:30.176+0000][307.853s][915][941][info ] Total time for which application threads were stopped: 0.0001586 seconds, Stopping threads took: 0.0000336 seconds
[2025-06-16T00:16:31.176+0000][308.853s][915][941][info ] Application time: 1.0000976 seconds
[2025-06-16T00:16:31.176+0000][308.853s][915][941][info ] Entering safepoint region: Cleanup
[2025-06-16T00:16:31.176+0000][308.853s][915][941][info ] Leaving safepoint region
[2025-06-16T00:16:31.176+0000][308.853s][915][941][info ] Total time for which application threads were stopped: 0.0001751 seconds, Stopping threads took: 0.0000353 seconds
[2025-06-16T00:16:32.176+0000][309.854s][915][941][info ] Application time: 1.0000939 seconds
[2025-06-16T00:16:32.176+0000][309.854s][915][941][info ] Entering safepoint region: Cleanup
[2025-06-16T00:16:32.176+0000][309.854s][915][941][info ] Leaving safepoint region
[2025-06-16T00:16:32.176+0000][309.854s][915][941][info ] Total time for which application threads were stopped: 0.0001641 seconds, Stopping threads took: 0.0000340 seconds
[2025-06-16T00:16:33.176+0000][310.854s][915][941][info ] Application time: 1.0001130 seconds
[2025-06-16T00:16:33.177+0000][310.854s][915][941][info ] Entering safepoint region: Cleanup
[2025-06-16T00:16:33.177+0000][310.854s][915][941][info ] Leaving safepoint region
[2025-06-16T00:16:33.177+0000][310.854s][915][941][info ] Total time for which application threads were stopped: 0.0001862 seconds, Stopping threads took: 0.0000419 seconds
[2025-06-16T00:16:34.030+0000][311.707s][915][940][trace] CMS: promo attempt is safe: available(6912212992) >= av_promo(0), max_promo(722866528)
[2025-06-16T00:16:34.177+0000][311.854s][915][941][info ] Application time: 1.0001027 seconds
[2025-06-16T00:16:34.177+0000][311.854s][915][941][info ] Entering safepoint region: Cleanup
[2025-06-16T00:16:34.177+0000][311.855s][915][941][info ] Leaving safepoint region
[2025-06-16T00:16:34.177+0000][311.855s][915][941][info ] Total time for which application threads were stopped: 0.0002037 seconds, Stopping threads took: 0.0000500 seconds
[2025-06-16T00:16:35.177+0000][312.855s][915][941][info ] Application time: 1.0001192 seconds
[2025-06-16T00:16:35.177+0000][312.855s][915][941][info ] Entering safepoint region: Cleanup
[2025-06-16T00:16:35.177+0000][312.855s][915][941][info ] Leaving safepoint region
[2025-06-16T00:16:35.178+0000][312.855s][915][941][info ] Total time for which application threads were stopped: 0.0001793 seconds, Stopping threads took: 0.0000428 seconds
[2025-06-16T00:16:36.178+0000][313.855s][915][941][info ] Application time: 1.0001076 seconds
[2025-06-16T00:16:36.178+0000][313.855s][915][941][info ] Entering safepoint region: Cleanup
[2025-06-16T00:16:36.178+0000][313.855s][915][941][info ] Leaving safepoint region
[2025-06-16T00:16:36.178+0000][313.855s][915][941][info ] Total time for which application threads were stopped: 0.0002372 seconds, Stopping threads took: 0.0000686 seconds
[2025-06-16T00:16:37.178+0000][314.856s][915][941][info ] Application time: 1.0000965 seconds
[2025-06-16T00:16:37.178+0000][314.856s][915][941][info ] Entering safepoint region: Cleanup
[2025-06-16T00:16:37.178+0000][314.856s][915][941][info ] Leaving safepoint region
[2025-06-16T00:16:37.178+0000][314.856s][915][941][info ] Total time for which application threads were stopped: 0.0002063 seconds, Stopping threads took: 0.0000372 seconds
[2025-06-16T00:16:38.178+0000][315.856s][915][941][info ] Application time: 1.0001115 seconds
[2025-06-16T00:16:38.179+0000][315.856s][915][941][info ] Entering safepoint region: Cleanup
[2025-06-16T00:16:38.179+0000][315.856s][915][941][info ] Leaving safepoint region
[2025-06-16T00:16:38.179+0000][315.856s][915][941][info ] Total time for which application threads were stopped: 0.0002362 seconds, Stopping threads took: 0.0000464 seconds
[2025-06-16T00:16:39.179+0000][316.856s][915][941][info ] Application time: 1.0000993 seconds
[2025-06-16T00:16:39.179+0000][316.857s][915][941][info ] Entering safepoint region: Cleanup
[2025-06-16T00:16:39.179+0000][316.857s][915][941][info ] Leaving safepoint region
[2025-06-16T00:16:39.179+0000][316.857s][915][941][info ] Total time for which application threads were stopped: 0.0001883 seconds, Stopping threads took: 0.0000572 seconds
[2025-06-16T00:16:40.179+0000][317.857s][915][941][info ] Application time: 1.0001083 seconds
[2025-06-16T00:16:40.179+0000][317.857s][915][941][info ] Entering safepoint region: Cleanup
[2025-06-16T00:16:40.180+0000][317.857s][915][941][info ] Leaving safepoint region
[2025-06-16T00:16:40.180+0000][317.857s][915][941][info ] Total time for which application threads were stopped: 0.0002517 seconds, Stopping threads took: 0.0000724 seconds
[2025-06-16T00:16:41.180+0000][318.857s][915][941][info ] Application time: 1.0001111 seconds
[2025-06-16T00:16:41.180+0000][318.857s][915][941][info ] Entering safepoint region: Cleanup
[2025-06-16T00:16:41.180+0000][318.858s][915][941][info ] Leaving safepoint region
[2025-06-16T00:16:41.180+0000][318.858s][915][941][info ] Total time for which application threads were stopped: 0.0002165 seconds, Stopping threads took: 0.0000378 seconds
[2025-06-16T00:16:42.181+0000][319.858s][915][941][info ] Application time: 1.0003472 seconds
[2025-06-16T00:16:42.181+0000][319.858s][915][941][info ] Entering safepoint region: Cleanup
[2025-06-16T00:16:42.181+0000][319.859s][915][941][info ] Leaving safepoint region
[2025-06-16T00:16:42.181+0000][319.859s][915][941][info ] Total time for which application threads were stopped: 0.0004693 seconds, Stopping threads took: 0.0000615 seconds
[2025-06-16T00:16:43.181+0000][320.859s][915][941][info ] Application time: 1.0001561 seconds
[2025-06-16T00:16:43.182+0000][320.859s][915][941][info ] Entering safepoint region: Cleanup
[2025-06-16T00:16:43.182+0000][320.859s][915][941][info ] Leaving safepoint region
[2025-06-16T00:16:43.182+0000][320.859s][915][941][info ] Total time for which application threads were stopped: 0.0002024 seconds, Stopping threads took: 0.0000418 seconds
[2025-06-16T00:16:44.030+0000][321.707s][915][940][trace] CMS: promo attempt is safe: available(6912212992) >= av_promo(0), max_promo(722866528)
[2025-06-16T00:16:44.182+0000][321.859s][915][941][info ] Application time: 1.0001106 seconds
[2025-06-16T00:16:44.182+0000][321.859s][915][941][info ] Entering safepoint region: Cleanup
[2025-06-16T00:16:44.182+0000][321.860s][915][941][info ] Leaving safepoint region
[2025-06-16T00:16:44.182+0000][321.860s][915][941][info ] Total time for which application threads were stopped: 0.0002318 seconds, Stopping threads took: 0.0000521 seconds
[2025-06-16T00:16:45.182+0000][322.860s][915][941][info ] Application time: 1.0001484 seconds
[2025-06-16T00:16:45.182+0000][322.860s][915][941][info ] Entering safepoint region: Cleanup
[2025-06-16T00:16:45.183+0000][322.860s][915][941][info ] Leaving safepoint region
[2025-06-16T00:16:45.183+0000][322.860s][915][941][info ] Total time for which application threads were stopped: 0.0002074 seconds, Stopping threads took: 0.0000402 seconds
[2025-06-16T00:16:46.183+0000][323.860s][915][941][info ] Application time: 1.0001082 seconds
[2025-06-16T00:16:46.183+0000][323.860s][915][941][info ] Entering safepoint region: Cleanup
[2025-06-16T00:16:46.183+0000][323.860s][915][941][info ] Leaving safepoint region
[2025-06-16T00:16:46.183+0000][323.861s][915][941][info ] Total time for which application threads were stopped: 0.0001886 seconds, Stopping threads took: 0.0000345 seconds
[2025-06-16T00:16:47.183+0000][324.861s][915][941][info ] Application time: 1.0000913 seconds
[2025-06-16T00:16:47.183+0000][324.861s][915][941][info ] Entering safepoint region: Cleanup
[2025-06-16T00:16:47.183+0000][324.861s][915][941][info ] Leaving safepoint region
[2025-06-16T00:16:47.183+0000][324.861s][915][941][info ] Total time for which application threads were stopped: 0.0001979 seconds, Stopping threads took: 0.0000380 seconds
[2025-06-16T00:16:48.184+0000][325.861s][915][941][info ] Application time: 1.0000992 seconds
[2025-06-16T00:16:48.184+0000][325.861s][915][941][info ] Entering safepoint region: Cleanup
[2025-06-16T00:16:48.184+0000][325.861s][915][941][info ] Leaving safepoint region
[2025-06-16T00:16:48.184+0000][325.861s][915][941][info ] Total time for which application threads were stopped: 0.0001970 seconds, Stopping threads took: 0.0000366 seconds
[2025-06-16T00:16:49.184+0000][326.861s][915][941][info ] Application time: 1.0000887 seconds
[2025-06-16T00:16:49.184+0000][326.861s][915][941][info ] Entering safepoint region: Cleanup
[2025-06-16T00:16:49.184+0000][326.862s][915][941][info ] Leaving safepoint region
[2025-06-16T00:16:49.184+0000][326.862s][915][941][info ] Total time for which application threads were stopped: 0.0002156 seconds, Stopping threads took: 0.0000395 seconds
[2025-06-16T00:16:50.184+0000][327.862s][915][941][info ] Application time: 1.0001056 seconds
[2025-06-16T00:16:50.184+0000][327.862s][915][941][info ] Entering safepoint region: Cleanup
[2025-06-16T00:16:50.185+0000][327.862s][915][941][info ] Leaving safepoint region
[2025-06-16T00:16:50.185+0000][327.862s][915][941][info ] Total time for which application threads were stopped: 0.0002205 seconds, Stopping threads took: 0.0000447 seconds
[2025-06-16T00:16:51.185+0000][328.862s][915][941][info ] Application time: 1.0000973 seconds
[2025-06-16T00:16:51.185+0000][328.862s][915][941][info ] Entering safepoint region: Cleanup
[2025-06-16T00:16:51.185+0000][328.862s][915][941][info ] Leaving safepoint region
[2025-06-16T00:16:51.185+0000][328.862s][915][941][info ] Total time for which application threads were stopped: 0.0001718 seconds, Stopping threads took: 0.0000377 seconds
[2025-06-16T00:16:52.185+0000][329.863s][915][941][info ] Application time: 1.0000921 seconds
[2025-06-16T00:16:52.185+0000][329.863s][915][941][info ] Entering safepoint region: Cleanup
[2025-06-16T00:16:52.185+0000][329.863s][915][941][info ] Leaving safepoint region
[2025-06-16T00:16:52.185+0000][329.863s][915][941][info ] Total time for which application threads were stopped: 0.0001909 seconds, Stopping threads took: 0.0000372 seconds
[2025-06-16T00:16:53.186+0000][330.863s][915][941][info ] Application time: 1.0001105 seconds
[2025-06-16T00:16:53.186+0000][330.863s][915][941][info ] Entering safepoint region: Cleanup
[2025-06-16T00:16:53.186+0000][330.863s][915][941][info ] Leaving safepoint region
[2025-06-16T00:16:53.186+0000][330.863s][915][941][info ] Total time for which application threads were stopped: 0.0002524 seconds, Stopping threads took: 0.0000349 seconds
[2025-06-16T00:16:54.030+0000][331.707s][915][940][trace] CMS: promo attempt is safe: available(6912212992) >= av_promo(0), max_promo(727747216)
[2025-06-16T00:16:54.186+0000][331.863s][915][941][info ] Application time: 1.0000897 seconds
[2025-06-16T00:16:54.186+0000][331.864s][915][941][info ] Entering safepoint region: Cleanup
[2025-06-16T00:16:54.186+0000][331.864s][915][941][info ] Leaving safepoint region
[2025-06-16T00:16:54.186+0000][331.864s][915][941][info ] Total time for which application threads were stopped: 0.0001713 seconds, Stopping threads took: 0.0000328 seconds
[2025-06-16T00:16:55.186+0000][332.864s][915][941][info ] Application time: 1.0000996 seconds
[2025-06-16T00:16:55.186+0000][332.864s][915][941][info ] Entering safepoint region: Cleanup
[2025-06-16T00:16:55.187+0000][332.864s][915][941][info ] Leaving safepoint region
[2025-06-16T00:16:55.187+0000][332.864s][915][941][info ] Total time for which application threads were stopped: 0.0002074 seconds, Stopping threads took: 0.0000400 seconds
[2025-06-16T00:16:56.187+0000][333.864s][915][941][info ] Application time: 1.0001112 seconds
[2025-06-16T00:16:56.187+0000][333.864s][915][941][info ] Entering safepoint region: Cleanup
[2025-06-16T00:16:56.187+0000][333.864s][915][941][info ] Leaving safepoint region
[2025-06-16T00:16:56.187+0000][333.864s][915][941][info ] Total time for which application threads were stopped: 0.0001800 seconds, Stopping threads took: 0.0000352 seconds
[2025-06-16T00:16:57.187+0000][334.865s][915][941][info ] Application time: 1.0001270 seconds
[2025-06-16T00:16:57.187+0000][334.865s][915][941][info ] Entering safepoint region: Cleanup
[2025-06-16T00:16:57.187+0000][334.865s][915][941][info ] Leaving safepoint region
[2025-06-16T00:16:57.187+0000][334.865s][915][941][info ] Total time for which application threads were stopped: 0.0001711 seconds, Stopping threads took: 0.0000352 seconds
[2025-06-16T00:16:58.187+0000][335.865s][915][941][info ] Application time: 1.0001073 seconds
[2025-06-16T00:16:58.188+0000][335.865s][915][941][info ] Entering safepoint region: Cleanup
[2025-06-16T00:16:58.188+0000][335.865s][915][941][info ] Leaving safepoint region
[2025-06-16T00:16:58.188+0000][335.865s][915][941][info ] Total time for which application threads were stopped: 0.0001712 seconds, Stopping threads took: 0.0000331 seconds
[2025-06-16T00:16:59.188+0000][336.865s][915][941][info ] Application time: 1.0000906 seconds
[2025-06-16T00:16:59.188+0000][336.865s][915][941][info ] Entering safepoint region: Cleanup
[2025-06-16T00:16:59.188+0000][336.866s][915][941][info ] Leaving safepoint region
[2025-06-16T00:16:59.188+0000][336.866s][915][941][info ] Total time for which application threads were stopped: 0.0001781 seconds, Stopping threads took: 0.0000345 seconds
[2025-06-16T00:17:00.188+0000][337.866s][915][941][info ] Application time: 1.0000935 seconds
[2025-06-16T00:17:00.188+0000][337.866s][915][941][info ] Entering safepoint region: Cleanup
[2025-06-16T00:17:00.188+0000][337.866s][915][941][info ] Leaving safepoint region
[2025-06-16T00:17:00.188+0000][337.866s][915][941][info ] Total time for which application threads were stopped: 0.0002347 seconds, Stopping threads took: 0.0000387 seconds
[2025-06-16T00:17:01.189+0000][338.866s][915][941][info ] Application time: 1.0001102 seconds
[2025-06-16T00:17:01.189+0000][338.866s][915][941][info ] Entering safepoint region: Cleanup
[2025-06-16T00:17:01.189+0000][338.866s][915][941][info ] Leaving safepoint region
[2025-06-16T00:17:01.189+0000][338.866s][915][941][info ] Total time for which application threads were stopped: 0.0001836 seconds, Stopping threads took: 0.0000364 seconds
[2025-06-16T00:17:02.189+0000][339.867s][915][941][info ] Application time: 1.0001145 seconds
[2025-06-16T00:17:02.189+0000][339.867s][915][941][info ] Entering safepoint region: Cleanup
[2025-06-16T00:17:02.189+0000][339.867s][915][941][info ] Leaving safepoint region
[2025-06-16T00:17:02.189+0000][339.867s][915][941][info ] Total time for which application threads were stopped: 0.0002055 seconds, Stopping threads took: 0.0000409 seconds
[2025-06-16T00:17:03.189+0000][340.867s][915][941][info ] Application time: 1.0001223 seconds
[2025-06-16T00:17:03.190+0000][340.867s][915][941][info ] Entering safepoint region: Cleanup
[2025-06-16T00:17:03.190+0000][340.867s][915][941][info ] Leaving safepoint region
[2025-06-16T00:17:03.190+0000][340.867s][915][941][info ] Total time for which application threads were stopped: 0.0001895 seconds, Stopping threads took: 0.0000378 seconds
[2025-06-16T00:17:04.030+0000][341.707s][915][940][trace] CMS: promo attempt is safe: available(6912212992) >= av_promo(0), max_promo(727747216)
[2025-06-16T00:17:04.190+0000][341.867s][915][941][info ] Application time: 1.0001256 seconds
[2025-06-16T00:17:04.190+0000][341.867s][915][941][info ] Entering safepoint region: Cleanup
[2025-06-16T00:17:04.190+0000][341.868s][915][941][info ] Leaving safepoint region
[2025-06-16T00:17:04.190+0000][341.868s][915][941][info ] Total time for which application threads were stopped: 0.0002439 seconds, Stopping threads took: 0.0000494 seconds
[2025-06-16T00:17:05.190+0000][342.868s][915][941][info ] Application time: 1.0001023 seconds
[2025-06-16T00:17:05.190+0000][342.868s][915][941][info ] Entering safepoint region: Cleanup
[2025-06-16T00:17:05.191+0000][342.868s][915][941][info ] Leaving safepoint region
[2025-06-16T00:17:05.191+0000][342.868s][915][941][info ] Total time for which application threads were stopped: 0.0002058 seconds, Stopping threads took: 0.0000408 seconds
[2025-06-16T00:17:06.191+0000][343.868s][915][941][info ] Application time: 1.0000956 seconds
[2025-06-16T00:17:06.191+0000][343.868s][915][941][info ] Entering safepoint region: Cleanup
[2025-06-16T00:17:06.191+0000][343.868s][915][941][info ] Leaving safepoint region
[2025-06-16T00:17:06.191+0000][343.868s][915][941][info ] Total time for which application threads were stopped: 0.0002000 seconds, Stopping threads took: 0.0000354 seconds
[2025-06-16T00:17:07.191+0000][344.869s][915][941][info ] Application time: 1.0001174 seconds
[2025-06-16T00:17:07.191+0000][344.869s][915][941][info ] Entering safepoint region: Cleanup
[2025-06-16T00:17:07.191+0000][344.869s][915][941][info ] Leaving safepoint region
[2025-06-16T00:17:07.191+0000][344.869s][915][941][info ] Total time for which application threads were stopped: 0.0002374 seconds, Stopping threads took: 0.0000398 seconds
[2025-06-16T00:17:08.192+0000][345.869s][915][941][info ] Application time: 1.0000967 seconds
[2025-06-16T00:17:08.192+0000][345.869s][915][941][info ] Entering safepoint region: Cleanup
[2025-06-16T00:17:08.192+0000][345.869s][915][941][info ] Leaving safepoint region
[2025-06-16T00:17:08.192+0000][345.869s][915][941][info ] Total time for which application threads were stopped: 0.0001851 seconds, Stopping threads took: 0.0000392 seconds
[2025-06-16T00:17:09.192+0000][346.869s][915][941][info ] Application time: 1.0000963 seconds
[2025-06-16T00:17:09.192+0000][346.870s][915][941][info ] Entering safepoint region: Cleanup
[2025-06-16T00:17:09.192+0000][346.870s][915][941][info ] Leaving safepoint region
[2025-06-16T00:17:09.192+0000][346.870s][915][941][info ] Total time for which application threads were stopped: 0.0002001 seconds, Stopping threads took: 0.0000507 seconds
[2025-06-16T00:17:10.192+0000][347.870s][915][941][info ] Application time: 1.0001037 seconds
[2025-06-16T00:17:10.192+0000][347.870s][915][941][info ] Entering safepoint region: Cleanup
[2025-06-16T00:17:10.193+0000][347.870s][915][941][info ] Leaving safepoint region
[2025-06-16T00:17:10.193+0000][347.870s][915][941][info ] Total time for which application threads were stopped: 0.0002150 seconds, Stopping threads took: 0.0000415 seconds
[2025-06-16T00:17:11.193+0000][348.870s][915][941][info ] Application time: 1.0001148 seconds
[2025-06-16T00:17:11.193+0000][348.870s][915][941][info ] Entering safepoint region: Cleanup
[2025-06-16T00:17:11.193+0000][348.871s][915][941][info ] Leaving safepoint region
[2025-06-16T00:17:11.193+0000][348.871s][915][941][info ] Total time for which application threads were stopped: 0.0001835 seconds, Stopping threads took: 0.0000363 seconds
[2025-06-16T00:17:12.193+0000][349.871s][915][941][info ] Application time: 1.0001094 seconds
[2025-06-16T00:17:12.193+0000][349.871s][915][941][info ] Entering safepoint region: Cleanup
[2025-06-16T00:17:12.193+0000][349.871s][915][941][info ] Leaving safepoint region
[2025-06-16T00:17:12.193+0000][349.871s][915][941][info ] Total time for which application threads were stopped: 0.0001867 seconds, Stopping threads took: 0.0000469 seconds
[2025-06-16T00:17:13.194+0000][350.871s][915][941][info ] Application time: 1.0000915 seconds
[2025-06-16T00:17:13.194+0000][350.871s][915][941][info ] Entering safepoint region: Cleanup
[2025-06-16T00:17:13.194+0000][350.871s][915][941][info ] Leaving safepoint region
[2025-06-16T00:17:13.194+0000][350.871s][915][941][info ] Total time for which application threads were stopped: 0.0002365 seconds, Stopping threads took: 0.0000364 seconds
[2025-06-16T00:17:14.030+0000][351.707s][915][940][trace] CMS: promo attempt is safe: available(6912212992) >= av_promo(0), max_promo(727747216)
[2025-06-16T00:17:14.194+0000][351.871s][915][941][info ] Application time: 1.0001266 seconds
[2025-06-16T00:17:14.194+0000][351.872s][915][941][info ] Entering safepoint region: Cleanup
[2025-06-16T00:17:14.194+0000][351.872s][915][941][info ] Leaving safepoint region
[2025-06-16T00:17:14.194+0000][351.872s][915][941][info ] Total time for which application threads were stopped: 0.0002520 seconds, Stopping threads took: 0.0000552 seconds
[2025-06-16T00:17:15.194+0000][352.872s][915][941][info ] Application time: 1.0001075 seconds
[2025-06-16T00:17:15.195+0000][352.872s][915][941][info ] Entering safepoint region: Cleanup
[2025-06-16T00:17:15.195+0000][352.872s][915][941][info ] Leaving safepoint region
[2025-06-16T00:17:15.195+0000][352.872s][915][941][info ] Total time for which application threads were stopped: 0.0002989 seconds, Stopping threads took: 0.0000561 seconds
[2025-06-16T00:17:16.195+0000][353.872s][915][941][info ] Application time: 1.0000929 seconds
[2025-06-16T00:17:16.195+0000][353.873s][915][941][info ] Entering safepoint region: Cleanup
[2025-06-16T00:17:16.195+0000][353.873s][915][941][info ] Leaving safepoint region
[2025-06-16T00:17:16.195+0000][353.873s][915][941][info ] Total time for which application threads were stopped: 0.0003041 seconds, Stopping threads took: 0.0000504 seconds
[2025-06-16T00:17:17.195+0000][354.873s][915][941][info ] Application time: 1.0001049 seconds
[2025-06-16T00:17:17.196+0000][354.873s][915][941][info ] Entering safepoint region: Cleanup
[2025-06-16T00:17:17.196+0000][354.873s][915][941][info ] Leaving safepoint region
[2025-06-16T00:17:17.196+0000][354.873s][915][941][info ] Total time for which application threads were stopped: 0.0002630 seconds, Stopping threads took: 0.0000481 seconds
[2025-06-16T00:17:18.196+0000][355.873s][915][941][info ] Application time: 1.0001110 seconds
[2025-06-16T00:17:18.196+0000][355.874s][915][941][info ] Entering safepoint region: Cleanup
[2025-06-16T00:17:18.196+0000][355.874s][915][941][info ] Leaving safepoint region
[2025-06-16T00:17:18.196+0000][355.874s][915][941][info ] Total time for which application threads were stopped: 0.0003513 seconds, Stopping threads took: 0.0000650 seconds
[2025-06-16T00:17:19.197+0000][356.874s][915][941][info ] Application time: 1.0001334 seconds
[2025-06-16T00:17:19.197+0000][356.874s][915][941][info ] Entering safepoint region: Cleanup
[2025-06-16T00:17:19.197+0000][356.874s][915][941][info ] Leaving safepoint region
[2025-06-16T00:17:19.197+0000][356.874s][915][941][info ] Total time for which application threads were stopped: 0.0002426 seconds, Stopping threads took: 0.0000511 seconds
[2025-06-16T00:17:20.197+0000][357.875s][915][941][info ] Application time: 1.0001009 seconds
[2025-06-16T00:17:20.197+0000][357.875s][915][941][info ] Entering safepoint region: Cleanup
[2025-06-16T00:17:20.197+0000][357.875s][915][941][info ] Leaving safepoint region
[2025-06-16T00:17:20.197+0000][357.875s][915][941][info ] Total time for which application threads were stopped: 0.0002699 seconds, Stopping threads took: 0.0000931 seconds
[2025-06-16T00:17:21.197+0000][358.875s][915][941][info ] Application time: 1.0000989 seconds
[2025-06-16T00:17:21.198+0000][358.875s][915][941][info ] Entering safepoint region: Cleanup
[2025-06-16T00:17:21.198+0000][358.875s][915][941][info ] Leaving safepoint region
[2025-06-16T00:17:21.198+0000][358.875s][915][941][info ] Total time for which application threads were stopped: 0.0002911 seconds, Stopping threads took: 0.0000496 seconds
[2025-06-16T00:17:22.198+0000][359.875s][915][941][info ] Application time: 1.0001087 seconds
[2025-06-16T00:17:22.198+0000][359.876s][915][941][info ] Entering safepoint region: Cleanup
[2025-06-16T00:17:22.198+0000][359.876s][915][941][info ] Leaving safepoint region
[2025-06-16T00:17:22.198+0000][359.876s][915][941][info ] Total time for which application threads were stopped: 0.0001988 seconds, Stopping threads took: 0.0000387 seconds
[2025-06-16T00:17:23.198+0000][360.876s][915][941][info ] Application time: 1.0000936 seconds
[2025-06-16T00:17:23.198+0000][360.876s][915][941][info ] Entering safepoint region: Cleanup
[2025-06-16T00:17:23.199+0000][360.876s][915][941][info ] Leaving safepoint region
[2025-06-16T00:17:23.199+0000][360.876s][915][941][info ] Total time for which application threads were stopped: 0.0001469 seconds, Stopping threads took: 0.0000298 seconds
[2025-06-16T00:17:24.030+0000][361.707s][915][940][trace] CMS: promo attempt is safe: available(6912212992) >= av_promo(0), max_promo(727747216)
[2025-06-16T00:17:24.199+0000][361.876s][915][941][info ] Application time: 1.0001054 seconds
[2025-06-16T00:17:24.199+0000][361.876s][915][941][info ] Entering safepoint region: Cleanup
[2025-06-16T00:17:24.199+0000][361.876s][915][941][info ] Leaving safepoint region
[2025-06-16T00:17:24.199+0000][361.876s][915][941][info ] Total time for which application threads were stopped: 0.0002282 seconds, Stopping threads took: 0.0000374 seconds
[2025-06-16T00:17:25.199+0000][362.877s][915][941][info ] Application time: 1.0001031 seconds
[2025-06-16T00:17:25.199+0000][362.877s][915][941][info ] Entering safepoint region: Cleanup
[2025-06-16T00:17:25.199+0000][362.877s][915][941][info ] Leaving safepoint region
[2025-06-16T00:17:25.199+0000][362.877s][915][941][info ] Total time for which application threads were stopped: 0.0002006 seconds, Stopping threads took: 0.0000371 seconds
[2025-06-16T00:17:26.199+0000][363.877s][915][941][info ] Application time: 1.0001017 seconds
[2025-06-16T00:17:26.200+0000][363.877s][915][941][info ] Entering safepoint region: Cleanup
[2025-06-16T00:17:26.200+0000][363.877s][915][941][info ] Leaving safepoint region
[2025-06-16T00:17:26.200+0000][363.877s][915][941][info ] Total time for which application threads were stopped: 0.0002101 seconds, Stopping threads took: 0.0000454 seconds
[2025-06-16T00:17:27.200+0000][364.877s][915][941][info ] Application time: 1.0001165 seconds
[2025-06-16T00:17:27.200+0000][364.878s][915][941][info ] Entering safepoint region: Cleanup
[2025-06-16T00:17:27.200+0000][364.878s][915][941][info ] Leaving safepoint region
[2025-06-16T00:17:27.200+0000][364.878s][915][941][info ] Total time for which application threads were stopped: 0.0002316 seconds, Stopping threads took: 0.0000690 seconds
[2025-06-16T00:17:28.200+0000][365.878s][915][941][info ] Application time: 1.0000973 seconds
[2025-06-16T00:17:28.200+0000][365.878s][915][941][info ] Entering safepoint region: Cleanup
[2025-06-16T00:17:28.201+0000][365.878s][915][941][info ] Leaving safepoint region
[2025-06-16T00:17:28.201+0000][365.878s][915][941][info ] Total time for which application threads were stopped: 0.0003037 seconds, Stopping threads took: 0.0000533 seconds
[2025-06-16T00:17:29.201+0000][366.878s][915][941][info ] Application time: 1.0001118 seconds
[2025-06-16T00:17:29.201+0000][366.878s][915][941][info ] Entering safepoint region: Cleanup
[2025-06-16T00:17:29.201+0000][366.879s][915][941][info ] Leaving safepoint region
[2025-06-16T00:17:29.201+0000][366.879s][915][941][info ] Total time for which application threads were stopped: 0.0002992 seconds, Stopping threads took: 0.0000728 seconds
[2025-06-16T00:17:30.201+0000][367.879s][915][941][info ] Application time: 1.0001412 seconds
[2025-06-16T00:17:30.202+0000][367.879s][915][941][info ] Entering safepoint region: Cleanup
[2025-06-16T00:17:30.202+0000][367.879s][915][941][info ] Leaving safepoint region
[2025-06-16T00:17:30.202+0000][367.879s][915][941][info ] Total time for which application threads were stopped: 0.0003344 seconds, Stopping threads took: 0.0000544 seconds
[2025-06-16T00:17:31.202+0000][368.879s][915][941][info ] Application time: 1.0001164 seconds
[2025-06-16T00:17:31.202+0000][368.880s][915][941][info ] Entering safepoint region: Cleanup
[2025-06-16T00:17:31.202+0000][368.880s][915][941][info ] Leaving safepoint region
[2025-06-16T00:17:31.202+0000][368.880s][915][941][info ] Total time for which application threads were stopped: 0.0002361 seconds, Stopping threads took: 0.0000501 seconds
[2025-06-16T00:17:32.202+0000][369.880s][915][941][info ] Application time: 1.0000962 seconds
[2025-06-16T00:17:32.202+0000][369.880s][915][941][info ] Entering safepoint region: Cleanup
[2025-06-16T00:17:32.203+0000][369.880s][915][941][info ] Leaving safepoint region
[2025-06-16T00:17:32.203+0000][369.880s][915][941][info ] Total time for which application threads were stopped: 0.0002071 seconds, Stopping threads took: 0.0000495 seconds
[2025-06-16T00:17:33.203+0000][370.880s][915][941][info ] Application time: 1.0000876 seconds
[2025-06-16T00:17:33.203+0000][370.880s][915][941][info ] Entering safepoint region: Cleanup
[2025-06-16T00:17:33.203+0000][370.880s][915][941][info ] Leaving safepoint region
[2025-06-16T00:17:33.203+0000][370.880s][915][941][info ] Total time for which application threads were stopped: 0.0001585 seconds, Stopping threads took: 0.0000325 seconds
[2025-06-16T00:17:34.029+0000][371.707s][915][940][trace] CMS: promo attempt is safe: available(6912212992) >= av_promo(0), max_promo(727747216)
[2025-06-16T00:17:34.203+0000][371.881s][915][941][info ] Application time: 1.0001010 seconds
[2025-06-16T00:17:34.203+0000][371.881s][915][941][info ] Entering safepoint region: Cleanup
[2025-06-16T00:17:34.203+0000][371.881s][915][941][info ] Leaving safepoint region
[2025-06-16T00:17:34.203+0000][371.881s][915][941][info ] Total time for which application threads were stopped: 0.0002093 seconds, Stopping threads took: 0.0000363 seconds
[2025-06-16T00:17:35.204+0000][372.881s][915][941][info ] Application time: 1.0001112 seconds
[2025-06-16T00:17:35.204+0000][372.881s][915][941][info ] Entering safepoint region: Cleanup
[2025-06-16T00:17:35.204+0000][372.882s][915][941][info ] Leaving safepoint region
[2025-06-16T00:17:35.204+0000][372.882s][915][941][info ] Total time for which application threads were stopped: 0.0005218 seconds, Stopping threads took: 0.0003255 seconds
[2025-06-16T00:17:36.205+0000][373.882s][915][941][info ] Application time: 1.0001170 seconds
[2025-06-16T00:17:36.205+0000][373.882s][915][941][info ] Entering safepoint region: Cleanup
[2025-06-16T00:17:36.205+0000][373.882s][915][941][info ] Leaving safepoint region
[2025-06-16T00:17:36.205+0000][373.882s][915][941][info ] Total time for which application threads were stopped: 0.0001733 seconds, Stopping threads took: 0.0000416 seconds
[2025-06-16T00:17:37.205+0000][374.883s][915][941][info ] Application time: 1.0001035 seconds
[2025-06-16T00:17:37.205+0000][374.883s][915][941][info ] Entering safepoint region: Cleanup
[2025-06-16T00:17:37.205+0000][374.883s][915][941][info ] Leaving safepoint region
[2025-06-16T00:17:37.205+0000][374.883s][915][941][info ] Total time for which application threads were stopped: 0.0002497 seconds, Stopping threads took: 0.0000533 seconds
[2025-06-16T00:17:38.206+0000][375.883s][915][941][info ] Application time: 1.0001458 seconds
[2025-06-16T00:17:38.206+0000][375.883s][915][941][info ] Entering safepoint region: Cleanup
[2025-06-16T00:17:38.206+0000][375.883s][915][941][info ] Leaving safepoint region
[2025-06-16T00:17:38.206+0000][375.883s][915][941][info ] Total time for which application threads were stopped: 0.0002815 seconds, Stopping threads took: 0.0000482 seconds
[2025-06-16T00:17:39.206+0000][376.884s][915][941][info ] Application time: 1.0000928 seconds
[2025-06-16T00:17:39.206+0000][376.884s][915][941][info ] Entering safepoint region: Cleanup
[2025-06-16T00:17:39.206+0000][376.884s][915][941][info ] Leaving safepoint region
[2025-06-16T00:17:39.206+0000][376.884s][915][941][info ] Total time for which application threads were stopped: 0.0002314 seconds, Stopping threads took: 0.0000382 seconds
[2025-06-16T00:17:40.206+0000][377.884s][915][941][info ] Application time: 1.0000952 seconds
[2025-06-16T00:17:40.207+0000][377.884s][915][941][info ] Entering safepoint region: Cleanup
[2025-06-16T00:17:40.207+0000][377.884s][915][941][info ] Leaving safepoint region
[2025-06-16T00:17:40.207+0000][377.884s][915][941][info ] Total time for which application threads were stopped: 0.0001595 seconds, Stopping threads took: 0.0000347 seconds
[2025-06-16T00:17:41.207+0000][378.884s][915][941][info ] Application time: 1.0000934 seconds
[2025-06-16T00:17:41.207+0000][378.884s][915][941][info ] Entering safepoint region: Cleanup
[2025-06-16T00:17:41.207+0000][378.885s][915][941][info ] Leaving safepoint region
[2025-06-16T00:17:41.207+0000][378.885s][915][941][info ] Total time for which application threads were stopped: 0.0002310 seconds, Stopping threads took: 0.0000474 seconds
[2025-06-16T00:17:42.207+0000][379.885s][915][941][info ] Application time: 1.0001093 seconds
[2025-06-16T00:17:42.207+0000][379.885s][915][941][info ] Entering safepoint region: Cleanup
[2025-06-16T00:17:42.208+0000][379.885s][915][941][info ] Leaving safepoint region
[2025-06-16T00:17:42.208+0000][379.885s][915][941][info ] Total time for which application threads were stopped: 0.0001919 seconds, Stopping threads took: 0.0000404 seconds
[2025-06-16T00:17:43.208+0000][380.885s][915][941][info ] Application time: 1.0001335 seconds
[2025-06-16T00:17:43.208+0000][380.885s][915][941][info ] Entering safepoint region: Cleanup
[2025-06-16T00:17:43.208+0000][380.885s][915][941][info ] Leaving safepoint region
[2025-06-16T00:17:43.208+0000][380.885s][915][941][info ] Total time for which application threads were stopped: 0.0001621 seconds, Stopping threads took: 0.0000356 seconds
[2025-06-16T00:17:44.029+0000][381.707s][915][940][trace] CMS: promo attempt is safe: available(6912212992) >= av_promo(0), max_promo(727747216)
[2025-06-16T00:17:44.208+0000][381.886s][915][941][info ] Application time: 1.0000901 seconds
[2025-06-16T00:17:44.208+0000][381.886s][915][941][info ] Entering safepoint region: Cleanup
[2025-06-16T00:17:44.208+0000][381.886s][915][941][info ] Leaving safepoint region
[2025-06-16T00:17:44.208+0000][381.886s][915][941][info ] Total time for which application threads were stopped: 0.0001972 seconds, Stopping threads took: 0.0000453 seconds
[2025-06-16T00:17:45.208+0000][382.886s][915][941][info ] Application time: 1.0001224 seconds
[2025-06-16T00:17:45.209+0000][382.886s][915][941][info ] Entering safepoint region: Cleanup
[2025-06-16T00:17:45.209+0000][382.886s][915][941][info ] Leaving safepoint region
[2025-06-16T00:17:45.209+0000][382.886s][915][941][info ] Total time for which application threads were stopped: 0.0002770 seconds, Stopping threads took: 0.0000651 seconds
[2025-06-16T00:17:46.209+0000][383.886s][915][941][info ] Application time: 1.0000993 seconds
[2025-06-16T00:17:46.209+0000][383.886s][915][941][info ] Entering safepoint region: Cleanup
[2025-06-16T00:17:46.209+0000][383.887s][915][941][info ] Leaving safepoint region
[2025-06-16T00:17:46.209+0000][383.887s][915][941][info ] Total time for which application threads were stopped: 0.0001640 seconds, Stopping threads took: 0.0000363 seconds
[2025-06-16T00:17:47.209+0000][384.887s][915][941][info ] Application time: 1.0001013 seconds
[2025-06-16T00:17:47.209+0000][384.887s][915][941][info ] Entering safepoint region: Cleanup
[2025-06-16T00:17:47.210+0000][384.887s][915][941][info ] Leaving safepoint region
[2025-06-16T00:17:47.210+0000][384.887s][915][941][info ] Total time for which application threads were stopped: 0.0001877 seconds, Stopping threads took: 0.0000409 seconds
[2025-06-16T00:17:48.210+0000][385.887s][915][941][info ] Application time: 1.0001190 seconds
[2025-06-16T00:17:48.210+0000][385.887s][915][941][info ] Entering safepoint region: Cleanup
[2025-06-16T00:17:48.210+0000][385.888s][915][941][info ] Leaving safepoint region
[2025-06-16T00:17:48.210+0000][385.888s][915][941][info ] Total time for which application threads were stopped: 0.0002483 seconds, Stopping threads took: 0.0000614 seconds
[2025-06-16T00:17:49.210+0000][386.888s][915][941][info ] Application time: 1.0000975 seconds
[2025-06-16T00:17:49.210+0000][386.888s][915][941][info ] Entering safepoint region: Cleanup
[2025-06-16T00:17:49.210+0000][386.888s][915][941][info ] Leaving safepoint region
[2025-06-16T00:17:49.210+0000][386.888s][915][941][info ] Total time for which application threads were stopped: 0.0001771 seconds, Stopping threads took: 0.0000351 seconds
[2025-06-16T00:17:50.211+0000][387.888s][915][941][info ] Application time: 1.0001233 seconds
[2025-06-16T00:17:50.211+0000][387.888s][915][941][info ] Entering safepoint region: Cleanup
[2025-06-16T00:17:50.211+0000][387.888s][915][941][info ] Leaving safepoint region
[2025-06-16T00:17:50.211+0000][387.888s][915][941][info ] Total time for which application threads were stopped: 0.0001836 seconds, Stopping threads took: 0.0000341 seconds
[2025-06-16T00:17:51.211+0000][388.888s][915][941][info ] Application time: 1.0001019 seconds
[2025-06-16T00:17:51.211+0000][388.889s][915][941][info ] Entering safepoint region: Cleanup
[2025-06-16T00:17:51.211+0000][388.889s][915][941][info ] Leaving safepoint region
[2025-06-16T00:17:51.211+0000][388.889s][915][941][info ] Total time for which application threads were stopped: 0.0001714 seconds, Stopping threads took: 0.0000353 seconds
[2025-06-16T00:17:52.211+0000][389.889s][915][941][info ] Application time: 1.0000968 seconds
[2025-06-16T00:17:52.211+0000][389.889s][915][941][info ] Entering safepoint region: Cleanup
[2025-06-16T00:17:52.212+0000][389.889s][915][941][info ] Leaving safepoint region
[2025-06-16T00:17:52.212+0000][389.889s][915][941][info ] Total time for which application threads were stopped: 0.0002317 seconds, Stopping threads took: 0.0000442 seconds
[2025-06-16T00:17:53.212+0000][390.889s][915][941][info ] Application time: 1.0001281 seconds
[2025-06-16T00:17:53.212+0000][390.889s][915][941][info ] Entering safepoint region: Cleanup
[2025-06-16T00:17:53.212+0000][390.890s][915][941][info ] Leaving safepoint region
[2025-06-16T00:17:53.212+0000][390.890s][915][941][info ] Total time for which application threads were stopped: 0.0002624 seconds, Stopping threads took: 0.0000519 seconds
[2025-06-16T00:17:54.028+0000][391.706s][915][940][trace] CMS: promo attempt is safe: available(6912212992) >= av_promo(0), max_promo(727747216)
[2025-06-16T00:17:54.212+0000][391.890s][915][941][info ] Application time: 1.0001072 seconds
[2025-06-16T00:17:54.212+0000][391.890s][915][941][info ] Entering safepoint region: Cleanup
[2025-06-16T00:17:54.213+0000][391.890s][915][941][info ] Leaving safepoint region
[2025-06-16T00:17:54.213+0000][391.890s][915][941][info ] Total time for which application threads were stopped: 0.0002283 seconds, Stopping threads took: 0.0000375 seconds
[2025-06-16T00:17:55.213+0000][392.890s][915][941][info ] Application time: 1.0001085 seconds
[2025-06-16T00:17:55.213+0000][392.890s][915][941][info ] Entering safepoint region: Cleanup
[2025-06-16T00:17:55.213+0000][392.891s][915][941][info ] Leaving safepoint region
[2025-06-16T00:17:55.213+0000][392.891s][915][941][info ] Total time for which application threads were stopped: 0.0002375 seconds, Stopping threads took: 0.0000551 seconds
[2025-06-16T00:17:56.213+0000][393.891s][915][941][info ] Application time: 1.0001055 seconds
[2025-06-16T00:17:56.213+0000][393.891s][915][941][info ] Entering safepoint region: Cleanup
[2025-06-16T00:17:56.214+0000][393.891s][915][941][info ] Leaving safepoint region
[2025-06-16T00:17:56.214+0000][393.891s][915][941][info ] Total time for which application threads were stopped: 0.0005636 seconds, Stopping threads took: 0.0000716 seconds
[2025-06-16T00:17:57.214+0000][394.892s][915][941][info ] Application time: 1.0001159 seconds
[2025-06-16T00:17:57.214+0000][394.892s][915][941][info ] Entering safepoint region: Cleanup
[2025-06-16T00:17:57.214+0000][394.892s][915][941][info ] Leaving safepoint region
[2025-06-16T00:17:57.214+0000][394.892s][915][941][info ] Total time for which application threads were stopped: 0.0002188 seconds, Stopping threads took: 0.0000368 seconds
[2025-06-16T00:17:58.214+0000][395.892s][915][941][info ] Application time: 1.0000952 seconds
[2025-06-16T00:17:58.215+0000][395.892s][915][941][info ] Entering safepoint region: Cleanup
[2025-06-16T00:17:58.215+0000][395.892s][915][941][info ] Leaving safepoint region
[2025-06-16T00:17:58.215+0000][395.892s][915][941][info ] Total time for which application threads were stopped: 0.0001665 seconds, Stopping threads took: 0.0000354 seconds
[2025-06-16T00:17:59.215+0000][396.892s][915][941][info ] Application time: 1.0000987 seconds
[2025-06-16T00:17:59.215+0000][396.892s][915][941][info ] Entering safepoint region: Cleanup
[2025-06-16T00:17:59.215+0000][396.893s][915][941][info ] Leaving safepoint region
[2025-06-16T00:17:59.215+0000][396.893s][915][941][info ] Total time for which application threads were stopped: 0.0001784 seconds, Stopping threads took: 0.0000377 seconds
[2025-06-16T00:18:00.215+0000][397.893s][915][941][info ] Application time: 1.0001165 seconds
[2025-06-16T00:18:00.215+0000][397.893s][915][941][info ] Entering safepoint region: Cleanup
[2025-06-16T00:18:00.216+0000][397.893s][915][941][info ] Leaving safepoint region
[2025-06-16T00:18:00.216+0000][397.893s][915][941][info ] Total time for which application threads were stopped: 0.0003263 seconds, Stopping threads took: 0.0000687 seconds
[2025-06-16T00:18:01.216+0000][398.893s][915][941][info ] Application time: 1.0001350 seconds
[2025-06-16T00:18:01.216+0000][398.893s][915][941][info ] Entering safepoint region: Cleanup
[2025-06-16T00:18:01.216+0000][398.894s][915][941][info ] Leaving safepoint region
[2025-06-16T00:18:01.216+0000][398.894s][915][941][info ] Total time for which application threads were stopped: 0.0002852 seconds, Stopping threads took: 0.0000512 seconds
[2025-06-16T00:18:02.216+0000][399.894s][915][941][info ] Application time: 1.0001233 seconds
[2025-06-16T00:18:02.216+0000][399.894s][915][941][info ] Entering safepoint region: Cleanup
[2025-06-16T00:18:02.217+0000][399.894s][915][941][info ] Leaving safepoint region
[2025-06-16T00:18:02.217+0000][399.894s][915][941][info ] Total time for which application threads were stopped: 0.0002127 seconds, Stopping threads took: 0.0000404 seconds
[2025-06-16T00:18:03.217+0000][400.894s][915][941][info ] Application time: 1.0001254 seconds
[2025-06-16T00:18:03.217+0000][400.894s][915][941][info ] Entering safepoint region: Cleanup
[2025-06-16T00:18:03.217+0000][400.895s][915][941][info ] Leaving safepoint region
[2025-06-16T00:18:03.217+0000][400.895s][915][941][info ] Total time for which application threads were stopped: 0.0001991 seconds, Stopping threads took: 0.0000437 seconds
[2025-06-16T00:18:04.028+0000][401.706s][915][940][trace] CMS: promo attempt is safe: available(6912212992) >= av_promo(0), max_promo(727747216)
[2025-06-16T00:18:04.217+0000][401.895s][915][941][info ] Application time: 1.0001225 seconds
[2025-06-16T00:18:04.217+0000][401.895s][915][941][info ] Entering safepoint region: Cleanup
[2025-06-16T00:18:04.217+0000][401.895s][915][941][info ] Leaving safepoint region
[2025-06-16T00:18:04.217+0000][401.895s][915][941][info ] Total time for which application threads were stopped: 0.0001966 seconds, Stopping threads took: 0.0000442 seconds
[2025-06-16T00:18:05.218+0000][402.895s][915][941][info ] Application time: 1.0001106 seconds
[2025-06-16T00:18:05.218+0000][402.895s][915][941][info ] Entering safepoint region: Cleanup
[2025-06-16T00:18:05.218+0000][402.895s][915][941][info ] Leaving safepoint region
[2025-06-16T00:18:05.218+0000][402.895s][915][941][info ] Total time for which application threads were stopped: 0.0002387 seconds, Stopping threads took: 0.0000398 seconds
[2025-06-16T00:18:06.218+0000][403.896s][915][941][info ] Application time: 1.0001163 seconds
[2025-06-16T00:18:06.218+0000][403.896s][915][941][info ] Entering safepoint region: Cleanup
[2025-06-16T00:18:06.218+0000][403.896s][915][941][info ] Leaving safepoint region
[2025-06-16T00:18:06.218+0000][403.896s][915][941][info ] Total time for which application threads were stopped: 0.0002537 seconds, Stopping threads took: 0.0000515 seconds
[2025-06-16T00:18:07.219+0000][404.896s][915][941][info ] Application time: 1.0000980 seconds
[2025-06-16T00:18:07.219+0000][404.896s][915][941][info ] Entering safepoint region: Cleanup
[2025-06-16T00:18:07.219+0000][404.896s][915][941][info ] Leaving safepoint region
[2025-06-16T00:18:07.219+0000][404.896s][915][941][info ] Total time for which application threads were stopped: 0.0001985 seconds, Stopping threads took: 0.0000396 seconds
[2025-06-16T00:18:08.219+0000][405.896s][915][941][info ] Application time: 1.0000834 seconds
[2025-06-16T00:18:08.219+0000][405.896s][915][941][info ] Entering safepoint region: Cleanup
[2025-06-16T00:18:08.219+0000][405.897s][915][941][info ] Leaving safepoint region
[2025-06-16T00:18:08.219+0000][405.897s][915][941][info ] Total time for which application threads were stopped: 0.0001874 seconds, Stopping threads took: 0.0000387 seconds
[2025-06-16T00:18:09.219+0000][406.897s][915][941][info ] Application time: 1.0001205 seconds
[2025-06-16T00:18:09.219+0000][406.897s][915][941][info ] Entering safepoint region: Cleanup
[2025-06-16T00:18:09.220+0000][406.897s][915][941][info ] Leaving safepoint region
[2025-06-16T00:18:09.220+0000][406.897s][915][941][info ] Total time for which application threads were stopped: 0.0002142 seconds, Stopping threads took: 0.0000412 seconds
[2025-06-16T00:18:10.220+0000][407.897s][915][941][info ] Application time: 1.0001093 seconds
[2025-06-16T00:18:10.220+0000][407.897s][915][941][info ] Entering safepoint region: Cleanup
[2025-06-16T00:18:10.220+0000][407.897s][915][941][info ] Leaving safepoint region
[2025-06-16T00:18:10.220+0000][407.897s][915][941][info ] Total time for which application threads were stopped: 0.0001846 seconds, Stopping threads took: 0.0000381 seconds
[2025-06-16T00:18:11.220+0000][408.898s][915][941][info ] Application time: 1.0001116 seconds
[2025-06-16T00:18:11.220+0000][408.898s][915][941][info ] Entering safepoint region: Cleanup
[2025-06-16T00:18:11.220+0000][408.898s][915][941][info ] Leaving safepoint region
[2025-06-16T00:18:11.220+0000][408.898s][915][941][info ] Total time for which application threads were stopped: 0.0002374 seconds, Stopping threads took: 0.0000428 seconds
[2025-06-16T00:18:12.221+0000][409.898s][915][941][info ] Application time: 1.0001018 seconds
[2025-06-16T00:18:12.221+0000][409.898s][915][941][info ] Entering safepoint region: Cleanup
[2025-06-16T00:18:12.221+0000][409.898s][915][941][info ] Leaving safepoint region
[2025-06-16T00:18:12.221+0000][409.898s][915][941][info ] Total time for which application threads were stopped: 0.0002688 seconds, Stopping threads took: 0.0000459 seconds
[2025-06-16T00:18:13.221+0000][410.899s][915][941][info ] Application time: 1.0001154 seconds
[2025-06-16T00:18:13.221+0000][410.899s][915][941][info ] Entering safepoint region: Cleanup
[2025-06-16T00:18:13.221+0000][410.899s][915][941][info ] Leaving safepoint region
[2025-06-16T00:18:13.221+0000][410.899s][915][941][info ] Total time for which application threads were stopped: 0.0001755 seconds, Stopping threads took: 0.0000344 seconds
[2025-06-16T00:18:14.027+0000][411.705s][915][940][trace] CMS: promo attempt is safe: available(6912212992) >= av_promo(0), max_promo(727747216)
[2025-06-16T00:18:14.221+0000][411.899s][915][941][info ] Application time: 1.0001043 seconds
[2025-06-16T00:18:14.222+0000][411.899s][915][941][info ] Entering safepoint region: Cleanup
[2025-06-16T00:18:14.222+0000][411.899s][915][941][info ] Leaving safepoint region
[2025-06-16T00:18:14.222+0000][411.899s][915][941][info ] Total time for which application threads were stopped: 0.0002181 seconds, Stopping threads took: 0.0000537 seconds
[2025-06-16T00:18:15.222+0000][412.899s][915][941][info ] Application time: 1.0000852 seconds
[2025-06-16T00:18:15.222+0000][412.899s][915][941][info ] Entering safepoint region: Cleanup
[2025-06-16T00:18:15.222+0000][412.900s][915][941][info ] Leaving safepoint region
[2025-06-16T00:18:15.222+0000][412.900s][915][941][info ] Total time for which application threads were stopped: 0.0002585 seconds, Stopping threads took: 0.0000467 seconds
[2025-06-16T00:18:16.222+0000][413.900s][915][941][info ] Application time: 1.0001187 seconds
[2025-06-16T00:18:16.222+0000][413.900s][915][941][info ] Entering safepoint region: Cleanup
[2025-06-16T00:18:16.223+0000][413.900s][915][941][info ] Leaving safepoint region
[2025-06-16T00:18:16.223+0000][413.900s][915][941][info ] Total time for which application threads were stopped: 0.0001817 seconds, Stopping threads took: 0.0000387 seconds
[2025-06-16T00:18:17.223+0000][414.900s][915][941][info ] Application time: 1.0001167 seconds
[2025-06-16T00:18:17.223+0000][414.900s][915][941][info ] Entering safepoint region: Cleanup
[2025-06-16T00:18:17.223+0000][414.900s][915][941][info ] Leaving safepoint region
[2025-06-16T00:18:17.223+0000][414.901s][915][941][info ] Total time for which application threads were stopped: 0.0002423 seconds, Stopping threads took: 0.0000442 seconds
[2025-06-16T00:18:18.223+0000][415.901s][915][941][info ] Application time: 1.0001173 seconds
[2025-06-16T00:18:18.223+0000][415.901s][915][941][info ] Entering safepoint region: Cleanup
[2025-06-16T00:18:18.223+0000][415.901s][915][941][info ] Leaving safepoint region
[2025-06-16T00:18:18.223+0000][415.901s][915][941][info ] Total time for which application threads were stopped: 0.0002042 seconds, Stopping threads took: 0.0000367 seconds
[2025-06-16T00:18:19.224+0000][416.901s][915][941][info ] Application time: 1.0000933 seconds
[2025-06-16T00:18:19.224+0000][416.901s][915][941][info ] Entering safepoint region: Cleanup
[2025-06-16T00:18:19.224+0000][416.901s][915][941][info ] Leaving safepoint region
[2025-06-16T00:18:19.224+0000][416.901s][915][941][info ] Total time for which application threads were stopped: 0.0001600 seconds, Stopping threads took: 0.0000343 seconds
[2025-06-16T00:18:20.224+0000][417.901s][915][941][info ] Application time: 1.0001321 seconds
[2025-06-16T00:18:20.224+0000][417.902s][915][941][info ] Entering safepoint region: Cleanup
[2025-06-16T00:18:20.224+0000][417.902s][915][941][info ] Leaving safepoint region
[2025-06-16T00:18:20.224+0000][417.902s][915][941][info ] Total time for which application threads were stopped: 0.0002150 seconds, Stopping threads took: 0.0000573 seconds
[2025-06-16T00:18:21.224+0000][418.902s][915][941][info ] Application time: 1.0001003 seconds
[2025-06-16T00:18:21.224+0000][418.902s][915][941][info ] Entering safepoint region: Cleanup
[2025-06-16T00:18:21.225+0000][418.902s][915][941][info ] Leaving safepoint region
[2025-06-16T00:18:21.225+0000][418.902s][915][941][info ] Total time for which application threads were stopped: 0.0001735 seconds, Stopping threads took: 0.0000350 seconds
[2025-06-16T00:18:22.225+0000][419.902s][915][941][info ] Application time: 1.0001119 seconds
[2025-06-16T00:18:22.225+0000][419.902s][915][941][info ] Entering safepoint region: Cleanup
[2025-06-16T00:18:22.225+0000][419.902s][915][941][info ] Leaving safepoint region
[2025-06-16T00:18:22.225+0000][419.902s][915][941][info ] Total time for which application threads were stopped: 0.0001814 seconds, Stopping threads took: 0.0000379 seconds
[2025-06-16T00:18:23.225+0000][420.903s][915][941][info ] Application time: 1.0001082 seconds
[2025-06-16T00:18:23.225+0000][420.903s][915][941][info ] Entering safepoint region: Cleanup
[2025-06-16T00:18:23.225+0000][420.903s][915][941][info ] Leaving safepoint region
[2025-06-16T00:18:23.225+0000][420.903s][915][941][info ] Total time for which application threads were stopped: 0.0002235 seconds, Stopping threads took: 0.0000422 seconds
[2025-06-16T00:18:24.028+0000][421.705s][915][940][trace] CMS: promo attempt is safe: available(6912212992) >= av_promo(0), max_promo(741169800)
[2025-06-16T00:18:24.226+0000][421.903s][915][941][info ] Application time: 1.0001169 seconds
[2025-06-16T00:18:24.226+0000][421.903s][915][941][info ] Entering safepoint region: Cleanup
[2025-06-16T00:18:24.226+0000][421.903s][915][941][info ] Leaving safepoint region
[2025-06-16T00:18:24.226+0000][421.903s][915][941][info ] Total time for which application threads were stopped: 0.0002931 seconds, Stopping threads took: 0.0000518 seconds
[2025-06-16T00:18:25.226+0000][422.904s][915][941][info ] Application time: 1.0000895 seconds
[2025-06-16T00:18:25.226+0000][422.904s][915][941][info ] Entering safepoint region: Cleanup
[2025-06-16T00:18:25.226+0000][422.904s][915][941][info ] Leaving safepoint region
[2025-06-16T00:18:25.226+0000][422.904s][915][941][info ] Total time for which application threads were stopped: 0.0002020 seconds, Stopping threads took: 0.0000329 seconds
[2025-06-16T00:18:26.226+0000][423.904s][915][941][info ] Application time: 1.0001011 seconds
[2025-06-16T00:18:26.227+0000][423.904s][915][941][info ] Entering safepoint region: Cleanup
[2025-06-16T00:18:26.227+0000][423.904s][915][941][info ] Leaving safepoint region
[2025-06-16T00:18:26.227+0000][423.904s][915][941][info ] Total time for which application threads were stopped: 0.0002275 seconds, Stopping threads took: 0.0000398 seconds
[2025-06-16T00:18:27.227+0000][424.904s][915][941][info ] Application time: 1.0001010 seconds
[2025-06-16T00:18:27.227+0000][424.904s][915][941][info ] Entering safepoint region: Cleanup
[2025-06-16T00:18:27.227+0000][424.905s][915][941][info ] Leaving safepoint region
[2025-06-16T00:18:27.227+0000][424.905s][915][941][info ] Total time for which application threads were stopped: 0.0002079 seconds, Stopping threads took: 0.0000431 seconds
[2025-06-16T00:18:28.227+0000][425.905s][915][941][info ] Application time: 1.0000955 seconds
[2025-06-16T00:18:28.227+0000][425.905s][915][941][info ] Entering safepoint region: Cleanup
[2025-06-16T00:18:28.228+0000][425.905s][915][941][info ] Leaving safepoint region
[2025-06-16T00:18:28.228+0000][425.905s][915][941][info ] Total time for which application threads were stopped: 0.0001827 seconds, Stopping threads took: 0.0000331 seconds
[2025-06-16T00:18:29.228+0000][426.905s][915][941][info ] Application time: 1.0000906 seconds
[2025-06-16T00:18:29.228+0000][426.905s][915][941][info ] Entering safepoint region: Cleanup
[2025-06-16T00:18:29.228+0000][426.905s][915][941][info ] Leaving safepoint region
[2025-06-16T00:18:29.228+0000][426.905s][915][941][info ] Total time for which application threads were stopped: 0.0002045 seconds, Stopping threads took: 0.0000464 seconds
[2025-06-16T00:18:30.228+0000][427.906s][915][941][info ] Application time: 1.0001328 seconds
[2025-06-16T00:18:30.228+0000][427.906s][915][941][info ] Entering safepoint region: Cleanup
[2025-06-16T00:18:30.228+0000][427.906s][915][941][info ] Leaving safepoint region
[2025-06-16T00:18:30.228+0000][427.906s][915][941][info ] Total time for which application threads were stopped: 0.0002385 seconds, Stopping threads took: 0.0000501 seconds
[2025-06-16T00:18:31.229+0000][428.906s][915][941][info ] Application time: 1.0001291 seconds
[2025-06-16T00:18:31.229+0000][428.906s][915][941][info ] Entering safepoint region: Cleanup
[2025-06-16T00:18:31.229+0000][428.906s][915][941][info ] Leaving safepoint region
[2025-06-16T00:18:31.229+0000][428.907s][915][941][info ] Total time for which application threads were stopped: 0.0003613 seconds, Stopping threads took: 0.0000750 seconds
[2025-06-16T00:18:32.229+0000][429.907s][915][941][info ] Application time: 1.0001185 seconds
[2025-06-16T00:18:32.229+0000][429.907s][915][941][info ] Entering safepoint region: Cleanup
[2025-06-16T00:18:32.229+0000][429.907s][915][941][info ] Leaving safepoint region
[2025-06-16T00:18:32.229+0000][429.907s][915][941][info ] Total time for which application threads were stopped: 0.0002403 seconds, Stopping threads took: 0.0000427 seconds
[2025-06-16T00:18:33.230+0000][430.907s][915][941][info ] Application time: 1.0001212 seconds
[2025-06-16T00:18:33.230+0000][430.907s][915][941][info ] Entering safepoint region: Cleanup
[2025-06-16T00:18:33.230+0000][430.907s][915][941][info ] Leaving safepoint region
[2025-06-16T00:18:33.230+0000][430.907s][915][941][info ] Total time for which application threads were stopped: 0.0003055 seconds, Stopping threads took: 0.0000877 seconds
[2025-06-16T00:18:34.027+0000][431.705s][915][940][trace] CMS: promo attempt is safe: available(6912212992) >= av_promo(0), max_promo(741169800)
[2025-06-16T00:18:34.230+0000][431.908s][915][941][info ] Application time: 1.0001179 seconds
[2025-06-16T00:18:34.230+0000][431.908s][915][941][info ] Entering safepoint region: Cleanup
[2025-06-16T00:18:34.230+0000][431.908s][915][941][info ] Leaving safepoint region
[2025-06-16T00:18:34.230+0000][431.908s][915][941][info ] Total time for which application threads were stopped: 0.0002539 seconds, Stopping threads took: 0.0000465 seconds
[2025-06-16T00:18:35.231+0000][432.908s][915][941][info ] Application time: 1.0001370 seconds
[2025-06-16T00:18:35.231+0000][432.908s][915][941][info ] Entering safepoint region: Cleanup
[2025-06-16T00:18:35.231+0000][432.909s][915][941][info ] Leaving safepoint region
[2025-06-16T00:18:35.231+0000][432.909s][915][941][info ] Total time for which application threads were stopped: 0.0003969 seconds, Stopping threads took: 0.0000478 seconds
[2025-06-16T00:18:36.231+0000][433.909s][915][941][info ] Application time: 1.0001169 seconds
[2025-06-16T00:18:36.231+0000][433.909s][915][941][info ] Entering safepoint region: Cleanup
[2025-06-16T00:18:36.232+0000][433.909s][915][941][info ] Leaving safepoint region
[2025-06-16T00:18:36.232+0000][433.909s][915][941][info ] Total time for which application threads were stopped: 0.0002603 seconds, Stopping threads took: 0.0000532 seconds
[2025-06-16T00:18:37.232+0000][434.909s][915][941][info ] Application time: 1.0001456 seconds
[2025-06-16T00:18:37.237+0000][434.915s][915][941][info ] Entering safepoint region: Cleanup
[2025-06-16T00:18:37.238+0000][434.915s][915][941][info ] Leaving safepoint region
[2025-06-16T00:18:37.238+0000][434.915s][915][941][info ] Total time for which application threads were stopped: 0.0007097 seconds, Stopping threads took: 0.0001439 seconds
[2025-06-16T00:18:38.238+0000][435.916s][915][941][info ] Application time: 1.0001536 seconds
[2025-06-16T00:18:38.238+0000][435.916s][915][941][info ] Entering safepoint region: Cleanup
[2025-06-16T00:18:38.239+0000][435.916s][915][941][info ] Leaving safepoint region
[2025-06-16T00:18:38.239+0000][435.916s][915][941][info ] Total time for which application threads were stopped: 0.0005850 seconds, Stopping threads took: 0.0001580 seconds
[2025-06-16T00:18:39.239+0000][436.916s][915][941][info ] Application time: 1.0001368 seconds
[2025-06-16T00:18:39.239+0000][436.917s][915][941][info ] Entering safepoint region: Cleanup
[2025-06-16T00:18:39.239+0000][436.917s][915][941][info ] Leaving safepoint region
[2025-06-16T00:18:39.239+0000][436.917s][915][941][info ] Total time for which application threads were stopped: 0.0002066 seconds, Stopping threads took: 0.0000438 seconds
[2025-06-16T00:18:40.239+0000][437.917s][915][941][info ] Application time: 1.0001370 seconds
[2025-06-16T00:18:40.240+0000][437.917s][915][941][info ] Entering safepoint region: Cleanup
[2025-06-16T00:18:40.240+0000][437.917s][915][941][info ] Leaving safepoint region
[2025-06-16T00:18:40.240+0000][437.917s][915][941][info ] Total time for which application threads were stopped: 0.0001789 seconds, Stopping threads took: 0.0000389 seconds
[2025-06-16T00:18:41.240+0000][438.917s][915][941][info ] Application time: 1.0001014 seconds
[2025-06-16T00:18:41.240+0000][438.917s][915][941][info ] Entering safepoint region: Cleanup
[2025-06-16T00:18:41.240+0000][438.918s][915][941][info ] Leaving safepoint region
[2025-06-16T00:18:41.240+0000][438.918s][915][941][info ] Total time for which application threads were stopped: 0.0002460 seconds, Stopping threads took: 0.0000427 seconds
[2025-06-16T00:18:42.240+0000][439.918s][915][941][info ] Application time: 1.0000994 seconds
[2025-06-16T00:18:42.240+0000][439.918s][915][941][info ] Entering safepoint region: Cleanup
[2025-06-16T00:18:42.240+0000][439.918s][915][941][info ] Leaving safepoint region
[2025-06-16T00:18:42.240+0000][439.918s][915][941][info ] Total time for which application threads were stopped: 0.0001740 seconds, Stopping threads took: 0.0000433 seconds
[2025-06-16T00:18:43.241+0000][440.918s][915][941][info ] Application time: 1.0001101 seconds
[2025-06-16T00:18:43.241+0000][440.918s][915][941][info ] Entering safepoint region: Cleanup
[2025-06-16T00:18:43.241+0000][440.918s][915][941][info ] Leaving safepoint region
[2025-06-16T00:18:43.241+0000][440.918s][915][941][info ] Total time for which application threads were stopped: 0.0001911 seconds, Stopping threads took: 0.0000387 seconds
[2025-06-16T00:18:44.027+0000][441.705s][915][940][trace] CMS: promo attempt is safe: available(6912212992) >= av_promo(0), max_promo(741169800)
[2025-06-16T00:18:44.241+0000][441.918s][915][941][info ] Application time: 1.0000976 seconds
[2025-06-16T00:18:44.241+0000][441.919s][915][941][info ] Entering safepoint region: Cleanup
[2025-06-16T00:18:44.241+0000][441.919s][915][941][info ] Leaving safepoint region
[2025-06-16T00:18:44.241+0000][441.919s][915][941][info ] Total time for which application threads were stopped: 0.0001955 seconds, Stopping threads took: 0.0000438 seconds
[2025-06-16T00:18:45.241+0000][442.919s][915][941][info ] Application time: 1.0001398 seconds
[2025-06-16T00:18:45.242+0000][442.919s][915][941][info ] Entering safepoint region: Cleanup
[2025-06-16T00:18:45.242+0000][442.919s][915][941][info ] Leaving safepoint region
[2025-06-16T00:18:45.242+0000][442.919s][915][941][info ] Total time for which application threads were stopped: 0.0002928 seconds, Stopping threads took: 0.0000552 seconds
[2025-06-16T00:18:46.242+0000][443.920s][915][941][info ] Application time: 1.0002061 seconds
[2025-06-16T00:18:46.242+0000][443.920s][915][941][info ] Entering safepoint region: Cleanup
[2025-06-16T00:18:46.243+0000][443.921s][915][941][info ] Leaving safepoint region
[2025-06-16T00:18:46.243+0000][443.921s][915][941][info ] Total time for which application threads were stopped: 0.0009110 seconds, Stopping threads took: 0.0001695 seconds
[2025-06-16T00:18:47.243+0000][444.921s][915][941][info ] Application time: 1.0001286 seconds
[2025-06-16T00:18:47.244+0000][444.921s][915][941][info ] Entering safepoint region: Cleanup
[2025-06-16T00:18:47.244+0000][444.921s][915][941][info ] Leaving safepoint region
[2025-06-16T00:18:47.244+0000][444.921s][915][941][info ] Total time for which application threads were stopped: 0.0003159 seconds, Stopping threads took: 0.0001127 seconds
[2025-06-16T00:18:48.244+0000][445.921s][915][941][info ] Application time: 1.0000940 seconds
[2025-06-16T00:18:48.244+0000][445.921s][915][941][info ] Entering safepoint region: Cleanup
[2025-06-16T00:18:48.244+0000][445.922s][915][941][info ] Leaving safepoint region
[2025-06-16T00:18:48.244+0000][445.922s][915][941][info ] Total time for which application threads were stopped: 0.0001625 seconds, Stopping threads took: 0.0000346 seconds
[2025-06-16T00:18:49.244+0000][446.922s][915][941][info ] Application time: 1.0001240 seconds
[2025-06-16T00:18:49.244+0000][446.922s][915][941][info ] Entering safepoint region: Cleanup
[2025-06-16T00:18:49.245+0000][446.922s][915][941][info ] Leaving safepoint region
[2025-06-16T00:18:49.245+0000][446.922s][915][941][info ] Total time for which application threads were stopped: 0.0002485 seconds, Stopping threads took: 0.0000548 seconds
[2025-06-16T00:18:50.245+0000][447.922s][915][941][info ] Application time: 1.0001013 seconds
[2025-06-16T00:18:50.245+0000][447.922s][915][941][info ] Entering safepoint region: Cleanup
[2025-06-16T00:18:50.245+0000][447.923s][915][941][info ] Leaving safepoint region
[2025-06-16T00:18:50.245+0000][447.923s][915][941][info ] Total time for which application threads were stopped: 0.0001672 seconds, Stopping threads took: 0.0000342 seconds
[2025-06-16T00:18:51.245+0000][448.923s][915][941][info ] Application time: 1.0001473 seconds
[2025-06-16T00:18:51.246+0000][448.923s][915][941][info ] Entering safepoint region: Cleanup
[2025-06-16T00:18:51.246+0000][448.924s][915][941][info ] Leaving safepoint region
[2025-06-16T00:18:51.246+0000][448.924s][915][941][info ] Total time for which application threads were stopped: 0.0007265 seconds, Stopping threads took: 0.0001299 seconds
[2025-06-16T00:18:52.246+0000][449.924s][915][941][info ] Application time: 1.0001623 seconds
[2025-06-16T00:18:52.246+0000][449.924s][915][941][info ] Entering safepoint region: Cleanup
[2025-06-16T00:18:52.247+0000][449.924s][915][941][info ] Leaving safepoint region
[2025-06-16T00:18:52.247+0000][449.924s][915][941][info ] Total time for which application threads were stopped: 0.0002116 seconds, Stopping threads took: 0.0000436 seconds
[2025-06-16T00:18:53.247+0000][450.924s][915][941][info ] Application time: 1.0001018 seconds
[2025-06-16T00:18:53.247+0000][450.924s][915][941][info ] Entering safepoint region: Cleanup
[2025-06-16T00:18:53.247+0000][450.925s][915][941][info ] Leaving safepoint region
[2025-06-16T00:18:53.247+0000][450.925s][915][941][info ] Total time for which application threads were stopped: 0.0001982 seconds, Stopping threads took: 0.0000404 seconds
[2025-06-16T00:18:54.027+0000][451.705s][915][940][trace] CMS: promo attempt is safe: available(6912212992) >= av_promo(0), max_promo(741169800)
[2025-06-16T00:18:54.247+0000][451.925s][915][941][info ] Application time: 1.0001188 seconds
[2025-06-16T00:18:54.247+0000][451.925s][915][941][info ] Entering safepoint region: Cleanup
[2025-06-16T00:18:54.247+0000][451.925s][915][941][info ] Leaving safepoint region
[2025-06-16T00:18:54.247+0000][451.925s][915][941][info ] Total time for which application threads were stopped: 0.0002051 seconds, Stopping threads took: 0.0000389 seconds
[2025-06-16T00:18:55.248+0000][452.925s][915][941][info ] Application time: 1.0001409 seconds
[2025-06-16T00:18:55.248+0000][452.925s][915][941][info ] Entering safepoint region: Cleanup
[2025-06-16T00:18:55.248+0000][452.925s][915][941][info ] Leaving safepoint region
[2025-06-16T00:18:55.248+0000][452.925s][915][941][info ] Total time for which application threads were stopped: 0.0002604 seconds, Stopping threads took: 0.0000602 seconds
[2025-06-16T00:18:56.248+0000][453.926s][915][941][info ] Application time: 1.0001185 seconds
[2025-06-16T00:18:56.248+0000][453.926s][915][941][info ] Entering safepoint region: Cleanup
[2025-06-16T00:18:56.248+0000][453.926s][915][941][info ] Leaving safepoint region
[2025-06-16T00:18:56.248+0000][453.926s][915][941][info ] Total time for which application threads were stopped: 0.0001892 seconds, Stopping threads took: 0.0000404 seconds
[2025-06-16T00:18:57.249+0000][454.926s][915][941][info ] Application time: 1.0001095 seconds
[2025-06-16T00:18:57.249+0000][454.926s][915][941][info ] Entering safepoint region: Cleanup
[2025-06-16T00:18:57.249+0000][454.926s][915][941][info ] Leaving safepoint region
[2025-06-16T00:18:57.249+0000][454.926s][915][941][info ] Total time for which application threads were stopped: 0.0002823 seconds, Stopping threads took: 0.0000424 seconds
[2025-06-16T00:18:58.249+0000][455.927s][915][941][info ] Application time: 1.0000945 seconds
[2025-06-16T00:18:58.249+0000][455.927s][915][941][info ] Entering safepoint region: Cleanup
[2025-06-16T00:18:58.249+0000][455.927s][915][941][info ] Leaving safepoint region
[2025-06-16T00:18:58.249+0000][455.927s][915][941][info ] Total time for which application threads were stopped: 0.0002060 seconds, Stopping threads took: 0.0000367 seconds
[2025-06-16T00:18:59.249+0000][456.927s][915][941][info ] Application time: 1.0001283 seconds
[2025-06-16T00:18:59.250+0000][456.927s][915][941][info ] Entering safepoint region: Cleanup
[2025-06-16T00:18:59.250+0000][456.928s][915][941][info ] Leaving safepoint region
[2025-06-16T00:18:59.250+0000][456.928s][915][941][info ] Total time for which application threads were stopped: 0.0004782 seconds, Stopping threads took: 0.0001027 seconds
[2025-06-16T00:19:00.250+0000][457.928s][915][941][info ] Application time: 1.0001271 seconds
[2025-06-16T00:19:00.250+0000][457.928s][915][941][info ] Entering safepoint region: Cleanup
[2025-06-16T00:19:00.251+0000][457.928s][915][941][info ] Leaving safepoint region
[2025-06-16T00:19:00.251+0000][457.928s][915][941][info ] Total time for which application threads were stopped: 0.0003361 seconds, Stopping threads took: 0.0000664 seconds
[2025-06-16T00:19:01.251+0000][458.928s][915][941][info ] Application time: 1.0001391 seconds
[2025-06-16T00:19:01.251+0000][458.928s][915][941][info ] Entering safepoint region: Cleanup
[2025-06-16T00:19:01.251+0000][458.929s][915][941][info ] Leaving safepoint region
[2025-06-16T00:19:01.251+0000][458.929s][915][941][info ] Total time for which application threads were stopped: 0.0002000 seconds, Stopping threads took: 0.0000416 seconds
[2025-06-16T00:19:02.251+0000][459.929s][915][941][info ] Application time: 1.0001271 seconds
[2025-06-16T00:19:02.251+0000][459.929s][915][941][info ] Entering safepoint region: Cleanup
[2025-06-16T00:19:02.252+0000][459.929s][915][941][info ] Leaving safepoint region
[2025-06-16T00:19:02.252+0000][459.929s][915][941][info ] Total time for which application threads were stopped: 0.0002631 seconds, Stopping threads took: 0.0000581 seconds
[2025-06-16T00:19:03.252+0000][460.929s][915][941][info ] Application time: 1.0001167 seconds
[2025-06-16T00:19:03.252+0000][460.929s][915][941][info ] Entering safepoint region: Cleanup
[2025-06-16T00:19:03.252+0000][460.930s][915][941][info ] Leaving safepoint region
[2025-06-16T00:19:03.252+0000][460.930s][915][941][info ] Total time for which application threads were stopped: 0.0003275 seconds, Stopping threads took: 0.0000421 seconds
[2025-06-16T00:19:04.027+0000][461.705s][915][940][trace] CMS: promo attempt is safe: available(6912212992) >= av_promo(0), max_promo(741169800)
[2025-06-16T00:19:04.252+0000][461.930s][915][941][info ] Application time: 1.0001243 seconds
[2025-06-16T00:19:04.252+0000][461.930s][915][941][info ] Entering safepoint region: Cleanup
[2025-06-16T00:19:04.253+0000][461.930s][915][941][info ] Leaving safepoint region
[2025-06-16T00:19:04.253+0000][461.930s][915][941][info ] Total time for which application threads were stopped: 0.0002919 seconds, Stopping threads took: 0.0000523 seconds
[2025-06-16T00:19:05.253+0000][462.930s][915][941][info ] Application time: 1.0001198 seconds
[2025-06-16T00:19:05.253+0000][462.930s][915][941][info ] Entering safepoint region: Cleanup
[2025-06-16T00:19:05.253+0000][462.931s][915][941][info ] Leaving safepoint region
[2025-06-16T00:19:05.253+0000][462.931s][915][941][info ] Total time for which application threads were stopped: 0.0001986 seconds, Stopping threads took: 0.0000429 seconds
[2025-06-16T00:19:06.253+0000][463.931s][915][941][info ] Application time: 1.0001145 seconds
[2025-06-16T00:19:06.259+0000][463.936s][915][941][info ] Entering safepoint region: Cleanup
[2025-06-16T00:19:06.259+0000][463.937s][915][941][info ] Leaving safepoint region
[2025-06-16T00:19:06.259+0000][463.937s][915][941][info ] Total time for which application threads were stopped: 0.0008344 seconds, Stopping threads took: 0.0005261 seconds
[2025-06-16T00:19:07.260+0000][464.937s][915][941][info ] Application time: 1.0001275 seconds
[2025-06-16T00:19:07.261+0000][464.939s][915][941][info ] Entering safepoint region: Cleanup
[2025-06-16T00:19:07.262+0000][464.939s][915][941][info ] Leaving safepoint region
[2025-06-16T00:19:07.262+0000][464.939s][915][941][info ] Total time for which application threads were stopped: 0.0001803 seconds, Stopping threads took: 0.0000437 seconds
[2025-06-16T00:19:08.262+0000][465.939s][915][941][info ] Application time: 1.0001200 seconds
[2025-06-16T00:19:08.262+0000][465.939s][915][941][info ] Entering safepoint region: Cleanup
[2025-06-16T00:19:08.262+0000][465.940s][915][941][info ] Leaving safepoint region
[2025-06-16T00:19:08.262+0000][465.940s][915][941][info ] Total time for which application threads were stopped: 0.0002008 seconds, Stopping threads took: 0.0000421 seconds
[2025-06-16T00:19:09.262+0000][466.940s][915][941][info ] Application time: 1.0001147 seconds
[2025-06-16T00:19:09.262+0000][466.940s][915][941][info ] Entering safepoint region: Cleanup
[2025-06-16T00:19:09.263+0000][466.940s][915][941][info ] Leaving safepoint region
[2025-06-16T00:19:09.263+0000][466.940s][915][941][info ] Total time for which application threads were stopped: 0.0002385 seconds, Stopping threads took: 0.0000434 seconds
[2025-06-16T00:19:10.263+0000][467.940s][915][941][info ] Application time: 1.0001189 seconds
[2025-06-16T00:19:10.263+0000][467.940s][915][941][info ] Entering safepoint region: Cleanup
[2025-06-16T00:19:10.263+0000][467.940s][915][941][info ] Leaving safepoint region
[2025-06-16T00:19:10.263+0000][467.940s][915][941][info ] Total time for which application threads were stopped: 0.0002400 seconds, Stopping threads took: 0.0000754 seconds
[2025-06-16T00:19:11.263+0000][468.941s][915][941][info ] Application time: 1.0001102 seconds
[2025-06-16T00:19:11.263+0000][468.941s][915][941][info ] Entering safepoint region: Cleanup
[2025-06-16T00:19:11.263+0000][468.941s][915][941][info ] Leaving safepoint region
[2025-06-16T00:19:11.263+0000][468.941s][915][941][info ] Total time for which application threads were stopped: 0.0002012 seconds, Stopping threads took: 0.0000378 seconds
[2025-06-16T00:19:12.264+0000][469.941s][915][941][info ] Application time: 1.0001432 seconds
[2025-06-16T00:19:12.264+0000][469.941s][915][941][info ] Entering safepoint region: Cleanup
[2025-06-16T00:19:12.264+0000][469.941s][915][941][info ] Leaving safepoint region
[2025-06-16T00:19:12.264+0000][469.941s][915][941][info ] Total time for which application threads were stopped: 0.0002086 seconds, Stopping threads took: 0.0000386 seconds
[2025-06-16T00:19:13.264+0000][470.941s][915][941][info ] Application time: 1.0000994 seconds
[2025-06-16T00:19:13.264+0000][470.942s][915][941][info ] Entering safepoint region: Cleanup
[2025-06-16T00:19:13.264+0000][470.942s][915][941][info ] Leaving safepoint region
[2025-06-16T00:19:13.264+0000][470.942s][915][941][info ] Total time for which application threads were stopped: 0.0001968 seconds, Stopping threads took: 0.0000407 seconds
[2025-06-16T00:19:14.027+0000][471.705s][915][940][trace] CMS: promo attempt is safe: available(6912212992) >= av_promo(0), max_promo(741169800)
[2025-06-16T00:19:14.264+0000][471.942s][915][941][info ] Application time: 1.0001167 seconds
[2025-06-16T00:19:14.264+0000][471.942s][915][941][info ] Entering safepoint region: Cleanup
[2025-06-16T00:19:14.265+0000][471.942s][915][941][info ] Leaving safepoint region
[2025-06-16T00:19:14.265+0000][471.942s][915][941][info ] Total time for which application threads were stopped: 0.0002357 seconds, Stopping threads took: 0.0000504 seconds
[2025-06-16T00:19:15.265+0000][472.942s][915][941][info ] Application time: 1.0000998 seconds
[2025-06-16T00:19:15.265+0000][472.942s][915][941][info ] Entering safepoint region: Cleanup
[2025-06-16T00:19:15.265+0000][472.943s][915][941][info ] Leaving safepoint region
[2025-06-16T00:19:15.265+0000][472.943s][915][941][info ] Total time for which application threads were stopped: 0.0002822 seconds, Stopping threads took: 0.0000727 seconds
[2025-06-16T00:19:16.265+0000][473.943s][915][941][info ] Application time: 1.0001078 seconds
[2025-06-16T00:19:16.265+0000][473.943s][915][941][info ] Entering safepoint region: Cleanup
[2025-06-16T00:19:16.266+0000][473.943s][915][941][info ] Leaving safepoint region
[2025-06-16T00:19:16.266+0000][473.943s][915][941][info ] Total time for which application threads were stopped: 0.0002193 seconds, Stopping threads took: 0.0000431 seconds
[2025-06-16T00:19:17.266+0000][474.943s][915][941][info ] Application time: 1.0000986 seconds
[2025-06-16T00:19:17.266+0000][474.943s][915][941][info ] Entering safepoint region: Cleanup
[2025-06-16T00:19:17.266+0000][474.944s][915][941][info ] Leaving safepoint region
[2025-06-16T00:19:17.266+0000][474.944s][915][941][info ] Total time for which application threads were stopped: 0.0002163 seconds, Stopping threads took: 0.0000427 seconds
[2025-06-16T00:19:18.266+0000][475.944s][915][941][info ] Application time: 1.0001117 seconds
[2025-06-16T00:19:18.266+0000][475.944s][915][941][info ] Entering safepoint region: Cleanup
[2025-06-16T00:19:18.267+0000][475.944s][915][941][info ] Leaving safepoint region
[2025-06-16T00:19:18.267+0000][475.944s][915][941][info ] Total time for which application threads were stopped: 0.0002511 seconds, Stopping threads took: 0.0000481 seconds
[2025-06-16T00:19:19.267+0000][476.944s][915][941][info ] Application time: 1.0000659 seconds
[2025-06-16T00:19:19.267+0000][476.944s][915][941][info ] Entering safepoint region: Cleanup
[2025-06-16T00:19:19.267+0000][476.944s][915][941][info ] Leaving safepoint region
[2025-06-16T00:19:19.267+0000][476.944s][915][941][info ] Total time for which application threads were stopped: 0.0001817 seconds, Stopping threads took: 0.0000383 seconds
[2025-06-16T00:19:20.267+0000][477.944s][915][941][info ] Application time: 1.0001020 seconds
[2025-06-16T00:19:20.267+0000][477.945s][915][941][info ] Entering safepoint region: Cleanup
[2025-06-16T00:19:20.267+0000][477.945s][915][941][info ] Leaving safepoint region
[2025-06-16T00:19:20.267+0000][477.945s][915][941][info ] Total time for which application threads were stopped: 0.0001887 seconds, Stopping threads took: 0.0000408 seconds
[2025-06-16T00:19:21.267+0000][478.945s][915][941][info ] Application time: 1.0001687 seconds
[2025-06-16T00:19:21.268+0000][478.945s][915][941][info ] Entering safepoint region: Cleanup
[2025-06-16T00:19:21.268+0000][478.946s][915][941][info ] Leaving safepoint region
[2025-06-16T00:19:21.268+0000][478.946s][915][941][info ] Total time for which application threads were stopped: 0.0006242 seconds, Stopping threads took: 0.0001377 seconds
[2025-06-16T00:19:22.268+0000][479.946s][915][941][info ] Application time: 1.0001399 seconds
[2025-06-16T00:19:22.269+0000][479.946s][915][941][info ] Entering safepoint region: Cleanup
[2025-06-16T00:19:22.269+0000][479.946s][915][941][info ] Leaving safepoint region
[2025-06-16T00:19:22.269+0000][479.946s][915][941][info ] Total time for which application threads were stopped: 0.0002050 seconds, Stopping threads took: 0.0000387 seconds
[2025-06-16T00:19:23.269+0000][480.946s][915][941][info ] Application time: 1.0001361 seconds
[2025-06-16T00:19:23.269+0000][480.947s][915][941][info ] Entering safepoint region: Cleanup
[2025-06-16T00:19:23.270+0000][480.947s][915][941][info ] Leaving safepoint region
[2025-06-16T00:19:23.270+0000][480.947s][915][941][info ] Total time for which application threads were stopped: 0.0007244 seconds, Stopping threads took: 0.0001488 seconds
[2025-06-16T00:19:24.027+0000][481.705s][915][940][trace] CMS: promo attempt is safe: available(6912212992) >= av_promo(0), max_promo(741169800)
[2025-06-16T00:19:24.270+0000][481.948s][915][941][info ] Application time: 1.0001378 seconds
[2025-06-16T00:19:24.270+0000][481.948s][915][941][info ] Entering safepoint region: Cleanup
[2025-06-16T00:19:24.270+0000][481.948s][915][941][info ] Leaving safepoint region
[2025-06-16T00:19:24.270+0000][481.948s][915][941][info ] Total time for which application threads were stopped: 0.0002602 seconds, Stopping threads took: 0.0000592 seconds
[2025-06-16T00:19:25.271+0000][482.948s][915][941][info ] Application time: 1.0001049 seconds
[2025-06-16T00:19:25.271+0000][482.948s][915][941][info ] Entering safepoint region: Cleanup
[2025-06-16T00:19:25.271+0000][482.948s][915][941][info ] Leaving safepoint region
[2025-06-16T00:19:25.271+0000][482.948s][915][941][info ] Total time for which application threads were stopped: 0.0001824 seconds, Stopping threads took: 0.0000446 seconds
[2025-06-16T00:19:26.271+0000][483.948s][915][941][info ] Application time: 1.0001335 seconds
[2025-06-16T00:19:26.271+0000][483.949s][915][941][info ] Entering safepoint region: Cleanup
[2025-06-16T00:19:26.271+0000][483.949s][915][941][info ] Leaving safepoint region
[2025-06-16T00:19:26.271+0000][483.949s][915][941][info ] Total time for which application threads were stopped: 0.0003222 seconds, Stopping threads took: 0.0000770 seconds
[2025-06-16T00:19:27.271+0000][484.949s][915][941][info ] Application time: 1.0001084 seconds
[2025-06-16T00:19:27.274+0000][484.951s][915][941][info ] Entering safepoint region: Cleanup
[2025-06-16T00:19:27.274+0000][484.951s][915][941][info ] Leaving safepoint region
[2025-06-16T00:19:27.274+0000][484.951s][915][941][info ] Total time for which application threads were stopped: 0.0003129 seconds, Stopping threads took: 0.0000566 seconds
[2025-06-16T00:19:28.274+0000][485.952s][915][941][info ] Application time: 1.0001135 seconds
[2025-06-16T00:19:28.274+0000][485.952s][915][941][info ] Entering safepoint region: Cleanup
[2025-06-16T00:19:28.275+0000][485.952s][915][941][info ] Leaving safepoint region
[2025-06-16T00:19:28.275+0000][485.952s][915][941][info ] Total time for which application threads were stopped: 0.0003855 seconds, Stopping threads took: 0.0000935 seconds
[2025-06-16T00:19:29.275+0000][486.952s][915][941][info ] Application time: 1.0001124 seconds
[2025-06-16T00:19:29.275+0000][486.952s][915][941][info ] Entering safepoint region: Cleanup
[2025-06-16T00:19:29.275+0000][486.952s][915][941][info ] Leaving safepoint region
[2025-06-16T00:19:29.275+0000][486.953s][915][941][info ] Total time for which application threads were stopped: 0.0002680 seconds, Stopping threads took: 0.0000466 seconds
[2025-06-16T00:19:30.275+0000][487.953s][915][941][info ] Application time: 1.0001126 seconds
[2025-06-16T00:19:30.275+0000][487.953s][915][941][info ] Entering safepoint region: Cleanup
[2025-06-16T00:19:30.275+0000][487.953s][915][941][info ] Leaving safepoint region
[2025-06-16T00:19:30.275+0000][487.953s][915][941][info ] Total time for which application threads were stopped: 0.0002155 seconds, Stopping threads took: 0.0000440 seconds
[2025-06-16T00:19:31.276+0000][488.953s][915][941][info ] Application time: 1.0000518 seconds
[2025-06-16T00:19:31.276+0000][488.953s][915][941][info ] Entering safepoint region: Cleanup
[2025-06-16T00:19:31.276+0000][488.953s][915][941][info ] Leaving safepoint region
[2025-06-16T00:19:31.276+0000][488.953s][915][941][info ] Total time for which application threads were stopped: 0.0001731 seconds, Stopping threads took: 0.0000336 seconds
[2025-06-16T00:19:32.276+0000][489.954s][915][941][info ] Application time: 1.0001961 seconds
[2025-06-16T00:19:32.276+0000][489.954s][915][941][info ] Entering safepoint region: Cleanup
[2025-06-16T00:19:32.276+0000][489.954s][915][941][info ] Leaving safepoint region
[2025-06-16T00:19:32.277+0000][489.954s][915][941][info ] Total time for which application threads were stopped: 0.0003537 seconds, Stopping threads took: 0.0000873 seconds
[2025-06-16T00:19:33.277+0000][490.954s][915][941][info ] Application time: 1.0001007 seconds
[2025-06-16T00:19:33.277+0000][490.954s][915][941][info ] Entering safepoint region: Cleanup
[2025-06-16T00:19:33.277+0000][490.954s][915][941][info ] Leaving safepoint region
[2025-06-16T00:19:33.277+0000][490.954s][915][941][info ] Total time for which application threads were stopped: 0.0002292 seconds, Stopping threads took: 0.0000482 seconds
[2025-06-16T00:19:34.027+0000][491.705s][915][940][trace] CMS: promo attempt is safe: available(6912212992) >= av_promo(0), max_promo(741169800)
[2025-06-16T00:19:34.277+0000][491.955s][915][941][info ] Application time: 1.0000996 seconds
[2025-06-16T00:19:34.277+0000][491.955s][915][941][info ] Entering safepoint region: Cleanup
[2025-06-16T00:19:34.277+0000][491.955s][915][941][info ] Leaving safepoint region
[2025-06-16T00:19:34.277+0000][491.955s][915][941][info ] Total time for which application threads were stopped: 0.0002067 seconds, Stopping threads took: 0.0000471 seconds
[2025-06-16T00:19:35.277+0000][492.955s][915][941][info ] Application time: 1.0001195 seconds
[2025-06-16T00:19:35.278+0000][492.955s][915][941][info ] Entering safepoint region: Cleanup
[2025-06-16T00:19:35.278+0000][492.955s][915][941][info ] Leaving safepoint region
[2025-06-16T00:19:35.278+0000][492.955s][915][941][info ] Total time for which application threads were stopped: 0.0004074 seconds, Stopping threads took: 0.0000614 seconds
[2025-06-16T00:19:36.278+0000][493.956s][915][941][info ] Application time: 1.0001271 seconds
[2025-06-16T00:19:36.278+0000][493.956s][915][941][info ] Entering safepoint region: Cleanup
[2025-06-16T00:19:36.278+0000][493.956s][915][941][info ] Leaving safepoint region
[2025-06-16T00:19:36.278+0000][493.956s][915][941][info ] Total time for which application threads were stopped: 0.0001971 seconds, Stopping threads took: 0.0000481 seconds
[2025-06-16T00:19:37.279+0000][494.956s][915][941][info ] Application time: 1.0001115 seconds
[2025-06-16T00:19:37.279+0000][494.956s][915][941][info ] Entering safepoint region: Cleanup
[2025-06-16T00:19:37.279+0000][494.956s][915][941][info ] Leaving safepoint region
[2025-06-16T00:19:37.279+0000][494.956s][915][941][info ] Total time for which application threads were stopped: 0.0002484 seconds, Stopping threads took: 0.0000462 seconds
[2025-06-16T00:19:38.279+0000][495.957s][915][941][info ] Application time: 1.0001151 seconds
[2025-06-16T00:19:38.279+0000][495.957s][915][941][info ] Entering safepoint region: Cleanup
[2025-06-16T00:19:38.279+0000][495.957s][915][941][info ] Leaving safepoint region
[2025-06-16T00:19:38.279+0000][495.957s][915][941][info ] Total time for which application threads were stopped: 0.0003129 seconds, Stopping threads took: 0.0000606 seconds
[2025-06-16T00:19:39.280+0000][496.957s][915][941][info ] Application time: 1.0000993 seconds
[2025-06-16T00:19:39.280+0000][496.957s][915][941][info ] Entering safepoint region: Cleanup
[2025-06-16T00:19:39.280+0000][496.957s][915][941][info ] Leaving safepoint region
[2025-06-16T00:19:39.280+0000][496.957s][915][941][info ] Total time for which application threads were stopped: 0.0001920 seconds, Stopping threads took: 0.0000409 seconds
[2025-06-16T00:19:40.280+0000][497.957s][915][941][info ] Application time: 1.0000997 seconds
[2025-06-16T00:19:40.280+0000][497.958s][915][941][info ] Entering safepoint region: Cleanup
[2025-06-16T00:19:40.280+0000][497.958s][915][941][info ] Leaving safepoint region
[2025-06-16T00:19:40.280+0000][497.958s][915][941][info ] Total time for which application threads were stopped: 0.0001861 seconds, Stopping threads took: 0.0000423 seconds
[2025-06-16T00:19:41.280+0000][498.958s][915][941][info ] Application time: 1.0001333 seconds
[2025-06-16T00:19:41.281+0000][498.958s][915][941][info ] Entering safepoint region: Cleanup
[2025-06-16T00:19:41.281+0000][498.958s][915][941][info ] Leaving safepoint region
[2025-06-16T00:19:41.281+0000][498.958s][915][941][info ] Total time for which application threads were stopped: 0.0003015 seconds, Stopping threads took: 0.0000731 seconds
[2025-06-16T00:19:42.281+0000][499.958s][915][941][info ] Application time: 1.0000891 seconds
[2025-06-16T00:19:42.281+0000][499.958s][915][941][info ] Entering safepoint region: Cleanup
[2025-06-16T00:19:42.281+0000][499.959s][915][941][info ] Leaving safepoint region
[2025-06-16T00:19:42.281+0000][499.959s][915][941][info ] Total time for which application threads were stopped: 0.0001641 seconds, Stopping threads took: 0.0000350 seconds
[2025-06-16T00:19:43.281+0000][500.959s][915][941][info ] Application time: 1.0001043 seconds
[2025-06-16T00:19:43.281+0000][500.959s][915][941][info ] Entering safepoint region: Cleanup
[2025-06-16T00:19:43.281+0000][500.959s][915][941][info ] Leaving safepoint region
[2025-06-16T00:19:43.281+0000][500.959s][915][941][info ] Total time for which application threads were stopped: 0.0001947 seconds, Stopping threads took: 0.0000406 seconds
[2025-06-16T00:19:44.027+0000][501.704s][915][940][trace] CMS: promo attempt is safe: available(6912212992) >= av_promo(0), max_promo(741169800)
[2025-06-16T00:19:44.282+0000][501.959s][915][941][info ] Application time: 1.0000963 seconds
[2025-06-16T00:19:44.282+0000][501.959s][915][941][info ] Entering safepoint region: Cleanup
[2025-06-16T00:19:44.282+0000][501.959s][915][941][info ] Leaving safepoint region
[2025-06-16T00:19:44.282+0000][501.959s][915][941][info ] Total time for which application threads were stopped: 0.0002579 seconds, Stopping threads took: 0.0000369 seconds
[2025-06-16T00:19:45.282+0000][502.960s][915][941][info ] Application time: 1.0001058 seconds
[2025-06-16T00:19:45.282+0000][502.960s][915][941][info ] Entering safepoint region: Cleanup
[2025-06-16T00:19:45.282+0000][502.960s][915][941][info ] Leaving safepoint region
[2025-06-16T00:19:45.282+0000][502.960s][915][941][info ] Total time for which application threads were stopped: 0.0001765 seconds, Stopping threads took: 0.0000358 seconds
[2025-06-16T00:19:46.282+0000][503.960s][915][941][info ] Application time: 1.0000924 seconds
[2025-06-16T00:19:46.283+0000][503.960s][915][941][info ] Entering safepoint region: Cleanup
[2025-06-16T00:19:46.283+0000][503.960s][915][941][info ] Leaving safepoint region
[2025-06-16T00:19:46.283+0000][503.960s][915][941][info ] Total time for which application threads were stopped: 0.0002116 seconds, Stopping threads took: 0.0000508 seconds
[2025-06-16T00:19:47.283+0000][504.960s][915][941][info ] Application time: 1.0001748 seconds
[2025-06-16T00:19:47.283+0000][504.960s][915][941][info ] Entering safepoint region: Cleanup
[2025-06-16T00:19:47.283+0000][504.961s][915][941][info ] Leaving safepoint region
[2025-06-16T00:19:47.283+0000][504.961s][915][941][info ] Total time for which application threads were stopped: 0.0003049 seconds, Stopping threads took: 0.0000528 seconds
[2025-06-16T00:19:48.283+0000][505.961s][915][941][info ] Application time: 1.0000936 seconds
[2025-06-16T00:19:48.283+0000][505.961s][915][941][info ] Entering safepoint region: Cleanup
[2025-06-16T00:19:48.284+0000][505.961s][915][941][info ] Leaving safepoint region
[2025-06-16T00:19:48.284+0000][505.961s][915][941][info ] Total time for which application threads were stopped: 0.0002347 seconds, Stopping threads took: 0.0000394 seconds
[2025-06-16T00:19:49.284+0000][506.961s][915][941][info ] Application time: 1.0001033 seconds
[2025-06-16T00:19:49.284+0000][506.961s][915][941][info ] Entering safepoint region: Cleanup
[2025-06-16T00:19:49.284+0000][506.962s][915][941][info ] Leaving safepoint region
[2025-06-16T00:19:49.284+0000][506.962s][915][941][info ] Total time for which application threads were stopped: 0.0002323 seconds, Stopping threads took: 0.0000497 seconds
[2025-06-16T00:19:50.284+0000][507.962s][915][941][info ] Application time: 1.0001303 seconds
[2025-06-16T00:19:50.284+0000][507.962s][915][941][info ] Entering safepoint region: Cleanup
[2025-06-16T00:19:50.285+0000][507.962s][915][941][info ] Leaving safepoint region
[2025-06-16T00:19:50.285+0000][507.962s][915][941][info ] Total time for which application threads were stopped: 0.0001920 seconds, Stopping threads took: 0.0000550 seconds
[2025-06-16T00:19:51.285+0000][508.962s][915][941][info ] Application time: 1.0001133 seconds
[2025-06-16T00:19:51.285+0000][508.962s][915][941][info ] Entering safepoint region: Cleanup
[2025-06-16T00:19:51.285+0000][508.962s][915][941][info ] Leaving safepoint region
[2025-06-16T00:19:51.285+0000][508.962s][915][941][info ] Total time for which application threads were stopped: 0.0001905 seconds, Stopping threads took: 0.0000416 seconds
[2025-06-16T00:19:52.285+0000][509.963s][915][941][info ] Application time: 1.0001116 seconds
[2025-06-16T00:19:52.285+0000][509.963s][915][941][info ] Entering safepoint region: Cleanup
[2025-06-16T00:19:52.285+0000][509.963s][915][941][info ] Leaving safepoint region
[2025-06-16T00:19:52.285+0000][509.963s][915][941][info ] Total time for which application threads were stopped: 0.0001626 seconds, Stopping threads took: 0.0000346 seconds
[2025-06-16T00:19:53.285+0000][510.963s][915][941][info ] Application time: 1.0001257 seconds
[2025-06-16T00:19:53.286+0000][510.963s][915][941][info ] Entering safepoint region: Cleanup
[2025-06-16T00:19:53.286+0000][510.963s][915][941][info ] Leaving safepoint region
[2025-06-16T00:19:53.286+0000][510.963s][915][941][info ] Total time for which application threads were stopped: 0.0002769 seconds, Stopping threads took: 0.0000511 seconds
[2025-06-16T00:19:54.026+0000][511.703s][915][940][trace] CMS: promo attempt is safe: available(6912212992) >= av_promo(0), max_promo(741169800)
[2025-06-16T00:19:54.286+0000][511.963s][915][941][info ] Application time: 1.0000964 seconds
[2025-06-16T00:19:54.286+0000][511.964s][915][941][info ] Entering safepoint region: Cleanup
[2025-06-16T00:19:54.286+0000][511.964s][915][941][info ] Leaving safepoint region
[2025-06-16T00:19:54.286+0000][511.964s][915][941][info ] Total time for which application threads were stopped: 0.0002539 seconds, Stopping threads took: 0.0000640 seconds
[2025-06-16T00:19:55.286+0000][512.964s][915][941][info ] Application time: 1.0001120 seconds
[2025-06-16T00:19:55.287+0000][512.964s][915][941][info ] Entering safepoint region: Cleanup
[2025-06-16T00:19:55.287+0000][512.964s][915][941][info ] Leaving safepoint region
[2025-06-16T00:19:55.287+0000][512.964s][915][941][info ] Total time for which application threads were stopped: 0.0002068 seconds, Stopping threads took: 0.0000484 seconds
[2025-06-16T00:19:56.310+0000][513.987s][915][941][info ] Application time: 1.0231423 seconds
[2025-06-16T00:19:56.310+0000][513.988s][915][941][info ] Entering safepoint region: Cleanup
[2025-06-16T00:19:56.311+0000][513.988s][915][941][info ] Leaving safepoint region
[2025-06-16T00:19:56.311+0000][513.988s][915][941][info ] Total time for which application threads were stopped: 0.0008542 seconds, Stopping threads took: 0.0001957 seconds
[2025-06-16T00:19:57.314+0000][514.991s][915][941][info ] Application time: 1.0028993 seconds
[2025-06-16T00:19:57.318+0000][514.996s][915][941][info ] Entering safepoint region: Cleanup
[2025-06-16T00:19:57.319+0000][514.996s][915][941][info ] Leaving safepoint region
[2025-06-16T00:19:57.319+0000][514.996s][915][941][info ] Total time for which application threads were stopped: 0.0048503 seconds, Stopping threads took: 0.0043816 seconds
[2025-06-16T00:19:58.319+0000][515.996s][915][941][info ] Application time: 1.0001123 seconds
[2025-06-16T00:19:58.319+0000][515.997s][915][941][info ] Entering safepoint region: Cleanup
[2025-06-16T00:19:58.319+0000][515.997s][915][941][info ] Leaving safepoint region
[2025-06-16T00:19:58.319+0000][515.997s][915][941][info ] Total time for which application threads were stopped: 0.0003830 seconds, Stopping threads took: 0.0000531 seconds
[2025-06-16T00:19:59.320+0000][516.997s][915][941][info ] Application time: 1.0001021 seconds
[2025-06-16T00:19:59.320+0000][516.997s][915][941][info ] Entering safepoint region: Cleanup
[2025-06-16T00:19:59.320+0000][516.997s][915][941][info ] Leaving safepoint region
[2025-06-16T00:19:59.320+0000][516.997s][915][941][info ] Total time for which application threads were stopped: 0.0001949 seconds, Stopping threads took: 0.0000396 seconds
[2025-06-16T00:20:00.320+0000][517.997s][915][941][info ] Application time: 1.0001071 seconds
[2025-06-16T00:20:00.320+0000][517.997s][915][941][info ] Entering safepoint region: Cleanup
[2025-06-16T00:20:00.320+0000][517.998s][915][941][info ] Leaving safepoint region
[2025-06-16T00:20:00.320+0000][517.998s][915][941][info ] Total time for which application threads were stopped: 0.0002248 seconds, Stopping threads took: 0.0000420 seconds
[2025-06-16T00:20:01.320+0000][518.998s][915][941][info ] Application time: 1.0000976 seconds
[2025-06-16T00:20:01.320+0000][518.998s][915][941][info ] Entering safepoint region: Cleanup
[2025-06-16T00:20:01.321+0000][518.998s][915][941][info ] Leaving safepoint region
[2025-06-16T00:20:01.321+0000][518.998s][915][941][info ] Total time for which application threads were stopped: 0.0002155 seconds, Stopping threads took: 0.0000499 seconds
[2025-06-16T00:20:02.321+0000][519.998s][915][941][info ] Application time: 1.0001167 seconds
[2025-06-16T00:20:02.321+0000][519.998s][915][941][info ] Entering safepoint region: Cleanup
[2025-06-16T00:20:02.321+0000][519.998s][915][941][info ] Leaving safepoint region
[2025-06-16T00:20:02.321+0000][519.998s][915][941][info ] Total time for which application threads were stopped: 0.0002091 seconds, Stopping threads took: 0.0000429 seconds
[2025-06-16T00:20:03.018+0000][520.695s][915][941][info ] Application time: 0.6969782 seconds
[2025-06-16T00:20:03.018+0000][520.696s][915][941][info ] Entering safepoint region: Deoptimize
[2025-06-16T00:20:03.020+0000][520.697s][915][941][info ] Leaving safepoint region
[2025-06-16T00:20:03.020+0000][520.697s][915][941][info ] Total time for which application threads were stopped: 0.0016451 seconds, Stopping threads took: 0.0000445 seconds
[2025-06-16T00:20:04.020+0000][521.697s][915][941][info ] Application time: 1.0001138 seconds
[2025-06-16T00:20:04.020+0000][521.697s][915][941][info ] Entering safepoint region: Cleanup
[2025-06-16T00:20:04.020+0000][521.698s][915][941][info ] Leaving safepoint region
[2025-06-16T00:20:04.020+0000][521.698s][915][941][info ] Total time for which application threads were stopped: 0.0003656 seconds, Stopping threads took: 0.0000672 seconds
[2025-06-16T00:20:04.025+0000][521.703s][915][940][trace] CMS: promo attempt is safe: available(6912212992) >= av_promo(0), max_promo(785112712)
[2025-06-16T00:20:05.020+0000][522.698s][915][941][info ] Application time: 1.0001168 seconds
[2025-06-16T00:20:05.021+0000][522.698s][915][941][info ] Entering safepoint region: Cleanup
[2025-06-16T00:20:05.021+0000][522.698s][915][941][info ] Leaving safepoint region
[2025-06-16T00:20:05.021+0000][522.698s][915][941][info ] Total time for which application threads were stopped: 0.0002334 seconds, Stopping threads took: 0.0000502 seconds
[2025-06-16T00:20:06.021+0000][523.698s][915][941][info ] Application time: 1.0001073 seconds
[2025-06-16T00:20:06.021+0000][523.698s][915][941][info ] Entering safepoint region: Cleanup
[2025-06-16T00:20:06.021+0000][523.699s][915][941][info ] Leaving safepoint region
[2025-06-16T00:20:06.021+0000][523.699s][915][941][info ] Total time for which application threads were stopped: 0.0002245 seconds, Stopping threads took: 0.0000458 seconds
[2025-06-16T00:20:07.021+0000][524.699s][915][941][info ] Application time: 1.0001067 seconds
[2025-06-16T00:20:07.021+0000][524.699s][915][941][info ] Entering safepoint region: Cleanup
[2025-06-16T00:20:07.022+0000][524.699s][915][941][info ] Leaving safepoint region
[2025-06-16T00:20:07.022+0000][524.699s][915][941][info ] Total time for which application threads were stopped: 0.0001833 seconds, Stopping threads took: 0.0000420 seconds
[2025-06-16T00:20:08.022+0000][525.699s][915][941][info ] Application time: 1.0001049 seconds
[2025-06-16T00:20:08.022+0000][525.699s][915][941][info ] Entering safepoint region: Cleanup
[2025-06-16T00:20:08.022+0000][525.699s][915][941][info ] Leaving safepoint region
[2025-06-16T00:20:08.022+0000][525.699s][915][941][info ] Total time for which application threads were stopped: 0.0002336 seconds, Stopping threads took: 0.0000713 seconds
[2025-06-16T00:20:09.022+0000][526.700s][915][941][info ] Application time: 1.0001031 seconds
[2025-06-16T00:20:09.022+0000][526.700s][915][941][info ] Entering safepoint region: Cleanup
[2025-06-16T00:20:09.022+0000][526.700s][915][941][info ] Leaving safepoint region
[2025-06-16T00:20:09.022+0000][526.700s][915][941][info ] Total time for which application threads were stopped: 0.0003042 seconds, Stopping threads took: 0.0000594 seconds
[2025-06-16T00:20:10.023+0000][527.700s][915][941][info ] Application time: 1.0001144 seconds
[2025-06-16T00:20:10.023+0000][527.700s][915][941][info ] Entering safepoint region: Cleanup
[2025-06-16T00:20:10.023+0000][527.700s][915][941][info ] Leaving safepoint region
[2025-06-16T00:20:10.023+0000][527.700s][915][941][info ] Total time for which application threads were stopped: 0.0001873 seconds, Stopping threads took: 0.0000481 seconds
[2025-06-16T00:20:11.023+0000][528.701s][915][941][info ] Application time: 1.0001089 seconds
[2025-06-16T00:20:11.023+0000][528.701s][915][941][info ] Entering safepoint region: Cleanup
[2025-06-16T00:20:11.023+0000][528.701s][915][941][info ] Leaving safepoint region
[2025-06-16T00:20:11.023+0000][528.701s][915][941][info ] Total time for which application threads were stopped: 0.0001881 seconds, Stopping threads took: 0.0000421 seconds
[2025-06-16T00:20:12.023+0000][529.701s][915][941][info ] Application time: 1.0000946 seconds
[2025-06-16T00:20:12.023+0000][529.701s][915][941][info ] Entering safepoint region: Cleanup
[2025-06-16T00:20:12.024+0000][529.701s][915][941][info ] Leaving safepoint region
[2025-06-16T00:20:12.024+0000][529.701s][915][941][info ] Total time for which application threads were stopped: 0.0001834 seconds, Stopping threads took: 0.0000398 seconds
[2025-06-16T00:20:13.024+0000][530.701s][915][941][info ] Application time: 1.0000936 seconds
[2025-06-16T00:20:13.024+0000][530.701s][915][941][info ] Entering safepoint region: Cleanup
[2025-06-16T00:20:13.024+0000][530.701s][915][941][info ] Leaving safepoint region
[2025-06-16T00:20:13.024+0000][530.702s][915][941][info ] Total time for which application threads were stopped: 0.0001849 seconds, Stopping threads took: 0.0000444 seconds
[2025-06-16T00:20:14.024+0000][531.702s][915][941][info ] Application time: 1.0001212 seconds
[2025-06-16T00:20:14.024+0000][531.702s][915][941][info ] Entering safepoint region: Cleanup
[2025-06-16T00:20:14.024+0000][531.702s][915][941][info ] Leaving safepoint region
[2025-06-16T00:20:14.025+0000][531.702s][915][941][info ] Total time for which application threads were stopped: 0.0002711 seconds, Stopping threads took: 0.0000557 seconds
[2025-06-16T00:20:14.025+0000][531.702s][915][940][trace] CMS: promo attempt is safe: available(6912212992) >= av_promo(0), max_promo(785112712)
[2025-06-16T00:20:15.025+0000][532.702s][915][941][info ] Application time: 1.0000962 seconds
[2025-06-16T00:20:15.025+0000][532.702s][915][941][info ] Entering safepoint region: Cleanup
[2025-06-16T00:20:15.025+0000][532.702s][915][941][info ] Leaving safepoint region
[2025-06-16T00:20:15.025+0000][532.702s][915][941][info ] Total time for which application threads were stopped: 0.0001843 seconds, Stopping threads took: 0.0000402 seconds
[2025-06-16T00:20:16.025+0000][533.702s][915][941][info ] Application time: 1.0000958 seconds
[2025-06-16T00:20:16.025+0000][533.703s][915][941][info ] Entering safepoint region: Cleanup
[2025-06-16T00:20:16.025+0000][533.703s][915][941][info ] Leaving safepoint region
[2025-06-16T00:20:16.025+0000][533.703s][915][941][info ] Total time for which application threads were stopped: 0.0002092 seconds, Stopping threads took: 0.0000451 seconds
[2025-06-16T00:20:17.025+0000][534.703s][915][941][info ] Application time: 1.0000957 seconds
[2025-06-16T00:20:17.026+0000][534.703s][915][941][info ] Entering safepoint region: Cleanup
[2025-06-16T00:20:17.026+0000][534.703s][915][941][info ] Leaving safepoint region
[2025-06-16T00:20:17.026+0000][534.703s][915][941][info ] Total time for which application threads were stopped: 0.0002280 seconds, Stopping threads took: 0.0000464 seconds
[2025-06-16T00:20:18.026+0000][535.703s][915][941][info ] Application time: 1.0000932 seconds
[2025-06-16T00:20:18.026+0000][535.703s][915][941][info ] Entering safepoint region: Cleanup
[2025-06-16T00:20:18.026+0000][535.704s][915][941][info ] Leaving safepoint region
[2025-06-16T00:20:18.026+0000][535.704s][915][941][info ] Total time for which application threads were stopped: 0.0002056 seconds, Stopping threads took: 0.0000382 seconds
[2025-06-16T00:20:19.026+0000][536.704s][915][941][info ] Application time: 1.0001261 seconds
[2025-06-16T00:20:19.026+0000][536.704s][915][941][info ] Entering safepoint region: Cleanup
[2025-06-16T00:20:19.026+0000][536.704s][915][941][info ] Leaving safepoint region
[2025-06-16T00:20:19.027+0000][536.704s][915][941][info ] Total time for which application threads were stopped: 0.0002016 seconds, Stopping threads took: 0.0000455 seconds
[2025-06-16T00:20:20.027+0000][537.704s][915][941][info ] Application time: 1.0000923 seconds
[2025-06-16T00:20:20.027+0000][537.704s][915][941][info ] Entering safepoint region: Cleanup
[2025-06-16T00:20:20.027+0000][537.704s][915][941][info ] Leaving safepoint region
[2025-06-16T00:20:20.027+0000][537.704s][915][941][info ] Total time for which application threads were stopped: 0.0001687 seconds, Stopping threads took: 0.0000379 seconds
[2025-06-16T00:20:21.027+0000][538.704s][915][941][info ] Application time: 1.0001038 seconds
[2025-06-16T00:20:21.027+0000][538.705s][915][941][info ] Entering safepoint region: Cleanup
[2025-06-16T00:20:21.027+0000][538.705s][915][941][info ] Leaving safepoint region
[2025-06-16T00:20:21.027+0000][538.705s][915][941][info ] Total time for which application threads were stopped: 0.0002161 seconds, Stopping threads took: 0.0000467 seconds
[2025-06-16T00:20:22.027+0000][539.705s][915][941][info ] Application time: 1.0000998 seconds
[2025-06-16T00:20:22.027+0000][539.705s][915][941][info ] Entering safepoint region: Cleanup
[2025-06-16T00:20:22.028+0000][539.705s][915][941][info ] Leaving safepoint region
[2025-06-16T00:20:22.028+0000][539.705s][915][941][info ] Total time for which application threads were stopped: 0.0002016 seconds, Stopping threads took: 0.0000436 seconds
[2025-06-16T00:20:23.028+0000][540.705s][915][941][info ] Application time: 1.0001063 seconds
[2025-06-16T00:20:23.028+0000][540.705s][915][941][info ] Entering safepoint region: Cleanup
[2025-06-16T00:20:23.028+0000][540.706s][915][941][info ] Leaving safepoint region
[2025-06-16T00:20:23.028+0000][540.706s][915][941][info ] Total time for which application threads were stopped: 0.0002067 seconds, Stopping threads took: 0.0000437 seconds
[2025-06-16T00:20:24.024+0000][541.702s][915][940][trace] CMS: promo attempt is safe: available(6912212992) >= av_promo(0), max_promo(785112712)
[2025-06-16T00:20:24.028+0000][541.706s][915][941][info ] Application time: 1.0001287 seconds
[2025-06-16T00:20:24.028+0000][541.706s][915][941][info ] Entering safepoint region: Cleanup
[2025-06-16T00:20:24.028+0000][541.706s][915][941][info ] Leaving safepoint region
[2025-06-16T00:20:24.028+0000][541.706s][915][941][info ] Total time for which application threads were stopped: 0.0002045 seconds, Stopping threads took: 0.0000505 seconds
[2025-06-16T00:20:25.029+0000][542.706s][915][941][info ] Application time: 1.0001406 seconds
[2025-06-16T00:20:25.029+0000][542.706s][915][941][info ] Entering safepoint region: Cleanup
[2025-06-16T00:20:25.029+0000][542.706s][915][941][info ] Leaving safepoint region
[2025-06-16T00:20:25.029+0000][542.706s][915][941][info ] Total time for which application threads were stopped: 0.0002270 seconds, Stopping threads took: 0.0000528 seconds
[2025-06-16T00:20:26.029+0000][543.707s][915][941][info ] Application time: 1.0001223 seconds
[2025-06-16T00:20:26.029+0000][543.707s][915][941][info ] Entering safepoint region: Cleanup
[2025-06-16T00:20:26.029+0000][543.707s][915][941][info ] Leaving safepoint region
[2025-06-16T00:20:26.029+0000][543.707s][915][941][info ] Total time for which application threads were stopped: 0.0002344 seconds, Stopping threads took: 0.0000449 seconds
[2025-06-16T00:20:27.030+0000][544.707s][915][941][info ] Application time: 1.0001293 seconds
[2025-06-16T00:20:27.030+0000][544.707s][915][941][info ] Entering safepoint region: Cleanup
[2025-06-16T00:20:27.030+0000][544.707s][915][941][info ] Leaving safepoint region
[2025-06-16T00:20:27.030+0000][544.707s][915][941][info ] Total time for which application threads were stopped: 0.0002988 seconds, Stopping threads took: 0.0000478 seconds
[2025-06-16T00:20:28.030+0000][545.708s][915][941][info ] Application time: 1.0001044 seconds
[2025-06-16T00:20:28.030+0000][545.708s][915][941][info ] Entering safepoint region: Cleanup
[2025-06-16T00:20:28.030+0000][545.708s][915][941][info ] Leaving safepoint region
[2025-06-16T00:20:28.030+0000][545.708s][915][941][info ] Total time for which application threads were stopped: 0.0001967 seconds, Stopping threads took: 0.0000434 seconds
[2025-06-16T00:20:29.031+0000][546.708s][915][941][info ] Application time: 1.0001428 seconds
[2025-06-16T00:20:29.031+0000][546.708s][915][941][info ] Entering safepoint region: Cleanup
[2025-06-16T00:20:29.031+0000][546.708s][915][941][info ] Leaving safepoint region
[2025-06-16T00:20:29.031+0000][546.708s][915][941][info ] Total time for which application threads were stopped: 0.0002126 seconds, Stopping threads took: 0.0000476 seconds
[2025-06-16T00:20:30.031+0000][547.708s][915][941][info ] Application time: 1.0001059 seconds
[2025-06-16T00:20:30.031+0000][547.709s][915][941][info ] Entering safepoint region: Cleanup
[2025-06-16T00:20:30.031+0000][547.709s][915][941][info ] Leaving safepoint region
[2025-06-16T00:20:30.031+0000][547.709s][915][941][info ] Total time for which application threads were stopped: 0.0001949 seconds, Stopping threads took: 0.0000407 seconds
[2025-06-16T00:20:31.031+0000][548.709s][915][941][info ] Application time: 1.0001191 seconds
[2025-06-16T00:20:31.031+0000][548.709s][915][941][info ] Entering safepoint region: Cleanup
[2025-06-16T00:20:31.032+0000][548.709s][915][941][info ] Leaving safepoint region
[2025-06-16T00:20:31.032+0000][548.709s][915][941][info ] Total time for which application threads were stopped: 0.0002419 seconds, Stopping threads took: 0.0000486 seconds
[2025-06-16T00:20:32.032+0000][549.709s][915][941][info ] Application time: 1.0001057 seconds
[2025-06-16T00:20:32.032+0000][549.709s][915][941][info ] Entering safepoint region: Cleanup
[2025-06-16T00:20:32.032+0000][549.710s][915][941][info ] Leaving safepoint region
[2025-06-16T00:20:32.032+0000][549.710s][915][941][info ] Total time for which application threads were stopped: 0.0002056 seconds, Stopping threads took: 0.0000420 seconds
[2025-06-16T00:20:33.032+0000][550.710s][915][941][info ] Application time: 1.0001054 seconds
[2025-06-16T00:20:33.032+0000][550.710s][915][941][info ] Entering safepoint region: Cleanup
[2025-06-16T00:20:33.032+0000][550.710s][915][941][info ] Leaving safepoint region
[2025-06-16T00:20:33.033+0000][550.710s][915][941][info ] Total time for which application threads were stopped: 0.0002385 seconds, Stopping threads took: 0.0000502 seconds
[2025-06-16T00:20:34.024+0000][551.701s][915][940][trace] CMS: promo attempt is safe: available(6912212992) >= av_promo(0), max_promo(785112712)
[2025-06-16T00:20:34.033+0000][551.710s][915][941][info ] Application time: 1.0000985 seconds
[2025-06-16T00:20:34.033+0000][551.710s][915][941][info ] Entering safepoint region: Cleanup
[2025-06-16T00:20:34.033+0000][551.710s][915][941][info ] Leaving safepoint region
[2025-06-16T00:20:34.033+0000][551.710s][915][941][info ] Total time for which application threads were stopped: 0.0001766 seconds, Stopping threads took: 0.0000379 seconds
[2025-06-16T00:20:35.033+0000][552.711s][915][941][info ] Application time: 1.0001953 seconds
[2025-06-16T00:20:35.033+0000][552.711s][915][941][info ] Entering safepoint region: Cleanup
[2025-06-16T00:20:35.033+0000][552.711s][915][941][info ] Leaving safepoint region
[2025-06-16T00:20:35.033+0000][552.711s][915][941][info ] Total time for which application threads were stopped: 0.0002714 seconds, Stopping threads took: 0.0000533 seconds
[2025-06-16T00:20:36.034+0000][553.711s][915][941][info ] Application time: 1.0001100 seconds
[2025-06-16T00:20:36.034+0000][553.711s][915][941][info ] Entering safepoint region: Cleanup
[2025-06-16T00:20:36.034+0000][553.711s][915][941][info ] Leaving safepoint region
[2025-06-16T00:20:36.034+0000][553.711s][915][941][info ] Total time for which application threads were stopped: 0.0002011 seconds, Stopping threads took: 0.0000372 seconds
[2025-06-16T00:20:37.034+0000][554.711s][915][941][info ] Application time: 1.0001080 seconds
[2025-06-16T00:20:37.034+0000][554.712s][915][941][info ] Entering safepoint region: Cleanup
[2025-06-16T00:20:37.034+0000][554.712s][915][941][info ] Leaving safepoint region
[2025-06-16T00:20:37.034+0000][554.712s][915][941][info ] Total time for which application threads were stopped: 0.0002086 seconds, Stopping threads took: 0.0000395 seconds
[2025-06-16T00:20:38.034+0000][555.712s][915][941][info ] Application time: 1.0001132 seconds
[2025-06-16T00:20:38.034+0000][555.712s][915][941][info ] Entering safepoint region: Cleanup
[2025-06-16T00:20:38.035+0000][555.712s][915][941][info ] Leaving safepoint region
[2025-06-16T00:20:38.035+0000][555.712s][915][941][info ] Total time for which application threads were stopped: 0.0001775 seconds, Stopping threads took: 0.0000384 seconds
[2025-06-16T00:20:39.035+0000][556.712s][915][941][info ] Application time: 1.0001066 seconds
[2025-06-16T00:20:39.035+0000][556.712s][915][941][info ] Entering safepoint region: Cleanup
[2025-06-16T00:20:39.035+0000][556.712s][915][941][info ] Leaving safepoint region
[2025-06-16T00:20:39.035+0000][556.712s][915][941][info ] Total time for which application threads were stopped: 0.0001815 seconds, Stopping threads took: 0.0000391 seconds
[2025-06-16T00:20:40.035+0000][557.713s][915][941][info ] Application time: 1.0000967 seconds
[2025-06-16T00:20:40.035+0000][557.713s][915][941][info ] Entering safepoint region: Cleanup
[2025-06-16T00:20:40.035+0000][557.713s][915][941][info ] Leaving safepoint region
[2025-06-16T00:20:40.035+0000][557.713s][915][941][info ] Total time for which application threads were stopped: 0.0001753 seconds, Stopping threads took: 0.0000380 seconds
[2025-06-16T00:20:41.035+0000][558.713s][915][941][info ] Application time: 1.0001067 seconds
[2025-06-16T00:20:41.036+0000][558.713s][915][941][info ] Entering safepoint region: Cleanup
[2025-06-16T00:20:41.036+0000][558.713s][915][941][info ] Leaving safepoint region
[2025-06-16T00:20:41.036+0000][558.713s][915][941][info ] Total time for which application threads were stopped: 0.0002102 seconds, Stopping threads took: 0.0000475 seconds
[2025-06-16T00:20:42.036+0000][559.713s][915][941][info ] Application time: 1.0001097 seconds
[2025-06-16T00:20:42.036+0000][559.714s][915][941][info ] Entering safepoint region: Cleanup
[2025-06-16T00:20:42.036+0000][559.714s][915][941][info ] Leaving safepoint region
[2025-06-16T00:20:42.036+0000][559.714s][915][941][info ] Total time for which application threads were stopped: 0.0002205 seconds, Stopping threads took: 0.0000551 seconds
[2025-06-16T00:20:43.036+0000][560.714s][915][941][info ] Application time: 1.0001089 seconds
[2025-06-16T00:20:43.036+0000][560.714s][915][941][info ] Entering safepoint region: Cleanup
[2025-06-16T00:20:43.037+0000][560.714s][915][941][info ] Leaving safepoint region
[2025-06-16T00:20:43.037+0000][560.714s][915][941][info ] Total time for which application threads were stopped: 0.0002306 seconds, Stopping threads took: 0.0000495 seconds
[2025-06-16T00:20:44.024+0000][561.701s][915][940][trace] CMS: promo attempt is safe: available(6912212992) >= av_promo(0), max_promo(787553056)
[2025-06-16T00:20:44.037+0000][561.714s][915][941][info ] Application time: 1.0000893 seconds
[2025-06-16T00:20:44.037+0000][561.714s][915][941][info ] Entering safepoint region: Cleanup
[2025-06-16T00:20:44.037+0000][561.714s][915][941][info ] Leaving safepoint region
[2025-06-16T00:20:44.037+0000][561.715s][915][941][info ] Total time for which application threads were stopped: 0.0001875 seconds, Stopping threads took: 0.0000336 seconds
[2025-06-16T00:20:45.037+0000][562.715s][915][941][info ] Application time: 1.0001008 seconds
[2025-06-16T00:20:45.037+0000][562.715s][915][941][info ] Entering safepoint region: Cleanup
[2025-06-16T00:20:45.037+0000][562.715s][915][941][info ] Leaving safepoint region
[2025-06-16T00:20:45.037+0000][562.715s][915][941][info ] Total time for which application threads were stopped: 0.0001843 seconds, Stopping threads took: 0.0000356 seconds
[2025-06-16T00:20:46.038+0000][563.715s][915][941][info ] Application time: 1.0001064 seconds
[2025-06-16T00:20:46.038+0000][563.715s][915][941][info ] Entering safepoint region: Cleanup
[2025-06-16T00:20:46.038+0000][563.715s][915][941][info ] Leaving safepoint region
[2025-06-16T00:20:46.038+0000][563.715s][915][941][info ] Total time for which application threads were stopped: 0.0002390 seconds, Stopping threads took: 0.0000423 seconds
[2025-06-16T00:20:47.038+0000][564.715s][915][941][info ] Application time: 1.0001151 seconds
[2025-06-16T00:20:47.038+0000][564.716s][915][941][info ] Entering safepoint region: Cleanup
[2025-06-16T00:20:47.038+0000][564.716s][915][941][info ] Leaving safepoint region
[2025-06-16T00:20:47.038+0000][564.716s][915][941][info ] Total time for which application threads were stopped: 0.0001985 seconds, Stopping threads took: 0.0000478 seconds
[2025-06-16T00:20:48.038+0000][565.716s][915][941][info ] Application time: 1.0000896 seconds
[2025-06-16T00:20:48.038+0000][565.716s][915][941][info ] Entering safepoint region: Cleanup
[2025-06-16T00:20:48.039+0000][565.716s][915][941][info ] Leaving safepoint region
[2025-06-16T00:20:48.039+0000][565.716s][915][941][info ] Total time for which application threads were stopped: 0.0002305 seconds, Stopping threads took: 0.0000418 seconds
[2025-06-16T00:20:49.039+0000][566.716s][915][941][info ] Application time: 1.0001169 seconds
[2025-06-16T00:20:49.039+0000][566.716s][915][941][info ] Entering safepoint region: Cleanup
[2025-06-16T00:20:49.039+0000][566.717s][915][941][info ] Leaving safepoint region
[2025-06-16T00:20:49.039+0000][566.717s][915][941][info ] Total time for which application threads were stopped: 0.0002242 seconds, Stopping threads took: 0.0000438 seconds
[2025-06-16T00:20:50.039+0000][567.717s][915][941][info ] Application time: 1.0001227 seconds
[2025-06-16T00:20:50.039+0000][567.717s][915][941][info ] Entering safepoint region: Cleanup
[2025-06-16T00:20:50.039+0000][567.717s][915][941][info ] Leaving safepoint region
[2025-06-16T00:20:50.039+0000][567.717s][915][941][info ] Total time for which application threads were stopped: 0.0001749 seconds, Stopping threads took: 0.0000355 seconds
[2025-06-16T00:20:51.040+0000][568.717s][915][941][info ] Application time: 1.0001636 seconds
[2025-06-16T00:20:51.040+0000][568.717s][915][941][info ] Entering safepoint region: Cleanup
[2025-06-16T00:20:51.040+0000][568.717s][915][941][info ] Leaving safepoint region
[2025-06-16T00:20:51.040+0000][568.717s][915][941][info ] Total time for which application threads were stopped: 0.0001988 seconds, Stopping threads took: 0.0000441 seconds
[2025-06-16T00:20:52.040+0000][569.718s][915][941][info ] Application time: 1.0000973 seconds
[2025-06-16T00:20:52.040+0000][569.718s][915][941][info ] Entering safepoint region: Cleanup
[2025-06-16T00:20:52.040+0000][569.718s][915][941][info ] Leaving safepoint region
[2025-06-16T00:20:52.040+0000][569.718s][915][941][info ] Total time for which application threads were stopped: 0.0002052 seconds, Stopping threads took: 0.0000358 seconds
[2025-06-16T00:20:53.040+0000][570.718s][915][941][info ] Application time: 1.0000842 seconds
[2025-06-16T00:20:53.040+0000][570.718s][915][941][info ] Entering safepoint region: Cleanup
[2025-06-16T00:20:53.041+0000][570.718s][915][941][info ] Leaving safepoint region
[2025-06-16T00:20:53.041+0000][570.718s][915][941][info ] Total time for which application threads were stopped: 0.0001793 seconds, Stopping threads took: 0.0000343 seconds
[2025-06-16T00:20:54.024+0000][571.701s][915][940][trace] CMS: promo attempt is safe: available(6912212992) >= av_promo(0), max_promo(787553056)
[2025-06-16T00:20:54.042+0000][571.719s][915][941][info ] Application time: 1.0009407 seconds
[2025-06-16T00:20:54.042+0000][571.719s][915][941][info ] Entering safepoint region: Cleanup
[2025-06-16T00:20:54.042+0000][571.719s][915][941][info ] Leaving safepoint region
[2025-06-16T00:20:54.042+0000][571.719s][915][941][info ] Total time for which application threads were stopped: 0.0002942 seconds, Stopping threads took: 0.0000527 seconds
[2025-06-16T00:20:55.042+0000][572.720s][915][941][info ] Application time: 1.0000946 seconds
[2025-06-16T00:20:55.042+0000][572.720s][915][941][info ] Entering safepoint region: Cleanup
[2025-06-16T00:20:55.042+0000][572.720s][915][941][info ] Leaving safepoint region
[2025-06-16T00:20:55.042+0000][572.720s][915][941][info ] Total time for which application threads were stopped: 0.0001703 seconds, Stopping threads took: 0.0000336 seconds
[2025-06-16T00:20:56.042+0000][573.720s][915][941][info ] Application time: 1.0001048 seconds
[2025-06-16T00:20:56.043+0000][573.720s][915][941][info ] Entering safepoint region: Cleanup
[2025-06-16T00:20:56.043+0000][573.720s][915][941][info ] Leaving safepoint region
[2025-06-16T00:20:56.043+0000][573.720s][915][941][info ] Total time for which application threads were stopped: 0.0001706 seconds, Stopping threads took: 0.0000363 seconds
[2025-06-16T00:20:57.043+0000][574.720s][915][941][info ] Application time: 1.0001003 seconds
[2025-06-16T00:20:57.043+0000][574.720s][915][941][info ] Entering safepoint region: Cleanup
[2025-06-16T00:20:57.043+0000][574.721s][915][941][info ] Leaving safepoint region
[2025-06-16T00:20:57.043+0000][574.721s][915][941][info ] Total time for which application threads were stopped: 0.0002205 seconds, Stopping threads took: 0.0000483 seconds
[2025-06-16T00:20:58.043+0000][575.721s][915][941][info ] Application time: 1.0000907 seconds
[2025-06-16T00:20:58.043+0000][575.721s][915][941][info ] Entering safepoint region: Cleanup
[2025-06-16T00:20:58.043+0000][575.721s][915][941][info ] Leaving safepoint region
[2025-06-16T00:20:58.043+0000][575.721s][915][941][info ] Total time for which application threads were stopped: 0.0001563 seconds, Stopping threads took: 0.0000329 seconds
[2025-06-16T00:20:59.044+0000][576.721s][915][941][info ] Application time: 1.0001256 seconds
[2025-06-16T00:20:59.044+0000][576.721s][915][941][info ] Entering safepoint region: Cleanup
[2025-06-16T00:20:59.044+0000][576.721s][915][941][info ] Leaving safepoint region
[2025-06-16T00:20:59.044+0000][576.721s][915][941][info ] Total time for which application threads were stopped: 0.0002560 seconds, Stopping threads took: 0.0000518 seconds
[2025-06-16T00:21:00.044+0000][577.722s][915][941][info ] Application time: 1.0001000 seconds
[2025-06-16T00:21:00.044+0000][577.722s][915][941][info ] Entering safepoint region: Cleanup
[2025-06-16T00:21:00.044+0000][577.722s][915][941][info ] Leaving safepoint region
[2025-06-16T00:21:00.044+0000][577.722s][915][941][info ] Total time for which application threads were stopped: 0.0001775 seconds, Stopping threads took: 0.0000384 seconds
[2025-06-16T00:21:01.044+0000][578.722s][915][941][info ] Application time: 1.0001322 seconds
[2025-06-16T00:21:01.045+0000][578.722s][915][941][info ] Entering safepoint region: Cleanup
[2025-06-16T00:21:01.045+0000][578.722s][915][941][info ] Leaving safepoint region
[2025-06-16T00:21:01.045+0000][578.722s][915][941][info ] Total time for which application threads were stopped: 0.0002952 seconds, Stopping threads took: 0.0000468 seconds
[2025-06-16T00:21:02.045+0000][579.722s][915][941][info ] Application time: 1.0001159 seconds
[2025-06-16T00:21:02.045+0000][579.723s][915][941][info ] Entering safepoint region: Cleanup
[2025-06-16T00:21:02.045+0000][579.723s][915][941][info ] Leaving safepoint region
[2025-06-16T00:21:02.045+0000][579.723s][915][941][info ] Total time for which application threads were stopped: 0.0002258 seconds, Stopping threads took: 0.0000433 seconds
[2025-06-16T00:21:03.045+0000][580.723s][915][941][info ] Application time: 1.0001239 seconds
[2025-06-16T00:21:03.046+0000][580.723s][915][941][info ] Entering safepoint region: Cleanup
[2025-06-16T00:21:03.046+0000][580.723s][915][941][info ] Leaving safepoint region
[2025-06-16T00:21:03.046+0000][580.723s][915][941][info ] Total time for which application threads were stopped: 0.0002254 seconds, Stopping threads took: 0.0000519 seconds
[2025-06-16T00:21:04.024+0000][581.701s][915][940][trace] CMS: promo attempt is safe: available(6912212992) >= av_promo(0), max_promo(787553056)
[2025-06-16T00:21:04.046+0000][581.723s][915][941][info ] Application time: 1.0001236 seconds
[2025-06-16T00:21:04.046+0000][581.724s][915][941][info ] Entering safepoint region: Cleanup
[2025-06-16T00:21:04.046+0000][581.724s][915][941][info ] Leaving safepoint region
[2025-06-16T00:21:04.046+0000][581.724s][915][941][info ] Total time for which application threads were stopped: 0.0002561 seconds, Stopping threads took: 0.0000505 seconds
[2025-06-16T00:21:05.046+0000][582.724s][915][941][info ] Application time: 1.0001039 seconds
[2025-06-16T00:21:05.046+0000][582.724s][915][941][info ] Entering safepoint region: Cleanup
[2025-06-16T00:21:05.047+0000][582.724s][915][941][info ] Leaving safepoint region
[2025-06-16T00:21:05.047+0000][582.724s][915][941][info ] Total time for which application threads were stopped: 0.0001825 seconds, Stopping threads took: 0.0000399 seconds
[2025-06-16T00:21:06.047+0000][583.724s][915][941][info ] Application time: 1.0000838 seconds
[2025-06-16T00:21:06.047+0000][583.724s][915][941][info ] Entering safepoint region: Cleanup
[2025-06-16T00:21:06.047+0000][583.724s][915][941][info ] Leaving safepoint region
[2025-06-16T00:21:06.047+0000][583.724s][915][941][info ] Total time for which application threads were stopped: 0.0001528 seconds, Stopping threads took: 0.0000336 seconds
[2025-06-16T00:21:07.047+0000][584.725s][915][941][info ] Application time: 1.0002679 seconds
[2025-06-16T00:21:07.048+0000][584.725s][915][941][info ] Entering safepoint region: Cleanup
[2025-06-16T00:21:07.048+0000][584.726s][915][941][info ] Leaving safepoint region
[2025-06-16T00:21:07.048+0000][584.726s][915][941][info ] Total time for which application threads were stopped: 0.0007838 seconds, Stopping threads took: 0.0001708 seconds
[2025-06-16T00:21:08.049+0000][585.726s][915][941][info ] Application time: 1.0001670 seconds
[2025-06-16T00:21:08.049+0000][585.726s][915][941][info ] Entering safepoint region: Cleanup
[2025-06-16T00:21:08.049+0000][585.726s][915][941][info ] Leaving safepoint region
[2025-06-16T00:21:08.049+0000][585.726s][915][941][info ] Total time for which application threads were stopped: 0.0001692 seconds, Stopping threads took: 0.0000352 seconds
[2025-06-16T00:21:09.049+0000][586.726s][915][941][info ] Application time: 1.0001253 seconds
[2025-06-16T00:21:09.049+0000][586.727s][915][941][info ] Entering safepoint region: Cleanup
[2025-06-16T00:21:09.050+0000][586.728s][915][941][info ] Leaving safepoint region
[2025-06-16T00:21:09.050+0000][586.728s][915][941][info ] Total time for which application threads were stopped: 0.0012287 seconds, Stopping threads took: 0.0009971 seconds
[2025-06-16T00:21:10.050+0000][587.728s][915][941][info ] Application time: 1.0001289 seconds
[2025-06-16T00:21:10.051+0000][587.728s][915][941][info ] Entering safepoint region: Cleanup
[2025-06-16T00:21:10.051+0000][587.728s][915][941][info ] Leaving safepoint region
[2025-06-16T00:21:10.051+0000][587.728s][915][941][info ] Total time for which application threads were stopped: 0.0002439 seconds, Stopping threads took: 0.0000644 seconds
[2025-06-16T00:21:11.051+0000][588.728s][915][941][info ] Application time: 1.0000917 seconds
[2025-06-16T00:21:11.051+0000][588.728s][915][941][info ] Entering safepoint region: Cleanup
[2025-06-16T00:21:11.051+0000][588.729s][915][941][info ] Leaving safepoint region
[2025-06-16T00:21:11.051+0000][588.729s][915][941][info ] Total time for which application threads were stopped: 0.0002077 seconds, Stopping threads took: 0.0000595 seconds
[2025-06-16T00:21:12.051+0000][589.729s][915][941][info ] Application time: 1.0000993 seconds
[2025-06-16T00:21:12.051+0000][589.729s][915][941][info ] Entering safepoint region: Cleanup
[2025-06-16T00:21:12.052+0000][589.729s][915][941][info ] Leaving safepoint region
[2025-06-16T00:21:12.052+0000][589.729s][915][941][info ] Total time for which application threads were stopped: 0.0002036 seconds, Stopping threads took: 0.0000423 seconds
[2025-06-16T00:21:13.052+0000][590.729s][915][941][info ] Application time: 1.0000925 seconds
[2025-06-16T00:21:13.052+0000][590.729s][915][941][info ] Entering safepoint region: Cleanup
[2025-06-16T00:21:13.052+0000][590.729s][915][941][info ] Leaving safepoint region
[2025-06-16T00:21:13.052+0000][590.729s][915][941][info ] Total time for which application threads were stopped: 0.0001947 seconds, Stopping threads took: 0.0000451 seconds
[2025-06-16T00:21:14.023+0000][591.701s][915][940][trace] CMS: promo attempt is safe: available(6912212992) >= av_promo(0), max_promo(787553056)
[2025-06-16T00:21:14.052+0000][591.730s][915][941][info ] Application time: 1.0001261 seconds
[2025-06-16T00:21:14.052+0000][591.730s][915][941][info ] Entering safepoint region: Cleanup
[2025-06-16T00:21:14.052+0000][591.730s][915][941][info ] Leaving safepoint region
[2025-06-16T00:21:14.052+0000][591.730s][915][941][info ] Total time for which application threads were stopped: 0.0001877 seconds, Stopping threads took: 0.0000403 seconds
[2025-06-16T00:21:15.053+0000][592.730s][915][941][info ] Application time: 1.0001292 seconds
[2025-06-16T00:21:15.053+0000][592.730s][915][941][info ] Entering safepoint region: Cleanup
[2025-06-16T00:21:15.053+0000][592.730s][915][941][info ] Leaving safepoint region
[2025-06-16T00:21:15.053+0000][592.730s][915][941][info ] Total time for which application threads were stopped: 0.0002159 seconds, Stopping threads took: 0.0000449 seconds
[2025-06-16T00:21:16.053+0000][593.730s][915][941][info ] Application time: 1.0000891 seconds
[2025-06-16T00:21:16.053+0000][593.730s][915][941][info ] Entering safepoint region: Cleanup
[2025-06-16T00:21:16.053+0000][593.731s][915][941][info ] Leaving safepoint region
[2025-06-16T00:21:16.053+0000][593.731s][915][941][info ] Total time for which application threads were stopped: 0.0001639 seconds, Stopping threads took: 0.0000345 seconds
[2025-06-16T00:21:17.053+0000][594.731s][915][941][info ] Application time: 1.0000938 seconds
[2025-06-16T00:21:17.053+0000][594.731s][915][941][info ] Entering safepoint region: Cleanup
[2025-06-16T00:21:17.053+0000][594.731s][915][941][info ] Leaving safepoint region
[2025-06-16T00:21:17.053+0000][594.731s][915][941][info ] Total time for which application threads were stopped: 0.0001749 seconds, Stopping threads took: 0.0000392 seconds
[2025-06-16T00:21:18.054+0000][595.731s][915][941][info ] Application time: 1.0001108 seconds
[2025-06-16T00:21:18.054+0000][595.731s][915][941][info ] Entering safepoint region: Cleanup
[2025-06-16T00:21:18.054+0000][595.731s][915][941][info ] Leaving safepoint region
[2025-06-16T00:21:18.054+0000][595.731s][915][941][info ] Total time for which application threads were stopped: 0.0002524 seconds, Stopping threads took: 0.0000478 seconds
[2025-06-16T00:21:19.054+0000][596.732s][915][941][info ] Application time: 1.0000972 seconds
[2025-06-16T00:21:19.054+0000][596.732s][915][941][info ] Entering safepoint region: Cleanup
[2025-06-16T00:21:19.054+0000][596.732s][915][941][info ] Leaving safepoint region
[2025-06-16T00:21:19.054+0000][596.732s][915][941][info ] Total time for which application threads were stopped: 0.0001585 seconds, Stopping threads took: 0.0000345 seconds
[2025-06-16T00:21:20.054+0000][597.732s][915][941][info ] Application time: 1.0001018 seconds
[2025-06-16T00:21:20.055+0000][597.732s][915][941][info ] Entering safepoint region: Cleanup
[2025-06-16T00:21:20.055+0000][597.732s][915][941][info ] Leaving safepoint region
[2025-06-16T00:21:20.055+0000][597.732s][915][941][info ] Total time for which application threads were stopped: 0.0002175 seconds, Stopping threads took: 0.0000526 seconds
[2025-06-16T00:21:21.055+0000][598.732s][915][941][info ] Application time: 1.0001043 seconds
[2025-06-16T00:21:21.055+0000][598.733s][915][941][info ] Entering safepoint region: Cleanup
[2025-06-16T00:21:21.055+0000][598.733s][915][941][info ] Leaving safepoint region
[2025-06-16T00:21:21.055+0000][598.733s][915][941][info ] Total time for which application threads were stopped: 0.0004206 seconds, Stopping threads took: 0.0000946 seconds
[2025-06-16T00:21:22.056+0000][599.733s][915][941][info ] Application time: 1.0001122 seconds
[2025-06-16T00:21:22.056+0000][599.733s][915][941][info ] Entering safepoint region: Cleanup
[2025-06-16T00:21:22.056+0000][599.733s][915][941][info ] Leaving safepoint region
[2025-06-16T00:21:22.056+0000][599.733s][915][941][info ] Total time for which application threads were stopped: 0.0001923 seconds, Stopping threads took: 0.0000419 seconds
[2025-06-16T00:21:23.056+0000][600.733s][915][941][info ] Application time: 1.0001381 seconds
[2025-06-16T00:21:23.056+0000][600.734s][915][941][info ] Entering safepoint region: Cleanup
[2025-06-16T00:21:23.056+0000][600.734s][915][941][info ] Leaving safepoint region
[2025-06-16T00:21:23.056+0000][600.734s][915][941][info ] Total time for which application threads were stopped: 0.0001872 seconds, Stopping threads took: 0.0000451 seconds
[2025-06-16T00:21:24.022+0000][601.700s][915][940][trace] CMS: promo attempt is safe: available(6912212992) >= av_promo(0), max_promo(787553056)
[2025-06-16T00:21:24.056+0000][601.734s][915][941][info ] Application time: 1.0001094 seconds
[2025-06-16T00:21:24.056+0000][601.734s][915][941][info ] Entering safepoint region: Cleanup
[2025-06-16T00:21:24.057+0000][601.734s][915][941][info ] Leaving safepoint region
[2025-06-16T00:21:24.057+0000][601.734s][915][941][info ] Total time for which application threads were stopped: 0.0002386 seconds, Stopping threads took: 0.0000526 seconds
[2025-06-16T00:21:25.057+0000][602.734s][915][941][info ] Application time: 1.0001093 seconds
[2025-06-16T00:21:25.057+0000][602.734s][915][941][info ] Entering safepoint region: Cleanup
[2025-06-16T00:21:25.057+0000][602.735s][915][941][info ] Leaving safepoint region
[2025-06-16T00:21:25.057+0000][602.735s][915][941][info ] Total time for which application threads were stopped: 0.0002081 seconds, Stopping threads took: 0.0000554 seconds
[2025-06-16T00:21:26.057+0000][603.735s][915][941][info ] Application time: 1.0001089 seconds
[2025-06-16T00:21:26.057+0000][603.735s][915][941][info ] Entering safepoint region: Cleanup
[2025-06-16T00:21:26.057+0000][603.735s][915][941][info ] Leaving safepoint region
[2025-06-16T00:21:26.058+0000][603.735s][915][941][info ] Total time for which application threads were stopped: 0.0002208 seconds, Stopping threads took: 0.0000634 seconds
[2025-06-16T00:21:27.058+0000][604.735s][915][941][info ] Application time: 1.0000944 seconds
[2025-06-16T00:21:27.058+0000][604.735s][915][941][info ] Entering safepoint region: Cleanup
[2025-06-16T00:21:27.058+0000][604.735s][915][941][info ] Leaving safepoint region
[2025-06-16T00:21:27.058+0000][604.736s][915][941][info ] Total time for which application threads were stopped: 0.0003477 seconds, Stopping threads took: 0.0000364 seconds
[2025-06-16T00:21:28.058+0000][605.736s][915][941][info ] Application time: 1.0001079 seconds
[2025-06-16T00:21:28.058+0000][605.736s][915][941][info ] Entering safepoint region: Cleanup
[2025-06-16T00:21:28.058+0000][605.736s][915][941][info ] Leaving safepoint region
[2025-06-16T00:21:28.058+0000][605.736s][915][941][info ] Total time for which application threads were stopped: 0.0002029 seconds, Stopping threads took: 0.0000462 seconds
[2025-06-16T00:21:29.059+0000][606.736s][915][941][info ] Application time: 1.0001107 seconds
[2025-06-16T00:21:29.059+0000][606.736s][915][941][info ] Entering safepoint region: Cleanup
[2025-06-16T00:21:29.059+0000][606.736s][915][941][info ] Leaving safepoint region
[2025-06-16T00:21:29.059+0000][606.736s][915][941][info ] Total time for which application threads were stopped: 0.0001811 seconds, Stopping threads took: 0.0000431 seconds
[2025-06-16T00:21:30.059+0000][607.736s][915][941][info ] Application time: 1.0001179 seconds
[2025-06-16T00:21:30.059+0000][607.737s][915][941][info ] Entering safepoint region: Cleanup
[2025-06-16T00:21:30.059+0000][607.737s][915][941][info ] Leaving safepoint region
[2025-06-16T00:21:30.059+0000][607.737s][915][941][info ] Total time for which application threads were stopped: 0.0002488 seconds, Stopping threads took: 0.0000516 seconds
[2025-06-16T00:21:31.059+0000][608.737s][915][941][info ] Application time: 1.0000950 seconds
[2025-06-16T00:21:31.059+0000][608.737s][915][941][info ] Entering safepoint region: Cleanup
[2025-06-16T00:21:31.060+0000][608.737s][915][941][info ] Leaving safepoint region
[2025-06-16T00:21:31.060+0000][608.737s][915][941][info ] Total time for which application threads were stopped: 0.0001825 seconds, Stopping threads took: 0.0000320 seconds
[2025-06-16T00:21:32.060+0000][609.737s][915][941][info ] Application time: 1.0000925 seconds
[2025-06-16T00:21:32.060+0000][609.737s][915][941][info ] Entering safepoint region: Cleanup
[2025-06-16T00:21:32.060+0000][609.737s][915][941][info ] Leaving safepoint region
[2025-06-16T00:21:32.060+0000][609.737s][915][941][info ] Total time for which application threads were stopped: 0.0001683 seconds, Stopping threads took: 0.0000370 seconds
[2025-06-16T00:21:33.060+0000][610.738s][915][941][info ] Application time: 1.0001139 seconds
[2025-06-16T00:21:33.060+0000][610.738s][915][941][info ] Entering safepoint region: Cleanup
[2025-06-16T00:21:33.060+0000][610.738s][915][941][info ] Leaving safepoint region
[2025-06-16T00:21:33.060+0000][610.738s][915][941][info ] Total time for which application threads were stopped: 0.0001709 seconds, Stopping threads took: 0.0000347 seconds
[2025-06-16T00:21:34.023+0000][611.700s][915][940][trace] CMS: promo attempt is safe: available(6912212992) >= av_promo(0), max_promo(787553056)
[2025-06-16T00:21:34.060+0000][611.738s][915][941][info ] Application time: 1.0001127 seconds
[2025-06-16T00:21:34.061+0000][611.738s][915][941][info ] Entering safepoint region: Cleanup
[2025-06-16T00:21:34.061+0000][611.738s][915][941][info ] Leaving safepoint region
[2025-06-16T00:21:34.061+0000][611.738s][915][941][info ] Total time for which application threads were stopped: 0.0002149 seconds, Stopping threads took: 0.0000550 seconds
[2025-06-16T00:21:35.061+0000][612.738s][915][941][info ] Application time: 1.0001231 seconds
[2025-06-16T00:21:35.061+0000][612.738s][915][941][info ] Entering safepoint region: Cleanup
[2025-06-16T00:21:35.061+0000][612.739s][915][941][info ] Leaving safepoint region
[2025-06-16T00:21:35.061+0000][612.739s][915][941][info ] Total time for which application threads were stopped: 0.0001964 seconds, Stopping threads took: 0.0000414 seconds
[2025-06-16T00:21:36.061+0000][613.739s][915][941][info ] Application time: 1.0001245 seconds
[2025-06-16T00:21:36.061+0000][613.739s][915][941][info ] Entering safepoint region: Cleanup
[2025-06-16T00:21:36.062+0000][613.739s][915][941][info ] Leaving safepoint region
[2025-06-16T00:21:36.062+0000][613.739s][915][941][info ] Total time for which application threads were stopped: 0.0001967 seconds, Stopping threads took: 0.0000497 seconds
[2025-06-16T00:21:37.062+0000][614.739s][915][941][info ] Application time: 1.0001057 seconds
[2025-06-16T00:21:37.062+0000][614.739s][915][941][info ] Entering safepoint region: Cleanup
[2025-06-16T00:21:37.062+0000][614.740s][915][941][info ] Leaving safepoint region
[2025-06-16T00:21:37.062+0000][614.740s][915][941][info ] Total time for which application threads were stopped: 0.0002649 seconds, Stopping threads took: 0.0000607 seconds
[2025-06-16T00:21:38.062+0000][615.740s][915][941][info ] Application time: 1.0001187 seconds
[2025-06-16T00:21:38.062+0000][615.740s][915][941][info ] Entering safepoint region: Cleanup
[2025-06-16T00:21:38.063+0000][615.740s][915][941][info ] Leaving safepoint region
[2025-06-16T00:21:38.063+0000][615.740s][915][941][info ] Total time for which application threads were stopped: 0.0002537 seconds, Stopping threads took: 0.0000685 seconds
[2025-06-16T00:21:39.063+0000][616.740s][915][941][info ] Application time: 1.0001225 seconds
[2025-06-16T00:21:39.063+0000][616.740s][915][941][info ] Entering safepoint region: Cleanup
[2025-06-16T00:21:39.063+0000][616.741s][915][941][info ] Leaving safepoint region
[2025-06-16T00:21:39.063+0000][616.741s][915][941][info ] Total time for which application threads were stopped: 0.0003037 seconds, Stopping threads took: 0.0000556 seconds
[2025-06-16T00:21:40.063+0000][617.741s][915][941][info ] Application time: 1.0001247 seconds
[2025-06-16T00:21:40.063+0000][617.741s][915][941][info ] Entering safepoint region: Cleanup
[2025-06-16T00:21:40.064+0000][617.741s][915][941][info ] Leaving safepoint region
[2025-06-16T00:21:40.064+0000][617.741s][915][941][info ] Total time for which application threads were stopped: 0.0002886 seconds, Stopping threads took: 0.0000954 seconds
[2025-06-16T00:21:41.064+0000][618.741s][915][941][info ] Application time: 1.0001003 seconds
[2025-06-16T00:21:41.064+0000][618.741s][915][941][info ] Entering safepoint region: Cleanup
[2025-06-16T00:21:41.064+0000][618.741s][915][941][info ] Leaving safepoint region
[2025-06-16T00:21:41.064+0000][618.741s][915][941][info ] Total time for which application threads were stopped: 0.0001566 seconds, Stopping threads took: 0.0000360 seconds
[2025-06-16T00:21:42.064+0000][619.742s][915][941][info ] Application time: 1.0000877 seconds
[2025-06-16T00:21:42.064+0000][619.742s][915][941][info ] Entering safepoint region: Cleanup
[2025-06-16T00:21:42.064+0000][619.742s][915][941][info ] Leaving safepoint region
[2025-06-16T00:21:42.064+0000][619.742s][915][941][info ] Total time for which application threads were stopped: 0.0002195 seconds, Stopping threads took: 0.0000530 seconds
[2025-06-16T00:21:43.064+0000][620.742s][915][941][info ] Application time: 1.0001031 seconds
[2025-06-16T00:21:43.065+0000][620.742s][915][941][info ] Entering safepoint region: Cleanup
[2025-06-16T00:21:43.065+0000][620.742s][915][941][info ] Leaving safepoint region
[2025-06-16T00:21:43.065+0000][620.742s][915][941][info ] Total time for which application threads were stopped: 0.0002024 seconds, Stopping threads took: 0.0000343 seconds
[2025-06-16T00:21:44.022+0000][621.699s][915][940][trace] CMS: promo attempt is safe: available(6912212992) >= av_promo(0), max_promo(787553056)
[2025-06-16T00:21:44.065+0000][621.743s][915][941][info ] Application time: 1.0002642 seconds
[2025-06-16T00:21:44.066+0000][621.743s][915][941][info ] Entering safepoint region: Cleanup
[2025-06-16T00:21:44.067+0000][621.744s][915][941][info ] Leaving safepoint region
[2025-06-16T00:21:44.067+0000][621.744s][915][941][info ] Total time for which application threads were stopped: 0.0013488 seconds, Stopping threads took: 0.0002657 seconds
[2025-06-16T00:21:45.067+0000][622.745s][915][941][info ] Application time: 1.0002126 seconds
[2025-06-16T00:21:45.067+0000][622.745s][915][941][info ] Entering safepoint region: Cleanup
[2025-06-16T00:21:45.067+0000][622.745s][915][941][info ] Leaving safepoint region
[2025-06-16T00:21:45.067+0000][622.745s][915][941][info ] Total time for which application threads were stopped: 0.0001770 seconds, Stopping threads took: 0.0000404 seconds
[2025-06-16T00:21:46.067+0000][623.745s][915][941][info ] Application time: 1.0001131 seconds
[2025-06-16T00:21:46.068+0000][623.745s][915][941][info ] Entering safepoint region: Cleanup
[2025-06-16T00:21:46.068+0000][623.745s][915][941][info ] Leaving safepoint region
[2025-06-16T00:21:46.068+0000][623.745s][915][941][info ] Total time for which application threads were stopped: 0.0002057 seconds, Stopping threads took: 0.0000441 seconds
[2025-06-16T00:21:47.068+0000][624.745s][915][941][info ] Application time: 1.0001047 seconds
[2025-06-16T00:21:47.068+0000][624.745s][915][941][info ] Entering safepoint region: Cleanup
[2025-06-16T00:21:47.068+0000][624.746s][915][941][info ] Leaving safepoint region
[2025-06-16T00:21:47.068+0000][624.746s][915][941][info ] Total time for which application threads were stopped: 0.0002063 seconds, Stopping threads took: 0.0000404 seconds
[2025-06-16T00:21:48.068+0000][625.746s][915][941][info ] Application time: 1.0000904 seconds
[2025-06-16T00:21:48.068+0000][625.746s][915][941][info ] Entering safepoint region: Cleanup
[2025-06-16T00:21:48.068+0000][625.746s][915][941][info ] Leaving safepoint region
[2025-06-16T00:21:48.068+0000][625.746s][915][941][info ] Total time for which application threads were stopped: 0.0002127 seconds, Stopping threads took: 0.0000366 seconds
[2025-06-16T00:21:49.069+0000][626.746s][915][941][info ] Application time: 1.0001389 seconds
[2025-06-16T00:21:49.069+0000][626.746s][915][941][info ] Entering safepoint region: Cleanup
[2025-06-16T00:21:49.069+0000][626.746s][915][941][info ] Leaving safepoint region
[2025-06-16T00:21:49.069+0000][626.746s][915][941][info ] Total time for which application threads were stopped: 0.0001854 seconds, Stopping threads took: 0.0000434 seconds
[2025-06-16T00:21:50.069+0000][627.747s][915][941][info ] Application time: 1.0001079 seconds
[2025-06-16T00:21:50.069+0000][627.747s][915][941][info ] Entering safepoint region: Cleanup
[2025-06-16T00:21:50.069+0000][627.747s][915][941][info ] Leaving safepoint region
[2025-06-16T00:21:50.069+0000][627.747s][915][941][info ] Total time for which application threads were stopped: 0.0002954 seconds, Stopping threads took: 0.0000654 seconds
[2025-06-16T00:21:51.070+0000][628.747s][915][941][info ] Application time: 1.0001580 seconds
[2025-06-16T00:21:51.070+0000][628.747s][915][941][info ] Entering safepoint region: Cleanup
[2025-06-16T00:21:51.070+0000][628.748s][915][941][info ] Leaving safepoint region
[2025-06-16T00:21:51.070+0000][628.748s][915][941][info ] Total time for which application threads were stopped: 0.0004785 seconds, Stopping threads took: 0.0002404 seconds
[2025-06-16T00:21:52.070+0000][629.748s][915][941][info ] Application time: 1.0001034 seconds
[2025-06-16T00:21:52.070+0000][629.748s][915][941][info ] Entering safepoint region: Cleanup
[2025-06-16T00:21:52.071+0000][629.748s][915][941][info ] Leaving safepoint region
[2025-06-16T00:21:52.071+0000][629.748s][915][941][info ] Total time for which application threads were stopped: 0.0001649 seconds, Stopping threads took: 0.0000370 seconds
[2025-06-16T00:21:53.071+0000][630.748s][915][941][info ] Application time: 1.0001084 seconds
[2025-06-16T00:21:53.071+0000][630.748s][915][941][info ] Entering safepoint region: Cleanup
[2025-06-16T00:21:53.071+0000][630.748s][915][941][info ] Leaving safepoint region
[2025-06-16T00:21:53.071+0000][630.748s][915][941][info ] Total time for which application threads were stopped: 0.0001775 seconds, Stopping threads took: 0.0000375 seconds
[2025-06-16T00:21:54.022+0000][631.700s][915][940][trace] CMS: promo attempt is safe: available(6912212992) >= av_promo(0), max_promo(787553056)
[2025-06-16T00:21:54.071+0000][631.749s][915][941][info ] Application time: 1.0001160 seconds
[2025-06-16T00:21:54.071+0000][631.749s][915][941][info ] Entering safepoint region: Cleanup
[2025-06-16T00:21:54.071+0000][631.749s][915][941][info ] Leaving safepoint region
[2025-06-16T00:21:54.071+0000][631.749s][915][941][info ] Total time for which application threads were stopped: 0.0001807 seconds, Stopping threads took: 0.0000408 seconds
[2025-06-16T00:21:55.071+0000][632.749s][915][941][info ] Application time: 1.0001064 seconds
[2025-06-16T00:21:55.072+0000][632.749s][915][941][info ] Entering safepoint region: Cleanup
[2025-06-16T00:21:55.072+0000][632.749s][915][941][info ] Leaving safepoint region
[2025-06-16T00:21:55.072+0000][632.749s][915][941][info ] Total time for which application threads were stopped: 0.0001644 seconds, Stopping threads took: 0.0000391 seconds
[2025-06-16T00:21:56.072+0000][633.749s][915][941][info ] Application time: 1.0000920 seconds
[2025-06-16T00:21:56.072+0000][633.749s][915][941][info ] Entering safepoint region: Cleanup
[2025-06-16T00:21:56.072+0000][633.749s][915][941][info ] Leaving safepoint region
[2025-06-16T00:21:56.072+0000][633.750s][915][941][info ] Total time for which application threads were stopped: 0.0001806 seconds, Stopping threads took: 0.0000402 seconds
[2025-06-16T00:21:57.072+0000][634.750s][915][941][info ] Application time: 1.0001214 seconds
[2025-06-16T00:21:57.072+0000][634.750s][915][941][info ] Entering safepoint region: Cleanup
[2025-06-16T00:21:57.072+0000][634.750s][915][941][info ] Leaving safepoint region
[2025-06-16T00:21:57.072+0000][634.750s][915][941][info ] Total time for which application threads were stopped: 0.0002132 seconds, Stopping threads took: 0.0000424 seconds
[2025-06-16T00:21:58.073+0000][635.750s][915][941][info ] Application time: 1.0001008 seconds
[2025-06-16T00:21:58.073+0000][635.750s][915][941][info ] Entering safepoint region: Cleanup
[2025-06-16T00:21:58.073+0000][635.750s][915][941][info ] Leaving safepoint region
[2025-06-16T00:21:58.073+0000][635.750s][915][941][info ] Total time for which application threads were stopped: 0.0002238 seconds, Stopping threads took: 0.0000454 seconds
[2025-06-16T00:21:59.073+0000][636.750s][915][941][info ] Application time: 1.0001032 seconds
[2025-06-16T00:21:59.073+0000][636.751s][915][941][info ] Entering safepoint region: Cleanup
[2025-06-16T00:21:59.073+0000][636.751s][915][941][info ] Leaving safepoint region
[2025-06-16T00:21:59.073+0000][636.751s][915][941][info ] Total time for which application threads were stopped: 0.0001640 seconds, Stopping threads took: 0.0000373 seconds
[2025-06-16T00:22:00.073+0000][637.751s][915][941][info ] Application time: 1.0001127 seconds
[2025-06-16T00:22:00.073+0000][637.751s][915][941][info ] Entering safepoint region: Cleanup
[2025-06-16T00:22:00.074+0000][637.751s][915][941][info ] Leaving safepoint region
[2025-06-16T00:22:00.074+0000][637.751s][915][941][info ] Total time for which application threads were stopped: 0.0002087 seconds, Stopping threads took: 0.0000418 seconds
[2025-06-16T00:22:01.074+0000][638.751s][915][941][info ] Application time: 1.0001402 seconds
[2025-06-16T00:22:01.074+0000][638.751s][915][941][info ] Entering safepoint region: Cleanup
[2025-06-16T00:22:01.074+0000][638.752s][915][941][info ] Leaving safepoint region
[2025-06-16T00:22:01.074+0000][638.752s][915][941][info ] Total time for which application threads were stopped: 0.0001883 seconds, Stopping threads took: 0.0000520 seconds
[2025-06-16T00:22:02.074+0000][639.752s][915][941][info ] Application time: 1.0001058 seconds
[2025-06-16T00:22:02.074+0000][639.752s][915][941][info ] Entering safepoint region: Cleanup
[2025-06-16T00:22:02.074+0000][639.752s][915][941][info ] Leaving safepoint region
[2025-06-16T00:22:02.075+0000][639.752s][915][941][info ] Total time for which application threads were stopped: 0.0002294 seconds, Stopping threads took: 0.0000717 seconds
[2025-06-16T00:22:03.075+0000][640.752s][915][941][info ] Application time: 1.0001167 seconds
[2025-06-16T00:22:03.075+0000][640.752s][915][941][info ] Entering safepoint region: Cleanup
[2025-06-16T00:22:03.075+0000][640.752s][915][941][info ] Leaving safepoint region
[2025-06-16T00:22:03.075+0000][640.752s][915][941][info ] Total time for which application threads were stopped: 0.0001816 seconds, Stopping threads took: 0.0000425 seconds
[2025-06-16T00:22:04.022+0000][641.700s][915][940][trace] CMS: promo attempt is safe: available(6912212992) >= av_promo(0), max_promo(787553056)
[2025-06-16T00:22:04.075+0000][641.753s][915][941][info ] Application time: 1.0000911 seconds
[2025-06-16T00:22:04.075+0000][641.753s][915][941][info ] Entering safepoint region: Cleanup
[2025-06-16T00:22:04.075+0000][641.753s][915][941][info ] Leaving safepoint region
[2025-06-16T00:22:04.075+0000][641.753s][915][941][info ] Total time for which application threads were stopped: 0.0002091 seconds, Stopping threads took: 0.0000411 seconds
[2025-06-16T00:22:05.075+0000][642.753s][915][941][info ] Application time: 1.0001208 seconds
[2025-06-16T00:22:05.076+0000][642.753s][915][941][info ] Entering safepoint region: Cleanup
[2025-06-16T00:22:05.076+0000][642.753s][915][941][info ] Leaving safepoint region
[2025-06-16T00:22:05.076+0000][642.753s][915][941][info ] Total time for which application threads were stopped: 0.0002511 seconds, Stopping threads took: 0.0000711 seconds
[2025-06-16T00:22:06.076+0000][643.753s][915][941][info ] Application time: 1.0001124 seconds
[2025-06-16T00:22:06.076+0000][643.754s][915][941][info ] Entering safepoint region: Cleanup
[2025-06-16T00:22:06.076+0000][643.754s][915][941][info ] Leaving safepoint region
[2025-06-16T00:22:06.076+0000][643.754s][915][941][info ] Total time for which application threads were stopped: 0.0001802 seconds, Stopping threads took: 0.0000414 seconds
[2025-06-16T00:22:07.076+0000][644.754s][915][941][info ] Application time: 1.0001056 seconds
[2025-06-16T00:22:07.076+0000][644.754s][915][941][info ] Entering safepoint region: Cleanup
[2025-06-16T00:22:07.077+0000][644.754s][915][941][info ] Leaving safepoint region
[2025-06-16T00:22:07.077+0000][644.754s][915][941][info ] Total time for which application threads were stopped: 0.0002193 seconds, Stopping threads took: 0.0000514 seconds
[2025-06-16T00:22:08.077+0000][645.754s][915][941][info ] Application time: 1.0001214 seconds
[2025-06-16T00:22:08.077+0000][645.754s][915][941][info ] Entering safepoint region: Cleanup
[2025-06-16T00:22:08.077+0000][645.755s][915][941][info ] Leaving safepoint region
[2025-06-16T00:22:08.077+0000][645.755s][915][941][info ] Total time for which application threads were stopped: 0.0003657 seconds, Stopping threads took: 0.0000767 seconds
[2025-06-16T00:22:09.077+0000][646.755s][915][941][info ] Application time: 1.0001094 seconds
[2025-06-16T00:22:09.077+0000][646.755s][915][941][info ] Entering safepoint region: Cleanup
[2025-06-16T00:22:09.078+0000][646.755s][915][941][info ] Leaving safepoint region
[2025-06-16T00:22:09.078+0000][646.755s][915][941][info ] Total time for which application threads were stopped: 0.0001856 seconds, Stopping threads took: 0.0000439 seconds
[2025-06-16T00:22:10.078+0000][647.755s][915][941][info ] Application time: 1.0001639 seconds
[2025-06-16T00:22:10.078+0000][647.755s][915][941][info ] Entering safepoint region: Cleanup
[2025-06-16T00:22:10.078+0000][647.756s][915][941][info ] Leaving safepoint region
[2025-06-16T00:22:10.078+0000][647.756s][915][941][info ] Total time for which application threads were stopped: 0.0001896 seconds, Stopping threads took: 0.0000426 seconds
[2025-06-16T00:22:11.078+0000][648.756s][915][941][info ] Application time: 1.0000947 seconds
[2025-06-16T00:22:11.078+0000][648.756s][915][941][info ] Entering safepoint region: Cleanup
[2025-06-16T00:22:11.078+0000][648.756s][915][941][info ] Leaving safepoint region
[2025-06-16T00:22:11.078+0000][648.756s][915][941][info ] Total time for which application threads were stopped: 0.0002434 seconds, Stopping threads took: 0.0000426 seconds
[2025-06-16T00:22:12.079+0000][649.756s][915][941][info ] Application time: 1.0001592 seconds
[2025-06-16T00:22:12.079+0000][649.756s][915][941][info ] Entering safepoint region: Cleanup
[2025-06-16T00:22:12.079+0000][649.757s][915][941][info ] Leaving safepoint region
[2025-06-16T00:22:12.079+0000][649.757s][915][941][info ] Total time for which application threads were stopped: 0.0002557 seconds, Stopping threads took: 0.0000497 seconds
[2025-06-16T00:22:13.079+0000][650.757s][915][941][info ] Application time: 1.0000920 seconds
[2025-06-16T00:22:13.079+0000][650.757s][915][941][info ] Entering safepoint region: Cleanup
[2025-06-16T00:22:13.079+0000][650.757s][915][941][info ] Leaving safepoint region
[2025-06-16T00:22:13.079+0000][650.757s][915][941][info ] Total time for which application threads were stopped: 0.0002086 seconds, Stopping threads took: 0.0000589 seconds
[2025-06-16T00:22:14.022+0000][651.699s][915][940][trace] CMS: promo attempt is safe: available(6912212992) >= av_promo(0), max_promo(787553056)
[2025-06-16T00:22:14.080+0000][651.757s][915][941][info ] Application time: 1.0001180 seconds
[2025-06-16T00:22:14.080+0000][651.757s][915][941][info ] Entering safepoint region: Cleanup
[2025-06-16T00:22:14.080+0000][651.757s][915][941][info ] Leaving safepoint region
[2025-06-16T00:22:14.080+0000][651.757s][915][941][info ] Total time for which application threads were stopped: 0.0001851 seconds, Stopping threads took: 0.0000442 seconds
[2025-06-16T00:22:15.080+0000][652.758s][915][941][info ] Application time: 1.0001374 seconds
[2025-06-16T00:22:15.080+0000][652.758s][915][941][info ] Entering safepoint region: Cleanup
[2025-06-16T00:22:15.080+0000][652.758s][915][941][info ] Leaving safepoint region
[2025-06-16T00:22:15.080+0000][652.758s][915][941][info ] Total time for which application threads were stopped: 0.0002669 seconds, Stopping threads took: 0.0000557 seconds
[2025-06-16T00:22:16.081+0000][653.758s][915][941][info ] Application time: 1.0001321 seconds
[2025-06-16T00:22:16.081+0000][653.758s][915][941][info ] Entering safepoint region: Cleanup
[2025-06-16T00:22:16.081+0000][653.758s][915][941][info ] Leaving safepoint region
[2025-06-16T00:22:16.081+0000][653.758s][915][941][info ] Total time for which application threads were stopped: 0.0002496 seconds, Stopping threads took: 0.0000513 seconds
[2025-06-16T00:22:17.081+0000][654.759s][915][941][info ] Application time: 1.0000925 seconds
[2025-06-16T00:22:17.081+0000][654.759s][915][941][info ] Entering safepoint region: Cleanup
[2025-06-16T00:22:17.081+0000][654.759s][915][941][info ] Leaving safepoint region
[2025-06-16T00:22:17.081+0000][654.759s][915][941][info ] Total time for which application threads were stopped: 0.0001619 seconds, Stopping threads took: 0.0000368 seconds
[2025-06-16T00:22:18.081+0000][655.759s][915][941][info ] Application time: 1.0001068 seconds
[2025-06-16T00:22:18.081+0000][655.759s][915][941][info ] Entering safepoint region: Cleanup
[2025-06-16T00:22:18.082+0000][655.759s][915][941][info ] Leaving safepoint region
[2025-06-16T00:22:18.082+0000][655.759s][915][941][info ] Total time for which application threads were stopped: 0.0002141 seconds, Stopping threads took: 0.0000457 seconds
[2025-06-16T00:22:19.082+0000][656.759s][915][941][info ] Application time: 1.0001207 seconds
[2025-06-16T00:22:19.082+0000][656.759s][915][941][info ] Entering safepoint region: Cleanup
[2025-06-16T00:22:19.082+0000][656.760s][915][941][info ] Leaving safepoint region
[2025-06-16T00:22:19.082+0000][656.760s][915][941][info ] Total time for which application threads were stopped: 0.0001822 seconds, Stopping threads took: 0.0000397 seconds
[2025-06-16T00:22:20.082+0000][657.760s][915][941][info ] Application time: 1.0000997 seconds
[2025-06-16T00:22:20.082+0000][657.760s][915][941][info ] Entering safepoint region: Cleanup
[2025-06-16T00:22:20.082+0000][657.760s][915][941][info ] Leaving safepoint region
[2025-06-16T00:22:20.082+0000][657.760s][915][941][info ] Total time for which application threads were stopped: 0.0002498 seconds, Stopping threads took: 0.0000524 seconds
[2025-06-16T00:22:21.083+0000][658.760s][915][941][info ] Application time: 1.0001032 seconds
[2025-06-16T00:22:21.083+0000][658.760s][915][941][info ] Entering safepoint region: Cleanup
[2025-06-16T00:22:21.083+0000][658.760s][915][941][info ] Leaving safepoint region
[2025-06-16T00:22:21.083+0000][658.760s][915][941][info ] Total time for which application threads were stopped: 0.0002296 seconds, Stopping threads took: 0.0000586 seconds
[2025-06-16T00:22:22.083+0000][659.761s][915][941][info ] Application time: 1.0000857 seconds
[2025-06-16T00:22:22.083+0000][659.761s][915][941][info ] Entering safepoint region: Cleanup
[2025-06-16T00:22:22.083+0000][659.761s][915][941][info ] Leaving safepoint region
[2025-06-16T00:22:22.083+0000][659.761s][915][941][info ] Total time for which application threads were stopped: 0.0001571 seconds, Stopping threads took: 0.0000347 seconds
[2025-06-16T00:22:23.083+0000][660.761s][915][941][info ] Application time: 1.0001278 seconds
[2025-06-16T00:22:23.084+0000][660.761s][915][941][info ] Entering safepoint region: Cleanup
[2025-06-16T00:22:23.084+0000][660.761s][915][941][info ] Leaving safepoint region
[2025-06-16T00:22:23.084+0000][660.761s][915][941][info ] Total time for which application threads were stopped: 0.0002237 seconds, Stopping threads took: 0.0000451 seconds
[2025-06-16T00:22:24.021+0000][661.698s][915][940][trace] CMS: promo attempt is safe: available(6912212992) >= av_promo(0), max_promo(787553056)
[2025-06-16T00:22:24.084+0000][661.761s][915][941][info ] Application time: 1.0001022 seconds
[2025-06-16T00:22:24.084+0000][661.761s][915][941][info ] Entering safepoint region: Cleanup
[2025-06-16T00:22:24.084+0000][661.762s][915][941][info ] Leaving safepoint region
[2025-06-16T00:22:24.084+0000][661.762s][915][941][info ] Total time for which application threads were stopped: 0.0001758 seconds, Stopping threads took: 0.0000405 seconds
[2025-06-16T00:22:25.084+0000][662.762s][915][941][info ] Application time: 1.0001221 seconds
[2025-06-16T00:22:25.084+0000][662.762s][915][941][info ] Entering safepoint region: Cleanup
[2025-06-16T00:22:25.085+0000][662.762s][915][941][info ] Leaving safepoint region
[2025-06-16T00:22:25.085+0000][662.762s][915][941][info ] Total time for which application threads were stopped: 0.0003555 seconds, Stopping threads took: 0.0000807 seconds
[2025-06-16T00:22:26.085+0000][663.762s][915][941][info ] Application time: 1.0001113 seconds
[2025-06-16T00:22:26.085+0000][663.762s][915][941][info ] Entering safepoint region: Cleanup
[2025-06-16T00:22:26.085+0000][663.763s][915][941][info ] Leaving safepoint region
[2025-06-16T00:22:26.085+0000][663.763s][915][941][info ] Total time for which application threads were stopped: 0.0001888 seconds, Stopping threads took: 0.0000386 seconds
[2025-06-16T00:22:27.085+0000][664.763s][915][941][info ] Application time: 1.0001418 seconds
[2025-06-16T00:22:27.085+0000][664.763s][915][941][info ] Entering safepoint region: Cleanup
[2025-06-16T00:22:27.086+0000][664.763s][915][941][info ] Leaving safepoint region
[2025-06-16T00:22:27.086+0000][664.763s][915][941][info ] Total time for which application threads were stopped: 0.0002027 seconds, Stopping threads took: 0.0000393 seconds
[2025-06-16T00:22:28.086+0000][665.763s][915][941][info ] Application time: 1.0000958 seconds
[2025-06-16T00:22:28.086+0000][665.763s][915][941][info ] Entering safepoint region: Cleanup
[2025-06-16T00:22:28.086+0000][665.763s][915][941][info ] Leaving safepoint region
[2025-06-16T00:22:28.086+0000][665.763s][915][941][info ] Total time for which application threads were stopped: 0.0002377 seconds, Stopping threads took: 0.0001063 seconds
[2025-06-16T00:22:29.086+0000][666.764s][915][941][info ] Application time: 1.0001111 seconds
[2025-06-16T00:22:29.086+0000][666.764s][915][941][info ] Entering safepoint region: Cleanup
[2025-06-16T00:22:29.086+0000][666.764s][915][941][info ] Leaving safepoint region
[2025-06-16T00:22:29.086+0000][666.764s][915][941][info ] Total time for which application threads were stopped: 0.0002417 seconds, Stopping threads took: 0.0000605 seconds
[2025-06-16T00:22:30.087+0000][667.764s][915][941][info ] Application time: 1.0000956 seconds
[2025-06-16T00:22:30.087+0000][667.764s][915][941][info ] Entering safepoint region: Cleanup
[2025-06-16T00:22:30.087+0000][667.764s][915][941][info ] Leaving safepoint region
[2025-06-16T00:22:30.087+0000][667.764s][915][941][info ] Total time for which application threads were stopped: 0.0002985 seconds, Stopping threads took: 0.0000623 seconds
[2025-06-16T00:22:31.087+0000][668.765s][915][941][info ] Application time: 1.0001281 seconds
[2025-06-16T00:22:31.087+0000][668.765s][915][941][info ] Entering safepoint region: Cleanup
[2025-06-16T00:22:31.087+0000][668.765s][915][941][info ] Leaving safepoint region
[2025-06-16T00:22:31.087+0000][668.765s][915][941][info ] Total time for which application threads were stopped: 0.0002278 seconds, Stopping threads took: 0.0000456 seconds
[2025-06-16T00:22:32.088+0000][669.765s][915][941][info ] Application time: 1.0001036 seconds
[2025-06-16T00:22:32.088+0000][669.765s][915][941][info ] Entering safepoint region: Cleanup
[2025-06-16T00:22:32.088+0000][669.765s][915][941][info ] Leaving safepoint region
[2025-06-16T00:22:32.088+0000][669.765s][915][941][info ] Total time for which application threads were stopped: 0.0001937 seconds, Stopping threads took: 0.0000383 seconds
[2025-06-16T00:22:33.088+0000][670.765s][915][941][info ] Application time: 1.0001221 seconds
[2025-06-16T00:22:33.088+0000][670.766s][915][941][info ] Entering safepoint region: Cleanup
[2025-06-16T00:22:33.088+0000][670.766s][915][941][info ] Leaving safepoint region
[2025-06-16T00:22:33.088+0000][670.766s][915][941][info ] Total time for which application threads were stopped: 0.0002148 seconds, Stopping threads took: 0.0000491 seconds
[2025-06-16T00:22:34.020+0000][671.698s][915][940][trace] CMS: promo attempt is safe: available(6912212992) >= av_promo(0), max_promo(787553056)
[2025-06-16T00:22:34.088+0000][671.766s][915][941][info ] Application time: 1.0001217 seconds
[2025-06-16T00:22:34.089+0000][671.766s][915][941][info ] Entering safepoint region: Cleanup
[2025-06-16T00:22:34.089+0000][671.766s][915][941][info ] Leaving safepoint region
[2025-06-16T00:22:34.089+0000][671.766s][915][941][info ] Total time for which application threads were stopped: 0.0002047 seconds, Stopping threads took: 0.0000422 seconds
[2025-06-16T00:22:35.089+0000][672.766s][915][941][info ] Application time: 1.0001085 seconds
[2025-06-16T00:22:35.089+0000][672.766s][915][941][info ] Entering safepoint region: Cleanup
[2025-06-16T00:22:35.089+0000][672.767s][915][941][info ] Leaving safepoint region
[2025-06-16T00:22:35.089+0000][672.767s][915][941][info ] Total time for which application threads were stopped: 0.0001869 seconds, Stopping threads took: 0.0000409 seconds
[2025-06-16T00:22:36.089+0000][673.767s][915][941][info ] Application time: 1.0000919 seconds
[2025-06-16T00:22:36.089+0000][673.767s][915][941][info ] Entering safepoint region: Cleanup
[2025-06-16T00:22:36.089+0000][673.767s][915][941][info ] Leaving safepoint region
[2025-06-16T00:22:36.089+0000][673.767s][915][941][info ] Total time for which application threads were stopped: 0.0001883 seconds, Stopping threads took: 0.0000369 seconds
[2025-06-16T00:22:37.090+0000][674.767s][915][941][info ] Application time: 1.0000971 seconds
[2025-06-16T00:22:37.090+0000][674.767s][915][941][info ] Entering safepoint region: Cleanup
[2025-06-16T00:22:37.090+0000][674.767s][915][941][info ] Leaving safepoint region
[2025-06-16T00:22:37.090+0000][674.767s][915][941][info ] Total time for which application threads were stopped: 0.0002934 seconds, Stopping threads took: 0.0000470 seconds
[2025-06-16T00:22:38.090+0000][675.768s][915][941][info ] Application time: 1.0001013 seconds
[2025-06-16T00:22:38.090+0000][675.768s][915][941][info ] Entering safepoint region: Cleanup
[2025-06-16T00:22:38.090+0000][675.768s][915][941][info ] Leaving safepoint region
[2025-06-16T00:22:38.090+0000][675.768s][915][941][info ] Total time for which application threads were stopped: 0.0001639 seconds, Stopping threads took: 0.0000330 seconds
[2025-06-16T00:22:39.090+0000][676.768s][915][941][info ] Application time: 1.0001077 seconds
[2025-06-16T00:22:39.091+0000][676.768s][915][941][info ] Entering safepoint region: Cleanup
[2025-06-16T00:22:39.091+0000][676.768s][915][941][info ] Leaving safepoint region
[2025-06-16T00:22:39.091+0000][676.768s][915][941][info ] Total time for which application threads were stopped: 0.0002081 seconds, Stopping threads took: 0.0000416 seconds
[2025-06-16T00:22:40.091+0000][677.768s][915][941][info ] Application time: 1.0000925 seconds
[2025-06-16T00:22:40.091+0000][677.768s][915][941][info ] Entering safepoint region: Cleanup
[2025-06-16T00:22:40.091+0000][677.769s][915][941][info ] Leaving safepoint region
[2025-06-16T00:22:40.091+0000][677.769s][915][941][info ] Total time for which application threads were stopped: 0.0001771 seconds, Stopping threads took: 0.0000383 seconds
[2025-06-16T00:22:41.091+0000][678.769s][915][941][info ] Application time: 1.0001042 seconds
[2025-06-16T00:22:41.091+0000][678.769s][915][941][info ] Entering safepoint region: Cleanup
[2025-06-16T00:22:41.091+0000][678.769s][915][941][info ] Leaving safepoint region
[2025-06-16T00:22:41.091+0000][678.769s][915][941][info ] Total time for which application threads were stopped: 0.0001842 seconds, Stopping threads took: 0.0000427 seconds
[2025-06-16T00:22:42.092+0000][679.769s][915][941][info ] Application time: 1.0000883 seconds
[2025-06-16T00:22:42.092+0000][679.769s][915][941][info ] Entering safepoint region: Cleanup
[2025-06-16T00:22:42.092+0000][679.769s][915][941][info ] Leaving safepoint region
[2025-06-16T00:22:42.092+0000][679.769s][915][941][info ] Total time for which application threads were stopped: 0.0001658 seconds, Stopping threads took: 0.0000341 seconds
[2025-06-16T00:22:43.092+0000][680.769s][915][941][info ] Application time: 1.0000978 seconds
[2025-06-16T00:22:43.092+0000][680.769s][915][941][info ] Entering safepoint region: Cleanup
[2025-06-16T00:22:43.092+0000][680.770s][915][941][info ] Leaving safepoint region
[2025-06-16T00:22:43.092+0000][680.770s][915][941][info ] Total time for which application threads were stopped: 0.0001840 seconds, Stopping threads took: 0.0000416 seconds
[2025-06-16T00:22:44.020+0000][681.698s][915][940][trace] CMS: promo attempt is safe: available(6912212992) >= av_promo(0), max_promo(787553056)
[2025-06-16T00:22:44.092+0000][681.770s][915][941][info ] Application time: 1.0001267 seconds
[2025-06-16T00:22:44.092+0000][681.770s][915][941][info ] Entering safepoint region: Cleanup
[2025-06-16T00:22:44.093+0000][681.770s][915][941][info ] Leaving safepoint region
[2025-06-16T00:22:44.093+0000][681.770s][915][941][info ] Total time for which application threads were stopped: 0.0002320 seconds, Stopping threads took: 0.0000504 seconds
[2025-06-16T00:22:45.093+0000][682.770s][915][941][info ] Application time: 1.0000982 seconds
[2025-06-16T00:22:45.093+0000][682.770s][915][941][info ] Entering safepoint region: Cleanup
[2025-06-16T00:22:45.093+0000][682.770s][915][941][info ] Leaving safepoint region
[2025-06-16T00:22:45.093+0000][682.771s][915][941][info ] Total time for which application threads were stopped: 0.0002214 seconds, Stopping threads took: 0.0000401 seconds
[2025-06-16T00:22:46.093+0000][683.771s][915][941][info ] Application time: 1.0001341 seconds
[2025-06-16T00:22:46.093+0000][683.771s][915][941][info ] Entering safepoint region: Cleanup
[2025-06-16T00:22:46.093+0000][683.771s][915][941][info ] Leaving safepoint region
[2025-06-16T00:22:46.093+0000][683.771s][915][941][info ] Total time for which application threads were stopped: 0.0002329 seconds, Stopping threads took: 0.0000673 seconds
[2025-06-16T00:22:47.094+0000][684.771s][915][941][info ] Application time: 1.0000977 seconds
[2025-06-16T00:22:47.094+0000][684.771s][915][941][info ] Entering safepoint region: Cleanup
[2025-06-16T00:22:47.094+0000][684.771s][915][941][info ] Leaving safepoint region
[2025-06-16T00:22:47.094+0000][684.772s][915][941][info ] Total time for which application threads were stopped: 0.0003274 seconds, Stopping threads took: 0.0001063 seconds
[2025-06-16T00:22:48.094+0000][685.772s][915][941][info ] Application time: 1.0001083 seconds
[2025-06-16T00:22:48.094+0000][685.772s][915][941][info ] Entering safepoint region: Cleanup
[2025-06-16T00:22:48.094+0000][685.772s][915][941][info ] Leaving safepoint region
[2025-06-16T00:22:48.094+0000][685.772s][915][941][info ] Total time for which application threads were stopped: 0.0002682 seconds, Stopping threads took: 0.0000625 seconds
[2025-06-16T00:22:49.095+0000][686.772s][915][941][info ] Application time: 1.0000994 seconds
[2025-06-16T00:22:49.095+0000][686.772s][915][941][info ] Entering safepoint region: Cleanup
[2025-06-16T00:22:49.095+0000][686.772s][915][941][info ] Leaving safepoint region
[2025-06-16T00:22:49.095+0000][686.772s][915][941][info ] Total time for which application threads were stopped: 0.0001712 seconds, Stopping threads took: 0.0000386 seconds
[2025-06-16T00:22:50.095+0000][687.772s][915][941][info ] Application time: 1.0000976 seconds
[2025-06-16T00:22:50.095+0000][687.773s][915][941][info ] Entering safepoint region: Cleanup
[2025-06-16T00:22:50.095+0000][687.773s][915][941][info ] Leaving safepoint region
[2025-06-16T00:22:50.095+0000][687.773s][915][941][info ] Total time for which application threads were stopped: 0.0001792 seconds, Stopping threads took: 0.0000395 seconds
[2025-06-16T00:22:51.095+0000][688.773s][915][941][info ] Application time: 1.0001071 seconds
[2025-06-16T00:22:51.095+0000][688.773s][915][941][info ] Entering safepoint region: Cleanup
[2025-06-16T00:22:51.096+0000][688.773s][915][941][info ] Leaving safepoint region
[2025-06-16T00:22:51.096+0000][688.773s][915][941][info ] Total time for which application threads were stopped: 0.0002366 seconds, Stopping threads took: 0.0000495 seconds
[2025-06-16T00:22:52.096+0000][689.773s][915][941][info ] Application time: 1.0001002 seconds
[2025-06-16T00:22:52.096+0000][689.773s][915][941][info ] Entering safepoint region: Cleanup
[2025-06-16T00:22:52.096+0000][689.774s][915][941][info ] Leaving safepoint region
[2025-06-16T00:22:52.096+0000][689.774s][915][941][info ] Total time for which application threads were stopped: 0.0001821 seconds, Stopping threads took: 0.0000432 seconds
[2025-06-16T00:22:53.096+0000][690.774s][915][941][info ] Application time: 1.0001146 seconds
[2025-06-16T00:22:53.096+0000][690.774s][915][941][info ] Entering safepoint region: Cleanup
[2025-06-16T00:22:53.096+0000][690.774s][915][941][info ] Leaving safepoint region
[2025-06-16T00:22:53.096+0000][690.774s][915][941][info ] Total time for which application threads were stopped: 0.0001900 seconds, Stopping threads took: 0.0000472 seconds
[2025-06-16T00:22:54.020+0000][691.697s][915][940][trace] CMS: promo attempt is safe: available(6912212992) >= av_promo(0), max_promo(787553056)
[2025-06-16T00:22:54.097+0000][691.774s][915][941][info ] Application time: 1.0001124 seconds
[2025-06-16T00:22:54.097+0000][691.774s][915][941][info ] Entering safepoint region: Cleanup
[2025-06-16T00:22:54.097+0000][691.774s][915][941][info ] Leaving safepoint region
[2025-06-16T00:22:54.097+0000][691.775s][915][941][info ] Total time for which application threads were stopped: 0.0003408 seconds, Stopping threads took: 0.0000916 seconds
[2025-06-16T00:22:55.097+0000][692.775s][915][941][info ] Application time: 1.0000972 seconds
[2025-06-16T00:22:55.097+0000][692.775s][915][941][info ] Entering safepoint region: Cleanup
[2025-06-16T00:22:55.097+0000][692.775s][915][941][info ] Leaving safepoint region
[2025-06-16T00:22:55.097+0000][692.775s][915][941][info ] Total time for which application threads were stopped: 0.0001969 seconds, Stopping threads took: 0.0000428 seconds
[2025-06-16T00:22:56.098+0000][693.775s][915][941][info ] Application time: 1.0001333 seconds
[2025-06-16T00:22:56.098+0000][693.775s][915][941][info ] Entering safepoint region: Cleanup
[2025-06-16T00:22:56.098+0000][693.775s][915][941][info ] Leaving safepoint region
[2025-06-16T00:22:56.098+0000][693.775s][915][941][info ] Total time for which application threads were stopped: 0.0002325 seconds, Stopping threads took: 0.0000458 seconds
[2025-06-16T00:22:57.098+0000][694.776s][915][941][info ] Application time: 1.0000981 seconds
[2025-06-16T00:22:57.098+0000][694.776s][915][941][info ] Entering safepoint region: Cleanup
[2025-06-16T00:22:57.098+0000][694.776s][915][941][info ] Leaving safepoint region
[2025-06-16T00:22:57.098+0000][694.776s][915][941][info ] Total time for which application threads were stopped: 0.0001925 seconds, Stopping threads took: 0.0000401 seconds
[2025-06-16T00:22:58.098+0000][695.776s][915][941][info ] Application time: 1.0001188 seconds
[2025-06-16T00:22:58.099+0000][695.776s][915][941][info ] Entering safepoint region: Cleanup
[2025-06-16T00:22:58.099+0000][695.776s][915][941][info ] Leaving safepoint region
[2025-06-16T00:22:58.099+0000][695.776s][915][941][info ] Total time for which application threads were stopped: 0.0001876 seconds, Stopping threads took: 0.0000343 seconds
[2025-06-16T00:22:59.099+0000][696.776s][915][941][info ] Application time: 1.0000959 seconds
[2025-06-16T00:22:59.099+0000][696.776s][915][941][info ] Entering safepoint region: Cleanup
[2025-06-16T00:22:59.099+0000][696.777s][915][941][info ] Leaving safepoint region
[2025-06-16T00:22:59.099+0000][696.777s][915][941][info ] Total time for which application threads were stopped: 0.0002035 seconds, Stopping threads took: 0.0000355 seconds
[2025-06-16T00:23:00.099+0000][697.777s][915][941][info ] Application time: 1.0001020 seconds
[2025-06-16T00:23:00.099+0000][697.777s][915][941][info ] Entering safepoint region: Cleanup
[2025-06-16T00:23:00.099+0000][697.777s][915][941][info ] Leaving safepoint region
[2025-06-16T00:23:00.099+0000][697.777s][915][941][info ] Total time for which application threads were stopped: 0.0001965 seconds, Stopping threads took: 0.0000443 seconds
[2025-06-16T00:23:01.100+0000][698.777s][915][941][info ] Application time: 1.0000946 seconds
[2025-06-16T00:23:01.100+0000][698.777s][915][941][info ] Entering safepoint region: Cleanup
[2025-06-16T00:23:01.100+0000][698.777s][915][941][info ] Leaving safepoint region
[2025-06-16T00:23:01.100+0000][698.777s][915][941][info ] Total time for which application threads were stopped: 0.0001761 seconds, Stopping threads took: 0.0000366 seconds
[2025-06-16T00:23:02.100+0000][699.777s][915][941][info ] Application time: 1.0000950 seconds
[2025-06-16T00:23:02.100+0000][699.778s][915][941][info ] Entering safepoint region: Cleanup
[2025-06-16T00:23:02.100+0000][699.778s][915][941][info ] Leaving safepoint region
[2025-06-16T00:23:02.100+0000][699.778s][915][941][info ] Total time for which application threads were stopped: 0.0001759 seconds, Stopping threads took: 0.0000363 seconds
[2025-06-16T00:23:03.100+0000][700.778s][915][941][info ] Application time: 1.0001037 seconds
[2025-06-16T00:23:03.100+0000][700.778s][915][941][info ] Entering safepoint region: Cleanup
[2025-06-16T00:23:03.101+0000][700.778s][915][941][info ] Leaving safepoint region
[2025-06-16T00:23:03.101+0000][700.778s][915][941][info ] Total time for which application threads were stopped: 0.0002575 seconds, Stopping threads took: 0.0000462 seconds
[2025-06-16T00:23:04.019+0000][701.696s][915][940][trace] CMS: promo attempt is safe: available(6912212992) >= av_promo(0), max_promo(787553056)
[2025-06-16T00:23:04.101+0000][701.778s][915][941][info ] Application time: 1.0000822 seconds
[2025-06-16T00:23:04.101+0000][701.778s][915][941][info ] Entering safepoint region: Cleanup
[2025-06-16T00:23:04.101+0000][701.779s][915][941][info ] Leaving safepoint region
[2025-06-16T00:23:04.101+0000][701.779s][915][941][info ] Total time for which application threads were stopped: 0.0002089 seconds, Stopping threads took: 0.0000416 seconds
[2025-06-16T00:23:05.101+0000][702.779s][915][941][info ] Application time: 1.0001189 seconds
[2025-06-16T00:23:05.101+0000][702.779s][915][941][info ] Entering safepoint region: Cleanup
[2025-06-16T00:23:05.101+0000][702.779s][915][941][info ] Leaving safepoint region
[2025-06-16T00:23:05.101+0000][702.779s][915][941][info ] Total time for which application threads were stopped: 0.0002144 seconds, Stopping threads took: 0.0000546 seconds
[2025-06-16T00:23:06.102+0000][703.779s][915][941][info ] Application time: 1.0001236 seconds
[2025-06-16T00:23:06.102+0000][703.779s][915][941][info ] Entering safepoint region: Cleanup
[2025-06-16T00:23:06.102+0000][703.779s][915][941][info ] Leaving safepoint region
[2025-06-16T00:23:06.102+0000][703.779s][915][941][info ] Total time for which application threads were stopped: 0.0002333 seconds, Stopping threads took: 0.0000426 seconds
[2025-06-16T00:23:07.102+0000][704.780s][915][941][info ] Application time: 1.0001027 seconds
[2025-06-16T00:23:07.102+0000][704.780s][915][941][info ] Entering safepoint region: Cleanup
[2025-06-16T00:23:07.102+0000][704.780s][915][941][info ] Leaving safepoint region
[2025-06-16T00:23:07.102+0000][704.780s][915][941][info ] Total time for which application threads were stopped: 0.0001972 seconds, Stopping threads took: 0.0000447 seconds
[2025-06-16T00:23:08.102+0000][705.780s][915][941][info ] Application time: 1.0000990 seconds
[2025-06-16T00:23:08.103+0000][705.780s][915][941][info ] Entering safepoint region: Cleanup
[2025-06-16T00:23:08.103+0000][705.780s][915][941][info ] Leaving safepoint region
[2025-06-16T00:23:08.103+0000][705.780s][915][941][info ] Total time for which application threads were stopped: 0.0001672 seconds, Stopping threads took: 0.0000354 seconds
[2025-06-16T00:23:09.103+0000][706.780s][915][941][info ] Application time: 1.0000963 seconds
[2025-06-16T00:23:09.103+0000][706.780s][915][941][info ] Entering safepoint region: Cleanup
[2025-06-16T00:23:09.103+0000][706.781s][915][941][info ] Leaving safepoint region
[2025-06-16T00:23:09.103+0000][706.781s][915][941][info ] Total time for which application threads were stopped: 0.0002482 seconds, Stopping threads took: 0.0000607 seconds
[2025-06-16T00:23:10.103+0000][707.781s][915][941][info ] Application time: 1.0001392 seconds
[2025-06-16T00:23:10.103+0000][707.781s][915][941][info ] Entering safepoint region: Cleanup
[2025-06-16T00:23:10.104+0000][707.781s][915][941][info ] Leaving safepoint region
[2025-06-16T00:23:10.104+0000][707.781s][915][941][info ] Total time for which application threads were stopped: 0.0002169 seconds, Stopping threads took: 0.0000502 seconds
[2025-06-16T00:23:11.104+0000][708.781s][915][941][info ] Application time: 1.0001014 seconds
[2025-06-16T00:23:11.104+0000][708.781s][915][941][info ] Entering safepoint region: Cleanup
[2025-06-16T00:23:11.104+0000][708.782s][915][941][info ] Leaving safepoint region
[2025-06-16T00:23:11.104+0000][708.782s][915][941][info ] Total time for which application threads were stopped: 0.0002267 seconds, Stopping threads took: 0.0000515 seconds
[2025-06-16T00:23:12.104+0000][709.782s][915][941][info ] Application time: 1.0001088 seconds
[2025-06-16T00:23:12.104+0000][709.782s][915][941][info ] Entering safepoint region: Cleanup
[2025-06-16T00:23:12.104+0000][709.782s][915][941][info ] Leaving safepoint region
[2025-06-16T00:23:12.104+0000][709.782s][915][941][info ] Total time for which application threads were stopped: 0.0001756 seconds, Stopping threads took: 0.0000405 seconds
[2025-06-16T00:23:13.105+0000][710.782s][915][941][info ] Application time: 1.0001217 seconds
[2025-06-16T00:23:13.105+0000][710.782s][915][941][info ] Entering safepoint region: Cleanup
[2025-06-16T00:23:13.105+0000][710.782s][915][941][info ] Leaving safepoint region
[2025-06-16T00:23:13.105+0000][710.782s][915][941][info ] Total time for which application threads were stopped: 0.0001912 seconds, Stopping threads took: 0.0000405 seconds
[2025-06-16T00:23:14.018+0000][711.696s][915][940][trace] CMS: promo attempt is safe: available(6912212992) >= av_promo(0), max_promo(787553056)
[2025-06-16T00:23:14.105+0000][711.783s][915][941][info ] Application time: 1.0001292 seconds
[2025-06-16T00:23:14.105+0000][711.783s][915][941][info ] Entering safepoint region: Cleanup
[2025-06-16T00:23:14.105+0000][711.783s][915][941][info ] Leaving safepoint region
[2025-06-16T00:23:14.105+0000][711.783s][915][941][info ] Total time for which application threads were stopped: 0.0002663 seconds, Stopping threads took: 0.0000464 seconds
[2025-06-16T00:23:15.106+0000][712.783s][915][941][info ] Application time: 1.0001216 seconds
[2025-06-16T00:23:15.106+0000][712.783s][915][941][info ] Entering safepoint region: Cleanup
[2025-06-16T00:23:15.106+0000][712.783s][915][941][info ] Leaving safepoint region
[2025-06-16T00:23:15.106+0000][712.783s][915][941][info ] Total time for which application threads were stopped: 0.0002678 seconds, Stopping threads took: 0.0000554 seconds
[2025-06-16T00:23:16.106+0000][713.784s][915][941][info ] Application time: 1.0000956 seconds
[2025-06-16T00:23:16.106+0000][713.784s][915][941][info ] Entering safepoint region: Cleanup
[2025-06-16T00:23:16.106+0000][713.784s][915][941][info ] Leaving safepoint region
[2025-06-16T00:23:16.106+0000][713.784s][915][941][info ] Total time for which application threads were stopped: 0.0001765 seconds, Stopping threads took: 0.0000389 seconds
[2025-06-16T00:23:17.106+0000][714.784s][915][941][info ] Application time: 1.0000950 seconds
[2025-06-16T00:23:17.106+0000][714.784s][915][941][info ] Entering safepoint region: Cleanup
[2025-06-16T00:23:17.107+0000][714.784s][915][941][info ] Leaving safepoint region
[2025-06-16T00:23:17.107+0000][714.784s][915][941][info ] Total time for which application threads were stopped: 0.0001984 seconds, Stopping threads took: 0.0000401 seconds
[2025-06-16T00:23:18.107+0000][715.784s][915][941][info ] Application time: 1.0000873 seconds
[2025-06-16T00:23:18.107+0000][715.784s][915][941][info ] Entering safepoint region: Cleanup
[2025-06-16T00:23:18.107+0000][715.784s][915][941][info ] Leaving safepoint region
[2025-06-16T00:23:18.107+0000][715.784s][915][941][info ] Total time for which application threads were stopped: 0.0001626 seconds, Stopping threads took: 0.0000363 seconds
[2025-06-16T00:23:19.107+0000][716.785s][915][941][info ] Application time: 1.0001159 seconds
[2025-06-16T00:23:19.107+0000][716.785s][915][941][info ] Entering safepoint region: Cleanup
[2025-06-16T00:23:19.107+0000][716.785s][915][941][info ] Leaving safepoint region
[2025-06-16T00:23:19.107+0000][716.785s][915][941][info ] Total time for which application threads were stopped: 0.0002470 seconds, Stopping threads took: 0.0000465 seconds
[2025-06-16T00:23:20.108+0000][717.785s][915][941][info ] Application time: 1.0001019 seconds
[2025-06-16T00:23:20.108+0000][717.785s][915][941][info ] Entering safepoint region: Cleanup
[2025-06-16T00:23:20.108+0000][717.785s][915][941][info ] Leaving safepoint region
[2025-06-16T00:23:20.108+0000][717.785s][915][941][info ] Total time for which application threads were stopped: 0.0002189 seconds, Stopping threads took: 0.0000488 seconds
[2025-06-16T00:23:21.108+0000][718.786s][915][941][info ] Application time: 1.0001341 seconds
[2025-06-16T00:23:21.108+0000][718.786s][915][941][info ] Entering safepoint region: Cleanup
[2025-06-16T00:23:21.108+0000][718.786s][915][941][info ] Leaving safepoint region
[2025-06-16T00:23:21.108+0000][718.786s][915][941][info ] Total time for which application threads were stopped: 0.0002770 seconds, Stopping threads took: 0.0000554 seconds
[2025-06-16T00:23:22.109+0000][719.786s][915][941][info ] Application time: 1.0001070 seconds
[2025-06-16T00:23:22.109+0000][719.786s][915][941][info ] Entering safepoint region: Cleanup
[2025-06-16T00:23:22.109+0000][719.786s][915][941][info ] Leaving safepoint region
[2025-06-16T00:23:22.109+0000][719.786s][915][941][info ] Total time for which application threads were stopped: 0.0001588 seconds, Stopping threads took: 0.0000367 seconds
[2025-06-16T00:23:23.109+0000][720.786s][915][941][info ] Application time: 1.0001217 seconds
[2025-06-16T00:23:23.109+0000][720.786s][915][941][info ] Entering safepoint region: Cleanup
[2025-06-16T00:23:23.109+0000][720.787s][915][941][info ] Leaving safepoint region
[2025-06-16T00:23:23.109+0000][720.787s][915][941][info ] Total time for which application threads were stopped: 0.0001782 seconds, Stopping threads took: 0.0000413 seconds
[2025-06-16T00:23:24.017+0000][721.695s][915][940][trace] CMS: promo attempt is safe: available(6912212992) >= av_promo(0), max_promo(787553056)
[2025-06-16T00:23:24.109+0000][721.787s][915][941][info ] Application time: 1.0001008 seconds
[2025-06-16T00:23:24.109+0000][721.787s][915][941][info ] Entering safepoint region: Cleanup
[2025-06-16T00:23:24.110+0000][721.787s][915][941][info ] Leaving safepoint region
[2025-06-16T00:23:24.110+0000][721.787s][915][941][info ] Total time for which application threads were stopped: 0.0002331 seconds, Stopping threads took: 0.0000509 seconds
[2025-06-16T00:23:25.110+0000][722.787s][915][941][info ] Application time: 1.0000947 seconds
[2025-06-16T00:23:25.110+0000][722.787s][915][941][info ] Entering safepoint region: Cleanup
[2025-06-16T00:23:25.110+0000][722.787s][915][941][info ] Leaving safepoint region
[2025-06-16T00:23:25.110+0000][722.787s][915][941][info ] Total time for which application threads were stopped: 0.0002507 seconds, Stopping threads took: 0.0001161 seconds
[2025-06-16T00:23:26.110+0000][723.788s][915][941][info ] Application time: 1.0001106 seconds
[2025-06-16T00:23:26.110+0000][723.788s][915][941][info ] Entering safepoint region: Cleanup
[2025-06-16T00:23:26.110+0000][723.788s][915][941][info ] Leaving safepoint region
[2025-06-16T00:23:26.110+0000][723.788s][915][941][info ] Total time for which application threads were stopped: 0.0002392 seconds, Stopping threads took: 0.0000525 seconds
[2025-06-16T00:23:27.111+0000][724.788s][915][941][info ] Application time: 1.0000980 seconds
[2025-06-16T00:23:27.111+0000][724.788s][915][941][info ] Entering safepoint region: Cleanup
[2025-06-16T00:23:27.111+0000][724.788s][915][941][info ] Leaving safepoint region
[2025-06-16T00:23:27.111+0000][724.788s][915][941][info ] Total time for which application threads were stopped: 0.0002694 seconds, Stopping threads took: 0.0000535 seconds
[2025-06-16T00:23:28.111+0000][725.789s][915][941][info ] Application time: 1.0001001 seconds
[2025-06-16T00:23:28.111+0000][725.789s][915][941][info ] Entering safepoint region: Cleanup
[2025-06-16T00:23:28.111+0000][725.789s][915][941][info ] Leaving safepoint region
[2025-06-16T00:23:28.111+0000][725.789s][915][941][info ] Total time for which application threads were stopped: 0.0001700 seconds, Stopping threads took: 0.0000347 seconds
[2025-06-16T00:23:29.111+0000][726.789s][915][941][info ] Application time: 1.0000807 seconds
[2025-06-16T00:23:29.111+0000][726.789s][915][941][info ] Entering safepoint region: Cleanup
[2025-06-16T00:23:29.112+0000][726.789s][915][941][info ] Leaving safepoint region
[2025-06-16T00:23:29.112+0000][726.789s][915][941][info ] Total time for which application threads were stopped: 0.0001611 seconds, Stopping threads took: 0.0000336 seconds
[2025-06-16T00:23:30.112+0000][727.789s][915][941][info ] Application time: 1.0000954 seconds
[2025-06-16T00:23:30.112+0000][727.789s][915][941][info ] Entering safepoint region: Cleanup
[2025-06-16T00:23:30.112+0000][727.789s][915][941][info ] Leaving safepoint region
[2025-06-16T00:23:30.112+0000][727.789s][915][941][info ] Total time for which application threads were stopped: 0.0001998 seconds, Stopping threads took: 0.0000487 seconds
[2025-06-16T00:23:31.112+0000][728.790s][915][941][info ] Application time: 1.0001221 seconds
[2025-06-16T00:23:31.112+0000][728.790s][915][941][info ] Entering safepoint region: Cleanup
[2025-06-16T00:23:31.112+0000][728.790s][915][941][info ] Leaving safepoint region
[2025-06-16T00:23:31.112+0000][728.790s][915][941][info ] Total time for which application threads were stopped: 0.0002556 seconds, Stopping threads took: 0.0000461 seconds
[2025-06-16T00:23:32.113+0000][729.790s][915][941][info ] Application time: 1.0001232 seconds
[2025-06-16T00:23:32.113+0000][729.790s][915][941][info ] Entering safepoint region: Cleanup
[2025-06-16T00:23:32.113+0000][729.790s][915][941][info ] Leaving safepoint region
[2025-06-16T00:23:32.113+0000][729.790s][915][941][info ] Total time for which application threads were stopped: 0.0001841 seconds, Stopping threads took: 0.0000430 seconds
[2025-06-16T00:23:33.113+0000][730.790s][915][941][info ] Application time: 1.0001076 seconds
[2025-06-16T00:23:33.113+0000][730.791s][915][941][info ] Entering safepoint region: Cleanup
[2025-06-16T00:23:33.113+0000][730.791s][915][941][info ] Leaving safepoint region
[2025-06-16T00:23:33.113+0000][730.791s][915][941][info ] Total time for which application threads were stopped: 0.0001987 seconds, Stopping threads took: 0.0000400 seconds
[2025-06-16T00:23:34.017+0000][731.695s][915][940][trace] CMS: promo attempt is safe: available(6912212992) >= av_promo(0), max_promo(787553056)
[2025-06-16T00:23:34.113+0000][731.791s][915][941][info ] Application time: 1.0001097 seconds
[2025-06-16T00:23:34.114+0000][731.791s][915][941][info ] Entering safepoint region: Cleanup
[2025-06-16T00:23:34.114+0000][731.791s][915][941][info ] Leaving safepoint region
[2025-06-16T00:23:34.114+0000][731.791s][915][941][info ] Total time for which application threads were stopped: 0.0002496 seconds, Stopping threads took: 0.0000583 seconds
[2025-06-16T00:23:35.114+0000][732.791s][915][941][info ] Application time: 1.0001244 seconds
[2025-06-16T00:23:35.114+0000][732.791s][915][941][info ] Entering safepoint region: Cleanup
[2025-06-16T00:23:35.114+0000][732.792s][915][941][info ] Leaving safepoint region
[2025-06-16T00:23:35.114+0000][732.792s][915][941][info ] Total time for which application threads were stopped: 0.0002512 seconds, Stopping threads took: 0.0000446 seconds
[2025-06-16T00:23:36.114+0000][733.792s][915][941][info ] Application time: 1.0001174 seconds
[2025-06-16T00:23:36.114+0000][733.792s][915][941][info ] Entering safepoint region: Cleanup
[2025-06-16T00:23:36.115+0000][733.792s][915][941][info ] Leaving safepoint region
[2025-06-16T00:23:36.115+0000][733.792s][915][941][info ] Total time for which application threads were stopped: 0.0002779 seconds, Stopping threads took: 0.0001107 seconds
[2025-06-16T00:23:37.115+0000][734.792s][915][941][info ] Application time: 1.0001129 seconds
[2025-06-16T00:23:37.115+0000][734.792s][915][941][info ] Entering safepoint region: Cleanup
[2025-06-16T00:23:37.115+0000][734.793s][915][941][info ] Leaving safepoint region
[2025-06-16T00:23:37.115+0000][734.793s][915][941][info ] Total time for which application threads were stopped: 0.0002586 seconds, Stopping threads took: 0.0000539 seconds
[2025-06-16T00:23:38.115+0000][735.793s][915][941][info ] Application time: 1.0001041 seconds
[2025-06-16T00:23:38.115+0000][735.793s][915][941][info ] Entering safepoint region: Cleanup
[2025-06-16T00:23:38.116+0000][735.793s][915][941][info ] Leaving safepoint region
[2025-06-16T00:23:38.116+0000][735.793s][915][941][info ] Total time for which application threads were stopped: 0.0002756 seconds, Stopping threads took: 0.0000556 seconds
[2025-06-16T00:23:39.116+0000][736.793s][915][941][info ] Application time: 1.0001409 seconds
[2025-06-16T00:23:39.116+0000][736.793s][915][941][info ] Entering safepoint region: Cleanup
[2025-06-16T00:23:39.116+0000][736.794s][915][941][info ] Leaving safepoint region
[2025-06-16T00:23:39.116+0000][736.794s][915][941][info ] Total time for which application threads were stopped: 0.0002823 seconds, Stopping threads took: 0.0000568 seconds
[2025-06-16T00:23:40.116+0000][737.794s][915][941][info ] Application time: 1.0001196 seconds
[2025-06-16T00:23:40.116+0000][737.794s][915][941][info ] Entering safepoint region: Cleanup
[2025-06-16T00:23:40.117+0000][737.794s][915][941][info ] Leaving safepoint region
[2025-06-16T00:23:40.117+0000][737.794s][915][941][info ] Total time for which application threads were stopped: 0.0002828 seconds, Stopping threads took: 0.0000548 seconds
[2025-06-16T00:23:41.117+0000][738.794s][915][941][info ] Application time: 1.0000963 seconds
[2025-06-16T00:23:41.117+0000][738.794s][915][941][info ] Entering safepoint region: Cleanup
[2025-06-16T00:23:41.117+0000][738.795s][915][941][info ] Leaving safepoint region
[2025-06-16T00:23:41.117+0000][738.795s][915][941][info ] Total time for which application threads were stopped: 0.0002191 seconds, Stopping threads took: 0.0000460 seconds
[2025-06-16T00:23:42.117+0000][739.795s][915][941][info ] Application time: 1.0001305 seconds
[2025-06-16T00:23:42.117+0000][739.795s][915][941][info ] Entering safepoint region: Cleanup
[2025-06-16T00:23:42.118+0000][739.795s][915][941][info ] Leaving safepoint region
[2025-06-16T00:23:42.118+0000][739.795s][915][941][info ] Total time for which application threads were stopped: 0.0002065 seconds, Stopping threads took: 0.0000492 seconds
[2025-06-16T00:23:43.118+0000][740.795s][915][941][info ] Application time: 1.0000957 seconds
[2025-06-16T00:23:43.118+0000][740.795s][915][941][info ] Entering safepoint region: Cleanup
[2025-06-16T00:23:43.118+0000][740.795s][915][941][info ] Leaving safepoint region
[2025-06-16T00:23:43.118+0000][740.795s][915][941][info ] Total time for which application threads were stopped: 0.0002078 seconds, Stopping threads took: 0.0000529 seconds
[2025-06-16T00:23:44.017+0000][741.695s][915][940][trace] CMS: promo attempt is safe: available(6912212992) >= av_promo(0), max_promo(800975864)
[2025-06-16T00:23:44.118+0000][741.796s][915][941][info ] Application time: 1.0001009 seconds
[2025-06-16T00:23:44.118+0000][741.796s][915][941][info ] Entering safepoint region: Cleanup
[2025-06-16T00:23:44.118+0000][741.796s][915][941][info ] Leaving safepoint region
[2025-06-16T00:23:44.118+0000][741.796s][915][941][info ] Total time for which application threads were stopped: 0.0002417 seconds, Stopping threads took: 0.0000578 seconds
[2025-06-16T00:23:45.119+0000][742.796s][915][941][info ] Application time: 1.0001519 seconds
[2025-06-16T00:23:45.119+0000][742.796s][915][941][info ] Entering safepoint region: Cleanup
[2025-06-16T00:23:45.119+0000][742.796s][915][941][info ] Leaving safepoint region
[2025-06-16T00:23:45.119+0000][742.797s][915][941][info ] Total time for which application threads were stopped: 0.0003441 seconds, Stopping threads took: 0.0000747 seconds
[2025-06-16T00:23:46.119+0000][743.797s][915][941][info ] Application time: 1.0001663 seconds
[2025-06-16T00:23:46.119+0000][743.797s][915][941][info ] Entering safepoint region: Cleanup
[2025-06-16T00:23:46.120+0000][743.797s][915][941][info ] Leaving safepoint region
[2025-06-16T00:23:46.120+0000][743.797s][915][941][info ] Total time for which application threads were stopped: 0.0002187 seconds, Stopping threads took: 0.0000469 seconds
[2025-06-16T00:23:47.120+0000][744.797s][915][941][info ] Application time: 1.0001256 seconds
[2025-06-16T00:23:47.120+0000][744.797s][915][941][info ] Entering safepoint region: Cleanup
[2025-06-16T00:23:47.120+0000][744.797s][915][941][info ] Leaving safepoint region
[2025-06-16T00:23:47.120+0000][744.797s][915][941][info ] Total time for which application threads were stopped: 0.0002011 seconds, Stopping threads took: 0.0000446 seconds
[2025-06-16T00:23:48.120+0000][745.798s][915][941][info ] Application time: 1.0000890 seconds
[2025-06-16T00:23:48.120+0000][745.798s][915][941][info ] Entering safepoint region: Cleanup
[2025-06-16T00:23:48.120+0000][745.798s][915][941][info ] Leaving safepoint region
[2025-06-16T00:23:48.120+0000][745.798s][915][941][info ] Total time for which application threads were stopped: 0.0002025 seconds, Stopping threads took: 0.0000422 seconds
[2025-06-16T00:23:49.121+0000][746.798s][915][941][info ] Application time: 1.0001043 seconds
[2025-06-16T00:23:49.121+0000][746.798s][915][941][info ] Entering safepoint region: Cleanup
[2025-06-16T00:23:49.121+0000][746.798s][915][941][info ] Leaving safepoint region
[2025-06-16T00:23:49.121+0000][746.798s][915][941][info ] Total time for which application threads were stopped: 0.0002087 seconds, Stopping threads took: 0.0000438 seconds
[2025-06-16T00:23:50.121+0000][747.798s][915][941][info ] Application time: 1.0000909 seconds
[2025-06-16T00:23:50.121+0000][747.799s][915][941][info ] Entering safepoint region: Cleanup
[2025-06-16T00:23:50.121+0000][747.799s][915][941][info ] Leaving safepoint region
[2025-06-16T00:23:50.121+0000][747.799s][915][941][info ] Total time for which application threads were stopped: 0.0002110 seconds, Stopping threads took: 0.0000420 seconds
[2025-06-16T00:23:51.121+0000][748.799s][915][941][info ] Application time: 1.0001003 seconds
[2025-06-16T00:23:51.121+0000][748.799s][915][941][info ] Entering safepoint region: Cleanup
[2025-06-16T00:23:51.122+0000][748.799s][915][941][info ] Leaving safepoint region
[2025-06-16T00:23:51.122+0000][748.799s][915][941][info ] Total time for which application threads were stopped: 0.0002026 seconds, Stopping threads took: 0.0000530 seconds
[2025-06-16T00:23:52.122+0000][749.799s][915][941][info ] Application time: 1.0001000 seconds
[2025-06-16T00:23:52.122+0000][749.799s][915][941][info ] Entering safepoint region: Cleanup
[2025-06-16T00:23:52.122+0000][749.800s][915][941][info ] Leaving safepoint region
[2025-06-16T00:23:52.122+0000][749.800s][915][941][info ] Total time for which application threads were stopped: 0.0002067 seconds, Stopping threads took: 0.0000559 seconds
[2025-06-16T00:23:53.122+0000][750.800s][915][941][info ] Application time: 1.0001259 seconds
[2025-06-16T00:23:53.122+0000][750.800s][915][941][info ] Entering safepoint region: Cleanup
[2025-06-16T00:23:53.123+0000][750.800s][915][941][info ] Leaving safepoint region
[2025-06-16T00:23:53.123+0000][750.800s][915][941][info ] Total time for which application threads were stopped: 0.0002831 seconds, Stopping threads took: 0.0000774 seconds
[2025-06-16T00:23:54.017+0000][751.694s][915][940][trace] CMS: promo attempt is safe: available(6912212992) >= av_promo(0), max_promo(800975864)
[2025-06-16T00:23:54.123+0000][751.800s][915][941][info ] Application time: 1.0000985 seconds
[2025-06-16T00:23:54.123+0000][751.800s][915][941][info ] Entering safepoint region: Cleanup
[2025-06-16T00:23:54.123+0000][751.801s][915][941][info ] Leaving safepoint region
[2025-06-16T00:23:54.123+0000][751.801s][915][941][info ] Total time for which application threads were stopped: 0.0002635 seconds, Stopping threads took: 0.0000454 seconds
[2025-06-16T00:23:55.123+0000][752.801s][915][941][info ] Application time: 1.0001217 seconds
[2025-06-16T00:23:55.123+0000][752.801s][915][941][info ] Entering safepoint region: Cleanup
[2025-06-16T00:23:55.123+0000][752.801s][915][941][info ] Leaving safepoint region
[2025-06-16T00:23:55.123+0000][752.801s][915][941][info ] Total time for which application threads were stopped: 0.0002201 seconds, Stopping threads took: 0.0000564 seconds
[2025-06-16T00:23:56.124+0000][753.801s][915][941][info ] Application time: 1.0001212 seconds
[2025-06-16T00:23:56.124+0000][753.801s][915][941][info ] Entering safepoint region: Cleanup
[2025-06-16T00:23:56.124+0000][753.801s][915][941][info ] Leaving safepoint region
[2025-06-16T00:23:56.124+0000][753.801s][915][941][info ] Total time for which application threads were stopped: 0.0002651 seconds, Stopping threads took: 0.0000521 seconds
[2025-06-16T00:23:57.124+0000][754.802s][915][941][info ] Application time: 1.0001019 seconds
[2025-06-16T00:23:57.124+0000][754.802s][915][941][info ] Entering safepoint region: Cleanup
[2025-06-16T00:23:57.124+0000][754.802s][915][941][info ] Leaving safepoint region
[2025-06-16T00:23:57.124+0000][754.802s][915][941][info ] Total time for which application threads were stopped: 0.0002285 seconds, Stopping threads took: 0.0000460 seconds
[2025-06-16T00:23:58.125+0000][755.802s][915][941][info ] Application time: 1.0000987 seconds
[2025-06-16T00:23:58.125+0000][755.802s][915][941][info ] Entering safepoint region: Cleanup
[2025-06-16T00:23:58.125+0000][755.802s][915][941][info ] Leaving safepoint region
[2025-06-16T00:23:58.125+0000][755.802s][915][941][info ] Total time for which application threads were stopped: 0.0002366 seconds, Stopping threads took: 0.0000516 seconds
[2025-06-16T00:23:59.125+0000][756.802s][915][941][info ] Application time: 1.0000993 seconds
[2025-06-16T00:23:59.125+0000][756.803s][915][941][info ] Entering safepoint region: Cleanup
[2025-06-16T00:23:59.125+0000][756.803s][915][941][info ] Leaving safepoint region
[2025-06-16T00:23:59.125+0000][756.803s][915][941][info ] Total time for which application threads were stopped: 0.0001797 seconds, Stopping threads took: 0.0000409 seconds
[2025-06-16T00:24:00.125+0000][757.803s][915][941][info ] Application time: 1.0001775 seconds
[2025-06-16T00:24:00.126+0000][757.803s][915][941][info ] Entering safepoint region: Cleanup
[2025-06-16T00:24:00.126+0000][757.803s][915][941][info ] Leaving safepoint region
[2025-06-16T00:24:00.126+0000][757.803s][915][941][info ] Total time for which application threads were stopped: 0.0003429 seconds, Stopping threads took: 0.0000617 seconds
[2025-06-16T00:24:01.126+0000][758.804s][915][941][info ] Application time: 1.0001209 seconds
[2025-06-16T00:24:01.126+0000][758.804s][915][941][info ] Entering safepoint region: Cleanup
[2025-06-16T00:24:01.126+0000][758.804s][915][941][info ] Leaving safepoint region
[2025-06-16T00:24:01.126+0000][758.804s][915][941][info ] Total time for which application threads were stopped: 0.0002424 seconds, Stopping threads took: 0.0000484 seconds
[2025-06-16T00:24:02.126+0000][759.804s][915][941][info ] Application time: 1.0001046 seconds
[2025-06-16T00:24:02.127+0000][759.804s][915][941][info ] Entering safepoint region: Cleanup
[2025-06-16T00:24:02.127+0000][759.804s][915][941][info ] Leaving safepoint region
[2025-06-16T00:24:02.127+0000][759.804s][915][941][info ] Total time for which application threads were stopped: 0.0002537 seconds, Stopping threads took: 0.0000550 seconds
[2025-06-16T00:24:03.127+0000][760.804s][915][941][info ] Application time: 1.0001049 seconds
[2025-06-16T00:24:03.127+0000][760.805s][915][941][info ] Entering safepoint region: Cleanup
[2025-06-16T00:24:03.127+0000][760.805s][915][941][info ] Leaving safepoint region
[2025-06-16T00:24:03.127+0000][760.805s][915][941][info ] Total time for which application threads were stopped: 0.0001929 seconds, Stopping threads took: 0.0000340 seconds
[2025-06-16T00:24:04.016+0000][761.694s][915][940][trace] CMS: promo attempt is safe: available(6912212992) >= av_promo(0), max_promo(800975864)
[2025-06-16T00:24:04.127+0000][761.805s][915][941][info ] Application time: 1.0001146 seconds
[2025-06-16T00:24:04.127+0000][761.805s][915][941][info ] Entering safepoint region: Cleanup
[2025-06-16T00:24:04.128+0000][761.805s][915][941][info ] Leaving safepoint region
[2025-06-16T00:24:04.128+0000][761.805s][915][941][info ] Total time for which application threads were stopped: 0.0002750 seconds, Stopping threads took: 0.0000507 seconds
[2025-06-16T00:24:05.128+0000][762.805s][915][941][info ] Application time: 1.0000989 seconds
[2025-06-16T00:24:05.128+0000][762.805s][915][941][info ] Entering safepoint region: Cleanup
[2025-06-16T00:24:05.128+0000][762.806s][915][941][info ] Leaving safepoint region
[2025-06-16T00:24:05.128+0000][762.806s][915][941][info ] Total time for which application threads were stopped: 0.0001621 seconds, Stopping threads took: 0.0000356 seconds
[2025-06-16T00:24:06.128+0000][763.806s][915][941][info ] Application time: 1.0001291 seconds
[2025-06-16T00:24:06.128+0000][763.806s][915][941][info ] Entering safepoint region: Cleanup
[2025-06-16T00:24:06.129+0000][763.806s][915][941][info ] Leaving safepoint region
[2025-06-16T00:24:06.129+0000][763.806s][915][941][info ] Total time for which application threads were stopped: 0.0002895 seconds, Stopping threads took: 0.0000604 seconds
[2025-06-16T00:24:07.129+0000][764.806s][915][941][info ] Application time: 1.0002149 seconds
[2025-06-16T00:24:07.129+0000][764.807s][915][941][info ] Entering safepoint region: Cleanup
[2025-06-16T00:24:07.130+0000][764.808s][915][941][info ] Leaving safepoint region
[2025-06-16T00:24:07.130+0000][764.808s][915][941][info ] Total time for which application threads were stopped: 0.0010861 seconds, Stopping threads took: 0.0002247 seconds
[2025-06-16T00:24:08.130+0000][765.808s][915][941][info ] Application time: 1.0001555 seconds
[2025-06-16T00:24:08.130+0000][765.808s][915][941][info ] Entering safepoint region: Cleanup
[2025-06-16T00:24:08.131+0000][765.808s][915][941][info ] Leaving safepoint region
[2025-06-16T00:24:08.131+0000][765.808s][915][941][info ] Total time for which application threads were stopped: 0.0003058 seconds, Stopping threads took: 0.0000603 seconds
[2025-06-16T00:24:09.131+0000][766.808s][915][941][info ] Application time: 1.0001018 seconds
[2025-06-16T00:24:09.131+0000][766.808s][915][941][info ] Entering safepoint region: Cleanup
[2025-06-16T00:24:09.131+0000][766.809s][915][941][info ] Leaving safepoint region
[2025-06-16T00:24:09.131+0000][766.809s][915][941][info ] Total time for which application threads were stopped: 0.0002955 seconds, Stopping threads took: 0.0000538 seconds
[2025-06-16T00:24:10.131+0000][767.809s][915][941][info ] Application time: 1.0000955 seconds
[2025-06-16T00:24:10.131+0000][767.809s][915][941][info ] Entering safepoint region: Cleanup
[2025-06-16T00:24:10.132+0000][767.809s][915][941][info ] Leaving safepoint region
[2025-06-16T00:24:10.132+0000][767.809s][915][941][info ] Total time for which application threads were stopped: 0.0001746 seconds, Stopping threads took: 0.0000380 seconds
[2025-06-16T00:24:11.132+0000][768.809s][915][941][info ] Application time: 1.0001030 seconds
[2025-06-16T00:24:11.132+0000][768.809s][915][941][info ] Entering safepoint region: Cleanup
[2025-06-16T00:24:11.132+0000][768.809s][915][941][info ] Leaving safepoint region
[2025-06-16T00:24:11.132+0000][768.809s][915][941][info ] Total time for which application threads were stopped: 0.0002003 seconds, Stopping threads took: 0.0000434 seconds
[2025-06-16T00:24:12.132+0000][769.810s][915][941][info ] Application time: 1.0001453 seconds
[2025-06-16T00:24:12.132+0000][769.810s][915][941][info ] Entering safepoint region: Cleanup
[2025-06-16T00:24:12.132+0000][769.810s][915][941][info ] Leaving safepoint region
[2025-06-16T00:24:12.132+0000][769.810s][915][941][info ] Total time for which application threads were stopped: 0.0002364 seconds, Stopping threads took: 0.0000541 seconds
[2025-06-16T00:24:13.133+0000][770.810s][915][941][info ] Application time: 1.0001124 seconds
[2025-06-16T00:24:13.133+0000][770.810s][915][941][info ] Entering safepoint region: Cleanup
[2025-06-16T00:24:13.133+0000][770.810s][915][941][info ] Leaving safepoint region
[2025-06-16T00:24:13.133+0000][770.810s][915][941][info ] Total time for which application threads were stopped: 0.0002351 seconds, Stopping threads took: 0.0000458 seconds
[2025-06-16T00:24:14.016+0000][771.694s][915][940][trace] CMS: promo attempt is safe: available(6912212992) >= av_promo(0), max_promo(800975864)
[2025-06-16T00:24:14.133+0000][771.811s][915][941][info ] Application time: 1.0001060 seconds
[2025-06-16T00:24:14.133+0000][771.811s][915][941][info ] Entering safepoint region: Cleanup
[2025-06-16T00:24:14.133+0000][771.811s][915][941][info ] Leaving safepoint region
[2025-06-16T00:24:14.133+0000][771.811s][915][941][info ] Total time for which application threads were stopped: 0.0002436 seconds, Stopping threads took: 0.0000437 seconds
[2025-06-16T00:24:15.133+0000][772.811s][915][941][info ] Application time: 1.0001055 seconds
[2025-06-16T00:24:15.134+0000][772.811s][915][941][info ] Entering safepoint region: Cleanup
[2025-06-16T00:24:15.134+0000][772.811s][915][941][info ] Leaving safepoint region
[2025-06-16T00:24:15.134+0000][772.811s][915][941][info ] Total time for which application threads were stopped: 0.0003080 seconds, Stopping threads took: 0.0000628 seconds
[2025-06-16T00:24:16.134+0000][773.811s][915][941][info ] Application time: 1.0001122 seconds
[2025-06-16T00:24:16.134+0000][773.812s][915][941][info ] Entering safepoint region: Cleanup
[2025-06-16T00:24:16.134+0000][773.812s][915][941][info ] Leaving safepoint region
[2025-06-16T00:24:16.134+0000][773.812s][915][941][info ] Total time for which application threads were stopped: 0.0002381 seconds, Stopping threads took: 0.0000450 seconds
[2025-06-16T00:24:17.134+0000][774.812s][915][941][info ] Application time: 1.0001094 seconds
[2025-06-16T00:24:17.135+0000][774.812s][915][941][info ] Entering safepoint region: Cleanup
[2025-06-16T00:24:17.135+0000][774.812s][915][941][info ] Leaving safepoint region
[2025-06-16T00:24:17.135+0000][774.812s][915][941][info ] Total time for which application threads were stopped: 0.0002813 seconds, Stopping threads took: 0.0000557 seconds
[2025-06-16T00:24:18.135+0000][775.812s][915][941][info ] Application time: 1.0001039 seconds
[2025-06-16T00:24:18.135+0000][775.813s][915][941][info ] Entering safepoint region: Cleanup
[2025-06-16T00:24:18.135+0000][775.813s][915][941][info ] Leaving safepoint region
[2025-06-16T00:24:18.135+0000][775.813s][915][941][info ] Total time for which application threads were stopped: 0.0001968 seconds, Stopping threads took: 0.0000437 seconds
[2025-06-16T00:24:19.135+0000][776.813s][915][941][info ] Application time: 1.0000925 seconds
[2025-06-16T00:24:19.135+0000][776.813s][915][941][info ] Entering safepoint region: Cleanup
[2025-06-16T00:24:19.136+0000][776.813s][915][941][info ] Leaving safepoint region
[2025-06-16T00:24:19.136+0000][776.813s][915][941][info ] Total time for which application threads were stopped: 0.0003090 seconds, Stopping threads took: 0.0000555 seconds
[2025-06-16T00:24:20.136+0000][777.813s][915][941][info ] Application time: 1.0001183 seconds
[2025-06-16T00:24:20.136+0000][777.814s][915][941][info ] Entering safepoint region: Cleanup
[2025-06-16T00:24:20.137+0000][777.814s][915][941][info ] Leaving safepoint region
[2025-06-16T00:24:20.137+0000][777.814s][915][941][info ] Total time for which application threads were stopped: 0.0005745 seconds, Stopping threads took: 0.0001422 seconds
[2025-06-16T00:24:21.137+0000][778.814s][915][941][info ] Application time: 1.0001288 seconds
[2025-06-16T00:24:21.137+0000][778.814s][915][941][info ] Entering safepoint region: Cleanup
[2025-06-16T00:24:21.137+0000][778.814s][915][941][info ] Leaving safepoint region
[2025-06-16T00:24:21.137+0000][778.815s][915][941][info ] Total time for which application threads were stopped: 0.0002068 seconds, Stopping threads took: 0.0000444 seconds
[2025-06-16T00:24:22.137+0000][779.815s][915][941][info ] Application time: 1.0001566 seconds
[2025-06-16T00:24:22.137+0000][779.815s][915][941][info ] Entering safepoint region: Cleanup
[2025-06-16T00:24:22.138+0000][779.815s][915][941][info ] Leaving safepoint region
[2025-06-16T00:24:22.138+0000][779.815s][915][941][info ] Total time for which application threads were stopped: 0.0002325 seconds, Stopping threads took: 0.0000495 seconds
[2025-06-16T00:24:23.138+0000][780.815s][915][941][info ] Application time: 1.0001217 seconds
[2025-06-16T00:24:23.138+0000][780.815s][915][941][info ] Entering safepoint region: Cleanup
[2025-06-16T00:24:23.138+0000][780.815s][915][941][info ] Leaving safepoint region
[2025-06-16T00:24:23.138+0000][780.815s][915][941][info ] Total time for which application threads were stopped: 0.0001921 seconds, Stopping threads took: 0.0000489 seconds
[2025-06-16T00:24:24.016+0000][781.694s][915][940][trace] CMS: promo attempt is safe: available(6912212992) >= av_promo(0), max_promo(800975864)
[2025-06-16T00:24:24.138+0000][781.816s][915][941][info ] Application time: 1.0000981 seconds
[2025-06-16T00:24:24.138+0000][781.816s][915][941][info ] Entering safepoint region: Cleanup
[2025-06-16T00:24:24.138+0000][781.816s][915][941][info ] Leaving safepoint region
[2025-06-16T00:24:24.138+0000][781.816s][915][941][info ] Total time for which application threads were stopped: 0.0002131 seconds, Stopping threads took: 0.0000453 seconds
[2025-06-16T00:24:25.139+0000][782.816s][915][941][info ] Application time: 1.0001066 seconds
[2025-06-16T00:24:25.139+0000][782.816s][915][941][info ] Entering safepoint region: Cleanup
[2025-06-16T00:24:25.139+0000][782.816s][915][941][info ] Leaving safepoint region
[2025-06-16T00:24:25.139+0000][782.816s][915][941][info ] Total time for which application threads were stopped: 0.0002062 seconds, Stopping threads took: 0.0000436 seconds
[2025-06-16T00:24:26.139+0000][783.816s][915][941][info ] Application time: 1.0000975 seconds
[2025-06-16T00:24:26.139+0000][783.817s][915][941][info ] Entering safepoint region: Cleanup
[2025-06-16T00:24:26.139+0000][783.817s][915][941][info ] Leaving safepoint region
[2025-06-16T00:24:26.139+0000][783.817s][915][941][info ] Total time for which application threads were stopped: 0.0002585 seconds, Stopping threads took: 0.0000486 seconds
[2025-06-16T00:24:27.139+0000][784.817s][915][941][info ] Application time: 1.0000884 seconds
[2025-06-16T00:24:27.139+0000][784.817s][915][941][info ] Entering safepoint region: Cleanup
[2025-06-16T00:24:27.140+0000][784.817s][915][941][info ] Leaving safepoint region
[2025-06-16T00:24:27.140+0000][784.817s][915][941][info ] Total time for which application threads were stopped: 0.0002002 seconds, Stopping threads took: 0.0000456 seconds
[2025-06-16T00:24:28.140+0000][785.817s][915][941][info ] Application time: 1.0000955 seconds
[2025-06-16T00:24:28.140+0000][785.817s][915][941][info ] Entering safepoint region: Cleanup
[2025-06-16T00:24:28.140+0000][785.818s][915][941][info ] Leaving safepoint region
[2025-06-16T00:24:28.140+0000][785.818s][915][941][info ] Total time for which application threads were stopped: 0.0002270 seconds, Stopping threads took: 0.0000574 seconds
[2025-06-16T00:24:29.140+0000][786.818s][915][941][info ] Application time: 1.0000980 seconds
[2025-06-16T00:24:29.140+0000][786.818s][915][941][info ] Entering safepoint region: Cleanup
[2025-06-16T00:24:29.140+0000][786.818s][915][941][info ] Leaving safepoint region
[2025-06-16T00:24:29.140+0000][786.818s][915][941][info ] Total time for which application threads were stopped: 0.0002020 seconds, Stopping threads took: 0.0000380 seconds
[2025-06-16T00:24:30.141+0000][787.818s][915][941][info ] Application time: 1.0001234 seconds
[2025-06-16T00:24:30.141+0000][787.818s][915][941][info ] Entering safepoint region: Cleanup
[2025-06-16T00:24:30.141+0000][787.818s][915][941][info ] Leaving safepoint region
[2025-06-16T00:24:30.141+0000][787.818s][915][941][info ] Total time for which application threads were stopped: 0.0002197 seconds, Stopping threads took: 0.0000456 seconds
[2025-06-16T00:24:31.141+0000][788.819s][915][941][info ] Application time: 1.0000977 seconds
[2025-06-16T00:24:31.141+0000][788.819s][915][941][info ] Entering safepoint region: Cleanup
[2025-06-16T00:24:31.141+0000][788.819s][915][941][info ] Leaving safepoint region
[2025-06-16T00:24:31.141+0000][788.819s][915][941][info ] Total time for which application threads were stopped: 0.0001870 seconds, Stopping threads took: 0.0000410 seconds
[2025-06-16T00:24:32.141+0000][789.819s][915][941][info ] Application time: 1.0000878 seconds
[2025-06-16T00:24:32.142+0000][789.819s][915][941][info ] Entering safepoint region: Cleanup
[2025-06-16T00:24:32.142+0000][789.819s][915][941][info ] Leaving safepoint region
[2025-06-16T00:24:32.142+0000][789.819s][915][941][info ] Total time for which application threads were stopped: 0.0002131 seconds, Stopping threads took: 0.0000445 seconds
[2025-06-16T00:24:33.142+0000][790.819s][915][941][info ] Application time: 1.0000927 seconds
[2025-06-16T00:24:33.142+0000][790.819s][915][941][info ] Entering safepoint region: Cleanup
[2025-06-16T00:24:33.142+0000][790.820s][915][941][info ] Leaving safepoint region
[2025-06-16T00:24:33.142+0000][790.820s][915][941][info ] Total time for which application threads were stopped: 0.0001905 seconds, Stopping threads took: 0.0000441 seconds
[2025-06-16T00:24:34.016+0000][791.694s][915][940][trace] CMS: promo attempt is safe: available(6912212992) >= av_promo(0), max_promo(800975864)
[2025-06-16T00:24:34.142+0000][791.820s][915][941][info ] Application time: 1.0001057 seconds
[2025-06-16T00:24:34.142+0000][791.820s][915][941][info ] Entering safepoint region: Cleanup
[2025-06-16T00:24:34.143+0000][791.820s][915][941][info ] Leaving safepoint region
[2025-06-16T00:24:34.143+0000][791.820s][915][941][info ] Total time for which application threads were stopped: 0.0003052 seconds, Stopping threads took: 0.0000709 seconds
[2025-06-16T00:24:35.143+0000][792.820s][915][941][info ] Application time: 1.0001069 seconds
[2025-06-16T00:24:35.143+0000][792.820s][915][941][info ] Entering safepoint region: Cleanup
[2025-06-16T00:24:35.143+0000][792.820s][915][941][info ] Leaving safepoint region
[2025-06-16T00:24:35.143+0000][792.821s][915][941][info ] Total time for which application threads were stopped: 0.0002049 seconds, Stopping threads took: 0.0000475 seconds
[2025-06-16T00:24:36.143+0000][793.821s][915][941][info ] Application time: 1.0002732 seconds
[2025-06-16T00:24:36.144+0000][793.821s][915][941][info ] Entering safepoint region: Cleanup
[2025-06-16T00:24:36.145+0000][793.822s][915][941][info ] Leaving safepoint region
[2025-06-16T00:24:36.145+0000][793.822s][915][941][info ] Total time for which application threads were stopped: 0.0008502 seconds, Stopping threads took: 0.0002331 seconds
[2025-06-16T00:24:37.145+0000][794.822s][915][941][info ] Application time: 1.0001148 seconds
[2025-06-16T00:24:37.145+0000][794.822s][915][941][info ] Entering safepoint region: Cleanup
[2025-06-16T00:24:37.145+0000][794.823s][915][941][info ] Leaving safepoint region
[2025-06-16T00:24:37.145+0000][794.823s][915][941][info ] Total time for which application threads were stopped: 0.0002954 seconds, Stopping threads took: 0.0000549 seconds
[2025-06-16T00:24:38.145+0000][795.823s][915][941][info ] Application time: 1.0001294 seconds
[2025-06-16T00:24:38.145+0000][795.823s][915][941][info ] Entering safepoint region: Cleanup
[2025-06-16T00:24:38.146+0000][795.823s][915][941][info ] Leaving safepoint region
[2025-06-16T00:24:38.146+0000][795.823s][915][941][info ] Total time for which application threads were stopped: 0.0002913 seconds, Stopping threads took: 0.0000587 seconds
[2025-06-16T00:24:39.146+0000][796.823s][915][941][info ] Application time: 1.0001061 seconds
[2025-06-16T00:24:39.146+0000][796.823s][915][941][info ] Entering safepoint region: Cleanup
[2025-06-16T00:24:39.146+0000][796.824s][915][941][info ] Leaving safepoint region
[2025-06-16T00:24:39.146+0000][796.824s][915][941][info ] Total time for which application threads were stopped: 0.0002886 seconds, Stopping threads took: 0.0000564 seconds
[2025-06-16T00:24:40.146+0000][797.824s][915][941][info ] Application time: 1.0000939 seconds
[2025-06-16T00:24:40.146+0000][797.824s][915][941][info ] Entering safepoint region: Cleanup
[2025-06-16T00:24:40.147+0000][797.824s][915][941][info ] Leaving safepoint region
[2025-06-16T00:24:40.147+0000][797.824s][915][941][info ] Total time for which application threads were stopped: 0.0003363 seconds, Stopping threads took: 0.0000562 seconds
[2025-06-16T00:24:41.147+0000][798.824s][915][941][info ] Application time: 1.0001205 seconds
[2025-06-16T00:24:41.147+0000][798.824s][915][941][info ] Entering safepoint region: Cleanup
[2025-06-16T00:24:41.147+0000][798.825s][915][941][info ] Leaving safepoint region
[2025-06-16T00:24:41.147+0000][798.825s][915][941][info ] Total time for which application threads were stopped: 0.0002948 seconds, Stopping threads took: 0.0000659 seconds
[2025-06-16T00:24:42.147+0000][799.825s][915][941][info ] Application time: 1.0001501 seconds
[2025-06-16T00:24:42.148+0000][799.825s][915][941][info ] Entering safepoint region: Cleanup
[2025-06-16T00:24:42.148+0000][799.826s][915][941][info ] Leaving safepoint region
[2025-06-16T00:24:42.148+0000][799.826s][915][941][info ] Total time for which application threads were stopped: 0.0005576 seconds, Stopping threads took: 0.0000962 seconds
[2025-06-16T00:24:43.148+0000][800.826s][915][941][info ] Application time: 1.0001090 seconds
[2025-06-16T00:24:43.148+0000][800.826s][915][941][info ] Entering safepoint region: Cleanup
[2025-06-16T00:24:43.148+0000][800.826s][915][941][info ] Leaving safepoint region
[2025-06-16T00:24:43.149+0000][800.826s][915][941][info ] Total time for which application threads were stopped: 0.0002134 seconds, Stopping threads took: 0.0000467 seconds
[2025-06-16T00:24:44.016+0000][801.693s][915][940][trace] CMS: promo attempt is safe: available(6912212992) >= av_promo(0), max_promo(800975864)
[2025-06-16T00:24:44.149+0000][801.826s][915][941][info ] Application time: 1.0001088 seconds
[2025-06-16T00:24:44.149+0000][801.826s][915][941][info ] Entering safepoint region: Cleanup
[2025-06-16T00:24:44.149+0000][801.826s][915][941][info ] Leaving safepoint region
[2025-06-16T00:24:44.149+0000][801.826s][915][941][info ] Total time for which application threads were stopped: 0.0001868 seconds, Stopping threads took: 0.0000432 seconds
[2025-06-16T00:24:45.149+0000][802.827s][915][941][info ] Application time: 1.0001174 seconds
[2025-06-16T00:24:45.149+0000][802.827s][915][941][info ] Entering safepoint region: Cleanup
[2025-06-16T00:24:45.149+0000][802.827s][915][941][info ] Leaving safepoint region
[2025-06-16T00:24:45.149+0000][802.827s][915][941][info ] Total time for which application threads were stopped: 0.0002612 seconds, Stopping threads took: 0.0000520 seconds
[2025-06-16T00:24:46.150+0000][803.827s][915][941][info ] Application time: 1.0001017 seconds
[2025-06-16T00:24:46.150+0000][803.827s][915][941][info ] Entering safepoint region: Cleanup
[2025-06-16T00:24:46.150+0000][803.827s][915][941][info ] Leaving safepoint region
[2025-06-16T00:24:46.150+0000][803.827s][915][941][info ] Total time for which application threads were stopped: 0.0003371 seconds, Stopping threads took: 0.0000721 seconds
[2025-06-16T00:24:47.150+0000][804.828s][915][941][info ] Application time: 1.0001025 seconds
[2025-06-16T00:24:47.150+0000][804.828s][915][941][info ] Entering safepoint region: Cleanup
[2025-06-16T00:24:47.150+0000][804.828s][915][941][info ] Leaving safepoint region
[2025-06-16T00:24:47.150+0000][804.828s][915][941][info ] Total time for which application threads were stopped: 0.0002763 seconds, Stopping threads took: 0.0000445 seconds
[2025-06-16T00:24:48.151+0000][805.828s][915][941][info ] Application time: 1.0001217 seconds
[2025-06-16T00:24:48.151+0000][805.828s][915][941][info ] Entering safepoint region: Cleanup
[2025-06-16T00:24:48.151+0000][805.828s][915][941][info ] Leaving safepoint region
[2025-06-16T00:24:48.151+0000][805.828s][915][941][info ] Total time for which application threads were stopped: 0.0002980 seconds, Stopping threads took: 0.0000560 seconds
[2025-06-16T00:24:49.151+0000][806.829s][915][941][info ] Application time: 1.0001067 seconds
[2025-06-16T00:24:49.151+0000][806.829s][915][941][info ] Entering safepoint region: Cleanup
[2025-06-16T00:24:49.151+0000][806.829s][915][941][info ] Leaving safepoint region
[2025-06-16T00:24:49.151+0000][806.829s][915][941][info ] Total time for which application threads were stopped: 0.0002484 seconds, Stopping threads took: 0.0000498 seconds
[2025-06-16T00:24:50.152+0000][807.829s][915][941][info ] Application time: 1.0001027 seconds
[2025-06-16T00:24:50.152+0000][807.829s][915][941][info ] Entering safepoint region: Cleanup
[2025-06-16T00:24:50.152+0000][807.829s][915][941][info ] Leaving safepoint region
[2025-06-16T00:24:50.152+0000][807.829s][915][941][info ] Total time for which application threads were stopped: 0.0002711 seconds, Stopping threads took: 0.0000599 seconds
[2025-06-16T00:24:51.152+0000][808.830s][915][941][info ] Application time: 1.0001050 seconds
[2025-06-16T00:24:51.152+0000][808.830s][915][941][info ] Entering safepoint region: Cleanup
[2025-06-16T00:24:51.152+0000][808.830s][915][941][info ] Leaving safepoint region
[2025-06-16T00:24:51.152+0000][808.830s][915][941][info ] Total time for which application threads were stopped: 0.0001697 seconds, Stopping threads took: 0.0000379 seconds
[2025-06-16T00:24:52.152+0000][809.830s][915][941][info ] Application time: 1.0000921 seconds
[2025-06-16T00:24:52.152+0000][809.830s][915][941][info ] Entering safepoint region: Cleanup
[2025-06-16T00:24:52.153+0000][809.830s][915][941][info ] Leaving safepoint region
[2025-06-16T00:24:52.153+0000][809.830s][915][941][info ] Total time for which application threads were stopped: 0.0001984 seconds, Stopping threads took: 0.0000358 seconds
[2025-06-16T00:24:53.153+0000][810.830s][915][941][info ] Application time: 1.0000993 seconds
[2025-06-16T00:24:53.153+0000][810.830s][915][941][info ] Entering safepoint region: Cleanup
[2025-06-16T00:24:53.153+0000][810.830s][915][941][info ] Leaving safepoint region
[2025-06-16T00:24:53.153+0000][810.830s][915][941][info ] Total time for which application threads were stopped: 0.0002061 seconds, Stopping threads took: 0.0000440 seconds
[2025-06-16T00:24:54.015+0000][811.693s][915][940][trace] CMS: promo attempt is safe: available(6912212992) >= av_promo(0), max_promo(800975864)
[2025-06-16T00:24:54.153+0000][811.831s][915][941][info ] Application time: 1.0000987 seconds
[2025-06-16T00:24:54.153+0000][811.831s][915][941][info ] Entering safepoint region: Cleanup
[2025-06-16T00:24:54.154+0000][811.832s][915][941][info ] Leaving safepoint region
[2025-06-16T00:24:54.154+0000][811.832s][915][941][info ] Total time for which application threads were stopped: 0.0010983 seconds, Stopping threads took: 0.0008943 seconds
[2025-06-16T00:24:55.154+0000][812.832s][915][941][info ] Application time: 1.0001027 seconds
[2025-06-16T00:24:55.155+0000][812.832s][915][941][info ] Entering safepoint region: Cleanup
[2025-06-16T00:24:55.155+0000][812.832s][915][941][info ] Leaving safepoint region
[2025-06-16T00:24:55.155+0000][812.832s][915][941][info ] Total time for which application threads were stopped: 0.0001901 seconds, Stopping threads took: 0.0000419 seconds
[2025-06-16T00:24:56.155+0000][813.832s][915][941][info ] Application time: 1.0001060 seconds
[2025-06-16T00:24:56.155+0000][813.832s][915][941][info ] Entering safepoint region: Cleanup
[2025-06-16T00:24:56.155+0000][813.833s][915][941][info ] Leaving safepoint region
[2025-06-16T00:24:56.155+0000][813.833s][915][941][info ] Total time for which application threads were stopped: 0.0001848 seconds, Stopping threads took: 0.0000434 seconds
[2025-06-16T00:24:57.155+0000][814.833s][915][941][info ] Application time: 1.0001431 seconds
[2025-06-16T00:24:57.155+0000][814.833s][915][941][info ] Entering safepoint region: Cleanup
[2025-06-16T00:24:57.155+0000][814.833s][915][941][info ] Leaving safepoint region
[2025-06-16T00:24:57.155+0000][814.833s][915][941][info ] Total time for which application threads were stopped: 0.0001526 seconds, Stopping threads took: 0.0000327 seconds
[2025-06-16T00:24:58.156+0000][815.833s][915][941][info ] Application time: 1.0001269 seconds
[2025-06-16T00:24:58.156+0000][815.833s][915][941][info ] Entering safepoint region: Cleanup
[2025-06-16T00:24:58.156+0000][815.833s][915][941][info ] Leaving safepoint region
[2025-06-16T00:24:58.156+0000][815.833s][915][941][info ] Total time for which application threads were stopped: 0.0002109 seconds, Stopping threads took: 0.0000426 seconds
[2025-06-16T00:24:59.156+0000][816.834s][915][941][info ] Application time: 1.0001151 seconds
[2025-06-16T00:24:59.156+0000][816.834s][915][941][info ] Entering safepoint region: Cleanup
[2025-06-16T00:24:59.156+0000][816.834s][915][941][info ] Leaving safepoint region
[2025-06-16T00:24:59.156+0000][816.834s][915][941][info ] Total time for which application threads were stopped: 0.0002335 seconds, Stopping threads took: 0.0000449 seconds
[2025-06-16T00:25:00.157+0000][817.834s][915][941][info ] Application time: 1.0001409 seconds
[2025-06-16T00:25:00.157+0000][817.834s][915][941][info ] Entering safepoint region: Cleanup
[2025-06-16T00:25:00.157+0000][817.834s][915][941][info ] Leaving safepoint region
[2025-06-16T00:25:00.157+0000][817.834s][915][941][info ] Total time for which application threads were stopped: 0.0002168 seconds, Stopping threads took: 0.0000495 seconds
[2025-06-16T00:25:01.157+0000][818.834s][915][941][info ] Application time: 1.0001170 seconds
[2025-06-16T00:25:01.157+0000][818.835s][915][941][info ] Entering safepoint region: Cleanup
[2025-06-16T00:25:01.157+0000][818.835s][915][941][info ] Leaving safepoint region
[2025-06-16T00:25:01.157+0000][818.835s][915][941][info ] Total time for which application threads were stopped: 0.0001795 seconds, Stopping threads took: 0.0000402 seconds
[2025-06-16T00:25:02.157+0000][819.835s][915][941][info ] Application time: 1.0001153 seconds
[2025-06-16T00:25:02.157+0000][819.835s][915][941][info ] Entering safepoint region: Cleanup
[2025-06-16T00:25:02.158+0000][819.835s][915][941][info ] Leaving safepoint region
[2025-06-16T00:25:02.158+0000][819.835s][915][941][info ] Total time for which application threads were stopped: 0.0002345 seconds, Stopping threads took: 0.0000491 seconds
[2025-06-16T00:25:03.158+0000][820.835s][915][941][info ] Application time: 1.0001134 seconds
[2025-06-16T00:25:03.158+0000][820.835s][915][941][info ] Entering safepoint region: Cleanup
[2025-06-16T00:25:03.158+0000][820.836s][915][941][info ] Leaving safepoint region
[2025-06-16T00:25:03.158+0000][820.836s][915][941][info ] Total time for which application threads were stopped: 0.0002301 seconds, Stopping threads took: 0.0000574 seconds
[2025-06-16T00:25:04.015+0000][821.693s][915][940][trace] CMS: promo attempt is safe: available(6912212992) >= av_promo(0), max_promo(800975864)
[2025-06-16T00:25:04.158+0000][821.836s][915][941][info ] Application time: 1.0000883 seconds
[2025-06-16T00:25:04.158+0000][821.836s][915][941][info ] Entering safepoint region: Cleanup
[2025-06-16T00:25:04.159+0000][821.836s][915][941][info ] Leaving safepoint region
[2025-06-16T00:25:04.159+0000][821.836s][915][941][info ] Total time for which application threads were stopped: 0.0002670 seconds, Stopping threads took: 0.0000533 seconds
[2025-06-16T00:25:05.159+0000][822.836s][915][941][info ] Application time: 1.0001044 seconds
[2025-06-16T00:25:05.159+0000][822.836s][915][941][info ] Entering safepoint region: Cleanup
[2025-06-16T00:25:05.159+0000][822.836s][915][941][info ] Leaving safepoint region
[2025-06-16T00:25:05.159+0000][822.837s][915][941][info ] Total time for which application threads were stopped: 0.0002618 seconds, Stopping threads took: 0.0000466 seconds
[2025-06-16T00:25:06.159+0000][823.837s][915][941][info ] Application time: 1.0000724 seconds
[2025-06-16T00:25:06.159+0000][823.837s][915][941][info ] Entering safepoint region: Cleanup
[2025-06-16T00:25:06.159+0000][823.837s][915][941][info ] Leaving safepoint region
[2025-06-16T00:25:06.159+0000][823.837s][915][941][info ] Total time for which application threads were stopped: 0.0001994 seconds, Stopping threads took: 0.0000387 seconds
[2025-06-16T00:25:07.159+0000][824.837s][915][941][info ] Application time: 1.0000845 seconds
[2025-06-16T00:25:07.160+0000][824.837s][915][941][info ] Entering safepoint region: Cleanup
[2025-06-16T00:25:07.160+0000][824.837s][915][941][info ] Leaving safepoint region
[2025-06-16T00:25:07.160+0000][824.837s][915][941][info ] Total time for which application threads were stopped: 0.0001547 seconds, Stopping threads took: 0.0000350 seconds
[2025-06-16T00:25:08.160+0000][825.837s][915][941][info ] Application time: 1.0000896 seconds
[2025-06-16T00:25:08.160+0000][825.837s][915][941][info ] Entering safepoint region: Cleanup
[2025-06-16T00:25:08.160+0000][825.837s][915][941][info ] Leaving safepoint region
[2025-06-16T00:25:08.160+0000][825.838s][915][941][info ] Total time for which application threads were stopped: 0.0001855 seconds, Stopping threads took: 0.0000349 seconds
[2025-06-16T00:25:09.160+0000][826.838s][915][941][info ] Application time: 1.0001143 seconds
[2025-06-16T00:25:09.160+0000][826.838s][915][941][info ] Entering safepoint region: Cleanup
[2025-06-16T00:25:09.160+0000][826.838s][915][941][info ] Leaving safepoint region
[2025-06-16T00:25:09.160+0000][826.838s][915][941][info ] Total time for which application threads were stopped: 0.0002156 seconds, Stopping threads took: 0.0000559 seconds
[2025-06-16T00:25:10.161+0000][827.838s][915][941][info ] Application time: 1.0001624 seconds
[2025-06-16T00:25:10.161+0000][827.838s][915][941][info ] Entering safepoint region: Cleanup
[2025-06-16T00:25:10.161+0000][827.838s][915][941][info ] Leaving safepoint region
[2025-06-16T00:25:10.161+0000][827.838s][915][941][info ] Total time for which application threads were stopped: 0.0002540 seconds, Stopping threads took: 0.0000545 seconds
[2025-06-16T00:25:11.161+0000][828.839s][915][941][info ] Application time: 1.0001167 seconds
[2025-06-16T00:25:11.161+0000][828.839s][915][941][info ] Entering safepoint region: Cleanup
[2025-06-16T00:25:11.161+0000][828.839s][915][941][info ] Leaving safepoint region
[2025-06-16T00:25:11.161+0000][828.839s][915][941][info ] Total time for which application threads were stopped: 0.0001611 seconds, Stopping threads took: 0.0000336 seconds
[2025-06-16T00:25:12.161+0000][829.839s][915][941][info ] Application time: 1.0000977 seconds
[2025-06-16T00:25:12.162+0000][829.839s][915][941][info ] Entering safepoint region: Cleanup
[2025-06-16T00:25:12.162+0000][829.839s][915][941][info ] Leaving safepoint region
[2025-06-16T00:25:12.162+0000][829.839s][915][941][info ] Total time for which application threads were stopped: 0.0002167 seconds, Stopping threads took: 0.0000591 seconds
[2025-06-16T00:25:13.162+0000][830.839s][915][941][info ] Application time: 1.0001126 seconds
[2025-06-16T00:25:13.162+0000][830.839s][915][941][info ] Entering safepoint region: Cleanup
[2025-06-16T00:25:13.162+0000][830.840s][915][941][info ] Leaving safepoint region
[2025-06-16T00:25:13.162+0000][830.840s][915][941][info ] Total time for which application threads were stopped: 0.0001918 seconds, Stopping threads took: 0.0000416 seconds
[2025-06-16T00:25:14.015+0000][831.693s][915][940][trace] CMS: promo attempt is safe: available(6912212992) >= av_promo(0), max_promo(800975864)
[2025-06-16T00:25:14.162+0000][831.840s][915][941][info ] Application time: 1.0001303 seconds
[2025-06-16T00:25:14.162+0000][831.840s][915][941][info ] Entering safepoint region: Cleanup
[2025-06-16T00:25:14.163+0000][831.840s][915][941][info ] Leaving safepoint region
[2025-06-16T00:25:14.163+0000][831.840s][915][941][info ] Total time for which application threads were stopped: 0.0002757 seconds, Stopping threads took: 0.0000590 seconds
[2025-06-16T00:25:15.164+0000][832.842s][915][941][info ] Application time: 1.0018832 seconds
[2025-06-16T00:25:15.165+0000][832.842s][915][941][info ] Entering safepoint region: Cleanup
[2025-06-16T00:25:15.165+0000][832.842s][915][941][info ] Leaving safepoint region
[2025-06-16T00:25:15.165+0000][832.842s][915][941][info ] Total time for which application threads were stopped: 0.0002594 seconds, Stopping threads took: 0.0000448 seconds
[2025-06-16T00:25:16.165+0000][833.842s][915][941][info ] Application time: 1.0000907 seconds
[2025-06-16T00:25:16.165+0000][833.843s][915][941][info ] Entering safepoint region: Cleanup
[2025-06-16T00:25:16.165+0000][833.843s][915][941][info ] Leaving safepoint region
[2025-06-16T00:25:16.165+0000][833.843s][915][941][info ] Total time for which application threads were stopped: 0.0002040 seconds, Stopping threads took: 0.0000603 seconds
[2025-06-16T00:25:17.165+0000][834.843s][915][941][info ] Application time: 1.0001206 seconds
[2025-06-16T00:25:17.165+0000][834.843s][915][941][info ] Entering safepoint region: Cleanup
[2025-06-16T00:25:17.166+0000][834.843s][915][941][info ] Leaving safepoint region
[2025-06-16T00:25:17.166+0000][834.843s][915][941][info ] Total time for which application threads were stopped: 0.0002395 seconds, Stopping threads took: 0.0000490 seconds
[2025-06-16T00:25:18.166+0000][835.843s][915][941][info ] Application time: 1.0001203 seconds
[2025-06-16T00:25:18.166+0000][835.843s][915][941][info ] Entering safepoint region: Cleanup
[2025-06-16T00:25:18.166+0000][835.844s][915][941][info ] Leaving safepoint region
[2025-06-16T00:25:18.166+0000][835.844s][915][941][info ] Total time for which application threads were stopped: 0.0002596 seconds, Stopping threads took: 0.0000558 seconds
[2025-06-16T00:25:19.166+0000][836.844s][915][941][info ] Application time: 1.0001387 seconds
[2025-06-16T00:25:19.166+0000][836.844s][915][941][info ] Entering safepoint region: Cleanup
[2025-06-16T00:25:19.167+0000][836.844s][915][941][info ] Leaving safepoint region
[2025-06-16T00:25:19.167+0000][836.844s][915][941][info ] Total time for which application threads were stopped: 0.0002449 seconds, Stopping threads took: 0.0000464 seconds
[2025-06-16T00:25:20.167+0000][837.844s][915][941][info ] Application time: 1.0001010 seconds
[2025-06-16T00:25:20.167+0000][837.844s][915][941][info ] Entering safepoint region: Cleanup
[2025-06-16T00:25:20.167+0000][837.844s][915][941][info ] Leaving safepoint region
[2025-06-16T00:25:20.167+0000][837.844s][915][941][info ] Total time for which application threads were stopped: 0.0002237 seconds, Stopping threads took: 0.0000479 seconds
[2025-06-16T00:25:21.167+0000][838.845s][915][941][info ] Application time: 1.0001073 seconds
[2025-06-16T00:25:21.167+0000][838.845s][915][941][info ] Entering safepoint region: Cleanup
[2025-06-16T00:25:21.167+0000][838.845s][915][941][info ] Leaving safepoint region
[2025-06-16T00:25:21.167+0000][838.845s][915][941][info ] Total time for which application threads were stopped: 0.0002257 seconds, Stopping threads took: 0.0000534 seconds
[2025-06-16T00:25:22.168+0000][839.845s][915][941][info ] Application time: 1.0001196 seconds
[2025-06-16T00:25:22.168+0000][839.845s][915][941][info ] Entering safepoint region: Cleanup
[2025-06-16T00:25:22.168+0000][839.845s][915][941][info ] Leaving safepoint region
[2025-06-16T00:25:22.168+0000][839.845s][915][941][info ] Total time for which application threads were stopped: 0.0002277 seconds, Stopping threads took: 0.0000446 seconds
[2025-06-16T00:25:23.168+0000][840.846s][915][941][info ] Application time: 1.0001053 seconds
[2025-06-16T00:25:23.168+0000][840.846s][915][941][info ] Entering safepoint region: Cleanup
[2025-06-16T00:25:23.168+0000][840.846s][915][941][info ] Leaving safepoint region
[2025-06-16T00:25:23.168+0000][840.846s][915][941][info ] Total time for which application threads were stopped: 0.0002817 seconds, Stopping threads took: 0.0000440 seconds
[2025-06-16T00:25:24.015+0000][841.692s][915][940][trace] CMS: promo attempt is safe: available(6912212992) >= av_promo(0), max_promo(800975864)
[2025-06-16T00:25:24.168+0000][841.846s][915][941][info ] Application time: 1.0001159 seconds
[2025-06-16T00:25:24.169+0000][841.846s][915][941][info ] Entering safepoint region: Cleanup
[2025-06-16T00:25:24.169+0000][841.846s][915][941][info ] Leaving safepoint region
[2025-06-16T00:25:24.169+0000][841.846s][915][941][info ] Total time for which application threads were stopped: 0.0001856 seconds, Stopping threads took: 0.0000379 seconds
[2025-06-16T00:25:25.169+0000][842.846s][915][941][info ] Application time: 1.0001295 seconds
[2025-06-16T00:25:25.169+0000][842.846s][915][941][info ] Entering safepoint region: Cleanup
[2025-06-16T00:25:25.169+0000][842.847s][915][941][info ] Leaving safepoint region
[2025-06-16T00:25:25.169+0000][842.847s][915][941][info ] Total time for which application threads were stopped: 0.0002561 seconds, Stopping threads took: 0.0000531 seconds
[2025-06-16T00:25:26.169+0000][843.847s][915][941][info ] Application time: 1.0001149 seconds
[2025-06-16T00:25:26.169+0000][843.847s][915][941][info ] Entering safepoint region: Cleanup
[2025-06-16T00:25:26.170+0000][843.847s][915][941][info ] Leaving safepoint region
[2025-06-16T00:25:26.170+0000][843.847s][915][941][info ] Total time for which application threads were stopped: 0.0001807 seconds, Stopping threads took: 0.0000336 seconds
[2025-06-16T00:25:27.170+0000][844.847s][915][941][info ] Application time: 1.0001065 seconds
[2025-06-16T00:25:27.170+0000][844.847s][915][941][info ] Entering safepoint region: Cleanup
[2025-06-16T00:25:27.170+0000][844.848s][915][941][info ] Leaving safepoint region
[2025-06-16T00:25:27.170+0000][844.848s][915][941][info ] Total time for which application threads were stopped: 0.0003404 seconds, Stopping threads took: 0.0000539 seconds
[2025-06-16T00:25:28.170+0000][845.848s][915][941][info ] Application time: 1.0001112 seconds
[2025-06-16T00:25:28.170+0000][845.848s][915][941][info ] Entering safepoint region: Cleanup
[2025-06-16T00:25:28.171+0000][845.848s][915][941][info ] Leaving safepoint region
[2025-06-16T00:25:28.171+0000][845.848s][915][941][info ] Total time for which application threads were stopped: 0.0002012 seconds, Stopping threads took: 0.0000399 seconds
[2025-06-16T00:25:29.171+0000][846.848s][915][941][info ] Application time: 1.0001229 seconds
[2025-06-16T00:25:29.171+0000][846.848s][915][941][info ] Entering safepoint region: Cleanup
[2025-06-16T00:25:29.171+0000][846.849s][915][941][info ] Leaving safepoint region
[2025-06-16T00:25:29.171+0000][846.849s][915][941][info ] Total time for which application threads were stopped: 0.0003069 seconds, Stopping threads took: 0.0000435 seconds
[2025-06-16T00:25:30.171+0000][847.849s][915][941][info ] Application time: 1.0002500 seconds
[2025-06-16T00:25:30.172+0000][847.849s][915][941][info ] Entering safepoint region: Cleanup
[2025-06-16T00:25:30.173+0000][847.850s][915][941][info ] Leaving safepoint region
[2025-06-16T00:25:30.173+0000][847.850s][915][941][info ] Total time for which application threads were stopped: 0.0011385 seconds, Stopping threads took: 0.0002774 seconds
[2025-06-16T00:25:31.173+0000][848.850s][915][941][info ] Application time: 1.0001712 seconds
[2025-06-16T00:25:31.173+0000][848.851s][915][941][info ] Entering safepoint region: Cleanup
[2025-06-16T00:25:31.173+0000][848.851s][915][941][info ] Leaving safepoint region
[2025-06-16T00:25:31.173+0000][848.851s][915][941][info ] Total time for which application threads were stopped: 0.0001780 seconds, Stopping threads took: 0.0000373 seconds
[2025-06-16T00:25:32.173+0000][849.851s][915][941][info ] Application time: 1.0000993 seconds
[2025-06-16T00:25:32.173+0000][849.851s][915][941][info ] Entering safepoint region: Cleanup
[2025-06-16T00:25:32.174+0000][849.851s][915][941][info ] Leaving safepoint region
[2025-06-16T00:25:32.174+0000][849.851s][915][941][info ] Total time for which application threads were stopped: 0.0002316 seconds, Stopping threads took: 0.0000505 seconds
[2025-06-16T00:25:33.174+0000][850.851s][915][941][info ] Application time: 1.0001134 seconds
[2025-06-16T00:25:33.174+0000][850.851s][915][941][info ] Entering safepoint region: Cleanup
[2025-06-16T00:25:33.174+0000][850.852s][915][941][info ] Leaving safepoint region
[2025-06-16T00:25:33.174+0000][850.852s][915][941][info ] Total time for which application threads were stopped: 0.0002012 seconds, Stopping threads took: 0.0000490 seconds
[2025-06-16T00:25:34.014+0000][851.692s][915][940][trace] CMS: promo attempt is safe: available(6912212992) >= av_promo(0), max_promo(800975864)
[2025-06-16T00:25:34.174+0000][851.852s][915][941][info ] Application time: 1.0001083 seconds
[2025-06-16T00:25:34.174+0000][851.852s][915][941][info ] Entering safepoint region: Cleanup
[2025-06-16T00:25:34.174+0000][851.852s][915][941][info ] Leaving safepoint region
[2025-06-16T00:25:34.175+0000][851.852s][915][941][info ] Total time for which application threads were stopped: 0.0002700 seconds, Stopping threads took: 0.0000573 seconds
[2025-06-16T00:25:35.175+0000][852.852s][915][941][info ] Application time: 1.0001105 seconds
[2025-06-16T00:25:35.175+0000][852.852s][915][941][info ] Entering safepoint region: Cleanup
[2025-06-16T00:25:35.175+0000][852.852s][915][941][info ] Leaving safepoint region
[2025-06-16T00:25:35.175+0000][852.852s][915][941][info ] Total time for which application threads were stopped: 0.0002848 seconds, Stopping threads took: 0.0000531 seconds
[2025-06-16T00:25:36.175+0000][853.853s][915][941][info ] Application time: 1.0000892 seconds
[2025-06-16T00:25:36.175+0000][853.853s][915][941][info ] Entering safepoint region: Cleanup
[2025-06-16T00:25:36.175+0000][853.853s][915][941][info ] Leaving safepoint region
[2025-06-16T00:25:36.175+0000][853.853s][915][941][info ] Total time for which application threads were stopped: 0.0001951 seconds, Stopping threads took: 0.0000382 seconds
[2025-06-16T00:25:37.175+0000][854.853s][915][941][info ] Application time: 1.0001229 seconds
[2025-06-16T00:25:37.176+0000][854.853s][915][941][info ] Entering safepoint region: Cleanup
[2025-06-16T00:25:37.176+0000][854.854s][915][941][info ] Leaving safepoint region
[2025-06-16T00:25:37.176+0000][854.854s][915][941][info ] Total time for which application threads were stopped: 0.0005686 seconds, Stopping threads took: 0.0001447 seconds
[2025-06-16T00:25:38.176+0000][855.854s][915][941][info ] Application time: 1.0001187 seconds
[2025-06-16T00:25:38.176+0000][855.854s][915][941][info ] Entering safepoint region: Cleanup
[2025-06-16T00:25:38.177+0000][855.854s][915][941][info ] Leaving safepoint region
[2025-06-16T00:25:38.177+0000][855.854s][915][941][info ] Total time for which application threads were stopped: 0.0003082 seconds, Stopping threads took: 0.0000551 seconds
[2025-06-16T00:25:39.177+0000][856.854s][915][941][info ] Application time: 1.0001283 seconds
[2025-06-16T00:25:39.177+0000][856.855s][915][941][info ] Entering safepoint region: Cleanup
[2025-06-16T00:25:39.177+0000][856.855s][915][941][info ] Leaving safepoint region
[2025-06-16T00:25:39.177+0000][856.855s][915][941][info ] Total time for which application threads were stopped: 0.0002673 seconds, Stopping threads took: 0.0000839 seconds
[2025-06-16T00:25:40.177+0000][857.855s][915][941][info ] Application time: 1.0001417 seconds
[2025-06-16T00:25:40.178+0000][857.855s][915][941][info ] Entering safepoint region: Cleanup
[2025-06-16T00:25:40.178+0000][857.855s][915][941][info ] Leaving safepoint region
[2025-06-16T00:25:40.178+0000][857.855s][915][941][info ] Total time for which application threads were stopped: 0.0004206 seconds, Stopping threads took: 0.0001188 seconds
[2025-06-16T00:25:41.178+0000][858.856s][915][941][info ] Application time: 1.0001153 seconds
[2025-06-16T00:25:41.178+0000][858.856s][915][941][info ] Entering safepoint region: Cleanup
[2025-06-16T00:25:41.178+0000][858.856s][915][941][info ] Leaving safepoint region
[2025-06-16T00:25:41.178+0000][858.856s][915][941][info ] Total time for which application threads were stopped: 0.0001830 seconds, Stopping threads took: 0.0000407 seconds
[2025-06-16T00:25:42.178+0000][859.856s][915][941][info ] Application time: 1.0000924 seconds
[2025-06-16T00:25:42.179+0000][859.856s][915][941][info ] Entering safepoint region: Cleanup
[2025-06-16T00:25:42.179+0000][859.856s][915][941][info ] Leaving safepoint region
[2025-06-16T00:25:42.179+0000][859.856s][915][941][info ] Total time for which application threads were stopped: 0.0003147 seconds, Stopping threads took: 0.0000526 seconds
[2025-06-16T00:25:43.179+0000][860.856s][915][941][info ] Application time: 1.0001143 seconds
[2025-06-16T00:25:43.179+0000][860.857s][915][941][info ] Entering safepoint region: Cleanup
[2025-06-16T00:25:43.179+0000][860.857s][915][941][info ] Leaving safepoint region
[2025-06-16T00:25:43.179+0000][860.857s][915][941][info ] Total time for which application threads were stopped: 0.0001876 seconds, Stopping threads took: 0.0000410 seconds
[2025-06-16T00:25:44.014+0000][861.692s][915][940][trace] CMS: promo attempt is safe: available(6912212992) >= av_promo(0), max_promo(800975864)
[2025-06-16T00:25:44.179+0000][861.857s][915][941][info ] Application time: 1.0000969 seconds
[2025-06-16T00:25:44.179+0000][861.857s][915][941][info ] Entering safepoint region: Cleanup
[2025-06-16T00:25:44.180+0000][861.857s][915][941][info ] Leaving safepoint region
[2025-06-16T00:25:44.180+0000][861.857s][915][941][info ] Total time for which application threads were stopped: 0.0002106 seconds, Stopping threads took: 0.0000420 seconds
[2025-06-16T00:25:45.180+0000][862.857s][915][941][info ] Application time: 1.0001234 seconds
[2025-06-16T00:25:45.180+0000][862.857s][915][941][info ] Entering safepoint region: Cleanup
[2025-06-16T00:25:45.180+0000][862.858s][915][941][info ] Leaving safepoint region
[2025-06-16T00:25:45.180+0000][862.858s][915][941][info ] Total time for which application threads were stopped: 0.0004318 seconds, Stopping threads took: 0.0000657 seconds
[2025-06-16T00:25:46.181+0000][863.858s][915][941][info ] Application time: 1.0001784 seconds
[2025-06-16T00:25:46.181+0000][863.858s][915][941][info ] Entering safepoint region: Cleanup
[2025-06-16T00:25:46.181+0000][863.859s][915][941][info ] Leaving safepoint region
[2025-06-16T00:25:46.181+0000][863.859s][915][941][info ] Total time for which application threads were stopped: 0.0003564 seconds, Stopping threads took: 0.0000773 seconds
[2025-06-16T00:25:47.181+0000][864.859s][915][941][info ] Application time: 1.0001008 seconds
[2025-06-16T00:25:47.181+0000][864.859s][915][941][info ] Entering safepoint region: Cleanup
[2025-06-16T00:25:47.181+0000][864.859s][915][941][info ] Leaving safepoint region
[2025-06-16T00:25:47.181+0000][864.859s][915][941][info ] Total time for which application threads were stopped: 0.0002140 seconds, Stopping threads took: 0.0000419 seconds
[2025-06-16T00:25:48.182+0000][865.859s][915][941][info ] Application time: 1.0001267 seconds
[2025-06-16T00:25:48.182+0000][865.859s][915][941][info ] Entering safepoint region: Cleanup
[2025-06-16T00:25:48.182+0000][865.859s][915][941][info ] Leaving safepoint region
[2025-06-16T00:25:48.182+0000][865.860s][915][941][info ] Total time for which application threads were stopped: 0.0003012 seconds, Stopping threads took: 0.0000887 seconds
[2025-06-16T00:25:49.182+0000][866.860s][915][941][info ] Application time: 1.0001143 seconds
[2025-06-16T00:25:49.182+0000][866.860s][915][941][info ] Entering safepoint region: Cleanup
[2025-06-16T00:25:49.182+0000][866.860s][915][941][info ] Leaving safepoint region
[2025-06-16T00:25:49.183+0000][866.860s][915][941][info ] Total time for which application threads were stopped: 0.0002870 seconds, Stopping threads took: 0.0000639 seconds
[2025-06-16T00:25:50.183+0000][867.860s][915][941][info ] Application time: 1.0001050 seconds
[2025-06-16T00:25:50.183+0000][867.860s][915][941][info ] Entering safepoint region: Cleanup
[2025-06-16T00:25:50.183+0000][867.860s][915][941][info ] Leaving safepoint region
[2025-06-16T00:25:50.183+0000][867.860s][915][941][info ] Total time for which application threads were stopped: 0.0002957 seconds, Stopping threads took: 0.0000585 seconds
[2025-06-16T00:25:51.183+0000][868.861s][915][941][info ] Application time: 1.0000924 seconds
[2025-06-16T00:25:51.183+0000][868.861s][915][941][info ] Entering safepoint region: Cleanup
[2025-06-16T00:25:51.183+0000][868.861s][915][941][info ] Leaving safepoint region
[2025-06-16T00:25:51.183+0000][868.861s][915][941][info ] Total time for which application threads were stopped: 0.0001905 seconds, Stopping threads took: 0.0000347 seconds
[2025-06-16T00:25:52.184+0000][869.861s][915][941][info ] Application time: 1.0001222 seconds
[2025-06-16T00:25:52.184+0000][869.861s][915][941][info ] Entering safepoint region: Cleanup
[2025-06-16T00:25:52.184+0000][869.862s][915][941][info ] Leaving safepoint region
[2025-06-16T00:25:52.184+0000][869.862s][915][941][info ] Total time for which application threads were stopped: 0.0007063 seconds, Stopping threads took: 0.0001155 seconds
[2025-06-16T00:25:53.185+0000][870.862s][915][941][info ] Application time: 1.0001275 seconds
[2025-06-16T00:25:53.185+0000][870.862s][915][941][info ] Entering safepoint region: Cleanup
[2025-06-16T00:25:53.185+0000][870.862s][915][941][info ] Leaving safepoint region
[2025-06-16T00:25:53.185+0000][870.862s][915][941][info ] Total time for which application threads were stopped: 0.0002033 seconds, Stopping threads took: 0.0000347 seconds
[2025-06-16T00:25:54.014+0000][871.691s][915][940][trace] CMS: promo attempt is safe: available(6912212992) >= av_promo(0), max_promo(800975864)
[2025-06-16T00:25:54.185+0000][871.862s][915][941][info ] Application time: 1.0001149 seconds
[2025-06-16T00:25:54.185+0000][871.863s][915][941][info ] Entering safepoint region: Cleanup
[2025-06-16T00:25:54.185+0000][871.863s][915][941][info ] Leaving safepoint region
[2025-06-16T00:25:54.185+0000][871.863s][915][941][info ] Total time for which application threads were stopped: 0.0001964 seconds, Stopping threads took: 0.0000440 seconds
[2025-06-16T00:25:55.185+0000][872.863s][915][941][info ] Application time: 1.0001141 seconds
[2025-06-16T00:25:55.185+0000][872.863s][915][941][info ] Entering safepoint region: Cleanup
[2025-06-16T00:25:55.186+0000][872.863s][915][941][info ] Leaving safepoint region
[2025-06-16T00:25:55.186+0000][872.863s][915][941][info ] Total time for which application threads were stopped: 0.0002274 seconds, Stopping threads took: 0.0000432 seconds
[2025-06-16T00:25:56.186+0000][873.863s][915][941][info ] Application time: 1.0001188 seconds
[2025-06-16T00:25:56.186+0000][873.863s][915][941][info ] Entering safepoint region: Cleanup
[2025-06-16T00:25:56.186+0000][873.864s][915][941][info ] Leaving safepoint region
[2025-06-16T00:25:56.186+0000][873.864s][915][941][info ] Total time for which application threads were stopped: 0.0003471 seconds, Stopping threads took: 0.0000800 seconds
[2025-06-16T00:25:57.186+0000][874.864s][915][941][info ] Application time: 1.0001324 seconds
[2025-06-16T00:25:57.187+0000][874.864s][915][941][info ] Entering safepoint region: Cleanup
[2025-06-16T00:25:57.187+0000][874.864s][915][941][info ] Leaving safepoint region
[2025-06-16T00:25:57.187+0000][874.864s][915][941][info ] Total time for which application threads were stopped: 0.0002542 seconds, Stopping threads took: 0.0000588 seconds
[2025-06-16T00:25:58.187+0000][875.864s][915][941][info ] Application time: 1.0001117 seconds
[2025-06-16T00:25:58.187+0000][875.864s][915][941][info ] Entering safepoint region: Cleanup
[2025-06-16T00:25:58.187+0000][875.865s][915][941][info ] Leaving safepoint region
[2025-06-16T00:25:58.187+0000][875.865s][915][941][info ] Total time for which application threads were stopped: 0.0002403 seconds, Stopping threads took: 0.0000427 seconds
[2025-06-16T00:25:59.187+0000][876.865s][915][941][info ] Application time: 1.0001253 seconds
[2025-06-16T00:25:59.187+0000][876.865s][915][941][info ] Entering safepoint region: Cleanup
[2025-06-16T00:25:59.188+0000][876.865s][915][941][info ] Leaving safepoint region
[2025-06-16T00:25:59.188+0000][876.865s][915][941][info ] Total time for which application threads were stopped: 0.0002518 seconds, Stopping threads took: 0.0000412 seconds
[2025-06-16T00:26:00.188+0000][877.865s][915][941][info ] Application time: 1.0002133 seconds
[2025-06-16T00:26:00.188+0000][877.866s][915][941][info ] Entering safepoint region: Cleanup
[2025-06-16T00:26:00.189+0000][877.866s][915][941][info ] Leaving safepoint region
[2025-06-16T00:26:00.189+0000][877.867s][915][941][info ] Total time for which application threads were stopped: 0.0008607 seconds, Stopping threads took: 0.0001596 seconds
[2025-06-16T00:26:01.189+0000][878.867s][915][941][info ] Application time: 1.0001590 seconds
[2025-06-16T00:26:01.189+0000][878.867s][915][941][info ] Entering safepoint region: Cleanup
[2025-06-16T00:26:01.190+0000][878.867s][915][941][info ] Leaving safepoint region
[2025-06-16T00:26:01.190+0000][878.867s][915][941][info ] Total time for which application threads were stopped: 0.0002431 seconds, Stopping threads took: 0.0000489 seconds
[2025-06-16T00:26:02.190+0000][879.867s][915][941][info ] Application time: 1.0001059 seconds
[2025-06-16T00:26:02.190+0000][879.867s][915][941][info ] Entering safepoint region: Cleanup
[2025-06-16T00:26:02.190+0000][879.867s][915][941][info ] Leaving safepoint region
[2025-06-16T00:26:02.190+0000][879.867s][915][941][info ] Total time for which application threads were stopped: 0.0002214 seconds, Stopping threads took: 0.0000796 seconds
[2025-06-16T00:26:03.190+0000][880.868s][915][941][info ] Application time: 1.0000944 seconds
[2025-06-16T00:26:03.190+0000][880.868s][915][941][info ] Entering safepoint region: Cleanup
[2025-06-16T00:26:03.190+0000][880.868s][915][941][info ] Leaving safepoint region
[2025-06-16T00:26:03.190+0000][880.868s][915][941][info ] Total time for which application threads were stopped: 0.0002044 seconds, Stopping threads took: 0.0000436 seconds
[2025-06-16T00:26:04.013+0000][881.691s][915][940][trace] CMS: promo attempt is safe: available(6912212992) >= av_promo(0), max_promo(800975864)
[2025-06-16T00:26:04.190+0000][881.868s][915][941][info ] Application time: 1.0001584 seconds
[2025-06-16T00:26:04.191+0000][881.868s][915][941][info ] Entering safepoint region: Cleanup
[2025-06-16T00:26:04.191+0000][881.868s][915][941][info ] Leaving safepoint region
[2025-06-16T00:26:04.191+0000][881.868s][915][941][info ] Total time for which application threads were stopped: 0.0003387 seconds, Stopping threads took: 0.0000501 seconds
[2025-06-16T00:26:05.191+0000][882.869s][915][941][info ] Application time: 1.0000944 seconds
[2025-06-16T00:26:05.191+0000][882.869s][915][941][info ] Entering safepoint region: Cleanup
[2025-06-16T00:26:05.191+0000][882.869s][915][941][info ] Leaving safepoint region
[2025-06-16T00:26:05.191+0000][882.869s][915][941][info ] Total time for which application threads were stopped: 0.0002485 seconds, Stopping threads took: 0.0000582 seconds
[2025-06-16T00:26:06.191+0000][883.869s][915][941][info ] Application time: 1.0000524 seconds
[2025-06-16T00:26:06.192+0000][883.869s][915][941][info ] Entering safepoint region: Cleanup
[2025-06-16T00:26:06.192+0000][883.869s][915][941][info ] Leaving safepoint region
[2025-06-16T00:26:06.192+0000][883.869s][915][941][info ] Total time for which application threads were stopped: 0.0002050 seconds, Stopping threads took: 0.0000433 seconds
[2025-06-16T00:26:07.192+0000][884.869s][915][941][info ] Application time: 1.0001518 seconds
[2025-06-16T00:26:07.192+0000][884.869s][915][941][info ] Entering safepoint region: Cleanup
[2025-06-16T00:26:07.192+0000][884.870s][915][941][info ] Leaving safepoint region
[2025-06-16T00:26:07.192+0000][884.870s][915][941][info ] Total time for which application threads were stopped: 0.0002440 seconds, Stopping threads took: 0.0000557 seconds
[2025-06-16T00:26:08.192+0000][885.870s][915][941][info ] Application time: 1.0001185 seconds
[2025-06-16T00:26:08.192+0000][885.870s][915][941][info ] Entering safepoint region: Cleanup
[2025-06-16T00:26:08.193+0000][885.870s][915][941][info ] Leaving safepoint region
[2025-06-16T00:26:08.193+0000][885.870s][915][941][info ] Total time for which application threads were stopped: 0.0002138 seconds, Stopping threads took: 0.0000415 seconds
[2025-06-16T00:26:09.193+0000][886.870s][915][941][info ] Application time: 1.0001022 seconds
[2025-06-16T00:26:09.193+0000][886.870s][915][941][info ] Entering safepoint region: Cleanup
[2025-06-16T00:26:09.193+0000][886.870s][915][941][info ] Leaving safepoint region
[2025-06-16T00:26:09.193+0000][886.871s][915][941][info ] Total time for which application threads were stopped: 0.0002104 seconds, Stopping threads took: 0.0000376 seconds
[2025-06-16T00:26:10.193+0000][887.871s][915][941][info ] Application time: 1.0001439 seconds
[2025-06-16T00:26:10.193+0000][887.871s][915][941][info ] Entering safepoint region: Cleanup
[2025-06-16T00:26:10.194+0000][887.871s][915][941][info ] Leaving safepoint region
[2025-06-16T00:26:10.194+0000][887.871s][915][941][info ] Total time for which application threads were stopped: 0.0002503 seconds, Stopping threads took: 0.0000524 seconds
[2025-06-16T00:26:11.194+0000][888.871s][915][941][info ] Application time: 1.0000982 seconds
[2025-06-16T00:26:11.194+0000][888.871s][915][941][info ] Entering safepoint region: Cleanup
[2025-06-16T00:26:11.194+0000][888.871s][915][941][info ] Leaving safepoint region
[2025-06-16T00:26:11.194+0000][888.871s][915][941][info ] Total time for which application threads were stopped: 0.0002375 seconds, Stopping threads took: 0.0000907 seconds
[2025-06-16T00:26:12.194+0000][889.872s][915][941][info ] Application time: 1.0001204 seconds
[2025-06-16T00:26:12.194+0000][889.872s][915][941][info ] Entering safepoint region: Cleanup
[2025-06-16T00:26:12.195+0000][889.872s][915][941][info ] Leaving safepoint region
[2025-06-16T00:26:12.195+0000][889.872s][915][941][info ] Total time for which application threads were stopped: 0.0004680 seconds, Stopping threads took: 0.0000816 seconds
[2025-06-16T00:26:13.195+0000][890.872s][915][941][info ] Application time: 1.0001116 seconds
[2025-06-16T00:26:13.196+0000][890.873s][915][941][info ] Entering safepoint region: Cleanup
[2025-06-16T00:26:13.196+0000][890.874s][915][941][info ] Leaving safepoint region
[2025-06-16T00:26:13.196+0000][890.874s][915][941][info ] Total time for which application threads were stopped: 0.0003503 seconds, Stopping threads took: 0.0000903 seconds
[2025-06-16T00:26:14.013+0000][891.691s][915][940][trace] CMS: promo attempt is safe: available(6912212992) >= av_promo(0), max_promo(800975864)
[2025-06-16T00:26:14.196+0000][891.874s][915][941][info ] Application time: 1.0001232 seconds
[2025-06-16T00:26:14.197+0000][891.874s][915][941][info ] Entering safepoint region: Cleanup
[2025-06-16T00:26:14.197+0000][891.874s][915][941][info ] Leaving safepoint region
[2025-06-16T00:26:14.197+0000][891.874s][915][941][info ] Total time for which application threads were stopped: 0.0002507 seconds, Stopping threads took: 0.0000579 seconds
[2025-06-16T00:26:15.197+0000][892.874s][915][941][info ] Application time: 1.0000910 seconds
[2025-06-16T00:26:15.197+0000][892.875s][915][941][info ] Entering safepoint region: Cleanup
[2025-06-16T00:26:15.197+0000][892.875s][915][941][info ] Leaving safepoint region
[2025-06-16T00:26:15.197+0000][892.875s][915][941][info ] Total time for which application threads were stopped: 0.0003597 seconds, Stopping threads took: 0.0000525 seconds
[2025-06-16T00:26:16.198+0000][893.875s][915][941][info ] Application time: 1.0001210 seconds
[2025-06-16T00:26:16.198+0000][893.875s][915][941][info ] Entering safepoint region: Cleanup
[2025-06-16T00:26:16.198+0000][893.875s][915][941][info ] Leaving safepoint region
[2025-06-16T00:26:16.198+0000][893.875s][915][941][info ] Total time for which application threads were stopped: 0.0002521 seconds, Stopping threads took: 0.0000399 seconds
[2025-06-16T00:26:17.198+0000][894.875s][915][941][info ] Application time: 1.0001107 seconds
[2025-06-16T00:26:17.198+0000][894.876s][915][941][info ] Entering safepoint region: Cleanup
[2025-06-16T00:26:17.198+0000][894.876s][915][941][info ] Leaving safepoint region
[2025-06-16T00:26:17.198+0000][894.876s][915][941][info ] Total time for which application threads were stopped: 0.0002196 seconds, Stopping threads took: 0.0000448 seconds
[2025-06-16T00:26:18.198+0000][895.876s][915][941][info ] Application time: 1.0001215 seconds
[2025-06-16T00:26:18.199+0000][895.876s][915][941][info ] Entering safepoint region: Cleanup
[2025-06-16T00:26:18.199+0000][895.876s][915][941][info ] Leaving safepoint region
[2025-06-16T00:26:18.199+0000][895.876s][915][941][info ] Total time for which application threads were stopped: 0.0003171 seconds, Stopping threads took: 0.0000595 seconds
[2025-06-16T00:26:19.199+0000][896.876s][915][941][info ] Application time: 1.0000962 seconds
[2025-06-16T00:26:19.199+0000][896.877s][915][941][info ] Entering safepoint region: Cleanup
[2025-06-16T00:26:19.199+0000][896.877s][915][941][info ] Leaving safepoint region
[2025-06-16T00:26:19.199+0000][896.877s][915][941][info ] Total time for which application threads were stopped: 0.0002811 seconds, Stopping threads took: 0.0000506 seconds
[2025-06-16T00:26:20.199+0000][897.877s][915][941][info ] Application time: 1.0001049 seconds
[2025-06-16T00:26:20.200+0000][897.877s][915][941][info ] Entering safepoint region: Cleanup
[2025-06-16T00:26:20.200+0000][897.877s][915][941][info ] Leaving safepoint region
[2025-06-16T00:26:20.200+0000][897.877s][915][941][info ] Total time for which application threads were stopped: 0.0002115 seconds, Stopping threads took: 0.0000457 seconds
[2025-06-16T00:26:21.200+0000][898.877s][915][941][info ] Application time: 1.0001026 seconds
[2025-06-16T00:26:21.200+0000][898.877s][915][941][info ] Entering safepoint region: Cleanup
[2025-06-16T00:26:21.200+0000][898.878s][915][941][info ] Leaving safepoint region
[2025-06-16T00:26:21.200+0000][898.878s][915][941][info ] Total time for which application threads were stopped: 0.0001654 seconds, Stopping threads took: 0.0000364 seconds
[2025-06-16T00:26:22.200+0000][899.878s][915][941][info ] Application time: 1.0001070 seconds
[2025-06-16T00:26:22.200+0000][899.878s][915][941][info ] Entering safepoint region: Cleanup
[2025-06-16T00:26:22.200+0000][899.878s][915][941][info ] Leaving safepoint region
[2025-06-16T00:26:22.200+0000][899.878s][915][941][info ] Total time for which application threads were stopped: 0.0002248 seconds, Stopping threads took: 0.0000467 seconds
[2025-06-16T00:26:23.201+0000][900.878s][915][941][info ] Application time: 1.0001618 seconds
[2025-06-16T00:26:23.211+0000][900.888s][915][941][info ] Entering safepoint region: Cleanup
[2025-06-16T00:26:23.211+0000][900.889s][915][941][info ] Leaving safepoint region
[2025-06-16T00:26:23.211+0000][900.889s][915][941][info ] Total time for which application threads were stopped: 0.0005489 seconds, Stopping threads took: 0.0001608 seconds
[2025-06-16T00:26:24.013+0000][901.691s][915][940][trace] CMS: promo attempt is safe: available(6912212992) >= av_promo(0), max_promo(800975864)
[2025-06-16T00:26:24.211+0000][901.889s][915][941][info ] Application time: 1.0001098 seconds
[2025-06-16T00:26:24.211+0000][901.889s][915][941][info ] Entering safepoint region: Cleanup
[2025-06-16T00:26:24.212+0000][901.889s][915][941][info ] Leaving safepoint region
[2025-06-16T00:26:24.212+0000][901.889s][915][941][info ] Total time for which application threads were stopped: 0.0002469 seconds, Stopping threads took: 0.0000508 seconds
[2025-06-16T00:26:25.212+0000][902.889s][915][941][info ] Application time: 1.0001239 seconds
[2025-06-16T00:26:25.212+0000][902.889s][915][941][info ] Entering safepoint region: Cleanup
[2025-06-16T00:26:25.212+0000][902.890s][915][941][info ] Leaving safepoint region
[2025-06-16T00:26:25.212+0000][902.890s][915][941][info ] Total time for which application threads were stopped: 0.0003148 seconds, Stopping threads took: 0.0000633 seconds
[2025-06-16T00:26:26.212+0000][903.890s][915][941][info ] Application time: 1.0001302 seconds
[2025-06-16T00:26:26.212+0000][903.890s][915][941][info ] Entering safepoint region: Cleanup
[2025-06-16T00:26:26.213+0000][903.890s][915][941][info ] Leaving safepoint region
[2025-06-16T00:26:26.213+0000][903.890s][915][941][info ] Total time for which application threads were stopped: 0.0002823 seconds, Stopping threads took: 0.0000446 seconds
[2025-06-16T00:26:27.213+0000][904.890s][915][941][info ] Application time: 1.0001032 seconds
[2025-06-16T00:26:27.214+0000][904.892s][915][941][info ] Entering safepoint region: Cleanup
[2025-06-16T00:26:27.215+0000][904.892s][915][941][info ] Leaving safepoint region
[2025-06-16T00:26:27.215+0000][904.892s][915][941][info ] Total time for which application threads were stopped: 0.0016278 seconds, Stopping threads took: 0.0013824 seconds
[2025-06-16T00:26:28.215+0000][905.892s][915][941][info ] Application time: 1.0001179 seconds
[2025-06-16T00:26:28.215+0000][905.893s][915][941][info ] Entering safepoint region: Cleanup
[2025-06-16T00:26:28.216+0000][905.893s][915][941][info ] Leaving safepoint region
[2025-06-16T00:26:28.216+0000][905.893s][915][941][info ] Total time for which application threads were stopped: 0.0008253 seconds, Stopping threads took: 0.0002093 seconds
[2025-06-16T00:26:29.216+0000][906.894s][915][941][info ] Application time: 1.0001433 seconds
[2025-06-16T00:26:29.216+0000][906.894s][915][941][info ] Entering safepoint region: Cleanup
[2025-06-16T00:26:29.216+0000][906.894s][915][941][info ] Leaving safepoint region
[2025-06-16T00:26:29.216+0000][906.894s][915][941][info ] Total time for which application threads were stopped: 0.0002321 seconds, Stopping threads took: 0.0000797 seconds
[2025-06-16T00:26:30.217+0000][907.894s][915][941][info ] Application time: 1.0001077 seconds
[2025-06-16T00:26:30.223+0000][907.900s][915][941][info ] Entering safepoint region: Cleanup
[2025-06-16T00:26:30.223+0000][907.901s][915][941][info ] Leaving safepoint region
[2025-06-16T00:26:30.223+0000][907.901s][915][941][info ] Total time for which application threads were stopped: 0.0062957 seconds, Stopping threads took: 0.0059895 seconds
[2025-06-16T00:26:31.223+0000][908.901s][915][941][info ] Application time: 1.0001861 seconds
[2025-06-16T00:26:31.224+0000][908.901s][915][941][info ] Entering safepoint region: Cleanup
[2025-06-16T00:26:31.224+0000][908.901s][915][941][info ] Leaving safepoint region
[2025-06-16T00:26:31.224+0000][908.901s][915][941][info ] Total time for which application threads were stopped: 0.0002461 seconds, Stopping threads took: 0.0000512 seconds
[2025-06-16T00:26:32.224+0000][909.901s][915][941][info ] Application time: 1.0001770 seconds
[2025-06-16T00:26:32.225+0000][909.902s][915][941][info ] Entering safepoint region: Cleanup
[2025-06-16T00:26:32.225+0000][909.902s][915][941][info ] Leaving safepoint region
[2025-06-16T00:26:32.225+0000][909.902s][915][941][info ] Total time for which application threads were stopped: 0.0003728 seconds, Stopping threads took: 0.0001213 seconds
[2025-06-16T00:26:33.225+0000][910.903s][915][941][info ] Application time: 1.0001330 seconds
[2025-06-16T00:26:33.225+0000][910.903s][915][941][info ] Entering safepoint region: Cleanup
[2025-06-16T00:26:33.225+0000][910.903s][915][941][info ] Leaving safepoint region
[2025-06-16T00:26:33.225+0000][910.903s][915][941][info ] Total time for which application threads were stopped: 0.0001864 seconds, Stopping threads took: 0.0000482 seconds
[2025-06-16T00:26:34.042+0000][911.719s][915][940][trace] CMS: promo attempt is safe: available(6912212992) >= av_promo(0), max_promo(814397664)
[2025-06-16T00:26:34.225+0000][911.903s][915][941][info ] Application time: 1.0001339 seconds
[2025-06-16T00:26:34.227+0000][911.904s][915][941][info ] Entering safepoint region: Cleanup
[2025-06-16T00:26:34.227+0000][911.904s][915][941][info ] Leaving safepoint region
[2025-06-16T00:26:34.227+0000][911.904s][915][941][info ] Total time for which application threads were stopped: 0.0003297 seconds, Stopping threads took: 0.0001046 seconds
[2025-06-16T00:26:35.227+0000][912.904s][915][941][info ] Application time: 1.0001153 seconds
[2025-06-16T00:26:35.227+0000][912.905s][915][941][info ] Entering safepoint region: Cleanup
[2025-06-16T00:26:35.227+0000][912.905s][915][941][info ] Leaving safepoint region
[2025-06-16T00:26:35.227+0000][912.905s][915][941][info ] Total time for which application threads were stopped: 0.0001692 seconds, Stopping threads took: 0.0000376 seconds
[2025-06-16T00:26:36.227+0000][913.905s][915][941][info ] Application time: 1.0001126 seconds
[2025-06-16T00:26:36.227+0000][913.905s][915][941][info ] Entering safepoint region: Cleanup
[2025-06-16T00:26:36.228+0000][913.905s][915][941][info ] Leaving safepoint region
[2025-06-16T00:26:36.228+0000][913.905s][915][941][info ] Total time for which application threads were stopped: 0.0003273 seconds, Stopping threads took: 0.0000633 seconds
[2025-06-16T00:26:37.228+0000][914.905s][915][941][info ] Application time: 1.0001058 seconds
[2025-06-16T00:26:37.228+0000][914.905s][915][941][info ] Entering safepoint region: Cleanup
[2025-06-16T00:26:37.228+0000][914.906s][915][941][info ] Leaving safepoint region
[2025-06-16T00:26:37.228+0000][914.906s][915][941][info ] Total time for which application threads were stopped: 0.0002573 seconds, Stopping threads took: 0.0000439 seconds
[2025-06-16T00:26:38.228+0000][915.906s][915][941][info ] Application time: 1.0000953 seconds
[2025-06-16T00:26:38.228+0000][915.906s][915][941][info ] Entering safepoint region: Cleanup
[2025-06-16T00:26:38.229+0000][915.906s][915][941][info ] Leaving safepoint region
[2025-06-16T00:26:38.229+0000][915.906s][915][941][info ] Total time for which application threads were stopped: 0.0002754 seconds, Stopping threads took: 0.0000689 seconds
[2025-06-16T00:26:39.229+0000][916.906s][915][941][info ] Application time: 1.0001434 seconds
[2025-06-16T00:26:39.229+0000][916.906s][915][941][info ] Entering safepoint region: Cleanup
[2025-06-16T00:26:39.229+0000][916.907s][915][941][info ] Leaving safepoint region
[2025-06-16T00:26:39.229+0000][916.907s][915][941][info ] Total time for which application threads were stopped: 0.0001811 seconds, Stopping threads took: 0.0000369 seconds
[2025-06-16T00:26:40.229+0000][917.907s][915][941][info ] Application time: 1.0001594 seconds
[2025-06-16T00:26:40.229+0000][917.907s][915][941][info ] Entering safepoint region: Cleanup
[2025-06-16T00:26:40.230+0000][917.907s][915][941][info ] Leaving safepoint region
[2025-06-16T00:26:40.230+0000][917.907s][915][941][info ] Total time for which application threads were stopped: 0.0002255 seconds, Stopping threads took: 0.0000515 seconds
[2025-06-16T00:26:41.230+0000][918.907s][915][941][info ] Application time: 1.0001021 seconds
[2025-06-16T00:26:41.230+0000][918.907s][915][941][info ] Entering safepoint region: Cleanup
[2025-06-16T00:26:41.230+0000][918.907s][915][941][info ] Leaving safepoint region
[2025-06-16T00:26:41.230+0000][918.907s][915][941][info ] Total time for which application threads were stopped: 0.0002158 seconds, Stopping threads took: 0.0000570 seconds
[2025-06-16T00:26:42.230+0000][919.908s][915][941][info ] Application time: 1.0001105 seconds
[2025-06-16T00:26:42.230+0000][919.908s][915][941][info ] Entering safepoint region: Cleanup
[2025-06-16T00:26:42.231+0000][919.908s][915][941][info ] Leaving safepoint region
[2025-06-16T00:26:42.231+0000][919.908s][915][941][info ] Total time for which application threads were stopped: 0.0004073 seconds, Stopping threads took: 0.0000697 seconds
[2025-06-16T00:26:43.231+0000][920.908s][915][941][info ] Application time: 1.0001252 seconds
[2025-06-16T00:26:43.231+0000][920.908s][915][941][info ] Entering safepoint region: Cleanup
[2025-06-16T00:26:43.231+0000][920.909s][915][941][info ] Leaving safepoint region
[2025-06-16T00:26:43.231+0000][920.909s][915][941][info ] Total time for which application threads were stopped: 0.0002357 seconds, Stopping threads took: 0.0000481 seconds
[2025-06-16T00:26:44.041+0000][921.719s][915][940][trace] CMS: promo attempt is safe: available(6912212992) >= av_promo(0), max_promo(814397664)
[2025-06-16T00:26:44.231+0000][921.909s][915][941][info ] Application time: 1.0001262 seconds
[2025-06-16T00:26:44.231+0000][921.909s][915][941][info ] Entering safepoint region: Cleanup
[2025-06-16T00:26:44.232+0000][921.909s][915][941][info ] Leaving safepoint region
[2025-06-16T00:26:44.232+0000][921.909s][915][941][info ] Total time for which application threads were stopped: 0.0002597 seconds, Stopping threads took: 0.0000563 seconds
[2025-06-16T00:26:45.232+0000][922.909s][915][941][info ] Application time: 1.0001202 seconds
[2025-06-16T00:26:45.232+0000][922.909s][915][941][info ] Entering safepoint region: Cleanup
[2025-06-16T00:26:45.232+0000][922.910s][915][941][info ] Leaving safepoint region
[2025-06-16T00:26:45.232+0000][922.910s][915][941][info ] Total time for which application threads were stopped: 0.0002353 seconds, Stopping threads took: 0.0000547 seconds
[2025-06-16T00:26:46.236+0000][923.913s][915][941][info ] Application time: 1.0036935 seconds
[2025-06-16T00:26:46.310+0000][923.987s][915][941][info ] Entering safepoint region: Cleanup
[2025-06-16T00:26:46.310+0000][923.988s][915][941][info ] Leaving safepoint region
[2025-06-16T00:26:46.310+0000][923.988s][915][941][info ] Total time for which application threads were stopped: 0.0004887 seconds, Stopping threads took: 0.0001752 seconds
[2025-06-16T00:26:47.311+0000][924.988s][915][941][info ] Application time: 1.0003013 seconds
[2025-06-16T00:26:47.410+0000][925.088s][915][941][info ] Entering safepoint region: Cleanup
[2025-06-16T00:26:47.411+0000][925.089s][915][941][info ] Leaving safepoint region
[2025-06-16T00:26:47.411+0000][925.089s][915][941][info ] Total time for which application threads were stopped: 0.1002276 seconds, Stopping threads took: 0.0998096 seconds
[2025-06-16T00:26:48.411+0000][926.089s][915][941][info ] Application time: 1.0001636 seconds
[2025-06-16T00:26:48.411+0000][926.089s][915][941][info ] Entering safepoint region: Cleanup
[2025-06-16T00:26:48.412+0000][926.089s][915][941][info ] Leaving safepoint region
[2025-06-16T00:26:48.412+0000][926.089s][915][941][info ] Total time for which application threads were stopped: 0.0004372 seconds, Stopping threads took: 0.0000823 seconds
[2025-06-16T00:26:49.412+0000][927.090s][915][941][info ] Application time: 1.0001281 seconds
[2025-06-16T00:26:49.413+0000][927.090s][915][941][info ] Entering safepoint region: Cleanup
[2025-06-16T00:26:49.413+0000][927.090s][915][941][info ] Leaving safepoint region
[2025-06-16T00:26:49.413+0000][927.090s][915][941][info ] Total time for which application threads were stopped: 0.0002614 seconds, Stopping threads took: 0.0000620 seconds
[2025-06-16T00:26:50.413+0000][928.091s][915][941][info ] Application time: 1.0001350 seconds
[2025-06-16T00:26:50.413+0000][928.091s][915][941][info ] Entering safepoint region: Cleanup
[2025-06-16T00:26:50.413+0000][928.091s][915][941][info ] Leaving safepoint region
[2025-06-16T00:26:50.413+0000][928.091s][915][941][info ] Total time for which application threads were stopped: 0.0003238 seconds, Stopping threads took: 0.0000536 seconds
[2025-06-16T00:26:51.414+0000][929.091s][915][941][info ] Application time: 1.0001257 seconds
[2025-06-16T00:26:51.414+0000][929.091s][915][941][info ] Entering safepoint region: Cleanup
[2025-06-16T00:26:51.414+0000][929.092s][915][941][info ] Leaving safepoint region
[2025-06-16T00:26:51.414+0000][929.092s][915][941][info ] Total time for which application threads were stopped: 0.0002667 seconds, Stopping threads took: 0.0000564 seconds
[2025-06-16T00:26:52.414+0000][930.092s][915][941][info ] Application time: 1.0001576 seconds
[2025-06-16T00:26:52.416+0000][930.094s][915][941][info ] Entering safepoint region: Cleanup
[2025-06-16T00:26:52.417+0000][930.094s][915][941][info ] Leaving safepoint region
[2025-06-16T00:26:52.417+0000][930.094s][915][941][info ] Total time for which application threads were stopped: 0.0023716 seconds, Stopping threads took: 0.0021256 seconds
[2025-06-16T00:26:53.417+0000][931.094s][915][941][info ] Application time: 1.0000821 seconds
[2025-06-16T00:26:53.417+0000][931.094s][915][941][info ] Entering safepoint region: Cleanup
[2025-06-16T00:26:53.417+0000][931.095s][915][941][info ] Leaving safepoint region
[2025-06-16T00:26:53.417+0000][931.095s][915][941][info ] Total time for which application threads were stopped: 0.0002786 seconds, Stopping threads took: 0.0000546 seconds
[2025-06-16T00:26:54.042+0000][931.719s][915][940][trace] CMS: promo attempt is safe: available(6912212992) >= av_promo(0), max_promo(819278352)
[2025-06-16T00:26:54.417+0000][932.095s][915][941][info ] Application time: 1.0001109 seconds
[2025-06-16T00:26:54.417+0000][932.095s][915][941][info ] Entering safepoint region: Cleanup
[2025-06-16T00:26:54.418+0000][932.095s][915][941][info ] Leaving safepoint region
[2025-06-16T00:26:54.418+0000][932.095s][915][941][info ] Total time for which application threads were stopped: 0.0001829 seconds, Stopping threads took: 0.0000391 seconds
[2025-06-16T00:26:55.418+0000][933.095s][915][941][info ] Application time: 1.0002859 seconds
[2025-06-16T00:26:55.419+0000][933.096s][915][941][info ] Entering safepoint region: Cleanup
[2025-06-16T00:26:55.420+0000][933.097s][915][941][info ] Leaving safepoint region
[2025-06-16T00:26:55.420+0000][933.097s][915][941][info ] Total time for which application threads were stopped: 0.0010324 seconds, Stopping threads took: 0.0001611 seconds
[2025-06-16T00:26:56.420+0000][934.098s][915][941][info ] Application time: 1.0002154 seconds
[2025-06-16T00:26:56.420+0000][934.098s][915][941][info ] Entering safepoint region: Cleanup
[2025-06-16T00:26:56.420+0000][934.098s][915][941][info ] Leaving safepoint region
[2025-06-16T00:26:56.420+0000][934.098s][915][941][info ] Total time for which application threads were stopped: 0.0002371 seconds, Stopping threads took: 0.0000474 seconds
[2025-06-16T00:26:57.421+0000][935.098s][915][941][info ] Application time: 1.0001036 seconds
[2025-06-16T00:26:57.421+0000][935.098s][915][941][info ] Entering safepoint region: Cleanup
[2025-06-16T00:26:57.421+0000][935.098s][915][941][info ] Leaving safepoint region
[2025-06-16T00:26:57.421+0000][935.098s][915][941][info ] Total time for which application threads were stopped: 0.0002592 seconds, Stopping threads took: 0.0000395 seconds
[2025-06-16T00:26:58.421+0000][936.099s][915][941][info ] Application time: 1.0001381 seconds
[2025-06-16T00:26:58.421+0000][936.099s][915][941][info ] Entering safepoint region: Cleanup
[2025-06-16T00:26:58.421+0000][936.099s][915][941][info ] Leaving safepoint region
[2025-06-16T00:26:58.421+0000][936.099s][915][941][info ] Total time for which application threads were stopped: 0.0002695 seconds, Stopping threads took: 0.0000522 seconds
[2025-06-16T00:26:59.422+0000][937.099s][915][941][info ] Application time: 1.0000977 seconds
[2025-06-16T00:26:59.422+0000][937.099s][915][941][info ] Entering safepoint region: Cleanup
[2025-06-16T00:26:59.422+0000][937.099s][915][941][info ] Leaving safepoint region
[2025-06-16T00:26:59.422+0000][937.099s][915][941][info ] Total time for which application threads were stopped: 0.0002395 seconds, Stopping threads took: 0.0000348 seconds
[2025-06-16T00:27:00.422+0000][938.099s][915][941][info ] Application time: 1.0001139 seconds
[2025-06-16T00:27:00.422+0000][938.100s][915][941][info ] Entering safepoint region: Cleanup
[2025-06-16T00:27:00.422+0000][938.100s][915][941][info ] Leaving safepoint region
[2025-06-16T00:27:00.422+0000][938.100s][915][941][info ] Total time for which application threads were stopped: 0.0003443 seconds, Stopping threads took: 0.0000636 seconds
[2025-06-16T00:27:01.423+0000][939.100s][915][941][info ] Application time: 1.0001067 seconds
[2025-06-16T00:27:01.423+0000][939.100s][915][941][info ] Entering safepoint region: Cleanup
[2025-06-16T00:27:01.423+0000][939.100s][915][941][info ] Leaving safepoint region
[2025-06-16T00:27:01.423+0000][939.100s][915][941][info ] Total time for which application threads were stopped: 0.0001963 seconds, Stopping threads took: 0.0000330 seconds
[2025-06-16T00:27:02.423+0000][940.100s][915][941][info ] Application time: 1.0000923 seconds
[2025-06-16T00:27:02.423+0000][940.101s][915][941][info ] Entering safepoint region: Cleanup
[2025-06-16T00:27:02.423+0000][940.101s][915][941][info ] Leaving safepoint region
[2025-06-16T00:27:02.423+0000][940.101s][915][941][info ] Total time for which application threads were stopped: 0.0002194 seconds, Stopping threads took: 0.0000467 seconds
[2025-06-16T00:27:03.423+0000][941.101s][915][941][info ] Application time: 1.0001071 seconds
[2025-06-16T00:27:03.424+0000][941.101s][915][941][info ] Entering safepoint region: Cleanup
[2025-06-16T00:27:03.424+0000][941.101s][915][941][info ] Leaving safepoint region
[2025-06-16T00:27:03.424+0000][941.101s][915][941][info ] Total time for which application threads were stopped: 0.0002291 seconds, Stopping threads took: 0.0000495 seconds
[2025-06-16T00:27:04.041+0000][941.718s][915][940][trace] CMS: promo attempt is safe: available(6912212992) >= av_promo(0), max_promo(819278352)
[2025-06-16T00:27:04.424+0000][942.101s][915][941][info ] Application time: 1.0001036 seconds
[2025-06-16T00:27:04.424+0000][942.101s][915][941][info ] Entering safepoint region: Cleanup
[2025-06-16T00:27:04.424+0000][942.102s][915][941][info ] Leaving safepoint region
[2025-06-16T00:27:04.424+0000][942.102s][915][941][info ] Total time for which application threads were stopped: 0.0002237 seconds, Stopping threads took: 0.0000428 seconds
[2025-06-16T00:27:05.424+0000][943.102s][915][941][info ] Application time: 1.0001061 seconds
[2025-06-16T00:27:05.424+0000][943.102s][915][941][info ] Entering safepoint region: Cleanup
[2025-06-16T00:27:05.425+0000][943.102s][915][941][info ] Leaving safepoint region
[2025-06-16T00:27:05.425+0000][943.102s][915][941][info ] Total time for which application threads were stopped: 0.0002188 seconds, Stopping threads took: 0.0000403 seconds
[2025-06-16T00:27:06.425+0000][944.102s][915][941][info ] Application time: 1.0001107 seconds
[2025-06-16T00:27:06.425+0000][944.102s][915][941][info ] Entering safepoint region: Cleanup
[2025-06-16T00:27:06.425+0000][944.102s][915][941][info ] Leaving safepoint region
[2025-06-16T00:27:06.425+0000][944.103s][915][941][info ] Total time for which application threads were stopped: 0.0002213 seconds, Stopping threads took: 0.0000425 seconds
[2025-06-16T00:27:07.425+0000][945.103s][915][941][info ] Application time: 1.0001493 seconds
[2025-06-16T00:27:07.425+0000][945.103s][915][941][info ] Entering safepoint region: Cleanup
[2025-06-16T00:27:07.426+0000][945.103s][915][941][info ] Leaving safepoint region
[2025-06-16T00:27:07.426+0000][945.103s][915][941][info ] Total time for which application threads were stopped: 0.0002669 seconds, Stopping threads took: 0.0000576 seconds
[2025-06-16T00:27:08.426+0000][946.103s][915][941][info ] Application time: 1.0001178 seconds
[2025-06-16T00:27:08.426+0000][946.103s][915][941][info ] Entering safepoint region: Cleanup
[2025-06-16T00:27:08.426+0000][946.104s][915][941][info ] Leaving safepoint region
[2025-06-16T00:27:08.426+0000][946.104s][915][941][info ] Total time for which application threads were stopped: 0.0002729 seconds, Stopping threads took: 0.0000571 seconds
[2025-06-16T00:27:09.426+0000][947.104s][915][941][info ] Application time: 1.0001018 seconds
[2025-06-16T00:27:09.426+0000][947.104s][915][941][info ] Entering safepoint region: Cleanup
[2025-06-16T00:27:09.426+0000][947.104s][915][941][info ] Leaving safepoint region
[2025-06-16T00:27:09.427+0000][947.104s][915][941][info ] Total time for which application threads were stopped: 0.0002413 seconds, Stopping threads took: 0.0000499 seconds
[2025-06-16T00:27:10.427+0000][948.104s][915][941][info ] Application time: 1.0002584 seconds
[2025-06-16T00:27:10.427+0000][948.104s][915][941][info ] Entering safepoint region: Cleanup
[2025-06-16T00:27:10.427+0000][948.105s][915][941][info ] Leaving safepoint region
[2025-06-16T00:27:10.427+0000][948.105s][915][941][info ] Total time for which application threads were stopped: 0.0002418 seconds, Stopping threads took: 0.0000466 seconds
[2025-06-16T00:27:11.427+0000][949.105s][915][941][info ] Application time: 1.0001015 seconds
[2025-06-16T00:27:11.427+0000][949.105s][915][941][info ] Entering safepoint region: Cleanup
[2025-06-16T00:27:11.428+0000][949.105s][915][941][info ] Leaving safepoint region
[2025-06-16T00:27:11.428+0000][949.105s][915][941][info ] Total time for which application threads were stopped: 0.0003174 seconds, Stopping threads took: 0.0000531 seconds
[2025-06-16T00:27:12.428+0000][950.105s][915][941][info ] Application time: 1.0001113 seconds
[2025-06-16T00:27:12.428+0000][950.105s][915][941][info ] Entering safepoint region: Cleanup
[2025-06-16T00:27:12.428+0000][950.106s][915][941][info ] Leaving safepoint region
[2025-06-16T00:27:12.428+0000][950.106s][915][941][info ] Total time for which application threads were stopped: 0.0004539 seconds, Stopping threads took: 0.0000792 seconds
[2025-06-16T00:27:13.428+0000][951.106s][915][941][info ] Application time: 1.0001213 seconds
[2025-06-16T00:27:13.429+0000][951.106s][915][941][info ] Entering safepoint region: Cleanup
[2025-06-16T00:27:13.429+0000][951.106s][915][941][info ] Leaving safepoint region
[2025-06-16T00:27:13.429+0000][951.107s][915][941][info ] Total time for which application threads were stopped: 0.0002491 seconds, Stopping threads took: 0.0000587 seconds
[2025-06-16T00:27:14.041+0000][951.719s][915][940][trace] CMS: promo attempt is safe: available(6912212992) >= av_promo(0), max_promo(819278352)
[2025-06-16T00:27:14.430+0000][952.107s][915][941][info ] Application time: 1.0006393 seconds
[2025-06-16T00:27:14.430+0000][952.107s][915][941][info ] Entering safepoint region: Cleanup
[2025-06-16T00:27:14.430+0000][952.108s][915][941][info ] Leaving safepoint region
[2025-06-16T00:27:14.430+0000][952.108s][915][941][info ] Total time for which application threads were stopped: 0.0003683 seconds, Stopping threads took: 0.0001468 seconds
[2025-06-16T00:27:15.430+0000][953.108s][915][941][info ] Application time: 1.0001194 seconds
[2025-06-16T00:27:15.430+0000][953.108s][915][941][info ] Entering safepoint region: Cleanup
[2025-06-16T00:27:15.431+0000][953.108s][915][941][info ] Leaving safepoint region
[2025-06-16T00:27:15.431+0000][953.108s][915][941][info ] Total time for which application threads were stopped: 0.0002820 seconds, Stopping threads took: 0.0000539 seconds
[2025-06-16T00:27:16.431+0000][954.108s][915][941][info ] Application time: 1.0000866 seconds
[2025-06-16T00:27:16.431+0000][954.108s][915][941][info ] Entering safepoint region: Cleanup
[2025-06-16T00:27:16.431+0000][954.109s][915][941][info ] Leaving safepoint region
[2025-06-16T00:27:16.431+0000][954.109s][915][941][info ] Total time for which application threads were stopped: 0.0003769 seconds, Stopping threads took: 0.0001157 seconds
[2025-06-16T00:27:17.431+0000][955.109s][915][941][info ] Application time: 1.0001119 seconds
[2025-06-16T00:27:17.432+0000][955.109s][915][941][info ] Entering safepoint region: Cleanup
[2025-06-16T00:27:17.432+0000][955.109s][915][941][info ] Leaving safepoint region
[2025-06-16T00:27:17.432+0000][955.109s][915][941][info ] Total time for which application threads were stopped: 0.0002456 seconds, Stopping threads took: 0.0000594 seconds
[2025-06-16T00:27:18.432+0000][956.109s][915][941][info ] Application time: 1.0001204 seconds
[2025-06-16T00:27:18.432+0000][956.110s][915][941][info ] Entering safepoint region: Cleanup
[2025-06-16T00:27:18.432+0000][956.110s][915][941][info ] Leaving safepoint region
[2025-06-16T00:27:18.432+0000][956.110s][915][941][info ] Total time for which application threads were stopped: 0.0003350 seconds, Stopping threads took: 0.0001294 seconds
[2025-06-16T00:27:19.432+0000][957.110s][915][941][info ] Application time: 1.0001029 seconds
[2025-06-16T00:27:19.433+0000][957.110s][915][941][info ] Entering safepoint region: Cleanup
[2025-06-16T00:27:19.433+0000][957.110s][915][941][info ] Leaving safepoint region
[2025-06-16T00:27:19.433+0000][957.110s][915][941][info ] Total time for which application threads were stopped: 0.0003767 seconds, Stopping threads took: 0.0000672 seconds
[2025-06-16T00:27:20.433+0000][958.110s][915][941][info ] Application time: 1.0001021 seconds
[2025-06-16T00:27:20.433+0000][958.111s][915][941][info ] Entering safepoint region: Cleanup
[2025-06-16T00:27:20.434+0000][958.111s][915][941][info ] Leaving safepoint region
[2025-06-16T00:27:20.434+0000][958.111s][915][941][info ] Total time for which application threads were stopped: 0.0002551 seconds, Stopping threads took: 0.0000618 seconds
[2025-06-16T00:27:21.434+0000][959.111s][915][941][info ] Application time: 1.0001125 seconds
[2025-06-16T00:27:21.434+0000][959.111s][915][941][info ] Entering safepoint region: Cleanup
[2025-06-16T00:27:21.434+0000][959.112s][915][941][info ] Leaving safepoint region
[2025-06-16T00:27:21.434+0000][959.112s][915][941][info ] Total time for which application threads were stopped: 0.0001979 seconds, Stopping threads took: 0.0000417 seconds
[2025-06-16T00:27:22.434+0000][960.112s][915][941][info ] Application time: 1.0001216 seconds
[2025-06-16T00:27:22.434+0000][960.112s][915][941][info ] Entering safepoint region: Cleanup
[2025-06-16T00:27:22.435+0000][960.112s][915][941][info ] Leaving safepoint region
[2025-06-16T00:27:22.435+0000][960.112s][915][941][info ] Total time for which application threads were stopped: 0.0002874 seconds, Stopping threads took: 0.0000649 seconds
[2025-06-16T00:27:23.435+0000][961.112s][915][941][info ] Application time: 1.0001099 seconds
[2025-06-16T00:27:23.435+0000][961.112s][915][941][info ] Entering safepoint region: Cleanup
[2025-06-16T00:27:23.435+0000][961.112s][915][941][info ] Leaving safepoint region
[2025-06-16T00:27:23.435+0000][961.113s][915][941][info ] Total time for which application threads were stopped: 0.0002244 seconds, Stopping threads took: 0.0000472 seconds
[2025-06-16T00:27:24.041+0000][961.719s][915][940][trace] CMS: promo attempt is safe: available(6912212992) >= av_promo(0), max_promo(819278352)
[2025-06-16T00:27:24.435+0000][962.113s][915][941][info ] Application time: 1.0000887 seconds
[2025-06-16T00:27:24.435+0000][962.113s][915][941][info ] Entering safepoint region: Cleanup
[2025-06-16T00:27:24.435+0000][962.113s][915][941][info ] Leaving safepoint region
[2025-06-16T00:27:24.435+0000][962.113s][915][941][info ] Total time for which application threads were stopped: 0.0002335 seconds, Stopping threads took: 0.0000528 seconds
[2025-06-16T00:27:25.436+0000][963.113s][915][941][info ] Application time: 1.0000913 seconds
[2025-06-16T00:27:25.436+0000][963.113s][915][941][info ] Entering safepoint region: Cleanup
[2025-06-16T00:27:25.436+0000][963.113s][915][941][info ] Leaving safepoint region
[2025-06-16T00:27:25.436+0000][963.113s][915][941][info ] Total time for which application threads were stopped: 0.0003134 seconds, Stopping threads took: 0.0000562 seconds
[2025-06-16T00:27:26.436+0000][964.114s][915][941][info ] Application time: 1.0000495 seconds
[2025-06-16T00:27:26.436+0000][964.114s][915][941][info ] Entering safepoint region: Cleanup
[2025-06-16T00:27:26.436+0000][964.114s][915][941][info ] Leaving safepoint region
[2025-06-16T00:27:26.436+0000][964.114s][915][941][info ] Total time for which application threads were stopped: 0.0002668 seconds, Stopping threads took: 0.0000593 seconds
[2025-06-16T00:27:27.437+0000][965.114s][915][941][info ] Application time: 1.0000964 seconds
[2025-06-16T00:27:27.437+0000][965.114s][915][941][info ] Entering safepoint region: Cleanup
[2025-06-16T00:27:27.437+0000][965.114s][915][941][info ] Leaving safepoint region
[2025-06-16T00:27:27.437+0000][965.114s][915][941][info ] Total time for which application threads were stopped: 0.0002711 seconds, Stopping threads took: 0.0000931 seconds
[2025-06-16T00:27:28.437+0000][966.115s][915][941][info ] Application time: 1.0001094 seconds
[2025-06-16T00:27:28.437+0000][966.115s][915][941][info ] Entering safepoint region: Cleanup
[2025-06-16T00:27:28.437+0000][966.115s][915][941][info ] Leaving safepoint region
[2025-06-16T00:27:28.437+0000][966.115s][915][941][info ] Total time for which application threads were stopped: 0.0002446 seconds, Stopping threads took: 0.0000431 seconds
[2025-06-16T00:27:29.437+0000][967.115s][915][941][info ] Application time: 1.0001087 seconds
[2025-06-16T00:27:29.438+0000][967.115s][915][941][info ] Entering safepoint region: Cleanup
[2025-06-16T00:27:29.438+0000][967.115s][915][941][info ] Leaving safepoint region
[2025-06-16T00:27:29.438+0000][967.115s][915][941][info ] Total time for which application threads were stopped: 0.0003129 seconds, Stopping threads took: 0.0000559 seconds
[2025-06-16T00:27:30.442+0000][968.119s][915][941][info ] Application time: 1.0039214 seconds
[2025-06-16T00:27:30.442+0000][968.119s][915][941][info ] Entering safepoint region: Cleanup
[2025-06-16T00:27:30.442+0000][968.120s][915][941][info ] Leaving safepoint region
[2025-06-16T00:27:30.442+0000][968.120s][915][941][info ] Total time for which application threads were stopped: 0.0003213 seconds, Stopping threads took: 0.0000509 seconds
[2025-06-16T00:27:31.442+0000][969.120s][915][941][info ] Application time: 1.0000986 seconds
[2025-06-16T00:27:31.443+0000][969.120s][915][941][info ] Entering safepoint region: Cleanup
[2025-06-16T00:27:31.443+0000][969.121s][915][941][info ] Leaving safepoint region
[2025-06-16T00:27:31.443+0000][969.121s][915][941][info ] Total time for which application threads were stopped: 0.0002503 seconds, Stopping threads took: 0.0000600 seconds
[2025-06-16T00:27:32.443+0000][970.121s][915][941][info ] Application time: 1.0001000 seconds
[2025-06-16T00:27:32.443+0000][970.121s][915][941][info ] Entering safepoint region: Cleanup
[2025-06-16T00:27:32.444+0000][970.121s][915][941][info ] Leaving safepoint region
[2025-06-16T00:27:32.444+0000][970.121s][915][941][info ] Total time for which application threads were stopped: 0.0002459 seconds, Stopping threads took: 0.0000548 seconds
[2025-06-16T00:27:33.444+0000][971.121s][915][941][info ] Application time: 1.0001059 seconds
[2025-06-16T00:27:33.444+0000][971.121s][915][941][info ] Entering safepoint region: Cleanup
[2025-06-16T00:27:33.444+0000][971.121s][915][941][info ] Leaving safepoint region
[2025-06-16T00:27:33.444+0000][971.121s][915][941][info ] Total time for which application threads were stopped: 0.0002066 seconds, Stopping threads took: 0.0000458 seconds
[2025-06-16T00:27:34.041+0000][971.719s][915][940][trace] CMS: promo attempt is safe: available(6912212992) >= av_promo(0), max_promo(819278352)
[2025-06-16T00:27:34.444+0000][972.122s][915][941][info ] Application time: 1.0000914 seconds
[2025-06-16T00:27:34.444+0000][972.122s][915][941][info ] Entering safepoint region: Cleanup
[2025-06-16T00:27:34.444+0000][972.122s][915][941][info ] Leaving safepoint region
[2025-06-16T00:27:34.444+0000][972.122s][915][941][info ] Total time for which application threads were stopped: 0.0003329 seconds, Stopping threads took: 0.0000475 seconds
[2025-06-16T00:27:35.445+0000][973.122s][915][941][info ] Application time: 1.0001010 seconds
[2025-06-16T00:27:35.445+0000][973.122s][915][941][info ] Entering safepoint region: Cleanup
[2025-06-16T00:27:35.445+0000][973.122s][915][941][info ] Leaving safepoint region
[2025-06-16T00:27:35.445+0000][973.122s][915][941][info ] Total time for which application threads were stopped: 0.0002817 seconds, Stopping threads took: 0.0000558 seconds
[2025-06-16T00:27:36.445+0000][974.123s][915][941][info ] Application time: 1.0001099 seconds
[2025-06-16T00:27:36.445+0000][974.123s][915][941][info ] Entering safepoint region: Cleanup
[2025-06-16T00:27:36.445+0000][974.123s][915][941][info ] Leaving safepoint region
[2025-06-16T00:27:36.445+0000][974.123s][915][941][info ] Total time for which application threads were stopped: 0.0003295 seconds, Stopping threads took: 0.0000547 seconds
[2025-06-16T00:27:37.446+0000][975.123s][915][941][info ] Application time: 1.0001053 seconds
[2025-06-16T00:27:37.446+0000][975.123s][915][941][info ] Entering safepoint region: Cleanup
[2025-06-16T00:27:37.446+0000][975.123s][915][941][info ] Leaving safepoint region
[2025-06-16T00:27:37.446+0000][975.123s][915][941][info ] Total time for which application threads were stopped: 0.0002723 seconds, Stopping threads took: 0.0000946 seconds
[2025-06-16T00:27:38.446+0000][976.124s][915][941][info ] Application time: 1.0000939 seconds
[2025-06-16T00:27:38.446+0000][976.124s][915][941][info ] Entering safepoint region: Cleanup
[2025-06-16T00:27:38.446+0000][976.124s][915][941][info ] Leaving safepoint region
[2025-06-16T00:27:38.446+0000][976.124s][915][941][info ] Total time for which application threads were stopped: 0.0002322 seconds, Stopping threads took: 0.0000490 seconds
[2025-06-16T00:27:39.447+0000][977.124s][915][941][info ] Application time: 1.0001088 seconds
[2025-06-16T00:27:39.447+0000][977.124s][915][941][info ] Entering safepoint region: Cleanup
[2025-06-16T00:27:39.447+0000][977.124s][915][941][info ] Leaving safepoint region
[2025-06-16T00:27:39.447+0000][977.124s][915][941][info ] Total time for which application threads were stopped: 0.0002465 seconds, Stopping threads took: 0.0000544 seconds
[2025-06-16T00:27:40.447+0000][978.125s][915][941][info ] Application time: 1.0001015 seconds
[2025-06-16T00:27:40.447+0000][978.125s][915][941][info ] Entering safepoint region: Cleanup
[2025-06-16T00:27:40.447+0000][978.125s][915][941][info ] Leaving safepoint region
[2025-06-16T00:27:40.447+0000][978.125s][915][941][info ] Total time for which application threads were stopped: 0.0002151 seconds, Stopping threads took: 0.0000469 seconds
[2025-06-16T00:27:41.447+0000][979.125s][915][941][info ] Application time: 1.0001037 seconds
[2025-06-16T00:27:41.448+0000][979.125s][915][941][info ] Entering safepoint region: Cleanup
[2025-06-16T00:27:41.448+0000][979.125s][915][941][info ] Leaving safepoint region
[2025-06-16T00:27:41.448+0000][979.125s][915][941][info ] Total time for which application threads were stopped: 0.0002376 seconds, Stopping threads took: 0.0000480 seconds
[2025-06-16T00:27:42.448+0000][980.125s][915][941][info ] Application time: 1.0001079 seconds
[2025-06-16T00:27:42.448+0000][980.125s][915][941][info ] Entering safepoint region: Cleanup
[2025-06-16T00:27:42.448+0000][980.126s][915][941][info ] Leaving safepoint region
[2025-06-16T00:27:42.448+0000][980.126s][915][941][info ] Total time for which application threads were stopped: 0.0002163 seconds, Stopping threads took: 0.0000491 seconds
[2025-06-16T00:27:43.448+0000][981.126s][915][941][info ] Application time: 1.0000902 seconds
[2025-06-16T00:27:43.448+0000][981.126s][915][941][info ] Entering safepoint region: Cleanup
[2025-06-16T00:27:43.448+0000][981.126s][915][941][info ] Leaving safepoint region
[2025-06-16T00:27:43.449+0000][981.126s][915][941][info ] Total time for which application threads were stopped: 0.0002096 seconds, Stopping threads took: 0.0000439 seconds
[2025-06-16T00:27:44.041+0000][981.718s][915][940][trace] CMS: promo attempt is safe: available(6912212992) >= av_promo(0), max_promo(819278352)
[2025-06-16T00:27:44.449+0000][982.126s][915][941][info ] Application time: 1.0001151 seconds
[2025-06-16T00:27:44.449+0000][982.126s][915][941][info ] Entering safepoint region: Cleanup
[2025-06-16T00:27:44.449+0000][982.126s][915][941][info ] Leaving safepoint region
[2025-06-16T00:27:44.449+0000][982.126s][915][941][info ] Total time for which application threads were stopped: 0.0002471 seconds, Stopping threads took: 0.0000595 seconds
[2025-06-16T00:27:45.449+0000][983.127s][915][941][info ] Application time: 1.0000958 seconds
[2025-06-16T00:27:45.449+0000][983.127s][915][941][info ] Entering safepoint region: Cleanup
[2025-06-16T00:27:45.449+0000][983.127s][915][941][info ] Leaving safepoint region
[2025-06-16T00:27:45.449+0000][983.127s][915][941][info ] Total time for which application threads were stopped: 0.0002665 seconds, Stopping threads took: 0.0000681 seconds
[2025-06-16T00:27:46.450+0000][984.127s][915][941][info ] Application time: 1.0001287 seconds
[2025-06-16T00:27:46.450+0000][984.127s][915][941][info ] Entering safepoint region: Cleanup
[2025-06-16T00:27:46.450+0000][984.127s][915][941][info ] Leaving safepoint region
[2025-06-16T00:27:46.450+0000][984.127s][915][941][info ] Total time for which application threads were stopped: 0.0002656 seconds, Stopping threads took: 0.0000509 seconds
[2025-06-16T00:27:47.450+0000][985.128s][915][941][info ] Application time: 1.0001171 seconds
[2025-06-16T00:27:47.450+0000][985.128s][915][941][info ] Entering safepoint region: Cleanup
[2025-06-16T00:27:47.450+0000][985.128s][915][941][info ] Leaving safepoint region
[2025-06-16T00:27:47.450+0000][985.128s][915][941][info ] Total time for which application threads were stopped: 0.0002239 seconds, Stopping threads took: 0.0000408 seconds
[2025-06-16T00:27:48.450+0000][986.128s][915][941][info ] Application time: 1.0000872 seconds
[2025-06-16T00:27:48.451+0000][986.128s][915][941][info ] Entering safepoint region: Cleanup
[2025-06-16T00:27:48.451+0000][986.128s][915][941][info ] Leaving safepoint region
[2025-06-16T00:27:48.451+0000][986.128s][915][941][info ] Total time for which application threads were stopped: 0.0002608 seconds, Stopping threads took: 0.0000419 seconds
[2025-06-16T00:27:49.451+0000][987.128s][915][941][info ] Application time: 1.0001385 seconds
[2025-06-16T00:27:49.451+0000][987.129s][915][941][info ] Entering safepoint region: Cleanup
[2025-06-16T00:27:49.451+0000][987.129s][915][941][info ] Leaving safepoint region
[2025-06-16T00:27:49.451+0000][987.129s][915][941][info ] Total time for which application threads were stopped: 0.0002298 seconds, Stopping threads took: 0.0000493 seconds
[2025-06-16T00:27:50.451+0000][988.129s][915][941][info ] Application time: 1.0001045 seconds
[2025-06-16T00:27:50.452+0000][988.129s][915][941][info ] Entering safepoint region: Cleanup
[2025-06-16T00:27:50.452+0000][988.129s][915][941][info ] Leaving safepoint region
[2025-06-16T00:27:50.452+0000][988.129s][915][941][info ] Total time for which application threads were stopped: 0.0002556 seconds, Stopping threads took: 0.0000553 seconds
[2025-06-16T00:27:51.452+0000][989.129s][915][941][info ] Application time: 1.0001481 seconds
[2025-06-16T00:27:51.452+0000][989.129s][915][941][info ] Entering safepoint region: Cleanup
[2025-06-16T00:27:51.452+0000][989.130s][915][941][info ] Leaving safepoint region
[2025-06-16T00:27:51.452+0000][989.130s][915][941][info ] Total time for which application threads were stopped: 0.0001705 seconds, Stopping threads took: 0.0000362 seconds
[2025-06-16T00:27:52.452+0000][990.130s][915][941][info ] Application time: 1.0001215 seconds
[2025-06-16T00:27:52.452+0000][990.130s][915][941][info ] Entering safepoint region: Cleanup
[2025-06-16T00:27:52.453+0000][990.130s][915][941][info ] Leaving safepoint region
[2025-06-16T00:27:52.453+0000][990.130s][915][941][info ] Total time for which application threads were stopped: 0.0003462 seconds, Stopping threads took: 0.0000862 seconds
[2025-06-16T00:27:53.453+0000][991.130s][915][941][info ] Application time: 1.0001145 seconds
[2025-06-16T00:27:53.453+0000][991.131s][915][941][info ] Entering safepoint region: Cleanup
[2025-06-16T00:27:53.453+0000][991.131s][915][941][info ] Leaving safepoint region
[2025-06-16T00:27:53.453+0000][991.131s][915][941][info ] Total time for which application threads were stopped: 0.0002633 seconds, Stopping threads took: 0.0000526 seconds
[2025-06-16T00:27:54.040+0000][991.718s][915][940][trace] CMS: promo attempt is safe: available(6912212992) >= av_promo(0), max_promo(819278352)
[2025-06-16T00:27:54.453+0000][992.131s][915][941][info ] Application time: 1.0001114 seconds
[2025-06-16T00:27:54.453+0000][992.131s][915][941][info ] Entering safepoint region: Cleanup
[2025-06-16T00:27:54.454+0000][992.131s][915][941][info ] Leaving safepoint region
[2025-06-16T00:27:54.454+0000][992.131s][915][941][info ] Total time for which application threads were stopped: 0.0002217 seconds, Stopping threads took: 0.0000427 seconds
[2025-06-16T00:27:55.454+0000][993.131s][915][941][info ] Application time: 1.0001317 seconds
[2025-06-16T00:27:55.454+0000][993.131s][915][941][info ] Entering safepoint region: Cleanup
[2025-06-16T00:27:55.454+0000][993.132s][915][941][info ] Leaving safepoint region
[2025-06-16T00:27:55.454+0000][993.132s][915][941][info ] Total time for which application threads were stopped: 0.0002929 seconds, Stopping threads took: 0.0000551 seconds
[2025-06-16T00:27:56.454+0000][994.132s][915][941][info ] Application time: 1.0001122 seconds
[2025-06-16T00:27:56.454+0000][994.132s][915][941][info ] Entering safepoint region: Cleanup
[2025-06-16T00:27:56.455+0000][994.132s][915][941][info ] Leaving safepoint region
[2025-06-16T00:27:56.455+0000][994.132s][915][941][info ] Total time for which application threads were stopped: 0.0002726 seconds, Stopping threads took: 0.0000664 seconds
[2025-06-16T00:27:57.455+0000][995.132s][915][941][info ] Application time: 1.0000933 seconds
[2025-06-16T00:27:57.455+0000][995.132s][915][941][info ] Entering safepoint region: Cleanup
[2025-06-16T00:27:57.455+0000][995.133s][915][941][info ] Leaving safepoint region
[2025-06-16T00:27:57.455+0000][995.133s][915][941][info ] Total time for which application threads were stopped: 0.0002516 seconds, Stopping threads took: 0.0000537 seconds
[2025-06-16T00:27:58.455+0000][996.133s][915][941][info ] Application time: 1.0000958 seconds
[2025-06-16T00:27:58.455+0000][996.133s][915][941][info ] Entering safepoint region: Cleanup
[2025-06-16T00:27:58.456+0000][996.133s][915][941][info ] Leaving safepoint region
[2025-06-16T00:27:58.456+0000][996.133s][915][941][info ] Total time for which application threads were stopped: 0.0002884 seconds, Stopping threads took: 0.0000527 seconds
[2025-06-16T00:27:59.456+0000][997.133s][915][941][info ] Application time: 1.0000939 seconds
[2025-06-16T00:27:59.456+0000][997.133s][915][941][info ] Entering safepoint region: Cleanup
[2025-06-16T00:27:59.456+0000][997.134s][915][941][info ] Leaving safepoint region
[2025-06-16T00:27:59.456+0000][997.134s][915][941][info ] Total time for which application threads were stopped: 0.0002273 seconds, Stopping threads took: 0.0000428 seconds
[2025-06-16T00:28:00.456+0000][998.134s][915][941][info ] Application time: 1.0001150 seconds
[2025-06-16T00:28:00.456+0000][998.134s][915][941][info ] Entering safepoint region: Cleanup
[2025-06-16T00:28:00.456+0000][998.134s][915][941][info ] Leaving safepoint region
[2025-06-16T00:28:00.456+0000][998.134s][915][941][info ] Total time for which application threads were stopped: 0.0002223 seconds, Stopping threads took: 0.0000373 seconds
[2025-06-16T00:28:01.457+0000][999.134s][915][941][info ] Application time: 1.0000977 seconds
[2025-06-16T00:28:01.457+0000][999.134s][915][941][info ] Entering safepoint region: Cleanup
[2025-06-16T00:28:01.457+0000][999.134s][915][941][info ] Leaving safepoint region
[2025-06-16T00:28:01.457+0000][999.134s][915][941][info ] Total time for which application threads were stopped: 0.0002137 seconds, Stopping threads took: 0.0000501 seconds
[2025-06-16T00:28:02.457+0000][1000.135s][915][941][info ] Application time: 1.0001373 seconds
[2025-06-16T00:28:02.457+0000][1000.135s][915][941][info ] Entering safepoint region: Cleanup
[2025-06-16T00:28:02.457+0000][1000.135s][915][941][info ] Leaving safepoint region
[2025-06-16T00:28:02.457+0000][1000.135s][915][941][info ] Total time for which application threads were stopped: 0.0002400 seconds, Stopping threads took: 0.0000666 seconds
[2025-06-16T00:28:03.458+0000][1001.135s][915][941][info ] Application time: 1.0001224 seconds
[2025-06-16T00:28:03.458+0000][1001.135s][915][941][info ] Entering safepoint region: Cleanup
[2025-06-16T00:28:03.458+0000][1001.135s][915][941][info ] Leaving safepoint region
[2025-06-16T00:28:03.458+0000][1001.135s][915][941][info ] Total time for which application threads were stopped: 0.0002837 seconds, Stopping threads took: 0.0000491 seconds
[2025-06-16T00:28:04.040+0000][1001.718s][915][940][trace] CMS: promo attempt is safe: available(6912212992) >= av_promo(0), max_promo(819278352)
[2025-06-16T00:28:04.458+0000][1002.136s][915][941][info ] Application time: 1.0000990 seconds
[2025-06-16T00:28:04.458+0000][1002.136s][915][941][info ] Entering safepoint region: Cleanup
[2025-06-16T00:28:04.458+0000][1002.136s][915][941][info ] Leaving safepoint region
[2025-06-16T00:28:04.458+0000][1002.136s][915][941][info ] Total time for which application threads were stopped: 0.0002501 seconds, Stopping threads took: 0.0000558 seconds
[2025-06-16T00:28:05.459+0000][1003.136s][915][941][info ] Application time: 1.0001127 seconds
[2025-06-16T00:28:05.459+0000][1003.136s][915][941][info ] Entering safepoint region: Cleanup
[2025-06-16T00:28:05.459+0000][1003.136s][915][941][info ] Leaving safepoint region
[2025-06-16T00:28:05.459+0000][1003.136s][915][941][info ] Total time for which application threads were stopped: 0.0002552 seconds, Stopping threads took: 0.0000508 seconds
[2025-06-16T00:28:06.459+0000][1004.137s][915][941][info ] Application time: 1.0001340 seconds
[2025-06-16T00:28:06.459+0000][1004.137s][915][941][info ] Entering safepoint region: Cleanup
[2025-06-16T00:28:06.459+0000][1004.137s][915][941][info ] Leaving safepoint region
[2025-06-16T00:28:06.459+0000][1004.137s][915][941][info ] Total time for which application threads were stopped: 0.0003074 seconds, Stopping threads took: 0.0000590 seconds
[2025-06-16T00:28:07.460+0000][1005.137s][915][941][info ] Application time: 1.0001086 seconds
[2025-06-16T00:28:07.460+0000][1005.137s][915][941][info ] Entering safepoint region: Cleanup
[2025-06-16T00:28:07.460+0000][1005.137s][915][941][info ] Leaving safepoint region
[2025-06-16T00:28:07.460+0000][1005.137s][915][941][info ] Total time for which application threads were stopped: 0.0001931 seconds, Stopping threads took: 0.0000377 seconds
[2025-06-16T00:28:08.460+0000][1006.137s][915][941][info ] Application time: 1.0001171 seconds
[2025-06-16T00:28:08.460+0000][1006.138s][915][941][info ] Entering safepoint region: Cleanup
[2025-06-16T00:28:08.460+0000][1006.138s][915][941][info ] Leaving safepoint region
[2025-06-16T00:28:08.460+0000][1006.138s][915][941][info ] Total time for which application threads were stopped: 0.0002800 seconds, Stopping threads took: 0.0000717 seconds
[2025-06-16T00:28:09.460+0000][1007.138s][915][941][info ] Application time: 1.0000999 seconds
[2025-06-16T00:28:09.461+0000][1007.138s][915][941][info ] Entering safepoint region: Cleanup
[2025-06-16T00:28:09.461+0000][1007.138s][915][941][info ] Leaving safepoint region
[2025-06-16T00:28:09.461+0000][1007.138s][915][941][info ] Total time for which application threads were stopped: 0.0002271 seconds, Stopping threads took: 0.0000444 seconds
[2025-06-16T00:28:10.461+0000][1008.138s][915][941][info ] Application time: 1.0000918 seconds
[2025-06-16T00:28:10.461+0000][1008.138s][915][941][info ] Entering safepoint region: Cleanup
[2025-06-16T00:28:10.461+0000][1008.139s][915][941][info ] Leaving safepoint region
[2025-06-16T00:28:10.461+0000][1008.139s][915][941][info ] Total time for which application threads were stopped: 0.0002101 seconds, Stopping threads took: 0.0000415 seconds
[2025-06-16T00:28:11.461+0000][1009.139s][915][941][info ] Application time: 1.0001282 seconds
[2025-06-16T00:28:11.461+0000][1009.139s][915][941][info ] Entering safepoint region: Cleanup
[2025-06-16T00:28:11.462+0000][1009.139s][915][941][info ] Leaving safepoint region
[2025-06-16T00:28:11.462+0000][1009.139s][915][941][info ] Total time for which application threads were stopped: 0.0002175 seconds, Stopping threads took: 0.0000564 seconds
[2025-06-16T00:28:12.462+0000][1010.139s][915][941][info ] Application time: 1.0000979 seconds
[2025-06-16T00:28:12.462+0000][1010.139s][915][941][info ] Entering safepoint region: Cleanup
[2025-06-16T00:28:12.462+0000][1010.140s][915][941][info ] Leaving safepoint region
[2025-06-16T00:28:12.462+0000][1010.140s][915][941][info ] Total time for which application threads were stopped: 0.0002309 seconds, Stopping threads took: 0.0000763 seconds
[2025-06-16T00:28:13.462+0000][1011.140s][915][941][info ] Application time: 1.0000909 seconds
[2025-06-16T00:28:13.462+0000][1011.140s][915][941][info ] Entering safepoint region: Cleanup
[2025-06-16T00:28:13.462+0000][1011.140s][915][941][info ] Leaving safepoint region
[2025-06-16T00:28:13.462+0000][1011.140s][915][941][info ] Total time for which application threads were stopped: 0.0001870 seconds, Stopping threads took: 0.0000370 seconds
[2025-06-16T00:28:14.040+0000][1011.717s][915][940][trace] CMS: promo attempt is safe: available(6912212992) >= av_promo(0), max_promo(819278352)
[2025-06-16T00:28:14.463+0000][1012.140s][915][941][info ] Application time: 1.0001543 seconds
[2025-06-16T00:28:14.463+0000][1012.140s][915][941][info ] Entering safepoint region: Cleanup
[2025-06-16T00:28:14.463+0000][1012.140s][915][941][info ] Leaving safepoint region
[2025-06-16T00:28:14.463+0000][1012.140s][915][941][info ] Total time for which application threads were stopped: 0.0001956 seconds, Stopping threads took: 0.0000417 seconds
[2025-06-16T00:28:15.463+0000][1013.140s][915][941][info ] Application time: 1.0000874 seconds
[2025-06-16T00:28:15.463+0000][1013.141s][915][941][info ] Entering safepoint region: Cleanup
[2025-06-16T00:28:15.463+0000][1013.141s][915][941][info ] Leaving safepoint region
[2025-06-16T00:28:15.463+0000][1013.141s][915][941][info ] Total time for which application threads were stopped: 0.0001500 seconds, Stopping threads took: 0.0000325 seconds
[2025-06-16T00:28:16.463+0000][1014.141s][915][941][info ] Application time: 1.0000911 seconds
[2025-06-16T00:28:16.463+0000][1014.141s][915][941][info ] Entering safepoint region: Cleanup
[2025-06-16T00:28:16.463+0000][1014.141s][915][941][info ] Leaving safepoint region
[2025-06-16T00:28:16.464+0000][1014.141s][915][941][info ] Total time for which application threads were stopped: 0.0001591 seconds, Stopping threads took: 0.0000333 seconds
[2025-06-16T00:28:17.464+0000][1015.141s][915][941][info ] Application time: 1.0000933 seconds
[2025-06-16T00:28:17.464+0000][1015.141s][915][941][info ] Entering safepoint region: Cleanup
[2025-06-16T00:28:17.464+0000][1015.141s][915][941][info ] Leaving safepoint region
[2025-06-16T00:28:17.464+0000][1015.141s][915][941][info ] Total time for which application threads were stopped: 0.0001652 seconds, Stopping threads took: 0.0000342 seconds
[2025-06-16T00:28:18.464+0000][1016.141s][915][941][info ] Application time: 1.0001363 seconds
[2025-06-16T00:28:18.464+0000][1016.142s][915][941][info ] Entering safepoint region: Cleanup
[2025-06-16T00:28:18.464+0000][1016.142s][915][941][info ] Leaving safepoint region
[2025-06-16T00:28:18.464+0000][1016.142s][915][941][info ] Total time for which application threads were stopped: 0.0002165 seconds, Stopping threads took: 0.0000528 seconds
[2025-06-16T00:28:19.464+0000][1017.142s][915][941][info ] Application time: 1.0001175 seconds
[2025-06-16T00:28:19.465+0000][1017.142s][915][941][info ] Entering safepoint region: Cleanup
[2025-06-16T00:28:19.465+0000][1017.142s][915][941][info ] Leaving safepoint region
[2025-06-16T00:28:19.465+0000][1017.142s][915][941][info ] Total time for which application threads were stopped: 0.0001924 seconds, Stopping threads took: 0.0000388 seconds
[2025-06-16T00:28:20.465+0000][1018.142s][915][941][info ] Application time: 1.0001336 seconds
[2025-06-16T00:28:20.465+0000][1018.142s][915][941][info ] Entering safepoint region: Cleanup
[2025-06-16T00:28:20.465+0000][1018.143s][915][941][info ] Leaving safepoint region
[2025-06-16T00:28:20.465+0000][1018.143s][915][941][info ] Total time for which application threads were stopped: 0.0002129 seconds, Stopping threads took: 0.0000485 seconds
[2025-06-16T00:28:21.465+0000][1019.143s][915][941][info ] Application time: 1.0001052 seconds
[2025-06-16T00:28:21.465+0000][1019.143s][915][941][info ] Entering safepoint region: Cleanup
[2025-06-16T00:28:21.466+0000][1019.143s][915][941][info ] Leaving safepoint region
[2025-06-16T00:28:21.466+0000][1019.143s][915][941][info ] Total time for which application threads were stopped: 0.0002135 seconds, Stopping threads took: 0.0000551 seconds
[2025-06-16T00:28:22.466+0000][1020.143s][915][941][info ] Application time: 1.0000972 seconds
[2025-06-16T00:28:22.466+0000][1020.143s][915][941][info ] Entering safepoint region: Cleanup
[2025-06-16T00:28:22.466+0000][1020.143s][915][941][info ] Leaving safepoint region
[2025-06-16T00:28:22.466+0000][1020.144s][915][941][info ] Total time for which application threads were stopped: 0.0001830 seconds, Stopping threads took: 0.0000332 seconds
[2025-06-16T00:28:23.466+0000][1021.144s][915][941][info ] Application time: 1.0001254 seconds
[2025-06-16T00:28:23.466+0000][1021.144s][915][941][info ] Entering safepoint region: Cleanup
[2025-06-16T00:28:23.466+0000][1021.144s][915][941][info ] Leaving safepoint region
[2025-06-16T00:28:23.466+0000][1021.144s][915][941][info ] Total time for which application threads were stopped: 0.0001930 seconds, Stopping threads took: 0.0000421 seconds
[2025-06-16T00:28:24.040+0000][1021.717s][915][940][trace] CMS: promo attempt is safe: available(6912212992) >= av_promo(0), max_promo(819278352)
[2025-06-16T00:28:24.467+0000][1022.144s][915][941][info ] Application time: 1.0000895 seconds
[2025-06-16T00:28:24.467+0000][1022.144s][915][941][info ] Entering safepoint region: Cleanup
[2025-06-16T00:28:24.467+0000][1022.144s][915][941][info ] Leaving safepoint region
[2025-06-16T00:28:24.467+0000][1022.144s][915][941][info ] Total time for which application threads were stopped: 0.0001480 seconds, Stopping threads took: 0.0000329 seconds
[2025-06-16T00:28:25.467+0000][1023.144s][915][941][info ] Application time: 1.0000931 seconds
[2025-06-16T00:28:25.467+0000][1023.144s][915][941][info ] Entering safepoint region: Cleanup
[2025-06-16T00:28:25.467+0000][1023.145s][915][941][info ] Leaving safepoint region
[2025-06-16T00:28:25.467+0000][1023.145s][915][941][info ] Total time for which application threads were stopped: 0.0001664 seconds, Stopping threads took: 0.0000368 seconds
[2025-06-16T00:28:26.467+0000][1024.145s][915][941][info ] Application time: 1.0000918 seconds
[2025-06-16T00:28:26.467+0000][1024.145s][915][941][info ] Entering safepoint region: Cleanup
[2025-06-16T00:28:26.467+0000][1024.145s][915][941][info ] Leaving safepoint region
[2025-06-16T00:28:26.467+0000][1024.145s][915][941][info ] Total time for which application threads were stopped: 0.0002273 seconds, Stopping threads took: 0.0000561 seconds
[2025-06-16T00:28:27.468+0000][1025.145s][915][941][info ] Application time: 1.0001014 seconds
[2025-06-16T00:28:27.468+0000][1025.145s][915][941][info ] Entering safepoint region: Cleanup
[2025-06-16T00:28:27.468+0000][1025.145s][915][941][info ] Leaving safepoint region
[2025-06-16T00:28:27.468+0000][1025.145s][915][941][info ] Total time for which application threads were stopped: 0.0001745 seconds, Stopping threads took: 0.0000363 seconds
[2025-06-16T00:28:28.468+0000][1026.145s][915][941][info ] Application time: 1.0001103 seconds
[2025-06-16T00:28:28.468+0000][1026.146s][915][941][info ] Entering safepoint region: Cleanup
[2025-06-16T00:28:28.468+0000][1026.146s][915][941][info ] Leaving safepoint region
[2025-06-16T00:28:28.468+0000][1026.146s][915][941][info ] Total time for which application threads were stopped: 0.0001889 seconds, Stopping threads took: 0.0000421 seconds
[2025-06-16T00:28:29.468+0000][1027.146s][915][941][info ] Application time: 1.0000998 seconds
[2025-06-16T00:28:29.468+0000][1027.146s][915][941][info ] Entering safepoint region: Cleanup
[2025-06-16T00:28:29.469+0000][1027.146s][915][941][info ] Leaving safepoint region
[2025-06-16T00:28:29.469+0000][1027.146s][915][941][info ] Total time for which application threads were stopped: 0.0001959 seconds, Stopping threads took: 0.0000373 seconds
[2025-06-16T00:28:30.469+0000][1028.146s][915][941][info ] Application time: 1.0001084 seconds
[2025-06-16T00:28:30.469+0000][1028.146s][915][941][info ] Entering safepoint region: Cleanup
[2025-06-16T00:28:30.469+0000][1028.147s][915][941][info ] Leaving safepoint region
[2025-06-16T00:28:30.469+0000][1028.147s][915][941][info ] Total time for which application threads were stopped: 0.0001907 seconds, Stopping threads took: 0.0000449 seconds
[2025-06-16T00:28:31.469+0000][1029.147s][915][941][info ] Application time: 1.0000993 seconds
[2025-06-16T00:28:31.469+0000][1029.147s][915][941][info ] Entering safepoint region: Cleanup
[2025-06-16T00:28:31.469+0000][1029.147s][915][941][info ] Leaving safepoint region
[2025-06-16T00:28:31.469+0000][1029.147s][915][941][info ] Total time for which application threads were stopped: 0.0001754 seconds, Stopping threads took: 0.0000406 seconds
[2025-06-16T00:28:32.470+0000][1030.147s][915][941][info ] Application time: 1.0001036 seconds
[2025-06-16T00:28:32.470+0000][1030.147s][915][941][info ] Entering safepoint region: Cleanup
[2025-06-16T00:28:32.470+0000][1030.147s][915][941][info ] Leaving safepoint region
[2025-06-16T00:28:32.470+0000][1030.147s][915][941][info ] Total time for which application threads were stopped: 0.0002734 seconds, Stopping threads took: 0.0000444 seconds
[2025-06-16T00:28:33.470+0000][1031.148s][915][941][info ] Application time: 1.0001026 seconds
[2025-06-16T00:28:33.470+0000][1031.148s][915][941][info ] Entering safepoint region: Cleanup
[2025-06-16T00:28:33.470+0000][1031.148s][915][941][info ] Leaving safepoint region
[2025-06-16T00:28:33.470+0000][1031.148s][915][941][info ] Total time for which application threads were stopped: 0.0001724 seconds, Stopping threads took: 0.0000375 seconds
[2025-06-16T00:28:34.039+0000][1031.717s][915][940][trace] CMS: promo attempt is safe: available(6912212992) >= av_promo(0), max_promo(819278352)
[2025-06-16T00:28:34.470+0000][1032.148s][915][941][info ] Application time: 1.0001029 seconds
[2025-06-16T00:28:34.471+0000][1032.148s][915][941][info ] Entering safepoint region: Cleanup
[2025-06-16T00:28:34.471+0000][1032.148s][915][941][info ] Leaving safepoint region
[2025-06-16T00:28:34.471+0000][1032.148s][915][941][info ] Total time for which application threads were stopped: 0.0002124 seconds, Stopping threads took: 0.0000476 seconds
[2025-06-16T00:28:35.471+0000][1033.148s][915][941][info ] Application time: 1.0001198 seconds
[2025-06-16T00:28:35.471+0000][1033.148s][915][941][info ] Entering safepoint region: Cleanup
[2025-06-16T00:28:35.471+0000][1033.149s][915][941][info ] Leaving safepoint region
[2025-06-16T00:28:35.471+0000][1033.149s][915][941][info ] Total time for which application threads were stopped: 0.0002599 seconds, Stopping threads took: 0.0000539 seconds
[2025-06-16T00:28:36.471+0000][1034.149s][915][941][info ] Application time: 1.0001033 seconds
[2025-06-16T00:28:36.471+0000][1034.149s][915][941][info ] Entering safepoint region: Cleanup
[2025-06-16T00:28:36.472+0000][1034.149s][915][941][info ] Leaving safepoint region
[2025-06-16T00:28:36.472+0000][1034.149s][915][941][info ] Total time for which application threads were stopped: 0.0002067 seconds, Stopping threads took: 0.0000484 seconds
[2025-06-16T00:28:37.472+0000][1035.149s][915][941][info ] Application time: 1.0001231 seconds
[2025-06-16T00:28:37.472+0000][1035.149s][915][941][info ] Entering safepoint region: Cleanup
[2025-06-16T00:28:37.472+0000][1035.150s][915][941][info ] Leaving safepoint region
[2025-06-16T00:28:37.472+0000][1035.150s][915][941][info ] Total time for which application threads were stopped: 0.0002689 seconds, Stopping threads took: 0.0000519 seconds
[2025-06-16T00:28:38.472+0000][1036.150s][915][941][info ] Application time: 1.0001065 seconds
[2025-06-16T00:28:38.472+0000][1036.150s][915][941][info ] Entering safepoint region: Cleanup
[2025-06-16T00:28:38.473+0000][1036.150s][915][941][info ] Leaving safepoint region
[2025-06-16T00:28:38.473+0000][1036.150s][915][941][info ] Total time for which application threads were stopped: 0.0002914 seconds, Stopping threads took: 0.0000678 seconds
[2025-06-16T00:28:39.473+0000][1037.150s][915][941][info ] Application time: 1.0001375 seconds
[2025-06-16T00:28:39.473+0000][1037.150s][915][941][info ] Entering safepoint region: Cleanup
[2025-06-16T00:28:39.473+0000][1037.151s][915][941][info ] Leaving safepoint region
[2025-06-16T00:28:39.473+0000][1037.151s][915][941][info ] Total time for which application threads were stopped: 0.0002371 seconds, Stopping threads took: 0.0000534 seconds
[2025-06-16T00:28:40.473+0000][1038.151s][915][941][info ] Application time: 1.0001293 seconds
[2025-06-16T00:28:40.473+0000][1038.151s][915][941][info ] Entering safepoint region: Cleanup
[2025-06-16T00:28:40.474+0000][1038.151s][915][941][info ] Leaving safepoint region
[2025-06-16T00:28:40.474+0000][1038.151s][915][941][info ] Total time for which application threads were stopped: 0.0001734 seconds, Stopping threads took: 0.0000405 seconds
[2025-06-16T00:28:41.474+0000][1039.151s][915][941][info ] Application time: 1.0001443 seconds
[2025-06-16T00:28:41.474+0000][1039.151s][915][941][info ] Entering safepoint region: Cleanup
[2025-06-16T00:28:41.474+0000][1039.152s][915][941][info ] Leaving safepoint region
[2025-06-16T00:28:41.474+0000][1039.152s][915][941][info ] Total time for which application threads were stopped: 0.0002099 seconds, Stopping threads took: 0.0000445 seconds
[2025-06-16T00:28:42.474+0000][1040.152s][915][941][info ] Application time: 1.0000919 seconds
[2025-06-16T00:28:42.474+0000][1040.152s][915][941][info ] Entering safepoint region: Cleanup
[2025-06-16T00:28:42.474+0000][1040.152s][915][941][info ] Leaving safepoint region
[2025-06-16T00:28:42.474+0000][1040.152s][915][941][info ] Total time for which application threads were stopped: 0.0001734 seconds, Stopping threads took: 0.0000376 seconds
[2025-06-16T00:28:43.475+0000][1041.152s][915][941][info ] Application time: 1.0001031 seconds
[2025-06-16T00:28:43.475+0000][1041.152s][915][941][info ] Entering safepoint region: Cleanup
[2025-06-16T00:28:43.475+0000][1041.152s][915][941][info ] Leaving safepoint region
[2025-06-16T00:28:43.475+0000][1041.152s][915][941][info ] Total time for which application threads were stopped: 0.0001763 seconds, Stopping threads took: 0.0000356 seconds
[2025-06-16T00:28:44.039+0000][1041.716s][915][940][trace] CMS: promo attempt is safe: available(6912212992) >= av_promo(0), max_promo(819278352)
[2025-06-16T00:28:44.475+0000][1042.152s][915][941][info ] Application time: 1.0001168 seconds
[2025-06-16T00:28:44.475+0000][1042.153s][915][941][info ] Entering safepoint region: Cleanup
[2025-06-16T00:28:44.475+0000][1042.153s][915][941][info ] Leaving safepoint region
[2025-06-16T00:28:44.475+0000][1042.153s][915][941][info ] Total time for which application threads were stopped: 0.0001772 seconds, Stopping threads took: 0.0000411 seconds
[2025-06-16T00:28:45.475+0000][1043.153s][915][941][info ] Application time: 1.0001041 seconds
[2025-06-16T00:28:45.475+0000][1043.153s][915][941][info ] Entering safepoint region: Cleanup
[2025-06-16T00:28:45.476+0000][1043.153s][915][941][info ] Leaving safepoint region
[2025-06-16T00:28:45.476+0000][1043.153s][915][941][info ] Total time for which application threads were stopped: 0.0001870 seconds, Stopping threads took: 0.0000502 seconds
[2025-06-16T00:28:46.476+0000][1044.153s][915][941][info ] Application time: 1.0001088 seconds
[2025-06-16T00:28:46.476+0000][1044.153s][915][941][info ] Entering safepoint region: Cleanup
[2025-06-16T00:28:46.476+0000][1044.153s][915][941][info ] Leaving safepoint region
[2025-06-16T00:28:46.476+0000][1044.153s][915][941][info ] Total time for which application threads were stopped: 0.0002137 seconds, Stopping threads took: 0.0000595 seconds
[2025-06-16T00:28:47.476+0000][1045.154s][915][941][info ] Application time: 1.0001227 seconds
[2025-06-16T00:28:47.476+0000][1045.154s][915][941][info ] Entering safepoint region: Cleanup
[2025-06-16T00:28:47.476+0000][1045.154s][915][941][info ] Leaving safepoint region
[2025-06-16T00:28:47.476+0000][1045.154s][915][941][info ] Total time for which application threads were stopped: 0.0001932 seconds, Stopping threads took: 0.0000407 seconds
[2025-06-16T00:28:48.477+0000][1046.154s][915][941][info ] Application time: 1.0001065 seconds
[2025-06-16T00:28:48.477+0000][1046.154s][915][941][info ] Entering safepoint region: Cleanup
[2025-06-16T00:28:48.477+0000][1046.154s][915][941][info ] Leaving safepoint region
[2025-06-16T00:28:48.477+0000][1046.154s][915][941][info ] Total time for which application threads were stopped: 0.0002022 seconds, Stopping threads took: 0.0000434 seconds
[2025-06-16T00:28:49.477+0000][1047.154s][915][941][info ] Application time: 1.0001066 seconds
[2025-06-16T00:28:49.477+0000][1047.155s][915][941][info ] Entering safepoint region: Cleanup
[2025-06-16T00:28:49.477+0000][1047.155s][915][941][info ] Leaving safepoint region
[2025-06-16T00:28:49.477+0000][1047.155s][915][941][info ] Total time for which application threads were stopped: 0.0001859 seconds, Stopping threads took: 0.0000423 seconds
[2025-06-16T00:28:50.477+0000][1048.155s][915][941][info ] Application time: 1.0001154 seconds
[2025-06-16T00:28:50.477+0000][1048.155s][915][941][info ] Entering safepoint region: Cleanup
[2025-06-16T00:28:50.478+0000][1048.155s][915][941][info ] Leaving safepoint region
[2025-06-16T00:28:50.478+0000][1048.155s][915][941][info ] Total time for which application threads were stopped: 0.0001949 seconds, Stopping threads took: 0.0000401 seconds
[2025-06-16T00:28:51.478+0000][1049.155s][915][941][info ] Application time: 1.0000841 seconds
[2025-06-16T00:28:51.478+0000][1049.155s][915][941][info ] Entering safepoint region: Cleanup
[2025-06-16T00:28:51.478+0000][1049.155s][915][941][info ] Leaving safepoint region
[2025-06-16T00:28:51.478+0000][1049.155s][915][941][info ] Total time for which application threads were stopped: 0.0001968 seconds, Stopping threads took: 0.0000531 seconds
[2025-06-16T00:28:52.478+0000][1050.156s][915][941][info ] Application time: 1.0000996 seconds
[2025-06-16T00:28:52.478+0000][1050.156s][915][941][info ] Entering safepoint region: Cleanup
[2025-06-16T00:28:52.478+0000][1050.156s][915][941][info ] Leaving safepoint region
[2025-06-16T00:28:52.478+0000][1050.156s][915][941][info ] Total time for which application threads were stopped: 0.0001844 seconds, Stopping threads took: 0.0000398 seconds
[2025-06-16T00:28:53.479+0000][1051.156s][915][941][info ] Application time: 1.0001178 seconds
[2025-06-16T00:28:53.479+0000][1051.156s][915][941][info ] Entering safepoint region: Cleanup
[2025-06-16T00:28:53.479+0000][1051.156s][915][941][info ] Leaving safepoint region
[2025-06-16T00:28:53.479+0000][1051.156s][915][941][info ] Total time for which application threads were stopped: 0.0002127 seconds, Stopping threads took: 0.0000493 seconds
[2025-06-16T00:28:54.038+0000][1051.716s][915][940][trace] CMS: promo attempt is safe: available(6912212992) >= av_promo(0), max_promo(821718696)
[2025-06-16T00:28:54.479+0000][1052.156s][915][941][info ] Application time: 1.0001159 seconds
[2025-06-16T00:28:54.479+0000][1052.157s][915][941][info ] Entering safepoint region: Cleanup
[2025-06-16T00:28:54.479+0000][1052.157s][915][941][info ] Leaving safepoint region
[2025-06-16T00:28:54.479+0000][1052.157s][915][941][info ] Total time for which application threads were stopped: 0.0001897 seconds, Stopping threads took: 0.0000431 seconds
[2025-06-16T00:28:55.479+0000][1053.157s][915][941][info ] Application time: 1.0001342 seconds
[2025-06-16T00:28:55.479+0000][1053.157s][915][941][info ] Entering safepoint region: Cleanup
[2025-06-16T00:28:55.480+0000][1053.157s][915][941][info ] Leaving safepoint region
[2025-06-16T00:28:55.480+0000][1053.157s][915][941][info ] Total time for which application threads were stopped: 0.0002017 seconds, Stopping threads took: 0.0000382 seconds
[2025-06-16T00:28:56.480+0000][1054.157s][915][941][info ] Application time: 1.0001071 seconds
[2025-06-16T00:28:56.480+0000][1054.157s][915][941][info ] Entering safepoint region: Cleanup
[2025-06-16T00:28:56.480+0000][1054.158s][915][941][info ] Leaving safepoint region
[2025-06-16T00:28:56.480+0000][1054.158s][915][941][info ] Total time for which application threads were stopped: 0.0002378 seconds, Stopping threads took: 0.0000710 seconds
[2025-06-16T00:28:57.480+0000][1055.158s][915][941][info ] Application time: 1.0001118 seconds
[2025-06-16T00:28:57.480+0000][1055.158s][915][941][info ] Entering safepoint region: Cleanup
[2025-06-16T00:28:57.480+0000][1055.158s][915][941][info ] Leaving safepoint region
[2025-06-16T00:28:57.481+0000][1055.158s][915][941][info ] Total time for which application threads were stopped: 0.0002030 seconds, Stopping threads took: 0.0000636 seconds
[2025-06-16T00:28:58.481+0000][1056.158s][915][941][info ] Application time: 1.0001066 seconds
[2025-06-16T00:28:58.481+0000][1056.158s][915][941][info ] Entering safepoint region: Cleanup
[2025-06-16T00:28:58.481+0000][1056.158s][915][941][info ] Leaving safepoint region
[2025-06-16T00:28:58.481+0000][1056.158s][915][941][info ] Total time for which application threads were stopped: 0.0002184 seconds, Stopping threads took: 0.0000412 seconds
[2025-06-16T00:28:59.481+0000][1057.159s][915][941][info ] Application time: 1.0000940 seconds
[2025-06-16T00:28:59.481+0000][1057.159s][915][941][info ] Entering safepoint region: Cleanup
[2025-06-16T00:28:59.481+0000][1057.159s][915][941][info ] Leaving safepoint region
[2025-06-16T00:28:59.481+0000][1057.159s][915][941][info ] Total time for which application threads were stopped: 0.0001743 seconds, Stopping threads took: 0.0000381 seconds
[2025-06-16T00:29:00.481+0000][1058.159s][915][941][info ] Application time: 1.0000925 seconds
[2025-06-16T00:29:00.482+0000][1058.159s][915][941][info ] Entering safepoint region: Cleanup
[2025-06-16T00:29:00.482+0000][1058.159s][915][941][info ] Leaving safepoint region
[2025-06-16T00:29:00.482+0000][1058.159s][915][941][info ] Total time for which application threads were stopped: 0.0001700 seconds, Stopping threads took: 0.0000369 seconds
[2025-06-16T00:29:01.482+0000][1059.159s][915][941][info ] Application time: 1.0001156 seconds
[2025-06-16T00:29:01.482+0000][1059.159s][915][941][info ] Entering safepoint region: Cleanup
[2025-06-16T00:29:01.482+0000][1059.160s][915][941][info ] Leaving safepoint region
[2025-06-16T00:29:01.482+0000][1059.160s][915][941][info ] Total time for which application threads were stopped: 0.0002106 seconds, Stopping threads took: 0.0000472 seconds
[2025-06-16T00:29:02.482+0000][1060.160s][915][941][info ] Application time: 1.0001095 seconds
[2025-06-16T00:29:02.482+0000][1060.160s][915][941][info ] Entering safepoint region: Cleanup
[2025-06-16T00:29:02.483+0000][1060.160s][915][941][info ] Leaving safepoint region
[2025-06-16T00:29:02.483+0000][1060.160s][915][941][info ] Total time for which application threads were stopped: 0.0002469 seconds, Stopping threads took: 0.0000471 seconds
[2025-06-16T00:29:03.483+0000][1061.160s][915][941][info ] Application time: 1.0001230 seconds
[2025-06-16T00:29:03.483+0000][1061.160s][915][941][info ] Entering safepoint region: Cleanup
[2025-06-16T00:29:03.483+0000][1061.160s][915][941][info ] Leaving safepoint region
[2025-06-16T00:29:03.483+0000][1061.160s][915][941][info ] Total time for which application threads were stopped: 0.0002103 seconds, Stopping threads took: 0.0000405 seconds
[2025-06-16T00:29:04.038+0000][1061.716s][915][940][trace] CMS: promo attempt is safe: available(6912212992) >= av_promo(0), max_promo(821718696)
[2025-06-16T00:29:04.483+0000][1062.161s][915][941][info ] Application time: 1.0001107 seconds
[2025-06-16T00:29:04.483+0000][1062.161s][915][941][info ] Entering safepoint region: Cleanup
[2025-06-16T00:29:04.483+0000][1062.161s][915][941][info ] Leaving safepoint region
[2025-06-16T00:29:04.483+0000][1062.161s][915][941][info ] Total time for which application threads were stopped: 0.0002223 seconds, Stopping threads took: 0.0000553 seconds
[2025-06-16T00:29:05.484+0000][1063.161s][915][941][info ] Application time: 1.0000904 seconds
[2025-06-16T00:29:05.484+0000][1063.161s][915][941][info ] Entering safepoint region: Cleanup
[2025-06-16T00:29:05.484+0000][1063.161s][915][941][info ] Leaving safepoint region
[2025-06-16T00:29:05.484+0000][1063.161s][915][941][info ] Total time for which application threads were stopped: 0.0001598 seconds, Stopping threads took: 0.0000353 seconds
[2025-06-16T00:29:06.484+0000][1064.161s][915][941][info ] Application time: 1.0001239 seconds
[2025-06-16T00:29:06.484+0000][1064.162s][915][941][info ] Entering safepoint region: Cleanup
[2025-06-16T00:29:06.484+0000][1064.162s][915][941][info ] Leaving safepoint region
[2025-06-16T00:29:06.484+0000][1064.162s][915][941][info ] Total time for which application threads were stopped: 0.0002203 seconds, Stopping threads took: 0.0000588 seconds
[2025-06-16T00:29:07.484+0000][1065.162s][915][941][info ] Application time: 1.0001268 seconds
[2025-06-16T00:29:07.484+0000][1065.162s][915][941][info ] Entering safepoint region: Cleanup
[2025-06-16T00:29:07.485+0000][1065.162s][915][941][info ] Leaving safepoint region
[2025-06-16T00:29:07.485+0000][1065.162s][915][941][info ] Total time for which application threads were stopped: 0.0001768 seconds, Stopping threads took: 0.0000350 seconds
[2025-06-16T00:29:08.485+0000][1066.162s][915][941][info ] Application time: 1.0001025 seconds
[2025-06-16T00:29:08.485+0000][1066.162s][915][941][info ] Entering safepoint region: Cleanup
[2025-06-16T00:29:08.485+0000][1066.162s][915][941][info ] Leaving safepoint region
[2025-06-16T00:29:08.485+0000][1066.162s][915][941][info ] Total time for which application threads were stopped: 0.0001928 seconds, Stopping threads took: 0.0000433 seconds
[2025-06-16T00:29:09.485+0000][1067.163s][915][941][info ] Application time: 1.0001075 seconds
[2025-06-16T00:29:09.485+0000][1067.163s][915][941][info ] Entering safepoint region: Cleanup
[2025-06-16T00:29:09.485+0000][1067.163s][915][941][info ] Leaving safepoint region
[2025-06-16T00:29:09.485+0000][1067.163s][915][941][info ] Total time for which application threads were stopped: 0.0001673 seconds, Stopping threads took: 0.0000357 seconds
[2025-06-16T00:29:10.485+0000][1068.163s][915][941][info ] Application time: 1.0000872 seconds
[2025-06-16T00:29:10.486+0000][1068.163s][915][941][info ] Entering safepoint region: Cleanup
[2025-06-16T00:29:10.486+0000][1068.163s][915][941][info ] Leaving safepoint region
[2025-06-16T00:29:10.486+0000][1068.163s][915][941][info ] Total time for which application threads were stopped: 0.0001762 seconds, Stopping threads took: 0.0000435 seconds
[2025-06-16T00:29:11.486+0000][1069.163s][915][941][info ] Application time: 1.0001274 seconds
[2025-06-16T00:29:11.486+0000][1069.163s][915][941][info ] Entering safepoint region: Cleanup
[2025-06-16T00:29:11.486+0000][1069.164s][915][941][info ] Leaving safepoint region
[2025-06-16T00:29:11.486+0000][1069.164s][915][941][info ] Total time for which application threads were stopped: 0.0001777 seconds, Stopping threads took: 0.0000357 seconds
[2025-06-16T00:29:12.486+0000][1070.164s][915][941][info ] Application time: 1.0000704 seconds
[2025-06-16T00:29:12.486+0000][1070.164s][915][941][info ] Entering safepoint region: Cleanup
[2025-06-16T00:29:12.486+0000][1070.164s][915][941][info ] Leaving safepoint region
[2025-06-16T00:29:12.486+0000][1070.164s][915][941][info ] Total time for which application threads were stopped: 0.0001989 seconds, Stopping threads took: 0.0000455 seconds
[2025-06-16T00:29:13.487+0000][1071.164s][915][941][info ] Application time: 1.0000928 seconds
[2025-06-16T00:29:13.487+0000][1071.164s][915][941][info ] Entering safepoint region: Cleanup
[2025-06-16T00:29:13.487+0000][1071.164s][915][941][info ] Leaving safepoint region
[2025-06-16T00:29:13.487+0000][1071.164s][915][941][info ] Total time for which application threads were stopped: 0.0001840 seconds, Stopping threads took: 0.0000394 seconds
[2025-06-16T00:29:14.038+0000][1071.716s][915][940][trace] CMS: promo attempt is safe: available(6912212992) >= av_promo(0), max_promo(821718696)
[2025-06-16T00:29:14.487+0000][1072.164s][915][941][info ] Application time: 1.0000867 seconds
[2025-06-16T00:29:14.487+0000][1072.165s][915][941][info ] Entering safepoint region: Cleanup
[2025-06-16T00:29:14.487+0000][1072.165s][915][941][info ] Leaving safepoint region
[2025-06-16T00:29:14.487+0000][1072.165s][915][941][info ] Total time for which application threads were stopped: 0.0001749 seconds, Stopping threads took: 0.0000411 seconds
[2025-06-16T00:29:15.487+0000][1073.165s][915][941][info ] Application time: 1.0001068 seconds
[2025-06-16T00:29:15.487+0000][1073.165s][915][941][info ] Entering safepoint region: Cleanup
[2025-06-16T00:29:15.488+0000][1073.165s][915][941][info ] Leaving safepoint region
[2025-06-16T00:29:15.488+0000][1073.165s][915][941][info ] Total time for which application threads were stopped: 0.0001846 seconds, Stopping threads took: 0.0000473 seconds
[2025-06-16T00:29:16.488+0000][1074.165s][915][941][info ] Application time: 1.0001004 seconds
[2025-06-16T00:29:16.488+0000][1074.165s][915][941][info ] Entering safepoint region: Cleanup
[2025-06-16T00:29:16.488+0000][1074.165s][915][941][info ] Leaving safepoint region
[2025-06-16T00:29:16.488+0000][1074.165s][915][941][info ] Total time for which application threads were stopped: 0.0001969 seconds, Stopping threads took: 0.0000424 seconds
[2025-06-16T00:29:17.488+0000][1075.166s][915][941][info ] Application time: 1.0001320 seconds
[2025-06-16T00:29:17.488+0000][1075.166s][915][941][info ] Entering safepoint region: Cleanup
[2025-06-16T00:29:17.488+0000][1075.166s][915][941][info ] Leaving safepoint region
[2025-06-16T00:29:17.488+0000][1075.166s][915][941][info ] Total time for which application threads were stopped: 0.0001749 seconds, Stopping threads took: 0.0000361 seconds
[2025-06-16T00:29:18.488+0000][1076.166s][915][941][info ] Application time: 1.0000934 seconds
[2025-06-16T00:29:18.489+0000][1076.166s][915][941][info ] Entering safepoint region: Cleanup
[2025-06-16T00:29:18.489+0000][1076.166s][915][941][info ] Leaving safepoint region
[2025-06-16T00:29:18.489+0000][1076.166s][915][941][info ] Total time for which application threads were stopped: 0.0001755 seconds, Stopping threads took: 0.0000467 seconds
[2025-06-16T00:29:19.489+0000][1077.166s][915][941][info ] Application time: 1.0001017 seconds
[2025-06-16T00:29:19.489+0000][1077.166s][915][941][info ] Entering safepoint region: Cleanup
[2025-06-16T00:29:19.489+0000][1077.167s][915][941][info ] Leaving safepoint region
[2025-06-16T00:29:19.489+0000][1077.167s][915][941][info ] Total time for which application threads were stopped: 0.0001719 seconds, Stopping threads took: 0.0000390 seconds
[2025-06-16T00:29:20.489+0000][1078.167s][915][941][info ] Application time: 1.0001249 seconds
[2025-06-16T00:29:20.489+0000][1078.167s][915][941][info ] Entering safepoint region: Cleanup
[2025-06-16T00:29:20.489+0000][1078.167s][915][941][info ] Leaving safepoint region
[2025-06-16T00:29:20.489+0000][1078.167s][915][941][info ] Total time for which application threads were stopped: 0.0001866 seconds, Stopping threads took: 0.0000475 seconds
[2025-06-16T00:29:21.490+0000][1079.167s][915][941][info ] Application time: 1.0001269 seconds
[2025-06-16T00:29:21.490+0000][1079.167s][915][941][info ] Entering safepoint region: Cleanup
[2025-06-16T00:29:21.490+0000][1079.167s][915][941][info ] Leaving safepoint region
[2025-06-16T00:29:21.490+0000][1079.167s][915][941][info ] Total time for which application threads were stopped: 0.0002293 seconds, Stopping threads took: 0.0000657 seconds
[2025-06-16T00:29:22.490+0000][1080.168s][915][941][info ] Application time: 1.0001240 seconds
[2025-06-16T00:29:22.490+0000][1080.168s][915][941][info ] Entering safepoint region: Cleanup
[2025-06-16T00:29:22.490+0000][1080.168s][915][941][info ] Leaving safepoint region
[2025-06-16T00:29:22.490+0000][1080.168s][915][941][info ] Total time for which application threads were stopped: 0.0002076 seconds, Stopping threads took: 0.0000653 seconds
[2025-06-16T00:29:23.491+0000][1081.168s][915][941][info ] Application time: 1.0000934 seconds
[2025-06-16T00:29:23.491+0000][1081.168s][915][941][info ] Entering safepoint region: Cleanup
[2025-06-16T00:29:23.491+0000][1081.168s][915][941][info ] Leaving safepoint region
[2025-06-16T00:29:23.491+0000][1081.168s][915][941][info ] Total time for which application threads were stopped: 0.0001812 seconds, Stopping threads took: 0.0000440 seconds
[2025-06-16T00:29:24.038+0000][1081.715s][915][940][trace] CMS: promo attempt is safe: available(6912212992) >= av_promo(0), max_promo(821718696)
[2025-06-16T00:29:24.491+0000][1082.168s][915][941][info ] Application time: 1.0000942 seconds
[2025-06-16T00:29:24.491+0000][1082.168s][915][941][info ] Entering safepoint region: Cleanup
[2025-06-16T00:29:24.491+0000][1082.169s][915][941][info ] Leaving safepoint region
[2025-06-16T00:29:24.491+0000][1082.169s][915][941][info ] Total time for which application threads were stopped: 0.0002230 seconds, Stopping threads took: 0.0000369 seconds
[2025-06-16T00:29:25.491+0000][1083.169s][915][941][info ] Application time: 1.0001179 seconds
[2025-06-16T00:29:25.491+0000][1083.169s][915][941][info ] Entering safepoint region: Cleanup
[2025-06-16T00:29:25.492+0000][1083.169s][915][941][info ] Leaving safepoint region
[2025-06-16T00:29:25.492+0000][1083.169s][915][941][info ] Total time for which application threads were stopped: 0.0002084 seconds, Stopping threads took: 0.0000425 seconds
[2025-06-16T00:29:26.492+0000][1084.169s][915][941][info ] Application time: 1.0000915 seconds
[2025-06-16T00:29:26.492+0000][1084.169s][915][941][info ] Entering safepoint region: Cleanup
[2025-06-16T00:29:26.492+0000][1084.169s][915][941][info ] Leaving safepoint region
[2025-06-16T00:29:26.492+0000][1084.169s][915][941][info ] Total time for which application threads were stopped: 0.0001619 seconds, Stopping threads took: 0.0000349 seconds
[2025-06-16T00:29:27.492+0000][1085.170s][915][941][info ] Application time: 1.0001030 seconds
[2025-06-16T00:29:27.492+0000][1085.170s][915][941][info ] Entering safepoint region: Cleanup
[2025-06-16T00:29:27.492+0000][1085.170s][915][941][info ] Leaving safepoint region
[2025-06-16T00:29:27.492+0000][1085.170s][915][941][info ] Total time for which application threads were stopped: 0.0002045 seconds, Stopping threads took: 0.0000485 seconds
[2025-06-16T00:29:28.493+0000][1086.170s][915][941][info ] Application time: 1.0001863 seconds
[2025-06-16T00:29:28.493+0000][1086.170s][915][941][info ] Entering safepoint region: Cleanup
[2025-06-16T00:29:28.493+0000][1086.170s][915][941][info ] Leaving safepoint region
[2025-06-16T00:29:28.493+0000][1086.170s][915][941][info ] Total time for which application threads were stopped: 0.0001903 seconds, Stopping threads took: 0.0000449 seconds
[2025-06-16T00:29:29.493+0000][1087.170s][915][941][info ] Application time: 1.0001089 seconds
[2025-06-16T00:29:29.493+0000][1087.171s][915][941][info ] Entering safepoint region: Cleanup
[2025-06-16T00:29:29.493+0000][1087.171s][915][941][info ] Leaving safepoint region
[2025-06-16T00:29:29.493+0000][1087.171s][915][941][info ] Total time for which application threads were stopped: 0.0001700 seconds, Stopping threads took: 0.0000394 seconds
[2025-06-16T00:29:30.493+0000][1088.171s][915][941][info ] Application time: 1.0001126 seconds
[2025-06-16T00:29:30.493+0000][1088.171s][915][941][info ] Entering safepoint region: Cleanup
[2025-06-16T00:29:30.494+0000][1088.171s][915][941][info ] Leaving safepoint region
[2025-06-16T00:29:30.494+0000][1088.171s][915][941][info ] Total time for which application threads were stopped: 0.0002403 seconds, Stopping threads took: 0.0000490 seconds
[2025-06-16T00:29:31.494+0000][1089.171s][915][941][info ] Application time: 1.0001092 seconds
[2025-06-16T00:29:31.494+0000][1089.171s][915][941][info ] Entering safepoint region: Cleanup
[2025-06-16T00:29:31.494+0000][1089.172s][915][941][info ] Leaving safepoint region
[2025-06-16T00:29:31.494+0000][1089.172s][915][941][info ] Total time for which application threads were stopped: 0.0001970 seconds, Stopping threads took: 0.0000464 seconds
[2025-06-16T00:29:32.494+0000][1090.172s][915][941][info ] Application time: 1.0000949 seconds
[2025-06-16T00:29:32.494+0000][1090.172s][915][941][info ] Entering safepoint region: Cleanup
[2025-06-16T00:29:32.494+0000][1090.172s][915][941][info ] Leaving safepoint region
[2025-06-16T00:29:32.494+0000][1090.172s][915][941][info ] Total time for which application threads were stopped: 0.0001705 seconds, Stopping threads took: 0.0000448 seconds
[2025-06-16T00:29:33.495+0000][1091.172s][915][941][info ] Application time: 1.0000942 seconds
[2025-06-16T00:29:33.495+0000][1091.172s][915][941][info ] Entering safepoint region: Cleanup
[2025-06-16T00:29:33.495+0000][1091.172s][915][941][info ] Leaving safepoint region
[2025-06-16T00:29:33.495+0000][1091.172s][915][941][info ] Total time for which application threads were stopped: 0.0001767 seconds, Stopping threads took: 0.0000403 seconds
[2025-06-16T00:29:34.038+0000][1091.715s][915][940][trace] CMS: promo attempt is safe: available(6912212992) >= av_promo(0), max_promo(821718696)
[2025-06-16T00:29:34.495+0000][1092.172s][915][941][info ] Application time: 1.0000993 seconds
[2025-06-16T00:29:34.495+0000][1092.173s][915][941][info ] Entering safepoint region: Cleanup
[2025-06-16T00:29:34.495+0000][1092.173s][915][941][info ] Leaving safepoint region
[2025-06-16T00:29:34.495+0000][1092.173s][915][941][info ] Total time for which application threads were stopped: 0.0002094 seconds, Stopping threads took: 0.0000474 seconds
[2025-06-16T00:29:35.495+0000][1093.173s][915][941][info ] Application time: 1.0001481 seconds
[2025-06-16T00:29:35.496+0000][1093.173s][915][941][info ] Entering safepoint region: Cleanup
[2025-06-16T00:29:35.496+0000][1093.173s][915][941][info ] Leaving safepoint region
[2025-06-16T00:29:35.496+0000][1093.173s][915][941][info ] Total time for which application threads were stopped: 0.0003045 seconds, Stopping threads took: 0.0000618 seconds
[2025-06-16T00:29:36.496+0000][1094.173s][915][941][info ] Application time: 1.0001026 seconds
[2025-06-16T00:29:36.496+0000][1094.174s][915][941][info ] Entering safepoint region: Cleanup
[2025-06-16T00:29:36.496+0000][1094.174s][915][941][info ] Leaving safepoint region
[2025-06-16T00:29:36.496+0000][1094.174s][915][941][info ] Total time for which application threads were stopped: 0.0002326 seconds, Stopping threads took: 0.0000495 seconds
[2025-06-16T00:29:37.496+0000][1095.174s][915][941][info ] Application time: 1.0001211 seconds
[2025-06-16T00:29:37.496+0000][1095.174s][915][941][info ] Entering safepoint region: Cleanup
[2025-06-16T00:29:37.497+0000][1095.174s][915][941][info ] Leaving safepoint region
[2025-06-16T00:29:37.497+0000][1095.174s][915][941][info ] Total time for which application threads were stopped: 0.0002368 seconds, Stopping threads took: 0.0000531 seconds
[2025-06-16T00:29:38.497+0000][1096.174s][915][941][info ] Application time: 1.0001000 seconds
[2025-06-16T00:29:38.497+0000][1096.174s][915][941][info ] Entering safepoint region: Cleanup
[2025-06-16T00:29:38.497+0000][1096.175s][915][941][info ] Leaving safepoint region
[2025-06-16T00:29:38.497+0000][1096.175s][915][941][info ] Total time for which application threads were stopped: 0.0002421 seconds, Stopping threads took: 0.0000488 seconds
[2025-06-16T00:29:39.497+0000][1097.175s][915][941][info ] Application time: 1.0000916 seconds
[2025-06-16T00:29:39.497+0000][1097.175s][915][941][info ] Entering safepoint region: Cleanup
[2025-06-16T00:29:39.498+0000][1097.175s][915][941][info ] Leaving safepoint region
[2025-06-16T00:29:39.498+0000][1097.175s][915][941][info ] Total time for which application threads were stopped: 0.0002678 seconds, Stopping threads took: 0.0000495 seconds
[2025-06-16T00:29:40.498+0000][1098.175s][915][941][info ] Application time: 1.0001026 seconds
[2025-06-16T00:29:40.498+0000][1098.175s][915][941][info ] Entering safepoint region: Cleanup
[2025-06-16T00:29:40.498+0000][1098.176s][915][941][info ] Leaving safepoint region
[2025-06-16T00:29:40.498+0000][1098.176s][915][941][info ] Total time for which application threads were stopped: 0.0002607 seconds, Stopping threads took: 0.0000512 seconds
[2025-06-16T00:29:41.498+0000][1099.176s][915][941][info ] Application time: 1.0000622 seconds
[2025-06-16T00:29:41.498+0000][1099.176s][915][941][info ] Entering safepoint region: Cleanup
[2025-06-16T00:29:41.498+0000][1099.176s][915][941][info ] Leaving safepoint region
[2025-06-16T00:29:41.498+0000][1099.176s][915][941][info ] Total time for which application threads were stopped: 0.0001994 seconds, Stopping threads took: 0.0000525 seconds
[2025-06-16T00:29:42.499+0000][1100.176s][915][941][info ] Application time: 1.0001077 seconds
[2025-06-16T00:29:42.499+0000][1100.176s][915][941][info ] Entering safepoint region: Cleanup
[2025-06-16T00:29:42.499+0000][1100.176s][915][941][info ] Leaving safepoint region
[2025-06-16T00:29:42.499+0000][1100.176s][915][941][info ] Total time for which application threads were stopped: 0.0002432 seconds, Stopping threads took: 0.0000468 seconds
[2025-06-16T00:29:43.499+0000][1101.177s][915][941][info ] Application time: 1.0001309 seconds
[2025-06-16T00:29:43.499+0000][1101.177s][915][941][info ] Entering safepoint region: Cleanup
[2025-06-16T00:29:43.499+0000][1101.177s][915][941][info ] Leaving safepoint region
[2025-06-16T00:29:43.499+0000][1101.177s][915][941][info ] Total time for which application threads were stopped: 0.0002130 seconds, Stopping threads took: 0.0000365 seconds
[2025-06-16T00:29:44.038+0000][1101.715s][915][940][trace] CMS: promo attempt is safe: available(6912212992) >= av_promo(0), max_promo(821718696)
[2025-06-16T00:29:44.500+0000][1102.177s][915][941][info ] Application time: 1.0000873 seconds
[2025-06-16T00:29:44.500+0000][1102.177s][915][941][info ] Entering safepoint region: Cleanup
[2025-06-16T00:29:44.500+0000][1102.177s][915][941][info ] Leaving safepoint region
[2025-06-16T00:29:44.500+0000][1102.177s][915][941][info ] Total time for which application threads were stopped: 0.0001935 seconds, Stopping threads took: 0.0000358 seconds
[2025-06-16T00:29:45.500+0000][1103.177s][915][941][info ] Application time: 1.0000906 seconds
[2025-06-16T00:29:45.500+0000][1103.177s][915][941][info ] Entering safepoint region: Cleanup
[2025-06-16T00:29:45.500+0000][1103.178s][915][941][info ] Leaving safepoint region
[2025-06-16T00:29:45.500+0000][1103.178s][915][941][info ] Total time for which application threads were stopped: 0.0002157 seconds, Stopping threads took: 0.0000493 seconds
[2025-06-16T00:29:46.500+0000][1104.178s][915][941][info ] Application time: 1.0001048 seconds
[2025-06-16T00:29:46.500+0000][1104.178s][915][941][info ] Entering safepoint region: Cleanup
[2025-06-16T00:29:46.501+0000][1104.178s][915][941][info ] Leaving safepoint region
[2025-06-16T00:29:46.501+0000][1104.178s][915][941][info ] Total time for which application threads were stopped: 0.0002257 seconds, Stopping threads took: 0.0000444 seconds
[2025-06-16T00:29:47.501+0000][1105.178s][915][941][info ] Application time: 1.0000981 seconds
[2025-06-16T00:29:47.501+0000][1105.178s][915][941][info ] Entering safepoint region: Cleanup
[2025-06-16T00:29:47.501+0000][1105.178s][915][941][info ] Leaving safepoint region
[2025-06-16T00:29:47.501+0000][1105.179s][915][941][info ] Total time for which application threads were stopped: 0.0001682 seconds, Stopping threads took: 0.0000374 seconds
[2025-06-16T00:29:48.510+0000][1106.187s][915][941][info ] Application time: 1.0088001 seconds
[2025-06-16T00:29:48.510+0000][1106.187s][915][941][info ] Entering safepoint region: Cleanup
[2025-06-16T00:29:48.510+0000][1106.188s][915][941][info ] Leaving safepoint region
[2025-06-16T00:29:48.510+0000][1106.188s][915][941][info ] Total time for which application threads were stopped: 0.0002750 seconds, Stopping threads took: 0.0000492 seconds
[2025-06-16T00:29:49.510+0000][1107.188s][915][941][info ] Application time: 1.0001076 seconds
[2025-06-16T00:29:49.510+0000][1107.188s][915][941][info ] Entering safepoint region: Cleanup
[2025-06-16T00:29:49.511+0000][1107.188s][915][941][info ] Leaving safepoint region
[2025-06-16T00:29:49.511+0000][1107.188s][915][941][info ] Total time for which application threads were stopped: 0.0001983 seconds, Stopping threads took: 0.0000422 seconds
[2025-06-16T00:29:50.511+0000][1108.188s][915][941][info ] Application time: 1.0001060 seconds
[2025-06-16T00:29:50.511+0000][1108.188s][915][941][info ] Entering safepoint region: Cleanup
[2025-06-16T00:29:50.511+0000][1108.189s][915][941][info ] Leaving safepoint region
[2025-06-16T00:29:50.511+0000][1108.189s][915][941][info ] Total time for which application threads were stopped: 0.0001864 seconds, Stopping threads took: 0.0000424 seconds
[2025-06-16T00:29:51.511+0000][1109.189s][915][941][info ] Application time: 1.0001006 seconds
[2025-06-16T00:29:51.511+0000][1109.189s][915][941][info ] Entering safepoint region: Cleanup
[2025-06-16T00:29:51.511+0000][1109.189s][915][941][info ] Leaving safepoint region
[2025-06-16T00:29:51.511+0000][1109.189s][915][941][info ] Total time for which application threads were stopped: 0.0002187 seconds, Stopping threads took: 0.0000394 seconds
[2025-06-16T00:29:52.512+0000][1110.189s][915][941][info ] Application time: 1.0001100 seconds
[2025-06-16T00:29:52.512+0000][1110.189s][915][941][info ] Entering safepoint region: Cleanup
[2025-06-16T00:29:52.512+0000][1110.189s][915][941][info ] Leaving safepoint region
[2025-06-16T00:29:52.512+0000][1110.189s][915][941][info ] Total time for which application threads were stopped: 0.0001993 seconds, Stopping threads took: 0.0000443 seconds
[2025-06-16T00:29:53.512+0000][1111.189s][915][941][info ] Application time: 1.0001040 seconds
[2025-06-16T00:29:53.512+0000][1111.190s][915][941][info ] Entering safepoint region: Cleanup
[2025-06-16T00:29:53.512+0000][1111.190s][915][941][info ] Leaving safepoint region
[2025-06-16T00:29:53.512+0000][1111.190s][915][941][info ] Total time for which application threads were stopped: 0.0002004 seconds, Stopping threads took: 0.0000376 seconds
[2025-06-16T00:29:54.037+0000][1111.715s][915][940][trace] CMS: promo attempt is safe: available(6912212992) >= av_promo(0), max_promo(821718696)
[2025-06-16T00:29:54.512+0000][1112.190s][915][941][info ] Application time: 1.0000915 seconds
[2025-06-16T00:29:54.512+0000][1112.190s][915][941][info ] Entering safepoint region: Cleanup
[2025-06-16T00:29:54.513+0000][1112.190s][915][941][info ] Leaving safepoint region
[2025-06-16T00:29:54.513+0000][1112.190s][915][941][info ] Total time for which application threads were stopped: 0.0001894 seconds, Stopping threads took: 0.0000344 seconds
[2025-06-16T00:29:55.513+0000][1113.190s][915][941][info ] Application time: 1.0000926 seconds
[2025-06-16T00:29:55.513+0000][1113.190s][915][941][info ] Entering safepoint region: Cleanup
[2025-06-16T00:29:55.513+0000][1113.190s][915][941][info ] Leaving safepoint region
[2025-06-16T00:29:55.513+0000][1113.190s][915][941][info ] Total time for which application threads were stopped: 0.0001603 seconds, Stopping threads took: 0.0000360 seconds
[2025-06-16T00:29:56.513+0000][1114.191s][915][941][info ] Application time: 1.0000936 seconds
[2025-06-16T00:29:56.513+0000][1114.191s][915][941][info ] Entering safepoint region: Cleanup
[2025-06-16T00:29:56.513+0000][1114.191s][915][941][info ] Leaving safepoint region
[2025-06-16T00:29:56.513+0000][1114.191s][915][941][info ] Total time for which application threads were stopped: 0.0002074 seconds, Stopping threads took: 0.0000399 seconds
[2025-06-16T00:29:57.513+0000][1115.191s][915][941][info ] Application time: 1.0000992 seconds
[2025-06-16T00:29:57.514+0000][1115.191s][915][941][info ] Entering safepoint region: Cleanup
[2025-06-16T00:29:57.514+0000][1115.191s][915][941][info ] Leaving safepoint region
[2025-06-16T00:29:57.514+0000][1115.191s][915][941][info ] Total time for which application threads were stopped: 0.0002652 seconds, Stopping threads took: 0.0000441 seconds
[2025-06-16T00:29:58.514+0000][1116.191s][915][941][info ] Application time: 1.0001265 seconds
[2025-06-16T00:29:58.514+0000][1116.192s][915][941][info ] Entering safepoint region: Cleanup
[2025-06-16T00:29:58.514+0000][1116.192s][915][941][info ] Leaving safepoint region
[2025-06-16T00:29:58.514+0000][1116.192s][915][941][info ] Total time for which application threads were stopped: 0.0002071 seconds, Stopping threads took: 0.0000452 seconds
[2025-06-16T00:29:59.514+0000][1117.192s][915][941][info ] Application time: 1.0000992 seconds
[2025-06-16T00:29:59.514+0000][1117.192s][915][941][info ] Entering safepoint region: Cleanup
[2025-06-16T00:29:59.515+0000][1117.192s][915][941][info ] Leaving safepoint region
[2025-06-16T00:29:59.515+0000][1117.192s][915][941][info ] Total time for which application threads were stopped: 0.0001915 seconds, Stopping threads took: 0.0000412 seconds
[2025-06-16T00:30:00.515+0000][1118.192s][915][941][info ] Application time: 1.0001008 seconds
[2025-06-16T00:30:00.515+0000][1118.192s][915][941][info ] Entering safepoint region: Cleanup
[2025-06-16T00:30:00.515+0000][1118.193s][915][941][info ] Leaving safepoint region
[2025-06-16T00:30:00.515+0000][1118.193s][915][941][info ] Total time for which application threads were stopped: 0.0002313 seconds, Stopping threads took: 0.0000418 seconds
[2025-06-16T00:30:01.515+0000][1119.193s][915][941][info ] Application time: 1.0001188 seconds
[2025-06-16T00:30:01.515+0000][1119.193s][915][941][info ] Entering safepoint region: Cleanup
[2025-06-16T00:30:01.515+0000][1119.193s][915][941][info ] Leaving safepoint region
[2025-06-16T00:30:01.515+0000][1119.193s][915][941][info ] Total time for which application threads were stopped: 0.0002053 seconds, Stopping threads took: 0.0000559 seconds
[2025-06-16T00:30:02.516+0000][1120.193s][915][941][info ] Application time: 1.0001092 seconds
[2025-06-16T00:30:02.516+0000][1120.193s][915][941][info ] Entering safepoint region: Cleanup
[2025-06-16T00:30:02.516+0000][1120.193s][915][941][info ] Leaving safepoint region
[2025-06-16T00:30:02.516+0000][1120.193s][915][941][info ] Total time for which application threads were stopped: 0.0002599 seconds, Stopping threads took: 0.0000582 seconds
[2025-06-16T00:30:03.516+0000][1121.194s][915][941][info ] Application time: 1.0000984 seconds
[2025-06-16T00:30:03.516+0000][1121.194s][915][941][info ] Entering safepoint region: Cleanup
[2025-06-16T00:30:03.516+0000][1121.194s][915][941][info ] Leaving safepoint region
[2025-06-16T00:30:03.516+0000][1121.194s][915][941][info ] Total time for which application threads were stopped: 0.0002181 seconds, Stopping threads took: 0.0000398 seconds
[2025-06-16T00:30:04.038+0000][1121.715s][915][940][trace] CMS: promo attempt is safe: available(6912212992) >= av_promo(0), max_promo(821718696)
[2025-06-16T00:30:04.517+0000][1122.194s][915][941][info ] Application time: 1.0001166 seconds
[2025-06-16T00:30:04.517+0000][1122.194s][915][941][info ] Entering safepoint region: Cleanup
[2025-06-16T00:30:04.517+0000][1122.194s][915][941][info ] Leaving safepoint region
[2025-06-16T00:30:04.517+0000][1122.194s][915][941][info ] Total time for which application threads were stopped: 0.0002211 seconds, Stopping threads took: 0.0000484 seconds
[2025-06-16T00:30:05.517+0000][1123.194s][915][941][info ] Application time: 1.0001094 seconds
[2025-06-16T00:30:05.517+0000][1123.195s][915][941][info ] Entering safepoint region: Cleanup
[2025-06-16T00:30:05.517+0000][1123.195s][915][941][info ] Leaving safepoint region
[2025-06-16T00:30:05.517+0000][1123.195s][915][941][info ] Total time for which application threads were stopped: 0.0001863 seconds, Stopping threads took: 0.0000369 seconds
[2025-06-16T00:30:06.517+0000][1124.195s][915][941][info ] Application time: 1.0001027 seconds
[2025-06-16T00:30:06.517+0000][1124.195s][915][941][info ] Entering safepoint region: Cleanup
[2025-06-16T00:30:06.518+0000][1124.195s][915][941][info ] Leaving safepoint region
[2025-06-16T00:30:06.518+0000][1124.195s][915][941][info ] Total time for which application threads were stopped: 0.0001955 seconds, Stopping threads took: 0.0000397 seconds
[2025-06-16T00:30:07.518+0000][1125.195s][915][941][info ] Application time: 1.0001376 seconds
[2025-06-16T00:30:07.518+0000][1125.195s][915][941][info ] Entering safepoint region: Cleanup
[2025-06-16T00:30:07.518+0000][1125.196s][915][941][info ] Leaving safepoint region
[2025-06-16T00:30:07.518+0000][1125.196s][915][941][info ] Total time for which application threads were stopped: 0.0002188 seconds, Stopping threads took: 0.0000478 seconds
[2025-06-16T00:30:08.518+0000][1126.196s][915][941][info ] Application time: 1.0001099 seconds
[2025-06-16T00:30:08.518+0000][1126.196s][915][941][info ] Entering safepoint region: Cleanup
[2025-06-16T00:30:08.519+0000][1126.196s][915][941][info ] Leaving safepoint region
[2025-06-16T00:30:08.519+0000][1126.196s][915][941][info ] Total time for which application threads were stopped: 0.0004141 seconds, Stopping threads took: 0.0001018 seconds
[2025-06-16T00:30:09.519+0000][1127.196s][915][941][info ] Application time: 1.0001269 seconds
[2025-06-16T00:30:09.519+0000][1127.196s][915][941][info ] Entering safepoint region: Cleanup
[2025-06-16T00:30:09.519+0000][1127.197s][915][941][info ] Leaving safepoint region
[2025-06-16T00:30:09.519+0000][1127.197s][915][941][info ] Total time for which application threads were stopped: 0.0002049 seconds, Stopping threads took: 0.0000446 seconds
[2025-06-16T00:30:10.519+0000][1128.197s][915][941][info ] Application time: 1.0001086 seconds
[2025-06-16T00:30:10.520+0000][1128.197s][915][941][info ] Entering safepoint region: Cleanup
[2025-06-16T00:30:10.520+0000][1128.197s][915][941][info ] Leaving safepoint region
[2025-06-16T00:30:10.520+0000][1128.197s][915][941][info ] Total time for which application threads were stopped: 0.0003228 seconds, Stopping threads took: 0.0000856 seconds
[2025-06-16T00:30:11.520+0000][1129.197s][915][941][info ] Application time: 1.0000917 seconds
[2025-06-16T00:30:11.520+0000][1129.197s][915][941][info ] Entering safepoint region: Cleanup
[2025-06-16T00:30:11.520+0000][1129.198s][915][941][info ] Leaving safepoint region
[2025-06-16T00:30:11.520+0000][1129.198s][915][941][info ] Total time for which application threads were stopped: 0.0001829 seconds, Stopping threads took: 0.0000409 seconds
[2025-06-16T00:30:12.520+0000][1130.198s][915][941][info ] Application time: 1.0000915 seconds
[2025-06-16T00:30:12.520+0000][1130.198s][915][941][info ] Entering safepoint region: Cleanup
[2025-06-16T00:30:12.520+0000][1130.198s][915][941][info ] Leaving safepoint region
[2025-06-16T00:30:12.520+0000][1130.198s][915][941][info ] Total time for which application threads were stopped: 0.0001868 seconds, Stopping threads took: 0.0000423 seconds
[2025-06-16T00:30:13.521+0000][1131.198s][915][941][info ] Application time: 1.0001018 seconds
[2025-06-16T00:30:13.521+0000][1131.198s][915][941][info ] Entering safepoint region: Cleanup
[2025-06-16T00:30:13.521+0000][1131.198s][915][941][info ] Leaving safepoint region
[2025-06-16T00:30:13.521+0000][1131.198s][915][941][info ] Total time for which application threads were stopped: 0.0001632 seconds, Stopping threads took: 0.0000336 seconds
[2025-06-16T00:30:14.037+0000][1131.715s][915][940][trace] CMS: promo attempt is safe: available(6912212992) >= av_promo(0), max_promo(821718696)
[2025-06-16T00:30:14.521+0000][1132.198s][915][941][info ] Application time: 1.0001097 seconds
[2025-06-16T00:30:14.521+0000][1132.199s][915][941][info ] Entering safepoint region: Cleanup
[2025-06-16T00:30:14.521+0000][1132.199s][915][941][info ] Leaving safepoint region
[2025-06-16T00:30:14.521+0000][1132.199s][915][941][info ] Total time for which application threads were stopped: 0.0002831 seconds, Stopping threads took: 0.0000495 seconds
[2025-06-16T00:30:15.521+0000][1133.199s][915][941][info ] Application time: 1.0000999 seconds
[2025-06-16T00:30:15.522+0000][1133.199s][915][941][info ] Entering safepoint region: Cleanup
[2025-06-16T00:30:15.522+0000][1133.199s][915][941][info ] Leaving safepoint region
[2025-06-16T00:30:15.522+0000][1133.199s][915][941][info ] Total time for which application threads were stopped: 0.0002456 seconds, Stopping threads took: 0.0000567 seconds
[2025-06-16T00:30:16.522+0000][1134.199s][915][941][info ] Application time: 1.0000902 seconds
[2025-06-16T00:30:16.522+0000][1134.200s][915][941][info ] Entering safepoint region: Cleanup
[2025-06-16T00:30:16.522+0000][1134.200s][915][941][info ] Leaving safepoint region
[2025-06-16T00:30:16.522+0000][1134.200s][915][941][info ] Total time for which application threads were stopped: 0.0002130 seconds, Stopping threads took: 0.0000477 seconds
[2025-06-16T00:30:17.522+0000][1135.200s][915][941][info ] Application time: 1.0001176 seconds
[2025-06-16T00:30:17.522+0000][1135.200s][915][941][info ] Entering safepoint region: Cleanup
[2025-06-16T00:30:17.523+0000][1135.200s][915][941][info ] Leaving safepoint region
[2025-06-16T00:30:17.523+0000][1135.200s][915][941][info ] Total time for which application threads were stopped: 0.0002096 seconds, Stopping threads took: 0.0000416 seconds
[2025-06-16T00:30:18.523+0000][1136.200s][915][941][info ] Application time: 1.0001062 seconds
[2025-06-16T00:30:18.523+0000][1136.200s][915][941][info ] Entering safepoint region: Cleanup
[2025-06-16T00:30:18.523+0000][1136.200s][915][941][info ] Leaving safepoint region
[2025-06-16T00:30:18.523+0000][1136.200s][915][941][info ] Total time for which application threads were stopped: 0.0001660 seconds, Stopping threads took: 0.0000371 seconds
[2025-06-16T00:30:19.523+0000][1137.201s][915][941][info ] Application time: 1.0001131 seconds
[2025-06-16T00:30:19.523+0000][1137.201s][915][941][info ] Entering safepoint region: Cleanup
[2025-06-16T00:30:19.523+0000][1137.201s][915][941][info ] Leaving safepoint region
[2025-06-16T00:30:19.523+0000][1137.201s][915][941][info ] Total time for which application threads were stopped: 0.0002569 seconds, Stopping threads took: 0.0000418 seconds
[2025-06-16T00:30:20.524+0000][1138.201s][915][941][info ] Application time: 1.0001032 seconds
[2025-06-16T00:30:20.524+0000][1138.201s][915][941][info ] Entering safepoint region: Cleanup
[2025-06-16T00:30:20.524+0000][1138.201s][915][941][info ] Leaving safepoint region
[2025-06-16T00:30:20.524+0000][1138.201s][915][941][info ] Total time for which application threads were stopped: 0.0001942 seconds, Stopping threads took: 0.0000361 seconds
[2025-06-16T00:30:21.524+0000][1139.201s][915][941][info ] Application time: 1.0000979 seconds
[2025-06-16T00:30:21.524+0000][1139.202s][915][941][info ] Entering safepoint region: Cleanup
[2025-06-16T00:30:21.524+0000][1139.202s][915][941][info ] Leaving safepoint region
[2025-06-16T00:30:21.524+0000][1139.202s][915][941][info ] Total time for which application threads were stopped: 0.0001889 seconds, Stopping threads took: 0.0000355 seconds
[2025-06-16T00:30:22.524+0000][1140.202s][915][941][info ] Application time: 1.0001135 seconds
[2025-06-16T00:30:22.524+0000][1140.202s][915][941][info ] Entering safepoint region: Cleanup
[2025-06-16T00:30:22.525+0000][1140.202s][915][941][info ] Leaving safepoint region
[2025-06-16T00:30:22.525+0000][1140.202s][915][941][info ] Total time for which application threads were stopped: 0.0001921 seconds, Stopping threads took: 0.0000386 seconds
[2025-06-16T00:30:23.525+0000][1141.202s][915][941][info ] Application time: 1.0000993 seconds
[2025-06-16T00:30:23.525+0000][1141.202s][915][941][info ] Entering safepoint region: Cleanup
[2025-06-16T00:30:23.525+0000][1141.203s][915][941][info ] Leaving safepoint region
[2025-06-16T00:30:23.525+0000][1141.203s][915][941][info ] Total time for which application threads were stopped: 0.0003536 seconds, Stopping threads took: 0.0000632 seconds
[2025-06-16T00:30:24.036+0000][1141.714s][915][940][trace] CMS: promo attempt is safe: available(6912212992) >= av_promo(0), max_promo(821718696)
[2025-06-16T00:30:24.526+0000][1142.203s][915][941][info ] Application time: 1.0002864 seconds
[2025-06-16T00:30:24.526+0000][1142.204s][915][941][info ] Entering safepoint region: Cleanup
[2025-06-16T00:30:24.527+0000][1142.204s][915][941][info ] Leaving safepoint region
[2025-06-16T00:30:24.527+0000][1142.204s][915][941][info ] Total time for which application threads were stopped: 0.0008895 seconds, Stopping threads took: 0.0002727 seconds
[2025-06-16T00:30:25.527+0000][1143.205s][915][941][info ] Application time: 1.0001286 seconds
[2025-06-16T00:30:25.527+0000][1143.205s][915][941][info ] Entering safepoint region: Cleanup
[2025-06-16T00:30:25.527+0000][1143.205s][915][941][info ] Leaving safepoint region
[2025-06-16T00:30:25.527+0000][1143.205s][915][941][info ] Total time for which application threads were stopped: 0.0002140 seconds, Stopping threads took: 0.0000449 seconds
[2025-06-16T00:30:26.528+0000][1144.205s][915][941][info ] Application time: 1.0001242 seconds
[2025-06-16T00:30:26.528+0000][1144.205s][915][941][info ] Entering safepoint region: Cleanup
[2025-06-16T00:30:26.528+0000][1144.205s][915][941][info ] Leaving safepoint region
[2025-06-16T00:30:26.528+0000][1144.205s][915][941][info ] Total time for which application threads were stopped: 0.0002255 seconds, Stopping threads took: 0.0000467 seconds
[2025-06-16T00:30:27.528+0000][1145.206s][915][941][info ] Application time: 1.0001426 seconds
[2025-06-16T00:30:27.528+0000][1145.206s][915][941][info ] Entering safepoint region: Cleanup
[2025-06-16T00:30:27.528+0000][1145.206s][915][941][info ] Leaving safepoint region
[2025-06-16T00:30:27.528+0000][1145.206s][915][941][info ] Total time for which application threads were stopped: 0.0002038 seconds, Stopping threads took: 0.0000411 seconds
[2025-06-16T00:30:28.529+0000][1146.206s][915][941][info ] Application time: 1.0001195 seconds
[2025-06-16T00:30:28.529+0000][1146.206s][915][941][info ] Entering safepoint region: Cleanup
[2025-06-16T00:30:28.529+0000][1146.206s][915][941][info ] Leaving safepoint region
[2025-06-16T00:30:28.529+0000][1146.206s][915][941][info ] Total time for which application threads were stopped: 0.0002636 seconds, Stopping threads took: 0.0000416 seconds
[2025-06-16T00:30:29.529+0000][1147.206s][915][941][info ] Application time: 1.0001091 seconds
[2025-06-16T00:30:29.529+0000][1147.207s][915][941][info ] Entering safepoint region: Cleanup
[2025-06-16T00:30:29.529+0000][1147.207s][915][941][info ] Leaving safepoint region
[2025-06-16T00:30:29.529+0000][1147.207s][915][941][info ] Total time for which application threads were stopped: 0.0001862 seconds, Stopping threads took: 0.0000389 seconds
[2025-06-16T00:30:30.529+0000][1148.207s][915][941][info ] Application time: 1.0001126 seconds
[2025-06-16T00:30:30.529+0000][1148.207s][915][941][info ] Entering safepoint region: Cleanup
[2025-06-16T00:30:30.530+0000][1148.207s][915][941][info ] Leaving safepoint region
[2025-06-16T00:30:30.530+0000][1148.207s][915][941][info ] Total time for which application threads were stopped: 0.0002731 seconds, Stopping threads took: 0.0000486 seconds
[2025-06-16T00:30:31.530+0000][1149.207s][915][941][info ] Application time: 1.0000949 seconds
[2025-06-16T00:30:31.530+0000][1149.208s][915][941][info ] Entering safepoint region: Cleanup
[2025-06-16T00:30:31.530+0000][1149.208s][915][941][info ] Leaving safepoint region
[2025-06-16T00:30:31.530+0000][1149.208s][915][941][info ] Total time for which application threads were stopped: 0.0002359 seconds, Stopping threads took: 0.0000453 seconds
[2025-06-16T00:30:32.530+0000][1150.208s][915][941][info ] Application time: 1.0001054 seconds
[2025-06-16T00:30:32.530+0000][1150.208s][915][941][info ] Entering safepoint region: Cleanup
[2025-06-16T00:30:32.531+0000][1150.208s][915][941][info ] Leaving safepoint region
[2025-06-16T00:30:32.531+0000][1150.208s][915][941][info ] Total time for which application threads were stopped: 0.0002091 seconds, Stopping threads took: 0.0000460 seconds
[2025-06-16T00:30:33.531+0000][1151.208s][915][941][info ] Application time: 1.0001021 seconds
[2025-06-16T00:30:33.531+0000][1151.208s][915][941][info ] Entering safepoint region: Cleanup
[2025-06-16T00:30:33.531+0000][1151.209s][915][941][info ] Leaving safepoint region
[2025-06-16T00:30:33.531+0000][1151.209s][915][941][info ] Total time for which application threads were stopped: 0.0002985 seconds, Stopping threads took: 0.0000629 seconds
[2025-06-16T00:30:34.036+0000][1151.714s][915][940][trace] CMS: promo attempt is safe: available(6912212992) >= av_promo(0), max_promo(821718696)
[2025-06-16T00:30:34.531+0000][1152.209s][915][941][info ] Application time: 1.0001179 seconds
[2025-06-16T00:30:34.531+0000][1152.209s][915][941][info ] Entering safepoint region: Cleanup
[2025-06-16T00:30:34.532+0000][1152.209s][915][941][info ] Leaving safepoint region
[2025-06-16T00:30:34.532+0000][1152.209s][915][941][info ] Total time for which application threads were stopped: 0.0002401 seconds, Stopping threads took: 0.0000740 seconds
[2025-06-16T00:30:35.532+0000][1153.209s][915][941][info ] Application time: 1.0001241 seconds
[2025-06-16T00:30:35.532+0000][1153.209s][915][941][info ] Entering safepoint region: Cleanup
[2025-06-16T00:30:35.532+0000][1153.210s][915][941][info ] Leaving safepoint region
[2025-06-16T00:30:35.532+0000][1153.210s][915][941][info ] Total time for which application threads were stopped: 0.0002876 seconds, Stopping threads took: 0.0000620 seconds
[2025-06-16T00:30:36.532+0000][1154.210s][915][941][info ] Application time: 1.0001188 seconds
[2025-06-16T00:30:36.532+0000][1154.210s][915][941][info ] Entering safepoint region: Cleanup
[2025-06-16T00:30:36.533+0000][1154.210s][915][941][info ] Leaving safepoint region
[2025-06-16T00:30:36.533+0000][1154.210s][915][941][info ] Total time for which application threads were stopped: 0.0002149 seconds, Stopping threads took: 0.0000451 seconds
[2025-06-16T00:30:37.533+0000][1155.210s][915][941][info ] Application time: 1.0000861 seconds
[2025-06-16T00:30:37.533+0000][1155.210s][915][941][info ] Entering safepoint region: Cleanup
[2025-06-16T00:30:37.533+0000][1155.211s][915][941][info ] Leaving safepoint region
[2025-06-16T00:30:37.533+0000][1155.211s][915][941][info ] Total time for which application threads were stopped: 0.0002553 seconds, Stopping threads took: 0.0000543 seconds
[2025-06-16T00:30:38.533+0000][1156.211s][915][941][info ] Application time: 1.0000786 seconds
[2025-06-16T00:30:38.533+0000][1156.211s][915][941][info ] Entering safepoint region: Cleanup
[2025-06-16T00:30:38.533+0000][1156.211s][915][941][info ] Leaving safepoint region
[2025-06-16T00:30:38.533+0000][1156.211s][915][941][info ] Total time for which application threads were stopped: 0.0002126 seconds, Stopping threads took: 0.0000352 seconds
[2025-06-16T00:30:39.534+0000][1157.211s][915][941][info ] Application time: 1.0000972 seconds
[2025-06-16T00:30:39.534+0000][1157.211s][915][941][info ] Entering safepoint region: Cleanup
[2025-06-16T00:30:39.534+0000][1157.211s][915][941][info ] Leaving safepoint region
[2025-06-16T00:30:39.534+0000][1157.211s][915][941][info ] Total time for which application threads were stopped: 0.0002297 seconds, Stopping threads took: 0.0000415 seconds
[2025-06-16T00:30:40.534+0000][1158.211s][915][941][info ] Application time: 1.0000909 seconds
[2025-06-16T00:30:40.534+0000][1158.212s][915][941][info ] Entering safepoint region: Cleanup
[2025-06-16T00:30:40.534+0000][1158.212s][915][941][info ] Leaving safepoint region
[2025-06-16T00:30:40.534+0000][1158.212s][915][941][info ] Total time for which application threads were stopped: 0.0001786 seconds, Stopping threads took: 0.0000350 seconds
[2025-06-16T00:30:41.534+0000][1159.212s][915][941][info ] Application time: 1.0001038 seconds
[2025-06-16T00:30:41.534+0000][1159.212s][915][941][info ] Entering safepoint region: Cleanup
[2025-06-16T00:30:41.535+0000][1159.212s][915][941][info ] Leaving safepoint region
[2025-06-16T00:30:41.535+0000][1159.212s][915][941][info ] Total time for which application threads were stopped: 0.0002584 seconds, Stopping threads took: 0.0000571 seconds
[2025-06-16T00:30:42.535+0000][1160.212s][915][941][info ] Application time: 1.0001377 seconds
[2025-06-16T00:30:42.535+0000][1160.212s][915][941][info ] Entering safepoint region: Cleanup
[2025-06-16T00:30:42.535+0000][1160.213s][915][941][info ] Leaving safepoint region
[2025-06-16T00:30:42.535+0000][1160.213s][915][941][info ] Total time for which application threads were stopped: 0.0002602 seconds, Stopping threads took: 0.0000692 seconds
[2025-06-16T00:30:43.572+0000][1161.249s][915][941][info ] Application time: 1.0365812 seconds
[2025-06-16T00:30:43.572+0000][1161.250s][915][941][info ] Entering safepoint region: Cleanup
[2025-06-16T00:30:43.572+0000][1161.250s][915][941][info ] Leaving safepoint region
[2025-06-16T00:30:43.572+0000][1161.250s][915][941][info ] Total time for which application threads were stopped: 0.0002472 seconds, Stopping threads took: 0.0000535 seconds
[2025-06-16T00:30:44.037+0000][1161.714s][915][940][trace] CMS: promo attempt is safe: available(6912212992) >= av_promo(0), max_promo(821718696)
[2025-06-16T00:30:44.573+0000][1162.250s][915][941][info ] Application time: 1.0001141 seconds
[2025-06-16T00:30:44.592+0000][1162.270s][915][941][info ] Entering safepoint region: Cleanup
[2025-06-16T00:30:44.598+0000][1162.275s][915][941][info ] Leaving safepoint region
[2025-06-16T00:30:44.598+0000][1162.275s][915][941][info ] Total time for which application threads were stopped: 0.0250306 seconds, Stopping threads took: 0.0197848 seconds
[2025-06-16T00:30:45.636+0000][1163.314s][915][941][info ] Application time: 1.0383566 seconds
[2025-06-16T00:30:45.637+0000][1163.314s][915][941][info ] Entering safepoint region: Cleanup
[2025-06-16T00:30:45.637+0000][1163.314s][915][941][info ] Leaving safepoint region
[2025-06-16T00:30:45.637+0000][1163.314s][915][941][info ] Total time for which application threads were stopped: 0.0002089 seconds, Stopping threads took: 0.0000397 seconds
[2025-06-16T00:30:46.650+0000][1164.328s][915][941][info ] Application time: 1.0000993 seconds
[2025-06-16T00:30:46.651+0000][1164.328s][915][941][info ] Entering safepoint region: Cleanup
[2025-06-16T00:30:46.651+0000][1164.328s][915][941][info ] Leaving safepoint region
[2025-06-16T00:30:46.651+0000][1164.328s][915][941][info ] Total time for which application threads were stopped: 0.0003205 seconds, Stopping threads took: 0.0000632 seconds
[2025-06-16T00:30:47.651+0000][1165.329s][915][941][info ] Application time: 1.0001309 seconds
[2025-06-16T00:30:47.651+0000][1165.329s][915][941][info ] Entering safepoint region: Cleanup
[2025-06-16T00:30:47.651+0000][1165.329s][915][941][info ] Leaving safepoint region
[2025-06-16T00:30:47.651+0000][1165.329s][915][941][info ] Total time for which application threads were stopped: 0.0002405 seconds, Stopping threads took: 0.0000482 seconds
[2025-06-16T00:30:48.680+0000][1166.357s][915][941][info ] Application time: 1.0000960 seconds
[2025-06-16T00:30:48.680+0000][1166.358s][915][941][info ] Entering safepoint region: Cleanup
[2025-06-16T00:30:48.681+0000][1166.358s][915][941][info ] Leaving safepoint region
[2025-06-16T00:30:48.681+0000][1166.358s][915][941][info ] Total time for which application threads were stopped: 0.0007583 seconds, Stopping threads took: 0.0001943 seconds
[2025-06-16T00:30:49.741+0000][1167.419s][915][941][info ] Application time: 1.0604834 seconds
[2025-06-16T00:30:49.742+0000][1167.420s][915][941][info ] Entering safepoint region: Cleanup
[2025-06-16T00:30:49.743+0000][1167.420s][915][941][info ] Leaving safepoint region
[2025-06-16T00:30:49.743+0000][1167.420s][915][941][info ] Total time for which application threads were stopped: 0.0003433 seconds, Stopping threads took: 0.0000868 seconds
[2025-06-16T00:30:50.757+0000][1168.435s][915][941][info ] Application time: 1.0001055 seconds
[2025-06-16T00:30:50.757+0000][1168.435s][915][941][info ] Entering safepoint region: Cleanup
[2025-06-16T00:30:50.758+0000][1168.435s][915][941][info ] Leaving safepoint region
[2025-06-16T00:30:50.758+0000][1168.435s][915][941][info ] Total time for which application threads were stopped: 0.0003440 seconds, Stopping threads took: 0.0000472 seconds
[2025-06-16T00:30:51.764+0000][1169.477s][915][941][info ] Application time: 1.0001614 seconds
[2025-06-16T00:30:51.800+0000][1169.477s][915][941][info ] Entering safepoint region: Cleanup
[2025-06-16T00:30:51.800+0000][1169.477s][915][941][info ] Leaving safepoint region
[2025-06-16T00:30:51.800+0000][1169.477s][915][941][info ] Total time for which application threads were stopped: 0.0003922 seconds, Stopping threads took: 0.0000509 seconds
[2025-06-16T00:30:54.724+0000][1172.401s][915][941][info ] Application time: 1.0001587 seconds
[2025-06-16T00:30:54.716+0000][1172.394s][915][940][trace] CMS: promo attempt is safe: available(6912212992) >= av_promo(0), max_promo(821718696)
[2025-06-16T00:30:54.857+0000][1172.535s][915][941][info ] Entering safepoint region: Cleanup
[2025-06-16T00:30:54.962+0000][1172.640s][915][941][info ] Leaving safepoint region
[2025-06-16T00:30:54.962+0000][1172.640s][915][941][info ] Total time for which application threads were stopped: 0.1050946 seconds, Stopping threads took: 0.0001011 seconds
[2025-06-16T00:30:55.973+0000][1173.651s][915][941][info ] Application time: 1.0001136 seconds
[2025-06-16T00:30:55.973+0000][1173.651s][915][941][info ] Entering safepoint region: Cleanup
[2025-06-16T00:30:55.974+0000][1173.651s][915][941][info ] Leaving safepoint region
[2025-06-16T00:30:55.974+0000][1173.651s][915][941][info ] Total time for which application threads were stopped: 0.0002849 seconds, Stopping threads took: 0.0000572 seconds
[2025-06-16T00:30:57.034+0000][1174.712s][915][941][info ] Application time: 1.0001312 seconds
[2025-06-16T00:30:57.047+0000][1174.724s][915][941][info ] Entering safepoint region: Cleanup
[2025-06-16T00:30:57.047+0000][1174.725s][915][941][info ] Leaving safepoint region
[2025-06-16T00:30:57.047+0000][1174.725s][915][941][info ] Total time for which application threads were stopped: 0.0008267 seconds, Stopping threads took: 0.0002351 seconds
[2025-06-16T00:30:58.057+0000][1175.734s][915][941][info ] Application time: 1.0001541 seconds
[2025-06-16T00:30:58.057+0000][1175.734s][915][941][info ] Entering safepoint region: Cleanup
[2025-06-16T00:30:58.057+0000][1175.735s][915][941][info ] Leaving safepoint region
[2025-06-16T00:30:58.057+0000][1175.735s][915][941][info ] Total time for which application threads were stopped: 0.0002754 seconds, Stopping threads took: 0.0000625 seconds
[2025-06-16T00:30:59.063+0000][1176.741s][915][941][info ] Application time: 1.0001031 seconds
[2025-06-16T00:30:59.064+0000][1176.741s][915][941][info ] Entering safepoint region: Cleanup
[2025-06-16T00:30:59.064+0000][1176.741s][915][941][info ] Leaving safepoint region
[2025-06-16T00:30:59.064+0000][1176.741s][915][941][info ] Total time for which application threads were stopped: 0.0003678 seconds, Stopping threads took: 0.0000706 seconds
[2025-06-16T00:31:00.113+0000][1177.791s][915][941][info ] Application time: 1.0400157 seconds
[2025-06-16T00:31:00.116+0000][1177.793s][915][941][info ] Entering safepoint region: Cleanup
[2025-06-16T00:31:00.116+0000][1177.793s][915][941][info ] Leaving safepoint region
[2025-06-16T00:31:00.116+0000][1177.793s][915][941][info ] Total time for which application threads were stopped: 0.0011146 seconds, Stopping threads took: 0.0008581 seconds
[2025-06-16T00:31:01.136+0000][1178.814s][915][941][info ] Application time: 1.0203835 seconds
[2025-06-16T00:31:01.136+0000][1178.814s][915][941][info ] Entering safepoint region: Cleanup
[2025-06-16T00:31:01.137+0000][1178.814s][915][941][info ] Leaving safepoint region
[2025-06-16T00:31:01.137+0000][1178.814s][915][941][info ] Total time for which application threads were stopped: 0.0002135 seconds, Stopping threads took: 0.0000382 seconds
[2025-06-16T00:31:02.185+0000][1179.862s][915][941][info ] Application time: 1.0481423 seconds
[2025-06-16T00:31:02.185+0000][1179.862s][915][941][info ] Entering safepoint region: Cleanup
[2025-06-16T00:31:02.185+0000][1179.862s][915][941][info ] Leaving safepoint region
[2025-06-16T00:31:02.185+0000][1179.862s][915][941][info ] Total time for which application threads were stopped: 0.0002197 seconds, Stopping threads took: 0.0000583 seconds
[2025-06-16T00:31:03.186+0000][1180.863s][915][941][info ] Application time: 1.0001006 seconds
[2025-06-16T00:31:03.190+0000][1180.867s][915][941][info ] Entering safepoint region: Cleanup
[2025-06-16T00:31:03.190+0000][1180.868s][915][941][info ] Leaving safepoint region
[2025-06-16T00:31:03.190+0000][1180.868s][915][941][info ] Total time for which application threads were stopped: 0.0039582 seconds, Stopping threads took: 0.0033948 seconds
[2025-06-16T00:31:04.190+0000][1181.868s][915][941][info ] Application time: 1.0002388 seconds
[2025-06-16T00:31:04.191+0000][1181.868s][915][941][info ] Entering safepoint region: Cleanup
[2025-06-16T00:31:04.191+0000][1181.868s][915][941][info ] Leaving safepoint region
[2025-06-16T00:31:04.191+0000][1181.868s][915][941][info ] Total time for which application threads were stopped: 0.0002629 seconds, Stopping threads took: 0.0000580 seconds
[2025-06-16T00:31:04.857+0000][1182.534s][915][940][trace] CMS: promo attempt is safe: available(6912212992) >= av_promo(0), max_promo(821718696)
[2025-06-16T00:31:05.191+0000][1182.868s][915][941][info ] Application time: 1.0000894 seconds
[2025-06-16T00:31:05.191+0000][1182.869s][915][941][info ] Entering safepoint region: Cleanup
[2025-06-16T00:31:05.191+0000][1182.869s][915][941][info ] Leaving safepoint region
[2025-06-16T00:31:05.191+0000][1182.869s][915][941][info ] Total time for which application threads were stopped: 0.0002287 seconds, Stopping threads took: 0.0000440 seconds
[2025-06-16T00:31:06.191+0000][1183.869s][915][941][info ] Application time: 1.0001036 seconds
[2025-06-16T00:31:06.191+0000][1183.869s][915][941][info ] Entering safepoint region: Cleanup
[2025-06-16T00:31:06.192+0000][1183.869s][915][941][info ] Leaving safepoint region
[2025-06-16T00:31:06.192+0000][1183.869s][915][941][info ] Total time for which application threads were stopped: 0.0002612 seconds, Stopping threads took: 0.0000503 seconds
[2025-06-16T00:31:07.192+0000][1184.869s][915][941][info ] Application time: 1.0000992 seconds
[2025-06-16T00:31:07.192+0000][1184.869s][915][941][info ] Entering safepoint region: Cleanup
[2025-06-16T00:31:07.192+0000][1184.869s][915][941][info ] Leaving safepoint region
[2025-06-16T00:31:07.192+0000][1184.869s][915][941][info ] Total time for which application threads were stopped: 0.0001617 seconds, Stopping threads took: 0.0000348 seconds
[2025-06-16T00:31:08.192+0000][1185.870s][915][941][info ] Application time: 1.0001348 seconds
[2025-06-16T00:31:08.192+0000][1185.870s][915][941][info ] Entering safepoint region: Cleanup
[2025-06-16T00:31:08.192+0000][1185.870s][915][941][info ] Leaving safepoint region
[2025-06-16T00:31:08.192+0000][1185.870s][915][941][info ] Total time for which application threads were stopped: 0.0002143 seconds, Stopping threads took: 0.0000420 seconds
[2025-06-16T00:31:09.193+0000][1186.870s][915][941][info ] Application time: 1.0000860 seconds
[2025-06-16T00:31:09.193+0000][1186.870s][915][941][info ] Entering safepoint region: Cleanup
[2025-06-16T00:31:09.193+0000][1186.870s][915][941][info ] Leaving safepoint region
[2025-06-16T00:31:09.193+0000][1186.870s][915][941][info ] Total time for which application threads were stopped: 0.0001930 seconds, Stopping threads took: 0.0000370 seconds
[2025-06-16T00:31:10.193+0000][1187.871s][915][941][info ] Application time: 1.0001676 seconds
[2025-06-16T00:31:10.193+0000][1187.871s][915][941][info ] Entering safepoint region: Cleanup
[2025-06-16T00:31:10.194+0000][1187.871s][915][941][info ] Leaving safepoint region
[2025-06-16T00:31:10.194+0000][1187.871s][915][941][info ] Total time for which application threads were stopped: 0.0004019 seconds, Stopping threads took: 0.0000786 seconds
[2025-06-16T00:31:11.194+0000][1188.871s][915][941][info ] Application time: 1.0001070 seconds
[2025-06-16T00:31:11.194+0000][1188.871s][915][941][info ] Entering safepoint region: Cleanup
[2025-06-16T00:31:11.194+0000][1188.871s][915][941][info ] Leaving safepoint region
[2025-06-16T00:31:11.194+0000][1188.871s][915][941][info ] Total time for which application threads were stopped: 0.0001785 seconds, Stopping threads took: 0.0000421 seconds
[2025-06-16T00:31:12.194+0000][1189.872s][915][941][info ] Application time: 1.0001057 seconds
[2025-06-16T00:31:12.194+0000][1189.872s][915][941][info ] Entering safepoint region: Cleanup
[2025-06-16T00:31:12.194+0000][1189.872s][915][941][info ] Leaving safepoint region
[2025-06-16T00:31:12.194+0000][1189.872s][915][941][info ] Total time for which application threads were stopped: 0.0001798 seconds, Stopping threads took: 0.0000382 seconds
[2025-06-16T00:31:13.195+0000][1190.872s][915][941][info ] Application time: 1.0001107 seconds
[2025-06-16T00:31:13.195+0000][1190.872s][915][941][info ] Entering safepoint region: Cleanup
[2025-06-16T00:31:13.195+0000][1190.872s][915][941][info ] Leaving safepoint region
[2025-06-16T00:31:13.195+0000][1190.872s][915][941][info ] Total time for which application threads were stopped: 0.0002114 seconds, Stopping threads took: 0.0000467 seconds
[2025-06-16T00:31:14.195+0000][1191.872s][915][941][info ] Application time: 1.0000975 seconds
[2025-06-16T00:31:14.195+0000][1191.873s][915][941][info ] Entering safepoint region: Cleanup
[2025-06-16T00:31:14.195+0000][1191.873s][915][941][info ] Leaving safepoint region
[2025-06-16T00:31:14.195+0000][1191.873s][915][941][info ] Total time for which application threads were stopped: 0.0001911 seconds, Stopping threads took: 0.0000435 seconds
[2025-06-16T00:31:14.856+0000][1192.534s][915][940][trace] CMS: promo attempt is safe: available(6912212992) >= av_promo(0), max_promo(821718696)
[2025-06-16T00:31:15.195+0000][1192.873s][915][941][info ] Application time: 1.0001296 seconds
[2025-06-16T00:31:15.195+0000][1192.873s][915][941][info ] Entering safepoint region: Cleanup
[2025-06-16T00:31:15.196+0000][1192.873s][915][941][info ] Leaving safepoint region
[2025-06-16T00:31:15.196+0000][1192.873s][915][941][info ] Total time for which application threads were stopped: 0.0002208 seconds, Stopping threads took: 0.0000473 seconds
[2025-06-16T00:31:16.196+0000][1193.873s][915][941][info ] Application time: 1.0001014 seconds
[2025-06-16T00:31:16.196+0000][1193.873s][915][941][info ] Entering safepoint region: Cleanup
[2025-06-16T00:31:16.196+0000][1193.874s][915][941][info ] Leaving safepoint region
[2025-06-16T00:31:16.196+0000][1193.874s][915][941][info ] Total time for which application threads were stopped: 0.0001882 seconds, Stopping threads took: 0.0000500 seconds
[2025-06-16T00:31:17.196+0000][1194.874s][915][941][info ] Application time: 1.0001174 seconds
[2025-06-16T00:31:17.196+0000][1194.874s][915][941][info ] Entering safepoint region: Cleanup
[2025-06-16T00:31:17.196+0000][1194.874s][915][941][info ] Leaving safepoint region
[2025-06-16T00:31:17.197+0000][1194.874s][915][941][info ] Total time for which application threads were stopped: 0.0002559 seconds, Stopping threads took: 0.0000591 seconds
[2025-06-16T00:31:18.197+0000][1195.874s][915][941][info ] Application time: 1.0001208 seconds
[2025-06-16T00:31:18.197+0000][1195.874s][915][941][info ] Entering safepoint region: Cleanup
[2025-06-16T00:31:18.197+0000][1195.874s][915][941][info ] Leaving safepoint region
[2025-06-16T00:31:18.197+0000][1195.874s][915][941][info ] Total time for which application threads were stopped: 0.0001764 seconds, Stopping threads took: 0.0000362 seconds
[2025-06-16T00:31:19.197+0000][1196.875s][915][941][info ] Application time: 1.0000988 seconds
[2025-06-16T00:31:19.197+0000][1196.875s][915][941][info ] Entering safepoint region: Cleanup
[2025-06-16T00:31:19.197+0000][1196.875s][915][941][info ] Leaving safepoint region
[2025-06-16T00:31:19.197+0000][1196.875s][915][941][info ] Total time for which application threads were stopped: 0.0002265 seconds, Stopping threads took: 0.0000466 seconds
[2025-06-16T00:31:20.197+0000][1197.875s][915][941][info ] Application time: 1.0001060 seconds
[2025-06-16T00:31:20.198+0000][1197.875s][915][941][info ] Entering safepoint region: Cleanup
[2025-06-16T00:31:20.198+0000][1197.875s][915][941][info ] Leaving safepoint region
[2025-06-16T00:31:20.198+0000][1197.875s][915][941][info ] Total time for which application threads were stopped: 0.0002917 seconds, Stopping threads took: 0.0000546 seconds
[2025-06-16T00:31:21.198+0000][1198.875s][915][941][info ] Application time: 1.0000984 seconds
[2025-06-16T00:31:21.198+0000][1198.876s][915][941][info ] Entering safepoint region: Cleanup
[2025-06-16T00:31:21.198+0000][1198.876s][915][941][info ] Leaving safepoint region
[2025-06-16T00:31:21.198+0000][1198.876s][915][941][info ] Total time for which application threads were stopped: 0.0001841 seconds, Stopping threads took: 0.0000402 seconds
[2025-06-16T00:31:22.198+0000][1199.876s][915][941][info ] Application time: 1.0000897 seconds
[2025-06-16T00:31:22.198+0000][1199.876s][915][941][info ] Entering safepoint region: Cleanup
[2025-06-16T00:31:22.199+0000][1199.876s][915][941][info ] Leaving safepoint region
[2025-06-16T00:31:22.199+0000][1199.876s][915][941][info ] Total time for which application threads were stopped: 0.0001639 seconds, Stopping threads took: 0.0000359 seconds
[2025-06-16T00:31:23.199+0000][1200.876s][915][941][info ] Application time: 1.0001087 seconds
[2025-06-16T00:31:23.199+0000][1200.876s][915][941][info ] Entering safepoint region: Cleanup
[2025-06-16T00:31:23.199+0000][1200.876s][915][941][info ] Leaving safepoint region
[2025-06-16T00:31:23.199+0000][1200.876s][915][941][info ] Total time for which application threads were stopped: 0.0001560 seconds, Stopping threads took: 0.0000335 seconds
[2025-06-16T00:31:24.199+0000][1201.877s][915][941][info ] Application time: 1.0000900 seconds
[2025-06-16T00:31:24.199+0000][1201.877s][915][941][info ] Entering safepoint region: Cleanup
[2025-06-16T00:31:24.199+0000][1201.877s][915][941][info ] Leaving safepoint region
[2025-06-16T00:31:24.199+0000][1201.877s][915][941][info ] Total time for which application threads were stopped: 0.0002078 seconds, Stopping threads took: 0.0000382 seconds
[2025-06-16T00:31:24.856+0000][1202.534s][915][940][trace] CMS: promo attempt is safe: available(6912212992) >= av_promo(0), max_promo(821718696)
[2025-06-16T00:31:25.199+0000][1202.877s][915][941][info ] Application time: 1.0001109 seconds
[2025-06-16T00:31:25.200+0000][1202.877s][915][941][info ] Entering safepoint region: Cleanup
[2025-06-16T00:31:25.200+0000][1202.877s][915][941][info ] Leaving safepoint region
[2025-06-16T00:31:25.200+0000][1202.877s][915][941][info ] Total time for which application threads were stopped: 0.0002089 seconds, Stopping threads took: 0.0000460 seconds
[2025-06-16T00:31:26.200+0000][1203.877s][915][941][info ] Application time: 1.0000889 seconds
[2025-06-16T00:31:26.200+0000][1203.877s][915][941][info ] Entering safepoint region: Cleanup
[2025-06-16T00:31:26.200+0000][1203.878s][915][941][info ] Leaving safepoint region
[2025-06-16T00:31:26.200+0000][1203.878s][915][941][info ] Total time for which application threads were stopped: 0.0001706 seconds, Stopping threads took: 0.0000383 seconds
[2025-06-16T00:31:27.200+0000][1204.878s][915][941][info ] Application time: 1.0001015 seconds
[2025-06-16T00:31:27.200+0000][1204.878s][915][941][info ] Entering safepoint region: Cleanup
[2025-06-16T00:31:27.200+0000][1204.878s][915][941][info ] Leaving safepoint region
[2025-06-16T00:31:27.200+0000][1204.878s][915][941][info ] Total time for which application threads were stopped: 0.0002219 seconds, Stopping threads took: 0.0000412 seconds
[2025-06-16T00:31:28.201+0000][1205.878s][915][941][info ] Application time: 1.0001227 seconds
[2025-06-16T00:31:28.201+0000][1205.878s][915][941][info ] Entering safepoint region: Cleanup
[2025-06-16T00:31:28.201+0000][1205.878s][915][941][info ] Leaving safepoint region
[2025-06-16T00:31:28.201+0000][1205.878s][915][941][info ] Total time for which application threads were stopped: 0.0001824 seconds, Stopping threads took: 0.0000402 seconds
[2025-06-16T00:31:29.201+0000][1206.878s][915][941][info ] Application time: 1.0000961 seconds
[2025-06-16T00:31:29.201+0000][1206.879s][915][941][info ] Entering safepoint region: Cleanup
[2025-06-16T00:31:29.201+0000][1206.879s][915][941][info ] Leaving safepoint region
[2025-06-16T00:31:29.201+0000][1206.879s][915][941][info ] Total time for which application threads were stopped: 0.0002527 seconds, Stopping threads took: 0.0000795 seconds
[2025-06-16T00:31:30.201+0000][1207.879s][915][941][info ] Application time: 1.0001115 seconds
[2025-06-16T00:31:30.202+0000][1207.879s][915][941][info ] Entering safepoint region: Cleanup
[2025-06-16T00:31:30.202+0000][1207.879s][915][941][info ] Leaving safepoint region
[2025-06-16T00:31:30.202+0000][1207.879s][915][941][info ] Total time for which application threads were stopped: 0.0002448 seconds, Stopping threads took: 0.0000504 seconds
[2025-06-16T00:31:31.202+0000][1208.879s][915][941][info ] Application time: 1.0000921 seconds
[2025-06-16T00:31:31.202+0000][1208.879s][915][941][info ] Entering safepoint region: Cleanup
[2025-06-16T00:31:31.202+0000][1208.880s][915][941][info ] Leaving safepoint region
[2025-06-16T00:31:31.202+0000][1208.880s][915][941][info ] Total time for which application threads were stopped: 0.0001927 seconds, Stopping threads took: 0.0000377 seconds
[2025-06-16T00:31:32.202+0000][1209.880s][915][941][info ] Application time: 1.0001081 seconds
[2025-06-16T00:31:32.202+0000][1209.880s][915][941][info ] Entering safepoint region: Cleanup
[2025-06-16T00:31:32.203+0000][1209.880s][915][941][info ] Leaving safepoint region
[2025-06-16T00:31:32.203+0000][1209.880s][915][941][info ] Total time for which application threads were stopped: 0.0002112 seconds, Stopping threads took: 0.0000357 seconds
[2025-06-16T00:31:33.203+0000][1210.880s][915][941][info ] Application time: 1.0001014 seconds
[2025-06-16T00:31:33.203+0000][1210.880s][915][941][info ] Entering safepoint region: Cleanup
[2025-06-16T00:31:33.203+0000][1210.880s][915][941][info ] Leaving safepoint region
[2025-06-16T00:31:33.203+0000][1210.880s][915][941][info ] Total time for which application threads were stopped: 0.0001906 seconds, Stopping threads took: 0.0000420 seconds
[2025-06-16T00:31:34.203+0000][1211.881s][915][941][info ] Application time: 1.0000983 seconds
[2025-06-16T00:31:34.203+0000][1211.881s][915][941][info ] Entering safepoint region: Cleanup
[2025-06-16T00:31:34.203+0000][1211.881s][915][941][info ] Leaving safepoint region
[2025-06-16T00:31:34.203+0000][1211.881s][915][941][info ] Total time for which application threads were stopped: 0.0001670 seconds, Stopping threads took: 0.0000407 seconds
[2025-06-16T00:31:34.856+0000][1212.534s][915][940][trace] CMS: promo attempt is safe: available(6912212992) >= av_promo(0), max_promo(821718696)
[2025-06-16T00:31:35.203+0000][1212.881s][915][941][info ] Application time: 1.0001016 seconds
[2025-06-16T00:31:35.204+0000][1212.881s][915][941][info ] Entering safepoint region: Cleanup
[2025-06-16T00:31:35.204+0000][1212.881s][915][941][info ] Leaving safepoint region
[2025-06-16T00:31:35.204+0000][1212.881s][915][941][info ] Total time for which application threads were stopped: 0.0001833 seconds, Stopping threads took: 0.0000409 seconds
[2025-06-16T00:31:36.204+0000][1213.881s][915][941][info ] Application time: 1.0000888 seconds
[2025-06-16T00:31:36.204+0000][1213.881s][915][941][info ] Entering safepoint region: Cleanup
[2025-06-16T00:31:36.204+0000][1213.882s][915][941][info ] Leaving safepoint region
[2025-06-16T00:31:36.204+0000][1213.882s][915][941][info ] Total time for which application threads were stopped: 0.0001590 seconds, Stopping threads took: 0.0000345 seconds
[2025-06-16T00:31:37.204+0000][1214.882s][915][941][info ] Application time: 1.0000875 seconds
[2025-06-16T00:31:37.204+0000][1214.882s][915][941][info ] Entering safepoint region: Cleanup
[2025-06-16T00:31:37.204+0000][1214.882s][915][941][info ] Leaving safepoint region
[2025-06-16T00:31:37.204+0000][1214.882s][915][941][info ] Total time for which application threads were stopped: 0.0001602 seconds, Stopping threads took: 0.0000344 seconds
[2025-06-16T00:31:38.205+0000][1215.882s][915][941][info ] Application time: 1.0001650 seconds
[2025-06-16T00:31:38.205+0000][1215.882s][915][941][info ] Entering safepoint region: Cleanup
[2025-06-16T00:31:38.205+0000][1215.882s][915][941][info ] Leaving safepoint region
[2025-06-16T00:31:38.205+0000][1215.882s][915][941][info ] Total time for which application threads were stopped: 0.0001783 seconds, Stopping threads took: 0.0000387 seconds
[2025-06-16T00:31:39.205+0000][1216.882s][915][941][info ] Application time: 1.0000899 seconds
[2025-06-16T00:31:39.205+0000][1216.882s][915][941][info ] Entering safepoint region: Cleanup
[2025-06-16T00:31:39.205+0000][1216.883s][915][941][info ] Leaving safepoint region
[2025-06-16T00:31:39.205+0000][1216.883s][915][941][info ] Total time for which application threads were stopped: 0.0001795 seconds, Stopping threads took: 0.0000386 seconds
[2025-06-16T00:31:40.205+0000][1217.883s][915][941][info ] Application time: 1.0001157 seconds
[2025-06-16T00:31:40.205+0000][1217.883s][915][941][info ] Entering safepoint region: Cleanup
[2025-06-16T00:31:40.206+0000][1217.883s][915][941][info ] Leaving safepoint region
[2025-06-16T00:31:40.206+0000][1217.883s][915][941][info ] Total time for which application threads were stopped: 0.0002779 seconds, Stopping threads took: 0.0000603 seconds
[2025-06-16T00:31:41.206+0000][1218.883s][915][941][info ] Application time: 1.0001296 seconds
[2025-06-16T00:31:41.206+0000][1218.883s][915][941][info ] Entering safepoint region: Cleanup
[2025-06-16T00:31:41.206+0000][1218.884s][915][941][info ] Leaving safepoint region
[2025-06-16T00:31:41.206+0000][1218.884s][915][941][info ] Total time for which application threads were stopped: 0.0001992 seconds, Stopping threads took: 0.0000386 seconds
[2025-06-16T00:31:42.206+0000][1219.884s][915][941][info ] Application time: 1.0001135 seconds
[2025-06-16T00:31:42.206+0000][1219.884s][915][941][info ] Entering safepoint region: Cleanup
[2025-06-16T00:31:42.207+0000][1219.884s][915][941][info ] Leaving safepoint region
[2025-06-16T00:31:42.207+0000][1219.884s][915][941][info ] Total time for which application threads were stopped: 0.0001962 seconds, Stopping threads took: 0.0000448 seconds
[2025-06-16T00:31:43.207+0000][1220.884s][915][941][info ] Application time: 1.0001045 seconds
[2025-06-16T00:31:43.207+0000][1220.884s][915][941][info ] Entering safepoint region: Cleanup
[2025-06-16T00:31:43.207+0000][1220.884s][915][941][info ] Leaving safepoint region
[2025-06-16T00:31:43.207+0000][1220.884s][915][941][info ] Total time for which application threads were stopped: 0.0001733 seconds, Stopping threads took: 0.0000371 seconds
[2025-06-16T00:31:44.207+0000][1221.885s][915][941][info ] Application time: 1.0000954 seconds
[2025-06-16T00:31:44.207+0000][1221.885s][915][941][info ] Entering safepoint region: Cleanup
[2025-06-16T00:31:44.207+0000][1221.885s][915][941][info ] Leaving safepoint region
[2025-06-16T00:31:44.207+0000][1221.885s][915][941][info ] Total time for which application threads were stopped: 0.0001738 seconds, Stopping threads took: 0.0000353 seconds
[2025-06-16T00:31:44.856+0000][1222.534s][915][940][trace] CMS: promo attempt is safe: available(6912212992) >= av_promo(0), max_promo(821718696)
[2025-06-16T00:31:45.207+0000][1222.885s][915][941][info ] Application time: 1.0000866 seconds
[2025-06-16T00:31:45.207+0000][1222.885s][915][941][info ] Entering safepoint region: Cleanup
[2025-06-16T00:31:45.208+0000][1222.885s][915][941][info ] Leaving safepoint region
[2025-06-16T00:31:45.208+0000][1222.885s][915][941][info ] Total time for which application threads were stopped: 0.0001501 seconds, Stopping threads took: 0.0000324 seconds
[2025-06-16T00:31:46.208+0000][1223.885s][915][941][info ] Application time: 1.0001348 seconds
[2025-06-16T00:31:46.208+0000][1223.885s][915][941][info ] Entering safepoint region: Cleanup
[2025-06-16T00:31:46.208+0000][1223.885s][915][941][info ] Leaving safepoint region
[2025-06-16T00:31:46.208+0000][1223.885s][915][941][info ] Total time for which application threads were stopped: 0.0001914 seconds, Stopping threads took: 0.0000396 seconds
[2025-06-16T00:31:47.208+0000][1224.886s][915][941][info ] Application time: 1.0000960 seconds
[2025-06-16T00:31:47.208+0000][1224.886s][915][941][info ] Entering safepoint region: Cleanup
[2025-06-16T00:31:47.208+0000][1224.886s][915][941][info ] Leaving safepoint region
[2025-06-16T00:31:47.208+0000][1224.886s][915][941][info ] Total time for which application threads were stopped: 0.0001837 seconds, Stopping threads took: 0.0000362 seconds
[2025-06-16T00:31:48.208+0000][1225.886s][915][941][info ] Application time: 1.0001076 seconds
[2025-06-16T00:31:48.209+0000][1225.886s][915][941][info ] Entering safepoint region: Cleanup
[2025-06-16T00:31:48.209+0000][1225.886s][915][941][info ] Leaving safepoint region
[2025-06-16T00:31:48.209+0000][1225.886s][915][941][info ] Total time for which application threads were stopped: 0.0002621 seconds, Stopping threads took: 0.0000562 seconds
[2025-06-16T00:31:49.209+0000][1226.886s][915][941][info ] Application time: 1.0001017 seconds
[2025-06-16T00:31:49.209+0000][1226.887s][915][941][info ] Entering safepoint region: Cleanup
[2025-06-16T00:31:49.209+0000][1226.887s][915][941][info ] Leaving safepoint region
[2025-06-16T00:31:49.209+0000][1226.887s][915][941][info ] Total time for which application threads were stopped: 0.0001853 seconds, Stopping threads took: 0.0000431 seconds
[2025-06-16T00:31:50.209+0000][1227.887s][915][941][info ] Application time: 1.0001172 seconds
[2025-06-16T00:31:50.209+0000][1227.887s][915][941][info ] Entering safepoint region: Cleanup
[2025-06-16T00:31:50.210+0000][1227.887s][915][941][info ] Leaving safepoint region
[2025-06-16T00:31:50.210+0000][1227.887s][915][941][info ] Total time for which application threads were stopped: 0.0002406 seconds, Stopping threads took: 0.0000385 seconds
[2025-06-16T00:31:51.210+0000][1228.887s][915][941][info ] Application time: 1.0000943 seconds
[2025-06-16T00:31:51.210+0000][1228.887s][915][941][info ] Entering safepoint region: Cleanup
[2025-06-16T00:31:51.210+0000][1228.888s][915][941][info ] Leaving safepoint region
[2025-06-16T00:31:51.210+0000][1228.888s][915][941][info ] Total time for which application threads were stopped: 0.0001790 seconds, Stopping threads took: 0.0000414 seconds
[2025-06-16T00:31:52.210+0000][1229.888s][915][941][info ] Application time: 1.0001094 seconds
[2025-06-16T00:31:52.210+0000][1229.888s][915][941][info ] Entering safepoint region: Cleanup
[2025-06-16T00:31:52.210+0000][1229.888s][915][941][info ] Leaving safepoint region
[2025-06-16T00:31:52.210+0000][1229.888s][915][941][info ] Total time for which application threads were stopped: 0.0002189 seconds, Stopping threads took: 0.0000472 seconds
[2025-06-16T00:31:53.211+0000][1230.888s][915][941][info ] Application time: 1.0000843 seconds
[2025-06-16T00:31:53.211+0000][1230.888s][915][941][info ] Entering safepoint region: Cleanup
[2025-06-16T00:31:53.211+0000][1230.888s][915][941][info ] Leaving safepoint region
[2025-06-16T00:31:53.211+0000][1230.888s][915][941][info ] Total time for which application threads were stopped: 0.0001648 seconds, Stopping threads took: 0.0000362 seconds
[2025-06-16T00:31:54.211+0000][1231.888s][915][941][info ] Application time: 1.0000935 seconds
[2025-06-16T00:31:54.211+0000][1231.889s][915][941][info ] Entering safepoint region: Cleanup
[2025-06-16T00:31:54.211+0000][1231.889s][915][941][info ] Leaving safepoint region
[2025-06-16T00:31:54.211+0000][1231.889s][915][941][info ] Total time for which application threads were stopped: 0.0001691 seconds, Stopping threads took: 0.0000374 seconds
[2025-06-16T00:31:54.856+0000][1232.534s][915][940][trace] CMS: promo attempt is safe: available(6912212992) >= av_promo(0), max_promo(826599384)
[2025-06-16T00:31:55.211+0000][1232.889s][915][941][info ] Application time: 1.0001099 seconds
[2025-06-16T00:31:55.211+0000][1232.889s][915][941][info ] Entering safepoint region: Cleanup
[2025-06-16T00:31:55.212+0000][1232.889s][915][941][info ] Leaving safepoint region
[2025-06-16T00:31:55.212+0000][1232.889s][915][941][info ] Total time for which application threads were stopped: 0.0002205 seconds, Stopping threads took: 0.0000392 seconds
[2025-06-16T00:31:56.212+0000][1233.889s][915][941][info ] Application time: 1.0000973 seconds
[2025-06-16T00:31:56.212+0000][1233.889s][915][941][info ] Entering safepoint region: Cleanup
[2025-06-16T00:31:56.212+0000][1233.889s][915][941][info ] Leaving safepoint region
[2025-06-16T00:31:56.212+0000][1233.889s][915][941][info ] Total time for which application threads were stopped: 0.0001724 seconds, Stopping threads took: 0.0000363 seconds
[2025-06-16T00:31:57.212+0000][1234.890s][915][941][info ] Application time: 1.0000998 seconds
[2025-06-16T00:31:57.212+0000][1234.890s][915][941][info ] Entering safepoint region: Cleanup
[2025-06-16T00:31:57.212+0000][1234.890s][915][941][info ] Leaving safepoint region
[2025-06-16T00:31:57.212+0000][1234.890s][915][941][info ] Total time for which application threads were stopped: 0.0002321 seconds, Stopping threads took: 0.0000343 seconds
[2025-06-16T00:31:58.213+0000][1235.890s][915][941][info ] Application time: 1.0001203 seconds
[2025-06-16T00:31:58.213+0000][1235.890s][915][941][info ] Entering safepoint region: Cleanup
[2025-06-16T00:31:58.213+0000][1235.890s][915][941][info ] Leaving safepoint region
[2025-06-16T00:31:58.213+0000][1235.890s][915][941][info ] Total time for which application threads were stopped: 0.0001791 seconds, Stopping threads took: 0.0000397 seconds
[2025-06-16T00:31:59.213+0000][1236.890s][915][941][info ] Application time: 1.0000895 seconds
[2025-06-16T00:31:59.213+0000][1236.891s][915][941][info ] Entering safepoint region: Cleanup
[2025-06-16T00:31:59.213+0000][1236.891s][915][941][info ] Leaving safepoint region
[2025-06-16T00:31:59.213+0000][1236.891s][915][941][info ] Total time for which application threads were stopped: 0.0001987 seconds, Stopping threads took: 0.0000418 seconds
[2025-06-16T00:32:00.213+0000][1237.891s][915][941][info ] Application time: 1.0001009 seconds
[2025-06-16T00:32:00.213+0000][1237.891s][915][941][info ] Entering safepoint region: Cleanup
[2025-06-16T00:32:00.214+0000][1237.891s][915][941][info ] Leaving safepoint region
[2025-06-16T00:32:00.214+0000][1237.891s][915][941][info ] Total time for which application threads were stopped: 0.0001999 seconds, Stopping threads took: 0.0000411 seconds
[2025-06-16T00:32:01.214+0000][1238.891s][915][941][info ] Application time: 1.0001081 seconds
[2025-06-16T00:32:01.214+0000][1238.891s][915][941][info ] Entering safepoint region: Cleanup
[2025-06-16T00:32:01.214+0000][1238.891s][915][941][info ] Leaving safepoint region
[2025-06-16T00:32:01.214+0000][1238.891s][915][941][info ] Total time for which application threads were stopped: 0.0001843 seconds, Stopping threads took: 0.0000395 seconds
[2025-06-16T00:32:02.214+0000][1239.892s][915][941][info ] Application time: 1.0001041 seconds
[2025-06-16T00:32:02.214+0000][1239.892s][915][941][info ] Entering safepoint region: Cleanup
[2025-06-16T00:32:02.214+0000][1239.892s][915][941][info ] Leaving safepoint region
[2025-06-16T00:32:02.214+0000][1239.892s][915][941][info ] Total time for which application threads were stopped: 0.0001933 seconds, Stopping threads took: 0.0000376 seconds
[2025-06-16T00:32:03.215+0000][1240.892s][915][941][info ] Application time: 1.0001070 seconds
[2025-06-16T00:32:03.215+0000][1240.892s][915][941][info ] Entering safepoint region: Cleanup
[2025-06-16T00:32:03.215+0000][1240.892s][915][941][info ] Leaving safepoint region
[2025-06-16T00:32:03.215+0000][1240.892s][915][941][info ] Total time for which application threads were stopped: 0.0001913 seconds, Stopping threads took: 0.0000426 seconds
[2025-06-16T00:32:04.215+0000][1241.892s][915][941][info ] Application time: 1.0001094 seconds
[2025-06-16T00:32:04.215+0000][1241.893s][915][941][info ] Entering safepoint region: Cleanup
[2025-06-16T00:32:04.215+0000][1241.893s][915][941][info ] Leaving safepoint region
[2025-06-16T00:32:04.215+0000][1241.893s][915][941][info ] Total time for which application threads were stopped: 0.0001654 seconds, Stopping threads took: 0.0000371 seconds
[2025-06-16T00:32:04.856+0000][1242.534s][915][940][trace] CMS: promo attempt is safe: available(6912212992) >= av_promo(0), max_promo(826599384)
[2025-06-16T00:32:05.215+0000][1242.893s][915][941][info ] Application time: 1.0001111 seconds
[2025-06-16T00:32:05.215+0000][1242.893s][915][941][info ] Entering safepoint region: Cleanup
[2025-06-16T00:32:05.216+0000][1242.893s][915][941][info ] Leaving safepoint region
[2025-06-16T00:32:05.216+0000][1242.893s][915][941][info ] Total time for which application threads were stopped: 0.0001944 seconds, Stopping threads took: 0.0000418 seconds
[2025-06-16T00:32:06.216+0000][1243.893s][915][941][info ] Application time: 1.0003121 seconds
[2025-06-16T00:32:06.216+0000][1243.894s][915][941][info ] Entering safepoint region: Cleanup
[2025-06-16T00:32:06.216+0000][1243.894s][915][941][info ] Leaving safepoint region
[2025-06-16T00:32:06.216+0000][1243.894s][915][941][info ] Total time for which application threads were stopped: 0.0003588 seconds, Stopping threads took: 0.0001221 seconds
[2025-06-16T00:32:07.217+0000][1244.894s][915][941][info ] Application time: 1.0001375 seconds
[2025-06-16T00:32:07.217+0000][1244.894s][915][941][info ] Entering safepoint region: Cleanup
[2025-06-16T00:32:07.217+0000][1244.894s][915][941][info ] Leaving safepoint region
[2025-06-16T00:32:07.217+0000][1244.894s][915][941][info ] Total time for which application threads were stopped: 0.0002629 seconds, Stopping threads took: 0.0000524 seconds
[2025-06-16T00:32:08.217+0000][1245.895s][915][941][info ] Application time: 1.0000802 seconds
[2025-06-16T00:32:08.217+0000][1245.895s][915][941][info ] Entering safepoint region: Cleanup
[2025-06-16T00:32:08.217+0000][1245.895s][915][941][info ] Leaving safepoint region
[2025-06-16T00:32:08.217+0000][1245.895s][915][941][info ] Total time for which application threads were stopped: 0.0001975 seconds, Stopping threads took: 0.0000365 seconds
[2025-06-16T00:32:09.217+0000][1246.895s][915][941][info ] Application time: 1.0000957 seconds
[2025-06-16T00:32:09.218+0000][1246.895s][915][941][info ] Entering safepoint region: Cleanup
[2025-06-16T00:32:09.218+0000][1246.895s][915][941][info ] Leaving safepoint region
[2025-06-16T00:32:09.218+0000][1246.895s][915][941][info ] Total time for which application threads were stopped: 0.0002341 seconds, Stopping threads took: 0.0000381 seconds
[2025-06-16T00:32:10.218+0000][1247.895s][915][941][info ] Application time: 1.0001305 seconds
[2025-06-16T00:32:10.218+0000][1247.896s][915][941][info ] Entering safepoint region: Cleanup
[2025-06-16T00:32:10.218+0000][1247.896s][915][941][info ] Leaving safepoint region
[2025-06-16T00:32:10.218+0000][1247.896s][915][941][info ] Total time for which application threads were stopped: 0.0002558 seconds, Stopping threads took: 0.0000617 seconds
[2025-06-16T00:32:11.218+0000][1248.896s][915][941][info ] Application time: 1.0000998 seconds
[2025-06-16T00:32:11.218+0000][1248.896s][915][941][info ] Entering safepoint region: Cleanup
[2025-06-16T00:32:11.219+0000][1248.896s][915][941][info ] Leaving safepoint region
[2025-06-16T00:32:11.219+0000][1248.896s][915][941][info ] Total time for which application threads were stopped: 0.0001660 seconds, Stopping threads took: 0.0000344 seconds
[2025-06-16T00:32:12.219+0000][1249.896s][915][941][info ] Application time: 1.0000899 seconds
[2025-06-16T00:32:12.219+0000][1249.896s][915][941][info ] Entering safepoint region: Cleanup
[2025-06-16T00:32:12.219+0000][1249.896s][915][941][info ] Leaving safepoint region
[2025-06-16T00:32:12.219+0000][1249.896s][915][941][info ] Total time for which application threads were stopped: 0.0001833 seconds, Stopping threads took: 0.0000354 seconds
[2025-06-16T00:32:13.219+0000][1250.897s][915][941][info ] Application time: 1.0001067 seconds
[2025-06-16T00:32:13.219+0000][1250.897s][915][941][info ] Entering safepoint region: Cleanup
[2025-06-16T00:32:13.219+0000][1250.897s][915][941][info ] Leaving safepoint region
[2025-06-16T00:32:13.219+0000][1250.897s][915][941][info ] Total time for which application threads were stopped: 0.0001921 seconds, Stopping threads took: 0.0000373 seconds
[2025-06-16T00:32:14.219+0000][1251.897s][915][941][info ] Application time: 1.0001230 seconds
[2025-06-16T00:32:14.220+0000][1251.897s][915][941][info ] Entering safepoint region: Cleanup
[2025-06-16T00:32:14.220+0000][1251.897s][915][941][info ] Leaving safepoint region
[2025-06-16T00:32:14.220+0000][1251.897s][915][941][info ] Total time for which application threads were stopped: 0.0001710 seconds, Stopping threads took: 0.0000390 seconds
[2025-06-16T00:32:14.856+0000][1252.533s][915][940][trace] CMS: promo attempt is safe: available(6912212992) >= av_promo(0), max_promo(826599384)
[2025-06-16T00:32:15.220+0000][1252.897s][915][941][info ] Application time: 1.0001021 seconds
[2025-06-16T00:32:15.220+0000][1252.897s][915][941][info ] Entering safepoint region: Cleanup
[2025-06-16T00:32:15.220+0000][1252.898s][915][941][info ] Leaving safepoint region
[2025-06-16T00:32:15.220+0000][1252.898s][915][941][info ] Total time for which application threads were stopped: 0.0001927 seconds, Stopping threads took: 0.0000386 seconds
[2025-06-16T00:32:16.220+0000][1253.898s][915][941][info ] Application time: 1.0000972 seconds
[2025-06-16T00:32:16.221+0000][1253.899s][915][941][info ] Entering safepoint region: Cleanup
[2025-06-16T00:32:16.222+0000][1253.899s][915][941][info ] Leaving safepoint region
[2025-06-16T00:32:16.222+0000][1253.899s][915][941][info ] Total time for which application threads were stopped: 0.0016709 seconds, Stopping threads took: 0.0012717 seconds
[2025-06-16T00:32:17.222+0000][1254.900s][915][941][info ] Application time: 1.0001307 seconds
[2025-06-16T00:32:17.222+0000][1254.900s][915][941][info ] Entering safepoint region: Cleanup
[2025-06-16T00:32:17.222+0000][1254.900s][915][941][info ] Leaving safepoint region
[2025-06-16T00:32:17.222+0000][1254.900s][915][941][info ] Total time for which application threads were stopped: 0.0002069 seconds, Stopping threads took: 0.0000435 seconds
[2025-06-16T00:32:18.223+0000][1255.900s][915][941][info ] Application time: 1.0000924 seconds
[2025-06-16T00:32:18.223+0000][1255.900s][915][941][info ] Entering safepoint region: Cleanup
[2025-06-16T00:32:18.223+0000][1255.900s][915][941][info ] Leaving safepoint region
[2025-06-16T00:32:18.223+0000][1255.900s][915][941][info ] Total time for which application threads were stopped: 0.0001845 seconds, Stopping threads took: 0.0000403 seconds
[2025-06-16T00:32:19.223+0000][1256.900s][915][941][info ] Application time: 1.0000952 seconds
[2025-06-16T00:32:19.223+0000][1256.901s][915][941][info ] Entering safepoint region: Cleanup
[2025-06-16T00:32:19.223+0000][1256.901s][915][941][info ] Leaving safepoint region
[2025-06-16T00:32:19.223+0000][1256.901s][915][941][info ] Total time for which application threads were stopped: 0.0001787 seconds, Stopping threads took: 0.0000373 seconds
[2025-06-16T00:32:20.223+0000][1257.901s][915][941][info ] Application time: 1.0001101 seconds
[2025-06-16T00:32:20.223+0000][1257.901s][915][941][info ] Entering safepoint region: Cleanup
[2025-06-16T00:32:20.224+0000][1257.901s][915][941][info ] Leaving safepoint region
[2025-06-16T00:32:20.224+0000][1257.901s][915][941][info ] Total time for which application threads were stopped: 0.0001932 seconds, Stopping threads took: 0.0000412 seconds
[2025-06-16T00:32:21.224+0000][1258.901s][915][941][info ] Application time: 1.0001253 seconds
[2025-06-16T00:32:21.224+0000][1258.901s][915][941][info ] Entering safepoint region: Cleanup
[2025-06-16T00:32:21.224+0000][1258.901s][915][941][info ] Leaving safepoint region
[2025-06-16T00:32:21.224+0000][1258.901s][915][941][info ] Total time for which application threads were stopped: 0.0001739 seconds, Stopping threads took: 0.0000395 seconds
[2025-06-16T00:32:22.224+0000][1259.902s][915][941][info ] Application time: 1.0001065 seconds
[2025-06-16T00:32:22.224+0000][1259.902s][915][941][info ] Entering safepoint region: Cleanup
[2025-06-16T00:32:22.224+0000][1259.902s][915][941][info ] Leaving safepoint region
[2025-06-16T00:32:22.224+0000][1259.902s][915][941][info ] Total time for which application threads were stopped: 0.0001984 seconds, Stopping threads took: 0.0000439 seconds
[2025-06-16T00:32:23.225+0000][1260.902s][915][941][info ] Application time: 1.0000982 seconds
[2025-06-16T00:32:23.225+0000][1260.902s][915][941][info ] Entering safepoint region: Cleanup
[2025-06-16T00:32:23.225+0000][1260.902s][915][941][info ] Leaving safepoint region
[2025-06-16T00:32:23.225+0000][1260.902s][915][941][info ] Total time for which application threads were stopped: 0.0002182 seconds, Stopping threads took: 0.0000402 seconds
[2025-06-16T00:32:24.225+0000][1261.902s][915][941][info ] Application time: 1.0000975 seconds
[2025-06-16T00:32:24.225+0000][1261.902s][915][941][info ] Entering safepoint region: Cleanup
[2025-06-16T00:32:24.225+0000][1261.903s][915][941][info ] Leaving safepoint region
[2025-06-16T00:32:24.225+0000][1261.903s][915][941][info ] Total time for which application threads were stopped: 0.0001831 seconds, Stopping threads took: 0.0000390 seconds
[2025-06-16T00:32:24.855+0000][1262.533s][915][940][trace] CMS: promo attempt is safe: available(6912212992) >= av_promo(0), max_promo(840021184)
[2025-06-16T00:32:25.225+0000][1262.903s][915][941][info ] Application time: 1.0001175 seconds
[2025-06-16T00:32:25.225+0000][1262.903s][915][941][info ] Entering safepoint region: Cleanup
[2025-06-16T00:32:25.226+0000][1262.903s][915][941][info ] Leaving safepoint region
[2025-06-16T00:32:25.226+0000][1262.903s][915][941][info ] Total time for which application threads were stopped: 0.0001826 seconds, Stopping threads took: 0.0000404 seconds
[2025-06-16T00:32:26.226+0000][1263.903s][915][941][info ] Application time: 1.0000987 seconds
[2025-06-16T00:32:26.226+0000][1263.903s][915][941][info ] Entering safepoint region: Cleanup
[2025-06-16T00:32:26.226+0000][1263.903s][915][941][info ] Leaving safepoint region
[2025-06-16T00:32:26.226+0000][1263.903s][915][941][info ] Total time for which application threads were stopped: 0.0002076 seconds, Stopping threads took: 0.0000713 seconds
[2025-06-16T00:32:27.226+0000][1264.904s][915][941][info ] Application time: 1.0000917 seconds
[2025-06-16T00:32:27.226+0000][1264.904s][915][941][info ] Entering safepoint region: Cleanup
[2025-06-16T00:32:27.226+0000][1264.904s][915][941][info ] Leaving safepoint region
[2025-06-16T00:32:27.226+0000][1264.904s][915][941][info ] Total time for which application threads were stopped: 0.0001855 seconds, Stopping threads took: 0.0000394 seconds
[2025-06-16T00:32:28.226+0000][1265.904s][915][941][info ] Application time: 1.0001161 seconds
[2025-06-16T00:32:28.227+0000][1265.904s][915][941][info ] Entering safepoint region: Cleanup
[2025-06-16T00:32:28.227+0000][1265.904s][915][941][info ] Leaving safepoint region
[2025-06-16T00:32:28.227+0000][1265.904s][915][941][info ] Total time for which application threads were stopped: 0.0002120 seconds, Stopping threads took: 0.0000472 seconds
[2025-06-16T00:32:29.227+0000][1266.904s][915][941][info ] Application time: 1.0001133 seconds
[2025-06-16T00:32:29.227+0000][1266.905s][915][941][info ] Entering safepoint region: Cleanup
[2025-06-16T00:32:29.227+0000][1266.905s][915][941][info ] Leaving safepoint region
[2025-06-16T00:32:29.227+0000][1266.905s][915][941][info ] Total time for which application threads were stopped: 0.0003838 seconds, Stopping threads took: 0.0000724 seconds
[2025-06-16T00:32:30.228+0000][1267.905s][915][941][info ] Application time: 1.0001083 seconds
[2025-06-16T00:32:30.228+0000][1267.905s][915][941][info ] Entering safepoint region: Cleanup
[2025-06-16T00:32:30.228+0000][1267.905s][915][941][info ] Leaving safepoint region
[2025-06-16T00:32:30.228+0000][1267.905s][915][941][info ] Total time for which application threads were stopped: 0.0002655 seconds, Stopping threads took: 0.0000675 seconds
[2025-06-16T00:32:31.228+0000][1268.906s][915][941][info ] Application time: 1.0001668 seconds
[2025-06-16T00:32:31.228+0000][1268.906s][915][941][info ] Entering safepoint region: Cleanup
[2025-06-16T00:32:31.229+0000][1268.906s][915][941][info ] Leaving safepoint region
[2025-06-16T00:32:31.229+0000][1268.906s][915][941][info ] Total time for which application threads were stopped: 0.0006138 seconds, Stopping threads took: 0.0001150 seconds
[2025-06-16T00:32:32.229+0000][1269.907s][915][941][info ] Application time: 1.0001071 seconds
[2025-06-16T00:32:32.229+0000][1269.907s][915][941][info ] Entering safepoint region: Cleanup
[2025-06-16T00:32:32.229+0000][1269.907s][915][941][info ] Leaving safepoint region
[2025-06-16T00:32:32.229+0000][1269.907s][915][941][info ] Total time for which application threads were stopped: 0.0001828 seconds, Stopping threads took: 0.0000401 seconds
[2025-06-16T00:32:33.230+0000][1270.907s][915][941][info ] Application time: 1.0001013 seconds
[2025-06-16T00:32:33.230+0000][1270.907s][915][941][info ] Entering safepoint region: Cleanup
[2025-06-16T00:32:33.230+0000][1270.907s][915][941][info ] Leaving safepoint region
[2025-06-16T00:32:33.230+0000][1270.907s][915][941][info ] Total time for which application threads were stopped: 0.0002696 seconds, Stopping threads took: 0.0000420 seconds
[2025-06-16T00:32:34.230+0000][1271.907s][915][941][info ] Application time: 1.0000953 seconds
[2025-06-16T00:32:34.230+0000][1271.908s][915][941][info ] Entering safepoint region: Cleanup
[2025-06-16T00:32:34.230+0000][1271.908s][915][941][info ] Leaving safepoint region
[2025-06-16T00:32:34.230+0000][1271.908s][915][941][info ] Total time for which application threads were stopped: 0.0001896 seconds, Stopping threads took: 0.0000379 seconds
[2025-06-16T00:32:34.855+0000][1272.533s][915][940][trace] CMS: promo attempt is safe: available(6912212992) >= av_promo(0), max_promo(840021184)
[2025-06-16T00:32:35.230+0000][1272.908s][915][941][info ] Application time: 1.0001348 seconds
[2025-06-16T00:32:35.231+0000][1272.908s][915][941][info ] Entering safepoint region: Cleanup
[2025-06-16T00:32:35.231+0000][1272.908s][915][941][info ] Leaving safepoint region
[2025-06-16T00:32:35.231+0000][1272.908s][915][941][info ] Total time for which application threads were stopped: 0.0001994 seconds, Stopping threads took: 0.0000423 seconds
[2025-06-16T00:32:36.231+0000][1273.908s][915][941][info ] Application time: 1.0001179 seconds
[2025-06-16T00:32:36.231+0000][1273.908s][915][941][info ] Entering safepoint region: Cleanup
[2025-06-16T00:32:36.231+0000][1273.909s][915][941][info ] Leaving safepoint region
[2025-06-16T00:32:36.231+0000][1273.909s][915][941][info ] Total time for which application threads were stopped: 0.0001791 seconds, Stopping threads took: 0.0000416 seconds
[2025-06-16T00:32:37.231+0000][1274.909s][915][941][info ] Application time: 1.0000959 seconds
[2025-06-16T00:32:37.231+0000][1274.909s][915][941][info ] Entering safepoint region: Cleanup
[2025-06-16T00:32:37.231+0000][1274.909s][915][941][info ] Leaving safepoint region
[2025-06-16T00:32:37.231+0000][1274.909s][915][941][info ] Total time for which application threads were stopped: 0.0001688 seconds, Stopping threads took: 0.0000370 seconds
[2025-06-16T00:32:38.232+0000][1275.909s][915][941][info ] Application time: 1.0000951 seconds
[2025-06-16T00:32:38.232+0000][1275.909s][915][941][info ] Entering safepoint region: Cleanup
[2025-06-16T00:32:38.232+0000][1275.909s][915][941][info ] Leaving safepoint region
[2025-06-16T00:32:38.232+0000][1275.909s][915][941][info ] Total time for which application threads were stopped: 0.0001865 seconds, Stopping threads took: 0.0000402 seconds
[2025-06-16T00:32:39.232+0000][1276.909s][915][941][info ] Application time: 1.0000934 seconds
[2025-06-16T00:32:39.232+0000][1276.910s][915][941][info ] Entering safepoint region: Cleanup
[2025-06-16T00:32:39.232+0000][1276.910s][915][941][info ] Leaving safepoint region
[2025-06-16T00:32:39.232+0000][1276.910s][915][941][info ] Total time for which application threads were stopped: 0.0001826 seconds, Stopping threads took: 0.0000407 seconds
[2025-06-16T00:32:40.232+0000][1277.910s][915][941][info ] Application time: 1.0000978 seconds
[2025-06-16T00:32:40.232+0000][1277.910s][915][941][info ] Entering safepoint region: Cleanup
[2025-06-16T00:32:40.233+0000][1277.910s][915][941][info ] Leaving safepoint region
[2025-06-16T00:32:40.233+0000][1277.910s][915][941][info ] Total time for which application threads were stopped: 0.0001905 seconds, Stopping threads took: 0.0000509 seconds
[2025-06-16T00:32:41.233+0000][1278.910s][915][941][info ] Application time: 1.0001005 seconds
[2025-06-16T00:32:41.233+0000][1278.910s][915][941][info ] Entering safepoint region: Cleanup
[2025-06-16T00:32:41.233+0000][1278.910s][915][941][info ] Leaving safepoint region
[2025-06-16T00:32:41.233+0000][1278.910s][915][941][info ] Total time for which application threads were stopped: 0.0002257 seconds, Stopping threads took: 0.0000490 seconds
[2025-06-16T00:32:42.233+0000][1279.911s][915][941][info ] Application time: 1.0001061 seconds
[2025-06-16T00:32:42.233+0000][1279.911s][915][941][info ] Entering safepoint region: Cleanup
[2025-06-16T00:32:42.233+0000][1279.911s][915][941][info ] Leaving safepoint region
[2025-06-16T00:32:42.233+0000][1279.911s][915][941][info ] Total time for which application threads were stopped: 0.0002111 seconds, Stopping threads took: 0.0000418 seconds
[2025-06-16T00:32:43.234+0000][1280.911s][915][941][info ] Application time: 1.0001204 seconds
[2025-06-16T00:32:43.234+0000][1280.911s][915][941][info ] Entering safepoint region: Cleanup
[2025-06-16T00:32:43.234+0000][1280.911s][915][941][info ] Leaving safepoint region
[2025-06-16T00:32:43.234+0000][1280.911s][915][941][info ] Total time for which application threads were stopped: 0.0002064 seconds, Stopping threads took: 0.0000422 seconds
[2025-06-16T00:32:44.234+0000][1281.911s][915][941][info ] Application time: 1.0001114 seconds
[2025-06-16T00:32:44.234+0000][1281.912s][915][941][info ] Entering safepoint region: Cleanup
[2025-06-16T00:32:44.234+0000][1281.912s][915][941][info ] Leaving safepoint region
[2025-06-16T00:32:44.234+0000][1281.912s][915][941][info ] Total time for which application threads were stopped: 0.0002376 seconds, Stopping threads took: 0.0000420 seconds
[2025-06-16T00:32:44.856+0000][1282.533s][915][940][trace] CMS: promo attempt is safe: available(6912212992) >= av_promo(0), max_promo(840021184)
[2025-06-16T00:32:45.234+0000][1282.912s][915][941][info ] Application time: 1.0000894 seconds
[2025-06-16T00:32:45.235+0000][1282.912s][915][941][info ] Entering safepoint region: Cleanup
[2025-06-16T00:32:45.235+0000][1282.912s][915][941][info ] Leaving safepoint region
[2025-06-16T00:32:45.235+0000][1282.912s][915][941][info ] Total time for which application threads were stopped: 0.0001977 seconds, Stopping threads took: 0.0000374 seconds
[2025-06-16T00:32:46.235+0000][1283.912s][915][941][info ] Application time: 1.0000967 seconds
[2025-06-16T00:32:46.235+0000][1283.912s][915][941][info ] Entering safepoint region: Cleanup
[2025-06-16T00:32:46.235+0000][1283.913s][915][941][info ] Leaving safepoint region
[2025-06-16T00:32:46.235+0000][1283.913s][915][941][info ] Total time for which application threads were stopped: 0.0002043 seconds, Stopping threads took: 0.0000411 seconds
[2025-06-16T00:32:47.235+0000][1284.913s][915][941][info ] Application time: 1.0000990 seconds
[2025-06-16T00:32:47.235+0000][1284.913s][915][941][info ] Entering safepoint region: Cleanup
[2025-06-16T00:32:47.236+0000][1284.913s][915][941][info ] Leaving safepoint region
[2025-06-16T00:32:47.236+0000][1284.913s][915][941][info ] Total time for which application threads were stopped: 0.0002149 seconds, Stopping threads took: 0.0000513 seconds
[2025-06-16T00:32:48.236+0000][1285.913s][915][941][info ] Application time: 1.0001058 seconds
[2025-06-16T00:32:48.236+0000][1285.913s][915][941][info ] Entering safepoint region: Cleanup
[2025-06-16T00:32:48.236+0000][1285.913s][915][941][info ] Leaving safepoint region
[2025-06-16T00:32:48.236+0000][1285.913s][915][941][info ] Total time for which application threads were stopped: 0.0001748 seconds, Stopping threads took: 0.0000399 seconds
[2025-06-16T00:32:49.236+0000][1286.914s][915][941][info ] Application time: 1.0000987 seconds
[2025-06-16T00:32:49.236+0000][1286.914s][915][941][info ] Entering safepoint region: Cleanup
[2025-06-16T00:32:49.236+0000][1286.914s][915][941][info ] Leaving safepoint region
[2025-06-16T00:32:49.236+0000][1286.914s][915][941][info ] Total time for which application threads were stopped: 0.0002455 seconds, Stopping threads took: 0.0000433 seconds
[2025-06-16T00:32:50.236+0000][1287.914s][915][941][info ] Application time: 1.0001125 seconds
[2025-06-16T00:32:50.237+0000][1287.914s][915][941][info ] Entering safepoint region: Cleanup
[2025-06-16T00:32:50.237+0000][1287.914s][915][941][info ] Leaving safepoint region
[2025-06-16T00:32:50.237+0000][1287.914s][915][941][info ] Total time for which application threads were stopped: 0.0002283 seconds, Stopping threads took: 0.0000581 seconds
[2025-06-16T00:32:51.237+0000][1288.914s][915][941][info ] Application time: 1.0000993 seconds
[2025-06-16T00:32:51.237+0000][1288.914s][915][941][info ] Entering safepoint region: Cleanup
[2025-06-16T00:32:51.237+0000][1288.915s][915][941][info ] Leaving safepoint region
[2025-06-16T00:32:51.237+0000][1288.915s][915][941][info ] Total time for which application threads were stopped: 0.0001614 seconds, Stopping threads took: 0.0000365 seconds
[2025-06-16T00:32:52.237+0000][1289.915s][915][941][info ] Application time: 1.0000971 seconds
[2025-06-16T00:32:52.237+0000][1289.915s][915][941][info ] Entering safepoint region: Cleanup
[2025-06-16T00:32:52.237+0000][1289.915s][915][941][info ] Leaving safepoint region
[2025-06-16T00:32:52.238+0000][1289.915s][915][941][info ] Total time for which application threads were stopped: 0.0001810 seconds, Stopping threads took: 0.0000388 seconds
[2025-06-16T00:32:53.238+0000][1290.915s][915][941][info ] Application time: 1.0000929 seconds
[2025-06-16T00:32:53.238+0000][1290.915s][915][941][info ] Entering safepoint region: Cleanup
[2025-06-16T00:32:53.238+0000][1290.915s][915][941][info ] Leaving safepoint region
[2025-06-16T00:32:53.238+0000][1290.915s][915][941][info ] Total time for which application threads were stopped: 0.0002226 seconds, Stopping threads took: 0.0000374 seconds
[2025-06-16T00:32:54.238+0000][1291.916s][915][941][info ] Application time: 1.0000959 seconds
[2025-06-16T00:32:54.238+0000][1291.916s][915][941][info ] Entering safepoint region: Cleanup
[2025-06-16T00:32:54.238+0000][1291.916s][915][941][info ] Leaving safepoint region
[2025-06-16T00:32:54.238+0000][1291.916s][915][941][info ] Total time for which application threads were stopped: 0.0001678 seconds, Stopping threads took: 0.0000387 seconds
[2025-06-16T00:32:54.855+0000][1292.533s][915][940][trace] CMS: promo attempt is safe: available(6912212992) >= av_promo(0), max_promo(840021184)
[2025-06-16T00:32:55.238+0000][1292.916s][915][941][info ] Application time: 1.0000957 seconds
[2025-06-16T00:32:55.238+0000][1292.916s][915][941][info ] Entering safepoint region: Cleanup
[2025-06-16T00:32:55.239+0000][1292.916s][915][941][info ] Leaving safepoint region
[2025-06-16T00:32:55.239+0000][1292.916s][915][941][info ] Total time for which application threads were stopped: 0.0002190 seconds, Stopping threads took: 0.0000425 seconds
[2025-06-16T00:32:56.239+0000][1293.916s][915][941][info ] Application time: 1.0001101 seconds
[2025-06-16T00:32:56.239+0000][1293.916s][915][941][info ] Entering safepoint region: Cleanup
[2025-06-16T00:32:56.239+0000][1293.917s][915][941][info ] Leaving safepoint region
[2025-06-16T00:32:56.239+0000][1293.917s][915][941][info ] Total time for which application threads were stopped: 0.0001699 seconds, Stopping threads took: 0.0000342 seconds
[2025-06-16T00:32:57.239+0000][1294.917s][915][941][info ] Application time: 1.0001034 seconds
[2025-06-16T00:32:57.239+0000][1294.917s][915][941][info ] Entering safepoint region: Cleanup
[2025-06-16T00:32:57.239+0000][1294.917s][915][941][info ] Leaving safepoint region
[2025-06-16T00:32:57.239+0000][1294.917s][915][941][info ] Total time for which application threads were stopped: 0.0002136 seconds, Stopping threads took: 0.0000566 seconds
[2025-06-16T00:32:58.240+0000][1295.917s][915][941][info ] Application time: 1.0000973 seconds
[2025-06-16T00:32:58.240+0000][1295.917s][915][941][info ] Entering safepoint region: Cleanup
[2025-06-16T00:32:58.240+0000][1295.917s][915][941][info ] Leaving safepoint region
[2025-06-16T00:32:58.240+0000][1295.917s][915][941][info ] Total time for which application threads were stopped: 0.0002004 seconds, Stopping threads took: 0.0000423 seconds
[2025-06-16T00:32:59.240+0000][1296.918s][915][941][info ] Application time: 1.0001202 seconds
[2025-06-16T00:32:59.240+0000][1296.918s][915][941][info ] Entering safepoint region: Cleanup
[2025-06-16T00:32:59.240+0000][1296.918s][915][941][info ] Leaving safepoint region
[2025-06-16T00:32:59.240+0000][1296.918s][915][941][info ] Total time for which application threads were stopped: 0.0001948 seconds, Stopping threads took: 0.0000421 seconds
[2025-06-16T00:33:00.240+0000][1297.918s][915][941][info ] Application time: 1.0001093 seconds
[2025-06-16T00:33:00.241+0000][1297.918s][915][941][info ] Entering safepoint region: Cleanup
[2025-06-16T00:33:00.241+0000][1297.918s][915][941][info ] Leaving safepoint region
[2025-06-16T00:33:00.241+0000][1297.918s][915][941][info ] Total time for which application threads were stopped: 0.0002303 seconds, Stopping threads took: 0.0000437 seconds
[2025-06-16T00:33:01.241+0000][1298.918s][915][941][info ] Application time: 1.0001612 seconds
[2025-06-16T00:33:01.241+0000][1298.919s][915][941][info ] Entering safepoint region: Cleanup
[2025-06-16T00:33:01.241+0000][1298.919s][915][941][info ] Leaving safepoint region
[2025-06-16T00:33:01.241+0000][1298.919s][915][941][info ] Total time for which application threads were stopped: 0.0002488 seconds, Stopping threads took: 0.0000506 seconds
[2025-06-16T00:33:02.241+0000][1299.919s][915][941][info ] Application time: 1.0001188 seconds
[2025-06-16T00:33:02.242+0000][1299.919s][915][941][info ] Entering safepoint region: Cleanup
[2025-06-16T00:33:02.242+0000][1299.919s][915][941][info ] Leaving safepoint region
[2025-06-16T00:33:02.242+0000][1299.919s][915][941][info ] Total time for which application threads were stopped: 0.0002023 seconds, Stopping threads took: 0.0000441 seconds
[2025-06-16T00:33:03.242+0000][1300.919s][915][941][info ] Application time: 1.0000769 seconds
[2025-06-16T00:33:03.242+0000][1300.919s][915][941][info ] Entering safepoint region: Cleanup
[2025-06-16T00:33:03.242+0000][1300.920s][915][941][info ] Leaving safepoint region
[2025-06-16T00:33:03.242+0000][1300.920s][915][941][info ] Total time for which application threads were stopped: 0.0002066 seconds, Stopping threads took: 0.0000454 seconds
[2025-06-16T00:33:04.242+0000][1301.920s][915][941][info ] Application time: 1.0001018 seconds
[2025-06-16T00:33:04.242+0000][1301.920s][915][941][info ] Entering safepoint region: Cleanup
[2025-06-16T00:33:04.242+0000][1301.920s][915][941][info ] Leaving safepoint region
[2025-06-16T00:33:04.242+0000][1301.920s][915][941][info ] Total time for which application threads were stopped: 0.0002151 seconds, Stopping threads took: 0.0000393 seconds
[2025-06-16T00:33:04.855+0000][1302.532s][915][940][trace] CMS: promo attempt is safe: available(6912212992) >= av_promo(0), max_promo(840021184)
[2025-06-16T00:33:05.243+0000][1302.920s][915][941][info ] Application time: 1.0001119 seconds
[2025-06-16T00:33:05.243+0000][1302.920s][915][941][info ] Entering safepoint region: Cleanup
[2025-06-16T00:33:05.243+0000][1302.920s][915][941][info ] Leaving safepoint region
[2025-06-16T00:33:05.243+0000][1302.920s][915][941][info ] Total time for which application threads were stopped: 0.0002158 seconds, Stopping threads took: 0.0000464 seconds
[2025-06-16T00:33:06.243+0000][1303.921s][915][941][info ] Application time: 1.0001169 seconds
[2025-06-16T00:33:06.243+0000][1303.921s][915][941][info ] Entering safepoint region: Cleanup
[2025-06-16T00:33:06.243+0000][1303.921s][915][941][info ] Leaving safepoint region
[2025-06-16T00:33:06.243+0000][1303.921s][915][941][info ] Total time for which application threads were stopped: 0.0002105 seconds, Stopping threads took: 0.0000504 seconds
[2025-06-16T00:33:07.244+0000][1304.921s][915][941][info ] Application time: 1.0001446 seconds
[2025-06-16T00:33:07.245+0000][1304.922s][915][941][info ] Entering safepoint region: Cleanup
[2025-06-16T00:33:07.245+0000][1304.922s][915][941][info ] Leaving safepoint region
[2025-06-16T00:33:07.245+0000][1304.922s][915][941][info ] Total time for which application threads were stopped: 0.0002669 seconds, Stopping threads took: 0.0000647 seconds
[2025-06-16T00:33:08.245+0000][1305.922s][915][941][info ] Application time: 1.0000937 seconds
[2025-06-16T00:33:08.245+0000][1305.923s][915][941][info ] Entering safepoint region: Cleanup
[2025-06-16T00:33:08.245+0000][1305.923s][915][941][info ] Leaving safepoint region
[2025-06-16T00:33:08.245+0000][1305.923s][915][941][info ] Total time for which application threads were stopped: 0.0001981 seconds, Stopping threads took: 0.0000385 seconds
[2025-06-16T00:33:09.245+0000][1306.923s][915][941][info ] Application time: 1.0000962 seconds
[2025-06-16T00:33:09.245+0000][1306.923s][915][941][info ] Entering safepoint region: Cleanup
[2025-06-16T00:33:09.246+0000][1306.923s][915][941][info ] Leaving safepoint region
[2025-06-16T00:33:09.246+0000][1306.923s][915][941][info ] Total time for which application threads were stopped: 0.0001939 seconds, Stopping threads took: 0.0000352 seconds
[2025-06-16T00:33:10.246+0000][1307.923s][915][941][info ] Application time: 1.0001268 seconds
[2025-06-16T00:33:10.246+0000][1307.923s][915][941][info ] Entering safepoint region: Cleanup
[2025-06-16T00:33:10.246+0000][1307.923s][915][941][info ] Leaving safepoint region
[2025-06-16T00:33:10.246+0000][1307.924s][915][941][info ] Total time for which application threads were stopped: 0.0001737 seconds, Stopping threads took: 0.0000385 seconds
[2025-06-16T00:33:11.246+0000][1308.924s][915][941][info ] Application time: 1.0001048 seconds
[2025-06-16T00:33:11.246+0000][1308.924s][915][941][info ] Entering safepoint region: Cleanup
[2025-06-16T00:33:11.246+0000][1308.924s][915][941][info ] Leaving safepoint region
[2025-06-16T00:33:11.246+0000][1308.924s][915][941][info ] Total time for which application threads were stopped: 0.0002604 seconds, Stopping threads took: 0.0000509 seconds
[2025-06-16T00:33:12.247+0000][1309.924s][915][941][info ] Application time: 1.0000961 seconds
[2025-06-16T00:33:12.247+0000][1309.924s][915][941][info ] Entering safepoint region: Cleanup
[2025-06-16T00:33:12.247+0000][1309.924s][915][941][info ] Leaving safepoint region
[2025-06-16T00:33:12.247+0000][1309.924s][915][941][info ] Total time for which application threads were stopped: 0.0002462 seconds, Stopping threads took: 0.0000479 seconds
[2025-06-16T00:33:13.247+0000][1310.925s][915][941][info ] Application time: 1.0001924 seconds
[2025-06-16T00:33:13.247+0000][1310.925s][915][941][info ] Entering safepoint region: Cleanup
[2025-06-16T00:33:13.248+0000][1310.925s][915][941][info ] Leaving safepoint region
[2025-06-16T00:33:13.248+0000][1310.925s][915][941][info ] Total time for which application threads were stopped: 0.0005067 seconds, Stopping threads took: 0.0001122 seconds
[2025-06-16T00:33:14.248+0000][1311.926s][915][941][info ] Application time: 1.0001404 seconds
[2025-06-16T00:33:14.248+0000][1311.926s][915][941][info ] Entering safepoint region: Cleanup
[2025-06-16T00:33:14.249+0000][1311.927s][915][941][info ] Leaving safepoint region
[2025-06-16T00:33:14.249+0000][1311.927s][915][941][info ] Total time for which application threads were stopped: 0.0008032 seconds, Stopping threads took: 0.0001851 seconds
[2025-06-16T00:33:14.854+0000][1312.532s][915][940][trace] CMS: promo attempt is safe: available(6912212992) >= av_promo(0), max_promo(840021184)
[2025-06-16T00:33:15.249+0000][1312.927s][915][941][info ] Application time: 1.0001220 seconds
[2025-06-16T00:33:15.249+0000][1312.927s][915][941][info ] Entering safepoint region: Cleanup
[2025-06-16T00:33:15.250+0000][1312.927s][915][941][info ] Leaving safepoint region
[2025-06-16T00:33:15.250+0000][1312.927s][915][941][info ] Total time for which application threads were stopped: 0.0001753 seconds, Stopping threads took: 0.0000380 seconds
[2025-06-16T00:33:16.250+0000][1313.927s][915][941][info ] Application time: 1.0001004 seconds
[2025-06-16T00:33:16.250+0000][1313.927s][915][941][info ] Entering safepoint region: Cleanup
[2025-06-16T00:33:16.250+0000][1313.927s][915][941][info ] Leaving safepoint region
[2025-06-16T00:33:16.250+0000][1313.927s][915][941][info ] Total time for which application threads were stopped: 0.0002444 seconds, Stopping threads took: 0.0000989 seconds
[2025-06-16T00:33:17.250+0000][1314.928s][915][941][info ] Application time: 1.0000915 seconds
[2025-06-16T00:33:17.250+0000][1314.928s][915][941][info ] Entering safepoint region: Cleanup
[2025-06-16T00:33:17.250+0000][1314.928s][915][941][info ] Leaving safepoint region
[2025-06-16T00:33:17.250+0000][1314.928s][915][941][info ] Total time for which application threads were stopped: 0.0001755 seconds, Stopping threads took: 0.0000386 seconds
[2025-06-16T00:33:18.250+0000][1315.928s][915][941][info ] Application time: 1.0000952 seconds
[2025-06-16T00:33:18.251+0000][1315.928s][915][941][info ] Entering safepoint region: Cleanup
[2025-06-16T00:33:18.251+0000][1315.928s][915][941][info ] Leaving safepoint region
[2025-06-16T00:33:18.251+0000][1315.928s][915][941][info ] Total time for which application threads were stopped: 0.0001861 seconds, Stopping threads took: 0.0000414 seconds
[2025-06-16T00:33:19.251+0000][1316.928s][915][941][info ] Application time: 1.0000970 seconds
[2025-06-16T00:33:19.251+0000][1316.928s][915][941][info ] Entering safepoint region: Cleanup
[2025-06-16T00:33:19.251+0000][1316.929s][915][941][info ] Leaving safepoint region
[2025-06-16T00:33:19.251+0000][1316.929s][915][941][info ] Total time for which application threads were stopped: 0.0001863 seconds, Stopping threads took: 0.0000368 seconds
[2025-06-16T00:33:20.251+0000][1317.929s][915][941][info ] Application time: 1.0001319 seconds
[2025-06-16T00:33:20.251+0000][1317.929s][915][941][info ] Entering safepoint region: Cleanup
[2025-06-16T00:33:20.251+0000][1317.929s][915][941][info ] Leaving safepoint region
[2025-06-16T00:33:20.251+0000][1317.929s][915][941][info ] Total time for which application threads were stopped: 0.0001999 seconds, Stopping threads took: 0.0000482 seconds
[2025-06-16T00:33:21.252+0000][1318.929s][915][941][info ] Application time: 1.0001029 seconds
[2025-06-16T00:33:21.252+0000][1318.929s][915][941][info ] Entering safepoint region: Cleanup
[2025-06-16T00:33:21.252+0000][1318.929s][915][941][info ] Leaving safepoint region
[2025-06-16T00:33:21.252+0000][1318.929s][915][941][info ] Total time for which application threads were stopped: 0.0002332 seconds, Stopping threads took: 0.0000410 seconds
[2025-06-16T00:33:22.252+0000][1319.930s][915][941][info ] Application time: 1.0001124 seconds
[2025-06-16T00:33:22.252+0000][1319.930s][915][941][info ] Entering safepoint region: Cleanup
[2025-06-16T00:33:22.252+0000][1319.930s][915][941][info ] Leaving safepoint region
[2025-06-16T00:33:22.252+0000][1319.930s][915][941][info ] Total time for which application threads were stopped: 0.0001760 seconds, Stopping threads took: 0.0000444 seconds
[2025-06-16T00:33:23.252+0000][1320.930s][915][941][info ] Application time: 1.0001231 seconds
[2025-06-16T00:33:23.253+0000][1320.930s][915][941][info ] Entering safepoint region: Cleanup
[2025-06-16T00:33:23.253+0000][1320.930s][915][941][info ] Leaving safepoint region
[2025-06-16T00:33:23.253+0000][1320.930s][915][941][info ] Total time for which application threads were stopped: 0.0002268 seconds, Stopping threads took: 0.0000560 seconds
[2025-06-16T00:33:24.253+0000][1321.930s][915][941][info ] Application time: 1.0001222 seconds
[2025-06-16T00:33:24.253+0000][1321.931s][915][941][info ] Entering safepoint region: Cleanup
[2025-06-16T00:33:24.253+0000][1321.931s][915][941][info ] Leaving safepoint region
[2025-06-16T00:33:24.253+0000][1321.931s][915][941][info ] Total time for which application threads were stopped: 0.0001972 seconds, Stopping threads took: 0.0000408 seconds
[2025-06-16T00:33:24.854+0000][1322.532s][915][940][trace] CMS: promo attempt is safe: available(6912212992) >= av_promo(0), max_promo(840021184)
[2025-06-16T00:33:25.253+0000][1322.931s][915][941][info ] Application time: 1.0001078 seconds
[2025-06-16T00:33:25.253+0000][1322.931s][915][941][info ] Entering safepoint region: Cleanup
[2025-06-16T00:33:25.254+0000][1322.931s][915][941][info ] Leaving safepoint region
[2025-06-16T00:33:25.254+0000][1322.931s][915][941][info ] Total time for which application threads were stopped: 0.0002045 seconds, Stopping threads took: 0.0000401 seconds
[2025-06-16T00:33:26.254+0000][1323.931s][915][941][info ] Application time: 1.0001271 seconds
[2025-06-16T00:33:26.254+0000][1323.931s][915][941][info ] Entering safepoint region: Cleanup
[2025-06-16T00:33:26.254+0000][1323.932s][915][941][info ] Leaving safepoint region
[2025-06-16T00:33:26.254+0000][1323.932s][915][941][info ] Total time for which application threads were stopped: 0.0002028 seconds, Stopping threads took: 0.0000410 seconds
[2025-06-16T00:33:27.254+0000][1324.932s][915][941][info ] Application time: 1.0000926 seconds
[2025-06-16T00:33:27.254+0000][1324.932s][915][941][info ] Entering safepoint region: Cleanup
[2025-06-16T00:33:27.254+0000][1324.932s][915][941][info ] Leaving safepoint region
[2025-06-16T00:33:27.254+0000][1324.932s][915][941][info ] Total time for which application threads were stopped: 0.0001831 seconds, Stopping threads took: 0.0000387 seconds
[2025-06-16T00:33:28.255+0000][1325.932s][915][941][info ] Application time: 1.0001054 seconds
[2025-06-16T00:33:28.255+0000][1325.932s][915][941][info ] Entering safepoint region: Cleanup
[2025-06-16T00:33:28.255+0000][1325.932s][915][941][info ] Leaving safepoint region
[2025-06-16T00:33:28.255+0000][1325.932s][915][941][info ] Total time for which application threads were stopped: 0.0002369 seconds, Stopping threads took: 0.0000525 seconds
[2025-06-16T00:33:29.255+0000][1326.933s][915][941][info ] Application time: 1.0001157 seconds
[2025-06-16T00:33:29.255+0000][1326.933s][915][941][info ] Entering safepoint region: Cleanup
[2025-06-16T00:33:29.255+0000][1326.933s][915][941][info ] Leaving safepoint region
[2025-06-16T00:33:29.255+0000][1326.933s][915][941][info ] Total time for which application threads were stopped: 0.0002142 seconds, Stopping threads took: 0.0000499 seconds
[2025-06-16T00:33:30.256+0000][1327.933s][915][941][info ] Application time: 1.0001350 seconds
[2025-06-16T00:33:30.256+0000][1327.933s][915][941][info ] Entering safepoint region: Cleanup
[2025-06-16T00:33:30.256+0000][1327.933s][915][941][info ] Leaving safepoint region
[2025-06-16T00:33:30.256+0000][1327.933s][915][941][info ] Total time for which application threads were stopped: 0.0002402 seconds, Stopping threads took: 0.0000510 seconds
[2025-06-16T00:33:31.256+0000][1328.934s][915][941][info ] Application time: 1.0001349 seconds
[2025-06-16T00:33:31.256+0000][1328.934s][915][941][info ] Entering safepoint region: Cleanup
[2025-06-16T00:33:31.256+0000][1328.934s][915][941][info ] Leaving safepoint region
[2025-06-16T00:33:31.256+0000][1328.934s][915][941][info ] Total time for which application threads were stopped: 0.0002425 seconds, Stopping threads took: 0.0000481 seconds
[2025-06-16T00:33:32.256+0000][1329.934s][915][941][info ] Application time: 1.0001202 seconds
[2025-06-16T00:33:32.257+0000][1329.934s][915][941][info ] Entering safepoint region: Cleanup
[2025-06-16T00:33:32.257+0000][1329.934s][915][941][info ] Leaving safepoint region
[2025-06-16T00:33:32.257+0000][1329.934s][915][941][info ] Total time for which application threads were stopped: 0.0002238 seconds, Stopping threads took: 0.0000538 seconds
[2025-06-16T00:33:33.257+0000][1330.934s][915][941][info ] Application time: 1.0000950 seconds
[2025-06-16T00:33:33.257+0000][1330.935s][915][941][info ] Entering safepoint region: Cleanup
[2025-06-16T00:33:33.257+0000][1330.935s][915][941][info ] Leaving safepoint region
[2025-06-16T00:33:33.257+0000][1330.935s][915][941][info ] Total time for which application threads were stopped: 0.0001699 seconds, Stopping threads took: 0.0000356 seconds
[2025-06-16T00:33:34.257+0000][1331.935s][915][941][info ] Application time: 1.0000985 seconds
[2025-06-16T00:33:34.257+0000][1331.935s][915][941][info ] Entering safepoint region: Cleanup
[2025-06-16T00:33:34.258+0000][1331.935s][915][941][info ] Leaving safepoint region
[2025-06-16T00:33:34.258+0000][1331.935s][915][941][info ] Total time for which application threads were stopped: 0.0002446 seconds, Stopping threads took: 0.0000523 seconds
[2025-06-16T00:33:34.854+0000][1332.531s][915][940][trace] CMS: promo attempt is safe: available(6912212992) >= av_promo(0), max_promo(840021184)
[2025-06-16T00:33:35.258+0000][1332.935s][915][941][info ] Application time: 1.0001348 seconds
[2025-06-16T00:33:35.258+0000][1332.935s][915][941][info ] Entering safepoint region: Cleanup
[2025-06-16T00:33:35.258+0000][1332.936s][915][941][info ] Leaving safepoint region
[2025-06-16T00:33:35.258+0000][1332.936s][915][941][info ] Total time for which application threads were stopped: 0.0002504 seconds, Stopping threads took: 0.0000522 seconds
[2025-06-16T00:33:36.258+0000][1333.936s][915][941][info ] Application time: 1.0000950 seconds
[2025-06-16T00:33:36.258+0000][1333.936s][915][941][info ] Entering safepoint region: Cleanup
[2025-06-16T00:33:36.258+0000][1333.936s][915][941][info ] Leaving safepoint region
[2025-06-16T00:33:36.259+0000][1333.936s][915][941][info ] Total time for which application threads were stopped: 0.0002075 seconds, Stopping threads took: 0.0000529 seconds
[2025-06-16T00:33:37.259+0000][1334.936s][915][941][info ] Application time: 1.0002003 seconds
[2025-06-16T00:33:37.259+0000][1334.936s][915][941][info ] Entering safepoint region: Cleanup
[2025-06-16T00:33:37.259+0000][1334.937s][915][941][info ] Leaving safepoint region
[2025-06-16T00:33:37.259+0000][1334.937s][915][941][info ] Total time for which application threads were stopped: 0.0004321 seconds, Stopping threads took: 0.0001055 seconds
[2025-06-16T00:33:38.259+0000][1335.937s][915][941][info ] Application time: 1.0001218 seconds
[2025-06-16T00:33:38.260+0000][1335.937s][915][941][info ] Entering safepoint region: Cleanup
[2025-06-16T00:33:38.260+0000][1335.937s][915][941][info ] Leaving safepoint region
[2025-06-16T00:33:38.260+0000][1335.937s][915][941][info ] Total time for which application threads were stopped: 0.0002901 seconds, Stopping threads took: 0.0000661 seconds
[2025-06-16T00:33:39.260+0000][1336.937s][915][941][info ] Application time: 1.0000937 seconds
[2025-06-16T00:33:39.260+0000][1336.938s][915][941][info ] Entering safepoint region: Cleanup
[2025-06-16T00:33:39.260+0000][1336.938s][915][941][info ] Leaving safepoint region
[2025-06-16T00:33:39.260+0000][1336.938s][915][941][info ] Total time for which application threads were stopped: 0.0001818 seconds, Stopping threads took: 0.0000441 seconds
[2025-06-16T00:33:40.260+0000][1337.938s][915][941][info ] Application time: 1.0001140 seconds
[2025-06-16T00:33:40.260+0000][1337.938s][915][941][info ] Entering safepoint region: Cleanup
[2025-06-16T00:33:40.261+0000][1337.938s][915][941][info ] Leaving safepoint region
[2025-06-16T00:33:40.261+0000][1337.938s][915][941][info ] Total time for which application threads were stopped: 0.0001753 seconds, Stopping threads took: 0.0000396 seconds
[2025-06-16T00:33:41.261+0000][1338.938s][915][941][info ] Application time: 1.0001303 seconds
[2025-06-16T00:33:41.261+0000][1338.938s][915][941][info ] Entering safepoint region: Cleanup
[2025-06-16T00:33:41.261+0000][1338.938s][915][941][info ] Leaving safepoint region
[2025-06-16T00:33:41.261+0000][1338.938s][915][941][info ] Total time for which application threads were stopped: 0.0001754 seconds, Stopping threads took: 0.0000407 seconds
[2025-06-16T00:33:42.261+0000][1339.939s][915][941][info ] Application time: 1.0001090 seconds
[2025-06-16T00:33:42.261+0000][1339.939s][915][941][info ] Entering safepoint region: Cleanup
[2025-06-16T00:33:42.261+0000][1339.939s][915][941][info ] Leaving safepoint region
[2025-06-16T00:33:42.261+0000][1339.939s][915][941][info ] Total time for which application threads were stopped: 0.0002256 seconds, Stopping threads took: 0.0000460 seconds
[2025-06-16T00:33:43.262+0000][1340.939s][915][941][info ] Application time: 1.0001067 seconds
[2025-06-16T00:33:43.262+0000][1340.939s][915][941][info ] Entering safepoint region: Cleanup
[2025-06-16T00:33:43.262+0000][1340.939s][915][941][info ] Leaving safepoint region
[2025-06-16T00:33:43.262+0000][1340.939s][915][941][info ] Total time for which application threads were stopped: 0.0002478 seconds, Stopping threads took: 0.0000527 seconds
[2025-06-16T00:33:44.262+0000][1341.940s][915][941][info ] Application time: 1.0001042 seconds
[2025-06-16T00:33:44.262+0000][1341.940s][915][941][info ] Entering safepoint region: Cleanup
[2025-06-16T00:33:44.262+0000][1341.940s][915][941][info ] Leaving safepoint region
[2025-06-16T00:33:44.262+0000][1341.940s][915][941][info ] Total time for which application threads were stopped: 0.0001800 seconds, Stopping threads took: 0.0000422 seconds
[2025-06-16T00:33:44.853+0000][1342.531s][915][940][trace] CMS: promo attempt is safe: available(6912212992) >= av_promo(0), max_promo(840021184)
[2025-06-16T00:33:45.262+0000][1342.940s][915][941][info ] Application time: 1.0001094 seconds
[2025-06-16T00:33:45.263+0000][1342.940s][915][941][info ] Entering safepoint region: Cleanup
[2025-06-16T00:33:45.263+0000][1342.940s][915][941][info ] Leaving safepoint region
[2025-06-16T00:33:45.263+0000][1342.940s][915][941][info ] Total time for which application threads were stopped: 0.0002494 seconds, Stopping threads took: 0.0000537 seconds
[2025-06-16T00:33:46.263+0000][1343.940s][915][941][info ] Application time: 1.0001112 seconds
[2025-06-16T00:33:46.263+0000][1343.940s][915][941][info ] Entering safepoint region: Cleanup
[2025-06-16T00:33:46.263+0000][1343.941s][915][941][info ] Leaving safepoint region
[2025-06-16T00:33:46.263+0000][1343.941s][915][941][info ] Total time for which application threads were stopped: 0.0002067 seconds, Stopping threads took: 0.0000385 seconds
[2025-06-16T00:33:47.263+0000][1344.941s][915][941][info ] Application time: 1.0000873 seconds
[2025-06-16T00:33:47.263+0000][1344.941s][915][941][info ] Entering safepoint region: Cleanup
[2025-06-16T00:33:47.263+0000][1344.941s][915][941][info ] Leaving safepoint region
[2025-06-16T00:33:47.264+0000][1344.941s][915][941][info ] Total time for which application threads were stopped: 0.0001677 seconds, Stopping threads took: 0.0000378 seconds
[2025-06-16T00:33:48.264+0000][1345.941s][915][941][info ] Application time: 1.0001073 seconds
[2025-06-16T00:33:48.264+0000][1345.941s][915][941][info ] Entering safepoint region: Cleanup
[2025-06-16T00:33:48.264+0000][1345.941s][915][941][info ] Leaving safepoint region
[2025-06-16T00:33:48.264+0000][1345.941s][915][941][info ] Total time for which application threads were stopped: 0.0002054 seconds, Stopping threads took: 0.0000433 seconds
[2025-06-16T00:33:49.264+0000][1346.942s][915][941][info ] Application time: 1.0000952 seconds
[2025-06-16T00:33:49.264+0000][1346.942s][915][941][info ] Entering safepoint region: Cleanup
[2025-06-16T00:33:49.264+0000][1346.942s][915][941][info ] Leaving safepoint region
[2025-06-16T00:33:49.264+0000][1346.942s][915][941][info ] Total time for which application threads were stopped: 0.0001890 seconds, Stopping threads took: 0.0000408 seconds
[2025-06-16T00:33:50.264+0000][1347.942s][915][941][info ] Application time: 1.0000946 seconds
[2025-06-16T00:33:50.264+0000][1347.942s][915][941][info ] Entering safepoint region: Cleanup
[2025-06-16T00:33:50.265+0000][1347.942s][915][941][info ] Leaving safepoint region
[2025-06-16T00:33:50.265+0000][1347.942s][915][941][info ] Total time for which application threads were stopped: 0.0002337 seconds, Stopping threads took: 0.0000429 seconds
[2025-06-16T00:33:51.265+0000][1348.942s][915][941][info ] Application time: 1.0001106 seconds
[2025-06-16T00:33:51.265+0000][1348.942s][915][941][info ] Entering safepoint region: Cleanup
[2025-06-16T00:33:51.265+0000][1348.943s][915][941][info ] Leaving safepoint region
[2025-06-16T00:33:51.265+0000][1348.943s][915][941][info ] Total time for which application threads were stopped: 0.0002719 seconds, Stopping threads took: 0.0000551 seconds
[2025-06-16T00:33:52.265+0000][1349.943s][915][941][info ] Application time: 1.0001370 seconds
[2025-06-16T00:33:52.265+0000][1349.943s][915][941][info ] Entering safepoint region: Cleanup
[2025-06-16T00:33:52.266+0000][1349.943s][915][941][info ] Leaving safepoint region
[2025-06-16T00:33:52.266+0000][1349.943s][915][941][info ] Total time for which application threads were stopped: 0.0001686 seconds, Stopping threads took: 0.0000350 seconds
[2025-06-16T00:33:53.266+0000][1350.943s][915][941][info ] Application time: 1.0000965 seconds
[2025-06-16T00:33:53.266+0000][1350.943s][915][941][info ] Entering safepoint region: Cleanup
[2025-06-16T00:33:53.266+0000][1350.943s][915][941][info ] Leaving safepoint region
[2025-06-16T00:33:53.266+0000][1350.943s][915][941][info ] Total time for which application threads were stopped: 0.0002000 seconds, Stopping threads took: 0.0000563 seconds
[2025-06-16T00:33:54.266+0000][1351.944s][915][941][info ] Application time: 1.0001054 seconds
[2025-06-16T00:33:54.266+0000][1351.944s][915][941][info ] Entering safepoint region: Cleanup
[2025-06-16T00:33:54.266+0000][1351.944s][915][941][info ] Leaving safepoint region
[2025-06-16T00:33:54.266+0000][1351.944s][915][941][info ] Total time for which application threads were stopped: 0.0002099 seconds, Stopping threads took: 0.0000411 seconds
[2025-06-16T00:33:54.854+0000][1352.531s][915][940][trace] CMS: promo attempt is safe: available(6912212992) >= av_promo(0), max_promo(840021184)
[2025-06-16T00:33:55.267+0000][1352.944s][915][941][info ] Application time: 1.0001068 seconds
[2025-06-16T00:33:55.267+0000][1352.944s][915][941][info ] Entering safepoint region: Cleanup
[2025-06-16T00:33:55.267+0000][1352.944s][915][941][info ] Leaving safepoint region
[2025-06-16T00:33:55.267+0000][1352.944s][915][941][info ] Total time for which application threads were stopped: 0.0002130 seconds, Stopping threads took: 0.0000601 seconds
[2025-06-16T00:33:56.267+0000][1353.944s][915][941][info ] Application time: 1.0000654 seconds
[2025-06-16T00:33:56.267+0000][1353.945s][915][941][info ] Entering safepoint region: Cleanup
[2025-06-16T00:33:56.267+0000][1353.945s][915][941][info ] Leaving safepoint region
[2025-06-16T00:33:56.267+0000][1353.945s][915][941][info ] Total time for which application threads were stopped: 0.0001931 seconds, Stopping threads took: 0.0000469 seconds
[2025-06-16T00:33:57.267+0000][1354.945s][915][941][info ] Application time: 1.0001035 seconds
[2025-06-16T00:33:57.267+0000][1354.945s][915][941][info ] Entering safepoint region: Cleanup
[2025-06-16T00:33:57.268+0000][1354.945s][915][941][info ] Leaving safepoint region
[2025-06-16T00:33:57.268+0000][1354.945s][915][941][info ] Total time for which application threads were stopped: 0.0001637 seconds, Stopping threads took: 0.0000377 seconds
[2025-06-16T00:33:58.268+0000][1355.945s][915][941][info ] Application time: 1.0001153 seconds
[2025-06-16T00:33:58.268+0000][1355.945s][915][941][info ] Entering safepoint region: Cleanup
[2025-06-16T00:33:58.268+0000][1355.946s][915][941][info ] Leaving safepoint region
[2025-06-16T00:33:58.268+0000][1355.946s][915][941][info ] Total time for which application threads were stopped: 0.0003404 seconds, Stopping threads took: 0.0000672 seconds
[2025-06-16T00:33:59.268+0000][1356.946s][915][941][info ] Application time: 1.0000955 seconds
[2025-06-16T00:33:59.268+0000][1356.946s][915][941][info ] Entering safepoint region: Cleanup
[2025-06-16T00:33:59.269+0000][1356.946s][915][941][info ] Leaving safepoint region
[2025-06-16T00:33:59.269+0000][1356.946s][915][941][info ] Total time for which application threads were stopped: 0.0002170 seconds, Stopping threads took: 0.0000563 seconds
[2025-06-16T00:34:00.269+0000][1357.946s][915][941][info ] Application time: 1.0001055 seconds
[2025-06-16T00:34:00.269+0000][1357.946s][915][941][info ] Entering safepoint region: Cleanup
[2025-06-16T00:34:00.269+0000][1357.946s][915][941][info ] Leaving safepoint region
[2025-06-16T00:34:00.269+0000][1357.947s][915][941][info ] Total time for which application threads were stopped: 0.0002269 seconds, Stopping threads took: 0.0000472 seconds
[2025-06-16T00:34:01.269+0000][1358.947s][915][941][info ] Application time: 1.0000962 seconds
[2025-06-16T00:34:01.269+0000][1358.947s][915][941][info ] Entering safepoint region: Cleanup
[2025-06-16T00:34:01.269+0000][1358.947s][915][941][info ] Leaving safepoint region
[2025-06-16T00:34:01.269+0000][1358.947s][915][941][info ] Total time for which application threads were stopped: 0.0002253 seconds, Stopping threads took: 0.0000647 seconds
[2025-06-16T00:34:02.270+0000][1359.947s][915][941][info ] Application time: 1.0001216 seconds
[2025-06-16T00:34:02.270+0000][1359.947s][915][941][info ] Entering safepoint region: Cleanup
[2025-06-16T00:34:02.270+0000][1359.947s][915][941][info ] Leaving safepoint region
[2025-06-16T00:34:02.270+0000][1359.947s][915][941][info ] Total time for which application threads were stopped: 0.0002860 seconds, Stopping threads took: 0.0001125 seconds
[2025-06-16T00:34:03.270+0000][1360.948s][915][941][info ] Application time: 1.0000912 seconds
[2025-06-16T00:34:03.270+0000][1360.948s][915][941][info ] Entering safepoint region: Cleanup
[2025-06-16T00:34:03.270+0000][1360.948s][915][941][info ] Leaving safepoint region
[2025-06-16T00:34:03.270+0000][1360.948s][915][941][info ] Total time for which application threads were stopped: 0.0001931 seconds, Stopping threads took: 0.0000350 seconds
[2025-06-16T00:34:04.270+0000][1361.948s][915][941][info ] Application time: 1.0000978 seconds
[2025-06-16T00:34:04.271+0000][1361.948s][915][941][info ] Entering safepoint region: Cleanup
[2025-06-16T00:34:04.271+0000][1361.948s][915][941][info ] Leaving safepoint region
[2025-06-16T00:34:04.271+0000][1361.948s][915][941][info ] Total time for which application threads were stopped: 0.0002111 seconds, Stopping threads took: 0.0000452 seconds
[2025-06-16T00:34:04.853+0000][1362.530s][915][940][trace] CMS: promo attempt is safe: available(6912212992) >= av_promo(0), max_promo(840021184)
[2025-06-16T00:34:05.271+0000][1362.948s][915][941][info ] Application time: 1.0000961 seconds
[2025-06-16T00:34:05.271+0000][1362.948s][915][941][info ] Entering safepoint region: Cleanup
[2025-06-16T00:34:05.271+0000][1362.949s][915][941][info ] Leaving safepoint region
[2025-06-16T00:34:05.271+0000][1362.949s][915][941][info ] Total time for which application threads were stopped: 0.0001824 seconds, Stopping threads took: 0.0000372 seconds
[2025-06-16T00:34:06.271+0000][1363.949s][915][941][info ] Application time: 1.0001029 seconds
[2025-06-16T00:34:06.271+0000][1363.949s][915][941][info ] Entering safepoint region: Cleanup
[2025-06-16T00:34:06.272+0000][1363.949s][915][941][info ] Leaving safepoint region
[2025-06-16T00:34:06.272+0000][1363.949s][915][941][info ] Total time for which application threads were stopped: 0.0001913 seconds, Stopping threads took: 0.0000420 seconds
[2025-06-16T00:34:07.272+0000][1364.949s][915][941][info ] Application time: 1.0000994 seconds
[2025-06-16T00:34:07.272+0000][1364.949s][915][941][info ] Entering safepoint region: Cleanup
[2025-06-16T00:34:07.272+0000][1364.949s][915][941][info ] Leaving safepoint region
[2025-06-16T00:34:07.272+0000][1364.949s][915][941][info ] Total time for which application threads were stopped: 0.0001741 seconds, Stopping threads took: 0.0000390 seconds
[2025-06-16T00:34:08.272+0000][1365.950s][915][941][info ] Application time: 1.0001012 seconds
[2025-06-16T00:34:08.272+0000][1365.950s][915][941][info ] Entering safepoint region: Cleanup
[2025-06-16T00:34:08.272+0000][1365.950s][915][941][info ] Leaving safepoint region
[2025-06-16T00:34:08.272+0000][1365.950s][915][941][info ] Total time for which application threads were stopped: 0.0002758 seconds, Stopping threads took: 0.0000708 seconds
[2025-06-16T00:34:09.273+0000][1366.950s][915][941][info ] Application time: 1.0001011 seconds
[2025-06-16T00:34:09.273+0000][1366.950s][915][941][info ] Entering safepoint region: Cleanup
[2025-06-16T00:34:09.273+0000][1366.950s][915][941][info ] Leaving safepoint region
[2025-06-16T00:34:09.273+0000][1366.950s][915][941][info ] Total time for which application threads were stopped: 0.0002976 seconds, Stopping threads took: 0.0000472 seconds
[2025-06-16T00:34:10.273+0000][1367.951s][915][941][info ] Application time: 1.0001221 seconds
[2025-06-16T00:34:10.273+0000][1367.951s][915][941][info ] Entering safepoint region: Cleanup
[2025-06-16T00:34:10.273+0000][1367.951s][915][941][info ] Leaving safepoint region
[2025-06-16T00:34:10.273+0000][1367.951s][915][941][info ] Total time for which application threads were stopped: 0.0001900 seconds, Stopping threads took: 0.0000401 seconds
[2025-06-16T00:34:11.273+0000][1368.951s][915][941][info ] Application time: 1.0001407 seconds
[2025-06-16T00:34:11.274+0000][1368.951s][915][941][info ] Entering safepoint region: Cleanup
[2025-06-16T00:34:11.274+0000][1368.951s][915][941][info ] Leaving safepoint region
[2025-06-16T00:34:11.274+0000][1368.951s][915][941][info ] Total time for which application threads were stopped: 0.0002306 seconds, Stopping threads took: 0.0000407 seconds
[2025-06-16T00:34:12.274+0000][1369.951s][915][941][info ] Application time: 1.0001028 seconds
[2025-06-16T00:34:12.274+0000][1369.952s][915][941][info ] Entering safepoint region: Cleanup
[2025-06-16T00:34:12.274+0000][1369.952s][915][941][info ] Leaving safepoint region
[2025-06-16T00:34:12.274+0000][1369.952s][915][941][info ] Total time for which application threads were stopped: 0.0001860 seconds, Stopping threads took: 0.0000440 seconds
[2025-06-16T00:34:13.274+0000][1370.952s][915][941][info ] Application time: 1.0000972 seconds
[2025-06-16T00:34:13.274+0000][1370.952s][915][941][info ] Entering safepoint region: Cleanup
[2025-06-16T00:34:13.275+0000][1370.952s][915][941][info ] Leaving safepoint region
[2025-06-16T00:34:13.275+0000][1370.952s][915][941][info ] Total time for which application threads were stopped: 0.0001793 seconds, Stopping threads took: 0.0000388 seconds
[2025-06-16T00:34:14.275+0000][1371.952s][915][941][info ] Application time: 1.0000955 seconds
[2025-06-16T00:34:14.275+0000][1371.952s][915][941][info ] Entering safepoint region: Cleanup
[2025-06-16T00:34:14.275+0000][1371.952s][915][941][info ] Leaving safepoint region
[2025-06-16T00:34:14.275+0000][1371.952s][915][941][info ] Total time for which application threads were stopped: 0.0001975 seconds, Stopping threads took: 0.0000359 seconds
[2025-06-16T00:34:14.853+0000][1372.531s][915][940][trace] CMS: promo attempt is safe: available(6912212992) >= av_promo(0), max_promo(840021184)
[2025-06-16T00:34:15.275+0000][1372.953s][915][941][info ] Application time: 1.0001114 seconds
[2025-06-16T00:34:15.275+0000][1372.953s][915][941][info ] Entering safepoint region: Cleanup
[2025-06-16T00:34:15.275+0000][1372.953s][915][941][info ] Leaving safepoint region
[2025-06-16T00:34:15.275+0000][1372.953s][915][941][info ] Total time for which application threads were stopped: 0.0002218 seconds, Stopping threads took: 0.0000470 seconds
[2025-06-16T00:34:16.276+0000][1373.953s][915][941][info ] Application time: 1.0001105 seconds
[2025-06-16T00:34:16.276+0000][1373.953s][915][941][info ] Entering safepoint region: Cleanup
[2025-06-16T00:34:16.276+0000][1373.953s][915][941][info ] Leaving safepoint region
[2025-06-16T00:34:16.276+0000][1373.953s][915][941][info ] Total time for which application threads were stopped: 0.0002360 seconds, Stopping threads took: 0.0000489 seconds
[2025-06-16T00:34:17.276+0000][1374.953s][915][941][info ] Application time: 1.0000990 seconds
[2025-06-16T00:34:17.276+0000][1374.954s][915][941][info ] Entering safepoint region: Cleanup
[2025-06-16T00:34:17.276+0000][1374.954s][915][941][info ] Leaving safepoint region
[2025-06-16T00:34:17.276+0000][1374.954s][915][941][info ] Total time for which application threads were stopped: 0.0001958 seconds, Stopping threads took: 0.0000458 seconds
[2025-06-16T00:34:18.276+0000][1375.954s][915][941][info ] Application time: 1.0001340 seconds
[2025-06-16T00:34:18.277+0000][1375.954s][915][941][info ] Entering safepoint region: Cleanup
[2025-06-16T00:34:18.277+0000][1375.954s][915][941][info ] Leaving safepoint region
[2025-06-16T00:34:18.277+0000][1375.954s][915][941][info ] Total time for which application threads were stopped: 0.0002778 seconds, Stopping threads took: 0.0000628 seconds
[2025-06-16T00:34:19.277+0000][1376.954s][915][941][info ] Application time: 1.0001026 seconds
[2025-06-16T00:34:19.277+0000][1376.955s][915][941][info ] Entering safepoint region: Cleanup
[2025-06-16T00:34:19.277+0000][1376.955s][915][941][info ] Leaving safepoint region
[2025-06-16T00:34:19.277+0000][1376.955s][915][941][info ] Total time for which application threads were stopped: 0.0002026 seconds, Stopping threads took: 0.0000395 seconds
[2025-06-16T00:34:20.277+0000][1377.955s][915][941][info ] Application time: 1.0001167 seconds
[2025-06-16T00:34:20.277+0000][1377.955s][915][941][info ] Entering safepoint region: Cleanup
[2025-06-16T00:34:20.278+0000][1377.955s][915][941][info ] Leaving safepoint region
[2025-06-16T00:34:20.278+0000][1377.955s][915][941][info ] Total time for which application threads were stopped: 0.0001939 seconds, Stopping threads took: 0.0000362 seconds
[2025-06-16T00:34:21.278+0000][1378.955s][915][941][info ] Application time: 1.0001127 seconds
[2025-06-16T00:34:21.278+0000][1378.955s][915][941][info ] Entering safepoint region: Cleanup
[2025-06-16T00:34:21.278+0000][1378.956s][915][941][info ] Leaving safepoint region
[2025-06-16T00:34:21.278+0000][1378.956s][915][941][info ] Total time for which application threads were stopped: 0.0001686 seconds, Stopping threads took: 0.0000393 seconds
[2025-06-16T00:34:22.278+0000][1379.956s][915][941][info ] Application time: 1.0001220 seconds
[2025-06-16T00:34:22.278+0000][1379.956s][915][941][info ] Entering safepoint region: Cleanup
[2025-06-16T00:34:22.278+0000][1379.956s][915][941][info ] Leaving safepoint region
[2025-06-16T00:34:22.278+0000][1379.956s][915][941][info ] Total time for which application threads were stopped: 0.0002268 seconds, Stopping threads took: 0.0000477 seconds
[2025-06-16T00:34:23.279+0000][1380.956s][915][941][info ] Application time: 1.0000966 seconds
[2025-06-16T00:34:23.279+0000][1380.956s][915][941][info ] Entering safepoint region: Cleanup
[2025-06-16T00:34:23.279+0000][1380.956s][915][941][info ] Leaving safepoint region
[2025-06-16T00:34:23.279+0000][1380.956s][915][941][info ] Total time for which application threads were stopped: 0.0001855 seconds, Stopping threads took: 0.0000409 seconds
[2025-06-16T00:34:24.279+0000][1381.957s][915][941][info ] Application time: 1.0001346 seconds
[2025-06-16T00:34:24.279+0000][1381.957s][915][941][info ] Entering safepoint region: Cleanup
[2025-06-16T00:34:24.279+0000][1381.957s][915][941][info ] Leaving safepoint region
[2025-06-16T00:34:24.279+0000][1381.957s][915][941][info ] Total time for which application threads were stopped: 0.0002365 seconds, Stopping threads took: 0.0000536 seconds
[2025-06-16T00:34:24.853+0000][1382.530s][915][940][trace] CMS: promo attempt is safe: available(6912212992) >= av_promo(0), max_promo(840021184)
[2025-06-16T00:34:25.279+0000][1382.957s][915][941][info ] Application time: 1.0000991 seconds
[2025-06-16T00:34:25.280+0000][1382.957s][915][941][info ] Entering safepoint region: Cleanup
[2025-06-16T00:34:25.280+0000][1382.957s][915][941][info ] Leaving safepoint region
[2025-06-16T00:34:25.280+0000][1382.957s][915][941][info ] Total time for which application threads were stopped: 0.0002046 seconds, Stopping threads took: 0.0000420 seconds
[2025-06-16T00:34:26.280+0000][1383.957s][915][941][info ] Application time: 1.0000950 seconds
[2025-06-16T00:34:26.280+0000][1383.957s][915][941][info ] Entering safepoint region: Cleanup
[2025-06-16T00:34:26.280+0000][1383.958s][915][941][info ] Leaving safepoint region
[2025-06-16T00:34:26.280+0000][1383.958s][915][941][info ] Total time for which application threads were stopped: 0.0001685 seconds, Stopping threads took: 0.0000386 seconds
[2025-06-16T00:34:27.280+0000][1384.958s][915][941][info ] Application time: 1.0000967 seconds
[2025-06-16T00:34:27.280+0000][1384.958s][915][941][info ] Entering safepoint region: Cleanup
[2025-06-16T00:34:27.281+0000][1384.958s][915][941][info ] Leaving safepoint region
[2025-06-16T00:34:27.281+0000][1384.958s][915][941][info ] Total time for which application threads were stopped: 0.0002037 seconds, Stopping threads took: 0.0000430 seconds
[2025-06-16T00:34:28.281+0000][1385.958s][915][941][info ] Application time: 1.0001025 seconds
[2025-06-16T00:34:28.281+0000][1385.958s][915][941][info ] Entering safepoint region: Cleanup
[2025-06-16T00:34:28.281+0000][1385.958s][915][941][info ] Leaving safepoint region
[2025-06-16T00:34:28.281+0000][1385.958s][915][941][info ] Total time for which application threads were stopped: 0.0001920 seconds, Stopping threads took: 0.0000462 seconds
[2025-06-16T00:34:29.281+0000][1386.959s][915][941][info ] Application time: 1.0001219 seconds
[2025-06-16T00:34:29.281+0000][1386.959s][915][941][info ] Entering safepoint region: Cleanup
[2025-06-16T00:34:29.281+0000][1386.959s][915][941][info ] Leaving safepoint region
[2025-06-16T00:34:29.281+0000][1386.959s][915][941][info ] Total time for which application threads were stopped: 0.0002131 seconds, Stopping threads took: 0.0000386 seconds
[2025-06-16T00:34:30.281+0000][1387.959s][915][941][info ] Application time: 1.0001022 seconds
[2025-06-16T00:34:30.282+0000][1387.959s][915][941][info ] Entering safepoint region: Cleanup
[2025-06-16T00:34:30.282+0000][1387.959s][915][941][info ] Leaving safepoint region
[2025-06-16T00:34:30.282+0000][1387.959s][915][941][info ] Total time for which application threads were stopped: 0.0001820 seconds, Stopping threads took: 0.0000494 seconds
[2025-06-16T00:34:31.282+0000][1388.959s][915][941][info ] Application time: 1.0000908 seconds
[2025-06-16T00:34:31.282+0000][1388.959s][915][941][info ] Entering safepoint region: Cleanup
[2025-06-16T00:34:31.282+0000][1388.960s][915][941][info ] Leaving safepoint region
[2025-06-16T00:34:31.282+0000][1388.960s][915][941][info ] Total time for which application threads were stopped: 0.0001859 seconds, Stopping threads took: 0.0000363 seconds
[2025-06-16T00:34:32.282+0000][1389.960s][915][941][info ] Application time: 1.0001033 seconds
[2025-06-16T00:34:32.282+0000][1389.960s][915][941][info ] Entering safepoint region: Cleanup
[2025-06-16T00:34:32.282+0000][1389.960s][915][941][info ] Leaving safepoint region
[2025-06-16T00:34:32.282+0000][1389.960s][915][941][info ] Total time for which application threads were stopped: 0.0001921 seconds, Stopping threads took: 0.0000464 seconds
[2025-06-16T00:34:33.283+0000][1390.960s][915][941][info ] Application time: 1.0001228 seconds
[2025-06-16T00:34:33.283+0000][1390.960s][915][941][info ] Entering safepoint region: Cleanup
[2025-06-16T00:34:33.283+0000][1390.960s][915][941][info ] Leaving safepoint region
[2025-06-16T00:34:33.283+0000][1390.960s][915][941][info ] Total time for which application threads were stopped: 0.0002307 seconds, Stopping threads took: 0.0000443 seconds
[2025-06-16T00:34:34.283+0000][1391.961s][915][941][info ] Application time: 1.0000997 seconds
[2025-06-16T00:34:34.283+0000][1391.961s][915][941][info ] Entering safepoint region: Cleanup
[2025-06-16T00:34:34.283+0000][1391.961s][915][941][info ] Leaving safepoint region
[2025-06-16T00:34:34.283+0000][1391.961s][915][941][info ] Total time for which application threads were stopped: 0.0001898 seconds, Stopping threads took: 0.0000415 seconds
[2025-06-16T00:34:34.852+0000][1392.530s][915][940][trace] CMS: promo attempt is safe: available(6912212992) >= av_promo(0), max_promo(840021184)
[2025-06-16T00:34:35.283+0000][1392.961s][915][941][info ] Application time: 1.0001048 seconds
[2025-06-16T00:34:35.284+0000][1392.961s][915][941][info ] Entering safepoint region: Cleanup
[2025-06-16T00:34:35.284+0000][1392.961s][915][941][info ] Leaving safepoint region
[2025-06-16T00:34:35.284+0000][1392.961s][915][941][info ] Total time for which application threads were stopped: 0.0002590 seconds, Stopping threads took: 0.0000498 seconds
[2025-06-16T00:34:36.284+0000][1393.961s][915][941][info ] Application time: 1.0001446 seconds
[2025-06-16T00:34:36.284+0000][1393.962s][915][941][info ] Entering safepoint region: Cleanup
[2025-06-16T00:34:36.284+0000][1393.962s][915][941][info ] Leaving safepoint region
[2025-06-16T00:34:36.284+0000][1393.962s][915][941][info ] Total time for which application threads were stopped: 0.0002383 seconds, Stopping threads took: 0.0000459 seconds
[2025-06-16T00:34:37.285+0000][1394.962s][915][941][info ] Application time: 1.0001147 seconds
[2025-06-16T00:34:37.285+0000][1394.962s][915][941][info ] Entering safepoint region: Cleanup
[2025-06-16T00:34:37.285+0000][1394.963s][915][941][info ] Leaving safepoint region
[2025-06-16T00:34:37.285+0000][1394.963s][915][941][info ] Total time for which application threads were stopped: 0.0005653 seconds, Stopping threads took: 0.0000788 seconds
[2025-06-16T00:34:38.285+0000][1395.963s][915][941][info ] Application time: 1.0001224 seconds
[2025-06-16T00:34:38.286+0000][1395.963s][915][941][info ] Entering safepoint region: Cleanup
[2025-06-16T00:34:38.286+0000][1395.963s][915][941][info ] Leaving safepoint region
[2025-06-16T00:34:38.286+0000][1395.963s][915][941][info ] Total time for which application threads were stopped: 0.0002627 seconds, Stopping threads took: 0.0000511 seconds
[2025-06-16T00:34:39.286+0000][1396.963s][915][941][info ] Application time: 1.0001074 seconds
[2025-06-16T00:34:39.286+0000][1396.964s][915][941][info ] Entering safepoint region: Cleanup
[2025-06-16T00:34:39.286+0000][1396.964s][915][941][info ] Leaving safepoint region
[2025-06-16T00:34:39.286+0000][1396.964s][915][941][info ] Total time for which application threads were stopped: 0.0001827 seconds, Stopping threads took: 0.0000417 seconds
[2025-06-16T00:34:40.286+0000][1397.964s][915][941][info ] Application time: 1.0001078 seconds
[2025-06-16T00:34:40.286+0000][1397.964s][915][941][info ] Entering safepoint region: Cleanup
[2025-06-16T00:34:40.287+0000][1397.964s][915][941][info ] Leaving safepoint region
[2025-06-16T00:34:40.287+0000][1397.964s][915][941][info ] Total time for which application threads were stopped: 0.0002953 seconds, Stopping threads took: 0.0000622 seconds
[2025-06-16T00:34:41.287+0000][1398.964s][915][941][info ] Application time: 1.0001191 seconds
[2025-06-16T00:34:41.287+0000][1398.964s][915][941][info ] Entering safepoint region: Cleanup
[2025-06-16T00:34:41.287+0000][1398.965s][915][941][info ] Leaving safepoint region
[2025-06-16T00:34:41.287+0000][1398.965s][915][941][info ] Total time for which application threads were stopped: 0.0001859 seconds, Stopping threads took: 0.0000413 seconds
[2025-06-16T00:34:42.287+0000][1399.965s][915][941][info ] Application time: 1.0001070 seconds
[2025-06-16T00:34:42.287+0000][1399.965s][915][941][info ] Entering safepoint region: Cleanup
[2025-06-16T00:34:42.287+0000][1399.965s][915][941][info ] Leaving safepoint region
[2025-06-16T00:34:42.288+0000][1399.965s][915][941][info ] Total time for which application threads were stopped: 0.0001833 seconds, Stopping threads took: 0.0000419 seconds
[2025-06-16T00:34:43.288+0000][1400.965s][915][941][info ] Application time: 1.0001029 seconds
[2025-06-16T00:34:43.288+0000][1400.965s][915][941][info ] Entering safepoint region: Cleanup
[2025-06-16T00:34:43.288+0000][1400.965s][915][941][info ] Leaving safepoint region
[2025-06-16T00:34:43.288+0000][1400.965s][915][941][info ] Total time for which application threads were stopped: 0.0001819 seconds, Stopping threads took: 0.0000419 seconds
[2025-06-16T00:34:44.288+0000][1401.966s][915][941][info ] Application time: 1.0001548 seconds
[2025-06-16T00:34:44.288+0000][1401.966s][915][941][info ] Entering safepoint region: Cleanup
[2025-06-16T00:34:44.288+0000][1401.966s][915][941][info ] Leaving safepoint region
[2025-06-16T00:34:44.288+0000][1401.966s][915][941][info ] Total time for which application threads were stopped: 0.0003060 seconds, Stopping threads took: 0.0000567 seconds
[2025-06-16T00:34:44.852+0000][1402.529s][915][940][trace] CMS: promo attempt is safe: available(6912212992) >= av_promo(0), max_promo(840021184)
[2025-06-16T00:34:45.289+0000][1402.966s][915][941][info ] Application time: 1.0001008 seconds
[2025-06-16T00:34:45.289+0000][1402.966s][915][941][info ] Entering safepoint region: Cleanup
[2025-06-16T00:34:45.289+0000][1402.966s][915][941][info ] Leaving safepoint region
[2025-06-16T00:34:45.289+0000][1402.966s][915][941][info ] Total time for which application threads were stopped: 0.0001702 seconds, Stopping threads took: 0.0000414 seconds
[2025-06-16T00:34:46.289+0000][1403.966s][915][941][info ] Application time: 1.0000990 seconds
[2025-06-16T00:34:46.289+0000][1403.967s][915][941][info ] Entering safepoint region: Cleanup
[2025-06-16T00:34:46.289+0000][1403.967s][915][941][info ] Leaving safepoint region
[2025-06-16T00:34:46.289+0000][1403.967s][915][941][info ] Total time for which application threads were stopped: 0.0001866 seconds, Stopping threads took: 0.0000403 seconds
[2025-06-16T00:34:47.289+0000][1404.967s][915][941][info ] Application time: 1.0000988 seconds
[2025-06-16T00:34:47.289+0000][1404.967s][915][941][info ] Entering safepoint region: Cleanup
[2025-06-16T00:34:47.290+0000][1404.967s][915][941][info ] Leaving safepoint region
[2025-06-16T00:34:47.290+0000][1404.967s][915][941][info ] Total time for which application threads were stopped: 0.0001819 seconds, Stopping threads took: 0.0000396 seconds
[2025-06-16T00:34:48.290+0000][1405.967s][915][941][info ] Application time: 1.0000970 seconds
[2025-06-16T00:34:48.290+0000][1405.967s][915][941][info ] Entering safepoint region: Cleanup
[2025-06-16T00:34:48.290+0000][1405.967s][915][941][info ] Leaving safepoint region
[2025-06-16T00:34:48.290+0000][1405.968s][915][941][info ] Total time for which application threads were stopped: 0.0001914 seconds, Stopping threads took: 0.0000405 seconds
[2025-06-16T00:34:49.290+0000][1406.968s][915][941][info ] Application time: 1.0001077 seconds
[2025-06-16T00:34:49.290+0000][1406.968s][915][941][info ] Entering safepoint region: Cleanup
[2025-06-16T00:34:49.290+0000][1406.968s][915][941][info ] Leaving safepoint region
[2025-06-16T00:34:49.290+0000][1406.968s][915][941][info ] Total time for which application threads were stopped: 0.0002126 seconds, Stopping threads took: 0.0000435 seconds
[2025-06-16T00:34:50.291+0000][1407.968s][915][941][info ] Application time: 1.0000974 seconds
[2025-06-16T00:34:50.291+0000][1407.968s][915][941][info ] Entering safepoint region: Cleanup
[2025-06-16T00:34:50.291+0000][1407.968s][915][941][info ] Leaving safepoint region
[2025-06-16T00:34:50.291+0000][1407.968s][915][941][info ] Total time for which application threads were stopped: 0.0001786 seconds, Stopping threads took: 0.0000421 seconds
[2025-06-16T00:34:51.291+0000][1408.968s][915][941][info ] Application time: 1.0000916 seconds
[2025-06-16T00:34:51.291+0000][1408.969s][915][941][info ] Entering safepoint region: Cleanup
[2025-06-16T00:34:51.291+0000][1408.969s][915][941][info ] Leaving safepoint region
[2025-06-16T00:34:51.291+0000][1408.969s][915][941][info ] Total time for which application threads were stopped: 0.0001718 seconds, Stopping threads took: 0.0000380 seconds
[2025-06-16T00:34:52.291+0000][1409.969s][915][941][info ] Application time: 1.0000956 seconds
[2025-06-16T00:34:52.291+0000][1409.969s][915][941][info ] Entering safepoint region: Cleanup
[2025-06-16T00:34:52.292+0000][1409.969s][915][941][info ] Leaving safepoint region
[2025-06-16T00:34:52.292+0000][1409.969s][915][941][info ] Total time for which application threads were stopped: 0.0001878 seconds, Stopping threads took: 0.0000403 seconds
[2025-06-16T00:34:53.292+0000][1410.969s][915][941][info ] Application time: 1.0001436 seconds
[2025-06-16T00:34:53.292+0000][1410.969s][915][941][info ] Entering safepoint region: Cleanup
[2025-06-16T00:34:53.292+0000][1410.969s][915][941][info ] Leaving safepoint region
[2025-06-16T00:34:53.292+0000][1410.970s][915][941][info ] Total time for which application threads were stopped: 0.0002098 seconds, Stopping threads took: 0.0000485 seconds
[2025-06-16T00:34:54.292+0000][1411.970s][915][941][info ] Application time: 1.0000980 seconds
[2025-06-16T00:34:54.292+0000][1411.970s][915][941][info ] Entering safepoint region: Cleanup
[2025-06-16T00:34:54.292+0000][1411.970s][915][941][info ] Leaving safepoint region
[2025-06-16T00:34:54.292+0000][1411.970s][915][941][info ] Total time for which application threads were stopped: 0.0002057 seconds, Stopping threads took: 0.0000433 seconds
[2025-06-16T00:34:54.852+0000][1412.529s][915][940][trace] CMS: promo attempt is safe: available(6912212992) >= av_promo(0), max_promo(840021184)
[2025-06-16T00:34:55.293+0000][1412.970s][915][941][info ] Application time: 1.0001181 seconds
[2025-06-16T00:34:55.293+0000][1412.970s][915][941][info ] Entering safepoint region: Cleanup
[2025-06-16T00:34:55.293+0000][1412.970s][915][941][info ] Leaving safepoint region
[2025-06-16T00:34:55.293+0000][1412.970s][915][941][info ] Total time for which application threads were stopped: 0.0001912 seconds, Stopping threads took: 0.0000420 seconds
[2025-06-16T00:34:56.293+0000][1413.970s][915][941][info ] Application time: 1.0001079 seconds
[2025-06-16T00:34:56.293+0000][1413.971s][915][941][info ] Entering safepoint region: Cleanup
[2025-06-16T00:34:56.293+0000][1413.971s][915][941][info ] Leaving safepoint region
[2025-06-16T00:34:56.293+0000][1413.971s][915][941][info ] Total time for which application threads were stopped: 0.0003618 seconds, Stopping threads took: 0.0000684 seconds
[2025-06-16T00:34:57.294+0000][1414.971s][915][941][info ] Application time: 1.0001026 seconds
[2025-06-16T00:34:57.294+0000][1414.971s][915][941][info ] Entering safepoint region: Cleanup
[2025-06-16T00:34:57.294+0000][1414.971s][915][941][info ] Leaving safepoint region
[2025-06-16T00:34:57.294+0000][1414.971s][915][941][info ] Total time for which application threads were stopped: 0.0002427 seconds, Stopping threads took: 0.0000434 seconds
[2025-06-16T00:34:58.294+0000][1415.972s][915][941][info ] Application time: 1.0000991 seconds
[2025-06-16T00:34:58.294+0000][1415.972s][915][941][info ] Entering safepoint region: Cleanup
[2025-06-16T00:34:58.294+0000][1415.972s][915][941][info ] Leaving safepoint region
[2025-06-16T00:34:58.294+0000][1415.972s][915][941][info ] Total time for which application threads were stopped: 0.0002457 seconds, Stopping threads took: 0.0000553 seconds
[2025-06-16T00:34:59.294+0000][1416.972s][915][941][info ] Application time: 1.0000982 seconds
[2025-06-16T00:34:59.295+0000][1416.972s][915][941][info ] Entering safepoint region: Cleanup
[2025-06-16T00:34:59.295+0000][1416.972s][915][941][info ] Leaving safepoint region
[2025-06-16T00:34:59.295+0000][1416.972s][915][941][info ] Total time for which application threads were stopped: 0.0001940 seconds, Stopping threads took: 0.0000415 seconds
[2025-06-16T00:35:00.295+0000][1417.972s][915][941][info ] Application time: 1.0001178 seconds
[2025-06-16T00:35:00.295+0000][1417.973s][915][941][info ] Entering safepoint region: Cleanup
[2025-06-16T00:35:00.295+0000][1417.973s][915][941][info ] Leaving safepoint region
[2025-06-16T00:35:00.295+0000][1417.973s][915][941][info ] Total time for which application threads were stopped: 0.0002079 seconds, Stopping threads took: 0.0000417 seconds
[2025-06-16T00:35:01.295+0000][1418.973s][915][941][info ] Application time: 1.0001094 seconds
[2025-06-16T00:35:01.295+0000][1418.973s][915][941][info ] Entering safepoint region: Cleanup
[2025-06-16T00:35:01.296+0000][1418.973s][915][941][info ] Leaving safepoint region
[2025-06-16T00:35:01.296+0000][1418.973s][915][941][info ] Total time for which application threads were stopped: 0.0002020 seconds, Stopping threads took: 0.0000410 seconds
[2025-06-16T00:35:02.296+0000][1419.973s][915][941][info ] Application time: 1.0001101 seconds
[2025-06-16T00:35:02.296+0000][1419.973s][915][941][info ] Entering safepoint region: Cleanup
[2025-06-16T00:35:02.296+0000][1419.973s][915][941][info ] Leaving safepoint region
[2025-06-16T00:35:02.296+0000][1419.974s][915][941][info ] Total time for which application threads were stopped: 0.0002056 seconds, Stopping threads took: 0.0000506 seconds
[2025-06-16T00:35:03.296+0000][1420.974s][915][941][info ] Application time: 1.0001099 seconds
[2025-06-16T00:35:03.296+0000][1420.974s][915][941][info ] Entering safepoint region: Cleanup
[2025-06-16T00:35:03.296+0000][1420.974s][915][941][info ] Leaving safepoint region
[2025-06-16T00:35:03.296+0000][1420.974s][915][941][info ] Total time for which application threads were stopped: 0.0002178 seconds, Stopping threads took: 0.0000425 seconds
[2025-06-16T00:35:04.297+0000][1421.974s][915][941][info ] Application time: 1.0000952 seconds
[2025-06-16T00:35:04.297+0000][1421.974s][915][941][info ] Entering safepoint region: Cleanup
[2025-06-16T00:35:04.297+0000][1421.974s][915][941][info ] Leaving safepoint region
[2025-06-16T00:35:04.297+0000][1421.974s][915][941][info ] Total time for which application threads were stopped: 0.0001823 seconds, Stopping threads took: 0.0000398 seconds
[2025-06-16T00:35:04.851+0000][1422.529s][915][940][trace] CMS: promo attempt is safe: available(6912212992) >= av_promo(0), max_promo(840021184)
[2025-06-16T00:35:05.297+0000][1422.974s][915][941][info ] Application time: 1.0001082 seconds
[2025-06-16T00:35:05.297+0000][1422.975s][915][941][info ] Entering safepoint region: Cleanup
[2025-06-16T00:35:05.297+0000][1422.975s][915][941][info ] Leaving safepoint region
[2025-06-16T00:35:05.297+0000][1422.975s][915][941][info ] Total time for which application threads were stopped: 0.0002377 seconds, Stopping threads took: 0.0000467 seconds
[2025-06-16T00:35:06.297+0000][1423.975s][915][941][info ] Application time: 1.0001067 seconds
[2025-06-16T00:35:06.298+0000][1423.975s][915][941][info ] Entering safepoint region: Cleanup
[2025-06-16T00:35:06.298+0000][1423.975s][915][941][info ] Leaving safepoint region
[2025-06-16T00:35:06.298+0000][1423.975s][915][941][info ] Total time for which application threads were stopped: 0.0002115 seconds, Stopping threads took: 0.0000539 seconds
[2025-06-16T00:35:07.298+0000][1424.975s][915][941][info ] Application time: 1.0000813 seconds
[2025-06-16T00:35:07.298+0000][1424.975s][915][941][info ] Entering safepoint region: Cleanup
[2025-06-16T00:35:07.298+0000][1424.976s][915][941][info ] Leaving safepoint region
[2025-06-16T00:35:07.298+0000][1424.976s][915][941][info ] Total time for which application threads were stopped: 0.0002423 seconds, Stopping threads took: 0.0000503 seconds
[2025-06-16T00:35:08.298+0000][1425.976s][915][941][info ] Application time: 1.0001145 seconds
[2025-06-16T00:35:08.298+0000][1425.976s][915][941][info ] Entering safepoint region: Cleanup
[2025-06-16T00:35:08.299+0000][1425.976s][915][941][info ] Leaving safepoint region
[2025-06-16T00:35:08.299+0000][1425.976s][915][941][info ] Total time for which application threads were stopped: 0.0001833 seconds, Stopping threads took: 0.0000351 seconds
[2025-06-16T00:35:09.299+0000][1426.976s][915][941][info ] Application time: 1.0001303 seconds
[2025-06-16T00:35:09.299+0000][1426.976s][915][941][info ] Entering safepoint region: Cleanup
[2025-06-16T00:35:09.299+0000][1426.976s][915][941][info ] Leaving safepoint region
[2025-06-16T00:35:09.299+0000][1426.976s][915][941][info ] Total time for which application threads were stopped: 0.0001651 seconds, Stopping threads took: 0.0000370 seconds
[2025-06-16T00:35:10.299+0000][1427.977s][915][941][info ] Application time: 1.0001069 seconds
[2025-06-16T00:35:10.299+0000][1427.977s][915][941][info ] Entering safepoint region: Cleanup
[2025-06-16T00:35:10.299+0000][1427.977s][915][941][info ] Leaving safepoint region
[2025-06-16T00:35:10.299+0000][1427.977s][915][941][info ] Total time for which application threads were stopped: 0.0002350 seconds, Stopping threads took: 0.0000486 seconds
[2025-06-16T00:35:11.300+0000][1428.977s][915][941][info ] Application time: 1.0001178 seconds
[2025-06-16T00:35:11.300+0000][1428.977s][915][941][info ] Entering safepoint region: Cleanup
[2025-06-16T00:35:11.300+0000][1428.977s][915][941][info ] Leaving safepoint region
[2025-06-16T00:35:11.300+0000][1428.977s][915][941][info ] Total time for which application threads were stopped: 0.0002181 seconds, Stopping threads took: 0.0000593 seconds
[2025-06-16T00:35:12.300+0000][1429.977s][915][941][info ] Application time: 1.0001211 seconds
[2025-06-16T00:35:12.300+0000][1429.978s][915][941][info ] Entering safepoint region: Cleanup
[2025-06-16T00:35:12.300+0000][1429.978s][915][941][info ] Leaving safepoint region
[2025-06-16T00:35:12.300+0000][1429.978s][915][941][info ] Total time for which application threads were stopped: 0.0002081 seconds, Stopping threads took: 0.0000459 seconds
[2025-06-16T00:35:13.300+0000][1430.978s][915][941][info ] Application time: 1.0001156 seconds
[2025-06-16T00:35:13.301+0000][1430.978s][915][941][info ] Entering safepoint region: Cleanup
[2025-06-16T00:35:13.301+0000][1430.978s][915][941][info ] Leaving safepoint region
[2025-06-16T00:35:13.301+0000][1430.978s][915][941][info ] Total time for which application threads were stopped: 0.0002411 seconds, Stopping threads took: 0.0000463 seconds
[2025-06-16T00:35:14.301+0000][1431.978s][915][941][info ] Application time: 1.0001056 seconds
[2025-06-16T00:35:14.301+0000][1431.978s][915][941][info ] Entering safepoint region: Cleanup
[2025-06-16T00:35:14.301+0000][1431.979s][915][941][info ] Leaving safepoint region
[2025-06-16T00:35:14.301+0000][1431.979s][915][941][info ] Total time for which application threads were stopped: 0.0001851 seconds, Stopping threads took: 0.0000410 seconds
[2025-06-16T00:35:14.850+0000][1432.528s][915][940][trace] CMS: promo attempt is safe: available(6912212992) >= av_promo(0), max_promo(840021184)
[2025-06-16T00:35:15.301+0000][1432.979s][915][941][info ] Application time: 1.0001176 seconds
[2025-06-16T00:35:15.301+0000][1432.979s][915][941][info ] Entering safepoint region: Cleanup
[2025-06-16T00:35:15.301+0000][1432.979s][915][941][info ] Leaving safepoint region
[2025-06-16T00:35:15.301+0000][1432.979s][915][941][info ] Total time for which application threads were stopped: 0.0001753 seconds, Stopping threads took: 0.0000459 seconds
[2025-06-16T00:35:16.302+0000][1433.979s][915][941][info ] Application time: 1.0000960 seconds
[2025-06-16T00:35:16.302+0000][1433.979s][915][941][info ] Entering safepoint region: Cleanup
[2025-06-16T00:35:16.302+0000][1433.979s][915][941][info ] Leaving safepoint region
[2025-06-16T00:35:16.302+0000][1433.979s][915][941][info ] Total time for which application threads were stopped: 0.0002259 seconds, Stopping threads took: 0.0000403 seconds
[2025-06-16T00:35:17.302+0000][1434.980s][915][941][info ] Application time: 1.0001006 seconds
[2025-06-16T00:35:17.302+0000][1434.980s][915][941][info ] Entering safepoint region: Cleanup
[2025-06-16T00:35:17.302+0000][1434.980s][915][941][info ] Leaving safepoint region
[2025-06-16T00:35:17.302+0000][1434.980s][915][941][info ] Total time for which application threads were stopped: 0.0002187 seconds, Stopping threads took: 0.0000415 seconds
[2025-06-16T00:35:18.302+0000][1435.980s][915][941][info ] Application time: 1.0000960 seconds
[2025-06-16T00:35:18.303+0000][1435.980s][915][941][info ] Entering safepoint region: Cleanup
[2025-06-16T00:35:18.303+0000][1435.980s][915][941][info ] Leaving safepoint region
[2025-06-16T00:35:18.303+0000][1435.980s][915][941][info ] Total time for which application threads were stopped: 0.0001804 seconds, Stopping threads took: 0.0000409 seconds
[2025-06-16T00:35:19.303+0000][1436.980s][915][941][info ] Application time: 1.0000951 seconds
[2025-06-16T00:35:19.303+0000][1436.980s][915][941][info ] Entering safepoint region: Cleanup
[2025-06-16T00:35:19.303+0000][1436.981s][915][941][info ] Leaving safepoint region
[2025-06-16T00:35:19.303+0000][1436.981s][915][941][info ] Total time for which application threads were stopped: 0.0001816 seconds, Stopping threads took: 0.0000405 seconds
[2025-06-16T00:35:20.303+0000][1437.981s][915][941][info ] Application time: 1.0001161 seconds
[2025-06-16T00:35:20.303+0000][1437.981s][915][941][info ] Entering safepoint region: Cleanup
[2025-06-16T00:35:20.303+0000][1437.981s][915][941][info ] Leaving safepoint region
[2025-06-16T00:35:20.303+0000][1437.981s][915][941][info ] Total time for which application threads were stopped: 0.0001943 seconds, Stopping threads took: 0.0000424 seconds
[2025-06-16T00:35:21.304+0000][1438.981s][915][941][info ] Application time: 1.0000937 seconds
[2025-06-16T00:35:21.304+0000][1438.981s][915][941][info ] Entering safepoint region: Cleanup
[2025-06-16T00:35:21.304+0000][1438.981s][915][941][info ] Leaving safepoint region
[2025-06-16T00:35:21.304+0000][1438.981s][915][941][info ] Total time for which application threads were stopped: 0.0001827 seconds, Stopping threads took: 0.0000402 seconds
[2025-06-16T00:35:22.304+0000][1439.981s][915][941][info ] Application time: 1.0000997 seconds
[2025-06-16T00:35:22.304+0000][1439.982s][915][941][info ] Entering safepoint region: Cleanup
[2025-06-16T00:35:22.304+0000][1439.982s][915][941][info ] Leaving safepoint region
[2025-06-16T00:35:22.304+0000][1439.982s][915][941][info ] Total time for which application threads were stopped: 0.0001991 seconds, Stopping threads took: 0.0000443 seconds
[2025-06-16T00:35:23.304+0000][1440.982s][915][941][info ] Application time: 1.0001296 seconds
[2025-06-16T00:35:23.304+0000][1440.982s][915][941][info ] Entering safepoint region: Cleanup
[2025-06-16T00:35:23.305+0000][1440.982s][915][941][info ] Leaving safepoint region
[2025-06-16T00:35:23.305+0000][1440.982s][915][941][info ] Total time for which application threads were stopped: 0.0001836 seconds, Stopping threads took: 0.0000402 seconds
[2025-06-16T00:35:24.305+0000][1441.982s][915][941][info ] Application time: 1.0000959 seconds
[2025-06-16T00:35:24.305+0000][1441.982s][915][941][info ] Entering safepoint region: Cleanup
[2025-06-16T00:35:24.305+0000][1441.983s][915][941][info ] Leaving safepoint region
[2025-06-16T00:35:24.305+0000][1441.983s][915][941][info ] Total time for which application threads were stopped: 0.0001851 seconds, Stopping threads took: 0.0000452 seconds
[2025-06-16T00:35:24.850+0000][1442.528s][915][940][trace] CMS: promo attempt is safe: available(6912212992) >= av_promo(0), max_promo(840021184)
[2025-06-16T00:35:25.305+0000][1442.983s][915][941][info ] Application time: 1.0001199 seconds
[2025-06-16T00:35:25.305+0000][1442.983s][915][941][info ] Entering safepoint region: Cleanup
[2025-06-16T00:35:25.305+0000][1442.983s][915][941][info ] Leaving safepoint region
[2025-06-16T00:35:25.305+0000][1442.983s][915][941][info ] Total time for which application threads were stopped: 0.0001880 seconds, Stopping threads took: 0.0000427 seconds
[2025-06-16T00:35:26.306+0000][1443.983s][915][941][info ] Application time: 1.0001057 seconds
[2025-06-16T00:35:26.306+0000][1443.983s][915][941][info ] Entering safepoint region: Cleanup
[2025-06-16T00:35:26.306+0000][1443.983s][915][941][info ] Leaving safepoint region
[2025-06-16T00:35:26.306+0000][1443.983s][915][941][info ] Total time for which application threads were stopped: 0.0002212 seconds, Stopping threads took: 0.0000360 seconds
[2025-06-16T00:35:27.306+0000][1444.984s][915][941][info ] Application time: 1.0001337 seconds
[2025-06-16T00:35:27.306+0000][1444.984s][915][941][info ] Entering safepoint region: Cleanup
[2025-06-16T00:35:27.306+0000][1444.984s][915][941][info ] Leaving safepoint region
[2025-06-16T00:35:27.306+0000][1444.984s][915][941][info ] Total time for which application threads were stopped: 0.0002351 seconds, Stopping threads took: 0.0000439 seconds
[2025-06-16T00:35:28.306+0000][1445.984s][915][941][info ] Application time: 1.0001125 seconds
[2025-06-16T00:35:28.307+0000][1445.984s][915][941][info ] Entering safepoint region: Cleanup
[2025-06-16T00:35:28.307+0000][1445.984s][915][941][info ] Leaving safepoint region
[2025-06-16T00:35:28.307+0000][1445.984s][915][941][info ] Total time for which application threads were stopped: 0.0001946 seconds, Stopping threads took: 0.0000424 seconds
[2025-06-16T00:35:29.307+0000][1446.984s][915][941][info ] Application time: 1.0001006 seconds
[2025-06-16T00:35:29.307+0000][1446.984s][915][941][info ] Entering safepoint region: Cleanup
[2025-06-16T00:35:29.307+0000][1446.985s][915][941][info ] Leaving safepoint region
[2025-06-16T00:35:29.307+0000][1446.985s][915][941][info ] Total time for which application threads were stopped: 0.0002123 seconds, Stopping threads took: 0.0000526 seconds
[2025-06-16T00:35:30.307+0000][1447.985s][915][941][info ] Application time: 1.0001068 seconds
[2025-06-16T00:35:30.307+0000][1447.985s][915][941][info ] Entering safepoint region: Cleanup
[2025-06-16T00:35:30.308+0000][1447.985s][915][941][info ] Leaving safepoint region
[2025-06-16T00:35:30.308+0000][1447.985s][915][941][info ] Total time for which application threads were stopped: 0.0002587 seconds, Stopping threads took: 0.0000524 seconds
[2025-06-16T00:35:31.308+0000][1448.985s][915][941][info ] Application time: 1.0000931 seconds
[2025-06-16T00:35:31.308+0000][1448.985s][915][941][info ] Entering safepoint region: Cleanup
[2025-06-16T00:35:31.308+0000][1448.986s][915][941][info ] Leaving safepoint region
[2025-06-16T00:35:31.308+0000][1448.986s][915][941][info ] Total time for which application threads were stopped: 0.0002876 seconds, Stopping threads took: 0.0000620 seconds
[2025-06-16T00:35:32.308+0000][1449.986s][915][941][info ] Application time: 1.0001237 seconds
[2025-06-16T00:35:32.308+0000][1449.986s][915][941][info ] Entering safepoint region: Cleanup
[2025-06-16T00:35:32.309+0000][1449.986s][915][941][info ] Leaving safepoint region
[2025-06-16T00:35:32.309+0000][1449.986s][915][941][info ] Total time for which application threads were stopped: 0.0002252 seconds, Stopping threads took: 0.0000443 seconds
[2025-06-16T00:35:33.309+0000][1450.986s][915][941][info ] Application time: 1.0001126 seconds
[2025-06-16T00:35:33.309+0000][1450.986s][915][941][info ] Entering safepoint region: Cleanup
[2025-06-16T00:35:33.309+0000][1450.986s][915][941][info ] Leaving safepoint region
[2025-06-16T00:35:33.309+0000][1450.986s][915][941][info ] Total time for which application threads were stopped: 0.0001755 seconds, Stopping threads took: 0.0000393 seconds
[2025-06-16T00:35:34.309+0000][1451.987s][915][941][info ] Application time: 1.0001127 seconds
[2025-06-16T00:35:34.309+0000][1451.987s][915][941][info ] Entering safepoint region: Cleanup
[2025-06-16T00:35:34.309+0000][1451.987s][915][941][info ] Leaving safepoint region
[2025-06-16T00:35:34.309+0000][1451.987s][915][941][info ] Total time for which application threads were stopped: 0.0002262 seconds, Stopping threads took: 0.0000470 seconds
[2025-06-16T00:35:34.850+0000][1452.527s][915][940][trace] CMS: promo attempt is safe: available(6912212992) >= av_promo(0), max_promo(840021184)
[2025-06-16T00:35:35.310+0000][1452.987s][915][941][info ] Application time: 1.0000980 seconds
[2025-06-16T00:35:35.310+0000][1452.987s][915][941][info ] Entering safepoint region: Cleanup
[2025-06-16T00:35:35.310+0000][1452.987s][915][941][info ] Leaving safepoint region
[2025-06-16T00:35:35.310+0000][1452.987s][915][941][info ] Total time for which application threads were stopped: 0.0002485 seconds, Stopping threads took: 0.0000424 seconds
[2025-06-16T00:35:36.310+0000][1453.987s][915][941][info ] Application time: 1.0001023 seconds
[2025-06-16T00:35:36.310+0000][1453.988s][915][941][info ] Entering safepoint region: Cleanup
[2025-06-16T00:35:36.310+0000][1453.988s][915][941][info ] Leaving safepoint region
[2025-06-16T00:35:36.310+0000][1453.988s][915][941][info ] Total time for which application threads were stopped: 0.0002103 seconds, Stopping threads took: 0.0000540 seconds
[2025-06-16T00:35:37.310+0000][1454.988s][915][941][info ] Application time: 1.0000928 seconds
[2025-06-16T00:35:37.310+0000][1454.988s][915][941][info ] Entering safepoint region: Cleanup
[2025-06-16T00:35:37.311+0000][1454.988s][915][941][info ] Leaving safepoint region
[2025-06-16T00:35:37.311+0000][1454.988s][915][941][info ] Total time for which application threads were stopped: 0.0002164 seconds, Stopping threads took: 0.0000425 seconds
[2025-06-16T00:35:38.311+0000][1455.988s][915][941][info ] Application time: 1.0000982 seconds
[2025-06-16T00:35:38.311+0000][1455.988s][915][941][info ] Entering safepoint region: Cleanup
[2025-06-16T00:35:38.311+0000][1455.989s][915][941][info ] Leaving safepoint region
[2025-06-16T00:35:38.311+0000][1455.989s][915][941][info ] Total time for which application threads were stopped: 0.0002098 seconds, Stopping threads took: 0.0000452 seconds
[2025-06-16T00:35:39.311+0000][1456.989s][915][941][info ] Application time: 1.0000944 seconds
[2025-06-16T00:35:39.311+0000][1456.989s][915][941][info ] Entering safepoint region: Cleanup
[2025-06-16T00:35:39.311+0000][1456.989s][915][941][info ] Leaving safepoint region
[2025-06-16T00:35:39.311+0000][1456.989s][915][941][info ] Total time for which application threads were stopped: 0.0001804 seconds, Stopping threads took: 0.0000461 seconds
[2025-06-16T00:35:40.312+0000][1457.989s][915][941][info ] Application time: 1.0002614 seconds
[2025-06-16T00:35:40.312+0000][1457.989s][915][941][info ] Entering safepoint region: Cleanup
[2025-06-16T00:35:40.312+0000][1457.990s][915][941][info ] Leaving safepoint region
[2025-06-16T00:35:40.312+0000][1457.990s][915][941][info ] Total time for which application threads were stopped: 0.0004625 seconds, Stopping threads took: 0.0000772 seconds
[2025-06-16T00:35:41.312+0000][1458.990s][915][941][info ] Application time: 1.0001102 seconds
[2025-06-16T00:35:41.313+0000][1458.990s][915][941][info ] Entering safepoint region: Cleanup
[2025-06-16T00:35:41.313+0000][1458.990s][915][941][info ] Leaving safepoint region
[2025-06-16T00:35:41.313+0000][1458.990s][915][941][info ] Total time for which application threads were stopped: 0.0002295 seconds, Stopping threads took: 0.0000603 seconds
[2025-06-16T00:35:42.313+0000][1459.990s][915][941][info ] Application time: 1.0001476 seconds
[2025-06-16T00:35:42.313+0000][1459.991s][915][941][info ] Entering safepoint region: Cleanup
[2025-06-16T00:35:42.313+0000][1459.991s][915][941][info ] Leaving safepoint region
[2025-06-16T00:35:42.313+0000][1459.991s][915][941][info ] Total time for which application threads were stopped: 0.0001982 seconds, Stopping threads took: 0.0000462 seconds
[2025-06-16T00:35:43.313+0000][1460.991s][915][941][info ] Application time: 1.0000991 seconds
[2025-06-16T00:35:43.314+0000][1460.991s][915][941][info ] Entering safepoint region: Cleanup
[2025-06-16T00:35:43.314+0000][1460.991s][915][941][info ] Leaving safepoint region
[2025-06-16T00:35:43.314+0000][1460.991s][915][941][info ] Total time for which application threads were stopped: 0.0002095 seconds, Stopping threads took: 0.0000439 seconds
[2025-06-16T00:35:44.314+0000][1461.991s][915][941][info ] Application time: 1.0000873 seconds
[2025-06-16T00:35:44.314+0000][1461.991s][915][941][info ] Entering safepoint region: Cleanup
[2025-06-16T00:35:44.314+0000][1461.992s][915][941][info ] Leaving safepoint region
[2025-06-16T00:35:44.314+0000][1461.992s][915][941][info ] Total time for which application threads were stopped: 0.0001753 seconds, Stopping threads took: 0.0000371 seconds
[2025-06-16T00:35:44.849+0000][1462.527s][915][940][trace] CMS: promo attempt is safe: available(6912212992) >= av_promo(0), max_promo(840021184)
[2025-06-16T00:35:45.314+0000][1462.992s][915][941][info ] Application time: 1.0000933 seconds
[2025-06-16T00:35:45.314+0000][1462.992s][915][941][info ] Entering safepoint region: Cleanup
[2025-06-16T00:35:45.314+0000][1462.992s][915][941][info ] Leaving safepoint region
[2025-06-16T00:35:45.314+0000][1462.992s][915][941][info ] Total time for which application threads were stopped: 0.0002342 seconds, Stopping threads took: 0.0000504 seconds
[2025-06-16T00:35:46.315+0000][1463.992s][915][941][info ] Application time: 1.0001100 seconds
[2025-06-16T00:35:46.315+0000][1463.992s][915][941][info ] Entering safepoint region: Cleanup
[2025-06-16T00:35:46.315+0000][1463.992s][915][941][info ] Leaving safepoint region
[2025-06-16T00:35:46.315+0000][1463.992s][915][941][info ] Total time for which application threads were stopped: 0.0002340 seconds, Stopping threads took: 0.0000467 seconds
[2025-06-16T00:35:47.315+0000][1464.993s][915][941][info ] Application time: 1.0001066 seconds
[2025-06-16T00:35:47.315+0000][1464.993s][915][941][info ] Entering safepoint region: Cleanup
[2025-06-16T00:35:47.315+0000][1464.993s][915][941][info ] Leaving safepoint region
[2025-06-16T00:35:47.315+0000][1464.993s][915][941][info ] Total time for which application threads were stopped: 0.0002066 seconds, Stopping threads took: 0.0000400 seconds
[2025-06-16T00:35:48.315+0000][1465.993s][915][941][info ] Application time: 1.0000954 seconds
[2025-06-16T00:35:48.316+0000][1465.993s][915][941][info ] Entering safepoint region: Cleanup
[2025-06-16T00:35:48.316+0000][1465.993s][915][941][info ] Leaving safepoint region
[2025-06-16T00:35:48.316+0000][1465.993s][915][941][info ] Total time for which application threads were stopped: 0.0002032 seconds, Stopping threads took: 0.0000355 seconds
[2025-06-16T00:35:49.316+0000][1466.993s][915][941][info ] Application time: 1.0001247 seconds
[2025-06-16T00:35:49.316+0000][1466.993s][915][941][info ] Entering safepoint region: Cleanup
[2025-06-16T00:35:49.316+0000][1466.994s][915][941][info ] Leaving safepoint region
[2025-06-16T00:35:49.316+0000][1466.994s][915][941][info ] Total time for which application threads were stopped: 0.0001844 seconds, Stopping threads took: 0.0000411 seconds
[2025-06-16T00:35:50.316+0000][1467.994s][915][941][info ] Application time: 1.0001180 seconds
[2025-06-16T00:35:50.316+0000][1467.994s][915][941][info ] Entering safepoint region: Cleanup
[2025-06-16T00:35:50.317+0000][1467.994s][915][941][info ] Leaving safepoint region
[2025-06-16T00:35:50.317+0000][1467.994s][915][941][info ] Total time for which application threads were stopped: 0.0002940 seconds, Stopping threads took: 0.0000610 seconds
[2025-06-16T00:35:51.317+0000][1468.994s][915][941][info ] Application time: 1.0001212 seconds
[2025-06-16T00:35:51.317+0000][1468.994s][915][941][info ] Entering safepoint region: Cleanup
[2025-06-16T00:35:51.317+0000][1468.995s][915][941][info ] Leaving safepoint region
[2025-06-16T00:35:51.317+0000][1468.995s][915][941][info ] Total time for which application threads were stopped: 0.0002136 seconds, Stopping threads took: 0.0000430 seconds
[2025-06-16T00:35:52.317+0000][1469.995s][915][941][info ] Application time: 1.0001137 seconds
[2025-06-16T00:35:52.317+0000][1469.995s][915][941][info ] Entering safepoint region: Cleanup
[2025-06-16T00:35:52.317+0000][1469.995s][915][941][info ] Leaving safepoint region
[2025-06-16T00:35:52.317+0000][1469.995s][915][941][info ] Total time for which application threads were stopped: 0.0001771 seconds, Stopping threads took: 0.0000350 seconds
[2025-06-16T00:35:53.318+0000][1470.995s][915][941][info ] Application time: 1.0001005 seconds
[2025-06-16T00:35:53.318+0000][1470.995s][915][941][info ] Entering safepoint region: Cleanup
[2025-06-16T00:35:53.318+0000][1470.995s][915][941][info ] Leaving safepoint region
[2025-06-16T00:35:53.318+0000][1470.995s][915][941][info ] Total time for which application threads were stopped: 0.0002682 seconds, Stopping threads took: 0.0000424 seconds
[2025-06-16T00:35:54.318+0000][1471.996s][915][941][info ] Application time: 1.0001414 seconds
[2025-06-16T00:35:54.318+0000][1471.996s][915][941][info ] Entering safepoint region: Cleanup
[2025-06-16T00:35:54.318+0000][1471.996s][915][941][info ] Leaving safepoint region
[2025-06-16T00:35:54.318+0000][1471.996s][915][941][info ] Total time for which application threads were stopped: 0.0002042 seconds, Stopping threads took: 0.0000422 seconds
[2025-06-16T00:35:54.849+0000][1472.526s][915][940][trace] CMS: promo attempt is safe: available(6912212992) >= av_promo(0), max_promo(840021184)
[2025-06-16T00:35:55.319+0000][1472.996s][915][941][info ] Application time: 1.0000895 seconds
[2025-06-16T00:35:55.319+0000][1472.996s][915][941][info ] Entering safepoint region: Cleanup
[2025-06-16T00:35:55.319+0000][1472.996s][915][941][info ] Leaving safepoint region
[2025-06-16T00:35:55.319+0000][1472.996s][915][941][info ] Total time for which application threads were stopped: 0.0001712 seconds, Stopping threads took: 0.0000447 seconds
[2025-06-16T00:35:56.319+0000][1473.996s][915][941][info ] Application time: 1.0000964 seconds
[2025-06-16T00:35:56.319+0000][1473.996s][915][941][info ] Entering safepoint region: Cleanup
[2025-06-16T00:35:56.319+0000][1473.997s][915][941][info ] Leaving safepoint region
[2025-06-16T00:35:56.319+0000][1473.997s][915][941][info ] Total time for which application threads were stopped: 0.0001484 seconds, Stopping threads took: 0.0000329 seconds
[2025-06-16T00:35:57.319+0000][1474.997s][915][941][info ] Application time: 1.0000870 seconds
[2025-06-16T00:35:57.319+0000][1474.997s][915][941][info ] Entering safepoint region: Cleanup
[2025-06-16T00:35:57.319+0000][1474.997s][915][941][info ] Leaving safepoint region
[2025-06-16T00:35:57.319+0000][1474.997s][915][941][info ] Total time for which application threads were stopped: 0.0001720 seconds, Stopping threads took: 0.0000408 seconds
[2025-06-16T00:35:58.320+0000][1475.997s][915][941][info ] Application time: 1.0001327 seconds
[2025-06-16T00:35:58.320+0000][1475.997s][915][941][info ] Entering safepoint region: Cleanup
[2025-06-16T00:35:58.320+0000][1475.997s][915][941][info ] Leaving safepoint region
[2025-06-16T00:35:58.320+0000][1475.997s][915][941][info ] Total time for which application threads were stopped: 0.0002357 seconds, Stopping threads took: 0.0000410 seconds
[2025-06-16T00:35:59.320+0000][1476.998s][915][941][info ] Application time: 1.0001134 seconds
[2025-06-16T00:35:59.320+0000][1476.998s][915][941][info ] Entering safepoint region: Cleanup
[2025-06-16T00:35:59.320+0000][1476.998s][915][941][info ] Leaving safepoint region
[2025-06-16T00:35:59.320+0000][1476.998s][915][941][info ] Total time for which application threads were stopped: 0.0001967 seconds, Stopping threads took: 0.0000430 seconds
[2025-06-16T00:36:00.320+0000][1477.998s][915][941][info ] Application time: 1.0001249 seconds
[2025-06-16T00:36:00.321+0000][1477.998s][915][941][info ] Entering safepoint region: Cleanup
[2025-06-16T00:36:00.321+0000][1477.998s][915][941][info ] Leaving safepoint region
[2025-06-16T00:36:00.321+0000][1477.998s][915][941][info ] Total time for which application threads were stopped: 0.0002357 seconds, Stopping threads took: 0.0000461 seconds
[2025-06-16T00:36:01.321+0000][1478.998s][915][941][info ] Application time: 1.0001152 seconds
[2025-06-16T00:36:01.321+0000][1478.999s][915][941][info ] Entering safepoint region: Cleanup
[2025-06-16T00:36:01.321+0000][1478.999s][915][941][info ] Leaving safepoint region
[2025-06-16T00:36:01.321+0000][1478.999s][915][941][info ] Total time for which application threads were stopped: 0.0002289 seconds, Stopping threads took: 0.0000452 seconds
[2025-06-16T00:36:02.321+0000][1479.999s][915][941][info ] Application time: 1.0001006 seconds
[2025-06-16T00:36:02.321+0000][1479.999s][915][941][info ] Entering safepoint region: Cleanup
[2025-06-16T00:36:02.322+0000][1479.999s][915][941][info ] Leaving safepoint region
[2025-06-16T00:36:02.322+0000][1479.999s][915][941][info ] Total time for which application threads were stopped: 0.0001734 seconds, Stopping threads took: 0.0000361 seconds
[2025-06-16T00:36:03.322+0000][1480.999s][915][941][info ] Application time: 1.0001389 seconds
[2025-06-16T00:36:03.322+0000][1480.999s][915][941][info ] Entering safepoint region: Cleanup
[2025-06-16T00:36:03.322+0000][1481.000s][915][941][info ] Leaving safepoint region
[2025-06-16T00:36:03.322+0000][1481.000s][915][941][info ] Total time for which application threads were stopped: 0.0002050 seconds, Stopping threads took: 0.0000391 seconds
[2025-06-16T00:36:04.322+0000][1482.000s][915][941][info ] Application time: 1.0001408 seconds
[2025-06-16T00:36:04.322+0000][1482.000s][915][941][info ] Entering safepoint region: Cleanup
[2025-06-16T00:36:04.323+0000][1482.000s][915][941][info ] Leaving safepoint region
[2025-06-16T00:36:04.323+0000][1482.000s][915][941][info ] Total time for which application threads were stopped: 0.0002542 seconds, Stopping threads took: 0.0000501 seconds
[2025-06-16T00:36:04.848+0000][1482.525s][915][940][trace] CMS: promo attempt is safe: available(6912212992) >= av_promo(0), max_promo(840021184)
[2025-06-16T00:36:05.323+0000][1483.000s][915][941][info ] Application time: 1.0001001 seconds
[2025-06-16T00:36:05.323+0000][1483.000s][915][941][info ] Entering safepoint region: Cleanup
[2025-06-16T00:36:05.323+0000][1483.000s][915][941][info ] Leaving safepoint region
[2025-06-16T00:36:05.323+0000][1483.000s][915][941][info ] Total time for which application threads were stopped: 0.0001806 seconds, Stopping threads took: 0.0000421 seconds
[2025-06-16T00:36:06.323+0000][1484.001s][915][941][info ] Application time: 1.0001171 seconds
[2025-06-16T00:36:06.323+0000][1484.001s][915][941][info ] Entering safepoint region: Cleanup
[2025-06-16T00:36:06.323+0000][1484.001s][915][941][info ] Leaving safepoint region
[2025-06-16T00:36:06.323+0000][1484.001s][915][941][info ] Total time for which application threads were stopped: 0.0002080 seconds, Stopping threads took: 0.0000391 seconds
[2025-06-16T00:36:07.324+0000][1485.001s][915][941][info ] Application time: 1.0001272 seconds
[2025-06-16T00:36:07.324+0000][1485.001s][915][941][info ] Entering safepoint region: Cleanup
[2025-06-16T00:36:07.324+0000][1485.001s][915][941][info ] Leaving safepoint region
[2025-06-16T00:36:07.324+0000][1485.001s][915][941][info ] Total time for which application threads were stopped: 0.0002119 seconds, Stopping threads took: 0.0000422 seconds
[2025-06-16T00:36:08.324+0000][1486.001s][915][941][info ] Application time: 1.0000578 seconds
[2025-06-16T00:36:08.324+0000][1486.001s][915][941][info ] Entering safepoint region: Cleanup
[2025-06-16T00:36:08.324+0000][1486.002s][915][941][info ] Leaving safepoint region
[2025-06-16T00:36:08.324+0000][1486.002s][915][941][info ] Total time for which application threads were stopped: 0.0001825 seconds, Stopping threads took: 0.0000411 seconds
[2025-06-16T00:36:09.324+0000][1487.002s][915][941][info ] Application time: 1.0001002 seconds
[2025-06-16T00:36:09.324+0000][1487.002s][915][941][info ] Entering safepoint region: Cleanup
[2025-06-16T00:36:09.325+0000][1487.002s][915][941][info ] Leaving safepoint region
[2025-06-16T00:36:09.325+0000][1487.002s][915][941][info ] Total time for which application threads were stopped: 0.0002067 seconds, Stopping threads took: 0.0000465 seconds
[2025-06-16T00:36:10.325+0000][1488.002s][915][941][info ] Application time: 1.0000843 seconds
[2025-06-16T00:36:10.325+0000][1488.002s][915][941][info ] Entering safepoint region: Cleanup
[2025-06-16T00:36:10.325+0000][1488.002s][915][941][info ] Leaving safepoint region
[2025-06-16T00:36:10.325+0000][1488.003s][915][941][info ] Total time for which application threads were stopped: 0.0002680 seconds, Stopping threads took: 0.0000623 seconds
[2025-06-16T00:36:11.325+0000][1489.003s][915][941][info ] Application time: 1.0001057 seconds
[2025-06-16T00:36:11.325+0000][1489.003s][915][941][info ] Entering safepoint region: Cleanup
[2025-06-16T00:36:11.326+0000][1489.003s][915][941][info ] Leaving safepoint region
[2025-06-16T00:36:11.326+0000][1489.003s][915][941][info ] Total time for which application threads were stopped: 0.0002620 seconds, Stopping threads took: 0.0000568 seconds
[2025-06-16T00:36:12.326+0000][1490.003s][915][941][info ] Application time: 1.0000938 seconds
[2025-06-16T00:36:12.326+0000][1490.003s][915][941][info ] Entering safepoint region: Cleanup
[2025-06-16T00:36:12.326+0000][1490.003s][915][941][info ] Leaving safepoint region
[2025-06-16T00:36:12.326+0000][1490.003s][915][941][info ] Total time for which application threads were stopped: 0.0002095 seconds, Stopping threads took: 0.0000649 seconds
[2025-06-16T00:36:13.326+0000][1491.004s][915][941][info ] Application time: 1.0001188 seconds
[2025-06-16T00:36:13.326+0000][1491.004s][915][941][info ] Entering safepoint region: Cleanup
[2025-06-16T00:36:13.327+0000][1491.004s][915][941][info ] Leaving safepoint region
[2025-06-16T00:36:13.327+0000][1491.004s][915][941][info ] Total time for which application threads were stopped: 0.0003632 seconds, Stopping threads took: 0.0000976 seconds
[2025-06-16T00:36:14.327+0000][1492.004s][915][941][info ] Application time: 1.0001001 seconds
[2025-06-16T00:36:14.327+0000][1492.004s][915][941][info ] Entering safepoint region: Cleanup
[2025-06-16T00:36:14.327+0000][1492.005s][915][941][info ] Leaving safepoint region
[2025-06-16T00:36:14.327+0000][1492.005s][915][941][info ] Total time for which application threads were stopped: 0.0002828 seconds, Stopping threads took: 0.0000705 seconds
[2025-06-16T00:36:14.847+0000][1492.525s][915][940][trace] CMS: promo attempt is safe: available(6912212992) >= av_promo(0), max_promo(842461704)
[2025-06-16T00:36:15.327+0000][1493.005s][915][941][info ] Application time: 1.0000969 seconds
[2025-06-16T00:36:15.327+0000][1493.005s][915][941][info ] Entering safepoint region: Cleanup
[2025-06-16T00:36:15.327+0000][1493.005s][915][941][info ] Leaving safepoint region
[2025-06-16T00:36:15.328+0000][1493.005s][915][941][info ] Total time for which application threads were stopped: 0.0002620 seconds, Stopping threads took: 0.0000539 seconds
[2025-06-16T00:36:16.328+0000][1494.005s][915][941][info ] Application time: 1.0001034 seconds
[2025-06-16T00:36:16.328+0000][1494.005s][915][941][info ] Entering safepoint region: Cleanup
[2025-06-16T00:36:16.328+0000][1494.005s][915][941][info ] Leaving safepoint region
[2025-06-16T00:36:16.328+0000][1494.005s][915][941][info ] Total time for which application threads were stopped: 0.0002589 seconds, Stopping threads took: 0.0000478 seconds
[2025-06-16T00:36:17.328+0000][1495.006s][915][941][info ] Application time: 1.0000986 seconds
[2025-06-16T00:36:17.328+0000][1495.006s][915][941][info ] Entering safepoint region: Cleanup
[2025-06-16T00:36:17.328+0000][1495.006s][915][941][info ] Leaving safepoint region
[2025-06-16T00:36:17.329+0000][1495.006s][915][941][info ] Total time for which application threads were stopped: 0.0002964 seconds, Stopping threads took: 0.0000589 seconds
[2025-06-16T00:36:18.329+0000][1496.006s][915][941][info ] Application time: 1.0001319 seconds
[2025-06-16T00:36:18.329+0000][1496.006s][915][941][info ] Entering safepoint region: Cleanup
[2025-06-16T00:36:18.329+0000][1496.007s][915][941][info ] Leaving safepoint region
[2025-06-16T00:36:18.329+0000][1496.007s][915][941][info ] Total time for which application threads were stopped: 0.0003045 seconds, Stopping threads took: 0.0000597 seconds
[2025-06-16T00:36:19.329+0000][1497.007s][915][941][info ] Application time: 1.0001087 seconds
[2025-06-16T00:36:19.329+0000][1497.007s][915][941][info ] Entering safepoint region: Cleanup
[2025-06-16T00:36:19.329+0000][1497.007s][915][941][info ] Leaving safepoint region
[2025-06-16T00:36:19.330+0000][1497.007s][915][941][info ] Total time for which application threads were stopped: 0.0002234 seconds, Stopping threads took: 0.0000612 seconds
[2025-06-16T00:36:20.330+0000][1498.007s][915][941][info ] Application time: 1.0002044 seconds
[2025-06-16T00:36:20.330+0000][1498.008s][915][941][info ] Entering safepoint region: Cleanup
[2025-06-16T00:36:20.331+0000][1498.008s][915][941][info ] Leaving safepoint region
[2025-06-16T00:36:20.331+0000][1498.008s][915][941][info ] Total time for which application threads were stopped: 0.0009324 seconds, Stopping threads took: 0.0001356 seconds
[2025-06-16T00:36:21.331+0000][1499.009s][915][941][info ] Application time: 1.0001292 seconds
[2025-06-16T00:36:21.331+0000][1499.009s][915][941][info ] Entering safepoint region: Cleanup
[2025-06-16T00:36:21.331+0000][1499.009s][915][941][info ] Leaving safepoint region
[2025-06-16T00:36:21.331+0000][1499.009s][915][941][info ] Total time for which application threads were stopped: 0.0002380 seconds, Stopping threads took: 0.0000432 seconds
[2025-06-16T00:36:22.332+0000][1500.009s][915][941][info ] Application time: 1.0001211 seconds
[2025-06-16T00:36:22.332+0000][1500.009s][915][941][info ] Entering safepoint region: Cleanup
[2025-06-16T00:36:22.332+0000][1500.010s][915][941][info ] Leaving safepoint region
[2025-06-16T00:36:22.332+0000][1500.010s][915][941][info ] Total time for which application threads were stopped: 0.0005258 seconds, Stopping threads took: 0.0001148 seconds
[2025-06-16T00:36:23.332+0000][1501.010s][915][941][info ] Application time: 1.0001288 seconds
[2025-06-16T00:36:23.332+0000][1501.010s][915][941][info ] Entering safepoint region: Cleanup
[2025-06-16T00:36:23.333+0000][1501.010s][915][941][info ] Leaving safepoint region
[2025-06-16T00:36:23.333+0000][1501.010s][915][941][info ] Total time for which application threads were stopped: 0.0003915 seconds, Stopping threads took: 0.0000409 seconds
[2025-06-16T00:36:24.333+0000][1502.010s][915][941][info ] Application time: 1.0001460 seconds
[2025-06-16T00:36:24.333+0000][1502.011s][915][941][info ] Entering safepoint region: Cleanup
[2025-06-16T00:36:24.333+0000][1502.011s][915][941][info ] Leaving safepoint region
[2025-06-16T00:36:24.334+0000][1502.011s][915][941][info ] Total time for which application threads were stopped: 0.0003870 seconds, Stopping threads took: 0.0000811 seconds
[2025-06-16T00:36:24.847+0000][1502.524s][915][940][trace] CMS: promo attempt is safe: available(6912212992) >= av_promo(0), max_promo(847342408)
[2025-06-16T00:36:25.334+0000][1503.011s][915][941][info ] Application time: 1.0000968 seconds
[2025-06-16T00:36:25.334+0000][1503.011s][915][941][info ] Entering safepoint region: Cleanup
[2025-06-16T00:36:25.334+0000][1503.011s][915][941][info ] Leaving safepoint region
[2025-06-16T00:36:25.334+0000][1503.011s][915][941][info ] Total time for which application threads were stopped: 0.0002708 seconds, Stopping threads took: 0.0000709 seconds
[2025-06-16T00:36:26.334+0000][1504.012s][915][941][info ] Application time: 1.0000944 seconds
[2025-06-16T00:36:26.334+0000][1504.012s][915][941][info ] Entering safepoint region: Cleanup
[2025-06-16T00:36:26.334+0000][1504.012s][915][941][info ] Leaving safepoint region
[2025-06-16T00:36:26.334+0000][1504.012s][915][941][info ] Total time for which application threads were stopped: 0.0003268 seconds, Stopping threads took: 0.0000578 seconds
[2025-06-16T00:36:27.335+0000][1505.012s][915][941][info ] Application time: 1.0000779 seconds
[2025-06-16T00:36:27.335+0000][1505.012s][915][941][info ] Entering safepoint region: Cleanup
[2025-06-16T00:36:27.335+0000][1505.012s][915][941][info ] Leaving safepoint region
[2025-06-16T00:36:27.335+0000][1505.012s][915][941][info ] Total time for which application threads were stopped: 0.0002266 seconds, Stopping threads took: 0.0000464 seconds
[2025-06-16T00:36:28.335+0000][1506.013s][915][941][info ] Application time: 1.0001081 seconds
[2025-06-16T00:36:28.335+0000][1506.013s][915][941][info ] Entering safepoint region: Cleanup
[2025-06-16T00:36:28.335+0000][1506.013s][915][941][info ] Leaving safepoint region
[2025-06-16T00:36:28.335+0000][1506.013s][915][941][info ] Total time for which application threads were stopped: 0.0001581 seconds, Stopping threads took: 0.0000356 seconds
[2025-06-16T00:36:29.335+0000][1507.013s][915][941][info ] Application time: 1.0001094 seconds
[2025-06-16T00:36:29.335+0000][1507.013s][915][941][info ] Entering safepoint region: Cleanup
[2025-06-16T00:36:29.336+0000][1507.013s][915][941][info ] Leaving safepoint region
[2025-06-16T00:36:29.336+0000][1507.013s][915][941][info ] Total time for which application threads were stopped: 0.0002211 seconds, Stopping threads took: 0.0000451 seconds
[2025-06-16T00:36:30.336+0000][1508.013s][915][941][info ] Application time: 1.0001092 seconds
[2025-06-16T00:36:30.336+0000][1508.013s][915][941][info ] Entering safepoint region: Cleanup
[2025-06-16T00:36:30.336+0000][1508.014s][915][941][info ] Leaving safepoint region
[2025-06-16T00:36:30.336+0000][1508.014s][915][941][info ] Total time for which application threads were stopped: 0.0002922 seconds, Stopping threads took: 0.0000593 seconds
[2025-06-16T00:36:31.336+0000][1509.014s][915][941][info ] Application time: 1.0001238 seconds
[2025-06-16T00:36:31.336+0000][1509.014s][915][941][info ] Entering safepoint region: Cleanup
[2025-06-16T00:36:31.337+0000][1509.014s][915][941][info ] Leaving safepoint region
[2025-06-16T00:36:31.337+0000][1509.014s][915][941][info ] Total time for which application threads were stopped: 0.0002098 seconds, Stopping threads took: 0.0000436 seconds
[2025-06-16T00:36:32.337+0000][1510.014s][915][941][info ] Application time: 1.0001294 seconds
[2025-06-16T00:36:32.337+0000][1510.014s][915][941][info ] Entering safepoint region: Cleanup
[2025-06-16T00:36:32.337+0000][1510.015s][915][941][info ] Leaving safepoint region
[2025-06-16T00:36:32.337+0000][1510.015s][915][941][info ] Total time for which application threads were stopped: 0.0002085 seconds, Stopping threads took: 0.0000470 seconds
[2025-06-16T00:36:33.337+0000][1511.015s][915][941][info ] Application time: 1.0001132 seconds
[2025-06-16T00:36:33.337+0000][1511.015s][915][941][info ] Entering safepoint region: Cleanup
[2025-06-16T00:36:33.338+0000][1511.015s][915][941][info ] Leaving safepoint region
[2025-06-16T00:36:33.338+0000][1511.015s][915][941][info ] Total time for which application threads were stopped: 0.0002375 seconds, Stopping threads took: 0.0000473 seconds
[2025-06-16T00:36:34.338+0000][1512.015s][915][941][info ] Application time: 1.0001027 seconds
[2025-06-16T00:36:34.338+0000][1512.015s][915][941][info ] Entering safepoint region: Cleanup
[2025-06-16T00:36:34.338+0000][1512.016s][915][941][info ] Leaving safepoint region
[2025-06-16T00:36:34.338+0000][1512.016s][915][941][info ] Total time for which application threads were stopped: 0.0002370 seconds, Stopping threads took: 0.0000599 seconds
[2025-06-16T00:36:34.846+0000][1512.524s][915][940][trace] CMS: promo attempt is safe: available(6912212992) >= av_promo(0), max_promo(847342408)
[2025-06-16T00:36:35.338+0000][1513.016s][915][941][info ] Application time: 1.0001068 seconds
[2025-06-16T00:36:35.338+0000][1513.016s][915][941][info ] Entering safepoint region: Cleanup
[2025-06-16T00:36:35.338+0000][1513.016s][915][941][info ] Leaving safepoint region
[2025-06-16T00:36:35.338+0000][1513.016s][915][941][info ] Total time for which application threads were stopped: 0.0001854 seconds, Stopping threads took: 0.0000409 seconds
[2025-06-16T00:36:36.339+0000][1514.016s][915][941][info ] Application time: 1.0001045 seconds
[2025-06-16T00:36:36.339+0000][1514.016s][915][941][info ] Entering safepoint region: Cleanup
[2025-06-16T00:36:36.339+0000][1514.016s][915][941][info ] Leaving safepoint region
[2025-06-16T00:36:36.339+0000][1514.016s][915][941][info ] Total time for which application threads were stopped: 0.0001954 seconds, Stopping threads took: 0.0000414 seconds
[2025-06-16T00:36:37.339+0000][1515.016s][915][941][info ] Application time: 1.0001176 seconds
[2025-06-16T00:36:37.339+0000][1515.017s][915][941][info ] Entering safepoint region: Cleanup
[2025-06-16T00:36:37.339+0000][1515.017s][915][941][info ] Leaving safepoint region
[2025-06-16T00:36:37.339+0000][1515.017s][915][941][info ] Total time for which application threads were stopped: 0.0002322 seconds, Stopping threads took: 0.0000458 seconds
[2025-06-16T00:36:38.339+0000][1516.017s][915][941][info ] Application time: 1.0001043 seconds
[2025-06-16T00:36:38.340+0000][1516.017s][915][941][info ] Entering safepoint region: Cleanup
[2025-06-16T00:36:38.340+0000][1516.017s][915][941][info ] Leaving safepoint region
[2025-06-16T00:36:38.340+0000][1516.017s][915][941][info ] Total time for which application threads were stopped: 0.0001941 seconds, Stopping threads took: 0.0000382 seconds
[2025-06-16T00:36:39.340+0000][1517.017s][915][941][info ] Application time: 1.0001406 seconds
[2025-06-16T00:36:39.340+0000][1517.017s][915][941][info ] Entering safepoint region: Cleanup
[2025-06-16T00:36:39.340+0000][1517.018s][915][941][info ] Leaving safepoint region
[2025-06-16T00:36:39.340+0000][1517.018s][915][941][info ] Total time for which application threads were stopped: 0.0002478 seconds, Stopping threads took: 0.0000585 seconds
[2025-06-16T00:36:40.340+0000][1518.018s][915][941][info ] Application time: 1.0000991 seconds
[2025-06-16T00:36:40.340+0000][1518.018s][915][941][info ] Entering safepoint region: Cleanup
[2025-06-16T00:36:40.341+0000][1518.018s][915][941][info ] Leaving safepoint region
[2025-06-16T00:36:40.341+0000][1518.018s][915][941][info ] Total time for which application threads were stopped: 0.0002360 seconds, Stopping threads took: 0.0000430 seconds
[2025-06-16T00:36:41.341+0000][1519.018s][915][941][info ] Application time: 1.0001039 seconds
[2025-06-16T00:36:41.341+0000][1519.018s][915][941][info ] Entering safepoint region: Cleanup
[2025-06-16T00:36:41.341+0000][1519.018s][915][941][info ] Leaving safepoint region
[2025-06-16T00:36:41.341+0000][1519.019s][915][941][info ] Total time for which application threads were stopped: 0.0001804 seconds, Stopping threads took: 0.0000412 seconds
[2025-06-16T00:36:42.341+0000][1520.019s][915][941][info ] Application time: 1.0001624 seconds
[2025-06-16T00:36:42.341+0000][1520.019s][915][941][info ] Entering safepoint region: Cleanup
[2025-06-16T00:36:42.341+0000][1520.019s][915][941][info ] Leaving safepoint region
[2025-06-16T00:36:42.342+0000][1520.019s][915][941][info ] Total time for which application threads were stopped: 0.0002075 seconds, Stopping threads took: 0.0000452 seconds
[2025-06-16T00:36:43.342+0000][1521.019s][915][941][info ] Application time: 1.0001338 seconds
[2025-06-16T00:36:43.342+0000][1521.019s][915][941][info ] Entering safepoint region: Cleanup
[2025-06-16T00:36:43.342+0000][1521.020s][915][941][info ] Leaving safepoint region
[2025-06-16T00:36:43.342+0000][1521.020s][915][941][info ] Total time for which application threads were stopped: 0.0003180 seconds, Stopping threads took: 0.0000771 seconds
[2025-06-16T00:36:44.342+0000][1522.020s][915][941][info ] Application time: 1.0001202 seconds
[2025-06-16T00:36:44.342+0000][1522.020s][915][941][info ] Entering safepoint region: Cleanup
[2025-06-16T00:36:44.343+0000][1522.020s][915][941][info ] Leaving safepoint region
[2025-06-16T00:36:44.343+0000][1522.020s][915][941][info ] Total time for which application threads were stopped: 0.0002965 seconds, Stopping threads took: 0.0000700 seconds
[2025-06-16T00:36:44.846+0000][1522.523s][915][940][trace] CMS: promo attempt is safe: available(6912212992) >= av_promo(0), max_promo(847342408)
[2025-06-16T00:36:45.343+0000][1523.020s][915][941][info ] Application time: 1.0001144 seconds
[2025-06-16T00:36:45.343+0000][1523.020s][915][941][info ] Entering safepoint region: Cleanup
[2025-06-16T00:36:45.343+0000][1523.021s][915][941][info ] Leaving safepoint region
[2025-06-16T00:36:45.343+0000][1523.021s][915][941][info ] Total time for which application threads were stopped: 0.0002255 seconds, Stopping threads took: 0.0000452 seconds
[2025-06-16T00:36:46.343+0000][1524.021s][915][941][info ] Application time: 1.0001241 seconds
[2025-06-16T00:36:46.343+0000][1524.021s][915][941][info ] Entering safepoint region: Cleanup
[2025-06-16T00:36:46.344+0000][1524.021s][915][941][info ] Leaving safepoint region
[2025-06-16T00:36:46.344+0000][1524.021s][915][941][info ] Total time for which application threads were stopped: 0.0002044 seconds, Stopping threads took: 0.0000470 seconds
[2025-06-16T00:36:47.344+0000][1525.021s][915][941][info ] Application time: 1.0001074 seconds
[2025-06-16T00:36:47.344+0000][1525.021s][915][941][info ] Entering safepoint region: Cleanup
[2025-06-16T00:36:47.344+0000][1525.021s][915][941][info ] Leaving safepoint region
[2025-06-16T00:36:47.344+0000][1525.021s][915][941][info ] Total time for which application threads were stopped: 0.0002214 seconds, Stopping threads took: 0.0000529 seconds
[2025-06-16T00:36:48.344+0000][1526.022s][915][941][info ] Application time: 1.0001004 seconds
[2025-06-16T00:36:48.344+0000][1526.022s][915][941][info ] Entering safepoint region: Cleanup
[2025-06-16T00:36:48.344+0000][1526.022s][915][941][info ] Leaving safepoint region
[2025-06-16T00:36:48.344+0000][1526.022s][915][941][info ] Total time for which application threads were stopped: 0.0002089 seconds, Stopping threads took: 0.0000412 seconds
[2025-06-16T00:36:49.345+0000][1527.022s][915][941][info ] Application time: 1.0000978 seconds
[2025-06-16T00:36:49.345+0000][1527.022s][915][941][info ] Entering safepoint region: Cleanup
[2025-06-16T00:36:49.345+0000][1527.022s][915][941][info ] Leaving safepoint region
[2025-06-16T00:36:49.345+0000][1527.022s][915][941][info ] Total time for which application threads were stopped: 0.0001783 seconds, Stopping threads took: 0.0000401 seconds
[2025-06-16T00:36:50.345+0000][1528.022s][915][941][info ] Application time: 1.0001066 seconds
[2025-06-16T00:36:50.345+0000][1528.022s][915][941][info ] Entering safepoint region: Cleanup
[2025-06-16T00:36:50.345+0000][1528.023s][915][941][info ] Leaving safepoint region
[2025-06-16T00:36:50.345+0000][1528.023s][915][941][info ] Total time for which application threads were stopped: 0.0002075 seconds, Stopping threads took: 0.0000422 seconds
[2025-06-16T00:36:51.345+0000][1529.023s][915][941][info ] Application time: 1.0001029 seconds
[2025-06-16T00:36:51.345+0000][1529.023s][915][941][info ] Entering safepoint region: Cleanup
[2025-06-16T00:36:51.346+0000][1529.023s][915][941][info ] Leaving safepoint region
[2025-06-16T00:36:51.346+0000][1529.023s][915][941][info ] Total time for which application threads were stopped: 0.0001827 seconds, Stopping threads took: 0.0000385 seconds
[2025-06-16T00:36:52.346+0000][1530.023s][915][941][info ] Application time: 1.0001498 seconds
[2025-06-16T00:36:52.346+0000][1530.023s][915][941][info ] Entering safepoint region: Cleanup
[2025-06-16T00:36:52.346+0000][1530.024s][915][941][info ] Leaving safepoint region
[2025-06-16T00:36:52.346+0000][1530.024s][915][941][info ] Total time for which application threads were stopped: 0.0002807 seconds, Stopping threads took: 0.0000618 seconds
[2025-06-16T00:36:53.346+0000][1531.024s][915][941][info ] Application time: 1.0001506 seconds
[2025-06-16T00:36:53.346+0000][1531.024s][915][941][info ] Entering safepoint region: Cleanup
[2025-06-16T00:36:53.347+0000][1531.024s][915][941][info ] Leaving safepoint region
[2025-06-16T00:36:53.347+0000][1531.024s][915][941][info ] Total time for which application threads were stopped: 0.0002239 seconds, Stopping threads took: 0.0000483 seconds
[2025-06-16T00:36:54.347+0000][1532.024s][915][941][info ] Application time: 1.0000996 seconds
[2025-06-16T00:36:54.347+0000][1532.024s][915][941][info ] Entering safepoint region: Cleanup
[2025-06-16T00:36:54.347+0000][1532.024s][915][941][info ] Leaving safepoint region
[2025-06-16T00:36:54.347+0000][1532.025s][915][941][info ] Total time for which application threads were stopped: 0.0001717 seconds, Stopping threads took: 0.0000356 seconds
[2025-06-16T00:36:54.845+0000][1532.523s][915][940][trace] CMS: promo attempt is safe: available(6912212992) >= av_promo(0), max_promo(847342408)
[2025-06-16T00:36:55.347+0000][1533.025s][915][941][info ] Application time: 1.0001049 seconds
[2025-06-16T00:36:55.347+0000][1533.025s][915][941][info ] Entering safepoint region: Cleanup
[2025-06-16T00:36:55.347+0000][1533.025s][915][941][info ] Leaving safepoint region
[2025-06-16T00:36:55.347+0000][1533.025s][915][941][info ] Total time for which application threads were stopped: 0.0002319 seconds, Stopping threads took: 0.0000571 seconds
[2025-06-16T00:36:56.348+0000][1534.025s][915][941][info ] Application time: 1.0001278 seconds
[2025-06-16T00:36:56.348+0000][1534.025s][915][941][info ] Entering safepoint region: Cleanup
[2025-06-16T00:36:56.348+0000][1534.025s][915][941][info ] Leaving safepoint region
[2025-06-16T00:36:56.348+0000][1534.025s][915][941][info ] Total time for which application threads were stopped: 0.0002699 seconds, Stopping threads took: 0.0000576 seconds
[2025-06-16T00:36:57.348+0000][1535.026s][915][941][info ] Application time: 1.0001244 seconds
[2025-06-16T00:36:57.348+0000][1535.026s][915][941][info ] Entering safepoint region: Cleanup
[2025-06-16T00:36:57.348+0000][1535.026s][915][941][info ] Leaving safepoint region
[2025-06-16T00:36:57.348+0000][1535.026s][915][941][info ] Total time for which application threads were stopped: 0.0002228 seconds, Stopping threads took: 0.0000393 seconds
[2025-06-16T00:36:58.349+0000][1536.026s][915][941][info ] Application time: 1.0001010 seconds
[2025-06-16T00:36:58.349+0000][1536.026s][915][941][info ] Entering safepoint region: Cleanup
[2025-06-16T00:36:58.349+0000][1536.026s][915][941][info ] Leaving safepoint region
[2025-06-16T00:36:58.349+0000][1536.026s][915][941][info ] Total time for which application threads were stopped: 0.0001758 seconds, Stopping threads took: 0.0000363 seconds
[2025-06-16T00:36:59.349+0000][1537.026s][915][941][info ] Application time: 1.0001208 seconds
[2025-06-16T00:36:59.349+0000][1537.027s][915][941][info ] Entering safepoint region: Cleanup
[2025-06-16T00:36:59.349+0000][1537.027s][915][941][info ] Leaving safepoint region
[2025-06-16T00:36:59.349+0000][1537.027s][915][941][info ] Total time for which application threads were stopped: 0.0002102 seconds, Stopping threads took: 0.0000508 seconds
[2025-06-16T00:37:00.349+0000][1538.027s][915][941][info ] Application time: 1.0001518 seconds
[2025-06-16T00:37:00.349+0000][1538.027s][915][941][info ] Entering safepoint region: Cleanup
[2025-06-16T00:37:00.350+0000][1538.027s][915][941][info ] Leaving safepoint region
[2025-06-16T00:37:00.350+0000][1538.027s][915][941][info ] Total time for which application threads were stopped: 0.0002150 seconds, Stopping threads took: 0.0000448 seconds
[2025-06-16T00:37:01.350+0000][1539.027s][915][941][info ] Application time: 1.0001190 seconds
[2025-06-16T00:37:01.350+0000][1539.027s][915][941][info ] Entering safepoint region: Cleanup
[2025-06-16T00:37:01.350+0000][1539.028s][915][941][info ] Leaving safepoint region
[2025-06-16T00:37:01.350+0000][1539.028s][915][941][info ] Total time for which application threads were stopped: 0.0002407 seconds, Stopping threads took: 0.0000531 seconds
[2025-06-16T00:37:02.350+0000][1540.028s][915][941][info ] Application time: 1.0001414 seconds
[2025-06-16T00:37:02.350+0000][1540.028s][915][941][info ] Entering safepoint region: Cleanup
[2025-06-16T00:37:02.351+0000][1540.028s][915][941][info ] Leaving safepoint region
[2025-06-16T00:37:02.351+0000][1540.028s][915][941][info ] Total time for which application threads were stopped: 0.0001955 seconds, Stopping threads took: 0.0000456 seconds
[2025-06-16T00:37:03.351+0000][1541.028s][915][941][info ] Application time: 1.0001471 seconds
[2025-06-16T00:37:03.351+0000][1541.028s][915][941][info ] Entering safepoint region: Cleanup
[2025-06-16T00:37:03.351+0000][1541.029s][915][941][info ] Leaving safepoint region
[2025-06-16T00:37:03.351+0000][1541.029s][915][941][info ] Total time for which application threads were stopped: 0.0001991 seconds, Stopping threads took: 0.0000477 seconds
[2025-06-16T00:37:04.351+0000][1542.029s][915][941][info ] Application time: 1.0001116 seconds
[2025-06-16T00:37:04.351+0000][1542.029s][915][941][info ] Entering safepoint region: Cleanup
[2025-06-16T00:37:04.352+0000][1542.029s][915][941][info ] Leaving safepoint region
[2025-06-16T00:37:04.352+0000][1542.029s][915][941][info ] Total time for which application threads were stopped: 0.0002829 seconds, Stopping threads took: 0.0000568 seconds
[2025-06-16T00:37:04.845+0000][1542.522s][915][940][trace] CMS: promo attempt is safe: available(6912212992) >= av_promo(0), max_promo(847342408)
[2025-06-16T00:37:05.352+0000][1543.029s][915][941][info ] Application time: 1.0001143 seconds
[2025-06-16T00:37:05.352+0000][1543.029s][915][941][info ] Entering safepoint region: Cleanup
[2025-06-16T00:37:05.352+0000][1543.030s][915][941][info ] Leaving safepoint region
[2025-06-16T00:37:05.352+0000][1543.030s][915][941][info ] Total time for which application threads were stopped: 0.0002662 seconds, Stopping threads took: 0.0000599 seconds
[2025-06-16T00:37:06.352+0000][1544.030s][915][941][info ] Application time: 1.0001136 seconds
[2025-06-16T00:37:06.352+0000][1544.030s][915][941][info ] Entering safepoint region: Cleanup
[2025-06-16T00:37:06.352+0000][1544.030s][915][941][info ] Leaving safepoint region
[2025-06-16T00:37:06.352+0000][1544.030s][915][941][info ] Total time for which application threads were stopped: 0.0002285 seconds, Stopping threads took: 0.0000570 seconds
[2025-06-16T00:37:07.353+0000][1545.030s][915][941][info ] Application time: 1.0001448 seconds
[2025-06-16T00:37:07.353+0000][1545.030s][915][941][info ] Entering safepoint region: Cleanup
[2025-06-16T00:37:07.353+0000][1545.030s][915][941][info ] Leaving safepoint region
[2025-06-16T00:37:07.353+0000][1545.030s][915][941][info ] Total time for which application threads were stopped: 0.0001756 seconds, Stopping threads took: 0.0000396 seconds
[2025-06-16T00:37:08.353+0000][1546.031s][915][941][info ] Application time: 1.0000946 seconds
[2025-06-16T00:37:08.353+0000][1546.031s][915][941][info ] Entering safepoint region: Cleanup
[2025-06-16T00:37:08.353+0000][1546.031s][915][941][info ] Leaving safepoint region
[2025-06-16T00:37:08.353+0000][1546.031s][915][941][info ] Total time for which application threads were stopped: 0.0002113 seconds, Stopping threads took: 0.0000361 seconds
[2025-06-16T00:37:09.353+0000][1547.031s][915][941][info ] Application time: 1.0000950 seconds
[2025-06-16T00:37:09.354+0000][1547.031s][915][941][info ] Entering safepoint region: Cleanup
[2025-06-16T00:37:09.354+0000][1547.031s][915][941][info ] Leaving safepoint region
[2025-06-16T00:37:09.354+0000][1547.031s][915][941][info ] Total time for which application threads were stopped: 0.0002051 seconds, Stopping threads took: 0.0000414 seconds
[2025-06-16T00:37:10.354+0000][1548.031s][915][941][info ] Application time: 1.0001047 seconds
[2025-06-16T00:37:10.354+0000][1548.031s][915][941][info ] Entering safepoint region: Cleanup
[2025-06-16T00:37:10.354+0000][1548.032s][915][941][info ] Leaving safepoint region
[2025-06-16T00:37:10.354+0000][1548.032s][915][941][info ] Total time for which application threads were stopped: 0.0002543 seconds, Stopping threads took: 0.0000617 seconds
[2025-06-16T00:37:11.354+0000][1549.032s][915][941][info ] Application time: 1.0001035 seconds
[2025-06-16T00:37:11.354+0000][1549.032s][915][941][info ] Entering safepoint region: Cleanup
[2025-06-16T00:37:11.355+0000][1549.032s][915][941][info ] Leaving safepoint region
[2025-06-16T00:37:11.355+0000][1549.032s][915][941][info ] Total time for which application threads were stopped: 0.0002791 seconds, Stopping threads took: 0.0000612 seconds
[2025-06-16T00:37:12.355+0000][1550.032s][915][941][info ] Application time: 1.0001010 seconds
[2025-06-16T00:37:12.355+0000][1550.032s][915][941][info ] Entering safepoint region: Cleanup
[2025-06-16T00:37:12.355+0000][1550.032s][915][941][info ] Leaving safepoint region
[2025-06-16T00:37:12.355+0000][1550.033s][915][941][info ] Total time for which application threads were stopped: 0.0001768 seconds, Stopping threads took: 0.0000475 seconds
[2025-06-16T00:37:13.355+0000][1551.033s][915][941][info ] Application time: 1.0001186 seconds
[2025-06-16T00:37:13.355+0000][1551.033s][915][941][info ] Entering safepoint region: Cleanup
[2025-06-16T00:37:13.355+0000][1551.033s][915][941][info ] Leaving safepoint region
[2025-06-16T00:37:13.355+0000][1551.033s][915][941][info ] Total time for which application threads were stopped: 0.0001982 seconds, Stopping threads took: 0.0000354 seconds
[2025-06-16T00:37:14.356+0000][1552.033s][915][941][info ] Application time: 1.0000925 seconds
[2025-06-16T00:37:14.356+0000][1552.033s][915][941][info ] Entering safepoint region: Cleanup
[2025-06-16T00:37:14.356+0000][1552.033s][915][941][info ] Leaving safepoint region
[2025-06-16T00:37:14.356+0000][1552.033s][915][941][info ] Total time for which application threads were stopped: 0.0002151 seconds, Stopping threads took: 0.0000454 seconds
[2025-06-16T00:37:14.844+0000][1552.522s][915][940][trace] CMS: promo attempt is safe: available(6912212992) >= av_promo(0), max_promo(847342408)
[2025-06-16T00:37:15.356+0000][1553.033s][915][941][info ] Application time: 1.0001139 seconds
[2025-06-16T00:37:15.356+0000][1553.034s][915][941][info ] Entering safepoint region: Cleanup
[2025-06-16T00:37:15.356+0000][1553.034s][915][941][info ] Leaving safepoint region
[2025-06-16T00:37:15.356+0000][1553.034s][915][941][info ] Total time for which application threads were stopped: 0.0002369 seconds, Stopping threads took: 0.0000710 seconds
[2025-06-16T00:37:16.356+0000][1554.034s][915][941][info ] Application time: 1.0001003 seconds
[2025-06-16T00:37:16.356+0000][1554.034s][915][941][info ] Entering safepoint region: Cleanup
[2025-06-16T00:37:16.357+0000][1554.034s][915][941][info ] Leaving safepoint region
[2025-06-16T00:37:16.357+0000][1554.034s][915][941][info ] Total time for which application threads were stopped: 0.0001807 seconds, Stopping threads took: 0.0000373 seconds
[2025-06-16T00:37:17.357+0000][1555.034s][915][941][info ] Application time: 1.0000997 seconds
[2025-06-16T00:37:17.357+0000][1555.034s][915][941][info ] Entering safepoint region: Cleanup
[2025-06-16T00:37:17.357+0000][1555.035s][915][941][info ] Leaving safepoint region
[2025-06-16T00:37:17.357+0000][1555.035s][915][941][info ] Total time for which application threads were stopped: 0.0002085 seconds, Stopping threads took: 0.0000387 seconds
[2025-06-16T00:37:18.357+0000][1556.035s][915][941][info ] Application time: 1.0000983 seconds
[2025-06-16T00:37:18.357+0000][1556.035s][915][941][info ] Entering safepoint region: Cleanup
[2025-06-16T00:37:18.357+0000][1556.035s][915][941][info ] Leaving safepoint region
[2025-06-16T00:37:18.357+0000][1556.035s][915][941][info ] Total time for which application threads were stopped: 0.0001845 seconds, Stopping threads took: 0.0000411 seconds
[2025-06-16T00:37:19.358+0000][1557.035s][915][941][info ] Application time: 1.0001089 seconds
[2025-06-16T00:37:19.358+0000][1557.035s][915][941][info ] Entering safepoint region: Cleanup
[2025-06-16T00:37:19.358+0000][1557.035s][915][941][info ] Leaving safepoint region
[2025-06-16T00:37:19.358+0000][1557.035s][915][941][info ] Total time for which application threads were stopped: 0.0002652 seconds, Stopping threads took: 0.0000355 seconds
[2025-06-16T00:37:20.358+0000][1558.035s][915][941][info ] Application time: 1.0000938 seconds
[2025-06-16T00:37:20.358+0000][1558.036s][915][941][info ] Entering safepoint region: Cleanup
[2025-06-16T00:37:20.358+0000][1558.036s][915][941][info ] Leaving safepoint region
[2025-06-16T00:37:20.358+0000][1558.036s][915][941][info ] Total time for which application threads were stopped: 0.0001964 seconds, Stopping threads took: 0.0000423 seconds
[2025-06-16T00:37:21.358+0000][1559.036s][915][941][info ] Application time: 1.0001607 seconds
[2025-06-16T00:37:21.359+0000][1559.036s][915][941][info ] Entering safepoint region: Cleanup
[2025-06-16T00:37:21.359+0000][1559.036s][915][941][info ] Leaving safepoint region
[2025-06-16T00:37:21.359+0000][1559.036s][915][941][info ] Total time for which application threads were stopped: 0.0001828 seconds, Stopping threads took: 0.0000412 seconds
[2025-06-16T00:37:22.359+0000][1560.036s][915][941][info ] Application time: 1.0000900 seconds
[2025-06-16T00:37:22.359+0000][1560.036s][915][941][info ] Entering safepoint region: Cleanup
[2025-06-16T00:37:22.359+0000][1560.037s][915][941][info ] Leaving safepoint region
[2025-06-16T00:37:22.359+0000][1560.037s][915][941][info ] Total time for which application threads were stopped: 0.0001702 seconds, Stopping threads took: 0.0000333 seconds
[2025-06-16T00:37:23.359+0000][1561.037s][915][941][info ] Application time: 1.0001040 seconds
[2025-06-16T00:37:23.359+0000][1561.037s][915][941][info ] Entering safepoint region: Cleanup
[2025-06-16T00:37:23.359+0000][1561.037s][915][941][info ] Leaving safepoint region
[2025-06-16T00:37:23.360+0000][1561.037s][915][941][info ] Total time for which application threads were stopped: 0.0002105 seconds, Stopping threads took: 0.0000502 seconds
[2025-06-16T00:37:24.360+0000][1562.037s][915][941][info ] Application time: 1.0001017 seconds
[2025-06-16T00:37:24.360+0000][1562.037s][915][941][info ] Entering safepoint region: Cleanup
[2025-06-16T00:37:24.360+0000][1562.037s][915][941][info ] Leaving safepoint region
[2025-06-16T00:37:24.360+0000][1562.037s][915][941][info ] Total time for which application threads were stopped: 0.0001698 seconds, Stopping threads took: 0.0000412 seconds
[2025-06-16T00:37:24.844+0000][1562.522s][915][940][trace] CMS: promo attempt is safe: available(6912212992) >= av_promo(0), max_promo(847342408)
[2025-06-16T00:37:25.360+0000][1563.038s][915][941][info ] Application time: 1.0001358 seconds
[2025-06-16T00:37:25.360+0000][1563.038s][915][941][info ] Entering safepoint region: Cleanup
[2025-06-16T00:37:25.360+0000][1563.038s][915][941][info ] Leaving safepoint region
[2025-06-16T00:37:25.360+0000][1563.038s][915][941][info ] Total time for which application threads were stopped: 0.0002272 seconds, Stopping threads took: 0.0000501 seconds
[2025-06-16T00:37:26.360+0000][1564.038s][915][941][info ] Application time: 1.0000914 seconds
[2025-06-16T00:37:26.361+0000][1564.038s][915][941][info ] Entering safepoint region: Cleanup
[2025-06-16T00:37:26.361+0000][1564.038s][915][941][info ] Leaving safepoint region
[2025-06-16T00:37:26.361+0000][1564.038s][915][941][info ] Total time for which application threads were stopped: 0.0001638 seconds, Stopping threads took: 0.0000349 seconds
[2025-06-16T00:37:27.361+0000][1565.038s][915][941][info ] Application time: 1.0000938 seconds
[2025-06-16T00:37:27.361+0000][1565.038s][915][941][info ] Entering safepoint region: Cleanup
[2025-06-16T00:37:27.361+0000][1565.038s][915][941][info ] Leaving safepoint region
[2025-06-16T00:37:27.361+0000][1565.039s][915][941][info ] Total time for which application threads were stopped: 0.0001688 seconds, Stopping threads took: 0.0000382 seconds
[2025-06-16T00:37:28.361+0000][1566.039s][915][941][info ] Application time: 1.0001353 seconds
[2025-06-16T00:37:28.361+0000][1566.039s][915][941][info ] Entering safepoint region: Cleanup
[2025-06-16T00:37:28.361+0000][1566.039s][915][941][info ] Leaving safepoint region
[2025-06-16T00:37:28.361+0000][1566.039s][915][941][info ] Total time for which application threads were stopped: 0.0002010 seconds, Stopping threads took: 0.0000499 seconds
[2025-06-16T00:37:29.362+0000][1567.039s][915][941][info ] Application time: 1.0001169 seconds
[2025-06-16T00:37:29.362+0000][1567.039s][915][941][info ] Entering safepoint region: Cleanup
[2025-06-16T00:37:29.362+0000][1567.039s][915][941][info ] Leaving safepoint region
[2025-06-16T00:37:29.362+0000][1567.039s][915][941][info ] Total time for which application threads were stopped: 0.0002138 seconds, Stopping threads took: 0.0000396 seconds
[2025-06-16T00:37:30.362+0000][1568.039s][915][941][info ] Application time: 1.0001044 seconds
[2025-06-16T00:37:30.362+0000][1568.040s][915][941][info ] Entering safepoint region: Cleanup
[2025-06-16T00:37:30.362+0000][1568.040s][915][941][info ] Leaving safepoint region
[2025-06-16T00:37:30.362+0000][1568.040s][915][941][info ] Total time for which application threads were stopped: 0.0002264 seconds, Stopping threads took: 0.0000385 seconds
[2025-06-16T00:37:31.362+0000][1569.040s][915][941][info ] Application time: 1.0000988 seconds
[2025-06-16T00:37:31.363+0000][1569.040s][915][941][info ] Entering safepoint region: Cleanup
[2025-06-16T00:37:31.363+0000][1569.040s][915][941][info ] Leaving safepoint region
[2025-06-16T00:37:31.363+0000][1569.040s][915][941][info ] Total time for which application threads were stopped: 0.0002069 seconds, Stopping threads took: 0.0000411 seconds
[2025-06-16T00:37:32.363+0000][1570.040s][915][941][info ] Application time: 1.0001268 seconds
[2025-06-16T00:37:32.363+0000][1570.040s][915][941][info ] Entering safepoint region: Cleanup
[2025-06-16T00:37:32.363+0000][1570.041s][915][941][info ] Leaving safepoint region
[2025-06-16T00:37:32.363+0000][1570.041s][915][941][info ] Total time for which application threads were stopped: 0.0002539 seconds, Stopping threads took: 0.0000490 seconds
[2025-06-16T00:37:33.363+0000][1571.041s][915][941][info ] Application time: 1.0001352 seconds
[2025-06-16T00:37:33.363+0000][1571.041s][915][941][info ] Entering safepoint region: Cleanup
[2025-06-16T00:37:33.364+0000][1571.041s][915][941][info ] Leaving safepoint region
[2025-06-16T00:37:33.364+0000][1571.041s][915][941][info ] Total time for which application threads were stopped: 0.0002128 seconds, Stopping threads took: 0.0000530 seconds
[2025-06-16T00:37:34.364+0000][1572.041s][915][941][info ] Application time: 1.0001023 seconds
[2025-06-16T00:37:34.364+0000][1572.041s][915][941][info ] Entering safepoint region: Cleanup
[2025-06-16T00:37:34.364+0000][1572.042s][915][941][info ] Leaving safepoint region
[2025-06-16T00:37:34.364+0000][1572.042s][915][941][info ] Total time for which application threads were stopped: 0.0001902 seconds, Stopping threads took: 0.0000430 seconds
[2025-06-16T00:37:34.843+0000][1572.521s][915][940][trace] CMS: promo attempt is safe: available(6912212992) >= av_promo(0), max_promo(847342408)
[2025-06-16T00:37:35.364+0000][1573.042s][915][941][info ] Application time: 1.0000899 seconds
[2025-06-16T00:37:35.364+0000][1573.042s][915][941][info ] Entering safepoint region: Cleanup
[2025-06-16T00:37:35.364+0000][1573.042s][915][941][info ] Leaving safepoint region
[2025-06-16T00:37:35.364+0000][1573.042s][915][941][info ] Total time for which application threads were stopped: 0.0001814 seconds, Stopping threads took: 0.0000423 seconds
[2025-06-16T00:37:36.365+0000][1574.042s][915][941][info ] Application time: 1.0000988 seconds
[2025-06-16T00:37:36.365+0000][1574.042s][915][941][info ] Entering safepoint region: Cleanup
[2025-06-16T00:37:36.365+0000][1574.042s][915][941][info ] Leaving safepoint region
[2025-06-16T00:37:36.365+0000][1574.042s][915][941][info ] Total time for which application threads were stopped: 0.0001850 seconds, Stopping threads took: 0.0000422 seconds
[2025-06-16T00:37:37.365+0000][1575.042s][915][941][info ] Application time: 1.0001089 seconds
[2025-06-16T00:37:37.365+0000][1575.043s][915][941][info ] Entering safepoint region: Cleanup
[2025-06-16T00:37:37.365+0000][1575.043s][915][941][info ] Leaving safepoint region
[2025-06-16T00:37:37.365+0000][1575.043s][915][941][info ] Total time for which application threads were stopped: 0.0002167 seconds, Stopping threads took: 0.0000438 seconds
[2025-06-16T00:37:38.365+0000][1576.043s][915][941][info ] Application time: 1.0001241 seconds
[2025-06-16T00:37:38.366+0000][1576.043s][915][941][info ] Entering safepoint region: Cleanup
[2025-06-16T00:37:38.366+0000][1576.043s][915][941][info ] Leaving safepoint region
[2025-06-16T00:37:38.366+0000][1576.043s][915][941][info ] Total time for which application threads were stopped: 0.0002104 seconds, Stopping threads took: 0.0000404 seconds
[2025-06-16T00:37:39.366+0000][1577.043s][915][941][info ] Application time: 1.0001039 seconds
[2025-06-16T00:37:39.366+0000][1577.043s][915][941][info ] Entering safepoint region: Cleanup
[2025-06-16T00:37:39.366+0000][1577.044s][915][941][info ] Leaving safepoint region
[2025-06-16T00:37:39.366+0000][1577.044s][915][941][info ] Total time for which application threads were stopped: 0.0001934 seconds, Stopping threads took: 0.0000433 seconds
[2025-06-16T00:37:40.366+0000][1578.044s][915][941][info ] Application time: 1.0000885 seconds
[2025-06-16T00:37:40.366+0000][1578.044s][915][941][info ] Entering safepoint region: Cleanup
[2025-06-16T00:37:40.366+0000][1578.044s][915][941][info ] Leaving safepoint region
[2025-06-16T00:37:40.366+0000][1578.044s][915][941][info ] Total time for which application threads were stopped: 0.0001860 seconds, Stopping threads took: 0.0000348 seconds
[2025-06-16T00:37:41.367+0000][1579.044s][915][941][info ] Application time: 1.0000906 seconds
[2025-06-16T00:37:41.367+0000][1579.044s][915][941][info ] Entering safepoint region: Cleanup
[2025-06-16T00:37:41.367+0000][1579.044s][915][941][info ] Leaving safepoint region
[2025-06-16T00:37:41.367+0000][1579.044s][915][941][info ] Total time for which application threads were stopped: 0.0002233 seconds, Stopping threads took: 0.0000417 seconds
[2025-06-16T00:37:42.367+0000][1580.044s][915][941][info ] Application time: 1.0000718 seconds
[2025-06-16T00:37:42.367+0000][1580.045s][915][941][info ] Entering safepoint region: Cleanup
[2025-06-16T00:37:42.367+0000][1580.045s][915][941][info ] Leaving safepoint region
[2025-06-16T00:37:42.367+0000][1580.045s][915][941][info ] Total time for which application threads were stopped: 0.0001698 seconds, Stopping threads took: 0.0000366 seconds
[2025-06-16T00:37:43.367+0000][1581.045s][915][941][info ] Application time: 1.0001648 seconds
[2025-06-16T00:37:43.367+0000][1581.045s][915][941][info ] Entering safepoint region: Cleanup
[2025-06-16T00:37:43.368+0000][1581.045s][915][941][info ] Leaving safepoint region
[2025-06-16T00:37:43.368+0000][1581.045s][915][941][info ] Total time for which application threads were stopped: 0.0002044 seconds, Stopping threads took: 0.0000417 seconds
[2025-06-16T00:37:44.368+0000][1582.045s][915][941][info ] Application time: 1.0000927 seconds
[2025-06-16T00:37:44.368+0000][1582.045s][915][941][info ] Entering safepoint region: Cleanup
[2025-06-16T00:37:44.368+0000][1582.045s][915][941][info ] Leaving safepoint region
[2025-06-16T00:37:44.368+0000][1582.046s][915][941][info ] Total time for which application threads were stopped: 0.0001739 seconds, Stopping threads took: 0.0000358 seconds
[2025-06-16T00:37:44.843+0000][1582.521s][915][940][trace] CMS: promo attempt is safe: available(6912212992) >= av_promo(0), max_promo(847342408)
[2025-06-16T00:37:45.368+0000][1583.046s][915][941][info ] Application time: 1.0000879 seconds
[2025-06-16T00:37:45.368+0000][1583.046s][915][941][info ] Entering safepoint region: Cleanup
[2025-06-16T00:37:45.368+0000][1583.046s][915][941][info ] Leaving safepoint region
[2025-06-16T00:37:45.368+0000][1583.046s][915][941][info ] Total time for which application threads were stopped: 0.0001829 seconds, Stopping threads took: 0.0000359 seconds
[2025-06-16T00:37:46.368+0000][1584.046s][915][941][info ] Application time: 1.0001113 seconds
[2025-06-16T00:37:46.369+0000][1584.046s][915][941][info ] Entering safepoint region: Cleanup
[2025-06-16T00:37:46.369+0000][1584.046s][915][941][info ] Leaving safepoint region
[2025-06-16T00:37:46.369+0000][1584.046s][915][941][info ] Total time for which application threads were stopped: 0.0001924 seconds, Stopping threads took: 0.0000425 seconds
[2025-06-16T00:37:47.369+0000][1585.046s][915][941][info ] Application time: 1.0000895 seconds
[2025-06-16T00:37:47.369+0000][1585.046s][915][941][info ] Entering safepoint region: Cleanup
[2025-06-16T00:37:47.369+0000][1585.047s][915][941][info ] Leaving safepoint region
[2025-06-16T00:37:47.369+0000][1585.047s][915][941][info ] Total time for which application threads were stopped: 0.0001801 seconds, Stopping threads took: 0.0000368 seconds
[2025-06-16T00:37:48.369+0000][1586.047s][915][941][info ] Application time: 1.0001044 seconds
[2025-06-16T00:37:48.369+0000][1586.047s][915][941][info ] Entering safepoint region: Cleanup
[2025-06-16T00:37:48.369+0000][1586.047s][915][941][info ] Leaving safepoint region
[2025-06-16T00:37:48.369+0000][1586.047s][915][941][info ] Total time for which application threads were stopped: 0.0001688 seconds, Stopping threads took: 0.0000377 seconds
[2025-06-16T00:37:49.370+0000][1587.047s][915][941][info ] Application time: 1.0001008 seconds
[2025-06-16T00:37:49.370+0000][1587.047s][915][941][info ] Entering safepoint region: Cleanup
[2025-06-16T00:37:49.370+0000][1587.047s][915][941][info ] Leaving safepoint region
[2025-06-16T00:37:49.370+0000][1587.047s][915][941][info ] Total time for which application threads were stopped: 0.0002545 seconds, Stopping threads took: 0.0000382 seconds
[2025-06-16T00:37:50.370+0000][1588.048s][915][941][info ] Application time: 1.0001112 seconds
[2025-06-16T00:37:50.370+0000][1588.048s][915][941][info ] Entering safepoint region: Cleanup
[2025-06-16T00:37:50.370+0000][1588.048s][915][941][info ] Leaving safepoint region
[2025-06-16T00:37:50.370+0000][1588.048s][915][941][info ] Total time for which application threads were stopped: 0.0001980 seconds, Stopping threads took: 0.0000512 seconds
[2025-06-16T00:37:51.370+0000][1589.048s][915][941][info ] Application time: 1.0001094 seconds
[2025-06-16T00:37:51.371+0000][1589.048s][915][941][info ] Entering safepoint region: Cleanup
[2025-06-16T00:37:51.371+0000][1589.048s][915][941][info ] Leaving safepoint region
[2025-06-16T00:37:51.371+0000][1589.048s][915][941][info ] Total time for which application threads were stopped: 0.0002013 seconds, Stopping threads took: 0.0000509 seconds
[2025-06-16T00:37:52.371+0000][1590.048s][915][941][info ] Application time: 1.0000939 seconds
[2025-06-16T00:37:52.371+0000][1590.048s][915][941][info ] Entering safepoint region: Cleanup
[2025-06-16T00:37:52.371+0000][1590.049s][915][941][info ] Leaving safepoint region
[2025-06-16T00:37:52.371+0000][1590.049s][915][941][info ] Total time for which application threads were stopped: 0.0002060 seconds, Stopping threads took: 0.0000508 seconds
[2025-06-16T00:37:53.371+0000][1591.049s][915][941][info ] Application time: 1.0001010 seconds
[2025-06-16T00:37:53.371+0000][1591.049s][915][941][info ] Entering safepoint region: Cleanup
[2025-06-16T00:37:53.372+0000][1591.049s][915][941][info ] Leaving safepoint region
[2025-06-16T00:37:53.372+0000][1591.049s][915][941][info ] Total time for which application threads were stopped: 0.0002468 seconds, Stopping threads took: 0.0000573 seconds
[2025-06-16T00:37:54.372+0000][1592.049s][915][941][info ] Application time: 1.0001026 seconds
[2025-06-16T00:37:54.372+0000][1592.049s][915][941][info ] Entering safepoint region: Cleanup
[2025-06-16T00:37:54.372+0000][1592.049s][915][941][info ] Leaving safepoint region
[2025-06-16T00:37:54.372+0000][1592.049s][915][941][info ] Total time for which application threads were stopped: 0.0001797 seconds, Stopping threads took: 0.0000402 seconds
[2025-06-16T00:37:54.843+0000][1592.521s][915][940][trace] CMS: promo attempt is safe: available(6912212992) >= av_promo(0), max_promo(847342408)
[2025-06-16T00:37:55.372+0000][1593.050s][915][941][info ] Application time: 1.0001028 seconds
[2025-06-16T00:37:55.372+0000][1593.050s][915][941][info ] Entering safepoint region: Cleanup
[2025-06-16T00:37:55.372+0000][1593.050s][915][941][info ] Leaving safepoint region
[2025-06-16T00:37:55.372+0000][1593.050s][915][941][info ] Total time for which application threads were stopped: 0.0002195 seconds, Stopping threads took: 0.0000464 seconds
[2025-06-16T00:37:56.373+0000][1594.050s][915][941][info ] Application time: 1.0000968 seconds
[2025-06-16T00:37:56.373+0000][1594.050s][915][941][info ] Entering safepoint region: Cleanup
[2025-06-16T00:37:56.373+0000][1594.050s][915][941][info ] Leaving safepoint region
[2025-06-16T00:37:56.373+0000][1594.050s][915][941][info ] Total time for which application threads were stopped: 0.0002056 seconds, Stopping threads took: 0.0000513 seconds
[2025-06-16T00:37:57.373+0000][1595.050s][915][941][info ] Application time: 1.0000940 seconds
[2025-06-16T00:37:57.373+0000][1595.051s][915][941][info ] Entering safepoint region: Cleanup
[2025-06-16T00:37:57.373+0000][1595.051s][915][941][info ] Leaving safepoint region
[2025-06-16T00:37:57.373+0000][1595.051s][915][941][info ] Total time for which application threads were stopped: 0.0001568 seconds, Stopping threads took: 0.0000346 seconds
[2025-06-16T00:37:58.373+0000][1596.051s][915][941][info ] Application time: 1.0000873 seconds
[2025-06-16T00:37:58.373+0000][1596.051s][915][941][info ] Entering safepoint region: Cleanup
[2025-06-16T00:37:58.373+0000][1596.051s][915][941][info ] Leaving safepoint region
[2025-06-16T00:37:58.373+0000][1596.051s][915][941][info ] Total time for which application threads were stopped: 0.0001750 seconds, Stopping threads took: 0.0000353 seconds
[2025-06-16T00:37:59.374+0000][1597.051s][915][941][info ] Application time: 1.0000925 seconds
[2025-06-16T00:37:59.374+0000][1597.051s][915][941][info ] Entering safepoint region: Cleanup
[2025-06-16T00:37:59.374+0000][1597.051s][915][941][info ] Leaving safepoint region
[2025-06-16T00:37:59.374+0000][1597.051s][915][941][info ] Total time for which application threads were stopped: 0.0002239 seconds, Stopping threads took: 0.0000485 seconds
[2025-06-16T00:38:00.374+0000][1598.052s][915][941][info ] Application time: 1.0000971 seconds
[2025-06-16T00:38:00.374+0000][1598.052s][915][941][info ] Entering safepoint region: Cleanup
[2025-06-16T00:38:00.374+0000][1598.052s][915][941][info ] Leaving safepoint region
[2025-06-16T00:38:00.374+0000][1598.052s][915][941][info ] Total time for which application threads were stopped: 0.0002312 seconds, Stopping threads took: 0.0000504 seconds
[2025-06-16T00:38:01.374+0000][1599.052s][915][941][info ] Application time: 1.0001192 seconds
[2025-06-16T00:38:01.375+0000][1599.052s][915][941][info ] Entering safepoint region: Cleanup
[2025-06-16T00:38:01.375+0000][1599.052s][915][941][info ] Leaving safepoint region
[2025-06-16T00:38:01.375+0000][1599.052s][915][941][info ] Total time for which application threads were stopped: 0.0001913 seconds, Stopping threads took: 0.0000549 seconds
[2025-06-16T00:38:02.375+0000][1600.052s][915][941][info ] Application time: 1.0000903 seconds
[2025-06-16T00:38:02.375+0000][1600.052s][915][941][info ] Entering safepoint region: Cleanup
[2025-06-16T00:38:02.375+0000][1600.053s][915][941][info ] Leaving safepoint region
[2025-06-16T00:38:02.375+0000][1600.053s][915][941][info ] Total time for which application threads were stopped: 0.0001611 seconds, Stopping threads took: 0.0000357 seconds
[2025-06-16T00:38:03.375+0000][1601.053s][915][941][info ] Application time: 1.0000778 seconds
[2025-06-16T00:38:03.375+0000][1601.053s][915][941][info ] Entering safepoint region: Cleanup
[2025-06-16T00:38:03.375+0000][1601.053s][915][941][info ] Leaving safepoint region
[2025-06-16T00:38:03.375+0000][1601.053s][915][941][info ] Total time for which application threads were stopped: 0.0002033 seconds, Stopping threads took: 0.0000398 seconds
[2025-06-16T00:38:04.376+0000][1602.053s][915][941][info ] Application time: 1.0000989 seconds
[2025-06-16T00:38:04.376+0000][1602.053s][915][941][info ] Entering safepoint region: Cleanup
[2025-06-16T00:38:04.376+0000][1602.053s][915][941][info ] Leaving safepoint region
[2025-06-16T00:38:04.376+0000][1602.053s][915][941][info ] Total time for which application threads were stopped: 0.0001774 seconds, Stopping threads took: 0.0000395 seconds
[2025-06-16T00:38:04.843+0000][1602.520s][915][940][trace] CMS: promo attempt is safe: available(6912212992) >= av_promo(0), max_promo(847342408)
[2025-06-16T00:38:05.376+0000][1603.053s][915][941][info ] Application time: 1.0001158 seconds
[2025-06-16T00:38:05.376+0000][1603.054s][915][941][info ] Entering safepoint region: Cleanup
[2025-06-16T00:38:05.376+0000][1603.054s][915][941][info ] Leaving safepoint region
[2025-06-16T00:38:05.376+0000][1603.054s][915][941][info ] Total time for which application threads were stopped: 0.0002114 seconds, Stopping threads took: 0.0000459 seconds
[2025-06-16T00:38:06.376+0000][1604.054s][915][941][info ] Application time: 1.0000984 seconds
[2025-06-16T00:38:06.376+0000][1604.054s][915][941][info ] Entering safepoint region: Cleanup
[2025-06-16T00:38:06.377+0000][1604.054s][915][941][info ] Leaving safepoint region
[2025-06-16T00:38:06.377+0000][1604.054s][915][941][info ] Total time for which application threads were stopped: 0.0001714 seconds, Stopping threads took: 0.0000369 seconds
[2025-06-16T00:38:07.377+0000][1605.054s][915][941][info ] Application time: 1.0001160 seconds
[2025-06-16T00:38:07.377+0000][1605.054s][915][941][info ] Entering safepoint region: Cleanup
[2025-06-16T00:38:07.377+0000][1605.054s][915][941][info ] Leaving safepoint region
[2025-06-16T00:38:07.377+0000][1605.055s][915][941][info ] Total time for which application threads were stopped: 0.0001767 seconds, Stopping threads took: 0.0000374 seconds
[2025-06-16T00:38:08.377+0000][1606.055s][915][941][info ] Application time: 1.0001171 seconds
[2025-06-16T00:38:08.377+0000][1606.055s][915][941][info ] Entering safepoint region: Cleanup
[2025-06-16T00:38:08.377+0000][1606.055s][915][941][info ] Leaving safepoint region
[2025-06-16T00:38:08.377+0000][1606.055s][915][941][info ] Total time for which application threads were stopped: 0.0002141 seconds, Stopping threads took: 0.0000447 seconds
[2025-06-16T00:38:09.378+0000][1607.055s][915][941][info ] Application time: 1.0000948 seconds
[2025-06-16T00:38:09.378+0000][1607.055s][915][941][info ] Entering safepoint region: Cleanup
[2025-06-16T00:38:09.378+0000][1607.055s][915][941][info ] Leaving safepoint region
[2025-06-16T00:38:09.378+0000][1607.055s][915][941][info ] Total time for which application threads were stopped: 0.0002372 seconds, Stopping threads took: 0.0000370 seconds
[2025-06-16T00:38:10.378+0000][1608.055s][915][941][info ] Application time: 1.0001080 seconds
[2025-06-16T00:38:10.378+0000][1608.056s][915][941][info ] Entering safepoint region: Cleanup
[2025-06-16T00:38:10.378+0000][1608.056s][915][941][info ] Leaving safepoint region
[2025-06-16T00:38:10.378+0000][1608.056s][915][941][info ] Total time for which application threads were stopped: 0.0002783 seconds, Stopping threads took: 0.0000483 seconds
[2025-06-16T00:38:11.378+0000][1609.056s][915][941][info ] Application time: 1.0000925 seconds
[2025-06-16T00:38:11.379+0000][1609.056s][915][941][info ] Entering safepoint region: Cleanup
[2025-06-16T00:38:11.379+0000][1609.056s][915][941][info ] Leaving safepoint region
[2025-06-16T00:38:11.379+0000][1609.056s][915][941][info ] Total time for which application threads were stopped: 0.0002032 seconds, Stopping threads took: 0.0000424 seconds
[2025-06-16T00:38:12.379+0000][1610.056s][915][941][info ] Application time: 1.0000921 seconds
[2025-06-16T00:38:12.379+0000][1610.056s][915][941][info ] Entering safepoint region: Cleanup
[2025-06-16T00:38:12.379+0000][1610.057s][915][941][info ] Leaving safepoint region
[2025-06-16T00:38:12.379+0000][1610.057s][915][941][info ] Total time for which application threads were stopped: 0.0001903 seconds, Stopping threads took: 0.0000362 seconds
[2025-06-16T00:38:13.379+0000][1611.057s][915][941][info ] Application time: 1.0001318 seconds
[2025-06-16T00:38:13.379+0000][1611.057s][915][941][info ] Entering safepoint region: Cleanup
[2025-06-16T00:38:13.380+0000][1611.057s][915][941][info ] Leaving safepoint region
[2025-06-16T00:38:13.380+0000][1611.057s][915][941][info ] Total time for which application threads were stopped: 0.0001941 seconds, Stopping threads took: 0.0000409 seconds
[2025-06-16T00:38:14.380+0000][1612.057s][915][941][info ] Application time: 1.0000983 seconds
[2025-06-16T00:38:14.380+0000][1612.057s][915][941][info ] Entering safepoint region: Cleanup
[2025-06-16T00:38:14.380+0000][1612.057s][915][941][info ] Leaving safepoint region
[2025-06-16T00:38:14.380+0000][1612.057s][915][941][info ] Total time for which application threads were stopped: 0.0001718 seconds, Stopping threads took: 0.0000402 seconds
[2025-06-16T00:38:14.843+0000][1612.521s][915][940][trace] CMS: promo attempt is safe: available(6912212992) >= av_promo(0), max_promo(847342408)
[2025-06-16T00:38:15.380+0000][1613.058s][915][941][info ] Application time: 1.0000936 seconds
[2025-06-16T00:38:15.380+0000][1613.058s][915][941][info ] Entering safepoint region: Cleanup
[2025-06-16T00:38:15.380+0000][1613.058s][915][941][info ] Leaving safepoint region
[2025-06-16T00:38:15.380+0000][1613.058s][915][941][info ] Total time for which application threads were stopped: 0.0001866 seconds, Stopping threads took: 0.0000391 seconds
[2025-06-16T00:38:16.380+0000][1614.058s][915][941][info ] Application time: 1.0001062 seconds
[2025-06-16T00:38:16.381+0000][1614.058s][915][941][info ] Entering safepoint region: Cleanup
[2025-06-16T00:38:16.381+0000][1614.058s][915][941][info ] Leaving safepoint region
[2025-06-16T00:38:16.381+0000][1614.058s][915][941][info ] Total time for which application threads were stopped: 0.0002004 seconds, Stopping threads took: 0.0000427 seconds
[2025-06-16T00:38:17.381+0000][1615.058s][915][941][info ] Application time: 1.0001135 seconds
[2025-06-16T00:38:17.381+0000][1615.058s][915][941][info ] Entering safepoint region: Cleanup
[2025-06-16T00:38:17.381+0000][1615.059s][915][941][info ] Leaving safepoint region
[2025-06-16T00:38:17.381+0000][1615.059s][915][941][info ] Total time for which application threads were stopped: 0.0001769 seconds, Stopping threads took: 0.0000344 seconds
[2025-06-16T00:38:18.381+0000][1616.059s][915][941][info ] Application time: 1.0001035 seconds
[2025-06-16T00:38:18.381+0000][1616.059s][915][941][info ] Entering safepoint region: Cleanup
[2025-06-16T00:38:18.381+0000][1616.059s][915][941][info ] Leaving safepoint region
[2025-06-16T00:38:18.381+0000][1616.059s][915][941][info ] Total time for which application threads were stopped: 0.0001921 seconds, Stopping threads took: 0.0000391 seconds
[2025-06-16T00:38:19.382+0000][1617.059s][915][941][info ] Application time: 1.0001076 seconds
[2025-06-16T00:38:19.382+0000][1617.059s][915][941][info ] Entering safepoint region: Cleanup
[2025-06-16T00:38:19.382+0000][1617.059s][915][941][info ] Leaving safepoint region
[2025-06-16T00:38:19.382+0000][1617.059s][915][941][info ] Total time for which application threads were stopped: 0.0002396 seconds, Stopping threads took: 0.0000382 seconds
[2025-06-16T00:38:20.382+0000][1618.060s][915][941][info ] Application time: 1.0001007 seconds
[2025-06-16T00:38:20.382+0000][1618.060s][915][941][info ] Entering safepoint region: Cleanup
[2025-06-16T00:38:20.382+0000][1618.060s][915][941][info ] Leaving safepoint region
[2025-06-16T00:38:20.382+0000][1618.060s][915][941][info ] Total time for which application threads were stopped: 0.0001992 seconds, Stopping threads took: 0.0000414 seconds
[2025-06-16T00:38:21.382+0000][1619.060s][915][941][info ] Application time: 1.0001054 seconds
[2025-06-16T00:38:21.383+0000][1619.060s][915][941][info ] Entering safepoint region: Cleanup
[2025-06-16T00:38:21.383+0000][1619.060s][915][941][info ] Leaving safepoint region
[2025-06-16T00:38:21.383+0000][1619.060s][915][941][info ] Total time for which application threads were stopped: 0.0001822 seconds, Stopping threads took: 0.0000405 seconds
[2025-06-16T00:38:22.383+0000][1620.060s][915][941][info ] Application time: 1.0000883 seconds
[2025-06-16T00:38:22.383+0000][1620.060s][915][941][info ] Entering safepoint region: Cleanup
[2025-06-16T00:38:22.383+0000][1620.060s][915][941][info ] Leaving safepoint region
[2025-06-16T00:38:22.383+0000][1620.061s][915][941][info ] Total time for which application threads were stopped: 0.0001600 seconds, Stopping threads took: 0.0000326 seconds
[2025-06-16T00:38:23.383+0000][1621.061s][915][941][info ] Application time: 1.0001047 seconds
[2025-06-16T00:38:23.383+0000][1621.061s][915][941][info ] Entering safepoint region: Cleanup
[2025-06-16T00:38:23.383+0000][1621.061s][915][941][info ] Leaving safepoint region
[2025-06-16T00:38:23.383+0000][1621.061s][915][941][info ] Total time for which application threads were stopped: 0.0002181 seconds, Stopping threads took: 0.0000394 seconds
[2025-06-16T00:38:24.384+0000][1622.061s][915][941][info ] Application time: 1.0000918 seconds
[2025-06-16T00:38:24.384+0000][1622.061s][915][941][info ] Entering safepoint region: Cleanup
[2025-06-16T00:38:24.384+0000][1622.061s][915][941][info ] Leaving safepoint region
[2025-06-16T00:38:24.384+0000][1622.061s][915][941][info ] Total time for which application threads were stopped: 0.0001665 seconds, Stopping threads took: 0.0000363 seconds
[2025-06-16T00:38:24.843+0000][1622.520s][915][940][trace] CMS: promo attempt is safe: available(6912212992) >= av_promo(0), max_promo(847342408)
[2025-06-16T00:38:25.384+0000][1623.061s][915][941][info ] Application time: 1.0001091 seconds
[2025-06-16T00:38:25.384+0000][1623.062s][915][941][info ] Entering safepoint region: Cleanup
[2025-06-16T00:38:25.384+0000][1623.062s][915][941][info ] Leaving safepoint region
[2025-06-16T00:38:25.384+0000][1623.062s][915][941][info ] Total time for which application threads were stopped: 0.0002067 seconds, Stopping threads took: 0.0000454 seconds
[2025-06-16T00:38:26.384+0000][1624.062s][915][941][info ] Application time: 1.0000974 seconds
[2025-06-16T00:38:26.384+0000][1624.062s][915][941][info ] Entering safepoint region: Cleanup
[2025-06-16T00:38:26.385+0000][1624.062s][915][941][info ] Leaving safepoint region
[2025-06-16T00:38:26.385+0000][1624.062s][915][941][info ] Total time for which application threads were stopped: 0.0002154 seconds, Stopping threads took: 0.0000526 seconds
[2025-06-16T00:38:27.385+0000][1625.063s][915][941][info ] Application time: 1.0003716 seconds
[2025-06-16T00:38:27.385+0000][1625.063s][915][941][info ] Entering safepoint region: Cleanup
[2025-06-16T00:38:27.385+0000][1625.063s][915][941][info ] Leaving safepoint region
[2025-06-16T00:38:27.385+0000][1625.063s][915][941][info ] Total time for which application threads were stopped: 0.0002217 seconds, Stopping threads took: 0.0000421 seconds
[2025-06-16T00:38:28.385+0000][1626.063s][915][941][info ] Application time: 1.0001080 seconds
[2025-06-16T00:38:28.386+0000][1626.063s][915][941][info ] Entering safepoint region: Cleanup
[2025-06-16T00:38:28.386+0000][1626.063s][915][941][info ] Leaving safepoint region
[2025-06-16T00:38:28.386+0000][1626.063s][915][941][info ] Total time for which application threads were stopped: 0.0001898 seconds, Stopping threads took: 0.0000413 seconds
[2025-06-16T00:38:29.386+0000][1627.063s][915][941][info ] Application time: 1.0001106 seconds
[2025-06-16T00:38:29.386+0000][1627.064s][915][941][info ] Entering safepoint region: Cleanup
[2025-06-16T00:38:29.386+0000][1627.064s][915][941][info ] Leaving safepoint region
[2025-06-16T00:38:29.386+0000][1627.064s][915][941][info ] Total time for which application threads were stopped: 0.0002183 seconds, Stopping threads took: 0.0000486 seconds
[2025-06-16T00:38:30.386+0000][1628.064s][915][941][info ] Application time: 1.0001238 seconds
[2025-06-16T00:38:30.386+0000][1628.064s][915][941][info ] Entering safepoint region: Cleanup
[2025-06-16T00:38:30.387+0000][1628.064s][915][941][info ] Leaving safepoint region
[2025-06-16T00:38:30.387+0000][1628.064s][915][941][info ] Total time for which application threads were stopped: 0.0002327 seconds, Stopping threads took: 0.0000429 seconds
[2025-06-16T00:38:31.387+0000][1629.064s][915][941][info ] Application time: 1.0000901 seconds
[2025-06-16T00:38:31.387+0000][1629.064s][915][941][info ] Entering safepoint region: Cleanup
[2025-06-16T00:38:31.387+0000][1629.064s][915][941][info ] Leaving safepoint region
[2025-06-16T00:38:31.387+0000][1629.064s][915][941][info ] Total time for which application threads were stopped: 0.0001539 seconds, Stopping threads took: 0.0000334 seconds
[2025-06-16T00:38:32.387+0000][1630.065s][915][941][info ] Application time: 1.0001003 seconds
[2025-06-16T00:38:32.387+0000][1630.065s][915][941][info ] Entering safepoint region: Cleanup
[2025-06-16T00:38:32.387+0000][1630.065s][915][941][info ] Leaving safepoint region
[2025-06-16T00:38:32.387+0000][1630.065s][915][941][info ] Total time for which application threads were stopped: 0.0001680 seconds, Stopping threads took: 0.0000363 seconds
[2025-06-16T00:38:33.387+0000][1631.065s][915][941][info ] Application time: 1.0001144 seconds
[2025-06-16T00:38:33.388+0000][1631.065s][915][941][info ] Entering safepoint region: Cleanup
[2025-06-16T00:38:33.388+0000][1631.065s][915][941][info ] Leaving safepoint region
[2025-06-16T00:38:33.388+0000][1631.065s][915][941][info ] Total time for which application threads were stopped: 0.0001661 seconds, Stopping threads took: 0.0000427 seconds
[2025-06-16T00:38:34.388+0000][1632.065s][915][941][info ] Application time: 1.0000989 seconds
[2025-06-16T00:38:34.388+0000][1632.065s][915][941][info ] Entering safepoint region: Cleanup
[2025-06-16T00:38:34.388+0000][1632.066s][915][941][info ] Leaving safepoint region
[2025-06-16T00:38:34.388+0000][1632.066s][915][941][info ] Total time for which application threads were stopped: 0.0001861 seconds, Stopping threads took: 0.0000472 seconds
[2025-06-16T00:38:34.842+0000][1632.520s][915][940][trace] CMS: promo attempt is safe: available(6912212992) >= av_promo(0), max_promo(860764240)
[2025-06-16T00:38:35.388+0000][1633.066s][915][941][info ] Application time: 1.0001093 seconds
[2025-06-16T00:38:35.388+0000][1633.066s][915][941][info ] Entering safepoint region: Cleanup
[2025-06-16T00:38:35.388+0000][1633.066s][915][941][info ] Leaving safepoint region
[2025-06-16T00:38:35.389+0000][1633.066s][915][941][info ] Total time for which application threads were stopped: 0.0002273 seconds, Stopping threads took: 0.0000492 seconds
[2025-06-16T00:38:36.389+0000][1634.066s][915][941][info ] Application time: 1.0000980 seconds
[2025-06-16T00:38:36.389+0000][1634.066s][915][941][info ] Entering safepoint region: Cleanup
[2025-06-16T00:38:36.389+0000][1634.066s][915][941][info ] Leaving safepoint region
[2025-06-16T00:38:36.389+0000][1634.066s][915][941][info ] Total time for which application threads were stopped: 0.0001788 seconds, Stopping threads took: 0.0000414 seconds
[2025-06-16T00:38:37.389+0000][1635.067s][915][941][info ] Application time: 1.0001081 seconds
[2025-06-16T00:38:37.389+0000][1635.067s][915][941][info ] Entering safepoint region: Cleanup
[2025-06-16T00:38:37.389+0000][1635.067s][915][941][info ] Leaving safepoint region
[2025-06-16T00:38:37.389+0000][1635.067s][915][941][info ] Total time for which application threads were stopped: 0.0002109 seconds, Stopping threads took: 0.0000360 seconds
[2025-06-16T00:38:38.389+0000][1636.067s][915][941][info ] Application time: 1.0001034 seconds
[2025-06-16T00:38:38.389+0000][1636.067s][915][941][info ] Entering safepoint region: Cleanup
[2025-06-16T00:38:38.390+0000][1636.067s][915][941][info ] Leaving safepoint region
[2025-06-16T00:38:38.390+0000][1636.067s][915][941][info ] Total time for which application threads were stopped: 0.0001780 seconds, Stopping threads took: 0.0000347 seconds
[2025-06-16T00:38:39.390+0000][1637.067s][915][941][info ] Application time: 1.0001047 seconds
[2025-06-16T00:38:39.390+0000][1637.067s][915][941][info ] Entering safepoint region: Cleanup
[2025-06-16T00:38:39.390+0000][1637.067s][915][941][info ] Leaving safepoint region
[2025-06-16T00:38:39.390+0000][1637.067s][915][941][info ] Total time for which application threads were stopped: 0.0001647 seconds, Stopping threads took: 0.0000341 seconds
[2025-06-16T00:38:40.390+0000][1638.068s][915][941][info ] Application time: 1.0001024 seconds
[2025-06-16T00:38:40.390+0000][1638.068s][915][941][info ] Entering safepoint region: Cleanup
[2025-06-16T00:38:40.390+0000][1638.068s][915][941][info ] Leaving safepoint region
[2025-06-16T00:38:40.390+0000][1638.068s][915][941][info ] Total time for which application threads were stopped: 0.0002206 seconds, Stopping threads took: 0.0000482 seconds
[2025-06-16T00:38:41.391+0000][1639.068s][915][941][info ] Application time: 1.0000925 seconds
[2025-06-16T00:38:41.391+0000][1639.068s][915][941][info ] Entering safepoint region: Cleanup
[2025-06-16T00:38:41.391+0000][1639.068s][915][941][info ] Leaving safepoint region
[2025-06-16T00:38:41.391+0000][1639.068s][915][941][info ] Total time for which application threads were stopped: 0.0001843 seconds, Stopping threads took: 0.0000392 seconds
[2025-06-16T00:38:42.391+0000][1640.068s][915][941][info ] Application time: 1.0001187 seconds
[2025-06-16T00:38:42.391+0000][1640.069s][915][941][info ] Entering safepoint region: Cleanup
[2025-06-16T00:38:42.391+0000][1640.069s][915][941][info ] Leaving safepoint region
[2025-06-16T00:38:42.391+0000][1640.069s][915][941][info ] Total time for which application threads were stopped: 0.0002668 seconds, Stopping threads took: 0.0000597 seconds
[2025-06-16T00:38:43.391+0000][1641.069s][915][941][info ] Application time: 1.0000924 seconds
[2025-06-16T00:38:43.391+0000][1641.069s][915][941][info ] Entering safepoint region: Cleanup
[2025-06-16T00:38:43.392+0000][1641.069s][915][941][info ] Leaving safepoint region
[2025-06-16T00:38:43.392+0000][1641.069s][915][941][info ] Total time for which application threads were stopped: 0.0002107 seconds, Stopping threads took: 0.0000322 seconds
[2025-06-16T00:38:44.392+0000][1642.069s][915][941][info ] Application time: 1.0001063 seconds
[2025-06-16T00:38:44.392+0000][1642.069s][915][941][info ] Entering safepoint region: Cleanup
[2025-06-16T00:38:44.392+0000][1642.070s][915][941][info ] Leaving safepoint region
[2025-06-16T00:38:44.392+0000][1642.070s][915][941][info ] Total time for which application threads were stopped: 0.0002485 seconds, Stopping threads took: 0.0000635 seconds
[2025-06-16T00:38:44.842+0000][1642.520s][915][940][trace] CMS: promo attempt is safe: available(6912212992) >= av_promo(0), max_promo(860764240)
[2025-06-16T00:38:45.392+0000][1643.070s][915][941][info ] Application time: 1.0001116 seconds
[2025-06-16T00:38:45.392+0000][1643.070s][915][941][info ] Entering safepoint region: Cleanup
[2025-06-16T00:38:45.392+0000][1643.070s][915][941][info ] Leaving safepoint region
[2025-06-16T00:38:45.392+0000][1643.070s][915][941][info ] Total time for which application threads were stopped: 0.0001868 seconds, Stopping threads took: 0.0000386 seconds
[2025-06-16T00:38:46.393+0000][1644.070s][915][941][info ] Application time: 1.0000930 seconds
[2025-06-16T00:38:46.393+0000][1644.070s][915][941][info ] Entering safepoint region: Cleanup
[2025-06-16T00:38:46.393+0000][1644.070s][915][941][info ] Leaving safepoint region
[2025-06-16T00:38:46.393+0000][1644.070s][915][941][info ] Total time for which application threads were stopped: 0.0003193 seconds, Stopping threads took: 0.0000466 seconds
[2025-06-16T00:38:47.393+0000][1645.071s][915][941][info ] Application time: 1.0001033 seconds
[2025-06-16T00:38:47.393+0000][1645.071s][915][941][info ] Entering safepoint region: Cleanup
[2025-06-16T00:38:47.393+0000][1645.071s][915][941][info ] Leaving safepoint region
[2025-06-16T00:38:47.393+0000][1645.071s][915][941][info ] Total time for which application threads were stopped: 0.0002480 seconds, Stopping threads took: 0.0000458 seconds
[2025-06-16T00:38:48.394+0000][1646.071s][915][941][info ] Application time: 1.0002515 seconds
[2025-06-16T00:38:48.394+0000][1646.072s][915][941][info ] Entering safepoint region: Cleanup
[2025-06-16T00:38:48.395+0000][1646.073s][915][941][info ] Leaving safepoint region
[2025-06-16T00:38:48.396+0000][1646.073s][915][941][info ] Total time for which application threads were stopped: 0.0013634 seconds, Stopping threads took: 0.0002883 seconds
[2025-06-16T00:38:49.396+0000][1647.073s][915][941][info ] Application time: 1.0001683 seconds
[2025-06-16T00:38:49.396+0000][1647.073s][915][941][info ] Entering safepoint region: Cleanup
[2025-06-16T00:38:49.396+0000][1647.074s][915][941][info ] Leaving safepoint region
[2025-06-16T00:38:49.396+0000][1647.074s][915][941][info ] Total time for which application threads were stopped: 0.0003248 seconds, Stopping threads took: 0.0000631 seconds
[2025-06-16T00:38:50.396+0000][1648.074s][915][941][info ] Application time: 1.0001325 seconds
[2025-06-16T00:38:50.397+0000][1648.074s][915][941][info ] Entering safepoint region: Cleanup
[2025-06-16T00:38:50.397+0000][1648.074s][915][941][info ] Leaving safepoint region
[2025-06-16T00:38:50.397+0000][1648.075s][915][941][info ] Total time for which application threads were stopped: 0.0005409 seconds, Stopping threads took: 0.0000557 seconds
[2025-06-16T00:38:51.397+0000][1649.075s][915][941][info ] Application time: 1.0000954 seconds
[2025-06-16T00:38:51.397+0000][1649.075s][915][941][info ] Entering safepoint region: Cleanup
[2025-06-16T00:38:51.398+0000][1649.075s][915][941][info ] Leaving safepoint region
[2025-06-16T00:38:51.398+0000][1649.075s][915][941][info ] Total time for which application threads were stopped: 0.0002577 seconds, Stopping threads took: 0.0000603 seconds
[2025-06-16T00:38:52.398+0000][1650.075s][915][941][info ] Application time: 1.0001263 seconds
[2025-06-16T00:38:52.398+0000][1650.075s][915][941][info ] Entering safepoint region: Cleanup
[2025-06-16T00:38:52.398+0000][1650.076s][915][941][info ] Leaving safepoint region
[2025-06-16T00:38:52.398+0000][1650.076s][915][941][info ] Total time for which application threads were stopped: 0.0002494 seconds, Stopping threads took: 0.0000534 seconds
[2025-06-16T00:38:53.398+0000][1651.076s][915][941][info ] Application time: 1.0001066 seconds
[2025-06-16T00:38:53.398+0000][1651.076s][915][941][info ] Entering safepoint region: Cleanup
[2025-06-16T00:38:53.398+0000][1651.076s][915][941][info ] Leaving safepoint region
[2025-06-16T00:38:53.398+0000][1651.076s][915][941][info ] Total time for which application threads were stopped: 0.0001982 seconds, Stopping threads took: 0.0000495 seconds
[2025-06-16T00:38:54.399+0000][1652.076s][915][941][info ] Application time: 1.0001341 seconds
[2025-06-16T00:38:54.399+0000][1652.076s][915][941][info ] Entering safepoint region: Cleanup
[2025-06-16T00:38:54.399+0000][1652.076s][915][941][info ] Leaving safepoint region
[2025-06-16T00:38:54.399+0000][1652.076s][915][941][info ] Total time for which application threads were stopped: 0.0002097 seconds, Stopping threads took: 0.0000456 seconds
[2025-06-16T00:38:54.842+0000][1652.520s][915][940][trace] CMS: promo attempt is safe: available(6912212992) >= av_promo(0), max_promo(860764240)
[2025-06-16T00:38:55.399+0000][1653.077s][915][941][info ] Application time: 1.0001020 seconds
[2025-06-16T00:38:55.399+0000][1653.077s][915][941][info ] Entering safepoint region: Cleanup
[2025-06-16T00:38:55.399+0000][1653.077s][915][941][info ] Leaving safepoint region
[2025-06-16T00:38:55.399+0000][1653.077s][915][941][info ] Total time for which application threads were stopped: 0.0002046 seconds, Stopping threads took: 0.0000399 seconds
[2025-06-16T00:38:56.399+0000][1654.077s][915][941][info ] Application time: 1.0000901 seconds
[2025-06-16T00:38:56.400+0000][1654.077s][915][941][info ] Entering safepoint region: Cleanup
[2025-06-16T00:38:56.400+0000][1654.077s][915][941][info ] Leaving safepoint region
[2025-06-16T00:38:56.400+0000][1654.077s][915][941][info ] Total time for which application threads were stopped: 0.0001891 seconds, Stopping threads took: 0.0000405 seconds
[2025-06-16T00:38:57.400+0000][1655.077s][915][941][info ] Application time: 1.0001010 seconds
[2025-06-16T00:38:57.400+0000][1655.077s][915][941][info ] Entering safepoint region: Cleanup
[2025-06-16T00:38:57.400+0000][1655.078s][915][941][info ] Leaving safepoint region
[2025-06-16T00:38:57.400+0000][1655.078s][915][941][info ] Total time for which application threads were stopped: 0.0001792 seconds, Stopping threads took: 0.0000410 seconds
[2025-06-16T00:38:58.400+0000][1656.078s][915][941][info ] Application time: 1.0001034 seconds
[2025-06-16T00:38:58.400+0000][1656.078s][915][941][info ] Entering safepoint region: Cleanup
[2025-06-16T00:38:58.400+0000][1656.078s][915][941][info ] Leaving safepoint region
[2025-06-16T00:38:58.401+0000][1656.078s][915][941][info ] Total time for which application threads were stopped: 0.0002298 seconds, Stopping threads took: 0.0000507 seconds
[2025-06-16T00:38:59.401+0000][1657.078s][915][941][info ] Application time: 1.0001099 seconds
[2025-06-16T00:38:59.401+0000][1657.078s][915][941][info ] Entering safepoint region: Cleanup
[2025-06-16T00:38:59.401+0000][1657.078s][915][941][info ] Leaving safepoint region
[2025-06-16T00:38:59.401+0000][1657.078s][915][941][info ] Total time for which application threads were stopped: 0.0002126 seconds, Stopping threads took: 0.0000565 seconds
[2025-06-16T00:39:00.401+0000][1658.079s][915][941][info ] Application time: 1.0000997 seconds
[2025-06-16T00:39:00.401+0000][1658.079s][915][941][info ] Entering safepoint region: Cleanup
[2025-06-16T00:39:00.401+0000][1658.079s][915][941][info ] Leaving safepoint region
[2025-06-16T00:39:00.401+0000][1658.079s][915][941][info ] Total time for which application threads were stopped: 0.0002140 seconds, Stopping threads took: 0.0000473 seconds
[2025-06-16T00:39:01.401+0000][1659.079s][915][941][info ] Application time: 1.0001273 seconds
[2025-06-16T00:39:01.402+0000][1659.079s][915][941][info ] Entering safepoint region: Cleanup
[2025-06-16T00:39:01.402+0000][1659.079s][915][941][info ] Leaving safepoint region
[2025-06-16T00:39:01.402+0000][1659.079s][915][941][info ] Total time for which application threads were stopped: 0.0002593 seconds, Stopping threads took: 0.0000475 seconds
[2025-06-16T00:39:02.402+0000][1660.079s][915][941][info ] Application time: 1.0000955 seconds
[2025-06-16T00:39:02.402+0000][1660.080s][915][941][info ] Entering safepoint region: Cleanup
[2025-06-16T00:39:02.402+0000][1660.080s][915][941][info ] Leaving safepoint region
[2025-06-16T00:39:02.402+0000][1660.080s][915][941][info ] Total time for which application threads were stopped: 0.0001861 seconds, Stopping threads took: 0.0000333 seconds
[2025-06-16T00:39:03.402+0000][1661.080s][915][941][info ] Application time: 1.0001724 seconds
[2025-06-16T00:39:03.403+0000][1661.080s][915][941][info ] Entering safepoint region: Cleanup
[2025-06-16T00:39:03.403+0000][1661.080s][915][941][info ] Leaving safepoint region
[2025-06-16T00:39:03.403+0000][1661.080s][915][941][info ] Total time for which application threads were stopped: 0.0002352 seconds, Stopping threads took: 0.0000463 seconds
[2025-06-16T00:39:04.403+0000][1662.080s][915][941][info ] Application time: 1.0001016 seconds
[2025-06-16T00:39:04.403+0000][1662.080s][915][941][info ] Entering safepoint region: Cleanup
[2025-06-16T00:39:04.403+0000][1662.081s][915][941][info ] Leaving safepoint region
[2025-06-16T00:39:04.403+0000][1662.081s][915][941][info ] Total time for which application threads were stopped: 0.0001932 seconds, Stopping threads took: 0.0000431 seconds
[2025-06-16T00:39:04.843+0000][1662.521s][915][940][trace] CMS: promo attempt is safe: available(6912212992) >= av_promo(0), max_promo(860764240)
[2025-06-16T00:39:05.403+0000][1663.081s][915][941][info ] Application time: 1.0001095 seconds
[2025-06-16T00:39:05.403+0000][1663.081s][915][941][info ] Entering safepoint region: Cleanup
[2025-06-16T00:39:05.404+0000][1663.081s][915][941][info ] Leaving safepoint region
[2025-06-16T00:39:05.404+0000][1663.081s][915][941][info ] Total time for which application threads were stopped: 0.0002721 seconds, Stopping threads took: 0.0000534 seconds
[2025-06-16T00:39:06.404+0000][1664.081s][915][941][info ] Application time: 1.0000978 seconds
[2025-06-16T00:39:06.404+0000][1664.081s][915][941][info ] Entering safepoint region: Cleanup
[2025-06-16T00:39:06.404+0000][1664.082s][915][941][info ] Leaving safepoint region
[2025-06-16T00:39:06.404+0000][1664.082s][915][941][info ] Total time for which application threads were stopped: 0.0002214 seconds, Stopping threads took: 0.0000495 seconds
[2025-06-16T00:39:07.404+0000][1665.082s][915][941][info ] Application time: 1.0001299 seconds
[2025-06-16T00:39:07.404+0000][1665.082s][915][941][info ] Entering safepoint region: Cleanup
[2025-06-16T00:39:07.405+0000][1665.082s][915][941][info ] Leaving safepoint region
[2025-06-16T00:39:07.405+0000][1665.082s][915][941][info ] Total time for which application threads were stopped: 0.0002544 seconds, Stopping threads took: 0.0000621 seconds
[2025-06-16T00:39:08.405+0000][1666.082s][915][941][info ] Application time: 1.0001259 seconds
[2025-06-16T00:39:08.405+0000][1666.082s][915][941][info ] Entering safepoint region: Cleanup
[2025-06-16T00:39:08.405+0000][1666.083s][915][941][info ] Leaving safepoint region
[2025-06-16T00:39:08.405+0000][1666.083s][915][941][info ] Total time for which application threads were stopped: 0.0002432 seconds, Stopping threads took: 0.0000470 seconds
[2025-06-16T00:39:09.405+0000][1667.083s][915][941][info ] Application time: 1.0001228 seconds
[2025-06-16T00:39:09.405+0000][1667.083s][915][941][info ] Entering safepoint region: Cleanup
[2025-06-16T00:39:09.405+0000][1667.083s][915][941][info ] Leaving safepoint region
[2025-06-16T00:39:09.405+0000][1667.083s][915][941][info ] Total time for which application threads were stopped: 0.0002077 seconds, Stopping threads took: 0.0000557 seconds
[2025-06-16T00:39:10.406+0000][1668.083s][915][941][info ] Application time: 1.0001234 seconds
[2025-06-16T00:39:10.406+0000][1668.083s][915][941][info ] Entering safepoint region: Cleanup
[2025-06-16T00:39:10.406+0000][1668.083s][915][941][info ] Leaving safepoint region
[2025-06-16T00:39:10.406+0000][1668.084s][915][941][info ] Total time for which application threads were stopped: 0.0002985 seconds, Stopping threads took: 0.0000988 seconds
[2025-06-16T00:39:11.406+0000][1669.084s][915][941][info ] Application time: 1.0000767 seconds
[2025-06-16T00:39:11.407+0000][1669.084s][915][941][info ] Entering safepoint region: Cleanup
[2025-06-16T00:39:11.407+0000][1669.085s][915][941][info ] Leaving safepoint region
[2025-06-16T00:39:11.407+0000][1669.085s][915][941][info ] Total time for which application threads were stopped: 0.0001818 seconds, Stopping threads took: 0.0000398 seconds
[2025-06-16T00:39:12.407+0000][1670.085s][915][941][info ] Application time: 1.0000900 seconds
[2025-06-16T00:39:12.407+0000][1670.085s][915][941][info ] Entering safepoint region: Cleanup
[2025-06-16T00:39:12.407+0000][1670.085s][915][941][info ] Leaving safepoint region
[2025-06-16T00:39:12.407+0000][1670.085s][915][941][info ] Total time for which application threads were stopped: 0.0001756 seconds, Stopping threads took: 0.0000385 seconds
[2025-06-16T00:39:13.408+0000][1671.085s][915][941][info ] Application time: 1.0001498 seconds
[2025-06-16T00:39:13.408+0000][1671.085s][915][941][info ] Entering safepoint region: Cleanup
[2025-06-16T00:39:13.408+0000][1671.086s][915][941][info ] Leaving safepoint region
[2025-06-16T00:39:13.408+0000][1671.086s][915][941][info ] Total time for which application threads were stopped: 0.0003749 seconds, Stopping threads took: 0.0000610 seconds
[2025-06-16T00:39:14.408+0000][1672.086s][915][941][info ] Application time: 1.0001062 seconds
[2025-06-16T00:39:14.408+0000][1672.086s][915][941][info ] Entering safepoint region: Cleanup
[2025-06-16T00:39:14.409+0000][1672.086s][915][941][info ] Leaving safepoint region
[2025-06-16T00:39:14.409+0000][1672.086s][915][941][info ] Total time for which application threads were stopped: 0.0001766 seconds, Stopping threads took: 0.0000389 seconds
[2025-06-16T00:39:14.843+0000][1672.520s][915][940][trace] CMS: promo attempt is safe: available(6912212992) >= av_promo(0), max_promo(860764240)
[2025-06-16T00:39:15.409+0000][1673.086s][915][941][info ] Application time: 1.0000951 seconds
[2025-06-16T00:39:15.409+0000][1673.086s][915][941][info ] Entering safepoint region: Cleanup
[2025-06-16T00:39:15.409+0000][1673.086s][915][941][info ] Leaving safepoint region
[2025-06-16T00:39:15.409+0000][1673.086s][915][941][info ] Total time for which application threads were stopped: 0.0002519 seconds, Stopping threads took: 0.0000563 seconds
[2025-06-16T00:39:16.409+0000][1674.087s][915][941][info ] Application time: 1.0000919 seconds
[2025-06-16T00:39:16.409+0000][1674.087s][915][941][info ] Entering safepoint region: Cleanup
[2025-06-16T00:39:16.409+0000][1674.087s][915][941][info ] Leaving safepoint region
[2025-06-16T00:39:16.409+0000][1674.087s][915][941][info ] Total time for which application threads were stopped: 0.0001992 seconds, Stopping threads took: 0.0000383 seconds
[2025-06-16T00:39:17.410+0000][1675.087s][915][941][info ] Application time: 1.0000998 seconds
[2025-06-16T00:39:17.410+0000][1675.087s][915][941][info ] Entering safepoint region: Cleanup
[2025-06-16T00:39:17.410+0000][1675.087s][915][941][info ] Leaving safepoint region
[2025-06-16T00:39:17.410+0000][1675.087s][915][941][info ] Total time for which application threads were stopped: 0.0002652 seconds, Stopping threads took: 0.0000468 seconds
[2025-06-16T00:39:18.410+0000][1676.087s][915][941][info ] Application time: 1.0001104 seconds
[2025-06-16T00:39:18.410+0000][1676.088s][915][941][info ] Entering safepoint region: Cleanup
[2025-06-16T00:39:18.410+0000][1676.088s][915][941][info ] Leaving safepoint region
[2025-06-16T00:39:18.410+0000][1676.088s][915][941][info ] Total time for which application threads were stopped: 0.0002265 seconds, Stopping threads took: 0.0000515 seconds
[2025-06-16T00:39:19.410+0000][1677.088s][915][941][info ] Application time: 1.0000995 seconds
[2025-06-16T00:39:19.411+0000][1677.088s][915][941][info ] Entering safepoint region: Cleanup
[2025-06-16T00:39:19.411+0000][1677.088s][915][941][info ] Leaving safepoint region
[2025-06-16T00:39:19.411+0000][1677.088s][915][941][info ] Total time for which application threads were stopped: 0.0002077 seconds, Stopping threads took: 0.0000479 seconds
[2025-06-16T00:39:20.411+0000][1678.088s][915][941][info ] Application time: 1.0000860 seconds
[2025-06-16T00:39:20.411+0000][1678.088s][915][941][info ] Entering safepoint region: Cleanup
[2025-06-16T00:39:20.411+0000][1678.089s][915][941][info ] Leaving safepoint region
[2025-06-16T00:39:20.411+0000][1678.089s][915][941][info ] Total time for which application threads were stopped: 0.0001524 seconds, Stopping threads took: 0.0000317 seconds
[2025-06-16T00:39:21.411+0000][1679.089s][915][941][info ] Application time: 1.0000863 seconds
[2025-06-16T00:39:21.411+0000][1679.089s][915][941][info ] Entering safepoint region: Cleanup
[2025-06-16T00:39:21.411+0000][1679.089s][915][941][info ] Leaving safepoint region
[2025-06-16T00:39:21.411+0000][1679.089s][915][941][info ] Total time for which application threads were stopped: 0.0001856 seconds, Stopping threads took: 0.0000377 seconds
[2025-06-16T00:39:22.412+0000][1680.089s][915][941][info ] Application time: 1.0000897 seconds
[2025-06-16T00:39:22.412+0000][1680.089s][915][941][info ] Entering safepoint region: Cleanup
[2025-06-16T00:39:22.412+0000][1680.089s][915][941][info ] Leaving safepoint region
[2025-06-16T00:39:22.412+0000][1680.089s][915][941][info ] Total time for which application threads were stopped: 0.0001850 seconds, Stopping threads took: 0.0000375 seconds
[2025-06-16T00:39:23.412+0000][1681.089s][915][941][info ] Application time: 1.0000924 seconds
[2025-06-16T00:39:23.412+0000][1681.089s][915][941][info ] Entering safepoint region: Cleanup
[2025-06-16T00:39:23.412+0000][1681.090s][915][941][info ] Leaving safepoint region
[2025-06-16T00:39:23.412+0000][1681.090s][915][941][info ] Total time for which application threads were stopped: 0.0001850 seconds, Stopping threads took: 0.0000399 seconds
[2025-06-16T00:39:24.412+0000][1682.090s][915][941][info ] Application time: 1.0001287 seconds
[2025-06-16T00:39:24.413+0000][1682.090s][915][941][info ] Entering safepoint region: Cleanup
[2025-06-16T00:39:24.413+0000][1682.091s][915][941][info ] Leaving safepoint region
[2025-06-16T00:39:24.413+0000][1682.091s][915][941][info ] Total time for which application threads were stopped: 0.0006353 seconds, Stopping threads took: 0.0001531 seconds
[2025-06-16T00:39:24.842+0000][1682.520s][915][940][trace] CMS: promo attempt is safe: available(6912212992) >= av_promo(0), max_promo(860764240)
[2025-06-16T00:39:25.413+0000][1683.091s][915][941][info ] Application time: 1.0001393 seconds
[2025-06-16T00:39:25.413+0000][1683.091s][915][941][info ] Entering safepoint region: Cleanup
[2025-06-16T00:39:25.414+0000][1683.091s][915][941][info ] Leaving safepoint region
[2025-06-16T00:39:25.414+0000][1683.091s][915][941][info ] Total time for which application threads were stopped: 0.0002500 seconds, Stopping threads took: 0.0000525 seconds
[2025-06-16T00:39:26.414+0000][1684.091s][915][941][info ] Application time: 1.0001127 seconds
[2025-06-16T00:39:26.414+0000][1684.091s][915][941][info ] Entering safepoint region: Cleanup
[2025-06-16T00:39:26.414+0000][1684.092s][915][941][info ] Leaving safepoint region
[2025-06-16T00:39:26.414+0000][1684.092s][915][941][info ] Total time for which application threads were stopped: 0.0001795 seconds, Stopping threads took: 0.0000377 seconds
[2025-06-16T00:39:27.414+0000][1685.092s][915][941][info ] Application time: 1.0000872 seconds
[2025-06-16T00:39:27.414+0000][1685.092s][915][941][info ] Entering safepoint region: Cleanup
[2025-06-16T00:39:27.414+0000][1685.092s][915][941][info ] Leaving safepoint region
[2025-06-16T00:39:27.414+0000][1685.092s][915][941][info ] Total time for which application threads were stopped: 0.0001614 seconds, Stopping threads took: 0.0000350 seconds
[2025-06-16T00:39:28.415+0000][1686.092s][915][941][info ] Application time: 1.0001276 seconds
[2025-06-16T00:39:28.415+0000][1686.092s][915][941][info ] Entering safepoint region: Cleanup
[2025-06-16T00:39:28.415+0000][1686.092s][915][941][info ] Leaving safepoint region
[2025-06-16T00:39:28.415+0000][1686.092s][915][941][info ] Total time for which application threads were stopped: 0.0001918 seconds, Stopping threads took: 0.0000414 seconds
[2025-06-16T00:39:29.415+0000][1687.092s][915][941][info ] Application time: 1.0001479 seconds
[2025-06-16T00:39:29.415+0000][1687.093s][915][941][info ] Entering safepoint region: Cleanup
[2025-06-16T00:39:29.415+0000][1687.093s][915][941][info ] Leaving safepoint region
[2025-06-16T00:39:29.415+0000][1687.093s][915][941][info ] Total time for which application threads were stopped: 0.0002028 seconds, Stopping threads took: 0.0000449 seconds
[2025-06-16T00:39:30.415+0000][1688.093s][915][941][info ] Application time: 1.0000918 seconds
[2025-06-16T00:39:30.415+0000][1688.093s][915][941][info ] Entering safepoint region: Cleanup
[2025-06-16T00:39:30.416+0000][1688.093s][915][941][info ] Leaving safepoint region
[2025-06-16T00:39:30.416+0000][1688.093s][915][941][info ] Total time for which application threads were stopped: 0.0002441 seconds, Stopping threads took: 0.0000469 seconds
[2025-06-16T00:39:31.416+0000][1689.093s][915][941][info ] Application time: 1.0001000 seconds
[2025-06-16T00:39:31.416+0000][1689.093s][915][941][info ] Entering safepoint region: Cleanup
[2025-06-16T00:39:31.416+0000][1689.094s][915][941][info ] Leaving safepoint region
[2025-06-16T00:39:31.416+0000][1689.094s][915][941][info ] Total time for which application threads were stopped: 0.0003272 seconds, Stopping threads took: 0.0000665 seconds
[2025-06-16T00:39:32.416+0000][1690.094s][915][941][info ] Application time: 1.0001151 seconds
[2025-06-16T00:39:32.416+0000][1690.094s][915][941][info ] Entering safepoint region: Cleanup
[2025-06-16T00:39:32.417+0000][1690.094s][915][941][info ] Leaving safepoint region
[2025-06-16T00:39:32.417+0000][1690.094s][915][941][info ] Total time for which application threads were stopped: 0.0003120 seconds, Stopping threads took: 0.0000608 seconds
[2025-06-16T00:39:33.417+0000][1691.094s][915][941][info ] Application time: 1.0000670 seconds
[2025-06-16T00:39:33.417+0000][1691.094s][915][941][info ] Entering safepoint region: Cleanup
[2025-06-16T00:39:33.417+0000][1691.095s][915][941][info ] Leaving safepoint region
[2025-06-16T00:39:33.417+0000][1691.095s][915][941][info ] Total time for which application threads were stopped: 0.0001773 seconds, Stopping threads took: 0.0000348 seconds
[2025-06-16T00:39:34.417+0000][1692.095s][915][941][info ] Application time: 1.0000946 seconds
[2025-06-16T00:39:34.417+0000][1692.095s][915][941][info ] Entering safepoint region: Cleanup
[2025-06-16T00:39:34.417+0000][1692.095s][915][941][info ] Leaving safepoint region
[2025-06-16T00:39:34.417+0000][1692.095s][915][941][info ] Total time for which application threads were stopped: 0.0001775 seconds, Stopping threads took: 0.0000420 seconds
[2025-06-16T00:39:34.842+0000][1692.519s][915][940][trace] CMS: promo attempt is safe: available(6912212992) >= av_promo(0), max_promo(860764240)
[2025-06-16T00:39:35.418+0000][1693.095s][915][941][info ] Application time: 1.0001124 seconds
[2025-06-16T00:39:35.418+0000][1693.095s][915][941][info ] Entering safepoint region: Cleanup
[2025-06-16T00:39:35.418+0000][1693.095s][915][941][info ] Leaving safepoint region
[2025-06-16T00:39:35.418+0000][1693.095s][915][941][info ] Total time for which application threads were stopped: 0.0002391 seconds, Stopping threads took: 0.0000425 seconds
[2025-06-16T00:39:36.418+0000][1694.096s][915][941][info ] Application time: 1.0000979 seconds
[2025-06-16T00:39:36.418+0000][1694.096s][915][941][info ] Entering safepoint region: Cleanup
[2025-06-16T00:39:36.418+0000][1694.096s][915][941][info ] Leaving safepoint region
[2025-06-16T00:39:36.418+0000][1694.096s][915][941][info ] Total time for which application threads were stopped: 0.0001801 seconds, Stopping threads took: 0.0000386 seconds
[2025-06-16T00:39:37.418+0000][1695.096s][915][941][info ] Application time: 1.0001004 seconds
[2025-06-16T00:39:37.418+0000][1695.096s][915][941][info ] Entering safepoint region: Cleanup
[2025-06-16T00:39:37.419+0000][1695.096s][915][941][info ] Leaving safepoint region
[2025-06-16T00:39:37.419+0000][1695.096s][915][941][info ] Total time for which application threads were stopped: 0.0001897 seconds, Stopping threads took: 0.0000467 seconds
[2025-06-16T00:39:38.419+0000][1696.096s][915][941][info ] Application time: 1.0001005 seconds
[2025-06-16T00:39:38.419+0000][1696.096s][915][941][info ] Entering safepoint region: Cleanup
[2025-06-16T00:39:38.419+0000][1696.096s][915][941][info ] Leaving safepoint region
[2025-06-16T00:39:38.419+0000][1696.097s][915][941][info ] Total time for which application threads were stopped: 0.0002011 seconds, Stopping threads took: 0.0000396 seconds
[2025-06-16T00:39:39.419+0000][1697.097s][915][941][info ] Application time: 1.0001024 seconds
[2025-06-16T00:39:39.419+0000][1697.097s][915][941][info ] Entering safepoint region: Cleanup
[2025-06-16T00:39:39.419+0000][1697.097s][915][941][info ] Leaving safepoint region
[2025-06-16T00:39:39.419+0000][1697.097s][915][941][info ] Total time for which application threads were stopped: 0.0002271 seconds, Stopping threads took: 0.0000530 seconds
[2025-06-16T00:39:40.420+0000][1698.097s][915][941][info ] Application time: 1.0000890 seconds
[2025-06-16T00:39:40.420+0000][1698.097s][915][941][info ] Entering safepoint region: Cleanup
[2025-06-16T00:39:40.420+0000][1698.097s][915][941][info ] Leaving safepoint region
[2025-06-16T00:39:40.420+0000][1698.097s][915][941][info ] Total time for which application threads were stopped: 0.0001752 seconds, Stopping threads took: 0.0000379 seconds
[2025-06-16T00:39:41.420+0000][1699.097s][915][941][info ] Application time: 1.0000881 seconds
[2025-06-16T00:39:41.420+0000][1699.097s][915][941][info ] Entering safepoint region: Cleanup
[2025-06-16T00:39:41.420+0000][1699.098s][915][941][info ] Leaving safepoint region
[2025-06-16T00:39:41.420+0000][1699.098s][915][941][info ] Total time for which application threads were stopped: 0.0001759 seconds, Stopping threads took: 0.0000381 seconds
[2025-06-16T00:39:42.420+0000][1700.098s][915][941][info ] Application time: 1.0001068 seconds
[2025-06-16T00:39:42.420+0000][1700.098s][915][941][info ] Entering safepoint region: Cleanup
[2025-06-16T00:39:42.421+0000][1700.098s][915][941][info ] Leaving safepoint region
[2025-06-16T00:39:42.421+0000][1700.098s][915][941][info ] Total time for which application threads were stopped: 0.0001823 seconds, Stopping threads took: 0.0000392 seconds
[2025-06-16T00:39:43.421+0000][1701.098s][915][941][info ] Application time: 1.0000961 seconds
[2025-06-16T00:39:43.421+0000][1701.098s][915][941][info ] Entering safepoint region: Cleanup
[2025-06-16T00:39:43.421+0000][1701.098s][915][941][info ] Leaving safepoint region
[2025-06-16T00:39:43.421+0000][1701.098s][915][941][info ] Total time for which application threads were stopped: 0.0001624 seconds, Stopping threads took: 0.0000347 seconds
[2025-06-16T00:39:44.421+0000][1702.099s][915][941][info ] Application time: 1.0001257 seconds
[2025-06-16T00:39:44.421+0000][1702.099s][915][941][info ] Entering safepoint region: Cleanup
[2025-06-16T00:39:44.421+0000][1702.099s][915][941][info ] Leaving safepoint region
[2025-06-16T00:39:44.421+0000][1702.099s][915][941][info ] Total time for which application threads were stopped: 0.0002052 seconds, Stopping threads took: 0.0000463 seconds
[2025-06-16T00:39:44.841+0000][1702.519s][915][940][trace] CMS: promo attempt is safe: available(6912212992) >= av_promo(0), max_promo(860764240)
[2025-06-16T00:39:45.421+0000][1703.099s][915][941][info ] Application time: 1.0001281 seconds
[2025-06-16T00:39:45.422+0000][1703.099s][915][941][info ] Entering safepoint region: Cleanup
[2025-06-16T00:39:45.422+0000][1703.099s][915][941][info ] Leaving safepoint region
[2025-06-16T00:39:45.422+0000][1703.099s][915][941][info ] Total time for which application threads were stopped: 0.0001873 seconds, Stopping threads took: 0.0000415 seconds
[2025-06-16T00:39:46.422+0000][1704.099s][915][941][info ] Application time: 1.0000631 seconds
[2025-06-16T00:39:46.422+0000][1704.099s][915][941][info ] Entering safepoint region: Cleanup
[2025-06-16T00:39:46.422+0000][1704.100s][915][941][info ] Leaving safepoint region
[2025-06-16T00:39:46.422+0000][1704.100s][915][941][info ] Total time for which application threads were stopped: 0.0001743 seconds, Stopping threads took: 0.0000362 seconds
[2025-06-16T00:39:47.422+0000][1705.100s][915][941][info ] Application time: 1.0000651 seconds
[2025-06-16T00:39:47.422+0000][1705.100s][915][941][info ] Entering safepoint region: Cleanup
[2025-06-16T00:39:47.422+0000][1705.100s][915][941][info ] Leaving safepoint region
[2025-06-16T00:39:47.422+0000][1705.100s][915][941][info ] Total time for which application threads were stopped: 0.0001620 seconds, Stopping threads took: 0.0000324 seconds
[2025-06-16T00:39:48.422+0000][1706.100s][915][941][info ] Application time: 1.0000881 seconds
[2025-06-16T00:39:48.423+0000][1706.100s][915][941][info ] Entering safepoint region: Cleanup
[2025-06-16T00:39:48.423+0000][1706.100s][915][941][info ] Leaving safepoint region
[2025-06-16T00:39:48.423+0000][1706.100s][915][941][info ] Total time for which application threads were stopped: 0.0002274 seconds, Stopping threads took: 0.0000501 seconds
[2025-06-16T00:39:49.423+0000][1707.100s][915][941][info ] Application time: 1.0000907 seconds
[2025-06-16T00:39:49.423+0000][1707.100s][915][941][info ] Entering safepoint region: Cleanup
[2025-06-16T00:39:49.423+0000][1707.101s][915][941][info ] Leaving safepoint region
[2025-06-16T00:39:49.423+0000][1707.101s][915][941][info ] Total time for which application threads were stopped: 0.0001789 seconds, Stopping threads took: 0.0000394 seconds
[2025-06-16T00:39:50.423+0000][1708.101s][915][941][info ] Application time: 1.0000877 seconds
[2025-06-16T00:39:50.423+0000][1708.101s][915][941][info ] Entering safepoint region: Cleanup
[2025-06-16T00:39:50.423+0000][1708.101s][915][941][info ] Leaving safepoint region
[2025-06-16T00:39:50.424+0000][1708.101s][915][941][info ] Total time for which application threads were stopped: 0.0002325 seconds, Stopping threads took: 0.0000524 seconds
[2025-06-16T00:39:51.424+0000][1709.101s][915][941][info ] Application time: 1.0000929 seconds
[2025-06-16T00:39:51.424+0000][1709.101s][915][941][info ] Entering safepoint region: Cleanup
[2025-06-16T00:39:51.424+0000][1709.101s][915][941][info ] Leaving safepoint region
[2025-06-16T00:39:51.424+0000][1709.101s][915][941][info ] Total time for which application threads were stopped: 0.0001893 seconds, Stopping threads took: 0.0000410 seconds
[2025-06-16T00:39:52.424+0000][1710.101s][915][941][info ] Application time: 1.0000806 seconds
[2025-06-16T00:39:52.424+0000][1710.102s][915][941][info ] Entering safepoint region: Cleanup
[2025-06-16T00:39:52.424+0000][1710.102s][915][941][info ] Leaving safepoint region
[2025-06-16T00:39:52.424+0000][1710.102s][915][941][info ] Total time for which application threads were stopped: 0.0001849 seconds, Stopping threads took: 0.0000382 seconds
[2025-06-16T00:39:53.424+0000][1711.102s][915][941][info ] Application time: 1.0001007 seconds
[2025-06-16T00:39:53.424+0000][1711.102s][915][941][info ] Entering safepoint region: Cleanup
[2025-06-16T00:39:53.425+0000][1711.102s][915][941][info ] Leaving safepoint region
[2025-06-16T00:39:53.425+0000][1711.102s][915][941][info ] Total time for which application threads were stopped: 0.0001676 seconds, Stopping threads took: 0.0000356 seconds
[2025-06-16T00:39:54.425+0000][1712.102s][915][941][info ] Application time: 1.0000891 seconds
[2025-06-16T00:39:54.425+0000][1712.102s][915][941][info ] Entering safepoint region: Cleanup
[2025-06-16T00:39:54.425+0000][1712.102s][915][941][info ] Leaving safepoint region
[2025-06-16T00:39:54.425+0000][1712.102s][915][941][info ] Total time for which application threads were stopped: 0.0001851 seconds, Stopping threads took: 0.0000355 seconds
[2025-06-16T00:39:54.841+0000][1712.519s][915][940][trace] CMS: promo attempt is safe: available(6912212992) >= av_promo(0), max_promo(874187048)
[2025-06-16T00:39:55.425+0000][1713.103s][915][941][info ] Application time: 1.0000924 seconds
[2025-06-16T00:39:55.425+0000][1713.103s][915][941][info ] Entering safepoint region: Cleanup
[2025-06-16T00:39:55.425+0000][1713.103s][915][941][info ] Leaving safepoint region
[2025-06-16T00:39:55.425+0000][1713.103s][915][941][info ] Total time for which application threads were stopped: 0.0001571 seconds, Stopping threads took: 0.0000327 seconds
[2025-06-16T00:39:56.425+0000][1714.103s][915][941][info ] Application time: 1.0000985 seconds
[2025-06-16T00:39:56.425+0000][1714.103s][915][941][info ] Entering safepoint region: Cleanup
[2025-06-16T00:39:56.426+0000][1714.103s][915][941][info ] Leaving safepoint region
[2025-06-16T00:39:56.426+0000][1714.103s][915][941][info ] Total time for which application threads were stopped: 0.0002270 seconds, Stopping threads took: 0.0000433 seconds
[2025-06-16T00:39:57.426+0000][1715.103s][915][941][info ] Application time: 1.0001007 seconds
[2025-06-16T00:39:57.426+0000][1715.103s][915][941][info ] Entering safepoint region: Cleanup
[2025-06-16T00:39:57.426+0000][1715.104s][915][941][info ] Leaving safepoint region
[2025-06-16T00:39:57.426+0000][1715.104s][915][941][info ] Total time for which application threads were stopped: 0.0001953 seconds, Stopping threads took: 0.0000412 seconds
[2025-06-16T00:39:58.426+0000][1716.104s][915][941][info ] Application time: 1.0001049 seconds
[2025-06-16T00:39:58.426+0000][1716.104s][915][941][info ] Entering safepoint region: Cleanup
[2025-06-16T00:39:58.427+0000][1716.104s][915][941][info ] Leaving safepoint region
[2025-06-16T00:39:58.427+0000][1716.104s][915][941][info ] Total time for which application threads were stopped: 0.0003275 seconds, Stopping threads took: 0.0000685 seconds
[2025-06-16T00:39:59.427+0000][1717.104s][915][941][info ] Application time: 1.0001064 seconds
[2025-06-16T00:39:59.427+0000][1717.104s][915][941][info ] Entering safepoint region: Cleanup
[2025-06-16T00:39:59.427+0000][1717.104s][915][941][info ] Leaving safepoint region
[2025-06-16T00:39:59.427+0000][1717.104s][915][941][info ] Total time for which application threads were stopped: 0.0001665 seconds, Stopping threads took: 0.0000367 seconds
[2025-06-16T00:40:00.427+0000][1718.105s][915][941][info ] Application time: 1.0000894 seconds
[2025-06-16T00:40:00.427+0000][1718.105s][915][941][info ] Entering safepoint region: Cleanup
[2025-06-16T00:40:00.427+0000][1718.105s][915][941][info ] Leaving safepoint region
[2025-06-16T00:40:00.427+0000][1718.105s][915][941][info ] Total time for which application threads were stopped: 0.0001820 seconds, Stopping threads took: 0.0000377 seconds
[2025-06-16T00:40:01.427+0000][1719.105s][915][941][info ] Application time: 1.0000884 seconds
[2025-06-16T00:40:01.428+0000][1719.105s][915][941][info ] Entering safepoint region: Cleanup
[2025-06-16T00:40:01.428+0000][1719.105s][915][941][info ] Leaving safepoint region
[2025-06-16T00:40:01.428+0000][1719.105s][915][941][info ] Total time for which application threads were stopped: 0.0001638 seconds, Stopping threads took: 0.0000354 seconds
[2025-06-16T00:40:02.428+0000][1720.105s][915][941][info ] Application time: 1.0000991 seconds
[2025-06-16T00:40:02.428+0000][1720.105s][915][941][info ] Entering safepoint region: Cleanup
[2025-06-16T00:40:02.428+0000][1720.106s][915][941][info ] Leaving safepoint region
[2025-06-16T00:40:02.428+0000][1720.106s][915][941][info ] Total time for which application threads were stopped: 0.0001707 seconds, Stopping threads took: 0.0000358 seconds
[2025-06-16T00:40:03.428+0000][1721.106s][915][941][info ] Application time: 1.0001003 seconds
[2025-06-16T00:40:03.428+0000][1721.106s][915][941][info ] Entering safepoint region: Cleanup
[2025-06-16T00:40:03.428+0000][1721.106s][915][941][info ] Leaving safepoint region
[2025-06-16T00:40:03.428+0000][1721.106s][915][941][info ] Total time for which application threads were stopped: 0.0001982 seconds, Stopping threads took: 0.0000459 seconds
[2025-06-16T00:40:04.429+0000][1722.106s][915][941][info ] Application time: 1.0000945 seconds
[2025-06-16T00:40:04.429+0000][1722.106s][915][941][info ] Entering safepoint region: Cleanup
[2025-06-16T00:40:04.429+0000][1722.106s][915][941][info ] Leaving safepoint region
[2025-06-16T00:40:04.429+0000][1722.106s][915][941][info ] Total time for which application threads were stopped: 0.0002274 seconds, Stopping threads took: 0.0000523 seconds
[2025-06-16T00:40:04.841+0000][1722.519s][915][940][trace] CMS: promo attempt is safe: available(6912212992) >= av_promo(0), max_promo(874187048)
[2025-06-16T00:40:05.429+0000][1723.107s][915][941][info ] Application time: 1.0000894 seconds
[2025-06-16T00:40:05.429+0000][1723.107s][915][941][info ] Entering safepoint region: Cleanup
[2025-06-16T00:40:05.429+0000][1723.107s][915][941][info ] Leaving safepoint region
[2025-06-16T00:40:05.429+0000][1723.107s][915][941][info ] Total time for which application threads were stopped: 0.0001749 seconds, Stopping threads took: 0.0000342 seconds
[2025-06-16T00:40:06.429+0000][1724.107s][915][941][info ] Application time: 1.0000936 seconds
[2025-06-16T00:40:06.429+0000][1724.107s][915][941][info ] Entering safepoint region: Cleanup
[2025-06-16T00:40:06.430+0000][1724.107s][915][941][info ] Leaving safepoint region
[2025-06-16T00:40:06.430+0000][1724.107s][915][941][info ] Total time for which application threads were stopped: 0.0002024 seconds, Stopping threads took: 0.0000420 seconds
[2025-06-16T00:40:07.430+0000][1725.107s][915][941][info ] Application time: 1.0000590 seconds
[2025-06-16T00:40:07.430+0000][1725.107s][915][941][info ] Entering safepoint region: Cleanup
[2025-06-16T00:40:07.430+0000][1725.108s][915][941][info ] Leaving safepoint region
[2025-06-16T00:40:07.430+0000][1725.108s][915][941][info ] Total time for which application threads were stopped: 0.0002569 seconds, Stopping threads took: 0.0000480 seconds
[2025-06-16T00:40:08.430+0000][1726.108s][915][941][info ] Application time: 1.0000886 seconds
[2025-06-16T00:40:08.430+0000][1726.108s][915][941][info ] Entering safepoint region: Cleanup
[2025-06-16T00:40:08.430+0000][1726.108s][915][941][info ] Leaving safepoint region
[2025-06-16T00:40:08.431+0000][1726.108s][915][941][info ] Total time for which application threads were stopped: 0.0002416 seconds, Stopping threads took: 0.0000729 seconds
[2025-06-16T00:40:09.431+0000][1727.108s][915][941][info ] Application time: 1.0001527 seconds
[2025-06-16T00:40:09.431+0000][1727.108s][915][941][info ] Entering safepoint region: Cleanup
[2025-06-16T00:40:09.431+0000][1727.109s][915][941][info ] Leaving safepoint region
[2025-06-16T00:40:09.431+0000][1727.109s][915][941][info ] Total time for which application threads were stopped: 0.0003888 seconds, Stopping threads took: 0.0000802 seconds
[2025-06-16T00:40:10.431+0000][1728.109s][915][941][info ] Application time: 1.0001547 seconds
[2025-06-16T00:40:10.431+0000][1728.109s][915][941][info ] Entering safepoint region: Cleanup
[2025-06-16T00:40:10.432+0000][1728.109s][915][941][info ] Leaving safepoint region
[2025-06-16T00:40:10.432+0000][1728.109s][915][941][info ] Total time for which application threads were stopped: 0.0001980 seconds, Stopping threads took: 0.0000437 seconds
[2025-06-16T00:40:11.432+0000][1729.109s][915][941][info ] Application time: 1.0001209 seconds
[2025-06-16T00:40:11.432+0000][1729.109s][915][941][info ] Entering safepoint region: Cleanup
[2025-06-16T00:40:11.432+0000][1729.110s][915][941][info ] Leaving safepoint region
[2025-06-16T00:40:11.432+0000][1729.110s][915][941][info ] Total time for which application threads were stopped: 0.0001750 seconds, Stopping threads took: 0.0000369 seconds
[2025-06-16T00:40:12.432+0000][1730.110s][915][941][info ] Application time: 1.0001028 seconds
[2025-06-16T00:40:12.432+0000][1730.110s][915][941][info ] Entering safepoint region: Cleanup
[2025-06-16T00:40:12.432+0000][1730.110s][915][941][info ] Leaving safepoint region
[2025-06-16T00:40:12.432+0000][1730.110s][915][941][info ] Total time for which application threads were stopped: 0.0001679 seconds, Stopping threads took: 0.0000340 seconds
[2025-06-16T00:40:13.433+0000][1731.110s][915][941][info ] Application time: 1.0000986 seconds
[2025-06-16T00:40:13.433+0000][1731.110s][915][941][info ] Entering safepoint region: Cleanup
[2025-06-16T00:40:13.433+0000][1731.110s][915][941][info ] Leaving safepoint region
[2025-06-16T00:40:13.433+0000][1731.110s][915][941][info ] Total time for which application threads were stopped: 0.0001612 seconds, Stopping threads took: 0.0000349 seconds
[2025-06-16T00:40:14.433+0000][1732.110s][915][941][info ] Application time: 1.0001186 seconds
[2025-06-16T00:40:14.433+0000][1732.110s][915][941][info ] Entering safepoint region: Cleanup
[2025-06-16T00:40:14.433+0000][1732.111s][915][941][info ] Leaving safepoint region
[2025-06-16T00:40:14.433+0000][1732.111s][915][941][info ] Total time for which application threads were stopped: 0.0001766 seconds, Stopping threads took: 0.0000381 seconds
[2025-06-16T00:40:14.840+0000][1732.518s][915][940][trace] CMS: promo attempt is safe: available(6912212992) >= av_promo(0), max_promo(874187048)
[2025-06-16T00:40:15.433+0000][1733.111s][915][941][info ] Application time: 1.0000858 seconds
[2025-06-16T00:40:15.433+0000][1733.111s][915][941][info ] Entering safepoint region: Cleanup
[2025-06-16T00:40:15.433+0000][1733.111s][915][941][info ] Leaving safepoint region
[2025-06-16T00:40:15.433+0000][1733.111s][915][941][info ] Total time for which application threads were stopped: 0.0001636 seconds, Stopping threads took: 0.0000390 seconds
[2025-06-16T00:40:16.434+0000][1734.111s][915][941][info ] Application time: 1.0000923 seconds
[2025-06-16T00:40:16.434+0000][1734.111s][915][941][info ] Entering safepoint region: Cleanup
[2025-06-16T00:40:16.434+0000][1734.111s][915][941][info ] Leaving safepoint region
[2025-06-16T00:40:16.434+0000][1734.111s][915][941][info ] Total time for which application threads were stopped: 0.0001841 seconds, Stopping threads took: 0.0000321 seconds
[2025-06-16T00:40:17.434+0000][1735.112s][915][941][info ] Application time: 1.0001695 seconds
[2025-06-16T00:40:17.434+0000][1735.112s][915][941][info ] Entering safepoint region: Cleanup
[2025-06-16T00:40:17.434+0000][1735.112s][915][941][info ] Leaving safepoint region
[2025-06-16T00:40:17.434+0000][1735.112s][915][941][info ] Total time for which application threads were stopped: 0.0002434 seconds, Stopping threads took: 0.0000501 seconds
[2025-06-16T00:40:18.434+0000][1736.112s][915][941][info ] Application time: 1.0001017 seconds
[2025-06-16T00:40:18.435+0000][1736.112s][915][941][info ] Entering safepoint region: Cleanup
[2025-06-16T00:40:18.435+0000][1736.112s][915][941][info ] Leaving safepoint region
[2025-06-16T00:40:18.435+0000][1736.112s][915][941][info ] Total time for which application threads were stopped: 0.0001840 seconds, Stopping threads took: 0.0000424 seconds
[2025-06-16T00:40:19.435+0000][1737.112s][915][941][info ] Application time: 1.0001041 seconds
[2025-06-16T00:40:19.435+0000][1737.112s][915][941][info ] Entering safepoint region: Cleanup
[2025-06-16T00:40:19.435+0000][1737.113s][915][941][info ] Leaving safepoint region
[2025-06-16T00:40:19.435+0000][1737.113s][915][941][info ] Total time for which application threads were stopped: 0.0001799 seconds, Stopping threads took: 0.0000385 seconds
[2025-06-16T00:40:20.435+0000][1738.113s][915][941][info ] Application time: 1.0001031 seconds
[2025-06-16T00:40:20.435+0000][1738.113s][915][941][info ] Entering safepoint region: Cleanup
[2025-06-16T00:40:20.435+0000][1738.113s][915][941][info ] Leaving safepoint region
[2025-06-16T00:40:20.436+0000][1738.113s][915][941][info ] Total time for which application threads were stopped: 0.0001842 seconds, Stopping threads took: 0.0000420 seconds
[2025-06-16T00:40:21.436+0000][1739.113s][915][941][info ] Application time: 1.0001041 seconds
[2025-06-16T00:40:21.436+0000][1739.113s][915][941][info ] Entering safepoint region: Cleanup
[2025-06-16T00:40:21.436+0000][1739.113s][915][941][info ] Leaving safepoint region
[2025-06-16T00:40:21.436+0000][1739.113s][915][941][info ] Total time for which application threads were stopped: 0.0001876 seconds, Stopping threads took: 0.0000428 seconds
[2025-06-16T00:40:22.436+0000][1740.114s][915][941][info ] Application time: 1.0000930 seconds
[2025-06-16T00:40:22.436+0000][1740.114s][915][941][info ] Entering safepoint region: Cleanup
[2025-06-16T00:40:22.436+0000][1740.114s][915][941][info ] Leaving safepoint region
[2025-06-16T00:40:22.436+0000][1740.114s][915][941][info ] Total time for which application threads were stopped: 0.0001680 seconds, Stopping threads took: 0.0000353 seconds
[2025-06-16T00:40:23.436+0000][1741.114s][915][941][info ] Application time: 1.0001030 seconds
[2025-06-16T00:40:23.436+0000][1741.114s][915][941][info ] Entering safepoint region: Cleanup
[2025-06-16T00:40:23.437+0000][1741.114s][915][941][info ] Leaving safepoint region
[2025-06-16T00:40:23.437+0000][1741.114s][915][941][info ] Total time for which application threads were stopped: 0.0002006 seconds, Stopping threads took: 0.0000427 seconds
[2025-06-16T00:40:24.437+0000][1742.114s][915][941][info ] Application time: 1.0000982 seconds
[2025-06-16T00:40:24.437+0000][1742.114s][915][941][info ] Entering safepoint region: Cleanup
[2025-06-16T00:40:24.437+0000][1742.115s][915][941][info ] Leaving safepoint region
[2025-06-16T00:40:24.437+0000][1742.115s][915][941][info ] Total time for which application threads were stopped: 0.0001898 seconds, Stopping threads took: 0.0000414 seconds
[2025-06-16T00:40:24.840+0000][1742.518s][915][940][trace] CMS: promo attempt is safe: available(6912212992) >= av_promo(0), max_promo(874187048)
[2025-06-16T00:40:25.437+0000][1743.115s][915][941][info ] Application time: 1.0001116 seconds
[2025-06-16T00:40:25.437+0000][1743.115s][915][941][info ] Entering safepoint region: Cleanup
[2025-06-16T00:40:25.437+0000][1743.115s][915][941][info ] Leaving safepoint region
[2025-06-16T00:40:25.437+0000][1743.115s][915][941][info ] Total time for which application threads were stopped: 0.0002026 seconds, Stopping threads took: 0.0000500 seconds
[2025-06-16T00:40:26.438+0000][1744.115s][915][941][info ] Application time: 1.0000918 seconds
[2025-06-16T00:40:26.438+0000][1744.115s][915][941][info ] Entering safepoint region: Cleanup
[2025-06-16T00:40:26.438+0000][1744.115s][915][941][info ] Leaving safepoint region
[2025-06-16T00:40:26.438+0000][1744.115s][915][941][info ] Total time for which application threads were stopped: 0.0002026 seconds, Stopping threads took: 0.0000359 seconds
[2025-06-16T00:40:27.439+0000][1745.116s][915][941][info ] Application time: 1.0010614 seconds
[2025-06-16T00:40:27.439+0000][1745.117s][915][941][info ] Entering safepoint region: Cleanup
[2025-06-16T00:40:27.439+0000][1745.117s][915][941][info ] Leaving safepoint region
[2025-06-16T00:40:27.439+0000][1745.117s][915][941][info ] Total time for which application threads were stopped: 0.0001822 seconds, Stopping threads took: 0.0000392 seconds
[2025-06-16T00:40:28.439+0000][1746.117s][915][941][info ] Application time: 1.0001111 seconds
[2025-06-16T00:40:28.439+0000][1746.117s][915][941][info ] Entering safepoint region: Cleanup
[2025-06-16T00:40:28.440+0000][1746.117s][915][941][info ] Leaving safepoint region
[2025-06-16T00:40:28.440+0000][1746.117s][915][941][info ] Total time for which application threads were stopped: 0.0001878 seconds, Stopping threads took: 0.0000422 seconds
[2025-06-16T00:40:29.440+0000][1747.117s][915][941][info ] Application time: 1.0000957 seconds
[2025-06-16T00:40:29.440+0000][1747.117s][915][941][info ] Entering safepoint region: Cleanup
[2025-06-16T00:40:29.440+0000][1747.117s][915][941][info ] Leaving safepoint region
[2025-06-16T00:40:29.440+0000][1747.117s][915][941][info ] Total time for which application threads were stopped: 0.0001911 seconds, Stopping threads took: 0.0000408 seconds
[2025-06-16T00:40:30.440+0000][1748.118s][915][941][info ] Application time: 1.0001287 seconds
[2025-06-16T00:40:30.440+0000][1748.118s][915][941][info ] Entering safepoint region: Cleanup
[2025-06-16T00:40:30.440+0000][1748.118s][915][941][info ] Leaving safepoint region
[2025-06-16T00:40:30.440+0000][1748.118s][915][941][info ] Total time for which application threads were stopped: 0.0002033 seconds, Stopping threads took: 0.0000449 seconds
[2025-06-16T00:40:31.441+0000][1749.118s][915][941][info ] Application time: 1.0000989 seconds
[2025-06-16T00:40:31.441+0000][1749.118s][915][941][info ] Entering safepoint region: Cleanup
[2025-06-16T00:40:31.441+0000][1749.118s][915][941][info ] Leaving safepoint region
[2025-06-16T00:40:31.441+0000][1749.118s][915][941][info ] Total time for which application threads were stopped: 0.0001941 seconds, Stopping threads took: 0.0000415 seconds
[2025-06-16T00:40:32.441+0000][1750.118s][915][941][info ] Application time: 1.0000956 seconds
[2025-06-16T00:40:32.441+0000][1750.119s][915][941][info ] Entering safepoint region: Cleanup
[2025-06-16T00:40:32.441+0000][1750.119s][915][941][info ] Leaving safepoint region
[2025-06-16T00:40:32.441+0000][1750.119s][915][941][info ] Total time for which application threads were stopped: 0.0002305 seconds, Stopping threads took: 0.0000447 seconds
[2025-06-16T00:40:33.441+0000][1751.119s][915][941][info ] Application time: 1.0001050 seconds
[2025-06-16T00:40:33.442+0000][1751.119s][915][941][info ] Entering safepoint region: Cleanup
[2025-06-16T00:40:33.442+0000][1751.119s][915][941][info ] Leaving safepoint region
[2025-06-16T00:40:33.442+0000][1751.119s][915][941][info ] Total time for which application threads were stopped: 0.0002053 seconds, Stopping threads took: 0.0000453 seconds
[2025-06-16T00:40:34.442+0000][1752.119s][915][941][info ] Application time: 1.0001107 seconds
[2025-06-16T00:40:34.442+0000][1752.119s][915][941][info ] Entering safepoint region: Cleanup
[2025-06-16T00:40:34.442+0000][1752.120s][915][941][info ] Leaving safepoint region
[2025-06-16T00:40:34.442+0000][1752.120s][915][941][info ] Total time for which application threads were stopped: 0.0002202 seconds, Stopping threads took: 0.0000481 seconds
[2025-06-16T00:40:34.839+0000][1752.517s][915][940][trace] CMS: promo attempt is safe: available(6912212992) >= av_promo(0), max_promo(874187048)
[2025-06-16T00:40:35.442+0000][1753.120s][915][941][info ] Application time: 1.0000934 seconds
[2025-06-16T00:40:35.442+0000][1753.120s][915][941][info ] Entering safepoint region: Cleanup
[2025-06-16T00:40:35.443+0000][1753.120s][915][941][info ] Leaving safepoint region
[2025-06-16T00:40:35.443+0000][1753.120s][915][941][info ] Total time for which application threads were stopped: 0.0001992 seconds, Stopping threads took: 0.0000435 seconds
[2025-06-16T00:40:36.443+0000][1754.120s][915][941][info ] Application time: 1.0001463 seconds
[2025-06-16T00:40:36.443+0000][1754.120s][915][941][info ] Entering safepoint region: Cleanup
[2025-06-16T00:40:36.443+0000][1754.121s][915][941][info ] Leaving safepoint region
[2025-06-16T00:40:36.443+0000][1754.121s][915][941][info ] Total time for which application threads were stopped: 0.0004673 seconds, Stopping threads took: 0.0000923 seconds
[2025-06-16T00:40:37.444+0000][1755.121s][915][941][info ] Application time: 1.0001434 seconds
[2025-06-16T00:40:37.444+0000][1755.121s][915][941][info ] Entering safepoint region: Cleanup
[2025-06-16T00:40:37.444+0000][1755.121s][915][941][info ] Leaving safepoint region
[2025-06-16T00:40:37.444+0000][1755.121s][915][941][info ] Total time for which application threads were stopped: 0.0001785 seconds, Stopping threads took: 0.0000397 seconds
[2025-06-16T00:40:38.444+0000][1756.121s][915][941][info ] Application time: 1.0001094 seconds
[2025-06-16T00:40:38.444+0000][1756.122s][915][941][info ] Entering safepoint region: Cleanup
[2025-06-16T00:40:38.444+0000][1756.122s][915][941][info ] Leaving safepoint region
[2025-06-16T00:40:38.444+0000][1756.122s][915][941][info ] Total time for which application threads were stopped: 0.0002036 seconds, Stopping threads took: 0.0000421 seconds
[2025-06-16T00:40:39.444+0000][1757.122s][915][941][info ] Application time: 1.0001025 seconds
[2025-06-16T00:40:39.444+0000][1757.122s][915][941][info ] Entering safepoint region: Cleanup
[2025-06-16T00:40:39.445+0000][1757.122s][915][941][info ] Leaving safepoint region
[2025-06-16T00:40:39.445+0000][1757.122s][915][941][info ] Total time for which application threads were stopped: 0.0001904 seconds, Stopping threads took: 0.0000368 seconds
[2025-06-16T00:40:40.445+0000][1758.122s][915][941][info ] Application time: 1.0000878 seconds
[2025-06-16T00:40:40.445+0000][1758.122s][915][941][info ] Entering safepoint region: Cleanup
[2025-06-16T00:40:40.445+0000][1758.122s][915][941][info ] Leaving safepoint region
[2025-06-16T00:40:40.445+0000][1758.123s][915][941][info ] Total time for which application threads were stopped: 0.0002309 seconds, Stopping threads took: 0.0000395 seconds
[2025-06-16T00:40:41.445+0000][1759.123s][915][941][info ] Application time: 1.0001038 seconds
[2025-06-16T00:40:41.445+0000][1759.123s][915][941][info ] Entering safepoint region: Cleanup
[2025-06-16T00:40:41.445+0000][1759.123s][915][941][info ] Leaving safepoint region
[2025-06-16T00:40:41.445+0000][1759.123s][915][941][info ] Total time for which application threads were stopped: 0.0001729 seconds, Stopping threads took: 0.0000384 seconds
[2025-06-16T00:40:42.445+0000][1760.123s][915][941][info ] Application time: 1.0000976 seconds
[2025-06-16T00:40:42.446+0000][1760.123s][915][941][info ] Entering safepoint region: Cleanup
[2025-06-16T00:40:42.446+0000][1760.123s][915][941][info ] Leaving safepoint region
[2025-06-16T00:40:42.446+0000][1760.123s][915][941][info ] Total time for which application threads were stopped: 0.0002244 seconds, Stopping threads took: 0.0000369 seconds
[2025-06-16T00:40:43.446+0000][1761.123s][915][941][info ] Application time: 1.0000929 seconds
[2025-06-16T00:40:43.446+0000][1761.124s][915][941][info ] Entering safepoint region: Cleanup
[2025-06-16T00:40:43.446+0000][1761.124s][915][941][info ] Leaving safepoint region
[2025-06-16T00:40:43.446+0000][1761.124s][915][941][info ] Total time for which application threads were stopped: 0.0001945 seconds, Stopping threads took: 0.0000433 seconds
[2025-06-16T00:40:44.446+0000][1762.124s][915][941][info ] Application time: 1.0000974 seconds
[2025-06-16T00:40:44.446+0000][1762.124s][915][941][info ] Entering safepoint region: Cleanup
[2025-06-16T00:40:44.447+0000][1762.124s][915][941][info ] Leaving safepoint region
[2025-06-16T00:40:44.447+0000][1762.124s][915][941][info ] Total time for which application threads were stopped: 0.0001795 seconds, Stopping threads took: 0.0000390 seconds
[2025-06-16T00:40:44.839+0000][1762.516s][915][940][trace] CMS: promo attempt is safe: available(6912212992) >= av_promo(0), max_promo(874187048)
[2025-06-16T00:40:45.447+0000][1763.124s][915][941][info ] Application time: 1.0001033 seconds
[2025-06-16T00:40:45.447+0000][1763.124s][915][941][info ] Entering safepoint region: Cleanup
[2025-06-16T00:40:45.447+0000][1763.124s][915][941][info ] Leaving safepoint region
[2025-06-16T00:40:45.447+0000][1763.124s][915][941][info ] Total time for which application threads were stopped: 0.0001755 seconds, Stopping threads took: 0.0000385 seconds
[2025-06-16T00:40:46.447+0000][1764.125s][915][941][info ] Application time: 1.0000965 seconds
[2025-06-16T00:40:46.447+0000][1764.125s][915][941][info ] Entering safepoint region: Cleanup
[2025-06-16T00:40:46.447+0000][1764.125s][915][941][info ] Leaving safepoint region
[2025-06-16T00:40:46.447+0000][1764.125s][915][941][info ] Total time for which application threads were stopped: 0.0001827 seconds, Stopping threads took: 0.0000417 seconds
[2025-06-16T00:40:47.447+0000][1765.125s][915][941][info ] Application time: 1.0000929 seconds
[2025-06-16T00:40:47.448+0000][1765.125s][915][941][info ] Entering safepoint region: Cleanup
[2025-06-16T00:40:47.448+0000][1765.125s][915][941][info ] Leaving safepoint region
[2025-06-16T00:40:47.448+0000][1765.125s][915][941][info ] Total time for which application threads were stopped: 0.0001864 seconds, Stopping threads took: 0.0000398 seconds
[2025-06-16T00:40:48.448+0000][1766.125s][915][941][info ] Application time: 1.0000982 seconds
[2025-06-16T00:40:48.448+0000][1766.125s][915][941][info ] Entering safepoint region: Cleanup
[2025-06-16T00:40:48.448+0000][1766.126s][915][941][info ] Leaving safepoint region
[2025-06-16T00:40:48.448+0000][1766.126s][915][941][info ] Total time for which application threads were stopped: 0.0002215 seconds, Stopping threads took: 0.0000637 seconds
[2025-06-16T00:40:49.448+0000][1767.126s][915][941][info ] Application time: 1.0000886 seconds
[2025-06-16T00:40:49.448+0000][1767.126s][915][941][info ] Entering safepoint region: Cleanup
[2025-06-16T00:40:49.448+0000][1767.126s][915][941][info ] Leaving safepoint region
[2025-06-16T00:40:49.448+0000][1767.126s][915][941][info ] Total time for which application threads were stopped: 0.0001812 seconds, Stopping threads took: 0.0000330 seconds
[2025-06-16T00:40:50.449+0000][1768.126s][915][941][info ] Application time: 1.0001120 seconds
[2025-06-16T00:40:50.449+0000][1768.126s][915][941][info ] Entering safepoint region: Cleanup
[2025-06-16T00:40:50.449+0000][1768.126s][915][941][info ] Leaving safepoint region
[2025-06-16T00:40:50.449+0000][1768.126s][915][941][info ] Total time for which application threads were stopped: 0.0002050 seconds, Stopping threads took: 0.0000457 seconds
[2025-06-16T00:40:51.449+0000][1769.126s][915][941][info ] Application time: 1.0000987 seconds
[2025-06-16T00:40:51.449+0000][1769.127s][915][941][info ] Entering safepoint region: Cleanup
[2025-06-16T00:40:51.449+0000][1769.127s][915][941][info ] Leaving safepoint region
[2025-06-16T00:40:51.449+0000][1769.127s][915][941][info ] Total time for which application threads were stopped: 0.0001817 seconds, Stopping threads took: 0.0000376 seconds
[2025-06-16T00:40:52.449+0000][1770.127s][915][941][info ] Application time: 1.0001101 seconds
[2025-06-16T00:40:52.449+0000][1770.127s][915][941][info ] Entering safepoint region: Cleanup
[2025-06-16T00:40:52.450+0000][1770.127s][915][941][info ] Leaving safepoint region
[2025-06-16T00:40:52.450+0000][1770.127s][915][941][info ] Total time for which application threads were stopped: 0.0002050 seconds, Stopping threads took: 0.0000387 seconds
[2025-06-16T00:40:53.450+0000][1771.127s][915][941][info ] Application time: 1.0001125 seconds
[2025-06-16T00:40:53.450+0000][1771.127s][915][941][info ] Entering safepoint region: Cleanup
[2025-06-16T00:40:53.450+0000][1771.128s][915][941][info ] Leaving safepoint region
[2025-06-16T00:40:53.450+0000][1771.128s][915][941][info ] Total time for which application threads were stopped: 0.0001874 seconds, Stopping threads took: 0.0000387 seconds
[2025-06-16T00:40:54.450+0000][1772.128s][915][941][info ] Application time: 1.0000933 seconds
[2025-06-16T00:40:54.450+0000][1772.128s][915][941][info ] Entering safepoint region: Cleanup
[2025-06-16T00:40:54.450+0000][1772.128s][915][941][info ] Leaving safepoint region
[2025-06-16T00:40:54.450+0000][1772.128s][915][941][info ] Total time for which application threads were stopped: 0.0002032 seconds, Stopping threads took: 0.0000429 seconds
[2025-06-16T00:40:54.839+0000][1772.516s][915][940][trace] CMS: promo attempt is safe: available(6912212992) >= av_promo(0), max_promo(874187048)
[2025-06-16T00:40:55.451+0000][1773.128s][915][941][info ] Application time: 1.0000955 seconds
[2025-06-16T00:40:55.451+0000][1773.128s][915][941][info ] Entering safepoint region: Cleanup
[2025-06-16T00:40:55.451+0000][1773.128s][915][941][info ] Leaving safepoint region
[2025-06-16T00:40:55.451+0000][1773.128s][915][941][info ] Total time for which application threads were stopped: 0.0001858 seconds, Stopping threads took: 0.0000398 seconds
[2025-06-16T00:40:56.451+0000][1774.128s][915][941][info ] Application time: 1.0001089 seconds
[2025-06-16T00:40:56.451+0000][1774.129s][915][941][info ] Entering safepoint region: Cleanup
[2025-06-16T00:40:56.451+0000][1774.129s][915][941][info ] Leaving safepoint region
[2025-06-16T00:40:56.451+0000][1774.129s][915][941][info ] Total time for which application threads were stopped: 0.0001959 seconds, Stopping threads took: 0.0000437 seconds
[2025-06-16T00:40:57.451+0000][1775.129s][915][941][info ] Application time: 1.0001161 seconds
[2025-06-16T00:40:57.451+0000][1775.129s][915][941][info ] Entering safepoint region: Cleanup
[2025-06-16T00:40:57.452+0000][1775.129s][915][941][info ] Leaving safepoint region
[2025-06-16T00:40:57.452+0000][1775.129s][915][941][info ] Total time for which application threads were stopped: 0.0002060 seconds, Stopping threads took: 0.0000419 seconds
[2025-06-16T00:40:58.452+0000][1776.129s][915][941][info ] Application time: 1.0001084 seconds
[2025-06-16T00:40:58.452+0000][1776.129s][915][941][info ] Entering safepoint region: Cleanup
[2025-06-16T00:40:58.452+0000][1776.130s][915][941][info ] Leaving safepoint region
[2025-06-16T00:40:58.452+0000][1776.130s][915][941][info ] Total time for which application threads were stopped: 0.0001934 seconds, Stopping threads took: 0.0000435 seconds
[2025-06-16T00:40:59.452+0000][1777.130s][915][941][info ] Application time: 1.0001004 seconds
[2025-06-16T00:40:59.452+0000][1777.130s][915][941][info ] Entering safepoint region: Cleanup
[2025-06-16T00:40:59.452+0000][1777.130s][915][941][info ] Leaving safepoint region
[2025-06-16T00:40:59.452+0000][1777.130s][915][941][info ] Total time for which application threads were stopped: 0.0002096 seconds, Stopping threads took: 0.0000392 seconds
[2025-06-16T00:41:00.453+0000][1778.130s][915][941][info ] Application time: 1.0001152 seconds
[2025-06-16T00:41:00.453+0000][1778.130s][915][941][info ] Entering safepoint region: Cleanup
[2025-06-16T00:41:00.453+0000][1778.130s][915][941][info ] Leaving safepoint region
[2025-06-16T00:41:00.453+0000][1778.130s][915][941][info ] Total time for which application threads were stopped: 0.0001917 seconds, Stopping threads took: 0.0000449 seconds
[2025-06-16T00:41:01.453+0000][1779.131s][915][941][info ] Application time: 1.0001164 seconds
[2025-06-16T00:41:01.453+0000][1779.131s][915][941][info ] Entering safepoint region: Cleanup
[2025-06-16T00:41:01.453+0000][1779.131s][915][941][info ] Leaving safepoint region
[2025-06-16T00:41:01.453+0000][1779.131s][915][941][info ] Total time for which application threads were stopped: 0.0002254 seconds, Stopping threads took: 0.0000446 seconds
[2025-06-16T00:41:02.453+0000][1780.131s][915][941][info ] Application time: 1.0001045 seconds
[2025-06-16T00:41:02.454+0000][1780.131s][915][941][info ] Entering safepoint region: Cleanup
[2025-06-16T00:41:02.454+0000][1780.131s][915][941][info ] Leaving safepoint region
[2025-06-16T00:41:02.454+0000][1780.131s][915][941][info ] Total time for which application threads were stopped: 0.0001753 seconds, Stopping threads took: 0.0000363 seconds
[2025-06-16T00:41:03.454+0000][1781.131s][915][941][info ] Application time: 1.0001537 seconds
[2025-06-16T00:41:03.454+0000][1781.131s][915][941][info ] Entering safepoint region: Cleanup
[2025-06-16T00:41:03.454+0000][1781.132s][915][941][info ] Leaving safepoint region
[2025-06-16T00:41:03.454+0000][1781.132s][915][941][info ] Total time for which application threads were stopped: 0.0002081 seconds, Stopping threads took: 0.0000445 seconds
[2025-06-16T00:41:04.454+0000][1782.132s][915][941][info ] Application time: 1.0001010 seconds
[2025-06-16T00:41:04.454+0000][1782.132s][915][941][info ] Entering safepoint region: Cleanup
[2025-06-16T00:41:04.455+0000][1782.132s][915][941][info ] Leaving safepoint region
[2025-06-16T00:41:04.455+0000][1782.132s][915][941][info ] Total time for which application threads were stopped: 0.0001996 seconds, Stopping threads took: 0.0000410 seconds
[2025-06-16T00:41:04.839+0000][1782.516s][915][940][trace] CMS: promo attempt is safe: available(6912212992) >= av_promo(0), max_promo(874187048)
[2025-06-16T00:41:05.455+0000][1783.132s][915][941][info ] Application time: 1.0000899 seconds
[2025-06-16T00:41:05.455+0000][1783.132s][915][941][info ] Entering safepoint region: Cleanup
[2025-06-16T00:41:05.455+0000][1783.132s][915][941][info ] Leaving safepoint region
[2025-06-16T00:41:05.455+0000][1783.132s][915][941][info ] Total time for which application threads were stopped: 0.0001918 seconds, Stopping threads took: 0.0000450 seconds
[2025-06-16T00:41:06.455+0000][1784.133s][915][941][info ] Application time: 1.0000958 seconds
[2025-06-16T00:41:06.455+0000][1784.133s][915][941][info ] Entering safepoint region: Cleanup
[2025-06-16T00:41:06.455+0000][1784.133s][915][941][info ] Leaving safepoint region
[2025-06-16T00:41:06.455+0000][1784.133s][915][941][info ] Total time for which application threads were stopped: 0.0001781 seconds, Stopping threads took: 0.0000357 seconds
[2025-06-16T00:41:07.455+0000][1785.133s][915][941][info ] Application time: 1.0000893 seconds
[2025-06-16T00:41:07.456+0000][1785.133s][915][941][info ] Entering safepoint region: Cleanup
[2025-06-16T00:41:07.456+0000][1785.133s][915][941][info ] Leaving safepoint region
[2025-06-16T00:41:07.456+0000][1785.133s][915][941][info ] Total time for which application threads were stopped: 0.0001676 seconds, Stopping threads took: 0.0000342 seconds
[2025-06-16T00:41:08.456+0000][1786.133s][915][941][info ] Application time: 1.0001015 seconds
[2025-06-16T00:41:08.456+0000][1786.133s][915][941][info ] Entering safepoint region: Cleanup
[2025-06-16T00:41:08.456+0000][1786.134s][915][941][info ] Leaving safepoint region
[2025-06-16T00:41:08.456+0000][1786.134s][915][941][info ] Total time for which application threads were stopped: 0.0001922 seconds, Stopping threads took: 0.0000375 seconds
[2025-06-16T00:41:09.456+0000][1787.134s][915][941][info ] Application time: 1.0001062 seconds
[2025-06-16T00:41:09.456+0000][1787.134s][915][941][info ] Entering safepoint region: Cleanup
[2025-06-16T00:41:09.456+0000][1787.134s][915][941][info ] Leaving safepoint region
[2025-06-16T00:41:09.456+0000][1787.134s][915][941][info ] Total time for which application threads were stopped: 0.0001698 seconds, Stopping threads took: 0.0000362 seconds
[2025-06-16T00:41:10.456+0000][1788.134s][915][941][info ] Application time: 1.0000998 seconds
[2025-06-16T00:41:10.457+0000][1788.134s][915][941][info ] Entering safepoint region: Cleanup
[2025-06-16T00:41:10.457+0000][1788.134s][915][941][info ] Leaving safepoint region
[2025-06-16T00:41:10.457+0000][1788.134s][915][941][info ] Total time for which application threads were stopped: 0.0002165 seconds, Stopping threads took: 0.0000464 seconds
[2025-06-16T00:41:11.457+0000][1789.135s][915][941][info ] Application time: 1.0001784 seconds
[2025-06-16T00:41:11.457+0000][1789.135s][915][941][info ] Entering safepoint region: Cleanup
[2025-06-16T00:41:11.458+0000][1789.136s][915][941][info ] Leaving safepoint region
[2025-06-16T00:41:11.458+0000][1789.136s][915][941][info ] Total time for which application threads were stopped: 0.0008696 seconds, Stopping threads took: 0.0001397 seconds
[2025-06-16T00:41:12.458+0000][1790.136s][915][941][info ] Application time: 1.0001540 seconds
[2025-06-16T00:41:12.459+0000][1790.136s][915][941][info ] Entering safepoint region: Cleanup
[2025-06-16T00:41:12.459+0000][1790.136s][915][941][info ] Leaving safepoint region
[2025-06-16T00:41:12.459+0000][1790.136s][915][941][info ] Total time for which application threads were stopped: 0.0002593 seconds, Stopping threads took: 0.0000443 seconds
[2025-06-16T00:41:13.459+0000][1791.136s][915][941][info ] Application time: 1.0001167 seconds
[2025-06-16T00:41:13.459+0000][1791.136s][915][941][info ] Entering safepoint region: Cleanup
[2025-06-16T00:41:13.459+0000][1791.137s][915][941][info ] Leaving safepoint region
[2025-06-16T00:41:13.459+0000][1791.137s][915][941][info ] Total time for which application threads were stopped: 0.0001899 seconds, Stopping threads took: 0.0000458 seconds
[2025-06-16T00:41:14.459+0000][1792.137s][915][941][info ] Application time: 1.0001176 seconds
[2025-06-16T00:41:14.459+0000][1792.137s][915][941][info ] Entering safepoint region: Cleanup
[2025-06-16T00:41:14.460+0000][1792.137s][915][941][info ] Leaving safepoint region
[2025-06-16T00:41:14.460+0000][1792.137s][915][941][info ] Total time for which application threads were stopped: 0.0001991 seconds, Stopping threads took: 0.0000417 seconds
[2025-06-16T00:41:14.839+0000][1792.516s][915][940][trace] CMS: promo attempt is safe: available(6912212992) >= av_promo(0), max_promo(887608848)
[2025-06-16T00:41:15.460+0000][1793.137s][915][941][info ] Application time: 1.0000956 seconds
[2025-06-16T00:41:15.460+0000][1793.137s][915][941][info ] Entering safepoint region: Cleanup
[2025-06-16T00:41:15.460+0000][1793.137s][915][941][info ] Leaving safepoint region
[2025-06-16T00:41:15.460+0000][1793.137s][915][941][info ] Total time for which application threads were stopped: 0.0001600 seconds, Stopping threads took: 0.0000343 seconds
[2025-06-16T00:41:16.460+0000][1794.138s][915][941][info ] Application time: 1.0001148 seconds
[2025-06-16T00:41:16.460+0000][1794.138s][915][941][info ] Entering safepoint region: Cleanup
[2025-06-16T00:41:16.460+0000][1794.138s][915][941][info ] Leaving safepoint region
[2025-06-16T00:41:16.460+0000][1794.138s][915][941][info ] Total time for which application threads were stopped: 0.0001897 seconds, Stopping threads took: 0.0000446 seconds
[2025-06-16T00:41:17.460+0000][1795.138s][915][941][info ] Application time: 1.0000922 seconds
[2025-06-16T00:41:17.461+0000][1795.138s][915][941][info ] Entering safepoint region: Cleanup
[2025-06-16T00:41:17.461+0000][1795.138s][915][941][info ] Leaving safepoint region
[2025-06-16T00:41:17.461+0000][1795.138s][915][941][info ] Total time for which application threads were stopped: 0.0002084 seconds, Stopping threads took: 0.0000587 seconds
[2025-06-16T00:41:18.461+0000][1796.138s][915][941][info ] Application time: 1.0000873 seconds
[2025-06-16T00:41:18.461+0000][1796.138s][915][941][info ] Entering safepoint region: Cleanup
[2025-06-16T00:41:18.461+0000][1796.139s][915][941][info ] Leaving safepoint region
[2025-06-16T00:41:18.461+0000][1796.139s][915][941][info ] Total time for which application threads were stopped: 0.0001540 seconds, Stopping threads took: 0.0000334 seconds
[2025-06-16T00:41:19.461+0000][1797.139s][915][941][info ] Application time: 1.0001065 seconds
[2025-06-16T00:41:19.461+0000][1797.139s][915][941][info ] Entering safepoint region: Cleanup
[2025-06-16T00:41:19.461+0000][1797.139s][915][941][info ] Leaving safepoint region
[2025-06-16T00:41:19.461+0000][1797.139s][915][941][info ] Total time for which application threads were stopped: 0.0001613 seconds, Stopping threads took: 0.0000347 seconds
[2025-06-16T00:41:20.461+0000][1798.139s][915][941][info ] Application time: 1.0000845 seconds
[2025-06-16T00:41:20.462+0000][1798.139s][915][941][info ] Entering safepoint region: Cleanup
[2025-06-16T00:41:20.462+0000][1798.139s][915][941][info ] Leaving safepoint region
[2025-06-16T00:41:20.462+0000][1798.139s][915][941][info ] Total time for which application threads were stopped: 0.0001534 seconds, Stopping threads took: 0.0000328 seconds
[2025-06-16T00:41:21.462+0000][1799.139s][915][941][info ] Application time: 1.0000755 seconds
[2025-06-16T00:41:21.462+0000][1799.139s][915][941][info ] Entering safepoint region: Cleanup
[2025-06-16T00:41:21.462+0000][1799.140s][915][941][info ] Leaving safepoint region
[2025-06-16T00:41:21.462+0000][1799.140s][915][941][info ] Total time for which application threads were stopped: 0.0001819 seconds, Stopping threads took: 0.0000384 seconds
[2025-06-16T00:41:22.462+0000][1800.140s][915][941][info ] Application time: 1.0000972 seconds
[2025-06-16T00:41:22.462+0000][1800.140s][915][941][info ] Entering safepoint region: Cleanup
[2025-06-16T00:41:22.462+0000][1800.140s][915][941][info ] Leaving safepoint region
[2025-06-16T00:41:22.462+0000][1800.140s][915][941][info ] Total time for which application threads were stopped: 0.0001804 seconds, Stopping threads took: 0.0000350 seconds
[2025-06-16T00:41:23.463+0000][1801.140s][915][941][info ] Application time: 1.0001090 seconds
[2025-06-16T00:41:23.463+0000][1801.140s][915][941][info ] Entering safepoint region: Cleanup
[2025-06-16T00:41:23.463+0000][1801.140s][915][941][info ] Leaving safepoint region
[2025-06-16T00:41:23.463+0000][1801.140s][915][941][info ] Total time for which application threads were stopped: 0.0001895 seconds, Stopping threads took: 0.0000395 seconds
[2025-06-16T00:41:24.463+0000][1802.140s][915][941][info ] Application time: 1.0001091 seconds
[2025-06-16T00:41:24.463+0000][1802.141s][915][941][info ] Entering safepoint region: Cleanup
[2025-06-16T00:41:24.463+0000][1802.141s][915][941][info ] Leaving safepoint region
[2025-06-16T00:41:24.463+0000][1802.141s][915][941][info ] Total time for which application threads were stopped: 0.0001733 seconds, Stopping threads took: 0.0000377 seconds
[2025-06-16T00:41:24.838+0000][1802.516s][915][940][trace] CMS: promo attempt is safe: available(6912212992) >= av_promo(0), max_promo(887608848)
[2025-06-16T00:41:25.463+0000][1803.141s][915][941][info ] Application time: 1.0000877 seconds
[2025-06-16T00:41:25.463+0000][1803.141s][915][941][info ] Entering safepoint region: Cleanup
[2025-06-16T00:41:25.464+0000][1803.141s][915][941][info ] Leaving safepoint region
[2025-06-16T00:41:25.464+0000][1803.141s][915][941][info ] Total time for which application threads were stopped: 0.0001556 seconds, Stopping threads took: 0.0000314 seconds
[2025-06-16T00:41:26.464+0000][1804.141s][915][941][info ] Application time: 1.0001031 seconds
[2025-06-16T00:41:26.464+0000][1804.141s][915][941][info ] Entering safepoint region: Cleanup
[2025-06-16T00:41:26.464+0000][1804.141s][915][941][info ] Leaving safepoint region
[2025-06-16T00:41:26.464+0000][1804.141s][915][941][info ] Total time for which application threads were stopped: 0.0001808 seconds, Stopping threads took: 0.0000366 seconds
[2025-06-16T00:41:27.464+0000][1805.142s][915][941][info ] Application time: 1.0000936 seconds
[2025-06-16T00:41:27.464+0000][1805.142s][915][941][info ] Entering safepoint region: Cleanup
[2025-06-16T00:41:27.464+0000][1805.142s][915][941][info ] Leaving safepoint region
[2025-06-16T00:41:27.464+0000][1805.142s][915][941][info ] Total time for which application threads were stopped: 0.0001605 seconds, Stopping threads took: 0.0000328 seconds
[2025-06-16T00:41:28.464+0000][1806.142s][915][941][info ] Application time: 1.0001072 seconds
[2025-06-16T00:41:28.464+0000][1806.142s][915][941][info ] Entering safepoint region: Cleanup
[2025-06-16T00:41:28.465+0000][1806.142s][915][941][info ] Leaving safepoint region
[2025-06-16T00:41:28.465+0000][1806.142s][915][941][info ] Total time for which application threads were stopped: 0.0001805 seconds, Stopping threads took: 0.0000382 seconds
[2025-06-16T00:41:29.465+0000][1807.142s][915][941][info ] Application time: 1.0000999 seconds
[2025-06-16T00:41:29.465+0000][1807.142s][915][941][info ] Entering safepoint region: Cleanup
[2025-06-16T00:41:29.465+0000][1807.142s][915][941][info ] Leaving safepoint region
[2025-06-16T00:41:29.465+0000][1807.142s][915][941][info ] Total time for which application threads were stopped: 0.0001755 seconds, Stopping threads took: 0.0000401 seconds
[2025-06-16T00:41:30.465+0000][1808.143s][915][941][info ] Application time: 1.0000946 seconds
[2025-06-16T00:41:30.465+0000][1808.143s][915][941][info ] Entering safepoint region: Cleanup
[2025-06-16T00:41:30.465+0000][1808.143s][915][941][info ] Leaving safepoint region
[2025-06-16T00:41:30.465+0000][1808.143s][915][941][info ] Total time for which application threads were stopped: 0.0001622 seconds, Stopping threads took: 0.0000318 seconds
[2025-06-16T00:41:31.465+0000][1809.143s][915][941][info ] Application time: 1.0000971 seconds
[2025-06-16T00:41:31.466+0000][1809.143s][915][941][info ] Entering safepoint region: Cleanup
[2025-06-16T00:41:31.466+0000][1809.143s][915][941][info ] Leaving safepoint region
[2025-06-16T00:41:31.466+0000][1809.143s][915][941][info ] Total time for which application threads were stopped: 0.0002301 seconds, Stopping threads took: 0.0000434 seconds
[2025-06-16T00:41:32.466+0000][1810.143s][915][941][info ] Application time: 1.0001003 seconds
[2025-06-16T00:41:32.466+0000][1810.143s][915][941][info ] Entering safepoint region: Cleanup
[2025-06-16T00:41:32.466+0000][1810.144s][915][941][info ] Leaving safepoint region
[2025-06-16T00:41:32.466+0000][1810.144s][915][941][info ] Total time for which application threads were stopped: 0.0001661 seconds, Stopping threads took: 0.0000367 seconds
[2025-06-16T00:41:33.466+0000][1811.144s][915][941][info ] Application time: 1.0001032 seconds
[2025-06-16T00:41:33.466+0000][1811.144s][915][941][info ] Entering safepoint region: Cleanup
[2025-06-16T00:41:33.467+0000][1811.144s][915][941][info ] Leaving safepoint region
[2025-06-16T00:41:33.467+0000][1811.144s][915][941][info ] Total time for which application threads were stopped: 0.0001822 seconds, Stopping threads took: 0.0000422 seconds
[2025-06-16T00:41:34.467+0000][1812.144s][915][941][info ] Application time: 1.0001004 seconds
[2025-06-16T00:41:34.467+0000][1812.144s][915][941][info ] Entering safepoint region: Cleanup
[2025-06-16T00:41:34.467+0000][1812.144s][915][941][info ] Leaving safepoint region
[2025-06-16T00:41:34.467+0000][1812.144s][915][941][info ] Total time for which application threads were stopped: 0.0002032 seconds, Stopping threads took: 0.0000407 seconds
[2025-06-16T00:41:34.838+0000][1812.516s][915][940][trace] CMS: promo attempt is safe: available(6912212992) >= av_promo(0), max_promo(887608848)
[2025-06-16T00:41:35.467+0000][1813.145s][915][941][info ] Application time: 1.0001354 seconds
[2025-06-16T00:41:35.467+0000][1813.145s][915][941][info ] Entering safepoint region: Cleanup
[2025-06-16T00:41:35.467+0000][1813.145s][915][941][info ] Leaving safepoint region
[2025-06-16T00:41:35.467+0000][1813.145s][915][941][info ] Total time for which application threads were stopped: 0.0002228 seconds, Stopping threads took: 0.0000493 seconds
[2025-06-16T00:41:36.467+0000][1814.145s][915][941][info ] Application time: 1.0001028 seconds
[2025-06-16T00:41:36.468+0000][1814.145s][915][941][info ] Entering safepoint region: Cleanup
[2025-06-16T00:41:36.468+0000][1814.145s][915][941][info ] Leaving safepoint region
[2025-06-16T00:41:36.468+0000][1814.145s][915][941][info ] Total time for which application threads were stopped: 0.0002039 seconds, Stopping threads took: 0.0000546 seconds
[2025-06-16T00:41:37.468+0000][1815.145s][915][941][info ] Application time: 1.0000929 seconds
[2025-06-16T00:41:37.468+0000][1815.145s][915][941][info ] Entering safepoint region: Cleanup
[2025-06-16T00:41:37.468+0000][1815.146s][915][941][info ] Leaving safepoint region
[2025-06-16T00:41:37.468+0000][1815.146s][915][941][info ] Total time for which application threads were stopped: 0.0001528 seconds, Stopping threads took: 0.0000335 seconds
[2025-06-16T00:41:38.468+0000][1816.146s][915][941][info ] Application time: 1.0000910 seconds
[2025-06-16T00:41:38.468+0000][1816.146s][915][941][info ] Entering safepoint region: Cleanup
[2025-06-16T00:41:38.468+0000][1816.146s][915][941][info ] Leaving safepoint region
[2025-06-16T00:41:38.468+0000][1816.146s][915][941][info ] Total time for which application threads were stopped: 0.0002011 seconds, Stopping threads took: 0.0000364 seconds
[2025-06-16T00:41:39.469+0000][1817.146s][915][941][info ] Application time: 1.0000975 seconds
[2025-06-16T00:41:39.469+0000][1817.146s][915][941][info ] Entering safepoint region: Cleanup
[2025-06-16T00:41:39.469+0000][1817.146s][915][941][info ] Leaving safepoint region
[2025-06-16T00:41:39.469+0000][1817.146s][915][941][info ] Total time for which application threads were stopped: 0.0001973 seconds, Stopping threads took: 0.0000432 seconds
[2025-06-16T00:41:40.469+0000][1818.147s][915][941][info ] Application time: 1.0001016 seconds
[2025-06-16T00:41:40.469+0000][1818.147s][915][941][info ] Entering safepoint region: Cleanup
[2025-06-16T00:41:40.470+0000][1818.147s][915][941][info ] Leaving safepoint region
[2025-06-16T00:41:40.470+0000][1818.147s][915][941][info ] Total time for which application threads were stopped: 0.0004150 seconds, Stopping threads took: 0.0000661 seconds
[2025-06-16T00:41:41.470+0000][1819.147s][915][941][info ] Application time: 1.0001211 seconds
[2025-06-16T00:41:41.470+0000][1819.147s][915][941][info ] Entering safepoint region: Cleanup
[2025-06-16T00:41:41.470+0000][1819.148s][915][941][info ] Leaving safepoint region
[2025-06-16T00:41:41.470+0000][1819.148s][915][941][info ] Total time for which application threads were stopped: 0.0002706 seconds, Stopping threads took: 0.0000458 seconds
[2025-06-16T00:41:42.470+0000][1820.148s][915][941][info ] Application time: 1.0001102 seconds
[2025-06-16T00:41:42.470+0000][1820.148s][915][941][info ] Entering safepoint region: Cleanup
[2025-06-16T00:41:42.471+0000][1820.148s][915][941][info ] Leaving safepoint region
[2025-06-16T00:41:42.471+0000][1820.148s][915][941][info ] Total time for which application threads were stopped: 0.0001990 seconds, Stopping threads took: 0.0000413 seconds
[2025-06-16T00:41:43.471+0000][1821.148s][915][941][info ] Application time: 1.0000961 seconds
[2025-06-16T00:41:43.471+0000][1821.148s][915][941][info ] Entering safepoint region: Cleanup
[2025-06-16T00:41:43.471+0000][1821.148s][915][941][info ] Leaving safepoint region
[2025-06-16T00:41:43.471+0000][1821.148s][915][941][info ] Total time for which application threads were stopped: 0.0001914 seconds, Stopping threads took: 0.0000379 seconds
[2025-06-16T00:41:44.471+0000][1822.149s][915][941][info ] Application time: 1.0001016 seconds
[2025-06-16T00:41:44.471+0000][1822.149s][915][941][info ] Entering safepoint region: Cleanup
[2025-06-16T00:41:44.471+0000][1822.149s][915][941][info ] Leaving safepoint region
[2025-06-16T00:41:44.471+0000][1822.149s][915][941][info ] Total time for which application threads were stopped: 0.0001872 seconds, Stopping threads took: 0.0000312 seconds
[2025-06-16T00:41:44.837+0000][1822.515s][915][940][trace] CMS: promo attempt is safe: available(6912212992) >= av_promo(0), max_promo(887608848)
[2025-06-16T00:41:45.471+0000][1823.149s][915][941][info ] Application time: 1.0000976 seconds
[2025-06-16T00:41:45.472+0000][1823.149s][915][941][info ] Entering safepoint region: Cleanup
[2025-06-16T00:41:45.472+0000][1823.149s][915][941][info ] Leaving safepoint region
[2025-06-16T00:41:45.472+0000][1823.149s][915][941][info ] Total time for which application threads were stopped: 0.0002217 seconds, Stopping threads took: 0.0000531 seconds
[2025-06-16T00:41:46.472+0000][1824.149s][915][941][info ] Application time: 1.0000886 seconds
[2025-06-16T00:41:46.472+0000][1824.149s][915][941][info ] Entering safepoint region: Cleanup
[2025-06-16T00:41:46.472+0000][1824.150s][915][941][info ] Leaving safepoint region
[2025-06-16T00:41:46.472+0000][1824.150s][915][941][info ] Total time for which application threads were stopped: 0.0001890 seconds, Stopping threads took: 0.0000363 seconds
[2025-06-16T00:41:47.472+0000][1825.150s][915][941][info ] Application time: 1.0000901 seconds
[2025-06-16T00:41:47.472+0000][1825.150s][915][941][info ] Entering safepoint region: Cleanup
[2025-06-16T00:41:47.472+0000][1825.150s][915][941][info ] Leaving safepoint region
[2025-06-16T00:41:47.472+0000][1825.150s][915][941][info ] Total time for which application threads were stopped: 0.0001789 seconds, Stopping threads took: 0.0000447 seconds
[2025-06-16T00:41:48.473+0000][1826.150s][915][941][info ] Application time: 1.0001101 seconds
[2025-06-16T00:41:48.473+0000][1826.150s][915][941][info ] Entering safepoint region: Cleanup
[2025-06-16T00:41:48.473+0000][1826.150s][915][941][info ] Leaving safepoint region
[2025-06-16T00:41:48.473+0000][1826.150s][915][941][info ] Total time for which application threads were stopped: 0.0001918 seconds, Stopping threads took: 0.0000405 seconds
[2025-06-16T00:41:49.473+0000][1827.151s][915][941][info ] Application time: 1.0001010 seconds
[2025-06-16T00:41:49.473+0000][1827.151s][915][941][info ] Entering safepoint region: Cleanup
[2025-06-16T00:41:49.473+0000][1827.151s][915][941][info ] Leaving safepoint region
[2025-06-16T00:41:49.473+0000][1827.151s][915][941][info ] Total time for which application threads were stopped: 0.0001861 seconds, Stopping threads took: 0.0000412 seconds
[2025-06-16T00:41:50.473+0000][1828.151s][915][941][info ] Application time: 1.0001034 seconds
[2025-06-16T00:41:50.474+0000][1828.151s][915][941][info ] Entering safepoint region: Cleanup
[2025-06-16T00:41:50.474+0000][1828.151s][915][941][info ] Leaving safepoint region
[2025-06-16T00:41:50.474+0000][1828.151s][915][941][info ] Total time for which application threads were stopped: 0.0001914 seconds, Stopping threads took: 0.0000379 seconds
[2025-06-16T00:41:51.474+0000][1829.151s][915][941][info ] Application time: 1.0001124 seconds
[2025-06-16T00:41:51.474+0000][1829.151s][915][941][info ] Entering safepoint region: Cleanup
[2025-06-16T00:41:51.474+0000][1829.152s][915][941][info ] Leaving safepoint region
[2025-06-16T00:41:51.474+0000][1829.152s][915][941][info ] Total time for which application threads were stopped: 0.0001804 seconds, Stopping threads took: 0.0000383 seconds
[2025-06-16T00:41:52.474+0000][1830.152s][915][941][info ] Application time: 1.0000900 seconds
[2025-06-16T00:41:52.474+0000][1830.152s][915][941][info ] Entering safepoint region: Cleanup
[2025-06-16T00:41:52.474+0000][1830.152s][915][941][info ] Leaving safepoint region
[2025-06-16T00:41:52.474+0000][1830.152s][915][941][info ] Total time for which application threads were stopped: 0.0001617 seconds, Stopping threads took: 0.0000314 seconds
[2025-06-16T00:41:53.474+0000][1831.152s][915][941][info ] Application time: 1.0000881 seconds
[2025-06-16T00:41:53.475+0000][1831.152s][915][941][info ] Entering safepoint region: Cleanup
[2025-06-16T00:41:53.475+0000][1831.152s][915][941][info ] Leaving safepoint region
[2025-06-16T00:41:53.475+0000][1831.152s][915][941][info ] Total time for which application threads were stopped: 0.0001685 seconds, Stopping threads took: 0.0000442 seconds
[2025-06-16T00:41:54.475+0000][1832.152s][915][941][info ] Application time: 1.0000974 seconds
[2025-06-16T00:41:54.475+0000][1832.152s][915][941][info ] Entering safepoint region: Cleanup
[2025-06-16T00:41:54.475+0000][1832.153s][915][941][info ] Leaving safepoint region
[2025-06-16T00:41:54.475+0000][1832.153s][915][941][info ] Total time for which application threads were stopped: 0.0001805 seconds, Stopping threads took: 0.0000391 seconds
[2025-06-16T00:41:54.837+0000][1832.515s][915][940][trace] CMS: promo attempt is safe: available(6912212992) >= av_promo(0), max_promo(887608848)
[2025-06-16T00:41:55.475+0000][1833.153s][915][941][info ] Application time: 1.0000998 seconds
[2025-06-16T00:41:55.475+0000][1833.153s][915][941][info ] Entering safepoint region: Cleanup
[2025-06-16T00:41:55.475+0000][1833.153s][915][941][info ] Leaving safepoint region
[2025-06-16T00:41:55.475+0000][1833.153s][915][941][info ] Total time for which application threads were stopped: 0.0001939 seconds, Stopping threads took: 0.0000386 seconds
[2025-06-16T00:41:56.476+0000][1834.153s][915][941][info ] Application time: 1.0001008 seconds
[2025-06-16T00:41:56.476+0000][1834.153s][915][941][info ] Entering safepoint region: Cleanup
[2025-06-16T00:41:56.476+0000][1834.153s][915][941][info ] Leaving safepoint region
[2025-06-16T00:41:56.476+0000][1834.153s][915][941][info ] Total time for which application threads were stopped: 0.0001927 seconds, Stopping threads took: 0.0000409 seconds
[2025-06-16T00:41:57.476+0000][1835.153s][915][941][info ] Application time: 1.0000967 seconds
[2025-06-16T00:41:57.476+0000][1835.154s][915][941][info ] Entering safepoint region: Cleanup
[2025-06-16T00:41:57.476+0000][1835.154s][915][941][info ] Leaving safepoint region
[2025-06-16T00:41:57.476+0000][1835.154s][915][941][info ] Total time for which application threads were stopped: 0.0001844 seconds, Stopping threads took: 0.0000375 seconds
[2025-06-16T00:41:58.476+0000][1836.154s][915][941][info ] Application time: 1.0000964 seconds
[2025-06-16T00:41:58.476+0000][1836.154s][915][941][info ] Entering safepoint region: Cleanup
[2025-06-16T00:41:58.477+0000][1836.154s][915][941][info ] Leaving safepoint region
[2025-06-16T00:41:58.477+0000][1836.154s][915][941][info ] Total time for which application threads were stopped: 0.0002069 seconds, Stopping threads took: 0.0000410 seconds
[2025-06-16T00:41:59.477+0000][1837.154s][915][941][info ] Application time: 1.0001031 seconds
[2025-06-16T00:41:59.477+0000][1837.154s][915][941][info ] Entering safepoint region: Cleanup
[2025-06-16T00:41:59.477+0000][1837.155s][915][941][info ] Leaving safepoint region
[2025-06-16T00:41:59.477+0000][1837.155s][915][941][info ] Total time for which application threads were stopped: 0.0002957 seconds, Stopping threads took: 0.0000619 seconds
[2025-06-16T00:42:00.477+0000][1838.155s][915][941][info ] Application time: 1.0000996 seconds
[2025-06-16T00:42:00.477+0000][1838.155s][915][941][info ] Entering safepoint region: Cleanup
[2025-06-16T00:42:00.478+0000][1838.155s][915][941][info ] Leaving safepoint region
[2025-06-16T00:42:00.478+0000][1838.155s][915][941][info ] Total time for which application threads were stopped: 0.0001851 seconds, Stopping threads took: 0.0000425 seconds
[2025-06-16T00:42:01.478+0000][1839.155s][915][941][info ] Application time: 1.0001004 seconds
[2025-06-16T00:42:01.478+0000][1839.155s][915][941][info ] Entering safepoint region: Cleanup
[2025-06-16T00:42:01.478+0000][1839.156s][915][941][info ] Leaving safepoint region
[2025-06-16T00:42:01.478+0000][1839.156s][915][941][info ] Total time for which application threads were stopped: 0.0002550 seconds, Stopping threads took: 0.0000607 seconds
[2025-06-16T00:42:02.478+0000][1840.156s][915][941][info ] Application time: 1.0001130 seconds
[2025-06-16T00:42:02.478+0000][1840.156s][915][941][info ] Entering safepoint region: Cleanup
[2025-06-16T00:42:02.479+0000][1840.156s][915][941][info ] Leaving safepoint region
[2025-06-16T00:42:02.479+0000][1840.156s][915][941][info ] Total time for which application threads were stopped: 0.0002692 seconds, Stopping threads took: 0.0000481 seconds
[2025-06-16T00:42:03.479+0000][1841.156s][915][941][info ] Application time: 1.0001049 seconds
[2025-06-16T00:42:03.479+0000][1841.156s][915][941][info ] Entering safepoint region: Cleanup
[2025-06-16T00:42:03.479+0000][1841.156s][915][941][info ] Leaving safepoint region
[2025-06-16T00:42:03.479+0000][1841.156s][915][941][info ] Total time for which application threads were stopped: 0.0001892 seconds, Stopping threads took: 0.0000417 seconds
[2025-06-16T00:42:04.479+0000][1842.157s][915][941][info ] Application time: 1.0001014 seconds
[2025-06-16T00:42:04.479+0000][1842.157s][915][941][info ] Entering safepoint region: Cleanup
[2025-06-16T00:42:04.479+0000][1842.157s][915][941][info ] Leaving safepoint region
[2025-06-16T00:42:04.479+0000][1842.157s][915][941][info ] Total time for which application threads were stopped: 0.0002516 seconds, Stopping threads took: 0.0000542 seconds
[2025-06-16T00:42:04.837+0000][1842.514s][915][940][trace] CMS: promo attempt is safe: available(6912212992) >= av_promo(0), max_promo(887608848)
[2025-06-16T00:42:05.480+0000][1843.157s][915][941][info ] Application time: 1.0001182 seconds
[2025-06-16T00:42:05.480+0000][1843.157s][915][941][info ] Entering safepoint region: Cleanup
[2025-06-16T00:42:05.480+0000][1843.158s][915][941][info ] Leaving safepoint region
[2025-06-16T00:42:05.480+0000][1843.158s][915][941][info ] Total time for which application threads were stopped: 0.0004721 seconds, Stopping threads took: 0.0000783 seconds
[2025-06-16T00:42:06.480+0000][1844.158s][915][941][info ] Application time: 1.0000984 seconds
[2025-06-16T00:42:06.480+0000][1844.158s][915][941][info ] Entering safepoint region: Cleanup
[2025-06-16T00:42:06.481+0000][1844.158s][915][941][info ] Leaving safepoint region
[2025-06-16T00:42:06.481+0000][1844.158s][915][941][info ] Total time for which application threads were stopped: 0.0002157 seconds, Stopping threads took: 0.0000415 seconds
[2025-06-16T00:42:07.481+0000][1845.158s][915][941][info ] Application time: 1.0001165 seconds
[2025-06-16T00:42:07.481+0000][1845.158s][915][941][info ] Entering safepoint region: Cleanup
[2025-06-16T00:42:07.481+0000][1845.159s][915][941][info ] Leaving safepoint region
[2025-06-16T00:42:07.481+0000][1845.159s][915][941][info ] Total time for which application threads were stopped: 0.0002415 seconds, Stopping threads took: 0.0000544 seconds
[2025-06-16T00:42:08.481+0000][1846.159s][915][941][info ] Application time: 1.0001089 seconds
[2025-06-16T00:42:08.481+0000][1846.159s][915][941][info ] Entering safepoint region: Cleanup
[2025-06-16T00:42:08.481+0000][1846.159s][915][941][info ] Leaving safepoint region
[2025-06-16T00:42:08.482+0000][1846.159s][915][941][info ] Total time for which application threads were stopped: 0.0002125 seconds, Stopping threads took: 0.0000455 seconds
[2025-06-16T00:42:09.482+0000][1847.159s][915][941][info ] Application time: 1.0000817 seconds
[2025-06-16T00:42:09.482+0000][1847.159s][915][941][info ] Entering safepoint region: Cleanup
[2025-06-16T00:42:09.482+0000][1847.159s][915][941][info ] Leaving safepoint region
[2025-06-16T00:42:09.482+0000][1847.159s][915][941][info ] Total time for which application threads were stopped: 0.0002015 seconds, Stopping threads took: 0.0000376 seconds
[2025-06-16T00:42:10.482+0000][1848.159s][915][941][info ] Application time: 1.0000946 seconds
[2025-06-16T00:42:10.482+0000][1848.160s][915][941][info ] Entering safepoint region: Cleanup
[2025-06-16T00:42:10.482+0000][1848.160s][915][941][info ] Leaving safepoint region
[2025-06-16T00:42:10.482+0000][1848.160s][915][941][info ] Total time for which application threads were stopped: 0.0001813 seconds, Stopping threads took: 0.0000375 seconds
[2025-06-16T00:42:11.482+0000][1849.160s][915][941][info ] Application time: 1.0000888 seconds
[2025-06-16T00:42:11.482+0000][1849.160s][915][941][info ] Entering safepoint region: Cleanup
[2025-06-16T00:42:11.483+0000][1849.160s][915][941][info ] Leaving safepoint region
[2025-06-16T00:42:11.483+0000][1849.160s][915][941][info ] Total time for which application threads were stopped: 0.0001525 seconds, Stopping threads took: 0.0000328 seconds
[2025-06-16T00:42:12.483+0000][1850.160s][915][941][info ] Application time: 1.0001016 seconds
[2025-06-16T00:42:12.483+0000][1850.160s][915][941][info ] Entering safepoint region: Cleanup
[2025-06-16T00:42:12.483+0000][1850.160s][915][941][info ] Leaving safepoint region
[2025-06-16T00:42:12.483+0000][1850.160s][915][941][info ] Total time for which application threads were stopped: 0.0001855 seconds, Stopping threads took: 0.0000383 seconds
[2025-06-16T00:42:13.483+0000][1851.161s][915][941][info ] Application time: 1.0001235 seconds
[2025-06-16T00:42:13.483+0000][1851.161s][915][941][info ] Entering safepoint region: Cleanup
[2025-06-16T00:42:13.483+0000][1851.161s][915][941][info ] Leaving safepoint region
[2025-06-16T00:42:13.483+0000][1851.161s][915][941][info ] Total time for which application threads were stopped: 0.0002198 seconds, Stopping threads took: 0.0000466 seconds
[2025-06-16T00:42:14.483+0000][1852.161s][915][941][info ] Application time: 1.0000982 seconds
[2025-06-16T00:42:14.484+0000][1852.161s][915][941][info ] Entering safepoint region: Cleanup
[2025-06-16T00:42:14.484+0000][1852.161s][915][941][info ] Leaving safepoint region
[2025-06-16T00:42:14.484+0000][1852.161s][915][941][info ] Total time for which application threads were stopped: 0.0002317 seconds, Stopping threads took: 0.0000857 seconds
[2025-06-16T00:42:14.836+0000][1852.513s][915][940][trace] CMS: promo attempt is safe: available(6912212992) >= av_promo(0), max_promo(892489536)
[2025-06-16T00:42:15.484+0000][1853.161s][915][941][info ] Application time: 1.0000935 seconds
[2025-06-16T00:42:15.484+0000][1853.162s][915][941][info ] Entering safepoint region: Cleanup
[2025-06-16T00:42:15.484+0000][1853.162s][915][941][info ] Leaving safepoint region
[2025-06-16T00:42:15.484+0000][1853.162s][915][941][info ] Total time for which application threads were stopped: 0.0001719 seconds, Stopping threads took: 0.0000383 seconds
[2025-06-16T00:42:16.484+0000][1854.162s][915][941][info ] Application time: 1.0001011 seconds
[2025-06-16T00:42:16.484+0000][1854.162s][915][941][info ] Entering safepoint region: Cleanup
[2025-06-16T00:42:16.485+0000][1854.162s][915][941][info ] Leaving safepoint region
[2025-06-16T00:42:16.485+0000][1854.162s][915][941][info ] Total time for which application threads were stopped: 0.0001856 seconds, Stopping threads took: 0.0000399 seconds
[2025-06-16T00:42:17.485+0000][1855.162s][915][941][info ] Application time: 1.0001065 seconds
[2025-06-16T00:42:17.485+0000][1855.162s][915][941][info ] Entering safepoint region: Cleanup
[2025-06-16T00:42:17.485+0000][1855.162s][915][941][info ] Leaving safepoint region
[2025-06-16T00:42:17.485+0000][1855.162s][915][941][info ] Total time for which application threads were stopped: 0.0002388 seconds, Stopping threads took: 0.0000508 seconds
[2025-06-16T00:42:18.485+0000][1856.163s][915][941][info ] Application time: 1.0000878 seconds
[2025-06-16T00:42:18.485+0000][1856.163s][915][941][info ] Entering safepoint region: Cleanup
[2025-06-16T00:42:18.485+0000][1856.163s][915][941][info ] Leaving safepoint region
[2025-06-16T00:42:18.485+0000][1856.163s][915][941][info ] Total time for which application threads were stopped: 0.0001987 seconds, Stopping threads took: 0.0000382 seconds
[2025-06-16T00:42:19.485+0000][1857.163s][915][941][info ] Application time: 1.0000958 seconds
[2025-06-16T00:42:19.486+0000][1857.163s][915][941][info ] Entering safepoint region: Cleanup
[2025-06-16T00:42:19.486+0000][1857.163s][915][941][info ] Leaving safepoint region
[2025-06-16T00:42:19.486+0000][1857.163s][915][941][info ] Total time for which application threads were stopped: 0.0001775 seconds, Stopping threads took: 0.0000398 seconds
[2025-06-16T00:42:20.486+0000][1858.163s][915][941][info ] Application time: 1.0001044 seconds
[2025-06-16T00:42:20.486+0000][1858.163s][915][941][info ] Entering safepoint region: Cleanup
[2025-06-16T00:42:20.486+0000][1858.164s][915][941][info ] Leaving safepoint region
[2025-06-16T00:42:20.486+0000][1858.164s][915][941][info ] Total time for which application threads were stopped: 0.0002115 seconds, Stopping threads took: 0.0000475 seconds
[2025-06-16T00:42:21.486+0000][1859.164s][915][941][info ] Application time: 1.0000884 seconds
[2025-06-16T00:42:21.486+0000][1859.164s][915][941][info ] Entering safepoint region: Cleanup
[2025-06-16T00:42:21.486+0000][1859.164s][915][941][info ] Leaving safepoint region
[2025-06-16T00:42:21.486+0000][1859.164s][915][941][info ] Total time for which application threads were stopped: 0.0001701 seconds, Stopping threads took: 0.0000420 seconds
[2025-06-16T00:42:22.487+0000][1860.164s][915][941][info ] Application time: 1.0000987 seconds
[2025-06-16T00:42:22.487+0000][1860.164s][915][941][info ] Entering safepoint region: Cleanup
[2025-06-16T00:42:22.487+0000][1860.164s][915][941][info ] Leaving safepoint region
[2025-06-16T00:42:22.487+0000][1860.164s][915][941][info ] Total time for which application threads were stopped: 0.0001810 seconds, Stopping threads took: 0.0000496 seconds
[2025-06-16T00:42:23.487+0000][1861.164s][915][941][info ] Application time: 1.0000948 seconds
[2025-06-16T00:42:23.487+0000][1861.165s][915][941][info ] Entering safepoint region: Cleanup
[2025-06-16T00:42:23.487+0000][1861.165s][915][941][info ] Leaving safepoint region
[2025-06-16T00:42:23.487+0000][1861.165s][915][941][info ] Total time for which application threads were stopped: 0.0001711 seconds, Stopping threads took: 0.0000397 seconds
[2025-06-16T00:42:24.487+0000][1862.165s][915][941][info ] Application time: 1.0000955 seconds
[2025-06-16T00:42:24.487+0000][1862.165s][915][941][info ] Entering safepoint region: Cleanup
[2025-06-16T00:42:24.488+0000][1862.165s][915][941][info ] Leaving safepoint region
[2025-06-16T00:42:24.488+0000][1862.165s][915][941][info ] Total time for which application threads were stopped: 0.0001697 seconds, Stopping threads took: 0.0000355 seconds
[2025-06-16T00:42:24.836+0000][1862.513s][915][940][trace] CMS: promo attempt is safe: available(6912212992) >= av_promo(0), max_promo(892489536)
[2025-06-16T00:42:25.488+0000][1863.165s][915][941][info ] Application time: 1.0001351 seconds
[2025-06-16T00:42:25.488+0000][1863.165s][915][941][info ] Entering safepoint region: Cleanup
[2025-06-16T00:42:25.488+0000][1863.166s][915][941][info ] Leaving safepoint region
[2025-06-16T00:42:25.488+0000][1863.166s][915][941][info ] Total time for which application threads were stopped: 0.0004394 seconds, Stopping threads took: 0.0000507 seconds
[2025-06-16T00:42:26.488+0000][1864.166s][915][941][info ] Application time: 1.0001019 seconds
[2025-06-16T00:42:26.489+0000][1864.166s][915][941][info ] Entering safepoint region: Cleanup
[2025-06-16T00:42:26.489+0000][1864.166s][915][941][info ] Leaving safepoint region
[2025-06-16T00:42:26.489+0000][1864.166s][915][941][info ] Total time for which application threads were stopped: 0.0001965 seconds, Stopping threads took: 0.0000455 seconds
[2025-06-16T00:42:27.489+0000][1865.166s][915][941][info ] Application time: 1.0001055 seconds
[2025-06-16T00:42:27.489+0000][1865.166s][915][941][info ] Entering safepoint region: Cleanup
[2025-06-16T00:42:27.489+0000][1865.167s][915][941][info ] Leaving safepoint region
[2025-06-16T00:42:27.489+0000][1865.167s][915][941][info ] Total time for which application threads were stopped: 0.0001707 seconds, Stopping threads took: 0.0000391 seconds
[2025-06-16T00:42:28.489+0000][1866.167s][915][941][info ] Application time: 1.0001021 seconds
[2025-06-16T00:42:28.489+0000][1866.167s][915][941][info ] Entering safepoint region: Cleanup
[2025-06-16T00:42:28.489+0000][1866.167s][915][941][info ] Leaving safepoint region
[2025-06-16T00:42:28.489+0000][1866.167s][915][941][info ] Total time for which application threads were stopped: 0.0001761 seconds, Stopping threads took: 0.0000394 seconds
[2025-06-16T00:42:29.490+0000][1867.167s][915][941][info ] Application time: 1.0001273 seconds
[2025-06-16T00:42:29.490+0000][1867.167s][915][941][info ] Entering safepoint region: Cleanup
[2025-06-16T00:42:29.490+0000][1867.167s][915][941][info ] Leaving safepoint region
[2025-06-16T00:42:29.490+0000][1867.167s][915][941][info ] Total time for which application threads were stopped: 0.0002893 seconds, Stopping threads took: 0.0000802 seconds
[2025-06-16T00:42:30.490+0000][1868.168s][915][941][info ] Application time: 1.0000693 seconds
[2025-06-16T00:42:30.490+0000][1868.168s][915][941][info ] Entering safepoint region: Cleanup
[2025-06-16T00:42:30.490+0000][1868.168s][915][941][info ] Leaving safepoint region
[2025-06-16T00:42:30.490+0000][1868.168s][915][941][info ] Total time for which application threads were stopped: 0.0002022 seconds, Stopping threads took: 0.0000398 seconds
[2025-06-16T00:42:31.491+0000][1869.168s][915][941][info ] Application time: 1.0001349 seconds
[2025-06-16T00:42:31.491+0000][1869.168s][915][941][info ] Entering safepoint region: Cleanup
[2025-06-16T00:42:31.491+0000][1869.168s][915][941][info ] Leaving safepoint region
[2025-06-16T00:42:31.491+0000][1869.168s][915][941][info ] Total time for which application threads were stopped: 0.0002336 seconds, Stopping threads took: 0.0000433 seconds
[2025-06-16T00:42:32.491+0000][1870.168s][915][941][info ] Application time: 1.0000938 seconds
[2025-06-16T00:42:32.491+0000][1870.169s][915][941][info ] Entering safepoint region: Cleanup
[2025-06-16T00:42:32.491+0000][1870.169s][915][941][info ] Leaving safepoint region
[2025-06-16T00:42:32.491+0000][1870.169s][915][941][info ] Total time for which application threads were stopped: 0.0001673 seconds, Stopping threads took: 0.0000344 seconds
[2025-06-16T00:42:33.491+0000][1871.169s][915][941][info ] Application time: 1.0000961 seconds
[2025-06-16T00:42:33.491+0000][1871.169s][915][941][info ] Entering safepoint region: Cleanup
[2025-06-16T00:42:33.492+0000][1871.169s][915][941][info ] Leaving safepoint region
[2025-06-16T00:42:33.492+0000][1871.169s][915][941][info ] Total time for which application threads were stopped: 0.0001656 seconds, Stopping threads took: 0.0000360 seconds
[2025-06-16T00:42:34.492+0000][1872.169s][915][941][info ] Application time: 1.0000942 seconds
[2025-06-16T00:42:34.492+0000][1872.169s][915][941][info ] Entering safepoint region: Cleanup
[2025-06-16T00:42:34.492+0000][1872.169s][915][941][info ] Leaving safepoint region
[2025-06-16T00:42:34.492+0000][1872.169s][915][941][info ] Total time for which application threads were stopped: 0.0001654 seconds, Stopping threads took: 0.0000357 seconds
[2025-06-16T00:42:34.835+0000][1872.513s][915][940][trace] CMS: promo attempt is safe: available(6912212992) >= av_promo(0), max_promo(892489536)
[2025-06-16T00:42:35.492+0000][1873.169s][915][941][info ] Application time: 1.0000636 seconds
[2025-06-16T00:42:35.492+0000][1873.170s][915][941][info ] Entering safepoint region: Cleanup
[2025-06-16T00:42:35.492+0000][1873.170s][915][941][info ] Leaving safepoint region
[2025-06-16T00:42:35.492+0000][1873.170s][915][941][info ] Total time for which application threads were stopped: 0.0002038 seconds, Stopping threads took: 0.0000471 seconds
[2025-06-16T00:42:36.492+0000][1874.170s][915][941][info ] Application time: 1.0001008 seconds
[2025-06-16T00:42:36.492+0000][1874.170s][915][941][info ] Entering safepoint region: Cleanup
[2025-06-16T00:42:36.493+0000][1874.170s][915][941][info ] Leaving safepoint region
[2025-06-16T00:42:36.493+0000][1874.170s][915][941][info ] Total time for which application threads were stopped: 0.0002005 seconds, Stopping threads took: 0.0000426 seconds
[2025-06-16T00:42:37.493+0000][1875.170s][915][941][info ] Application time: 1.0001089 seconds
[2025-06-16T00:42:37.493+0000][1875.170s][915][941][info ] Entering safepoint region: Cleanup
[2025-06-16T00:42:37.493+0000][1875.171s][915][941][info ] Leaving safepoint region
[2025-06-16T00:42:37.493+0000][1875.171s][915][941][info ] Total time for which application threads were stopped: 0.0002571 seconds, Stopping threads took: 0.0000564 seconds
[2025-06-16T00:42:38.493+0000][1876.171s][915][941][info ] Application time: 1.0001287 seconds
[2025-06-16T00:42:38.493+0000][1876.171s][915][941][info ] Entering safepoint region: Cleanup
[2025-06-16T00:42:38.494+0000][1876.171s][915][941][info ] Leaving safepoint region
[2025-06-16T00:42:38.494+0000][1876.171s][915][941][info ] Total time for which application threads were stopped: 0.0002008 seconds, Stopping threads took: 0.0000704 seconds
[2025-06-16T00:42:39.494+0000][1877.171s][915][941][info ] Application time: 1.0000937 seconds
[2025-06-16T00:42:39.494+0000][1877.171s][915][941][info ] Entering safepoint region: Cleanup
[2025-06-16T00:42:39.494+0000][1877.171s][915][941][info ] Leaving safepoint region
[2025-06-16T00:42:39.494+0000][1877.171s][915][941][info ] Total time for which application threads were stopped: 0.0002264 seconds, Stopping threads took: 0.0000368 seconds
[2025-06-16T00:42:40.494+0000][1878.172s][915][941][info ] Application time: 1.0000899 seconds
[2025-06-16T00:42:40.494+0000][1878.172s][915][941][info ] Entering safepoint region: Cleanup
[2025-06-16T00:42:40.494+0000][1878.172s][915][941][info ] Leaving safepoint region
[2025-06-16T00:42:40.494+0000][1878.172s][915][941][info ] Total time for which application threads were stopped: 0.0002701 seconds, Stopping threads took: 0.0000543 seconds
[2025-06-16T00:42:41.495+0000][1879.172s][915][941][info ] Application time: 1.0001146 seconds
[2025-06-16T00:42:41.495+0000][1879.172s][915][941][info ] Entering safepoint region: Cleanup
[2025-06-16T00:42:41.495+0000][1879.172s][915][941][info ] Leaving safepoint region
[2025-06-16T00:42:41.495+0000][1879.172s][915][941][info ] Total time for which application threads were stopped: 0.0002365 seconds, Stopping threads took: 0.0000577 seconds
[2025-06-16T00:42:42.495+0000][1880.172s][915][941][info ] Application time: 1.0001144 seconds
[2025-06-16T00:42:42.495+0000][1880.173s][915][941][info ] Entering safepoint region: Cleanup
[2025-06-16T00:42:42.495+0000][1880.173s][915][941][info ] Leaving safepoint region
[2025-06-16T00:42:42.495+0000][1880.173s][915][941][info ] Total time for which application threads were stopped: 0.0002069 seconds, Stopping threads took: 0.0000581 seconds
[2025-06-16T00:42:43.495+0000][1881.173s][915][941][info ] Application time: 1.0001100 seconds
[2025-06-16T00:42:43.496+0000][1881.173s][915][941][info ] Entering safepoint region: Cleanup
[2025-06-16T00:42:43.496+0000][1881.173s][915][941][info ] Leaving safepoint region
[2025-06-16T00:42:43.496+0000][1881.173s][915][941][info ] Total time for which application threads were stopped: 0.0002554 seconds, Stopping threads took: 0.0000551 seconds
[2025-06-16T00:42:44.496+0000][1882.173s][915][941][info ] Application time: 1.0001015 seconds
[2025-06-16T00:42:44.496+0000][1882.173s][915][941][info ] Entering safepoint region: Cleanup
[2025-06-16T00:42:44.496+0000][1882.174s][915][941][info ] Leaving safepoint region
[2025-06-16T00:42:44.496+0000][1882.174s][915][941][info ] Total time for which application threads were stopped: 0.0001948 seconds, Stopping threads took: 0.0000404 seconds
[2025-06-16T00:42:44.834+0000][1882.512s][915][940][trace] CMS: promo attempt is safe: available(6912212992) >= av_promo(0), max_promo(892489536)
[2025-06-16T00:42:45.496+0000][1883.174s][915][941][info ] Application time: 1.0001043 seconds
[2025-06-16T00:42:45.496+0000][1883.174s][915][941][info ] Entering safepoint region: Cleanup
[2025-06-16T00:42:45.497+0000][1883.174s][915][941][info ] Leaving safepoint region
[2025-06-16T00:42:45.497+0000][1883.174s][915][941][info ] Total time for which application threads were stopped: 0.0001927 seconds, Stopping threads took: 0.0000380 seconds
[2025-06-16T00:42:46.497+0000][1884.174s][915][941][info ] Application time: 1.0000978 seconds
[2025-06-16T00:42:46.497+0000][1884.174s][915][941][info ] Entering safepoint region: Cleanup
[2025-06-16T00:42:46.497+0000][1884.174s][915][941][info ] Leaving safepoint region
[2025-06-16T00:42:46.497+0000][1884.174s][915][941][info ] Total time for which application threads were stopped: 0.0001874 seconds, Stopping threads took: 0.0000392 seconds
[2025-06-16T00:42:47.497+0000][1885.175s][915][941][info ] Application time: 1.0001090 seconds
[2025-06-16T00:42:47.497+0000][1885.175s][915][941][info ] Entering safepoint region: Cleanup
[2025-06-16T00:42:47.497+0000][1885.175s][915][941][info ] Leaving safepoint region
[2025-06-16T00:42:47.497+0000][1885.175s][915][941][info ] Total time for which application threads were stopped: 0.0001611 seconds, Stopping threads took: 0.0000354 seconds
[2025-06-16T00:42:48.497+0000][1886.175s][915][941][info ] Application time: 1.0001037 seconds
[2025-06-16T00:42:48.498+0000][1886.175s][915][941][info ] Entering safepoint region: Cleanup
[2025-06-16T00:42:48.498+0000][1886.175s][915][941][info ] Leaving safepoint region
[2025-06-16T00:42:48.498+0000][1886.175s][915][941][info ] Total time for which application threads were stopped: 0.0002054 seconds, Stopping threads took: 0.0000423 seconds
[2025-06-16T00:42:49.498+0000][1887.175s][915][941][info ] Application time: 1.0000892 seconds
[2025-06-16T00:42:49.498+0000][1887.175s][915][941][info ] Entering safepoint region: Cleanup
[2025-06-16T00:42:49.498+0000][1887.176s][915][941][info ] Leaving safepoint region
[2025-06-16T00:42:49.498+0000][1887.176s][915][941][info ] Total time for which application threads were stopped: 0.0001766 seconds, Stopping threads took: 0.0000391 seconds
[2025-06-16T00:42:50.498+0000][1888.176s][915][941][info ] Application time: 1.0001033 seconds
[2025-06-16T00:42:50.498+0000][1888.176s][915][941][info ] Entering safepoint region: Cleanup
[2025-06-16T00:42:50.498+0000][1888.176s][915][941][info ] Leaving safepoint region
[2025-06-16T00:42:50.498+0000][1888.176s][915][941][info ] Total time for which application threads were stopped: 0.0001961 seconds, Stopping threads took: 0.0000500 seconds
[2025-06-16T00:42:51.499+0000][1889.176s][915][941][info ] Application time: 1.0001069 seconds
[2025-06-16T00:42:51.499+0000][1889.176s][915][941][info ] Entering safepoint region: Cleanup
[2025-06-16T00:42:51.499+0000][1889.176s][915][941][info ] Leaving safepoint region
[2025-06-16T00:42:51.499+0000][1889.176s][915][941][info ] Total time for which application threads were stopped: 0.0001763 seconds, Stopping threads took: 0.0000397 seconds
[2025-06-16T00:42:52.499+0000][1890.176s][915][941][info ] Application time: 1.0000925 seconds
[2025-06-16T00:42:52.499+0000][1890.177s][915][941][info ] Entering safepoint region: Cleanup
[2025-06-16T00:42:52.499+0000][1890.177s][915][941][info ] Leaving safepoint region
[2025-06-16T00:42:52.499+0000][1890.177s][915][941][info ] Total time for which application threads were stopped: 0.0001859 seconds, Stopping threads took: 0.0000350 seconds
[2025-06-16T00:42:53.499+0000][1891.177s][915][941][info ] Application time: 1.0000937 seconds
[2025-06-16T00:42:53.499+0000][1891.177s][915][941][info ] Entering safepoint region: Cleanup
[2025-06-16T00:42:53.500+0000][1891.177s][915][941][info ] Leaving safepoint region
[2025-06-16T00:42:53.500+0000][1891.177s][915][941][info ] Total time for which application threads were stopped: 0.0002153 seconds, Stopping threads took: 0.0000408 seconds
[2025-06-16T00:42:54.500+0000][1892.177s][915][941][info ] Application time: 1.0001387 seconds
[2025-06-16T00:42:54.500+0000][1892.177s][915][941][info ] Entering safepoint region: Cleanup
[2025-06-16T00:42:54.500+0000][1892.178s][915][941][info ] Leaving safepoint region
[2025-06-16T00:42:54.500+0000][1892.178s][915][941][info ] Total time for which application threads were stopped: 0.0001940 seconds, Stopping threads took: 0.0000478 seconds
[2025-06-16T00:42:54.834+0000][1892.512s][915][940][trace] CMS: promo attempt is safe: available(6912212992) >= av_promo(0), max_promo(892489536)
[2025-06-16T00:42:55.500+0000][1893.178s][915][941][info ] Application time: 1.0001272 seconds
[2025-06-16T00:42:55.500+0000][1893.178s][915][941][info ] Entering safepoint region: Cleanup
[2025-06-16T00:42:55.500+0000][1893.178s][915][941][info ] Leaving safepoint region
[2025-06-16T00:42:55.501+0000][1893.178s][915][941][info ] Total time for which application threads were stopped: 0.0002056 seconds, Stopping threads took: 0.0000425 seconds
[2025-06-16T00:42:56.501+0000][1894.178s][915][941][info ] Application time: 1.0000921 seconds
[2025-06-16T00:42:56.501+0000][1894.178s][915][941][info ] Entering safepoint region: Cleanup
[2025-06-16T00:42:56.501+0000][1894.178s][915][941][info ] Leaving safepoint region
[2025-06-16T00:42:56.501+0000][1894.178s][915][941][info ] Total time for which application threads were stopped: 0.0001479 seconds, Stopping threads took: 0.0000323 seconds
[2025-06-16T00:42:57.501+0000][1895.178s][915][941][info ] Application time: 1.0001040 seconds
[2025-06-16T00:42:57.501+0000][1895.179s][915][941][info ] Entering safepoint region: Cleanup
[2025-06-16T00:42:57.501+0000][1895.179s][915][941][info ] Leaving safepoint region
[2025-06-16T00:42:57.501+0000][1895.179s][915][941][info ] Total time for which application threads were stopped: 0.0001959 seconds, Stopping threads took: 0.0000385 seconds
[2025-06-16T00:42:58.501+0000][1896.179s][915][941][info ] Application time: 1.0001091 seconds
[2025-06-16T00:42:58.502+0000][1896.180s][915][941][info ] Entering safepoint region: Cleanup
[2025-06-16T00:42:58.502+0000][1896.180s][915][941][info ] Leaving safepoint region
[2025-06-16T00:42:58.502+0000][1896.180s][915][941][info ] Total time for which application threads were stopped: 0.0002278 seconds, Stopping threads took: 0.0000659 seconds
[2025-06-16T00:42:59.503+0000][1897.180s][915][941][info ] Application time: 1.0001058 seconds
[2025-06-16T00:42:59.503+0000][1897.180s][915][941][info ] Entering safepoint region: Cleanup
[2025-06-16T00:42:59.503+0000][1897.180s][915][941][info ] Leaving safepoint region
[2025-06-16T00:42:59.503+0000][1897.180s][915][941][info ] Total time for which application threads were stopped: 0.0001861 seconds, Stopping threads took: 0.0000417 seconds
[2025-06-16T00:43:00.503+0000][1898.180s][915][941][info ] Application time: 1.0001041 seconds
[2025-06-16T00:43:00.503+0000][1898.181s][915][941][info ] Entering safepoint region: Cleanup
[2025-06-16T00:43:00.503+0000][1898.181s][915][941][info ] Leaving safepoint region
[2025-06-16T00:43:00.503+0000][1898.181s][915][941][info ] Total time for which application threads were stopped: 0.0002583 seconds, Stopping threads took: 0.0000498 seconds
[2025-06-16T00:43:01.503+0000][1899.181s][915][941][info ] Application time: 1.0001194 seconds
[2025-06-16T00:43:01.504+0000][1899.181s][915][941][info ] Entering safepoint region: Cleanup
[2025-06-16T00:43:01.504+0000][1899.181s][915][941][info ] Leaving safepoint region
[2025-06-16T00:43:01.504+0000][1899.181s][915][941][info ] Total time for which application threads were stopped: 0.0002439 seconds, Stopping threads took: 0.0000475 seconds
[2025-06-16T00:43:02.504+0000][1900.181s][915][941][info ] Application time: 1.0000949 seconds
[2025-06-16T00:43:02.504+0000][1900.181s][915][941][info ] Entering safepoint region: Cleanup
[2025-06-16T00:43:02.504+0000][1900.182s][915][941][info ] Leaving safepoint region
[2025-06-16T00:43:02.504+0000][1900.182s][915][941][info ] Total time for which application threads were stopped: 0.0002574 seconds, Stopping threads took: 0.0000529 seconds
[2025-06-16T00:43:03.504+0000][1901.182s][915][941][info ] Application time: 1.0000969 seconds
[2025-06-16T00:43:03.504+0000][1901.182s][915][941][info ] Entering safepoint region: Cleanup
[2025-06-16T00:43:03.505+0000][1901.182s][915][941][info ] Leaving safepoint region
[2025-06-16T00:43:03.505+0000][1901.182s][915][941][info ] Total time for which application threads were stopped: 0.0002497 seconds, Stopping threads took: 0.0000472 seconds
[2025-06-16T00:43:04.505+0000][1902.182s][915][941][info ] Application time: 1.0000886 seconds
[2025-06-16T00:43:04.505+0000][1902.182s][915][941][info ] Entering safepoint region: Cleanup
[2025-06-16T00:43:04.505+0000][1902.182s][915][941][info ] Leaving safepoint region
[2025-06-16T00:43:04.505+0000][1902.183s][915][941][info ] Total time for which application threads were stopped: 0.0002329 seconds, Stopping threads took: 0.0000461 seconds
[2025-06-16T00:43:04.834+0000][1902.512s][915][940][trace] CMS: promo attempt is safe: available(6912212992) >= av_promo(0), max_promo(892489536)
[2025-06-16T00:43:05.505+0000][1903.183s][915][941][info ] Application time: 1.0000885 seconds
[2025-06-16T00:43:05.505+0000][1903.183s][915][941][info ] Entering safepoint region: Cleanup
[2025-06-16T00:43:05.505+0000][1903.183s][915][941][info ] Leaving safepoint region
[2025-06-16T00:43:05.505+0000][1903.183s][915][941][info ] Total time for which application threads were stopped: 0.0002284 seconds, Stopping threads took: 0.0000439 seconds
[2025-06-16T00:43:06.506+0000][1904.183s][915][941][info ] Application time: 1.0000887 seconds
[2025-06-16T00:43:06.506+0000][1904.183s][915][941][info ] Entering safepoint region: Cleanup
[2025-06-16T00:43:06.506+0000][1904.183s][915][941][info ] Leaving safepoint region
[2025-06-16T00:43:06.506+0000][1904.183s][915][941][info ] Total time for which application threads were stopped: 0.0002311 seconds, Stopping threads took: 0.0000334 seconds
[2025-06-16T00:43:07.506+0000][1905.183s][915][941][info ] Application time: 1.0001096 seconds
[2025-06-16T00:43:07.506+0000][1905.184s][915][941][info ] Entering safepoint region: Cleanup
[2025-06-16T00:43:07.506+0000][1905.184s][915][941][info ] Leaving safepoint region
[2025-06-16T00:43:07.506+0000][1905.184s][915][941][info ] Total time for which application threads were stopped: 0.0001745 seconds, Stopping threads took: 0.0000427 seconds
[2025-06-16T00:43:08.506+0000][1906.184s][915][941][info ] Application time: 1.0001013 seconds
[2025-06-16T00:43:08.506+0000][1906.184s][915][941][info ] Entering safepoint region: Cleanup
[2025-06-16T00:43:08.507+0000][1906.184s][915][941][info ] Leaving safepoint region
[2025-06-16T00:43:08.507+0000][1906.184s][915][941][info ] Total time for which application threads were stopped: 0.0001950 seconds, Stopping threads took: 0.0000345 seconds
[2025-06-16T00:43:09.507+0000][1907.184s][915][941][info ] Application time: 1.0001241 seconds
[2025-06-16T00:43:09.507+0000][1907.184s][915][941][info ] Entering safepoint region: Cleanup
[2025-06-16T00:43:09.507+0000][1907.184s][915][941][info ] Leaving safepoint region
[2025-06-16T00:43:09.507+0000][1907.185s][915][941][info ] Total time for which application threads were stopped: 0.0001998 seconds, Stopping threads took: 0.0000433 seconds
[2025-06-16T00:43:10.507+0000][1908.185s][915][941][info ] Application time: 1.0001026 seconds
[2025-06-16T00:43:10.507+0000][1908.185s][915][941][info ] Entering safepoint region: Cleanup
[2025-06-16T00:43:10.507+0000][1908.185s][915][941][info ] Leaving safepoint region
[2025-06-16T00:43:10.507+0000][1908.185s][915][941][info ] Total time for which application threads were stopped: 0.0001995 seconds, Stopping threads took: 0.0000489 seconds
[2025-06-16T00:43:11.508+0000][1909.185s][915][941][info ] Application time: 1.0001094 seconds
[2025-06-16T00:43:11.508+0000][1909.185s][915][941][info ] Entering safepoint region: Cleanup
[2025-06-16T00:43:11.508+0000][1909.185s][915][941][info ] Leaving safepoint region
[2025-06-16T00:43:11.508+0000][1909.185s][915][941][info ] Total time for which application threads were stopped: 0.0001956 seconds, Stopping threads took: 0.0000443 seconds
[2025-06-16T00:43:12.508+0000][1910.185s][915][941][info ] Application time: 1.0000933 seconds
[2025-06-16T00:43:12.508+0000][1910.186s][915][941][info ] Entering safepoint region: Cleanup
[2025-06-16T00:43:12.508+0000][1910.186s][915][941][info ] Leaving safepoint region
[2025-06-16T00:43:12.508+0000][1910.186s][915][941][info ] Total time for which application threads were stopped: 0.0001830 seconds, Stopping threads took: 0.0000379 seconds
[2025-06-16T00:43:13.508+0000][1911.186s][915][941][info ] Application time: 1.0000989 seconds
[2025-06-16T00:43:13.508+0000][1911.186s][915][941][info ] Entering safepoint region: Cleanup
[2025-06-16T00:43:13.509+0000][1911.186s][915][941][info ] Leaving safepoint region
[2025-06-16T00:43:13.509+0000][1911.186s][915][941][info ] Total time for which application threads were stopped: 0.0002557 seconds, Stopping threads took: 0.0000458 seconds
[2025-06-16T00:43:14.509+0000][1912.186s][915][941][info ] Application time: 1.0000881 seconds
[2025-06-16T00:43:14.509+0000][1912.186s][915][941][info ] Entering safepoint region: Cleanup
[2025-06-16T00:43:14.509+0000][1912.186s][915][941][info ] Leaving safepoint region
[2025-06-16T00:43:14.509+0000][1912.186s][915][941][info ] Total time for which application threads were stopped: 0.0001547 seconds, Stopping threads took: 0.0000329 seconds
[2025-06-16T00:43:14.834+0000][1912.512s][915][940][trace] CMS: promo attempt is safe: available(6912212992) >= av_promo(0), max_promo(892489536)
[2025-06-16T00:43:15.509+0000][1913.187s][915][941][info ] Application time: 1.0000844 seconds
[2025-06-16T00:43:15.509+0000][1913.187s][915][941][info ] Entering safepoint region: Cleanup
[2025-06-16T00:43:15.509+0000][1913.187s][915][941][info ] Leaving safepoint region
[2025-06-16T00:43:15.509+0000][1913.187s][915][941][info ] Total time for which application threads were stopped: 0.0001749 seconds, Stopping threads took: 0.0000404 seconds
[2025-06-16T00:43:16.509+0000][1914.187s][915][941][info ] Application time: 1.0001098 seconds
[2025-06-16T00:43:16.510+0000][1914.187s][915][941][info ] Entering safepoint region: Cleanup
[2025-06-16T00:43:16.510+0000][1914.187s][915][941][info ] Leaving safepoint region
[2025-06-16T00:43:16.510+0000][1914.187s][915][941][info ] Total time for which application threads were stopped: 0.0002113 seconds, Stopping threads took: 0.0000460 seconds
[2025-06-16T00:43:17.510+0000][1915.187s][915][941][info ] Application time: 1.0000808 seconds
[2025-06-16T00:43:17.510+0000][1915.187s][915][941][info ] Entering safepoint region: Cleanup
[2025-06-16T00:43:17.510+0000][1915.188s][915][941][info ] Leaving safepoint region
[2025-06-16T00:43:17.510+0000][1915.188s][915][941][info ] Total time for which application threads were stopped: 0.0001819 seconds, Stopping threads took: 0.0000382 seconds
[2025-06-16T00:43:18.510+0000][1916.188s][915][941][info ] Application time: 1.0000943 seconds
[2025-06-16T00:43:18.510+0000][1916.188s][915][941][info ] Entering safepoint region: Cleanup
[2025-06-16T00:43:18.510+0000][1916.188s][915][941][info ] Leaving safepoint region
[2025-06-16T00:43:18.510+0000][1916.188s][915][941][info ] Total time for which application threads were stopped: 0.0001862 seconds, Stopping threads took: 0.0000389 seconds
[2025-06-16T00:43:19.511+0000][1917.188s][915][941][info ] Application time: 1.0001000 seconds
[2025-06-16T00:43:19.511+0000][1917.188s][915][941][info ] Entering safepoint region: Cleanup
[2025-06-16T00:43:19.511+0000][1917.188s][915][941][info ] Leaving safepoint region
[2025-06-16T00:43:19.511+0000][1917.188s][915][941][info ] Total time for which application threads were stopped: 0.0001917 seconds, Stopping threads took: 0.0000423 seconds
[2025-06-16T00:43:20.511+0000][1918.188s][915][941][info ] Application time: 1.0001010 seconds
[2025-06-16T00:43:20.511+0000][1918.189s][915][941][info ] Entering safepoint region: Cleanup
[2025-06-16T00:43:20.511+0000][1918.189s][915][941][info ] Leaving safepoint region
[2025-06-16T00:43:20.511+0000][1918.189s][915][941][info ] Total time for which application threads were stopped: 0.0002344 seconds, Stopping threads took: 0.0000460 seconds
[2025-06-16T00:43:21.511+0000][1919.189s][915][941][info ] Application time: 1.0001029 seconds
[2025-06-16T00:43:21.511+0000][1919.189s][915][941][info ] Entering safepoint region: Cleanup
[2025-06-16T00:43:21.512+0000][1919.189s][915][941][info ] Leaving safepoint region
[2025-06-16T00:43:21.512+0000][1919.189s][915][941][info ] Total time for which application threads were stopped: 0.0002581 seconds, Stopping threads took: 0.0000491 seconds
[2025-06-16T00:43:22.512+0000][1920.189s][915][941][info ] Application time: 1.0001115 seconds
[2025-06-16T00:43:22.512+0000][1920.189s][915][941][info ] Entering safepoint region: Cleanup
[2025-06-16T00:43:22.512+0000][1920.190s][915][941][info ] Leaving safepoint region
[2025-06-16T00:43:22.512+0000][1920.190s][915][941][info ] Total time for which application threads were stopped: 0.0002532 seconds, Stopping threads took: 0.0000479 seconds
[2025-06-16T00:43:23.512+0000][1921.190s][915][941][info ] Application time: 1.0001097 seconds
[2025-06-16T00:43:23.512+0000][1921.190s][915][941][info ] Entering safepoint region: Cleanup
[2025-06-16T00:43:23.513+0000][1921.190s][915][941][info ] Leaving safepoint region
[2025-06-16T00:43:23.513+0000][1921.190s][915][941][info ] Total time for which application threads were stopped: 0.0001991 seconds, Stopping threads took: 0.0000510 seconds
[2025-06-16T00:43:24.513+0000][1922.190s][915][941][info ] Application time: 1.0001007 seconds
[2025-06-16T00:43:24.513+0000][1922.190s][915][941][info ] Entering safepoint region: Cleanup
[2025-06-16T00:43:24.513+0000][1922.190s][915][941][info ] Leaving safepoint region
[2025-06-16T00:43:24.513+0000][1922.190s][915][941][info ] Total time for which application threads were stopped: 0.0001745 seconds, Stopping threads took: 0.0000383 seconds
[2025-06-16T00:43:24.834+0000][1922.512s][915][940][trace] CMS: promo attempt is safe: available(6912212992) >= av_promo(0), max_promo(892489536)
[2025-06-16T00:43:25.513+0000][1923.191s][915][941][info ] Application time: 1.0001116 seconds
[2025-06-16T00:43:25.513+0000][1923.191s][915][941][info ] Entering safepoint region: Cleanup
[2025-06-16T00:43:25.513+0000][1923.191s][915][941][info ] Leaving safepoint region
[2025-06-16T00:43:25.513+0000][1923.191s][915][941][info ] Total time for which application threads were stopped: 0.0001855 seconds, Stopping threads took: 0.0000481 seconds
[2025-06-16T00:43:26.513+0000][1924.191s][915][941][info ] Application time: 1.0001050 seconds
[2025-06-16T00:43:26.514+0000][1924.191s][915][941][info ] Entering safepoint region: Cleanup
[2025-06-16T00:43:26.514+0000][1924.191s][915][941][info ] Leaving safepoint region
[2025-06-16T00:43:26.514+0000][1924.191s][915][941][info ] Total time for which application threads were stopped: 0.0001931 seconds, Stopping threads took: 0.0000418 seconds
[2025-06-16T00:43:27.514+0000][1925.191s][915][941][info ] Application time: 1.0000867 seconds
[2025-06-16T00:43:27.514+0000][1925.191s][915][941][info ] Entering safepoint region: Cleanup
[2025-06-16T00:43:27.514+0000][1925.192s][915][941][info ] Leaving safepoint region
[2025-06-16T00:43:27.514+0000][1925.192s][915][941][info ] Total time for which application threads were stopped: 0.0001868 seconds, Stopping threads took: 0.0000365 seconds
[2025-06-16T00:43:28.514+0000][1926.192s][915][941][info ] Application time: 1.0000933 seconds
[2025-06-16T00:43:28.514+0000][1926.192s][915][941][info ] Entering safepoint region: Cleanup
[2025-06-16T00:43:28.514+0000][1926.192s][915][941][info ] Leaving safepoint region
[2025-06-16T00:43:28.514+0000][1926.192s][915][941][info ] Total time for which application threads were stopped: 0.0001778 seconds, Stopping threads took: 0.0000411 seconds
[2025-06-16T00:43:29.515+0000][1927.192s][915][941][info ] Application time: 1.0000931 seconds
[2025-06-16T00:43:29.515+0000][1927.192s][915][941][info ] Entering safepoint region: Cleanup
[2025-06-16T00:43:29.515+0000][1927.192s][915][941][info ] Leaving safepoint region
[2025-06-16T00:43:29.515+0000][1927.192s][915][941][info ] Total time for which application threads were stopped: 0.0001647 seconds, Stopping threads took: 0.0000371 seconds
[2025-06-16T00:43:30.515+0000][1928.192s][915][941][info ] Application time: 1.0000971 seconds
[2025-06-16T00:43:30.515+0000][1928.192s][915][941][info ] Entering safepoint region: Cleanup
[2025-06-16T00:43:30.515+0000][1928.193s][915][941][info ] Leaving safepoint region
[2025-06-16T00:43:30.515+0000][1928.193s][915][941][info ] Total time for which application threads were stopped: 0.0001598 seconds, Stopping threads took: 0.0000332 seconds
[2025-06-16T00:43:31.515+0000][1929.193s][915][941][info ] Application time: 1.0001256 seconds
[2025-06-16T00:43:31.515+0000][1929.193s][915][941][info ] Entering safepoint region: Cleanup
[2025-06-16T00:43:31.516+0000][1929.193s][915][941][info ] Leaving safepoint region
[2025-06-16T00:43:31.516+0000][1929.193s][915][941][info ] Total time for which application threads were stopped: 0.0001926 seconds, Stopping threads took: 0.0000400 seconds
[2025-06-16T00:43:32.516+0000][1930.193s][915][941][info ] Application time: 1.0000928 seconds
[2025-06-16T00:43:32.516+0000][1930.193s][915][941][info ] Entering safepoint region: Cleanup
[2025-06-16T00:43:32.516+0000][1930.193s][915][941][info ] Leaving safepoint region
[2025-06-16T00:43:32.516+0000][1930.193s][915][941][info ] Total time for which application threads were stopped: 0.0001666 seconds, Stopping threads took: 0.0000347 seconds
[2025-06-16T00:43:33.516+0000][1931.194s][915][941][info ] Application time: 1.0001115 seconds
[2025-06-16T00:43:33.516+0000][1931.194s][915][941][info ] Entering safepoint region: Cleanup
[2025-06-16T00:43:33.516+0000][1931.194s][915][941][info ] Leaving safepoint region
[2025-06-16T00:43:33.516+0000][1931.194s][915][941][info ] Total time for which application threads were stopped: 0.0001935 seconds, Stopping threads took: 0.0000390 seconds
[2025-06-16T00:43:34.516+0000][1932.194s][915][941][info ] Application time: 1.0001040 seconds
[2025-06-16T00:43:34.517+0000][1932.194s][915][941][info ] Entering safepoint region: Cleanup
[2025-06-16T00:43:34.517+0000][1932.194s][915][941][info ] Leaving safepoint region
[2025-06-16T00:43:34.517+0000][1932.194s][915][941][info ] Total time for which application threads were stopped: 0.0002365 seconds, Stopping threads took: 0.0000340 seconds
[2025-06-16T00:43:34.834+0000][1932.511s][915][940][trace] CMS: promo attempt is safe: available(6912212992) >= av_promo(0), max_promo(892489536)
[2025-06-16T00:43:35.517+0000][1933.194s][915][941][info ] Application time: 1.0001058 seconds
[2025-06-16T00:43:35.517+0000][1933.194s][915][941][info ] Entering safepoint region: Cleanup
[2025-06-16T00:43:35.517+0000][1933.195s][915][941][info ] Leaving safepoint region
[2025-06-16T00:43:35.517+0000][1933.195s][915][941][info ] Total time for which application threads were stopped: 0.0002110 seconds, Stopping threads took: 0.0000601 seconds
[2025-06-16T00:43:36.517+0000][1934.195s][915][941][info ] Application time: 1.0000926 seconds
[2025-06-16T00:43:36.517+0000][1934.195s][915][941][info ] Entering safepoint region: Cleanup
[2025-06-16T00:43:36.517+0000][1934.195s][915][941][info ] Leaving safepoint region
[2025-06-16T00:43:36.518+0000][1934.195s][915][941][info ] Total time for which application threads were stopped: 0.0001629 seconds, Stopping threads took: 0.0000374 seconds
[2025-06-16T00:43:37.518+0000][1935.195s][915][941][info ] Application time: 1.0000898 seconds
[2025-06-16T00:43:37.518+0000][1935.195s][915][941][info ] Entering safepoint region: Cleanup
[2025-06-16T00:43:37.518+0000][1935.195s][915][941][info ] Leaving safepoint region
[2025-06-16T00:43:37.518+0000][1935.195s][915][941][info ] Total time for which application threads were stopped: 0.0002448 seconds, Stopping threads took: 0.0000349 seconds
[2025-06-16T00:43:38.518+0000][1936.196s][915][941][info ] Application time: 1.0000998 seconds
[2025-06-16T00:43:38.518+0000][1936.196s][915][941][info ] Entering safepoint region: Cleanup
[2025-06-16T00:43:38.518+0000][1936.196s][915][941][info ] Leaving safepoint region
[2025-06-16T00:43:38.518+0000][1936.196s][915][941][info ] Total time for which application threads were stopped: 0.0002115 seconds, Stopping threads took: 0.0000421 seconds
[2025-06-16T00:43:39.518+0000][1937.196s][915][941][info ] Application time: 1.0001160 seconds
[2025-06-16T00:43:39.519+0000][1937.196s][915][941][info ] Entering safepoint region: Cleanup
[2025-06-16T00:43:39.519+0000][1937.196s][915][941][info ] Leaving safepoint region
[2025-06-16T00:43:39.519+0000][1937.196s][915][941][info ] Total time for which application threads were stopped: 0.0001666 seconds, Stopping threads took: 0.0000383 seconds
[2025-06-16T00:43:40.519+0000][1938.196s][915][941][info ] Application time: 1.0001399 seconds
[2025-06-16T00:43:40.519+0000][1938.196s][915][941][info ] Entering safepoint region: Cleanup
[2025-06-16T00:43:40.519+0000][1938.197s][915][941][info ] Leaving safepoint region
[2025-06-16T00:43:40.519+0000][1938.197s][915][941][info ] Total time for which application threads were stopped: 0.0002164 seconds, Stopping threads took: 0.0000427 seconds
[2025-06-16T00:43:41.519+0000][1939.197s][915][941][info ] Application time: 1.0000968 seconds
[2025-06-16T00:43:41.519+0000][1939.197s][915][941][info ] Entering safepoint region: Cleanup
[2025-06-16T00:43:41.520+0000][1939.197s][915][941][info ] Leaving safepoint region
[2025-06-16T00:43:41.520+0000][1939.197s][915][941][info ] Total time for which application threads were stopped: 0.0001783 seconds, Stopping threads took: 0.0000370 seconds
[2025-06-16T00:43:42.520+0000][1940.197s][915][941][info ] Application time: 1.0000986 seconds
[2025-06-16T00:43:42.520+0000][1940.197s][915][941][info ] Entering safepoint region: Cleanup
[2025-06-16T00:43:42.520+0000][1940.197s][915][941][info ] Leaving safepoint region
[2025-06-16T00:43:42.520+0000][1940.197s][915][941][info ] Total time for which application threads were stopped: 0.0001778 seconds, Stopping threads took: 0.0000367 seconds
[2025-06-16T00:43:43.520+0000][1941.198s][915][941][info ] Application time: 1.0000930 seconds
[2025-06-16T00:43:43.520+0000][1941.198s][915][941][info ] Entering safepoint region: Cleanup
[2025-06-16T00:43:43.520+0000][1941.198s][915][941][info ] Leaving safepoint region
[2025-06-16T00:43:43.520+0000][1941.198s][915][941][info ] Total time for which application threads were stopped: 0.0001691 seconds, Stopping threads took: 0.0000358 seconds
[2025-06-16T00:43:44.520+0000][1942.198s][915][941][info ] Application time: 1.0001091 seconds
[2025-06-16T00:43:44.520+0000][1942.198s][915][941][info ] Entering safepoint region: Cleanup
[2025-06-16T00:43:44.521+0000][1942.198s][915][941][info ] Leaving safepoint region
[2025-06-16T00:43:44.521+0000][1942.198s][915][941][info ] Total time for which application threads were stopped: 0.0001810 seconds, Stopping threads took: 0.0000382 seconds
[2025-06-16T00:43:44.834+0000][1942.511s][915][940][trace] CMS: promo attempt is safe: available(6912212992) >= av_promo(0), max_promo(892489536)
[2025-06-16T00:43:45.521+0000][1943.198s][915][941][info ] Application time: 1.0001239 seconds
[2025-06-16T00:43:45.521+0000][1943.198s][915][941][info ] Entering safepoint region: Cleanup
[2025-06-16T00:43:45.521+0000][1943.199s][915][941][info ] Leaving safepoint region
[2025-06-16T00:43:45.521+0000][1943.199s][915][941][info ] Total time for which application threads were stopped: 0.0001963 seconds, Stopping threads took: 0.0000410 seconds
[2025-06-16T00:43:46.521+0000][1944.199s][915][941][info ] Application time: 1.0001188 seconds
[2025-06-16T00:43:46.521+0000][1944.199s][915][941][info ] Entering safepoint region: Cleanup
[2025-06-16T00:43:46.521+0000][1944.199s][915][941][info ] Leaving safepoint region
[2025-06-16T00:43:46.521+0000][1944.199s][915][941][info ] Total time for which application threads were stopped: 0.0002030 seconds, Stopping threads took: 0.0000523 seconds
[2025-06-16T00:43:47.522+0000][1945.199s][915][941][info ] Application time: 1.0001458 seconds
[2025-06-16T00:43:47.522+0000][1945.199s][915][941][info ] Entering safepoint region: Cleanup
[2025-06-16T00:43:47.522+0000][1945.199s][915][941][info ] Leaving safepoint region
[2025-06-16T00:43:47.522+0000][1945.200s][915][941][info ] Total time for which application threads were stopped: 0.0002908 seconds, Stopping threads took: 0.0000957 seconds
[2025-06-16T00:43:48.522+0000][1946.200s][915][941][info ] Application time: 1.0001151 seconds
[2025-06-16T00:43:48.522+0000][1946.200s][915][941][info ] Entering safepoint region: Cleanup
[2025-06-16T00:43:48.522+0000][1946.200s][915][941][info ] Leaving safepoint region
[2025-06-16T00:43:48.522+0000][1946.200s][915][941][info ] Total time for which application threads were stopped: 0.0002335 seconds, Stopping threads took: 0.0000413 seconds
[2025-06-16T00:43:49.523+0000][1947.200s][915][941][info ] Application time: 1.0001027 seconds
[2025-06-16T00:43:49.523+0000][1947.200s][915][941][info ] Entering safepoint region: Cleanup
[2025-06-16T00:43:49.523+0000][1947.200s][915][941][info ] Leaving safepoint region
[2025-06-16T00:43:49.523+0000][1947.200s][915][941][info ] Total time for which application threads were stopped: 0.0001978 seconds, Stopping threads took: 0.0000491 seconds
[2025-06-16T00:43:50.523+0000][1948.200s][915][941][info ] Application time: 1.0000995 seconds
[2025-06-16T00:43:50.523+0000][1948.201s][915][941][info ] Entering safepoint region: Cleanup
[2025-06-16T00:43:50.523+0000][1948.201s][915][941][info ] Leaving safepoint region
[2025-06-16T00:43:50.523+0000][1948.201s][915][941][info ] Total time for which application threads were stopped: 0.0001758 seconds, Stopping threads took: 0.0000398 seconds
[2025-06-16T00:43:51.523+0000][1949.201s][915][941][info ] Application time: 1.0001075 seconds
[2025-06-16T00:43:51.523+0000][1949.201s][915][941][info ] Entering safepoint region: Cleanup
[2025-06-16T00:43:51.524+0000][1949.201s][915][941][info ] Leaving safepoint region
[2025-06-16T00:43:51.524+0000][1949.201s][915][941][info ] Total time for which application threads were stopped: 0.0002026 seconds, Stopping threads took: 0.0000403 seconds
[2025-06-16T00:43:52.524+0000][1950.201s][915][941][info ] Application time: 1.0000963 seconds
[2025-06-16T00:43:52.524+0000][1950.201s][915][941][info ] Entering safepoint region: Cleanup
[2025-06-16T00:43:52.524+0000][1950.201s][915][941][info ] Leaving safepoint region
[2025-06-16T00:43:52.524+0000][1950.202s][915][941][info ] Total time for which application threads were stopped: 0.0002037 seconds, Stopping threads took: 0.0000417 seconds
[2025-06-16T00:43:53.524+0000][1951.202s][915][941][info ] Application time: 1.0000939 seconds
[2025-06-16T00:43:53.524+0000][1951.202s][915][941][info ] Entering safepoint region: Cleanup
[2025-06-16T00:43:53.524+0000][1951.202s][915][941][info ] Leaving safepoint region
[2025-06-16T00:43:53.524+0000][1951.202s][915][941][info ] Total time for which application threads were stopped: 0.0001700 seconds, Stopping threads took: 0.0000375 seconds
[2025-06-16T00:43:54.524+0000][1952.202s][915][941][info ] Application time: 1.0000885 seconds
[2025-06-16T00:43:54.525+0000][1952.202s][915][941][info ] Entering safepoint region: Cleanup
[2025-06-16T00:43:54.525+0000][1952.202s][915][941][info ] Leaving safepoint region
[2025-06-16T00:43:54.525+0000][1952.202s][915][941][info ] Total time for which application threads were stopped: 0.0001704 seconds, Stopping threads took: 0.0000376 seconds
[2025-06-16T00:43:54.834+0000][1952.511s][915][940][trace] CMS: promo attempt is safe: available(6912212992) >= av_promo(0), max_promo(892489536)
[2025-06-16T00:43:55.525+0000][1953.202s][915][941][info ] Application time: 1.0001070 seconds
[2025-06-16T00:43:55.525+0000][1953.202s][915][941][info ] Entering safepoint region: Cleanup
[2025-06-16T00:43:55.525+0000][1953.203s][915][941][info ] Leaving safepoint region
[2025-06-16T00:43:55.525+0000][1953.203s][915][941][info ] Total time for which application threads were stopped: 0.0002106 seconds, Stopping threads took: 0.0000485 seconds
[2025-06-16T00:43:56.525+0000][1954.203s][915][941][info ] Application time: 1.0001189 seconds
[2025-06-16T00:43:56.525+0000][1954.203s][915][941][info ] Entering safepoint region: Cleanup
[2025-06-16T00:43:56.526+0000][1954.203s][915][941][info ] Leaving safepoint region
[2025-06-16T00:43:56.526+0000][1954.203s][915][941][info ] Total time for which application threads were stopped: 0.0001743 seconds, Stopping threads took: 0.0000371 seconds
[2025-06-16T00:43:57.526+0000][1955.203s][915][941][info ] Application time: 1.0000961 seconds
[2025-06-16T00:43:57.526+0000][1955.203s][915][941][info ] Entering safepoint region: Cleanup
[2025-06-16T00:43:57.526+0000][1955.203s][915][941][info ] Leaving safepoint region
[2025-06-16T00:43:57.526+0000][1955.203s][915][941][info ] Total time for which application threads were stopped: 0.0001853 seconds, Stopping threads took: 0.0000560 seconds
[2025-06-16T00:43:58.526+0000][1956.204s][915][941][info ] Application time: 1.0001078 seconds
[2025-06-16T00:43:58.526+0000][1956.204s][915][941][info ] Entering safepoint region: Cleanup
[2025-06-16T00:43:58.526+0000][1956.204s][915][941][info ] Leaving safepoint region
[2025-06-16T00:43:58.526+0000][1956.204s][915][941][info ] Total time for which application threads were stopped: 0.0002264 seconds, Stopping threads took: 0.0000424 seconds
[2025-06-16T00:43:59.526+0000][1957.204s][915][941][info ] Application time: 1.0001011 seconds
[2025-06-16T00:43:59.527+0000][1957.204s][915][941][info ] Entering safepoint region: Cleanup
[2025-06-16T00:43:59.527+0000][1957.204s][915][941][info ] Leaving safepoint region
[2025-06-16T00:43:59.527+0000][1957.204s][915][941][info ] Total time for which application threads were stopped: 0.0001669 seconds, Stopping threads took: 0.0000341 seconds
[2025-06-16T00:44:00.527+0000][1958.204s][915][941][info ] Application time: 1.0000918 seconds
[2025-06-16T00:44:00.527+0000][1958.204s][915][941][info ] Entering safepoint region: Cleanup
[2025-06-16T00:44:00.527+0000][1958.205s][915][941][info ] Leaving safepoint region
[2025-06-16T00:44:00.527+0000][1958.205s][915][941][info ] Total time for which application threads were stopped: 0.0001698 seconds, Stopping threads took: 0.0000351 seconds
[2025-06-16T00:44:01.527+0000][1959.205s][915][941][info ] Application time: 1.0000879 seconds
[2025-06-16T00:44:01.527+0000][1959.205s][915][941][info ] Entering safepoint region: Cleanup
[2025-06-16T00:44:01.527+0000][1959.205s][915][941][info ] Leaving safepoint region
[2025-06-16T00:44:01.527+0000][1959.205s][915][941][info ] Total time for which application threads were stopped: 0.0001844 seconds, Stopping threads took: 0.0000355 seconds
[2025-06-16T00:44:02.528+0000][1960.205s][915][941][info ] Application time: 1.0000976 seconds
[2025-06-16T00:44:02.528+0000][1960.205s][915][941][info ] Entering safepoint region: Cleanup
[2025-06-16T00:44:02.528+0000][1960.205s][915][941][info ] Leaving safepoint region
[2025-06-16T00:44:02.528+0000][1960.205s][915][941][info ] Total time for which application threads were stopped: 0.0001726 seconds, Stopping threads took: 0.0000401 seconds
[2025-06-16T00:44:03.528+0000][1961.205s][915][941][info ] Application time: 1.0000970 seconds
[2025-06-16T00:44:03.528+0000][1961.205s][915][941][info ] Entering safepoint region: Cleanup
[2025-06-16T00:44:03.528+0000][1961.206s][915][941][info ] Leaving safepoint region
[2025-06-16T00:44:03.528+0000][1961.206s][915][941][info ] Total time for which application threads were stopped: 0.0001879 seconds, Stopping threads took: 0.0000437 seconds
[2025-06-16T00:44:04.528+0000][1962.206s][915][941][info ] Application time: 1.0001051 seconds
[2025-06-16T00:44:04.528+0000][1962.206s][915][941][info ] Entering safepoint region: Cleanup
[2025-06-16T00:44:04.529+0000][1962.206s][915][941][info ] Leaving safepoint region
[2025-06-16T00:44:04.529+0000][1962.206s][915][941][info ] Total time for which application threads were stopped: 0.0002234 seconds, Stopping threads took: 0.0000462 seconds
[2025-06-16T00:44:04.834+0000][1962.511s][915][940][trace] CMS: promo attempt is safe: available(6912212992) >= av_promo(0), max_promo(892489536)
[2025-06-16T00:44:05.529+0000][1963.206s][915][941][info ] Application time: 1.0001003 seconds
[2025-06-16T00:44:05.529+0000][1963.206s][915][941][info ] Entering safepoint region: Cleanup
[2025-06-16T00:44:05.529+0000][1963.206s][915][941][info ] Leaving safepoint region
[2025-06-16T00:44:05.529+0000][1963.206s][915][941][info ] Total time for which application threads were stopped: 0.0001868 seconds, Stopping threads took: 0.0000439 seconds
[2025-06-16T00:44:06.529+0000][1964.207s][915][941][info ] Application time: 1.0001152 seconds
[2025-06-16T00:44:06.529+0000][1964.207s][915][941][info ] Entering safepoint region: Cleanup
[2025-06-16T00:44:06.529+0000][1964.207s][915][941][info ] Leaving safepoint region
[2025-06-16T00:44:06.529+0000][1964.207s][915][941][info ] Total time for which application threads were stopped: 0.0002420 seconds, Stopping threads took: 0.0000430 seconds
[2025-06-16T00:44:07.530+0000][1965.207s][915][941][info ] Application time: 1.0001338 seconds
[2025-06-16T00:44:07.530+0000][1965.207s][915][941][info ] Entering safepoint region: Cleanup
[2025-06-16T00:44:07.530+0000][1965.207s][915][941][info ] Leaving safepoint region
[2025-06-16T00:44:07.530+0000][1965.208s][915][941][info ] Total time for which application threads were stopped: 0.0003313 seconds, Stopping threads took: 0.0000979 seconds
[2025-06-16T00:44:08.530+0000][1966.208s][915][941][info ] Application time: 1.0000987 seconds
[2025-06-16T00:44:08.530+0000][1966.208s][915][941][info ] Entering safepoint region: Cleanup
[2025-06-16T00:44:08.530+0000][1966.208s][915][941][info ] Leaving safepoint region
[2025-06-16T00:44:08.530+0000][1966.208s][915][941][info ] Total time for which application threads were stopped: 0.0001916 seconds, Stopping threads took: 0.0000402 seconds
[2025-06-16T00:44:09.531+0000][1967.208s][915][941][info ] Application time: 1.0000944 seconds
[2025-06-16T00:44:09.531+0000][1967.208s][915][941][info ] Entering safepoint region: Cleanup
[2025-06-16T00:44:09.531+0000][1967.208s][915][941][info ] Leaving safepoint region
[2025-06-16T00:44:09.531+0000][1967.208s][915][941][info ] Total time for which application threads were stopped: 0.0001749 seconds, Stopping threads took: 0.0000354 seconds
[2025-06-16T00:44:10.531+0000][1968.208s][915][941][info ] Application time: 1.0001702 seconds
[2025-06-16T00:44:10.531+0000][1968.209s][915][941][info ] Entering safepoint region: Cleanup
[2025-06-16T00:44:10.531+0000][1968.209s][915][941][info ] Leaving safepoint region
[2025-06-16T00:44:10.531+0000][1968.209s][915][941][info ] Total time for which application threads were stopped: 0.0003016 seconds, Stopping threads took: 0.0000584 seconds
[2025-06-16T00:44:11.532+0000][1969.209s][915][941][info ] Application time: 1.0001267 seconds
[2025-06-16T00:44:11.532+0000][1969.209s][915][941][info ] Entering safepoint region: Cleanup
[2025-06-16T00:44:11.532+0000][1969.210s][915][941][info ] Leaving safepoint region
[2025-06-16T00:44:11.532+0000][1969.210s][915][941][info ] Total time for which application threads were stopped: 0.0003698 seconds, Stopping threads took: 0.0000666 seconds
[2025-06-16T00:44:12.532+0000][1970.210s][915][941][info ] Application time: 1.0001298 seconds
[2025-06-16T00:44:12.532+0000][1970.210s][915][941][info ] Entering safepoint region: Cleanup
[2025-06-16T00:44:12.532+0000][1970.210s][915][941][info ] Leaving safepoint region
[2025-06-16T00:44:12.532+0000][1970.210s][915][941][info ] Total time for which application threads were stopped: 0.0001878 seconds, Stopping threads took: 0.0000386 seconds
[2025-06-16T00:44:13.533+0000][1971.210s][915][941][info ] Application time: 1.0001015 seconds
[2025-06-16T00:44:13.533+0000][1971.210s][915][941][info ] Entering safepoint region: Cleanup
[2025-06-16T00:44:13.533+0000][1971.210s][915][941][info ] Leaving safepoint region
[2025-06-16T00:44:13.533+0000][1971.210s][915][941][info ] Total time for which application threads were stopped: 0.0001808 seconds, Stopping threads took: 0.0000410 seconds
[2025-06-16T00:44:14.533+0000][1972.210s][915][941][info ] Application time: 1.0001357 seconds
[2025-06-16T00:44:14.533+0000][1972.211s][915][941][info ] Entering safepoint region: Cleanup
[2025-06-16T00:44:14.533+0000][1972.211s][915][941][info ] Leaving safepoint region
[2025-06-16T00:44:14.533+0000][1972.211s][915][941][info ] Total time for which application threads were stopped: 0.0001874 seconds, Stopping threads took: 0.0000425 seconds
[2025-06-16T00:44:14.833+0000][1972.511s][915][940][trace] CMS: promo attempt is safe: available(6912212992) >= av_promo(0), max_promo(892489536)
[2025-06-16T00:44:15.533+0000][1973.211s][915][941][info ] Application time: 1.0001025 seconds
[2025-06-16T00:44:15.533+0000][1973.211s][915][941][info ] Entering safepoint region: Cleanup
[2025-06-16T00:44:15.534+0000][1973.211s][915][941][info ] Leaving safepoint region
[2025-06-16T00:44:15.534+0000][1973.211s][915][941][info ] Total time for which application threads were stopped: 0.0001749 seconds, Stopping threads took: 0.0000383 seconds
[2025-06-16T00:44:16.534+0000][1974.211s][915][941][info ] Application time: 1.0001425 seconds
[2025-06-16T00:44:16.534+0000][1974.211s][915][941][info ] Entering safepoint region: Cleanup
[2025-06-16T00:44:16.534+0000][1974.212s][915][941][info ] Leaving safepoint region
[2025-06-16T00:44:16.534+0000][1974.212s][915][941][info ] Total time for which application threads were stopped: 0.0001840 seconds, Stopping threads took: 0.0000411 seconds
[2025-06-16T00:44:17.534+0000][1975.212s][915][941][info ] Application time: 1.0001079 seconds
[2025-06-16T00:44:17.534+0000][1975.212s][915][941][info ] Entering safepoint region: Cleanup
[2025-06-16T00:44:17.534+0000][1975.212s][915][941][info ] Leaving safepoint region
[2025-06-16T00:44:17.534+0000][1975.212s][915][941][info ] Total time for which application threads were stopped: 0.0002117 seconds, Stopping threads took: 0.0000495 seconds
[2025-06-16T00:44:18.535+0000][1976.212s][915][941][info ] Application time: 1.0000909 seconds
[2025-06-16T00:44:18.535+0000][1976.212s][915][941][info ] Entering safepoint region: Cleanup
[2025-06-16T00:44:18.535+0000][1976.212s][915][941][info ] Leaving safepoint region
[2025-06-16T00:44:18.535+0000][1976.212s][915][941][info ] Total time for which application threads were stopped: 0.0001722 seconds, Stopping threads took: 0.0000367 seconds
[2025-06-16T00:44:19.535+0000][1977.212s][915][941][info ] Application time: 1.0001167 seconds
[2025-06-16T00:44:19.535+0000][1977.213s][915][941][info ] Entering safepoint region: Cleanup
[2025-06-16T00:44:19.535+0000][1977.213s][915][941][info ] Leaving safepoint region
[2025-06-16T00:44:19.535+0000][1977.213s][915][941][info ] Total time for which application threads were stopped: 0.0002057 seconds, Stopping threads took: 0.0000446 seconds
[2025-06-16T00:44:20.535+0000][1978.213s][915][941][info ] Application time: 1.0001018 seconds
[2025-06-16T00:44:20.536+0000][1978.213s][915][941][info ] Entering safepoint region: Cleanup
[2025-06-16T00:44:20.536+0000][1978.213s][915][941][info ] Leaving safepoint region
[2025-06-16T00:44:20.536+0000][1978.213s][915][941][info ] Total time for which application threads were stopped: 0.0002284 seconds, Stopping threads took: 0.0000447 seconds
[2025-06-16T00:44:21.536+0000][1979.213s][915][941][info ] Application time: 1.0001094 seconds
[2025-06-16T00:44:21.536+0000][1979.213s][915][941][info ] Entering safepoint region: Cleanup
[2025-06-16T00:44:21.536+0000][1979.214s][915][941][info ] Leaving safepoint region
[2025-06-16T00:44:21.536+0000][1979.214s][915][941][info ] Total time for which application threads were stopped: 0.0001781 seconds, Stopping threads took: 0.0000421 seconds
[2025-06-16T00:44:22.536+0000][1980.214s][915][941][info ] Application time: 1.0001070 seconds
[2025-06-16T00:44:22.536+0000][1980.214s][915][941][info ] Entering safepoint region: Cleanup
[2025-06-16T00:44:22.536+0000][1980.214s][915][941][info ] Leaving safepoint region
[2025-06-16T00:44:22.536+0000][1980.214s][915][941][info ] Total time for which application threads were stopped: 0.0002172 seconds, Stopping threads took: 0.0000513 seconds
[2025-06-16T00:44:23.537+0000][1981.214s][915][941][info ] Application time: 1.0001083 seconds
[2025-06-16T00:44:23.537+0000][1981.214s][915][941][info ] Entering safepoint region: Cleanup
[2025-06-16T00:44:23.537+0000][1981.214s][915][941][info ] Leaving safepoint region
[2025-06-16T00:44:23.537+0000][1981.214s][915][941][info ] Total time for which application threads were stopped: 0.0001961 seconds, Stopping threads took: 0.0000416 seconds
[2025-06-16T00:44:24.537+0000][1982.214s][915][941][info ] Application time: 1.0000910 seconds
[2025-06-16T00:44:24.537+0000][1982.215s][915][941][info ] Entering safepoint region: Cleanup
[2025-06-16T00:44:24.537+0000][1982.215s][915][941][info ] Leaving safepoint region
[2025-06-16T00:44:24.537+0000][1982.215s][915][941][info ] Total time for which application threads were stopped: 0.0001769 seconds, Stopping threads took: 0.0000378 seconds
[2025-06-16T00:44:24.833+0000][1982.511s][915][940][trace] CMS: promo attempt is safe: available(6912212992) >= av_promo(0), max_promo(892489536)
[2025-06-16T00:44:25.537+0000][1983.215s][915][941][info ] Application time: 1.0001023 seconds
[2025-06-16T00:44:25.537+0000][1983.215s][915][941][info ] Entering safepoint region: Cleanup
[2025-06-16T00:44:25.538+0000][1983.215s][915][941][info ] Leaving safepoint region
[2025-06-16T00:44:25.538+0000][1983.215s][915][941][info ] Total time for which application threads were stopped: 0.0001634 seconds, Stopping threads took: 0.0000332 seconds
[2025-06-16T00:44:26.538+0000][1984.215s][915][941][info ] Application time: 1.0000965 seconds
[2025-06-16T00:44:26.538+0000][1984.215s][915][941][info ] Entering safepoint region: Cleanup
[2025-06-16T00:44:26.538+0000][1984.215s][915][941][info ] Leaving safepoint region
[2025-06-16T00:44:26.538+0000][1984.215s][915][941][info ] Total time for which application threads were stopped: 0.0001794 seconds, Stopping threads took: 0.0000403 seconds
[2025-06-16T00:44:27.538+0000][1985.216s][915][941][info ] Application time: 1.0000910 seconds
[2025-06-16T00:44:27.538+0000][1985.216s][915][941][info ] Entering safepoint region: Cleanup
[2025-06-16T00:44:27.538+0000][1985.216s][915][941][info ] Leaving safepoint region
[2025-06-16T00:44:27.538+0000][1985.216s][915][941][info ] Total time for which application threads were stopped: 0.0001955 seconds, Stopping threads took: 0.0000382 seconds
[2025-06-16T00:44:28.538+0000][1986.216s][915][941][info ] Application time: 1.0000974 seconds
[2025-06-16T00:44:28.539+0000][1986.216s][915][941][info ] Entering safepoint region: Cleanup
[2025-06-16T00:44:28.539+0000][1986.216s][915][941][info ] Leaving safepoint region
[2025-06-16T00:44:28.539+0000][1986.216s][915][941][info ] Total time for which application threads were stopped: 0.0001784 seconds, Stopping threads took: 0.0000403 seconds
[2025-06-16T00:44:29.539+0000][1987.216s][915][941][info ] Application time: 1.0000935 seconds
[2025-06-16T00:44:29.539+0000][1987.216s][915][941][info ] Entering safepoint region: Cleanup
[2025-06-16T00:44:29.539+0000][1987.217s][915][941][info ] Leaving safepoint region
[2025-06-16T00:44:29.539+0000][1987.217s][915][941][info ] Total time for which application threads were stopped: 0.0001867 seconds, Stopping threads took: 0.0000362 seconds
[2025-06-16T00:44:30.539+0000][1988.217s][915][941][info ] Application time: 1.0001073 seconds
[2025-06-16T00:44:30.539+0000][1988.217s][915][941][info ] Entering safepoint region: Cleanup
[2025-06-16T00:44:30.540+0000][1988.217s][915][941][info ] Leaving safepoint region
[2025-06-16T00:44:30.540+0000][1988.217s][915][941][info ] Total time for which application threads were stopped: 0.0001855 seconds, Stopping threads took: 0.0000434 seconds
[2025-06-16T00:44:31.540+0000][1989.217s][915][941][info ] Application time: 1.0000941 seconds
[2025-06-16T00:44:31.540+0000][1989.217s][915][941][info ] Entering safepoint region: Cleanup
[2025-06-16T00:44:31.540+0000][1989.217s][915][941][info ] Leaving safepoint region
[2025-06-16T00:44:31.540+0000][1989.217s][915][941][info ] Total time for which application threads were stopped: 0.0001777 seconds, Stopping threads took: 0.0000365 seconds
[2025-06-16T00:44:32.540+0000][1990.217s][915][941][info ] Application time: 1.0000863 seconds
[2025-06-16T00:44:32.540+0000][1990.218s][915][941][info ] Entering safepoint region: Cleanup
[2025-06-16T00:44:32.540+0000][1990.218s][915][941][info ] Leaving safepoint region
[2025-06-16T00:44:32.540+0000][1990.218s][915][941][info ] Total time for which application threads were stopped: 0.0001717 seconds, Stopping threads took: 0.0000364 seconds
[2025-06-16T00:44:33.540+0000][1991.218s][915][941][info ] Application time: 1.0001003 seconds
[2025-06-16T00:44:33.540+0000][1991.218s][915][941][info ] Entering safepoint region: Cleanup
[2025-06-16T00:44:33.541+0000][1991.218s][915][941][info ] Leaving safepoint region
[2025-06-16T00:44:33.541+0000][1991.218s][915][941][info ] Total time for which application threads were stopped: 0.0001821 seconds, Stopping threads took: 0.0000356 seconds
[2025-06-16T00:44:34.541+0000][1992.218s][915][941][info ] Application time: 1.0000974 seconds
[2025-06-16T00:44:34.541+0000][1992.218s][915][941][info ] Entering safepoint region: Cleanup
[2025-06-16T00:44:34.541+0000][1992.218s][915][941][info ] Leaving safepoint region
[2025-06-16T00:44:34.541+0000][1992.218s][915][941][info ] Total time for which application threads were stopped: 0.0001775 seconds, Stopping threads took: 0.0000394 seconds
[2025-06-16T00:44:34.833+0000][1992.511s][915][940][trace] CMS: promo attempt is safe: available(6912212992) >= av_promo(0), max_promo(892489536)
[2025-06-16T00:44:35.541+0000][1993.219s][915][941][info ] Application time: 1.0001161 seconds
[2025-06-16T00:44:35.541+0000][1993.219s][915][941][info ] Entering safepoint region: Cleanup
[2025-06-16T00:44:35.541+0000][1993.219s][915][941][info ] Leaving safepoint region
[2025-06-16T00:44:35.541+0000][1993.219s][915][941][info ] Total time for which application threads were stopped: 0.0001900 seconds, Stopping threads took: 0.0000410 seconds
[2025-06-16T00:44:36.541+0000][1994.219s][915][941][info ] Application time: 1.0000968 seconds
[2025-06-16T00:44:36.542+0000][1994.219s][915][941][info ] Entering safepoint region: Cleanup
[2025-06-16T00:44:36.542+0000][1994.219s][915][941][info ] Leaving safepoint region
[2025-06-16T00:44:36.542+0000][1994.219s][915][941][info ] Total time for which application threads were stopped: 0.0001674 seconds, Stopping threads took: 0.0000398 seconds
[2025-06-16T00:44:37.542+0000][1995.219s][915][941][info ] Application time: 1.0001230 seconds
[2025-06-16T00:44:37.542+0000][1995.219s][915][941][info ] Entering safepoint region: Cleanup
[2025-06-16T00:44:37.542+0000][1995.220s][915][941][info ] Leaving safepoint region
[2025-06-16T00:44:37.542+0000][1995.220s][915][941][info ] Total time for which application threads were stopped: 0.0001889 seconds, Stopping threads took: 0.0000502 seconds
[2025-06-16T00:44:38.542+0000][1996.220s][915][941][info ] Application time: 1.0000971 seconds
[2025-06-16T00:44:38.542+0000][1996.220s][915][941][info ] Entering safepoint region: Cleanup
[2025-06-16T00:44:38.542+0000][1996.220s][915][941][info ] Leaving safepoint region
[2025-06-16T00:44:38.542+0000][1996.220s][915][941][info ] Total time for which application threads were stopped: 0.0001743 seconds, Stopping threads took: 0.0000341 seconds
[2025-06-16T00:44:39.543+0000][1997.220s][915][941][info ] Application time: 1.0001014 seconds
[2025-06-16T00:44:39.543+0000][1997.220s][915][941][info ] Entering safepoint region: Cleanup
[2025-06-16T00:44:39.543+0000][1997.220s][915][941][info ] Leaving safepoint region
[2025-06-16T00:44:39.543+0000][1997.220s][915][941][info ] Total time for which application threads were stopped: 0.0001965 seconds, Stopping threads took: 0.0000374 seconds
[2025-06-16T00:44:40.543+0000][1998.220s][915][941][info ] Application time: 1.0000928 seconds
[2025-06-16T00:44:40.543+0000][1998.221s][915][941][info ] Entering safepoint region: Cleanup
[2025-06-16T00:44:40.543+0000][1998.221s][915][941][info ] Leaving safepoint region
[2025-06-16T00:44:40.543+0000][1998.221s][915][941][info ] Total time for which application threads were stopped: 0.0001888 seconds, Stopping threads took: 0.0000369 seconds
[2025-06-16T00:44:41.543+0000][1999.221s][915][941][info ] Application time: 1.0001197 seconds
[2025-06-16T00:44:41.543+0000][1999.221s][915][941][info ] Entering safepoint region: Cleanup
[2025-06-16T00:44:41.544+0000][1999.221s][915][941][info ] Leaving safepoint region
[2025-06-16T00:44:41.544+0000][1999.221s][915][941][info ] Total time for which application threads were stopped: 0.0001870 seconds, Stopping threads took: 0.0000408 seconds
[2025-06-16T00:44:42.544+0000][2000.221s][915][941][info ] Application time: 1.0000922 seconds
[2025-06-16T00:44:42.544+0000][2000.221s][915][941][info ] Entering safepoint region: Cleanup
[2025-06-16T00:44:42.544+0000][2000.221s][915][941][info ] Leaving safepoint region
[2025-06-16T00:44:42.544+0000][2000.221s][915][941][info ] Total time for which application threads were stopped: 0.0001788 seconds, Stopping threads took: 0.0000347 seconds
[2025-06-16T00:44:43.544+0000][2001.222s][915][941][info ] Application time: 1.0000864 seconds
[2025-06-16T00:44:43.544+0000][2001.222s][915][941][info ] Entering safepoint region: Cleanup
[2025-06-16T00:44:43.544+0000][2001.222s][915][941][info ] Leaving safepoint region
[2025-06-16T00:44:43.544+0000][2001.222s][915][941][info ] Total time for which application threads were stopped: 0.0001639 seconds, Stopping threads took: 0.0000315 seconds
[2025-06-16T00:44:44.544+0000][2002.222s][915][941][info ] Application time: 1.0000554 seconds
[2025-06-16T00:44:44.544+0000][2002.222s][915][941][info ] Entering safepoint region: Cleanup
[2025-06-16T00:44:44.545+0000][2002.222s][915][941][info ] Leaving safepoint region
[2025-06-16T00:44:44.545+0000][2002.222s][915][941][info ] Total time for which application threads were stopped: 0.0001977 seconds, Stopping threads took: 0.0000453 seconds
[2025-06-16T00:44:44.833+0000][2002.510s][915][940][trace] CMS: promo attempt is safe: available(6912212992) >= av_promo(0), max_promo(892489536)
[2025-06-16T00:44:45.545+0000][2003.222s][915][941][info ] Application time: 1.0001471 seconds
[2025-06-16T00:44:45.545+0000][2003.222s][915][941][info ] Entering safepoint region: Cleanup
[2025-06-16T00:44:45.545+0000][2003.223s][915][941][info ] Leaving safepoint region
[2025-06-16T00:44:45.545+0000][2003.223s][915][941][info ] Total time for which application threads were stopped: 0.0003768 seconds, Stopping threads took: 0.0000528 seconds
[2025-06-16T00:44:46.545+0000][2004.223s][915][941][info ] Application time: 1.0001122 seconds
[2025-06-16T00:44:46.546+0000][2004.223s][915][941][info ] Entering safepoint region: Cleanup
[2025-06-16T00:44:46.546+0000][2004.223s][915][941][info ] Leaving safepoint region
[2025-06-16T00:44:46.546+0000][2004.223s][915][941][info ] Total time for which application threads were stopped: 0.0001906 seconds, Stopping threads took: 0.0000432 seconds
[2025-06-16T00:44:47.546+0000][2005.223s][915][941][info ] Application time: 1.0000940 seconds
[2025-06-16T00:44:47.546+0000][2005.223s][915][941][info ] Entering safepoint region: Cleanup
[2025-06-16T00:44:47.546+0000][2005.224s][915][941][info ] Leaving safepoint region
[2025-06-16T00:44:47.546+0000][2005.224s][915][941][info ] Total time for which application threads were stopped: 0.0001635 seconds, Stopping threads took: 0.0000345 seconds
[2025-06-16T00:44:48.546+0000][2006.224s][915][941][info ] Application time: 1.0001120 seconds
[2025-06-16T00:44:48.546+0000][2006.224s][915][941][info ] Entering safepoint region: Cleanup
[2025-06-16T00:44:48.546+0000][2006.224s][915][941][info ] Leaving safepoint region
[2025-06-16T00:44:48.546+0000][2006.224s][915][941][info ] Total time for which application threads were stopped: 0.0001962 seconds, Stopping threads took: 0.0000386 seconds
[2025-06-16T00:44:49.547+0000][2007.224s][915][941][info ] Application time: 1.0001090 seconds
[2025-06-16T00:44:49.547+0000][2007.224s][915][941][info ] Entering safepoint region: Cleanup
[2025-06-16T00:44:49.547+0000][2007.224s][915][941][info ] Leaving safepoint region
[2025-06-16T00:44:49.547+0000][2007.224s][915][941][info ] Total time for which application threads were stopped: 0.0001764 seconds, Stopping threads took: 0.0000399 seconds
[2025-06-16T00:44:50.547+0000][2008.224s][915][941][info ] Application time: 1.0001030 seconds
[2025-06-16T00:44:50.547+0000][2008.225s][915][941][info ] Entering safepoint region: Cleanup
[2025-06-16T00:44:50.547+0000][2008.225s][915][941][info ] Leaving safepoint region
[2025-06-16T00:44:50.547+0000][2008.225s][915][941][info ] Total time for which application threads were stopped: 0.0002028 seconds, Stopping threads took: 0.0000414 seconds
[2025-06-16T00:44:51.547+0000][2009.225s][915][941][info ] Application time: 1.0000845 seconds
[2025-06-16T00:44:51.547+0000][2009.225s][915][941][info ] Entering safepoint region: Cleanup
[2025-06-16T00:44:51.548+0000][2009.225s][915][941][info ] Leaving safepoint region
[2025-06-16T00:44:51.548+0000][2009.225s][915][941][info ] Total time for which application threads were stopped: 0.0001899 seconds, Stopping threads took: 0.0000299 seconds
[2025-06-16T00:44:52.548+0000][2010.225s][915][941][info ] Application time: 1.0000862 seconds
[2025-06-16T00:44:52.548+0000][2010.225s][915][941][info ] Entering safepoint region: Cleanup
[2025-06-16T00:44:52.548+0000][2010.225s][915][941][info ] Leaving safepoint region
[2025-06-16T00:44:52.548+0000][2010.225s][915][941][info ] Total time for which application threads were stopped: 0.0001621 seconds, Stopping threads took: 0.0000342 seconds
[2025-06-16T00:44:53.548+0000][2011.225s][915][941][info ] Application time: 1.0000867 seconds
[2025-06-16T00:44:53.548+0000][2011.226s][915][941][info ] Entering safepoint region: Cleanup
[2025-06-16T00:44:53.548+0000][2011.226s][915][941][info ] Leaving safepoint region
[2025-06-16T00:44:53.548+0000][2011.226s][915][941][info ] Total time for which application threads were stopped: 0.0001449 seconds, Stopping threads took: 0.0000316 seconds
[2025-06-16T00:44:54.548+0000][2012.226s][915][941][info ] Application time: 1.0000820 seconds
[2025-06-16T00:44:54.548+0000][2012.226s][915][941][info ] Entering safepoint region: Cleanup
[2025-06-16T00:44:54.548+0000][2012.226s][915][941][info ] Leaving safepoint region
[2025-06-16T00:44:54.548+0000][2012.226s][915][941][info ] Total time for which application threads were stopped: 0.0001467 seconds, Stopping threads took: 0.0000287 seconds
[2025-06-16T00:44:54.833+0000][2012.510s][915][940][trace] CMS: promo attempt is safe: available(6912212992) >= av_promo(0), max_promo(892489536)
[2025-06-16T00:44:55.549+0000][2013.226s][915][941][info ] Application time: 1.0000879 seconds
[2025-06-16T00:44:55.549+0000][2013.226s][915][941][info ] Entering safepoint region: Cleanup
[2025-06-16T00:44:55.549+0000][2013.226s][915][941][info ] Leaving safepoint region
[2025-06-16T00:44:55.549+0000][2013.226s][915][941][info ] Total time for which application threads were stopped: 0.0001753 seconds, Stopping threads took: 0.0000305 seconds
[2025-06-16T00:44:56.549+0000][2014.226s][915][941][info ] Application time: 1.0001352 seconds
[2025-06-16T00:44:56.549+0000][2014.227s][915][941][info ] Entering safepoint region: Cleanup
[2025-06-16T00:44:56.549+0000][2014.227s][915][941][info ] Leaving safepoint region
[2025-06-16T00:44:56.549+0000][2014.227s][915][941][info ] Total time for which application threads were stopped: 0.0002773 seconds, Stopping threads took: 0.0000485 seconds
[2025-06-16T00:44:57.549+0000][2015.227s][915][941][info ] Application time: 1.0001018 seconds
[2025-06-16T00:44:57.550+0000][2015.227s][915][941][info ] Entering safepoint region: Cleanup
[2025-06-16T00:44:57.550+0000][2015.227s][915][941][info ] Leaving safepoint region
[2025-06-16T00:44:57.550+0000][2015.227s][915][941][info ] Total time for which application threads were stopped: 0.0001668 seconds, Stopping threads took: 0.0000385 seconds
[2025-06-16T00:44:58.550+0000][2016.227s][915][941][info ] Application time: 1.0000548 seconds
[2025-06-16T00:44:58.550+0000][2016.227s][915][941][info ] Entering safepoint region: Cleanup
[2025-06-16T00:44:58.550+0000][2016.228s][915][941][info ] Leaving safepoint region
[2025-06-16T00:44:58.550+0000][2016.228s][915][941][info ] Total time for which application threads were stopped: 0.0002343 seconds, Stopping threads took: 0.0000447 seconds
[2025-06-16T00:44:59.550+0000][2017.228s][915][941][info ] Application time: 1.0001039 seconds
[2025-06-16T00:44:59.550+0000][2017.228s][915][941][info ] Entering safepoint region: Cleanup
[2025-06-16T00:44:59.551+0000][2017.228s][915][941][info ] Leaving safepoint region
[2025-06-16T00:44:59.551+0000][2017.228s][915][941][info ] Total time for which application threads were stopped: 0.0002606 seconds, Stopping threads took: 0.0000459 seconds
[2025-06-16T00:45:00.551+0000][2018.228s][915][941][info ] Application time: 1.0001082 seconds
[2025-06-16T00:45:00.551+0000][2018.228s][915][941][info ] Entering safepoint region: Cleanup
[2025-06-16T00:45:00.551+0000][2018.228s][915][941][info ] Leaving safepoint region
[2025-06-16T00:45:00.551+0000][2018.228s][915][941][info ] Total time for which application threads were stopped: 0.0001897 seconds, Stopping threads took: 0.0000411 seconds
[2025-06-16T00:45:01.551+0000][2019.229s][915][941][info ] Application time: 1.0000990 seconds
[2025-06-16T00:45:01.551+0000][2019.229s][915][941][info ] Entering safepoint region: Cleanup
[2025-06-16T00:45:01.551+0000][2019.229s][915][941][info ] Leaving safepoint region
[2025-06-16T00:45:01.551+0000][2019.229s][915][941][info ] Total time for which application threads were stopped: 0.0001844 seconds, Stopping threads took: 0.0000381 seconds
[2025-06-16T00:45:02.552+0000][2020.229s][915][941][info ] Application time: 1.0000928 seconds
[2025-06-16T00:45:02.552+0000][2020.229s][915][941][info ] Entering safepoint region: Cleanup
[2025-06-16T00:45:02.552+0000][2020.229s][915][941][info ] Leaving safepoint region
[2025-06-16T00:45:02.552+0000][2020.229s][915][941][info ] Total time for which application threads were stopped: 0.0001906 seconds, Stopping threads took: 0.0000406 seconds
[2025-06-16T00:45:03.552+0000][2021.229s][915][941][info ] Application time: 1.0001193 seconds
[2025-06-16T00:45:03.552+0000][2021.230s][915][941][info ] Entering safepoint region: Cleanup
[2025-06-16T00:45:03.552+0000][2021.230s][915][941][info ] Leaving safepoint region
[2025-06-16T00:45:03.552+0000][2021.230s][915][941][info ] Total time for which application threads were stopped: 0.0002225 seconds, Stopping threads took: 0.0000614 seconds
[2025-06-16T00:45:04.552+0000][2022.230s][915][941][info ] Application time: 1.0000930 seconds
[2025-06-16T00:45:04.552+0000][2022.230s][915][941][info ] Entering safepoint region: Cleanup
[2025-06-16T00:45:04.553+0000][2022.230s][915][941][info ] Leaving safepoint region
[2025-06-16T00:45:04.553+0000][2022.230s][915][941][info ] Total time for which application threads were stopped: 0.0001850 seconds, Stopping threads took: 0.0000379 seconds
[2025-06-16T00:45:04.833+0000][2022.510s][915][940][trace] CMS: promo attempt is safe: available(6912212992) >= av_promo(0), max_promo(892489536)
[2025-06-16T00:45:05.553+0000][2023.230s][915][941][info ] Application time: 1.0001216 seconds
[2025-06-16T00:45:05.553+0000][2023.230s][915][941][info ] Entering safepoint region: Cleanup
[2025-06-16T00:45:05.553+0000][2023.230s][915][941][info ] Leaving safepoint region
[2025-06-16T00:45:05.553+0000][2023.230s][915][941][info ] Total time for which application threads were stopped: 0.0001803 seconds, Stopping threads took: 0.0000402 seconds
[2025-06-16T00:45:06.553+0000][2024.231s][915][941][info ] Application time: 1.0000957 seconds
[2025-06-16T00:45:06.553+0000][2024.231s][915][941][info ] Entering safepoint region: Cleanup
[2025-06-16T00:45:06.553+0000][2024.231s][915][941][info ] Leaving safepoint region
[2025-06-16T00:45:06.553+0000][2024.231s][915][941][info ] Total time for which application threads were stopped: 0.0002107 seconds, Stopping threads took: 0.0000445 seconds
[2025-06-16T00:45:07.554+0000][2025.231s][915][941][info ] Application time: 1.0001109 seconds
[2025-06-16T00:45:07.554+0000][2025.231s][915][941][info ] Entering safepoint region: Cleanup
[2025-06-16T00:45:07.554+0000][2025.231s][915][941][info ] Leaving safepoint region
[2025-06-16T00:45:07.554+0000][2025.231s][915][941][info ] Total time for which application threads were stopped: 0.0002856 seconds, Stopping threads took: 0.0000524 seconds
[2025-06-16T00:45:08.554+0000][2026.232s][915][941][info ] Application time: 1.0001357 seconds
[2025-06-16T00:45:08.554+0000][2026.232s][915][941][info ] Entering safepoint region: Cleanup
[2025-06-16T00:45:08.554+0000][2026.232s][915][941][info ] Leaving safepoint region
[2025-06-16T00:45:08.554+0000][2026.232s][915][941][info ] Total time for which application threads were stopped: 0.0002019 seconds, Stopping threads took: 0.0000434 seconds
[2025-06-16T00:45:09.554+0000][2027.232s][915][941][info ] Application time: 1.0000991 seconds
[2025-06-16T00:45:09.555+0000][2027.232s][915][941][info ] Entering safepoint region: Cleanup
[2025-06-16T00:45:09.555+0000][2027.232s][915][941][info ] Leaving safepoint region
[2025-06-16T00:45:09.555+0000][2027.232s][915][941][info ] Total time for which application threads were stopped: 0.0002120 seconds, Stopping threads took: 0.0000673 seconds
[2025-06-16T00:45:10.555+0000][2028.232s][915][941][info ] Application time: 1.0000962 seconds
[2025-06-16T00:45:10.555+0000][2028.232s][915][941][info ] Entering safepoint region: Cleanup
[2025-06-16T00:45:10.555+0000][2028.233s][915][941][info ] Leaving safepoint region
[2025-06-16T00:45:10.555+0000][2028.233s][915][941][info ] Total time for which application threads were stopped: 0.0001656 seconds, Stopping threads took: 0.0000375 seconds
[2025-06-16T00:45:11.555+0000][2029.233s][915][941][info ] Application time: 1.0000865 seconds
[2025-06-16T00:45:11.555+0000][2029.233s][915][941][info ] Entering safepoint region: Cleanup
[2025-06-16T00:45:11.555+0000][2029.233s][915][941][info ] Leaving safepoint region
[2025-06-16T00:45:11.555+0000][2029.233s][915][941][info ] Total time for which application threads were stopped: 0.0001702 seconds, Stopping threads took: 0.0000335 seconds
[2025-06-16T00:45:12.556+0000][2030.233s][915][941][info ] Application time: 1.0000858 seconds
[2025-06-16T00:45:12.556+0000][2030.233s][915][941][info ] Entering safepoint region: Cleanup
[2025-06-16T00:45:12.556+0000][2030.233s][915][941][info ] Leaving safepoint region
[2025-06-16T00:45:12.556+0000][2030.233s][915][941][info ] Total time for which application threads were stopped: 0.0001475 seconds, Stopping threads took: 0.0000332 seconds
[2025-06-16T00:45:13.556+0000][2031.233s][915][941][info ] Application time: 1.0000868 seconds
[2025-06-16T00:45:13.556+0000][2031.233s][915][941][info ] Entering safepoint region: Cleanup
[2025-06-16T00:45:13.556+0000][2031.234s][915][941][info ] Leaving safepoint region
[2025-06-16T00:45:13.556+0000][2031.234s][915][941][info ] Total time for which application threads were stopped: 0.0001612 seconds, Stopping threads took: 0.0000347 seconds
[2025-06-16T00:45:14.556+0000][2032.234s][915][941][info ] Application time: 1.0001208 seconds
[2025-06-16T00:45:14.556+0000][2032.234s][915][941][info ] Entering safepoint region: Cleanup
[2025-06-16T00:45:14.556+0000][2032.234s][915][941][info ] Leaving safepoint region
[2025-06-16T00:45:14.557+0000][2032.234s][915][941][info ] Total time for which application threads were stopped: 0.0001896 seconds, Stopping threads took: 0.0000427 seconds
[2025-06-16T00:45:14.833+0000][2032.510s][915][940][trace] CMS: promo attempt is safe: available(6912212992) >= av_promo(0), max_promo(892489536)
[2025-06-16T00:45:15.557+0000][2033.234s][915][941][info ] Application time: 1.0000943 seconds
[2025-06-16T00:45:15.557+0000][2033.234s][915][941][info ] Entering safepoint region: Cleanup
[2025-06-16T00:45:15.557+0000][2033.234s][915][941][info ] Leaving safepoint region
[2025-06-16T00:45:15.557+0000][2033.234s][915][941][info ] Total time for which application threads were stopped: 0.0001606 seconds, Stopping threads took: 0.0000330 seconds
[2025-06-16T00:45:16.557+0000][2034.234s][915][941][info ] Application time: 1.0000850 seconds
[2025-06-16T00:45:16.557+0000][2034.235s][915][941][info ] Entering safepoint region: Cleanup
[2025-06-16T00:45:16.557+0000][2034.235s][915][941][info ] Leaving safepoint region
[2025-06-16T00:45:16.557+0000][2034.235s][915][941][info ] Total time for which application threads were stopped: 0.0001760 seconds, Stopping threads took: 0.0000384 seconds
[2025-06-16T00:45:17.557+0000][2035.235s][915][941][info ] Application time: 1.0001111 seconds
[2025-06-16T00:45:17.557+0000][2035.235s][915][941][info ] Entering safepoint region: Cleanup
[2025-06-16T00:45:17.558+0000][2035.235s][915][941][info ] Leaving safepoint region
[2025-06-16T00:45:17.558+0000][2035.235s][915][941][info ] Total time for which application threads were stopped: 0.0001836 seconds, Stopping threads took: 0.0000385 seconds
[2025-06-16T00:45:18.558+0000][2036.235s][915][941][info ] Application time: 1.0000980 seconds
[2025-06-16T00:45:18.558+0000][2036.235s][915][941][info ] Entering safepoint region: Cleanup
[2025-06-16T00:45:18.558+0000][2036.236s][915][941][info ] Leaving safepoint region
[2025-06-16T00:45:18.558+0000][2036.236s][915][941][info ] Total time for which application threads were stopped: 0.0001725 seconds, Stopping threads took: 0.0000381 seconds
[2025-06-16T00:45:19.558+0000][2037.236s][915][941][info ] Application time: 1.0000956 seconds
[2025-06-16T00:45:19.558+0000][2037.236s][915][941][info ] Entering safepoint region: Cleanup
[2025-06-16T00:45:19.558+0000][2037.236s][915][941][info ] Leaving safepoint region
[2025-06-16T00:45:19.558+0000][2037.236s][915][941][info ] Total time for which application threads were stopped: 0.0002154 seconds, Stopping threads took: 0.0000525 seconds
[2025-06-16T00:45:20.559+0000][2038.236s][915][941][info ] Application time: 1.0001118 seconds
[2025-06-16T00:45:20.559+0000][2038.236s][915][941][info ] Entering safepoint region: Cleanup
[2025-06-16T00:45:20.559+0000][2038.236s][915][941][info ] Leaving safepoint region
[2025-06-16T00:45:20.559+0000][2038.236s][915][941][info ] Total time for which application threads were stopped: 0.0002116 seconds, Stopping threads took: 0.0000487 seconds
[2025-06-16T00:45:21.559+0000][2039.236s][915][941][info ] Application time: 1.0000894 seconds
[2025-06-16T00:45:21.559+0000][2039.237s][915][941][info ] Entering safepoint region: Cleanup
[2025-06-16T00:45:21.559+0000][2039.237s][915][941][info ] Leaving safepoint region
[2025-06-16T00:45:21.559+0000][2039.237s][915][941][info ] Total time for which application threads were stopped: 0.0001671 seconds, Stopping threads took: 0.0000348 seconds
[2025-06-16T00:45:22.559+0000][2040.237s][915][941][info ] Application time: 1.0000897 seconds
[2025-06-16T00:45:22.559+0000][2040.237s][915][941][info ] Entering safepoint region: Cleanup
[2025-06-16T00:45:22.560+0000][2040.237s][915][941][info ] Leaving safepoint region
[2025-06-16T00:45:22.560+0000][2040.237s][915][941][info ] Total time for which application threads were stopped: 0.0001750 seconds, Stopping threads took: 0.0000374 seconds
[2025-06-16T00:45:23.560+0000][2041.237s][915][941][info ] Application time: 1.0000924 seconds
[2025-06-16T00:45:23.560+0000][2041.237s][915][941][info ] Entering safepoint region: Cleanup
[2025-06-16T00:45:23.560+0000][2041.237s][915][941][info ] Leaving safepoint region
[2025-06-16T00:45:23.560+0000][2041.237s][915][941][info ] Total time for which application threads were stopped: 0.0002010 seconds, Stopping threads took: 0.0000352 seconds
[2025-06-16T00:45:24.560+0000][2042.238s][915][941][info ] Application time: 1.0001475 seconds
[2025-06-16T00:45:24.560+0000][2042.238s][915][941][info ] Entering safepoint region: Cleanup
[2025-06-16T00:45:24.560+0000][2042.238s][915][941][info ] Leaving safepoint region
[2025-06-16T00:45:24.560+0000][2042.238s][915][941][info ] Total time for which application threads were stopped: 0.0002175 seconds, Stopping threads took: 0.0000391 seconds
[2025-06-16T00:45:24.833+0000][2042.510s][915][940][trace] CMS: promo attempt is safe: available(6912212992) >= av_promo(0), max_promo(892489536)
[2025-06-16T00:45:25.561+0000][2043.238s][915][941][info ] Application time: 1.0001155 seconds
[2025-06-16T00:45:25.561+0000][2043.238s][915][941][info ] Entering safepoint region: Cleanup
[2025-06-16T00:45:25.561+0000][2043.238s][915][941][info ] Leaving safepoint region
[2025-06-16T00:45:25.561+0000][2043.238s][915][941][info ] Total time for which application threads were stopped: 0.0002073 seconds, Stopping threads took: 0.0000440 seconds
[2025-06-16T00:45:26.561+0000][2044.238s][915][941][info ] Application time: 1.0001135 seconds
[2025-06-16T00:45:26.561+0000][2044.239s][915][941][info ] Entering safepoint region: Cleanup
[2025-06-16T00:45:26.561+0000][2044.239s][915][941][info ] Leaving safepoint region
[2025-06-16T00:45:26.561+0000][2044.239s][915][941][info ] Total time for which application threads were stopped: 0.0002077 seconds, Stopping threads took: 0.0000425 seconds
[2025-06-16T00:45:27.561+0000][2045.239s][915][941][info ] Application time: 1.0001027 seconds
[2025-06-16T00:45:27.561+0000][2045.239s][915][941][info ] Entering safepoint region: Cleanup
[2025-06-16T00:45:27.562+0000][2045.239s][915][941][info ] Leaving safepoint region
[2025-06-16T00:45:27.562+0000][2045.239s][915][941][info ] Total time for which application threads were stopped: 0.0001673 seconds, Stopping threads took: 0.0000361 seconds
[2025-06-16T00:45:28.562+0000][2046.239s][915][941][info ] Application time: 1.0001114 seconds
[2025-06-16T00:45:28.562+0000][2046.239s][915][941][info ] Entering safepoint region: Cleanup
[2025-06-16T00:45:28.562+0000][2046.240s][915][941][info ] Leaving safepoint region
[2025-06-16T00:45:28.562+0000][2046.240s][915][941][info ] Total time for which application threads were stopped: 0.0001972 seconds, Stopping threads took: 0.0000439 seconds
[2025-06-16T00:45:29.562+0000][2047.240s][915][941][info ] Application time: 1.0001016 seconds
[2025-06-16T00:45:29.562+0000][2047.240s][915][941][info ] Entering safepoint region: Cleanup
[2025-06-16T00:45:29.562+0000][2047.240s][915][941][info ] Leaving safepoint region
[2025-06-16T00:45:29.562+0000][2047.240s][915][941][info ] Total time for which application threads were stopped: 0.0002402 seconds, Stopping threads took: 0.0000413 seconds
[2025-06-16T00:45:30.563+0000][2048.240s][915][941][info ] Application time: 1.0000980 seconds
[2025-06-16T00:45:30.563+0000][2048.240s][915][941][info ] Entering safepoint region: Cleanup
[2025-06-16T00:45:30.563+0000][2048.240s][915][941][info ] Leaving safepoint region
[2025-06-16T00:45:30.563+0000][2048.240s][915][941][info ] Total time for which application threads were stopped: 0.0002366 seconds, Stopping threads took: 0.0000454 seconds
[2025-06-16T00:45:31.563+0000][2049.241s][915][941][info ] Application time: 1.0001288 seconds
[2025-06-16T00:45:31.563+0000][2049.241s][915][941][info ] Entering safepoint region: Cleanup
[2025-06-16T00:45:31.563+0000][2049.241s][915][941][info ] Leaving safepoint region
[2025-06-16T00:45:31.563+0000][2049.241s][915][941][info ] Total time for which application threads were stopped: 0.0001869 seconds, Stopping threads took: 0.0000360 seconds
[2025-06-16T00:45:32.563+0000][2050.241s][915][941][info ] Application time: 1.0001115 seconds
[2025-06-16T00:45:32.564+0000][2050.241s][915][941][info ] Entering safepoint region: Cleanup
[2025-06-16T00:45:32.564+0000][2050.241s][915][941][info ] Leaving safepoint region
[2025-06-16T00:45:32.564+0000][2050.241s][915][941][info ] Total time for which application threads were stopped: 0.0002066 seconds, Stopping threads took: 0.0000512 seconds
[2025-06-16T00:45:33.564+0000][2051.241s][915][941][info ] Application time: 1.0000854 seconds
[2025-06-16T00:45:33.564+0000][2051.241s][915][941][info ] Entering safepoint region: Cleanup
[2025-06-16T00:45:33.564+0000][2051.242s][915][941][info ] Leaving safepoint region
[2025-06-16T00:45:33.564+0000][2051.242s][915][941][info ] Total time for which application threads were stopped: 0.0001692 seconds, Stopping threads took: 0.0000374 seconds
[2025-06-16T00:45:34.564+0000][2052.242s][915][941][info ] Application time: 1.0000924 seconds
[2025-06-16T00:45:34.564+0000][2052.242s][915][941][info ] Entering safepoint region: Cleanup
[2025-06-16T00:45:34.564+0000][2052.242s][915][941][info ] Leaving safepoint region
[2025-06-16T00:45:34.564+0000][2052.242s][915][941][info ] Total time for which application threads were stopped: 0.0002179 seconds, Stopping threads took: 0.0000465 seconds
[2025-06-16T00:45:34.833+0000][2052.510s][915][940][trace] CMS: promo attempt is safe: available(6912212992) >= av_promo(0), max_promo(892489536)
[2025-06-16T00:45:35.565+0000][2053.242s][915][941][info ] Application time: 1.0001028 seconds
[2025-06-16T00:45:35.565+0000][2053.242s][915][941][info ] Entering safepoint region: Cleanup
[2025-06-16T00:45:35.565+0000][2053.242s][915][941][info ] Leaving safepoint region
[2025-06-16T00:45:35.565+0000][2053.242s][915][941][info ] Total time for which application threads were stopped: 0.0001655 seconds, Stopping threads took: 0.0000362 seconds
[2025-06-16T00:45:36.565+0000][2054.242s][915][941][info ] Application time: 1.0001170 seconds
[2025-06-16T00:45:36.565+0000][2054.243s][915][941][info ] Entering safepoint region: Cleanup
[2025-06-16T00:45:36.565+0000][2054.243s][915][941][info ] Leaving safepoint region
[2025-06-16T00:45:36.565+0000][2054.243s][915][941][info ] Total time for which application threads were stopped: 0.0002093 seconds, Stopping threads took: 0.0000426 seconds
[2025-06-16T00:45:37.565+0000][2055.243s][915][941][info ] Application time: 1.0000896 seconds
[2025-06-16T00:45:37.565+0000][2055.243s][915][941][info ] Entering safepoint region: Cleanup
[2025-06-16T00:45:37.566+0000][2055.243s][915][941][info ] Leaving safepoint region
[2025-06-16T00:45:37.566+0000][2055.243s][915][941][info ] Total time for which application threads were stopped: 0.0001874 seconds, Stopping threads took: 0.0000401 seconds
[2025-06-16T00:45:38.566+0000][2056.243s][915][941][info ] Application time: 1.0000859 seconds
[2025-06-16T00:45:38.566+0000][2056.243s][915][941][info ] Entering safepoint region: Cleanup
[2025-06-16T00:45:38.566+0000][2056.243s][915][941][info ] Leaving safepoint region
[2025-06-16T00:45:38.566+0000][2056.244s][915][941][info ] Total time for which application threads were stopped: 0.0001689 seconds, Stopping threads took: 0.0000363 seconds
[2025-06-16T00:45:39.566+0000][2057.244s][915][941][info ] Application time: 1.0000846 seconds
[2025-06-16T00:45:39.566+0000][2057.244s][915][941][info ] Entering safepoint region: Cleanup
[2025-06-16T00:45:39.566+0000][2057.244s][915][941][info ] Leaving safepoint region
[2025-06-16T00:45:39.566+0000][2057.244s][915][941][info ] Total time for which application threads were stopped: 0.0001917 seconds, Stopping threads took: 0.0000382 seconds
[2025-06-16T00:45:40.567+0000][2058.244s][915][941][info ] Application time: 1.0001011 seconds
[2025-06-16T00:45:40.567+0000][2058.244s][915][941][info ] Entering safepoint region: Cleanup
[2025-06-16T00:45:40.567+0000][2058.244s][915][941][info ] Leaving safepoint region
[2025-06-16T00:45:40.567+0000][2058.244s][915][941][info ] Total time for which application threads were stopped: 0.0002461 seconds, Stopping threads took: 0.0000485 seconds
[2025-06-16T00:45:41.567+0000][2059.244s][915][941][info ] Application time: 1.0000964 seconds
[2025-06-16T00:45:41.567+0000][2059.245s][915][941][info ] Entering safepoint region: Cleanup
[2025-06-16T00:45:41.567+0000][2059.245s][915][941][info ] Leaving safepoint region
[2025-06-16T00:45:41.567+0000][2059.245s][915][941][info ] Total time for which application threads were stopped: 0.0002982 seconds, Stopping threads took: 0.0000789 seconds
[2025-06-16T00:45:42.568+0000][2060.245s][915][941][info ] Application time: 1.0001271 seconds
[2025-06-16T00:45:42.568+0000][2060.245s][915][941][info ] Entering safepoint region: Cleanup
[2025-06-16T00:45:42.568+0000][2060.245s][915][941][info ] Leaving safepoint region
[2025-06-16T00:45:42.568+0000][2060.246s][915][941][info ] Total time for which application threads were stopped: 0.0004097 seconds, Stopping threads took: 0.0000946 seconds
[2025-06-16T00:45:43.568+0000][2061.246s][915][941][info ] Application time: 1.0001208 seconds
[2025-06-16T00:45:43.568+0000][2061.246s][915][941][info ] Entering safepoint region: Cleanup
[2025-06-16T00:45:43.568+0000][2061.246s][915][941][info ] Leaving safepoint region
[2025-06-16T00:45:43.568+0000][2061.246s][915][941][info ] Total time for which application threads were stopped: 0.0002319 seconds, Stopping threads took: 0.0000428 seconds
[2025-06-16T00:45:44.569+0000][2062.246s][915][941][info ] Application time: 1.0000852 seconds
[2025-06-16T00:45:44.569+0000][2062.246s][915][941][info ] Entering safepoint region: Cleanup
[2025-06-16T00:45:44.569+0000][2062.246s][915][941][info ] Leaving safepoint region
[2025-06-16T00:45:44.569+0000][2062.246s][915][941][info ] Total time for which application threads were stopped: 0.0002591 seconds, Stopping threads took: 0.0000546 seconds
[2025-06-16T00:45:44.832+0000][2062.510s][915][940][trace] CMS: promo attempt is safe: available(6912212992) >= av_promo(0), max_promo(892489536)
[2025-06-16T00:45:45.569+0000][2063.247s][915][941][info ] Application time: 1.0001204 seconds
[2025-06-16T00:45:45.569+0000][2063.247s][915][941][info ] Entering safepoint region: Cleanup
[2025-06-16T00:45:45.569+0000][2063.247s][915][941][info ] Leaving safepoint region
[2025-06-16T00:45:45.569+0000][2063.247s][915][941][info ] Total time for which application threads were stopped: 0.0002525 seconds, Stopping threads took: 0.0000528 seconds
[2025-06-16T00:45:46.570+0000][2064.247s][915][941][info ] Application time: 1.0001140 seconds
[2025-06-16T00:45:46.570+0000][2064.247s][915][941][info ] Entering safepoint region: Cleanup
[2025-06-16T00:45:46.570+0000][2064.247s][915][941][info ] Leaving safepoint region
[2025-06-16T00:45:46.570+0000][2064.247s][915][941][info ] Total time for which application threads were stopped: 0.0002609 seconds, Stopping threads took: 0.0000398 seconds
[2025-06-16T00:45:47.570+0000][2065.247s][915][941][info ] Application time: 1.0000882 seconds
[2025-06-16T00:45:47.570+0000][2065.248s][915][941][info ] Entering safepoint region: Cleanup
[2025-06-16T00:45:47.570+0000][2065.248s][915][941][info ] Leaving safepoint region
[2025-06-16T00:45:47.570+0000][2065.248s][915][941][info ] Total time for which application threads were stopped: 0.0002364 seconds, Stopping threads took: 0.0000428 seconds
[2025-06-16T00:45:48.570+0000][2066.248s][915][941][info ] Application time: 1.0000939 seconds
[2025-06-16T00:45:48.571+0000][2066.248s][915][941][info ] Entering safepoint region: Cleanup
[2025-06-16T00:45:48.571+0000][2066.248s][915][941][info ] Leaving safepoint region
[2025-06-16T00:45:48.571+0000][2066.248s][915][941][info ] Total time for which application threads were stopped: 0.0002683 seconds, Stopping threads took: 0.0000479 seconds
[2025-06-16T00:45:49.571+0000][2067.248s][915][941][info ] Application time: 1.0000929 seconds
[2025-06-16T00:45:49.571+0000][2067.248s][915][941][info ] Entering safepoint region: Cleanup
[2025-06-16T00:45:49.571+0000][2067.249s][915][941][info ] Leaving safepoint region
[2025-06-16T00:45:49.571+0000][2067.249s][915][941][info ] Total time for which application threads were stopped: 0.0001770 seconds, Stopping threads took: 0.0000397 seconds
[2025-06-16T00:45:50.571+0000][2068.249s][915][941][info ] Application time: 1.0000972 seconds
[2025-06-16T00:45:50.571+0000][2068.249s][915][941][info ] Entering safepoint region: Cleanup
[2025-06-16T00:45:50.572+0000][2068.249s][915][941][info ] Leaving safepoint region
[2025-06-16T00:45:50.572+0000][2068.249s][915][941][info ] Total time for which application threads were stopped: 0.0002586 seconds, Stopping threads took: 0.0000518 seconds
[2025-06-16T00:45:51.572+0000][2069.249s][915][941][info ] Application time: 1.0001063 seconds
[2025-06-16T00:45:51.572+0000][2069.249s][915][941][info ] Entering safepoint region: Cleanup
[2025-06-16T00:45:51.572+0000][2069.249s][915][941][info ] Leaving safepoint region
[2025-06-16T00:45:51.572+0000][2069.249s][915][941][info ] Total time for which application threads were stopped: 0.0001794 seconds, Stopping threads took: 0.0000383 seconds
[2025-06-16T00:45:52.572+0000][2070.250s][915][941][info ] Application time: 1.0001109 seconds
[2025-06-16T00:45:52.572+0000][2070.250s][915][941][info ] Entering safepoint region: Cleanup
[2025-06-16T00:45:52.572+0000][2070.250s][915][941][info ] Leaving safepoint region
[2025-06-16T00:45:52.572+0000][2070.250s][915][941][info ] Total time for which application threads were stopped: 0.0002261 seconds, Stopping threads took: 0.0000471 seconds
[2025-06-16T00:45:53.573+0000][2071.250s][915][941][info ] Application time: 1.0001082 seconds
[2025-06-16T00:45:53.573+0000][2071.250s][915][941][info ] Entering safepoint region: Cleanup
[2025-06-16T00:45:53.573+0000][2071.250s][915][941][info ] Leaving safepoint region
[2025-06-16T00:45:53.573+0000][2071.250s][915][941][info ] Total time for which application threads were stopped: 0.0001985 seconds, Stopping threads took: 0.0000438 seconds
[2025-06-16T00:45:57.329+0000][2075.007s][915][940][trace] CMS: promo attempt is safe: available(6912212992) >= av_promo(0), max_promo(892489536)
[2025-06-16T00:45:57.416+0000][2075.094s][915][941][info ] Application time: 3.7561468 seconds
[2025-06-16T00:45:57.417+0000][2075.094s][915][941][info ] Entering safepoint region: Cleanup
[2025-06-16T00:45:57.417+0000][2075.095s][915][941][info ] Leaving safepoint region
[2025-06-16T00:45:57.417+0000][2075.095s][915][941][info ] Total time for which application threads were stopped: 0.0006146 seconds, Stopping threads took: 0.0000912 seconds
[2025-06-16T00:45:58.417+0000][2076.095s][915][941][info ] Application time: 1.0001435 seconds
[2025-06-16T00:45:58.427+0000][2076.104s][915][941][info ] Entering safepoint region: Cleanup
[2025-06-16T00:45:58.431+0000][2076.109s][915][941][info ] Leaving safepoint region
[2025-06-16T00:45:58.431+0000][2076.109s][915][941][info ] Total time for which application threads were stopped: 0.0138901 seconds, Stopping threads took: 0.0093162 seconds
[2025-06-16T00:45:59.513+0000][2077.191s][915][941][info ] Application time: 1.0819535 seconds
[2025-06-16T00:45:59.514+0000][2077.192s][915][941][info ] Entering safepoint region: Cleanup
[2025-06-16T00:45:59.514+0000][2077.192s][915][941][info ] Leaving safepoint region
[2025-06-16T00:45:59.514+0000][2077.192s][915][941][info ] Total time for which application threads were stopped: 0.0002370 seconds, Stopping threads took: 0.0000554 seconds
[2025-06-16T00:46:00.544+0000][2078.221s][915][941][info ] Application time: 1.0001191 seconds
[2025-06-16T00:46:00.559+0000][2078.236s][915][941][info ] Entering safepoint region: Cleanup
[2025-06-16T00:46:00.559+0000][2078.237s][915][941][info ] Leaving safepoint region
[2025-06-16T00:46:00.559+0000][2078.237s][915][941][info ] Total time for which application threads were stopped: 0.0150963 seconds, Stopping threads took: 0.0148492 seconds
[2025-06-16T00:46:01.559+0000][2079.237s][915][941][info ] Application time: 1.0001586 seconds
[2025-06-16T00:46:01.560+0000][2079.237s][915][941][info ] Entering safepoint region: Cleanup
[2025-06-16T00:46:01.560+0000][2079.237s][915][941][info ] Leaving safepoint region
[2025-06-16T00:46:01.560+0000][2079.237s][915][941][info ] Total time for which application threads were stopped: 0.0003042 seconds, Stopping threads took: 0.0000743 seconds
[2025-06-16T00:46:02.560+0000][2080.237s][915][941][info ] Application time: 1.0001144 seconds
[2025-06-16T00:46:02.561+0000][2080.239s][915][941][info ] Entering safepoint region: Cleanup
[2025-06-16T00:46:02.562+0000][2080.239s][915][941][info ] Leaving safepoint region
[2025-06-16T00:46:02.562+0000][2080.239s][915][941][info ] Total time for which application threads were stopped: 0.0002413 seconds, Stopping threads took: 0.0000843 seconds
[2025-06-16T00:46:03.562+0000][2081.239s][915][941][info ] Application time: 1.0000865 seconds
[2025-06-16T00:46:03.562+0000][2081.239s][915][941][info ] Entering safepoint region: Cleanup
[2025-06-16T00:46:03.562+0000][2081.239s][915][941][info ] Leaving safepoint region
[2025-06-16T00:46:03.562+0000][2081.239s][915][941][info ] Total time for which application threads were stopped: 0.0001624 seconds, Stopping threads took: 0.0000369 seconds
[2025-06-16T00:46:04.562+0000][2082.240s][915][941][info ] Application time: 1.0000987 seconds
[2025-06-16T00:46:04.563+0000][2082.240s][915][941][info ] Entering safepoint region: Cleanup
[2025-06-16T00:46:04.563+0000][2082.241s][915][941][info ] Leaving safepoint region
[2025-06-16T00:46:04.563+0000][2082.241s][915][941][info ] Total time for which application threads were stopped: 0.0010077 seconds, Stopping threads took: 0.0008556 seconds
[2025-06-16T00:46:05.563+0000][2083.241s][915][941][info ] Application time: 1.0000978 seconds
[2025-06-16T00:46:05.563+0000][2083.241s][915][941][info ] Entering safepoint region: Cleanup
[2025-06-16T00:46:05.564+0000][2083.241s][915][941][info ] Leaving safepoint region
[2025-06-16T00:46:05.564+0000][2083.241s][915][941][info ] Total time for which application threads were stopped: 0.0001752 seconds, Stopping threads took: 0.0000403 seconds
[2025-06-16T00:46:06.564+0000][2084.241s][915][941][info ] Application time: 1.0001124 seconds
[2025-06-16T00:46:06.564+0000][2084.241s][915][941][info ] Entering safepoint region: Cleanup
[2025-06-16T00:46:06.564+0000][2084.241s][915][941][info ] Leaving safepoint region
[2025-06-16T00:46:06.564+0000][2084.241s][915][941][info ] Total time for which application threads were stopped: 0.0002014 seconds, Stopping threads took: 0.0000406 seconds
[2025-06-16T00:46:07.416+0000][2085.094s][915][940][trace] CMS: promo attempt is safe: available(6912212992) >= av_promo(0), max_promo(892489536)
[2025-06-16T00:46:07.564+0000][2085.242s][915][941][info ] Application time: 1.0000928 seconds
[2025-06-16T00:46:07.564+0000][2085.242s][915][941][info ] Entering safepoint region: Cleanup
[2025-06-16T00:46:07.564+0000][2085.242s][915][941][info ] Leaving safepoint region
[2025-06-16T00:46:07.564+0000][2085.242s][915][941][info ] Total time for which application threads were stopped: 0.0001913 seconds, Stopping threads took: 0.0000359 seconds
[2025-06-16T00:46:08.564+0000][2086.242s][915][941][info ] Application time: 1.0001196 seconds
[2025-06-16T00:46:08.565+0000][2086.242s][915][941][info ] Entering safepoint region: Cleanup
[2025-06-16T00:46:08.565+0000][2086.242s][915][941][info ] Leaving safepoint region
[2025-06-16T00:46:08.565+0000][2086.242s][915][941][info ] Total time for which application threads were stopped: 0.0002210 seconds, Stopping threads took: 0.0000421 seconds
[2025-06-16T00:46:09.565+0000][2087.242s][915][941][info ] Application time: 1.0001285 seconds
[2025-06-16T00:46:09.565+0000][2087.242s][915][941][info ] Entering safepoint region: Cleanup
[2025-06-16T00:46:09.565+0000][2087.243s][915][941][info ] Leaving safepoint region
[2025-06-16T00:46:09.565+0000][2087.243s][915][941][info ] Total time for which application threads were stopped: 0.0002224 seconds, Stopping threads took: 0.0000454 seconds
[2025-06-16T00:46:10.565+0000][2088.243s][915][941][info ] Application time: 1.0000991 seconds
[2025-06-16T00:46:10.565+0000][2088.243s][915][941][info ] Entering safepoint region: Cleanup
[2025-06-16T00:46:10.566+0000][2088.243s][915][941][info ] Leaving safepoint region
[2025-06-16T00:46:10.566+0000][2088.243s][915][941][info ] Total time for which application threads were stopped: 0.0002608 seconds, Stopping threads took: 0.0000451 seconds
[2025-06-16T00:46:11.566+0000][2089.243s][915][941][info ] Application time: 1.0001274 seconds
[2025-06-16T00:46:11.566+0000][2089.243s][915][941][info ] Entering safepoint region: Cleanup
[2025-06-16T00:46:11.566+0000][2089.244s][915][941][info ] Leaving safepoint region
[2025-06-16T00:46:11.566+0000][2089.244s][915][941][info ] Total time for which application threads were stopped: 0.0002463 seconds, Stopping threads took: 0.0000555 seconds
[2025-06-16T00:46:12.566+0000][2090.244s][915][941][info ] Application time: 1.0001183 seconds
[2025-06-16T00:46:12.566+0000][2090.244s][915][941][info ] Entering safepoint region: Cleanup
[2025-06-16T00:46:12.567+0000][2090.244s][915][941][info ] Leaving safepoint region
[2025-06-16T00:46:12.567+0000][2090.244s][915][941][info ] Total time for which application threads were stopped: 0.0002507 seconds, Stopping threads took: 0.0000505 seconds
[2025-06-16T00:46:13.567+0000][2091.244s][915][941][info ] Application time: 1.0001000 seconds
[2025-06-16T00:46:13.567+0000][2091.244s][915][941][info ] Entering safepoint region: Cleanup
[2025-06-16T00:46:13.567+0000][2091.245s][915][941][info ] Leaving safepoint region
[2025-06-16T00:46:13.567+0000][2091.245s][915][941][info ] Total time for which application threads were stopped: 0.0002836 seconds, Stopping threads took: 0.0000575 seconds
[2025-06-16T00:46:14.567+0000][2092.245s][915][941][info ] Application time: 1.0001262 seconds
[2025-06-16T00:46:14.567+0000][2092.245s][915][941][info ] Entering safepoint region: Cleanup
[2025-06-16T00:46:14.568+0000][2092.245s][915][941][info ] Leaving safepoint region
[2025-06-16T00:46:14.568+0000][2092.245s][915][941][info ] Total time for which application threads were stopped: 0.0002325 seconds, Stopping threads took: 0.0000518 seconds
[2025-06-16T00:46:15.568+0000][2093.245s][915][941][info ] Application time: 1.0001084 seconds
[2025-06-16T00:46:15.568+0000][2093.245s][915][941][info ] Entering safepoint region: Cleanup
[2025-06-16T00:46:15.568+0000][2093.246s][915][941][info ] Leaving safepoint region
[2025-06-16T00:46:15.568+0000][2093.246s][915][941][info ] Total time for which application threads were stopped: 0.0002685 seconds, Stopping threads took: 0.0000545 seconds
[2025-06-16T00:46:16.568+0000][2094.246s][915][941][info ] Application time: 1.0000968 seconds
[2025-06-16T00:46:16.568+0000][2094.246s][915][941][info ] Entering safepoint region: Cleanup
[2025-06-16T00:46:16.568+0000][2094.246s][915][941][info ] Leaving safepoint region
[2025-06-16T00:46:16.569+0000][2094.246s][915][941][info ] Total time for which application threads were stopped: 0.0002533 seconds, Stopping threads took: 0.0000688 seconds
[2025-06-16T00:46:17.416+0000][2095.093s][915][940][trace] CMS: promo attempt is safe: available(6912212992) >= av_promo(0), max_promo(892489536)
[2025-06-16T00:46:17.569+0000][2095.246s][915][941][info ] Application time: 1.0000884 seconds
[2025-06-16T00:46:17.569+0000][2095.246s][915][941][info ] Entering safepoint region: Cleanup
[2025-06-16T00:46:17.569+0000][2095.246s][915][941][info ] Leaving safepoint region
[2025-06-16T00:46:17.569+0000][2095.246s][915][941][info ] Total time for which application threads were stopped: 0.0001726 seconds, Stopping threads took: 0.0000368 seconds
[2025-06-16T00:46:18.569+0000][2096.246s][915][941][info ] Application time: 1.0000902 seconds
[2025-06-16T00:46:18.569+0000][2096.247s][915][941][info ] Entering safepoint region: Cleanup
[2025-06-16T00:46:18.569+0000][2096.247s][915][941][info ] Leaving safepoint region
[2025-06-16T00:46:18.569+0000][2096.247s][915][941][info ] Total time for which application threads were stopped: 0.0001949 seconds, Stopping threads took: 0.0000370 seconds
[2025-06-16T00:46:19.569+0000][2097.247s][915][941][info ] Application time: 1.0000892 seconds
[2025-06-16T00:46:19.569+0000][2097.247s][915][941][info ] Entering safepoint region: Cleanup
[2025-06-16T00:46:19.570+0000][2097.247s][915][941][info ] Leaving safepoint region
[2025-06-16T00:46:19.570+0000][2097.247s][915][941][info ] Total time for which application threads were stopped: 0.0001791 seconds, Stopping threads took: 0.0000388 seconds
[2025-06-16T00:46:20.570+0000][2098.247s][915][941][info ] Application time: 1.0000957 seconds
[2025-06-16T00:46:20.570+0000][2098.247s][915][941][info ] Entering safepoint region: Cleanup
[2025-06-16T00:46:20.570+0000][2098.248s][915][941][info ] Leaving safepoint region
[2025-06-16T00:46:20.570+0000][2098.248s][915][941][info ] Total time for which application threads were stopped: 0.0001958 seconds, Stopping threads took: 0.0000392 seconds
[2025-06-16T00:46:21.570+0000][2099.248s][915][941][info ] Application time: 1.0000966 seconds
[2025-06-16T00:46:21.570+0000][2099.248s][915][941][info ] Entering safepoint region: Cleanup
[2025-06-16T00:46:21.570+0000][2099.248s][915][941][info ] Leaving safepoint region
[2025-06-16T00:46:21.570+0000][2099.248s][915][941][info ] Total time for which application threads were stopped: 0.0002100 seconds, Stopping threads took: 0.0000399 seconds
[2025-06-16T00:46:22.571+0000][2100.248s][915][941][info ] Application time: 1.0000946 seconds
[2025-06-16T00:46:22.571+0000][2100.248s][915][941][info ] Entering safepoint region: Cleanup
[2025-06-16T00:46:22.571+0000][2100.248s][915][941][info ] Leaving safepoint region
[2025-06-16T00:46:22.571+0000][2100.248s][915][941][info ] Total time for which application threads were stopped: 0.0001902 seconds, Stopping threads took: 0.0000445 seconds
[2025-06-16T00:46:23.571+0000][2101.248s][915][941][info ] Application time: 1.0000827 seconds
[2025-06-16T00:46:23.571+0000][2101.248s][915][941][info ] Entering safepoint region: Cleanup
[2025-06-16T00:46:23.571+0000][2101.249s][915][941][info ] Leaving safepoint region
[2025-06-16T00:46:23.571+0000][2101.249s][915][941][info ] Total time for which application threads were stopped: 0.0001523 seconds, Stopping threads took: 0.0000325 seconds
[2025-06-16T00:46:24.571+0000][2102.249s][915][941][info ] Application time: 1.0000902 seconds
[2025-06-16T00:46:24.571+0000][2102.249s][915][941][info ] Entering safepoint region: Cleanup
[2025-06-16T00:46:24.572+0000][2102.249s][915][941][info ] Leaving safepoint region
[2025-06-16T00:46:24.572+0000][2102.249s][915][941][info ] Total time for which application threads were stopped: 0.0001973 seconds, Stopping threads took: 0.0000402 seconds
[2025-06-16T00:46:25.572+0000][2103.249s][915][941][info ] Application time: 1.0000904 seconds
[2025-06-16T00:46:25.572+0000][2103.249s][915][941][info ] Entering safepoint region: Cleanup
[2025-06-16T00:46:25.572+0000][2103.249s][915][941][info ] Leaving safepoint region
[2025-06-16T00:46:25.572+0000][2103.249s][915][941][info ] Total time for which application threads were stopped: 0.0002570 seconds, Stopping threads took: 0.0000492 seconds
[2025-06-16T00:46:26.572+0000][2104.250s][915][941][info ] Application time: 1.0001093 seconds
[2025-06-16T00:46:26.572+0000][2104.250s][915][941][info ] Entering safepoint region: Cleanup
[2025-06-16T00:46:26.572+0000][2104.250s][915][941][info ] Leaving safepoint region
[2025-06-16T00:46:26.572+0000][2104.250s][915][941][info ] Total time for which application threads were stopped: 0.0001692 seconds, Stopping threads took: 0.0000421 seconds
[2025-06-16T00:46:27.415+0000][2105.093s][915][940][trace] CMS: promo attempt is safe: available(6912212992) >= av_promo(0), max_promo(892489536)
[2025-06-16T00:46:27.572+0000][2105.250s][915][941][info ] Application time: 1.0001001 seconds
[2025-06-16T00:46:27.573+0000][2105.250s][915][941][info ] Entering safepoint region: Cleanup
[2025-06-16T00:46:27.573+0000][2105.250s][915][941][info ] Leaving safepoint region
[2025-06-16T00:46:27.573+0000][2105.250s][915][941][info ] Total time for which application threads were stopped: 0.0002352 seconds, Stopping threads took: 0.0000574 seconds
[2025-06-16T00:46:28.573+0000][2106.250s][915][941][info ] Application time: 1.0000952 seconds
[2025-06-16T00:46:28.573+0000][2106.250s][915][941][info ] Entering safepoint region: Cleanup
[2025-06-16T00:46:28.573+0000][2106.251s][915][941][info ] Leaving safepoint region
[2025-06-16T00:46:28.573+0000][2106.251s][915][941][info ] Total time for which application threads were stopped: 0.0002172 seconds, Stopping threads took: 0.0000482 seconds
[2025-06-16T00:46:29.573+0000][2107.251s][915][941][info ] Application time: 1.0001066 seconds
[2025-06-16T00:46:29.573+0000][2107.251s][915][941][info ] Entering safepoint region: Cleanup
[2025-06-16T00:46:29.574+0000][2107.251s][915][941][info ] Leaving safepoint region
[2025-06-16T00:46:29.574+0000][2107.251s][915][941][info ] Total time for which application threads were stopped: 0.0001731 seconds, Stopping threads took: 0.0000355 seconds
[2025-06-16T00:46:30.574+0000][2108.251s][915][941][info ] Application time: 1.0001041 seconds
[2025-06-16T00:46:30.574+0000][2108.251s][915][941][info ] Entering safepoint region: Cleanup
[2025-06-16T00:46:30.574+0000][2108.251s][915][941][info ] Leaving safepoint region
[2025-06-16T00:46:30.574+0000][2108.251s][915][941][info ] Total time for which application threads were stopped: 0.0002075 seconds, Stopping threads took: 0.0000655 seconds
[2025-06-16T00:46:31.574+0000][2109.252s][915][941][info ] Application time: 1.0000862 seconds
[2025-06-16T00:46:31.574+0000][2109.252s][915][941][info ] Entering safepoint region: Cleanup
[2025-06-16T00:46:31.574+0000][2109.252s][915][941][info ] Leaving safepoint region
[2025-06-16T00:46:31.574+0000][2109.252s][915][941][info ] Total time for which application threads were stopped: 0.0001904 seconds, Stopping threads took: 0.0000346 seconds
[2025-06-16T00:46:32.574+0000][2110.252s][915][941][info ] Application time: 1.0000917 seconds
[2025-06-16T00:46:32.574+0000][2110.252s][915][941][info ] Entering safepoint region: Cleanup
[2025-06-16T00:46:32.575+0000][2110.252s][915][941][info ] Leaving safepoint region
[2025-06-16T00:46:32.575+0000][2110.252s][915][941][info ] Total time for which application threads were stopped: 0.0001888 seconds, Stopping threads took: 0.0000384 seconds
[2025-06-16T00:46:33.575+0000][2111.252s][915][941][info ] Application time: 1.0000879 seconds
[2025-06-16T00:46:33.575+0000][2111.252s][915][941][info ] Entering safepoint region: Cleanup
[2025-06-16T00:46:33.575+0000][2111.252s][915][941][info ] Leaving safepoint region
[2025-06-16T00:46:33.575+0000][2111.252s][915][941][info ] Total time for which application threads were stopped: 0.0001840 seconds, Stopping threads took: 0.0000402 seconds
[2025-06-16T00:46:34.575+0000][2112.253s][915][941][info ] Application time: 1.0000867 seconds
[2025-06-16T00:46:34.575+0000][2112.253s][915][941][info ] Entering safepoint region: Cleanup
[2025-06-16T00:46:34.575+0000][2112.253s][915][941][info ] Leaving safepoint region
[2025-06-16T00:46:34.575+0000][2112.253s][915][941][info ] Total time for which application threads were stopped: 0.0002249 seconds, Stopping threads took: 0.0000408 seconds
[2025-06-16T00:46:35.576+0000][2113.253s][915][941][info ] Application time: 1.0001035 seconds
[2025-06-16T00:46:35.576+0000][2113.253s][915][941][info ] Entering safepoint region: Cleanup
[2025-06-16T00:46:35.576+0000][2113.253s][915][941][info ] Leaving safepoint region
[2025-06-16T00:46:35.576+0000][2113.253s][915][941][info ] Total time for which application threads were stopped: 0.0002261 seconds, Stopping threads took: 0.0000569 seconds
[2025-06-16T00:46:36.576+0000][2114.253s][915][941][info ] Application time: 1.0001075 seconds
[2025-06-16T00:46:36.576+0000][2114.254s][915][941][info ] Entering safepoint region: Cleanup
[2025-06-16T00:46:36.576+0000][2114.254s][915][941][info ] Leaving safepoint region
[2025-06-16T00:46:36.576+0000][2114.254s][915][941][info ] Total time for which application threads were stopped: 0.0001702 seconds, Stopping threads took: 0.0000356 seconds
[2025-06-16T00:46:37.415+0000][2115.093s][915][940][trace] CMS: promo attempt is safe: available(6912212992) >= av_promo(0), max_promo(892489536)
[2025-06-16T00:46:37.576+0000][2115.254s][915][941][info ] Application time: 1.0001022 seconds
[2025-06-16T00:46:37.576+0000][2115.254s][915][941][info ] Entering safepoint region: Cleanup
[2025-06-16T00:46:37.577+0000][2115.254s][915][941][info ] Leaving safepoint region
[2025-06-16T00:46:37.577+0000][2115.254s][915][941][info ] Total time for which application threads were stopped: 0.0001888 seconds, Stopping threads took: 0.0000437 seconds
[2025-06-16T00:46:38.577+0000][2116.254s][915][941][info ] Application time: 1.0000957 seconds
[2025-06-16T00:46:38.577+0000][2116.254s][915][941][info ] Entering safepoint region: Cleanup
[2025-06-16T00:46:38.577+0000][2116.254s][915][941][info ] Leaving safepoint region
[2025-06-16T00:46:38.577+0000][2116.254s][915][941][info ] Total time for which application threads were stopped: 0.0001809 seconds, Stopping threads took: 0.0000417 seconds
[2025-06-16T00:46:39.577+0000][2117.255s][915][941][info ] Application time: 1.0000938 seconds
[2025-06-16T00:46:39.577+0000][2117.255s][915][941][info ] Entering safepoint region: Cleanup
[2025-06-16T00:46:39.577+0000][2117.255s][915][941][info ] Leaving safepoint region
[2025-06-16T00:46:39.577+0000][2117.255s][915][941][info ] Total time for which application threads were stopped: 0.0001830 seconds, Stopping threads took: 0.0000376 seconds
[2025-06-16T00:46:40.577+0000][2118.255s][915][941][info ] Application time: 1.0000992 seconds
[2025-06-16T00:46:40.578+0000][2118.255s][915][941][info ] Entering safepoint region: Cleanup
[2025-06-16T00:46:40.578+0000][2118.255s][915][941][info ] Leaving safepoint region
[2025-06-16T00:46:40.578+0000][2118.255s][915][941][info ] Total time for which application threads were stopped: 0.0002647 seconds, Stopping threads took: 0.0000561 seconds
[2025-06-16T00:46:41.578+0000][2119.255s][915][941][info ] Application time: 1.0001078 seconds
[2025-06-16T00:46:41.578+0000][2119.256s][915][941][info ] Entering safepoint region: Cleanup
[2025-06-16T00:46:41.578+0000][2119.256s][915][941][info ] Leaving safepoint region
[2025-06-16T00:46:41.578+0000][2119.256s][915][941][info ] Total time for which application threads were stopped: 0.0001774 seconds, Stopping threads took: 0.0000395 seconds
[2025-06-16T00:46:42.578+0000][2120.256s][915][941][info ] Application time: 1.0000927 seconds
[2025-06-16T00:46:42.578+0000][2120.256s][915][941][info ] Entering safepoint region: Cleanup
[2025-06-16T00:46:42.579+0000][2120.256s][915][941][info ] Leaving safepoint region
[2025-06-16T00:46:42.579+0000][2120.256s][915][941][info ] Total time for which application threads were stopped: 0.0001768 seconds, Stopping threads took: 0.0000461 seconds
[2025-06-16T00:46:43.579+0000][2121.256s][915][941][info ] Application time: 1.0000941 seconds
[2025-06-16T00:46:43.579+0000][2121.256s][915][941][info ] Entering safepoint region: Cleanup
[2025-06-16T00:46:43.579+0000][2121.256s][915][941][info ] Leaving safepoint region
[2025-06-16T00:46:43.579+0000][2121.256s][915][941][info ] Total time for which application threads were stopped: 0.0001637 seconds, Stopping threads took: 0.0000365 seconds
[2025-06-16T00:46:44.579+0000][2122.257s][915][941][info ] Application time: 1.0000979 seconds
[2025-06-16T00:46:44.579+0000][2122.257s][915][941][info ] Entering safepoint region: Cleanup
[2025-06-16T00:46:44.579+0000][2122.257s][915][941][info ] Leaving safepoint region
[2025-06-16T00:46:44.579+0000][2122.257s][915][941][info ] Total time for which application threads were stopped: 0.0001909 seconds, Stopping threads took: 0.0000429 seconds
[2025-06-16T00:46:45.579+0000][2123.257s][915][941][info ] Application time: 1.0001039 seconds
[2025-06-16T00:46:45.580+0000][2123.257s][915][941][info ] Entering safepoint region: Cleanup
[2025-06-16T00:46:45.580+0000][2123.257s][915][941][info ] Leaving safepoint region
[2025-06-16T00:46:45.580+0000][2123.257s][915][941][info ] Total time for which application threads were stopped: 0.0001637 seconds, Stopping threads took: 0.0000335 seconds
[2025-06-16T00:46:46.580+0000][2124.257s][915][941][info ] Application time: 1.0000891 seconds
[2025-06-16T00:46:46.580+0000][2124.257s][915][941][info ] Entering safepoint region: Cleanup
[2025-06-16T00:46:46.580+0000][2124.257s][915][941][info ] Leaving safepoint region
[2025-06-16T00:46:46.580+0000][2124.257s][915][941][info ] Total time for which application threads were stopped: 0.0001700 seconds, Stopping threads took: 0.0000415 seconds
[2025-06-16T00:46:47.415+0000][2125.093s][915][940][trace] CMS: promo attempt is safe: available(6912212992) >= av_promo(0), max_promo(892489536)
[2025-06-16T00:46:47.580+0000][2125.258s][915][941][info ] Application time: 1.0000866 seconds
[2025-06-16T00:46:47.580+0000][2125.258s][915][941][info ] Entering safepoint region: Cleanup
[2025-06-16T00:46:47.580+0000][2125.258s][915][941][info ] Leaving safepoint region
[2025-06-16T00:46:47.580+0000][2125.258s][915][941][info ] Total time for which application threads were stopped: 0.0001647 seconds, Stopping threads took: 0.0000345 seconds
[2025-06-16T00:46:48.580+0000][2126.258s][915][941][info ] Application time: 1.0001304 seconds
[2025-06-16T00:46:48.581+0000][2126.258s][915][941][info ] Entering safepoint region: Cleanup
[2025-06-16T00:46:48.581+0000][2126.259s][915][941][info ] Leaving safepoint region
[2025-06-16T00:46:48.581+0000][2126.259s][915][941][info ] Total time for which application threads were stopped: 0.0004653 seconds, Stopping threads took: 0.0000823 seconds
[2025-06-16T00:46:49.581+0000][2127.259s][915][941][info ] Application time: 1.0001069 seconds
[2025-06-16T00:46:49.581+0000][2127.259s][915][941][info ] Entering safepoint region: Cleanup
[2025-06-16T00:46:49.581+0000][2127.259s][915][941][info ] Leaving safepoint region
[2025-06-16T00:46:49.581+0000][2127.259s][915][941][info ] Total time for which application threads were stopped: 0.0002152 seconds, Stopping threads took: 0.0000510 seconds
[2025-06-16T00:46:50.582+0000][2128.259s][915][941][info ] Application time: 1.0001153 seconds
[2025-06-16T00:46:50.582+0000][2128.259s][915][941][info ] Entering safepoint region: Cleanup
[2025-06-16T00:46:50.582+0000][2128.260s][915][941][info ] Leaving safepoint region
[2025-06-16T00:46:50.582+0000][2128.260s][915][941][info ] Total time for which application threads were stopped: 0.0002806 seconds, Stopping threads took: 0.0000684 seconds
[2025-06-16T00:46:51.582+0000][2129.260s][915][941][info ] Application time: 1.0001075 seconds
[2025-06-16T00:46:51.582+0000][2129.260s][915][941][info ] Entering safepoint region: Cleanup
[2025-06-16T00:46:51.582+0000][2129.260s][915][941][info ] Leaving safepoint region
[2025-06-16T00:46:51.583+0000][2129.260s][915][941][info ] Total time for which application threads were stopped: 0.0002116 seconds, Stopping threads took: 0.0000525 seconds
[2025-06-16T00:46:52.583+0000][2130.260s][915][941][info ] Application time: 1.0001203 seconds
[2025-06-16T00:46:52.583+0000][2130.260s][915][941][info ] Entering safepoint region: Cleanup
[2025-06-16T00:46:52.583+0000][2130.260s][915][941][info ] Leaving safepoint region
[2025-06-16T00:46:52.583+0000][2130.260s][915][941][info ] Total time for which application threads were stopped: 0.0001948 seconds, Stopping threads took: 0.0000474 seconds
[2025-06-16T00:46:53.583+0000][2131.261s][915][941][info ] Application time: 1.0001040 seconds
[2025-06-16T00:46:53.583+0000][2131.261s][915][941][info ] Entering safepoint region: Cleanup
[2025-06-16T00:46:53.583+0000][2131.261s][915][941][info ] Leaving safepoint region
[2025-06-16T00:46:53.583+0000][2131.261s][915][941][info ] Total time for which application threads were stopped: 0.0001800 seconds, Stopping threads took: 0.0000355 seconds
[2025-06-16T00:46:54.583+0000][2132.261s][915][941][info ] Application time: 1.0000962 seconds
[2025-06-16T00:46:54.584+0000][2132.261s][915][941][info ] Entering safepoint region: Cleanup
[2025-06-16T00:46:54.584+0000][2132.261s][915][941][info ] Leaving safepoint region
[2025-06-16T00:46:54.584+0000][2132.261s][915][941][info ] Total time for which application threads were stopped: 0.0003143 seconds, Stopping threads took: 0.0000461 seconds
[2025-06-16T00:46:55.584+0000][2133.261s][915][941][info ] Application time: 1.0001040 seconds
[2025-06-16T00:46:55.584+0000][2133.262s][915][941][info ] Entering safepoint region: Cleanup
[2025-06-16T00:46:55.584+0000][2133.262s][915][941][info ] Leaving safepoint region
[2025-06-16T00:46:55.584+0000][2133.262s][915][941][info ] Total time for which application threads were stopped: 0.0001779 seconds, Stopping threads took: 0.0000442 seconds
[2025-06-16T00:46:56.584+0000][2134.262s][915][941][info ] Application time: 1.0000932 seconds
[2025-06-16T00:46:56.584+0000][2134.262s][915][941][info ] Entering safepoint region: Cleanup
[2025-06-16T00:46:56.585+0000][2134.262s][915][941][info ] Leaving safepoint region
[2025-06-16T00:46:56.585+0000][2134.262s][915][941][info ] Total time for which application threads were stopped: 0.0002129 seconds, Stopping threads took: 0.0000448 seconds
[2025-06-16T00:46:57.415+0000][2135.092s][915][940][trace] CMS: promo attempt is safe: available(6912212992) >= av_promo(0), max_promo(904691280)
[2025-06-16T00:46:57.585+0000][2135.262s][915][941][info ] Application time: 1.0000944 seconds
[2025-06-16T00:46:57.585+0000][2135.262s][915][941][info ] Entering safepoint region: Cleanup
[2025-06-16T00:46:57.585+0000][2135.262s][915][941][info ] Leaving safepoint region
[2025-06-16T00:46:57.585+0000][2135.262s][915][941][info ] Total time for which application threads were stopped: 0.0001743 seconds, Stopping threads took: 0.0000377 seconds
[2025-06-16T00:46:58.585+0000][2136.263s][915][941][info ] Application time: 1.0000954 seconds
[2025-06-16T00:46:58.585+0000][2136.263s][915][941][info ] Entering safepoint region: Cleanup
[2025-06-16T00:46:58.585+0000][2136.263s][915][941][info ] Leaving safepoint region
[2025-06-16T00:46:58.585+0000][2136.263s][915][941][info ] Total time for which application threads were stopped: 0.0002641 seconds, Stopping threads took: 0.0000403 seconds
[2025-06-16T00:46:59.586+0000][2137.263s][915][941][info ] Application time: 1.0000967 seconds
[2025-06-16T00:46:59.586+0000][2137.263s][915][941][info ] Entering safepoint region: Cleanup
[2025-06-16T00:46:59.586+0000][2137.263s][915][941][info ] Leaving safepoint region
[2025-06-16T00:46:59.586+0000][2137.263s][915][941][info ] Total time for which application threads were stopped: 0.0002233 seconds, Stopping threads took: 0.0000385 seconds
[2025-06-16T00:47:00.586+0000][2138.263s][915][941][info ] Application time: 1.0000856 seconds
[2025-06-16T00:47:00.586+0000][2138.264s][915][941][info ] Entering safepoint region: Cleanup
[2025-06-16T00:47:00.586+0000][2138.264s][915][941][info ] Leaving safepoint region
[2025-06-16T00:47:00.586+0000][2138.264s][915][941][info ] Total time for which application threads were stopped: 0.0001526 seconds, Stopping threads took: 0.0000338 seconds
[2025-06-16T00:47:01.586+0000][2139.264s][915][941][info ] Application time: 1.0001302 seconds
[2025-06-16T00:47:01.586+0000][2139.264s][915][941][info ] Entering safepoint region: Cleanup
[2025-06-16T00:47:01.587+0000][2139.264s][915][941][info ] Leaving safepoint region
[2025-06-16T00:47:01.587+0000][2139.264s][915][941][info ] Total time for which application threads were stopped: 0.0002050 seconds, Stopping threads took: 0.0000425 seconds
[2025-06-16T00:47:02.587+0000][2140.264s][915][941][info ] Application time: 1.0000935 seconds
[2025-06-16T00:47:02.587+0000][2140.264s][915][941][info ] Entering safepoint region: Cleanup
[2025-06-16T00:47:02.587+0000][2140.264s][915][941][info ] Leaving safepoint region
[2025-06-16T00:47:02.587+0000][2140.264s][915][941][info ] Total time for which application threads were stopped: 0.0001795 seconds, Stopping threads took: 0.0000396 seconds
[2025-06-16T00:47:03.587+0000][2141.265s][915][941][info ] Application time: 1.0000948 seconds
[2025-06-16T00:47:03.587+0000][2141.265s][915][941][info ] Entering safepoint region: Cleanup
[2025-06-16T00:47:03.587+0000][2141.265s][915][941][info ] Leaving safepoint region
[2025-06-16T00:47:03.587+0000][2141.265s][915][941][info ] Total time for which application threads were stopped: 0.0001950 seconds, Stopping threads took: 0.0000383 seconds
[2025-06-16T00:47:04.587+0000][2142.265s][915][941][info ] Application time: 1.0001071 seconds
[2025-06-16T00:47:04.588+0000][2142.265s][915][941][info ] Entering safepoint region: Cleanup
[2025-06-16T00:47:04.588+0000][2142.265s][915][941][info ] Leaving safepoint region
[2025-06-16T00:47:04.588+0000][2142.265s][915][941][info ] Total time for which application threads were stopped: 0.0001959 seconds, Stopping threads took: 0.0000416 seconds
[2025-06-16T00:47:05.588+0000][2143.265s][915][941][info ] Application time: 1.0000977 seconds
[2025-06-16T00:47:05.588+0000][2143.265s][915][941][info ] Entering safepoint region: Cleanup
[2025-06-16T00:47:05.588+0000][2143.266s][915][941][info ] Leaving safepoint region
[2025-06-16T00:47:05.588+0000][2143.266s][915][941][info ] Total time for which application threads were stopped: 0.0001773 seconds, Stopping threads took: 0.0000378 seconds
[2025-06-16T00:47:06.588+0000][2144.266s][915][941][info ] Application time: 1.0001091 seconds
[2025-06-16T00:47:06.588+0000][2144.266s][915][941][info ] Entering safepoint region: Cleanup
[2025-06-16T00:47:06.589+0000][2144.266s][915][941][info ] Leaving safepoint region
[2025-06-16T00:47:06.589+0000][2144.266s][915][941][info ] Total time for which application threads were stopped: 0.0002132 seconds, Stopping threads took: 0.0000458 seconds
[2025-06-16T00:47:07.415+0000][2145.092s][915][940][trace] CMS: promo attempt is safe: available(6912212992) >= av_promo(0), max_promo(904691280)
[2025-06-16T00:47:07.589+0000][2145.266s][915][941][info ] Application time: 1.0001003 seconds
[2025-06-16T00:47:07.589+0000][2145.266s][915][941][info ] Entering safepoint region: Cleanup
[2025-06-16T00:47:07.589+0000][2145.266s][915][941][info ] Leaving safepoint region
[2025-06-16T00:47:07.589+0000][2145.266s][915][941][info ] Total time for which application threads were stopped: 0.0001768 seconds, Stopping threads took: 0.0000375 seconds
[2025-06-16T00:47:08.589+0000][2146.267s][915][941][info ] Application time: 1.0001164 seconds
[2025-06-16T00:47:08.589+0000][2146.267s][915][941][info ] Entering safepoint region: Cleanup
[2025-06-16T00:47:08.589+0000][2146.267s][915][941][info ] Leaving safepoint region
[2025-06-16T00:47:08.589+0000][2146.267s][915][941][info ] Total time for which application threads were stopped: 0.0002030 seconds, Stopping threads took: 0.0000438 seconds
[2025-06-16T00:47:09.589+0000][2147.267s][915][941][info ] Application time: 1.0000853 seconds
[2025-06-16T00:47:09.590+0000][2147.267s][915][941][info ] Entering safepoint region: Cleanup
[2025-06-16T00:47:09.590+0000][2147.267s][915][941][info ] Leaving safepoint region
[2025-06-16T00:47:09.590+0000][2147.267s][915][941][info ] Total time for which application threads were stopped: 0.0003397 seconds, Stopping threads took: 0.0000586 seconds
[2025-06-16T00:47:10.590+0000][2148.268s][915][941][info ] Application time: 1.0000953 seconds
[2025-06-16T00:47:10.590+0000][2148.268s][915][941][info ] Entering safepoint region: Cleanup
[2025-06-16T00:47:10.590+0000][2148.268s][915][941][info ] Leaving safepoint region
[2025-06-16T00:47:10.590+0000][2148.268s][915][941][info ] Total time for which application threads were stopped: 0.0001686 seconds, Stopping threads took: 0.0000352 seconds
[2025-06-16T00:47:11.590+0000][2149.268s][915][941][info ] Application time: 1.0001127 seconds
[2025-06-16T00:47:11.591+0000][2149.268s][915][941][info ] Entering safepoint region: Cleanup
[2025-06-16T00:47:11.591+0000][2149.268s][915][941][info ] Leaving safepoint region
[2025-06-16T00:47:11.591+0000][2149.268s][915][941][info ] Total time for which application threads were stopped: 0.0001660 seconds, Stopping threads took: 0.0000354 seconds
[2025-06-16T00:47:12.591+0000][2150.268s][915][941][info ] Application time: 1.0001034 seconds
[2025-06-16T00:47:12.591+0000][2150.268s][915][941][info ] Entering safepoint region: Cleanup
[2025-06-16T00:47:12.591+0000][2150.269s][915][941][info ] Leaving safepoint region
[2025-06-16T00:47:12.591+0000][2150.269s][915][941][info ] Total time for which application threads were stopped: 0.0002099 seconds, Stopping threads took: 0.0000429 seconds
[2025-06-16T00:47:13.591+0000][2151.269s][915][941][info ] Application time: 1.0000948 seconds
[2025-06-16T00:47:13.591+0000][2151.269s][915][941][info ] Entering safepoint region: Cleanup
[2025-06-16T00:47:13.591+0000][2151.269s][915][941][info ] Leaving safepoint region
[2025-06-16T00:47:13.591+0000][2151.269s][915][941][info ] Total time for which application threads were stopped: 0.0002098 seconds, Stopping threads took: 0.0000538 seconds
[2025-06-16T00:47:14.592+0000][2152.269s][915][941][info ] Application time: 1.0001404 seconds
[2025-06-16T00:47:14.592+0000][2152.269s][915][941][info ] Entering safepoint region: Cleanup
[2025-06-16T00:47:14.592+0000][2152.269s][915][941][info ] Leaving safepoint region
[2025-06-16T00:47:14.592+0000][2152.269s][915][941][info ] Total time for which application threads were stopped: 0.0001943 seconds, Stopping threads took: 0.0000430 seconds
[2025-06-16T00:47:15.592+0000][2153.270s][915][941][info ] Application time: 1.0001083 seconds
[2025-06-16T00:47:15.592+0000][2153.270s][915][941][info ] Entering safepoint region: Cleanup
[2025-06-16T00:47:15.592+0000][2153.270s][915][941][info ] Leaving safepoint region
[2025-06-16T00:47:15.592+0000][2153.270s][915][941][info ] Total time for which application threads were stopped: 0.0002183 seconds, Stopping threads took: 0.0000449 seconds
[2025-06-16T00:47:16.592+0000][2154.270s][915][941][info ] Application time: 1.0001007 seconds
[2025-06-16T00:47:16.593+0000][2154.270s][915][941][info ] Entering safepoint region: Cleanup
[2025-06-16T00:47:16.593+0000][2154.270s][915][941][info ] Leaving safepoint region
[2025-06-16T00:47:16.593+0000][2154.270s][915][941][info ] Total time for which application threads were stopped: 0.0002309 seconds, Stopping threads took: 0.0000481 seconds
[2025-06-16T00:47:17.415+0000][2155.092s][915][940][trace] CMS: promo attempt is safe: available(6912212992) >= av_promo(0), max_promo(918113080)
[2025-06-16T00:47:17.593+0000][2155.270s][915][941][info ] Application time: 1.0001351 seconds
[2025-06-16T00:47:17.593+0000][2155.271s][915][941][info ] Entering safepoint region: Cleanup
[2025-06-16T00:47:17.593+0000][2155.271s][915][941][info ] Leaving safepoint region
[2025-06-16T00:47:17.593+0000][2155.271s][915][941][info ] Total time for which application threads were stopped: 0.0001919 seconds, Stopping threads took: 0.0000429 seconds
[2025-06-16T00:47:18.593+0000][2156.271s][915][941][info ] Application time: 1.0000961 seconds
[2025-06-16T00:47:18.593+0000][2156.271s][915][941][info ] Entering safepoint region: Cleanup
[2025-06-16T00:47:18.594+0000][2156.271s][915][941][info ] Leaving safepoint region
[2025-06-16T00:47:18.594+0000][2156.271s][915][941][info ] Total time for which application threads were stopped: 0.0002135 seconds, Stopping threads took: 0.0000393 seconds
[2025-06-16T00:47:19.594+0000][2157.271s][915][941][info ] Application time: 1.0000922 seconds
[2025-06-16T00:47:19.594+0000][2157.271s][915][941][info ] Entering safepoint region: Cleanup
[2025-06-16T00:47:19.594+0000][2157.272s][915][941][info ] Leaving safepoint region
[2025-06-16T00:47:19.594+0000][2157.272s][915][941][info ] Total time for which application threads were stopped: 0.0002381 seconds, Stopping threads took: 0.0000469 seconds
[2025-06-16T00:47:20.594+0000][2158.272s][915][941][info ] Application time: 1.0000722 seconds
[2025-06-16T00:47:20.594+0000][2158.272s][915][941][info ] Entering safepoint region: Cleanup
[2025-06-16T00:47:20.594+0000][2158.272s][915][941][info ] Leaving safepoint region
[2025-06-16T00:47:20.594+0000][2158.272s][915][941][info ] Total time for which application threads were stopped: 0.0002059 seconds, Stopping threads took: 0.0000371 seconds
[2025-06-16T00:47:21.595+0000][2159.272s][915][941][info ] Application time: 1.0000856 seconds
[2025-06-16T00:47:21.595+0000][2159.272s][915][941][info ] Entering safepoint region: Cleanup
[2025-06-16T00:47:21.595+0000][2159.272s][915][941][info ] Leaving safepoint region
[2025-06-16T00:47:21.595+0000][2159.272s][915][941][info ] Total time for which application threads were stopped: 0.0001900 seconds, Stopping threads took: 0.0000387 seconds
[2025-06-16T00:47:22.595+0000][2160.272s][915][941][info ] Application time: 1.0000972 seconds
[2025-06-16T00:47:22.595+0000][2160.273s][915][941][info ] Entering safepoint region: Cleanup
[2025-06-16T00:47:22.595+0000][2160.273s][915][941][info ] Leaving safepoint region
[2025-06-16T00:47:22.595+0000][2160.273s][915][941][info ] Total time for which application threads were stopped: 0.0002382 seconds, Stopping threads took: 0.0000470 seconds
[2025-06-16T00:47:23.596+0000][2161.273s][915][941][info ] Application time: 1.0001855 seconds
[2025-06-16T00:47:23.596+0000][2161.273s][915][941][info ] Entering safepoint region: Cleanup
[2025-06-16T00:47:23.597+0000][2161.274s][915][941][info ] Leaving safepoint region
[2025-06-16T00:47:23.597+0000][2161.274s][915][941][info ] Total time for which application threads were stopped: 0.0010011 seconds, Stopping threads took: 0.0002264 seconds
[2025-06-16T00:47:24.597+0000][2162.274s][915][941][info ] Application time: 1.0001422 seconds
[2025-06-16T00:47:24.597+0000][2162.275s][915][941][info ] Entering safepoint region: Cleanup
[2025-06-16T00:47:24.597+0000][2162.275s][915][941][info ] Leaving safepoint region
[2025-06-16T00:47:24.597+0000][2162.275s][915][941][info ] Total time for which application threads were stopped: 0.0002525 seconds, Stopping threads took: 0.0000501 seconds
[2025-06-16T00:47:25.597+0000][2163.275s][915][941][info ] Application time: 1.0000987 seconds
[2025-06-16T00:47:25.598+0000][2163.275s][915][941][info ] Entering safepoint region: Cleanup
[2025-06-16T00:47:25.598+0000][2163.275s][915][941][info ] Leaving safepoint region
[2025-06-16T00:47:25.598+0000][2163.275s][915][941][info ] Total time for which application threads were stopped: 0.0003212 seconds, Stopping threads took: 0.0000522 seconds
[2025-06-16T00:47:26.598+0000][2164.275s][915][941][info ] Application time: 1.0000965 seconds
[2025-06-16T00:47:26.598+0000][2164.276s][915][941][info ] Entering safepoint region: Cleanup
[2025-06-16T00:47:26.598+0000][2164.276s][915][941][info ] Leaving safepoint region
[2025-06-16T00:47:26.598+0000][2164.276s][915][941][info ] Total time for which application threads were stopped: 0.0002206 seconds, Stopping threads took: 0.0000432 seconds
[2025-06-16T00:47:27.414+0000][2165.092s][915][940][trace] CMS: promo attempt is safe: available(6912212992) >= av_promo(0), max_promo(918113080)
[2025-06-16T00:47:27.598+0000][2165.276s][915][941][info ] Application time: 1.0000966 seconds
[2025-06-16T00:47:27.598+0000][2165.276s][915][941][info ] Entering safepoint region: Cleanup
[2025-06-16T00:47:27.599+0000][2165.276s][915][941][info ] Leaving safepoint region
[2025-06-16T00:47:27.599+0000][2165.276s][915][941][info ] Total time for which application threads were stopped: 0.0001805 seconds, Stopping threads took: 0.0000384 seconds
[2025-06-16T00:47:28.599+0000][2166.276s][915][941][info ] Application time: 1.0001032 seconds
[2025-06-16T00:47:28.599+0000][2166.276s][915][941][info ] Entering safepoint region: Cleanup
[2025-06-16T00:47:28.599+0000][2166.276s][915][941][info ] Leaving safepoint region
[2025-06-16T00:47:28.599+0000][2166.276s][915][941][info ] Total time for which application threads were stopped: 0.0001854 seconds, Stopping threads took: 0.0000393 seconds
[2025-06-16T00:47:29.599+0000][2167.277s][915][941][info ] Application time: 1.0000908 seconds
[2025-06-16T00:47:29.599+0000][2167.277s][915][941][info ] Entering safepoint region: Cleanup
[2025-06-16T00:47:29.599+0000][2167.277s][915][941][info ] Leaving safepoint region
[2025-06-16T00:47:29.599+0000][2167.277s][915][941][info ] Total time for which application threads were stopped: 0.0002587 seconds, Stopping threads took: 0.0000456 seconds
[2025-06-16T00:47:30.600+0000][2168.277s][915][941][info ] Application time: 1.0001053 seconds
[2025-06-16T00:47:30.600+0000][2168.277s][915][941][info ] Entering safepoint region: Cleanup
[2025-06-16T00:47:30.600+0000][2168.277s][915][941][info ] Leaving safepoint region
[2025-06-16T00:47:30.600+0000][2168.277s][915][941][info ] Total time for which application threads were stopped: 0.0003121 seconds, Stopping threads took: 0.0000543 seconds
[2025-06-16T00:47:31.600+0000][2169.278s][915][941][info ] Application time: 1.0001119 seconds
[2025-06-16T00:47:31.600+0000][2169.278s][915][941][info ] Entering safepoint region: Cleanup
[2025-06-16T00:47:31.600+0000][2169.278s][915][941][info ] Leaving safepoint region
[2025-06-16T00:47:31.600+0000][2169.278s][915][941][info ] Total time for which application threads were stopped: 0.0002637 seconds, Stopping threads took: 0.0000565 seconds
[2025-06-16T00:47:32.601+0000][2170.278s][915][941][info ] Application time: 1.0000946 seconds
[2025-06-16T00:47:32.601+0000][2170.278s][915][941][info ] Entering safepoint region: Cleanup
[2025-06-16T00:47:32.601+0000][2170.278s][915][941][info ] Leaving safepoint region
[2025-06-16T00:47:32.601+0000][2170.278s][915][941][info ] Total time for which application threads were stopped: 0.0002602 seconds, Stopping threads took: 0.0000471 seconds
[2025-06-16T00:47:33.601+0000][2171.279s][915][941][info ] Application time: 1.0001119 seconds
[2025-06-16T00:47:33.601+0000][2171.279s][915][941][info ] Entering safepoint region: Cleanup
[2025-06-16T00:47:33.601+0000][2171.279s][915][941][info ] Leaving safepoint region
[2025-06-16T00:47:33.601+0000][2171.279s][915][941][info ] Total time for which application threads were stopped: 0.0001819 seconds, Stopping threads took: 0.0000375 seconds
[2025-06-16T00:47:34.601+0000][2172.279s][915][941][info ] Application time: 1.0000919 seconds
[2025-06-16T00:47:34.601+0000][2172.279s][915][941][info ] Entering safepoint region: Cleanup
[2025-06-16T00:47:34.602+0000][2172.279s][915][941][info ] Leaving safepoint region
[2025-06-16T00:47:34.602+0000][2172.279s][915][941][info ] Total time for which application threads were stopped: 0.0001836 seconds, Stopping threads took: 0.0000370 seconds
[2025-06-16T00:47:35.602+0000][2173.279s][915][941][info ] Application time: 1.0001351 seconds
[2025-06-16T00:47:35.602+0000][2173.279s][915][941][info ] Entering safepoint region: Cleanup
[2025-06-16T00:47:35.602+0000][2173.280s][915][941][info ] Leaving safepoint region
[2025-06-16T00:47:35.602+0000][2173.280s][915][941][info ] Total time for which application threads were stopped: 0.0002115 seconds, Stopping threads took: 0.0000482 seconds
[2025-06-16T00:47:36.602+0000][2174.280s][915][941][info ] Application time: 1.0001172 seconds
[2025-06-16T00:47:36.602+0000][2174.280s][915][941][info ] Entering safepoint region: Cleanup
[2025-06-16T00:47:36.603+0000][2174.280s][915][941][info ] Leaving safepoint region
[2025-06-16T00:47:36.603+0000][2174.280s][915][941][info ] Total time for which application threads were stopped: 0.0002063 seconds, Stopping threads took: 0.0000443 seconds
[2025-06-16T00:47:37.414+0000][2175.091s][915][940][trace] CMS: promo attempt is safe: available(6912212992) >= av_promo(0), max_promo(918113080)
[2025-06-16T00:47:37.603+0000][2175.280s][915][941][info ] Application time: 1.0001067 seconds
[2025-06-16T00:47:37.603+0000][2175.280s][915][941][info ] Entering safepoint region: Cleanup
[2025-06-16T00:47:37.603+0000][2175.280s][915][941][info ] Leaving safepoint region
[2025-06-16T00:47:37.603+0000][2175.280s][915][941][info ] Total time for which application threads were stopped: 0.0001602 seconds, Stopping threads took: 0.0000368 seconds
[2025-06-16T00:47:38.603+0000][2176.280s][915][941][info ] Application time: 1.0000979 seconds
[2025-06-16T00:47:38.603+0000][2176.281s][915][941][info ] Entering safepoint region: Cleanup
[2025-06-16T00:47:38.603+0000][2176.281s][915][941][info ] Leaving safepoint region
[2025-06-16T00:47:38.603+0000][2176.281s][915][941][info ] Total time for which application threads were stopped: 0.0001975 seconds, Stopping threads took: 0.0000369 seconds
[2025-06-16T00:47:39.604+0000][2177.281s][915][941][info ] Application time: 1.0002199 seconds
[2025-06-16T00:47:39.604+0000][2177.282s][915][941][info ] Entering safepoint region: Cleanup
[2025-06-16T00:47:39.605+0000][2177.282s][915][941][info ] Leaving safepoint region
[2025-06-16T00:47:39.605+0000][2177.283s][915][941][info ] Total time for which application threads were stopped: 0.0011500 seconds, Stopping threads took: 0.0002040 seconds
[2025-06-16T00:47:40.605+0000][2178.283s][915][941][info ] Application time: 1.0001492 seconds
[2025-06-16T00:47:40.605+0000][2178.283s][915][941][info ] Entering safepoint region: Cleanup
[2025-06-16T00:47:40.605+0000][2178.283s][915][941][info ] Leaving safepoint region
[2025-06-16T00:47:40.605+0000][2178.283s][915][941][info ] Total time for which application threads were stopped: 0.0001688 seconds, Stopping threads took: 0.0000389 seconds
[2025-06-16T00:47:41.606+0000][2179.283s][915][941][info ] Application time: 1.0001236 seconds
[2025-06-16T00:47:41.606+0000][2179.283s][915][941][info ] Entering safepoint region: Cleanup
[2025-06-16T00:47:41.606+0000][2179.283s][915][941][info ] Leaving safepoint region
[2025-06-16T00:47:41.606+0000][2179.283s][915][941][info ] Total time for which application threads were stopped: 0.0002656 seconds, Stopping threads took: 0.0000426 seconds
[2025-06-16T00:47:42.606+0000][2180.284s][915][941][info ] Application time: 1.0000980 seconds
[2025-06-16T00:47:42.606+0000][2180.284s][915][941][info ] Entering safepoint region: Cleanup
[2025-06-16T00:47:42.606+0000][2180.284s][915][941][info ] Leaving safepoint region
[2025-06-16T00:47:42.606+0000][2180.284s][915][941][info ] Total time for which application threads were stopped: 0.0001811 seconds, Stopping threads took: 0.0000366 seconds
[2025-06-16T00:47:43.606+0000][2181.284s][915][941][info ] Application time: 1.0000855 seconds
[2025-06-16T00:47:43.606+0000][2181.284s][915][941][info ] Entering safepoint region: Cleanup
[2025-06-16T00:47:43.607+0000][2181.284s][915][941][info ] Leaving safepoint region
[2025-06-16T00:47:43.607+0000][2181.284s][915][941][info ] Total time for which application threads were stopped: 0.0001603 seconds, Stopping threads took: 0.0000315 seconds
[2025-06-16T00:47:44.607+0000][2182.284s][915][941][info ] Application time: 1.0000999 seconds
[2025-06-16T00:47:44.607+0000][2182.284s][915][941][info ] Entering safepoint region: Cleanup
[2025-06-16T00:47:44.607+0000][2182.284s][915][941][info ] Leaving safepoint region
[2025-06-16T00:47:44.607+0000][2182.284s][915][941][info ] Total time for which application threads were stopped: 0.0001894 seconds, Stopping threads took: 0.0000403 seconds
[2025-06-16T00:47:45.607+0000][2183.285s][915][941][info ] Application time: 1.0001534 seconds
[2025-06-16T00:47:45.607+0000][2183.285s][915][941][info ] Entering safepoint region: Cleanup
[2025-06-16T00:47:45.608+0000][2183.285s][915][941][info ] Leaving safepoint region
[2025-06-16T00:47:45.608+0000][2183.285s][915][941][info ] Total time for which application threads were stopped: 0.0005544 seconds, Stopping threads took: 0.0001281 seconds
[2025-06-16T00:47:46.608+0000][2184.286s][915][941][info ] Application time: 1.0001233 seconds
[2025-06-16T00:47:46.608+0000][2184.286s][915][941][info ] Entering safepoint region: Cleanup
[2025-06-16T00:47:46.608+0000][2184.286s][915][941][info ] Leaving safepoint region
[2025-06-16T00:47:46.608+0000][2184.286s][915][941][info ] Total time for which application threads were stopped: 0.0001840 seconds, Stopping threads took: 0.0000382 seconds
[2025-06-16T00:47:47.414+0000][2185.091s][915][940][trace] CMS: promo attempt is safe: available(6912212992) >= av_promo(0), max_promo(918113080)
[2025-06-16T00:47:47.608+0000][2185.286s][915][941][info ] Application time: 1.0000998 seconds
[2025-06-16T00:47:47.609+0000][2185.286s][915][941][info ] Entering safepoint region: Cleanup
[2025-06-16T00:47:47.609+0000][2185.286s][915][941][info ] Leaving safepoint region
[2025-06-16T00:47:47.609+0000][2185.286s][915][941][info ] Total time for which application threads were stopped: 0.0001885 seconds, Stopping threads took: 0.0000379 seconds
[2025-06-16T00:47:48.609+0000][2186.286s][915][941][info ] Application time: 1.0001127 seconds
[2025-06-16T00:47:48.609+0000][2186.286s][915][941][info ] Entering safepoint region: Cleanup
[2025-06-16T00:47:48.609+0000][2186.287s][915][941][info ] Leaving safepoint region
[2025-06-16T00:47:48.609+0000][2186.287s][915][941][info ] Total time for which application threads were stopped: 0.0001920 seconds, Stopping threads took: 0.0000478 seconds
[2025-06-16T00:47:49.609+0000][2187.287s][915][941][info ] Application time: 1.0001028 seconds
[2025-06-16T00:47:49.609+0000][2187.287s][915][941][info ] Entering safepoint region: Cleanup
[2025-06-16T00:47:49.610+0000][2187.287s][915][941][info ] Leaving safepoint region
[2025-06-16T00:47:49.610+0000][2187.287s][915][941][info ] Total time for which application threads were stopped: 0.0002319 seconds, Stopping threads took: 0.0000494 seconds
[2025-06-16T00:47:50.610+0000][2188.287s][915][941][info ] Application time: 1.0001050 seconds
[2025-06-16T00:47:50.610+0000][2188.287s][915][941][info ] Entering safepoint region: Cleanup
[2025-06-16T00:47:50.610+0000][2188.287s][915][941][info ] Leaving safepoint region
[2025-06-16T00:47:50.610+0000][2188.287s][915][941][info ] Total time for which application threads were stopped: 0.0002028 seconds, Stopping threads took: 0.0000601 seconds
[2025-06-16T00:47:51.610+0000][2189.288s][915][941][info ] Application time: 1.0001011 seconds
[2025-06-16T00:47:51.610+0000][2189.288s][915][941][info ] Entering safepoint region: Cleanup
[2025-06-16T00:47:51.610+0000][2189.288s][915][941][info ] Leaving safepoint region
[2025-06-16T00:47:51.610+0000][2189.288s][915][941][info ] Total time for which application threads were stopped: 0.0001924 seconds, Stopping threads took: 0.0000393 seconds
[2025-06-16T00:47:52.611+0000][2190.288s][915][941][info ] Application time: 1.0001137 seconds
[2025-06-16T00:47:52.611+0000][2190.288s][915][941][info ] Entering safepoint region: Cleanup
[2025-06-16T00:47:52.611+0000][2190.288s][915][941][info ] Leaving safepoint region
[2025-06-16T00:47:52.611+0000][2190.288s][915][941][info ] Total time for which application threads were stopped: 0.0002055 seconds, Stopping threads took: 0.0000479 seconds
[2025-06-16T00:47:53.611+0000][2191.288s][915][941][info ] Application time: 1.0000947 seconds
[2025-06-16T00:47:53.611+0000][2191.289s][915][941][info ] Entering safepoint region: Cleanup
[2025-06-16T00:47:53.611+0000][2191.289s][915][941][info ] Leaving safepoint region
[2025-06-16T00:47:53.611+0000][2191.289s][915][941][info ] Total time for which application threads were stopped: 0.0002227 seconds, Stopping threads took: 0.0000452 seconds
[2025-06-16T00:47:54.611+0000][2192.289s][915][941][info ] Application time: 1.0001260 seconds
[2025-06-16T00:47:54.612+0000][2192.289s][915][941][info ] Entering safepoint region: Cleanup
[2025-06-16T00:47:54.612+0000][2192.289s][915][941][info ] Leaving safepoint region
[2025-06-16T00:47:54.612+0000][2192.289s][915][941][info ] Total time for which application threads were stopped: 0.0002794 seconds, Stopping threads took: 0.0000711 seconds
[2025-06-16T00:47:55.612+0000][2193.289s][915][941][info ] Application time: 1.0001040 seconds
[2025-06-16T00:47:55.612+0000][2193.290s][915][941][info ] Entering safepoint region: Cleanup
[2025-06-16T00:47:55.612+0000][2193.290s][915][941][info ] Leaving safepoint region
[2025-06-16T00:47:55.612+0000][2193.290s][915][941][info ] Total time for which application threads were stopped: 0.0001778 seconds, Stopping threads took: 0.0000401 seconds
[2025-06-16T00:47:56.612+0000][2194.290s][915][941][info ] Application time: 1.0001064 seconds
[2025-06-16T00:47:56.612+0000][2194.290s][915][941][info ] Entering safepoint region: Cleanup
[2025-06-16T00:47:56.613+0000][2194.290s][915][941][info ] Leaving safepoint region
[2025-06-16T00:47:56.613+0000][2194.290s][915][941][info ] Total time for which application threads were stopped: 0.0002117 seconds, Stopping threads took: 0.0000438 seconds
[2025-06-16T00:47:57.413+0000][2195.090s][915][940][trace] CMS: promo attempt is safe: available(6912212992) >= av_promo(0), max_promo(918113080)
[2025-06-16T00:47:57.613+0000][2195.290s][915][941][info ] Application time: 1.0001096 seconds
[2025-06-16T00:47:57.613+0000][2195.290s][915][941][info ] Entering safepoint region: Cleanup
[2025-06-16T00:47:57.613+0000][2195.290s][915][941][info ] Leaving safepoint region
[2025-06-16T00:47:57.613+0000][2195.291s][915][941][info ] Total time for which application threads were stopped: 0.0002091 seconds, Stopping threads took: 0.0000442 seconds
[2025-06-16T00:47:58.613+0000][2196.291s][915][941][info ] Application time: 1.0000998 seconds
[2025-06-16T00:47:58.613+0000][2196.291s][915][941][info ] Entering safepoint region: Cleanup
[2025-06-16T00:47:58.613+0000][2196.291s][915][941][info ] Leaving safepoint region
[2025-06-16T00:47:58.613+0000][2196.291s][915][941][info ] Total time for which application threads were stopped: 0.0001927 seconds, Stopping threads took: 0.0000385 seconds
[2025-06-16T00:47:59.614+0000][2197.291s][915][941][info ] Application time: 1.0001036 seconds
[2025-06-16T00:47:59.614+0000][2197.291s][915][941][info ] Entering safepoint region: Cleanup
[2025-06-16T00:47:59.614+0000][2197.291s][915][941][info ] Leaving safepoint region
[2025-06-16T00:47:59.614+0000][2197.291s][915][941][info ] Total time for which application threads were stopped: 0.0002515 seconds, Stopping threads took: 0.0000451 seconds
[2025-06-16T00:48:00.614+0000][2198.291s][915][941][info ] Application time: 1.0000887 seconds
[2025-06-16T00:48:00.614+0000][2198.292s][915][941][info ] Entering safepoint region: Cleanup
[2025-06-16T00:48:00.614+0000][2198.292s][915][941][info ] Leaving safepoint region
[2025-06-16T00:48:00.614+0000][2198.292s][915][941][info ] Total time for which application threads were stopped: 0.0002153 seconds, Stopping threads took: 0.0000427 seconds
[2025-06-16T00:48:01.614+0000][2199.292s][915][941][info ] Application time: 1.0000885 seconds
[2025-06-16T00:48:01.614+0000][2199.292s][915][941][info ] Entering safepoint region: Cleanup
[2025-06-16T00:48:01.615+0000][2199.292s][915][941][info ] Leaving safepoint region
[2025-06-16T00:48:01.615+0000][2199.292s][915][941][info ] Total time for which application threads were stopped: 0.0002526 seconds, Stopping threads took: 0.0000458 seconds
[2025-06-16T00:48:02.615+0000][2200.292s][915][941][info ] Application time: 1.0000929 seconds
[2025-06-16T00:48:02.615+0000][2200.292s][915][941][info ] Entering safepoint region: Cleanup
[2025-06-16T00:48:02.615+0000][2200.293s][915][941][info ] Leaving safepoint region
[2025-06-16T00:48:02.615+0000][2200.293s][915][941][info ] Total time for which application threads were stopped: 0.0001753 seconds, Stopping threads took: 0.0000355 seconds
[2025-06-16T00:48:03.615+0000][2201.293s][915][941][info ] Application time: 1.0001119 seconds
[2025-06-16T00:48:03.615+0000][2201.293s][915][941][info ] Entering safepoint region: Cleanup
[2025-06-16T00:48:03.616+0000][2201.293s][915][941][info ] Leaving safepoint region
[2025-06-16T00:48:03.616+0000][2201.293s][915][941][info ] Total time for which application threads were stopped: 0.0003362 seconds, Stopping threads took: 0.0001084 seconds
[2025-06-16T00:48:04.616+0000][2202.293s][915][941][info ] Application time: 1.0001061 seconds
[2025-06-16T00:48:04.616+0000][2202.293s][915][941][info ] Entering safepoint region: Cleanup
[2025-06-16T00:48:04.616+0000][2202.294s][915][941][info ] Leaving safepoint region
[2025-06-16T00:48:04.616+0000][2202.294s][915][941][info ] Total time for which application threads were stopped: 0.0003628 seconds, Stopping threads took: 0.0000601 seconds
[2025-06-16T00:48:05.616+0000][2203.294s][915][941][info ] Application time: 1.0001109 seconds
[2025-06-16T00:48:05.616+0000][2203.294s][915][941][info ] Entering safepoint region: Cleanup
[2025-06-16T00:48:05.617+0000][2203.294s][915][941][info ] Leaving safepoint region
[2025-06-16T00:48:05.617+0000][2203.294s][915][941][info ] Total time for which application threads were stopped: 0.0002777 seconds, Stopping threads took: 0.0000567 seconds
[2025-06-16T00:48:06.617+0000][2204.294s][915][941][info ] Application time: 1.0000992 seconds
[2025-06-16T00:48:06.617+0000][2204.294s][915][941][info ] Entering safepoint region: Cleanup
[2025-06-16T00:48:06.617+0000][2204.295s][915][941][info ] Leaving safepoint region
[2025-06-16T00:48:06.617+0000][2204.295s][915][941][info ] Total time for which application threads were stopped: 0.0002644 seconds, Stopping threads took: 0.0000570 seconds
[2025-06-16T00:48:07.412+0000][2205.090s][915][940][trace] CMS: promo attempt is safe: available(6912212992) >= av_promo(0), max_promo(918113080)
[2025-06-16T00:48:07.617+0000][2205.295s][915][941][info ] Application time: 1.0000908 seconds
[2025-06-16T00:48:07.617+0000][2205.295s][915][941][info ] Entering safepoint region: Cleanup
[2025-06-16T00:48:07.617+0000][2205.295s][915][941][info ] Leaving safepoint region
[2025-06-16T00:48:07.617+0000][2205.295s][915][941][info ] Total time for which application threads were stopped: 0.0001608 seconds, Stopping threads took: 0.0000349 seconds
[2025-06-16T00:48:08.618+0000][2206.295s][915][941][info ] Application time: 1.0001057 seconds
[2025-06-16T00:48:08.618+0000][2206.295s][915][941][info ] Entering safepoint region: Cleanup
[2025-06-16T00:48:08.618+0000][2206.295s][915][941][info ] Leaving safepoint region
[2025-06-16T00:48:08.618+0000][2206.295s][915][941][info ] Total time for which application threads were stopped: 0.0002392 seconds, Stopping threads took: 0.0000394 seconds
[2025-06-16T00:48:09.618+0000][2207.296s][915][941][info ] Application time: 1.0000887 seconds
[2025-06-16T00:48:09.618+0000][2207.296s][915][941][info ] Entering safepoint region: Cleanup
[2025-06-16T00:48:09.618+0000][2207.296s][915][941][info ] Leaving safepoint region
[2025-06-16T00:48:09.618+0000][2207.296s][915][941][info ] Total time for which application threads were stopped: 0.0001739 seconds, Stopping threads took: 0.0000397 seconds
[2025-06-16T00:48:10.618+0000][2208.296s][915][941][info ] Application time: 1.0000964 seconds
[2025-06-16T00:48:10.618+0000][2208.296s][915][941][info ] Entering safepoint region: Cleanup
[2025-06-16T00:48:10.619+0000][2208.296s][915][941][info ] Leaving safepoint region
[2025-06-16T00:48:10.619+0000][2208.296s][915][941][info ] Total time for which application threads were stopped: 0.0002009 seconds, Stopping threads took: 0.0000414 seconds
[2025-06-16T00:48:11.619+0000][2209.296s][915][941][info ] Application time: 1.0001459 seconds
[2025-06-16T00:48:11.619+0000][2209.296s][915][941][info ] Entering safepoint region: Cleanup
[2025-06-16T00:48:11.619+0000][2209.297s][915][941][info ] Leaving safepoint region
[2025-06-16T00:48:11.619+0000][2209.297s][915][941][info ] Total time for which application threads were stopped: 0.0003797 seconds, Stopping threads took: 0.0000779 seconds
[2025-06-16T00:48:12.619+0000][2210.297s][915][941][info ] Application time: 1.0001084 seconds
[2025-06-16T00:48:12.620+0000][2210.297s][915][941][info ] Entering safepoint region: Cleanup
[2025-06-16T00:48:12.620+0000][2210.297s][915][941][info ] Leaving safepoint region
[2025-06-16T00:48:12.620+0000][2210.297s][915][941][info ] Total time for which application threads were stopped: 0.0002660 seconds, Stopping threads took: 0.0000554 seconds
[2025-06-16T00:48:13.620+0000][2211.297s][915][941][info ] Application time: 1.0000925 seconds
[2025-06-16T00:48:13.620+0000][2211.297s][915][941][info ] Entering safepoint region: Cleanup
[2025-06-16T00:48:13.620+0000][2211.298s][915][941][info ] Leaving safepoint region
[2025-06-16T00:48:13.620+0000][2211.298s][915][941][info ] Total time for which application threads were stopped: 0.0002523 seconds, Stopping threads took: 0.0000442 seconds
[2025-06-16T00:48:14.620+0000][2212.298s][915][941][info ] Application time: 1.0001074 seconds
[2025-06-16T00:48:14.620+0000][2212.298s][915][941][info ] Entering safepoint region: Cleanup
[2025-06-16T00:48:14.621+0000][2212.298s][915][941][info ] Leaving safepoint region
[2025-06-16T00:48:14.621+0000][2212.298s][915][941][info ] Total time for which application threads were stopped: 0.0003464 seconds, Stopping threads took: 0.0000652 seconds
[2025-06-16T00:48:15.621+0000][2213.298s][915][941][info ] Application time: 1.0000914 seconds
[2025-06-16T00:48:15.621+0000][2213.299s][915][941][info ] Entering safepoint region: Cleanup
[2025-06-16T00:48:15.621+0000][2213.299s][915][941][info ] Leaving safepoint region
[2025-06-16T00:48:15.621+0000][2213.299s][915][941][info ] Total time for which application threads were stopped: 0.0002442 seconds, Stopping threads took: 0.0000472 seconds
[2025-06-16T00:48:16.621+0000][2214.299s][915][941][info ] Application time: 1.0001161 seconds
[2025-06-16T00:48:16.622+0000][2214.299s][915][941][info ] Entering safepoint region: Cleanup
[2025-06-16T00:48:16.622+0000][2214.299s][915][941][info ] Leaving safepoint region
[2025-06-16T00:48:16.622+0000][2214.299s][915][941][info ] Total time for which application threads were stopped: 0.0003247 seconds, Stopping threads took: 0.0000622 seconds
[2025-06-16T00:48:17.412+0000][2215.089s][915][940][trace] CMS: promo attempt is safe: available(6912212992) >= av_promo(0), max_promo(918113080)
[2025-06-16T00:48:17.622+0000][2215.299s][915][941][info ] Application time: 1.0001386 seconds
[2025-06-16T00:48:17.622+0000][2215.300s][915][941][info ] Entering safepoint region: Cleanup
[2025-06-16T00:48:17.623+0000][2215.300s][915][941][info ] Leaving safepoint region
[2025-06-16T00:48:17.623+0000][2215.300s][915][941][info ] Total time for which application threads were stopped: 0.0006423 seconds, Stopping threads took: 0.0001714 seconds
[2025-06-16T00:48:18.623+0000][2216.300s][915][941][info ] Application time: 1.0001009 seconds
[2025-06-16T00:48:18.623+0000][2216.301s][915][941][info ] Entering safepoint region: Cleanup
[2025-06-16T00:48:18.623+0000][2216.301s][915][941][info ] Leaving safepoint region
[2025-06-16T00:48:18.623+0000][2216.301s][915][941][info ] Total time for which application threads were stopped: 0.0002800 seconds, Stopping threads took: 0.0000537 seconds
[2025-06-16T00:48:19.623+0000][2217.301s][915][941][info ] Application time: 1.0000932 seconds
[2025-06-16T00:48:19.624+0000][2217.301s][915][941][info ] Entering safepoint region: Cleanup
[2025-06-16T00:48:19.624+0000][2217.301s][915][941][info ] Leaving safepoint region
[2025-06-16T00:48:19.624+0000][2217.301s][915][941][info ] Total time for which application threads were stopped: 0.0002513 seconds, Stopping threads took: 0.0000540 seconds
[2025-06-16T00:48:20.624+0000][2218.301s][915][941][info ] Application time: 1.0001206 seconds
[2025-06-16T00:48:20.624+0000][2218.302s][915][941][info ] Entering safepoint region: Cleanup
[2025-06-16T00:48:20.624+0000][2218.302s][915][941][info ] Leaving safepoint region
[2025-06-16T00:48:20.624+0000][2218.302s][915][941][info ] Total time for which application threads were stopped: 0.0001664 seconds, Stopping threads took: 0.0000362 seconds
[2025-06-16T00:48:21.624+0000][2219.302s][915][941][info ] Application time: 1.0001231 seconds
[2025-06-16T00:48:21.624+0000][2219.302s][915][941][info ] Entering safepoint region: Cleanup
[2025-06-16T00:48:21.625+0000][2219.302s][915][941][info ] Leaving safepoint region
[2025-06-16T00:48:21.625+0000][2219.302s][915][941][info ] Total time for which application threads were stopped: 0.0002076 seconds, Stopping threads took: 0.0000442 seconds
[2025-06-16T00:48:22.625+0000][2220.302s][915][941][info ] Application time: 1.0000926 seconds
[2025-06-16T00:48:22.625+0000][2220.302s][915][941][info ] Entering safepoint region: Cleanup
[2025-06-16T00:48:22.625+0000][2220.302s][915][941][info ] Leaving safepoint region
[2025-06-16T00:48:22.625+0000][2220.302s][915][941][info ] Total time for which application threads were stopped: 0.0001747 seconds, Stopping threads took: 0.0000346 seconds
[2025-06-16T00:48:23.625+0000][2221.303s][915][941][info ] Application time: 1.0001117 seconds
[2025-06-16T00:48:23.625+0000][2221.303s][915][941][info ] Entering safepoint region: Cleanup
[2025-06-16T00:48:23.625+0000][2221.303s][915][941][info ] Leaving safepoint region
[2025-06-16T00:48:23.625+0000][2221.303s][915][941][info ] Total time for which application threads were stopped: 0.0002641 seconds, Stopping threads took: 0.0000521 seconds
[2025-06-16T00:48:24.626+0000][2222.303s][915][941][info ] Application time: 1.0001152 seconds
[2025-06-16T00:48:24.626+0000][2222.303s][915][941][info ] Entering safepoint region: Cleanup
[2025-06-16T00:48:24.626+0000][2222.303s][915][941][info ] Leaving safepoint region
[2025-06-16T00:48:24.626+0000][2222.303s][915][941][info ] Total time for which application threads were stopped: 0.0002219 seconds, Stopping threads took: 0.0000364 seconds
[2025-06-16T00:48:25.626+0000][2223.304s][915][941][info ] Application time: 1.0000917 seconds
[2025-06-16T00:48:25.626+0000][2223.304s][915][941][info ] Entering safepoint region: Cleanup
[2025-06-16T00:48:25.626+0000][2223.304s][915][941][info ] Leaving safepoint region
[2025-06-16T00:48:25.626+0000][2223.304s][915][941][info ] Total time for which application threads were stopped: 0.0002420 seconds, Stopping threads took: 0.0000515 seconds
[2025-06-16T00:48:26.626+0000][2224.304s][915][941][info ] Application time: 1.0001032 seconds
[2025-06-16T00:48:26.627+0000][2224.304s][915][941][info ] Entering safepoint region: Cleanup
[2025-06-16T00:48:26.627+0000][2224.304s][915][941][info ] Leaving safepoint region
[2025-06-16T00:48:26.627+0000][2224.304s][915][941][info ] Total time for which application threads were stopped: 0.0002126 seconds, Stopping threads took: 0.0000441 seconds
[2025-06-16T00:48:27.412+0000][2225.090s][915][940][trace] CMS: promo attempt is safe: available(6912212992) >= av_promo(0), max_promo(918113080)
[2025-06-16T00:48:27.627+0000][2225.304s][915][941][info ] Application time: 1.0001069 seconds
[2025-06-16T00:48:27.627+0000][2225.305s][915][941][info ] Entering safepoint region: Cleanup
[2025-06-16T00:48:27.627+0000][2225.305s][915][941][info ] Leaving safepoint region
[2025-06-16T00:48:27.627+0000][2225.305s][915][941][info ] Total time for which application threads were stopped: 0.0002042 seconds, Stopping threads took: 0.0000480 seconds
[2025-06-16T00:48:28.627+0000][2226.305s][915][941][info ] Application time: 1.0001012 seconds
[2025-06-16T00:48:28.627+0000][2226.305s][915][941][info ] Entering safepoint region: Cleanup
[2025-06-16T00:48:28.628+0000][2226.305s][915][941][info ] Leaving safepoint region
[2025-06-16T00:48:28.628+0000][2226.305s][915][941][info ] Total time for which application threads were stopped: 0.0002095 seconds, Stopping threads took: 0.0000478 seconds
[2025-06-16T00:48:29.628+0000][2227.305s][915][941][info ] Application time: 1.0000958 seconds
[2025-06-16T00:48:29.628+0000][2227.305s][915][941][info ] Entering safepoint region: Cleanup
[2025-06-16T00:48:29.628+0000][2227.305s][915][941][info ] Leaving safepoint region
[2025-06-16T00:48:29.628+0000][2227.305s][915][941][info ] Total time for which application threads were stopped: 0.0001828 seconds, Stopping threads took: 0.0000400 seconds
[2025-06-16T00:48:30.628+0000][2228.306s][915][941][info ] Application time: 1.0001047 seconds
[2025-06-16T00:48:30.628+0000][2228.306s][915][941][info ] Entering safepoint region: Cleanup
[2025-06-16T00:48:30.628+0000][2228.306s][915][941][info ] Leaving safepoint region
[2025-06-16T00:48:30.628+0000][2228.306s][915][941][info ] Total time for which application threads were stopped: 0.0001956 seconds, Stopping threads took: 0.0000386 seconds
[2025-06-16T00:48:31.629+0000][2229.306s][915][941][info ] Application time: 1.0001344 seconds
[2025-06-16T00:48:31.629+0000][2229.306s][915][941][info ] Entering safepoint region: Cleanup
[2025-06-16T00:48:31.629+0000][2229.306s][915][941][info ] Leaving safepoint region
[2025-06-16T00:48:31.629+0000][2229.306s][915][941][info ] Total time for which application threads were stopped: 0.0001881 seconds, Stopping threads took: 0.0000411 seconds
[2025-06-16T00:48:32.629+0000][2230.306s][915][941][info ] Application time: 1.0001148 seconds
[2025-06-16T00:48:32.629+0000][2230.307s][915][941][info ] Entering safepoint region: Cleanup
[2025-06-16T00:48:32.629+0000][2230.307s][915][941][info ] Leaving safepoint region
[2025-06-16T00:48:32.629+0000][2230.307s][915][941][info ] Total time for which application threads were stopped: 0.0002004 seconds, Stopping threads took: 0.0000430 seconds
[2025-06-16T00:48:33.629+0000][2231.307s][915][941][info ] Application time: 1.0001244 seconds
[2025-06-16T00:48:33.630+0000][2231.307s][915][941][info ] Entering safepoint region: Cleanup
[2025-06-16T00:48:33.630+0000][2231.307s][915][941][info ] Leaving safepoint region
[2025-06-16T00:48:33.630+0000][2231.307s][915][941][info ] Total time for which application threads were stopped: 0.0003379 seconds, Stopping threads took: 0.0000580 seconds
[2025-06-16T00:48:34.630+0000][2232.307s][915][941][info ] Application time: 1.0000552 seconds
[2025-06-16T00:48:34.630+0000][2232.307s][915][941][info ] Entering safepoint region: Cleanup
[2025-06-16T00:48:34.630+0000][2232.308s][915][941][info ] Leaving safepoint region
[2025-06-16T00:48:34.630+0000][2232.308s][915][941][info ] Total time for which application threads were stopped: 0.0001868 seconds, Stopping threads took: 0.0000407 seconds
[2025-06-16T00:48:35.630+0000][2233.308s][915][941][info ] Application time: 1.0000918 seconds
[2025-06-16T00:48:35.630+0000][2233.308s][915][941][info ] Entering safepoint region: Cleanup
[2025-06-16T00:48:35.631+0000][2233.308s][915][941][info ] Leaving safepoint region
[2025-06-16T00:48:35.631+0000][2233.308s][915][941][info ] Total time for which application threads were stopped: 0.0001790 seconds, Stopping threads took: 0.0000379 seconds
[2025-06-16T00:48:36.631+0000][2234.308s][915][941][info ] Application time: 1.0000977 seconds
[2025-06-16T00:48:36.631+0000][2234.308s][915][941][info ] Entering safepoint region: Cleanup
[2025-06-16T00:48:36.631+0000][2234.308s][915][941][info ] Leaving safepoint region
[2025-06-16T00:48:36.631+0000][2234.308s][915][941][info ] Total time for which application threads were stopped: 0.0002118 seconds, Stopping threads took: 0.0000439 seconds
[2025-06-16T00:48:37.412+0000][2235.090s][915][940][trace] CMS: promo attempt is safe: available(6912212992) >= av_promo(0), max_promo(918113080)
[2025-06-16T00:48:37.631+0000][2235.309s][915][941][info ] Application time: 1.0000981 seconds
[2025-06-16T00:48:37.631+0000][2235.309s][915][941][info ] Entering safepoint region: Cleanup
[2025-06-16T00:48:37.631+0000][2235.309s][915][941][info ] Leaving safepoint region
[2025-06-16T00:48:37.631+0000][2235.309s][915][941][info ] Total time for which application threads were stopped: 0.0001659 seconds, Stopping threads took: 0.0000363 seconds
[2025-06-16T00:48:38.631+0000][2236.309s][915][941][info ] Application time: 1.0000944 seconds
[2025-06-16T00:48:38.632+0000][2236.309s][915][941][info ] Entering safepoint region: Cleanup
[2025-06-16T00:48:38.632+0000][2236.309s][915][941][info ] Leaving safepoint region
[2025-06-16T00:48:38.632+0000][2236.309s][915][941][info ] Total time for which application threads were stopped: 0.0001659 seconds, Stopping threads took: 0.0000396 seconds
[2025-06-16T00:48:39.632+0000][2237.309s][915][941][info ] Application time: 1.0000969 seconds
[2025-06-16T00:48:39.632+0000][2237.309s][915][941][info ] Entering safepoint region: Cleanup
[2025-06-16T00:48:39.632+0000][2237.310s][915][941][info ] Leaving safepoint region
[2025-06-16T00:48:39.632+0000][2237.310s][915][941][info ] Total time for which application threads were stopped: 0.0002540 seconds, Stopping threads took: 0.0000493 seconds
[2025-06-16T00:48:40.632+0000][2238.310s][915][941][info ] Application time: 1.0000962 seconds
[2025-06-16T00:48:40.632+0000][2238.310s][915][941][info ] Entering safepoint region: Cleanup
[2025-06-16T00:48:40.632+0000][2238.310s][915][941][info ] Leaving safepoint region
[2025-06-16T00:48:40.632+0000][2238.310s][915][941][info ] Total time for which application threads were stopped: 0.0001949 seconds, Stopping threads took: 0.0000411 seconds
[2025-06-16T00:48:41.633+0000][2239.310s][915][941][info ] Application time: 1.0001118 seconds
[2025-06-16T00:48:41.633+0000][2239.310s][915][941][info ] Entering safepoint region: Cleanup
[2025-06-16T00:48:41.633+0000][2239.310s][915][941][info ] Leaving safepoint region
[2025-06-16T00:48:41.633+0000][2239.310s][915][941][info ] Total time for which application threads were stopped: 0.0002028 seconds, Stopping threads took: 0.0000427 seconds
[2025-06-16T00:48:42.633+0000][2240.311s][915][941][info ] Application time: 1.0001021 seconds
[2025-06-16T00:48:42.633+0000][2240.311s][915][941][info ] Entering safepoint region: Cleanup
[2025-06-16T00:48:42.633+0000][2240.311s][915][941][info ] Leaving safepoint region
[2025-06-16T00:48:42.633+0000][2240.311s][915][941][info ] Total time for which application threads were stopped: 0.0001795 seconds, Stopping threads took: 0.0000361 seconds
[2025-06-16T00:48:43.633+0000][2241.311s][915][941][info ] Application time: 1.0001193 seconds
[2025-06-16T00:48:43.634+0000][2241.311s][915][941][info ] Entering safepoint region: Cleanup
[2025-06-16T00:48:43.634+0000][2241.311s][915][941][info ] Leaving safepoint region
[2025-06-16T00:48:43.634+0000][2241.311s][915][941][info ] Total time for which application threads were stopped: 0.0002105 seconds, Stopping threads took: 0.0000472 seconds
[2025-06-16T00:48:44.634+0000][2242.311s][915][941][info ] Application time: 1.0000985 seconds
[2025-06-16T00:48:44.634+0000][2242.311s][915][941][info ] Entering safepoint region: Cleanup
[2025-06-16T00:48:44.634+0000][2242.312s][915][941][info ] Leaving safepoint region
[2025-06-16T00:48:44.634+0000][2242.312s][915][941][info ] Total time for which application threads were stopped: 0.0001959 seconds, Stopping threads took: 0.0000390 seconds
[2025-06-16T00:48:45.634+0000][2243.312s][915][941][info ] Application time: 1.0000950 seconds
[2025-06-16T00:48:45.634+0000][2243.312s][915][941][info ] Entering safepoint region: Cleanup
[2025-06-16T00:48:45.635+0000][2243.312s][915][941][info ] Leaving safepoint region
[2025-06-16T00:48:45.635+0000][2243.312s][915][941][info ] Total time for which application threads were stopped: 0.0001945 seconds, Stopping threads took: 0.0000403 seconds
[2025-06-16T00:48:46.635+0000][2244.312s][915][941][info ] Application time: 1.0001140 seconds
[2025-06-16T00:48:46.635+0000][2244.312s][915][941][info ] Entering safepoint region: Cleanup
[2025-06-16T00:48:46.635+0000][2244.313s][915][941][info ] Leaving safepoint region
[2025-06-16T00:48:46.635+0000][2244.313s][915][941][info ] Total time for which application threads were stopped: 0.0002825 seconds, Stopping threads took: 0.0000630 seconds
[2025-06-16T00:48:47.412+0000][2245.090s][915][940][trace] CMS: promo attempt is safe: available(6912212992) >= av_promo(0), max_promo(918113080)
[2025-06-16T00:48:47.635+0000][2245.313s][915][941][info ] Application time: 1.0001041 seconds
[2025-06-16T00:48:47.635+0000][2245.313s][915][941][info ] Entering safepoint region: Cleanup
[2025-06-16T00:48:47.636+0000][2245.313s][915][941][info ] Leaving safepoint region
[2025-06-16T00:48:47.636+0000][2245.313s][915][941][info ] Total time for which application threads were stopped: 0.0002532 seconds, Stopping threads took: 0.0000615 seconds
[2025-06-16T00:48:48.636+0000][2246.313s][915][941][info ] Application time: 1.0001586 seconds
[2025-06-16T00:48:48.636+0000][2246.313s][915][941][info ] Entering safepoint region: Cleanup
[2025-06-16T00:48:48.636+0000][2246.314s][915][941][info ] Leaving safepoint region
[2025-06-16T00:48:48.636+0000][2246.314s][915][941][info ] Total time for which application threads were stopped: 0.0003875 seconds, Stopping threads took: 0.0001141 seconds
[2025-06-16T00:48:49.636+0000][2247.314s][915][941][info ] Application time: 1.0001264 seconds
[2025-06-16T00:48:49.637+0000][2247.314s][915][941][info ] Entering safepoint region: Cleanup
[2025-06-16T00:48:49.637+0000][2247.314s][915][941][info ] Leaving safepoint region
[2025-06-16T00:48:49.637+0000][2247.314s][915][941][info ] Total time for which application threads were stopped: 0.0002482 seconds, Stopping threads took: 0.0000505 seconds
[2025-06-16T00:48:50.637+0000][2248.314s][915][941][info ] Application time: 1.0001019 seconds
[2025-06-16T00:48:50.637+0000][2248.314s][915][941][info ] Entering safepoint region: Cleanup
[2025-06-16T00:48:50.637+0000][2248.315s][915][941][info ] Leaving safepoint region
[2025-06-16T00:48:50.637+0000][2248.315s][915][941][info ] Total time for which application threads were stopped: 0.0002579 seconds, Stopping threads took: 0.0000486 seconds
[2025-06-16T00:48:51.637+0000][2249.315s][915][941][info ] Application time: 1.0001005 seconds
[2025-06-16T00:48:51.637+0000][2249.315s][915][941][info ] Entering safepoint region: Cleanup
[2025-06-16T00:48:51.638+0000][2249.315s][915][941][info ] Leaving safepoint region
[2025-06-16T00:48:51.638+0000][2249.315s][915][941][info ] Total time for which application threads were stopped: 0.0002815 seconds, Stopping threads took: 0.0000480 seconds
[2025-06-16T00:48:52.638+0000][2250.315s][915][941][info ] Application time: 1.0001022 seconds
[2025-06-16T00:48:52.638+0000][2250.315s][915][941][info ] Entering safepoint region: Cleanup
[2025-06-16T00:48:52.638+0000][2250.316s][915][941][info ] Leaving safepoint region
[2025-06-16T00:48:52.638+0000][2250.316s][915][941][info ] Total time for which application threads were stopped: 0.0002708 seconds, Stopping threads took: 0.0000563 seconds
[2025-06-16T00:48:53.638+0000][2251.316s][915][941][info ] Application time: 1.0001068 seconds
[2025-06-16T00:48:53.638+0000][2251.316s][915][941][info ] Entering safepoint region: Cleanup
[2025-06-16T00:48:53.639+0000][2251.316s][915][941][info ] Leaving safepoint region
[2025-06-16T00:48:53.639+0000][2251.316s][915][941][info ] Total time for which application threads were stopped: 0.0002889 seconds, Stopping threads took: 0.0000619 seconds
[2025-06-16T00:48:54.639+0000][2252.316s][915][941][info ] Application time: 1.0000948 seconds
[2025-06-16T00:48:54.639+0000][2252.316s][915][941][info ] Entering safepoint region: Cleanup
[2025-06-16T00:48:54.639+0000][2252.317s][915][941][info ] Leaving safepoint region
[2025-06-16T00:48:54.639+0000][2252.317s][915][941][info ] Total time for which application threads were stopped: 0.0001971 seconds, Stopping threads took: 0.0000394 seconds
[2025-06-16T00:48:55.639+0000][2253.317s][915][941][info ] Application time: 1.0000996 seconds
[2025-06-16T00:48:55.639+0000][2253.317s][915][941][info ] Entering safepoint region: Cleanup
[2025-06-16T00:48:55.640+0000][2253.317s][915][941][info ] Leaving safepoint region
[2025-06-16T00:48:55.640+0000][2253.317s][915][941][info ] Total time for which application threads were stopped: 0.0002261 seconds, Stopping threads took: 0.0000496 seconds
[2025-06-16T00:48:56.640+0000][2254.317s][915][941][info ] Application time: 1.0001029 seconds
[2025-06-16T00:48:56.640+0000][2254.317s][915][941][info ] Entering safepoint region: Cleanup
[2025-06-16T00:48:56.640+0000][2254.317s][915][941][info ] Leaving safepoint region
[2025-06-16T00:48:56.640+0000][2254.318s][915][941][info ] Total time for which application threads were stopped: 0.0002702 seconds, Stopping threads took: 0.0000673 seconds
[2025-06-16T00:48:57.412+0000][2255.090s][915][940][trace] CMS: promo attempt is safe: available(6912212992) >= av_promo(0), max_promo(918113080)
[2025-06-16T00:48:57.640+0000][2255.318s][915][941][info ] Application time: 1.0001062 seconds
[2025-06-16T00:48:57.640+0000][2255.318s][915][941][info ] Entering safepoint region: Cleanup
[2025-06-16T00:48:57.640+0000][2255.318s][915][941][info ] Leaving safepoint region
[2025-06-16T00:48:57.640+0000][2255.318s][915][941][info ] Total time for which application threads were stopped: 0.0001854 seconds, Stopping threads took: 0.0000350 seconds
[2025-06-16T00:48:58.641+0000][2256.318s][915][941][info ] Application time: 1.0000997 seconds
[2025-06-16T00:48:58.641+0000][2256.318s][915][941][info ] Entering safepoint region: Cleanup
[2025-06-16T00:48:58.641+0000][2256.318s][915][941][info ] Leaving safepoint region
[2025-06-16T00:48:58.641+0000][2256.318s][915][941][info ] Total time for which application threads were stopped: 0.0001942 seconds, Stopping threads took: 0.0000383 seconds
[2025-06-16T00:48:59.641+0000][2257.318s][915][941][info ] Application time: 1.0001149 seconds
[2025-06-16T00:48:59.641+0000][2257.319s][915][941][info ] Entering safepoint region: Cleanup
[2025-06-16T00:48:59.641+0000][2257.319s][915][941][info ] Leaving safepoint region
[2025-06-16T00:48:59.641+0000][2257.319s][915][941][info ] Total time for which application threads were stopped: 0.0001952 seconds, Stopping threads took: 0.0000473 seconds
[2025-06-16T00:49:00.641+0000][2258.319s][915][941][info ] Application time: 1.0000891 seconds
[2025-06-16T00:49:00.641+0000][2258.319s][915][941][info ] Entering safepoint region: Cleanup
[2025-06-16T00:49:00.642+0000][2258.319s][915][941][info ] Leaving safepoint region
[2025-06-16T00:49:00.642+0000][2258.319s][915][941][info ] Total time for which application threads were stopped: 0.0002510 seconds, Stopping threads took: 0.0000493 seconds
[2025-06-16T00:49:01.642+0000][2259.319s][915][941][info ] Application time: 1.0001155 seconds
[2025-06-16T00:49:01.642+0000][2259.319s][915][941][info ] Entering safepoint region: Cleanup
[2025-06-16T00:49:01.642+0000][2259.320s][915][941][info ] Leaving safepoint region
[2025-06-16T00:49:01.642+0000][2259.320s][915][941][info ] Total time for which application threads were stopped: 0.0002580 seconds, Stopping threads took: 0.0000529 seconds
[2025-06-16T00:49:02.642+0000][2260.320s][915][941][info ] Application time: 1.0001070 seconds
[2025-06-16T00:49:02.642+0000][2260.320s][915][941][info ] Entering safepoint region: Cleanup
[2025-06-16T00:49:02.643+0000][2260.320s][915][941][info ] Leaving safepoint region
[2025-06-16T00:49:02.643+0000][2260.320s][915][941][info ] Total time for which application threads were stopped: 0.0001779 seconds, Stopping threads took: 0.0000409 seconds
[2025-06-16T00:49:03.643+0000][2261.320s][915][941][info ] Application time: 1.0000966 seconds
[2025-06-16T00:49:03.643+0000][2261.320s][915][941][info ] Entering safepoint region: Cleanup
[2025-06-16T00:49:03.643+0000][2261.320s][915][941][info ] Leaving safepoint region
[2025-06-16T00:49:03.643+0000][2261.320s][915][941][info ] Total time for which application threads were stopped: 0.0001876 seconds, Stopping threads took: 0.0000386 seconds
[2025-06-16T00:49:04.643+0000][2262.321s][915][941][info ] Application time: 1.0000938 seconds
[2025-06-16T00:49:04.643+0000][2262.321s][915][941][info ] Entering safepoint region: Cleanup
[2025-06-16T00:49:04.643+0000][2262.321s][915][941][info ] Leaving safepoint region
[2025-06-16T00:49:04.643+0000][2262.321s][915][941][info ] Total time for which application threads were stopped: 0.0002399 seconds, Stopping threads took: 0.0000476 seconds
[2025-06-16T00:49:05.643+0000][2263.321s][915][941][info ] Application time: 1.0000961 seconds
[2025-06-16T00:49:05.644+0000][2263.321s][915][941][info ] Entering safepoint region: Cleanup
[2025-06-16T00:49:05.644+0000][2263.321s][915][941][info ] Leaving safepoint region
[2025-06-16T00:49:05.644+0000][2263.321s][915][941][info ] Total time for which application threads were stopped: 0.0002326 seconds, Stopping threads took: 0.0000461 seconds
[2025-06-16T00:49:06.644+0000][2264.321s][915][941][info ] Application time: 1.0000999 seconds
[2025-06-16T00:49:06.644+0000][2264.321s][915][941][info ] Entering safepoint region: Cleanup
[2025-06-16T00:49:06.644+0000][2264.322s][915][941][info ] Leaving safepoint region
[2025-06-16T00:49:06.644+0000][2264.322s][915][941][info ] Total time for which application threads were stopped: 0.0002364 seconds, Stopping threads took: 0.0000467 seconds
[2025-06-16T00:49:07.412+0000][2265.090s][915][940][trace] CMS: promo attempt is safe: available(6912212992) >= av_promo(0), max_promo(918113080)
[2025-06-16T00:49:07.644+0000][2265.322s][915][941][info ] Application time: 1.0000909 seconds
[2025-06-16T00:49:07.644+0000][2265.322s][915][941][info ] Entering safepoint region: Cleanup
[2025-06-16T00:49:07.645+0000][2265.322s][915][941][info ] Leaving safepoint region
[2025-06-16T00:49:07.645+0000][2265.322s][915][941][info ] Total time for which application threads were stopped: 0.0002396 seconds, Stopping threads took: 0.0000460 seconds
[2025-06-16T00:49:08.645+0000][2266.322s][915][941][info ] Application time: 1.0001012 seconds
[2025-06-16T00:49:08.645+0000][2266.322s][915][941][info ] Entering safepoint region: Cleanup
[2025-06-16T00:49:08.645+0000][2266.323s][915][941][info ] Leaving safepoint region
[2025-06-16T00:49:08.645+0000][2266.323s][915][941][info ] Total time for which application threads were stopped: 0.0002567 seconds, Stopping threads took: 0.0000486 seconds
[2025-06-16T00:49:09.645+0000][2267.323s][915][941][info ] Application time: 1.0001446 seconds
[2025-06-16T00:49:09.645+0000][2267.323s][915][941][info ] Entering safepoint region: Cleanup
[2025-06-16T00:49:09.646+0000][2267.323s][915][941][info ] Leaving safepoint region
[2025-06-16T00:49:09.646+0000][2267.323s][915][941][info ] Total time for which application threads were stopped: 0.0002497 seconds, Stopping threads took: 0.0000484 seconds
[2025-06-16T00:49:10.646+0000][2268.323s][915][941][info ] Application time: 1.0000687 seconds
[2025-06-16T00:49:10.646+0000][2268.323s][915][941][info ] Entering safepoint region: Cleanup
[2025-06-16T00:49:10.646+0000][2268.324s][915][941][info ] Leaving safepoint region
[2025-06-16T00:49:10.646+0000][2268.324s][915][941][info ] Total time for which application threads were stopped: 0.0002265 seconds, Stopping threads took: 0.0000537 seconds
[2025-06-16T00:49:11.646+0000][2269.324s][915][941][info ] Application time: 1.0000899 seconds
[2025-06-16T00:49:11.646+0000][2269.324s][915][941][info ] Entering safepoint region: Cleanup
[2025-06-16T00:49:11.646+0000][2269.324s][915][941][info ] Leaving safepoint region
[2025-06-16T00:49:11.646+0000][2269.324s][915][941][info ] Total time for which application threads were stopped: 0.0002294 seconds, Stopping threads took: 0.0000506 seconds
[2025-06-16T00:49:12.647+0000][2270.324s][915][941][info ] Application time: 1.0000933 seconds
[2025-06-16T00:49:12.647+0000][2270.324s][915][941][info ] Entering safepoint region: Cleanup
[2025-06-16T00:49:12.647+0000][2270.324s][915][941][info ] Leaving safepoint region
[2025-06-16T00:49:12.647+0000][2270.324s][915][941][info ] Total time for which application threads were stopped: 0.0001723 seconds, Stopping threads took: 0.0000364 seconds
[2025-06-16T00:49:13.647+0000][2271.324s][915][941][info ] Application time: 1.0001004 seconds
[2025-06-16T00:49:13.647+0000][2271.325s][915][941][info ] Entering safepoint region: Cleanup
[2025-06-16T00:49:13.647+0000][2271.325s][915][941][info ] Leaving safepoint region
[2025-06-16T00:49:13.647+0000][2271.325s][915][941][info ] Total time for which application threads were stopped: 0.0001871 seconds, Stopping threads took: 0.0000409 seconds
[2025-06-16T00:49:14.647+0000][2272.325s][915][941][info ] Application time: 1.0000990 seconds
[2025-06-16T00:49:14.647+0000][2272.325s][915][941][info ] Entering safepoint region: Cleanup
[2025-06-16T00:49:14.648+0000][2272.325s][915][941][info ] Leaving safepoint region
[2025-06-16T00:49:14.648+0000][2272.325s][915][941][info ] Total time for which application threads were stopped: 0.0002086 seconds, Stopping threads took: 0.0000402 seconds
[2025-06-16T00:49:15.648+0000][2273.325s][915][941][info ] Application time: 1.0000886 seconds
[2025-06-16T00:49:15.648+0000][2273.325s][915][941][info ] Entering safepoint region: Cleanup
[2025-06-16T00:49:15.648+0000][2273.325s][915][941][info ] Leaving safepoint region
[2025-06-16T00:49:15.648+0000][2273.325s][915][941][info ] Total time for which application threads were stopped: 0.0001589 seconds, Stopping threads took: 0.0000349 seconds
[2025-06-16T00:49:16.648+0000][2274.326s][915][941][info ] Application time: 1.0000916 seconds
[2025-06-16T00:49:16.648+0000][2274.326s][915][941][info ] Entering safepoint region: Cleanup
[2025-06-16T00:49:16.648+0000][2274.326s][915][941][info ] Leaving safepoint region
[2025-06-16T00:49:16.648+0000][2274.326s][915][941][info ] Total time for which application threads were stopped: 0.0001726 seconds, Stopping threads took: 0.0000360 seconds
[2025-06-16T00:49:17.412+0000][2275.090s][915][940][trace] CMS: promo attempt is safe: available(6912212992) >= av_promo(0), max_promo(918113080)
[2025-06-16T00:49:17.648+0000][2275.326s][915][941][info ] Application time: 1.0001108 seconds
[2025-06-16T00:49:17.649+0000][2275.326s][915][941][info ] Entering safepoint region: Cleanup
[2025-06-16T00:49:17.649+0000][2275.326s][915][941][info ] Leaving safepoint region
[2025-06-16T00:49:17.649+0000][2275.326s][915][941][info ] Total time for which application threads were stopped: 0.0002131 seconds, Stopping threads took: 0.0000516 seconds
[2025-06-16T00:49:18.649+0000][2276.326s][915][941][info ] Application time: 1.0001010 seconds
[2025-06-16T00:49:18.649+0000][2276.326s][915][941][info ] Entering safepoint region: Cleanup
[2025-06-16T00:49:18.649+0000][2276.327s][915][941][info ] Leaving safepoint region
[2025-06-16T00:49:18.649+0000][2276.327s][915][941][info ] Total time for which application threads were stopped: 0.0001955 seconds, Stopping threads took: 0.0000441 seconds
[2025-06-16T00:49:19.649+0000][2277.327s][915][941][info ] Application time: 1.0000913 seconds
[2025-06-16T00:49:19.649+0000][2277.327s][915][941][info ] Entering safepoint region: Cleanup
[2025-06-16T00:49:19.650+0000][2277.327s][915][941][info ] Leaving safepoint region
[2025-06-16T00:49:19.650+0000][2277.327s][915][941][info ] Total time for which application threads were stopped: 0.0002595 seconds, Stopping threads took: 0.0000622 seconds
[2025-06-16T00:49:20.650+0000][2278.327s][915][941][info ] Application time: 1.0001394 seconds
[2025-06-16T00:49:20.650+0000][2278.327s][915][941][info ] Entering safepoint region: Cleanup
[2025-06-16T00:49:20.650+0000][2278.328s][915][941][info ] Leaving safepoint region
[2025-06-16T00:49:20.650+0000][2278.328s][915][941][info ] Total time for which application threads were stopped: 0.0002378 seconds, Stopping threads took: 0.0000483 seconds
[2025-06-16T00:49:21.650+0000][2279.328s][915][941][info ] Application time: 1.0001333 seconds
[2025-06-16T00:49:21.650+0000][2279.328s][915][941][info ] Entering safepoint region: Cleanup
[2025-06-16T00:49:21.651+0000][2279.328s][915][941][info ] Leaving safepoint region
[2025-06-16T00:49:21.651+0000][2279.328s][915][941][info ] Total time for which application threads were stopped: 0.0002559 seconds, Stopping threads took: 0.0000577 seconds
[2025-06-16T00:49:22.651+0000][2280.328s][915][941][info ] Application time: 1.0000993 seconds
[2025-06-16T00:49:22.651+0000][2280.328s][915][941][info ] Entering safepoint region: Cleanup
[2025-06-16T00:49:22.651+0000][2280.329s][915][941][info ] Leaving safepoint region
[2025-06-16T00:49:22.651+0000][2280.329s][915][941][info ] Total time for which application threads were stopped: 0.0002329 seconds, Stopping threads took: 0.0000512 seconds
[2025-06-16T00:49:23.651+0000][2281.329s][915][941][info ] Application time: 1.0001086 seconds
[2025-06-16T00:49:23.651+0000][2281.329s][915][941][info ] Entering safepoint region: Cleanup
[2025-06-16T00:49:23.651+0000][2281.329s][915][941][info ] Leaving safepoint region
[2025-06-16T00:49:23.651+0000][2281.329s][915][941][info ] Total time for which application threads were stopped: 0.0001768 seconds, Stopping threads took: 0.0000394 seconds
[2025-06-16T00:49:24.652+0000][2282.329s][915][941][info ] Application time: 1.0000898 seconds
[2025-06-16T00:49:24.652+0000][2282.329s][915][941][info ] Entering safepoint region: Cleanup
[2025-06-16T00:49:24.652+0000][2282.329s][915][941][info ] Leaving safepoint region
[2025-06-16T00:49:24.652+0000][2282.329s][915][941][info ] Total time for which application threads were stopped: 0.0001680 seconds, Stopping threads took: 0.0000313 seconds
[2025-06-16T00:49:25.652+0000][2283.329s][915][941][info ] Application time: 1.0000863 seconds
[2025-06-16T00:49:25.652+0000][2283.329s][915][941][info ] Entering safepoint region: Cleanup
[2025-06-16T00:49:25.652+0000][2283.330s][915][941][info ] Leaving safepoint region
[2025-06-16T00:49:25.652+0000][2283.330s][915][941][info ] Total time for which application threads were stopped: 0.0001738 seconds, Stopping threads took: 0.0000355 seconds
[2025-06-16T00:49:26.652+0000][2284.330s][915][941][info ] Application time: 1.0000813 seconds
[2025-06-16T00:49:26.652+0000][2284.330s][915][941][info ] Entering safepoint region: Cleanup
[2025-06-16T00:49:26.653+0000][2284.330s][915][941][info ] Leaving safepoint region
[2025-06-16T00:49:26.653+0000][2284.330s][915][941][info ] Total time for which application threads were stopped: 0.0002687 seconds, Stopping threads took: 0.0000575 seconds
[2025-06-16T00:49:27.412+0000][2285.089s][915][940][trace] CMS: promo attempt is safe: available(6912212992) >= av_promo(0), max_promo(918113080)
[2025-06-16T00:49:27.653+0000][2285.330s][915][941][info ] Application time: 1.0001050 seconds
[2025-06-16T00:49:27.653+0000][2285.330s][915][941][info ] Entering safepoint region: Cleanup
[2025-06-16T00:49:27.653+0000][2285.330s][915][941][info ] Leaving safepoint region
[2025-06-16T00:49:27.653+0000][2285.331s][915][941][info ] Total time for which application threads were stopped: 0.0002315 seconds, Stopping threads took: 0.0000469 seconds
[2025-06-16T00:49:28.653+0000][2286.331s][915][941][info ] Application time: 1.0000764 seconds
[2025-06-16T00:49:28.653+0000][2286.331s][915][941][info ] Entering safepoint region: Cleanup
[2025-06-16T00:49:28.653+0000][2286.331s][915][941][info ] Leaving safepoint region
[2025-06-16T00:49:28.653+0000][2286.331s][915][941][info ] Total time for which application threads were stopped: 0.0001971 seconds, Stopping threads took: 0.0000428 seconds
[2025-06-16T00:49:29.654+0000][2287.331s][915][941][info ] Application time: 1.0001010 seconds
[2025-06-16T00:49:29.654+0000][2287.331s][915][941][info ] Entering safepoint region: Cleanup
[2025-06-16T00:49:29.654+0000][2287.331s][915][941][info ] Leaving safepoint region
[2025-06-16T00:49:29.654+0000][2287.331s][915][941][info ] Total time for which application threads were stopped: 0.0002137 seconds, Stopping threads took: 0.0000407 seconds
[2025-06-16T00:49:30.654+0000][2288.331s][915][941][info ] Application time: 1.0001036 seconds
[2025-06-16T00:49:30.654+0000][2288.332s][915][941][info ] Entering safepoint region: Cleanup
[2025-06-16T00:49:30.654+0000][2288.332s][915][941][info ] Leaving safepoint region
[2025-06-16T00:49:30.654+0000][2288.332s][915][941][info ] Total time for which application threads were stopped: 0.0002024 seconds, Stopping threads took: 0.0000442 seconds
[2025-06-16T00:49:31.654+0000][2289.332s][915][941][info ] Application time: 1.0001052 seconds
[2025-06-16T00:49:31.654+0000][2289.332s][915][941][info ] Entering safepoint region: Cleanup
[2025-06-16T00:49:31.655+0000][2289.332s][915][941][info ] Leaving safepoint region
[2025-06-16T00:49:31.655+0000][2289.332s][915][941][info ] Total time for which application threads were stopped: 0.0001880 seconds, Stopping threads took: 0.0000422 seconds
[2025-06-16T00:49:32.655+0000][2290.332s][915][941][info ] Application time: 1.0000978 seconds
[2025-06-16T00:49:32.655+0000][2290.332s][915][941][info ] Entering safepoint region: Cleanup
[2025-06-16T00:49:32.655+0000][2290.332s][915][941][info ] Leaving safepoint region
[2025-06-16T00:49:32.655+0000][2290.332s][915][941][info ] Total time for which application threads were stopped: 0.0001940 seconds, Stopping threads took: 0.0000399 seconds
[2025-06-16T00:49:33.655+0000][2291.333s][915][941][info ] Application time: 1.0001032 seconds
[2025-06-16T00:49:33.655+0000][2291.333s][915][941][info ] Entering safepoint region: Cleanup
[2025-06-16T00:49:33.655+0000][2291.333s][915][941][info ] Leaving safepoint region
[2025-06-16T00:49:33.655+0000][2291.333s][915][941][info ] Total time for which application threads were stopped: 0.0001878 seconds, Stopping threads took: 0.0000399 seconds
[2025-06-16T00:49:34.656+0000][2292.333s][915][941][info ] Application time: 1.0001278 seconds
[2025-06-16T00:49:34.656+0000][2292.333s][915][941][info ] Entering safepoint region: Cleanup
[2025-06-16T00:49:34.656+0000][2292.334s][915][941][info ] Leaving safepoint region
[2025-06-16T00:49:34.656+0000][2292.334s][915][941][info ] Total time for which application threads were stopped: 0.0006164 seconds, Stopping threads took: 0.0001053 seconds
[2025-06-16T00:49:35.657+0000][2293.334s][915][941][info ] Application time: 1.0001066 seconds
[2025-06-16T00:49:35.657+0000][2293.334s][915][941][info ] Entering safepoint region: Cleanup
[2025-06-16T00:49:35.657+0000][2293.334s][915][941][info ] Leaving safepoint region
[2025-06-16T00:49:35.657+0000][2293.334s][915][941][info ] Total time for which application threads were stopped: 0.0002034 seconds, Stopping threads took: 0.0000436 seconds
[2025-06-16T00:49:36.657+0000][2294.334s][915][941][info ] Application time: 1.0001001 seconds
[2025-06-16T00:49:36.657+0000][2294.334s][915][941][info ] Entering safepoint region: Cleanup
[2025-06-16T00:49:36.657+0000][2294.335s][915][941][info ] Leaving safepoint region
[2025-06-16T00:49:36.657+0000][2294.335s][915][941][info ] Total time for which application threads were stopped: 0.0001450 seconds, Stopping threads took: 0.0000305 seconds
[2025-06-16T00:49:37.411+0000][2295.089s][915][940][trace] CMS: promo attempt is safe: available(6912212992) >= av_promo(0), max_promo(918113080)
[2025-06-16T00:49:37.657+0000][2295.335s][915][941][info ] Application time: 1.0000984 seconds
[2025-06-16T00:49:37.657+0000][2295.335s][915][941][info ] Entering safepoint region: Cleanup
[2025-06-16T00:49:37.657+0000][2295.335s][915][941][info ] Leaving safepoint region
[2025-06-16T00:49:37.658+0000][2295.335s][915][941][info ] Total time for which application threads were stopped: 0.0002121 seconds, Stopping threads took: 0.0000525 seconds
[2025-06-16T00:49:38.658+0000][2296.335s][915][941][info ] Application time: 1.0001106 seconds
[2025-06-16T00:49:38.658+0000][2296.335s][915][941][info ] Entering safepoint region: Cleanup
[2025-06-16T00:49:38.658+0000][2296.335s][915][941][info ] Leaving safepoint region
[2025-06-16T00:49:38.658+0000][2296.335s][915][941][info ] Total time for which application threads were stopped: 0.0002404 seconds, Stopping threads took: 0.0000884 seconds
[2025-06-16T00:49:39.658+0000][2297.336s][915][941][info ] Application time: 1.0000929 seconds
[2025-06-16T00:49:39.658+0000][2297.336s][915][941][info ] Entering safepoint region: Cleanup
[2025-06-16T00:49:39.658+0000][2297.336s][915][941][info ] Leaving safepoint region
[2025-06-16T00:49:39.658+0000][2297.336s][915][941][info ] Total time for which application threads were stopped: 0.0001708 seconds, Stopping threads took: 0.0000361 seconds
[2025-06-16T00:49:40.658+0000][2298.336s][915][941][info ] Application time: 1.0000980 seconds
[2025-06-16T00:49:40.659+0000][2298.336s][915][941][info ] Entering safepoint region: Cleanup
[2025-06-16T00:49:40.659+0000][2298.336s][915][941][info ] Leaving safepoint region
[2025-06-16T00:49:40.659+0000][2298.336s][915][941][info ] Total time for which application threads were stopped: 0.0002524 seconds, Stopping threads took: 0.0000437 seconds
[2025-06-16T00:49:41.659+0000][2299.336s][915][941][info ] Application time: 1.0000752 seconds
[2025-06-16T00:49:41.659+0000][2299.336s][915][941][info ] Entering safepoint region: Cleanup
[2025-06-16T00:49:41.659+0000][2299.337s][915][941][info ] Leaving safepoint region
[2025-06-16T00:49:41.659+0000][2299.337s][915][941][info ] Total time for which application threads were stopped: 0.0002473 seconds, Stopping threads took: 0.0000527 seconds
[2025-06-16T00:49:42.659+0000][2300.337s][915][941][info ] Application time: 1.0001092 seconds
[2025-06-16T00:49:42.659+0000][2300.337s][915][941][info ] Entering safepoint region: Cleanup
[2025-06-16T00:49:42.660+0000][2300.337s][915][941][info ] Leaving safepoint region
[2025-06-16T00:49:42.660+0000][2300.337s][915][941][info ] Total time for which application threads were stopped: 0.0002320 seconds, Stopping threads took: 0.0000455 seconds
[2025-06-16T00:49:43.660+0000][2301.337s][915][941][info ] Application time: 1.0000890 seconds
[2025-06-16T00:49:43.660+0000][2301.337s][915][941][info ] Entering safepoint region: Cleanup
[2025-06-16T00:49:43.660+0000][2301.337s][915][941][info ] Leaving safepoint region
[2025-06-16T00:49:43.660+0000][2301.337s][915][941][info ] Total time for which application threads were stopped: 0.0002145 seconds, Stopping threads took: 0.0000438 seconds
[2025-06-16T00:49:44.660+0000][2302.338s][915][941][info ] Application time: 1.0000983 seconds
[2025-06-16T00:49:44.660+0000][2302.338s][915][941][info ] Entering safepoint region: Cleanup
[2025-06-16T00:49:44.660+0000][2302.338s][915][941][info ] Leaving safepoint region
[2025-06-16T00:49:44.660+0000][2302.338s][915][941][info ] Total time for which application threads were stopped: 0.0001904 seconds, Stopping threads took: 0.0000366 seconds
[2025-06-16T00:49:45.661+0000][2303.338s][915][941][info ] Application time: 1.0001074 seconds
[2025-06-16T00:49:45.661+0000][2303.338s][915][941][info ] Entering safepoint region: Cleanup
[2025-06-16T00:49:45.661+0000][2303.338s][915][941][info ] Leaving safepoint region
[2025-06-16T00:49:45.661+0000][2303.338s][915][941][info ] Total time for which application threads were stopped: 0.0001965 seconds, Stopping threads took: 0.0000391 seconds
[2025-06-16T00:49:46.661+0000][2304.338s][915][941][info ] Application time: 1.0001041 seconds
[2025-06-16T00:49:46.661+0000][2304.338s][915][941][info ] Entering safepoint region: Cleanup
[2025-06-16T00:49:46.661+0000][2304.339s][915][941][info ] Leaving safepoint region
[2025-06-16T00:49:46.661+0000][2304.339s][915][941][info ] Total time for which application threads were stopped: 0.0001745 seconds, Stopping threads took: 0.0000346 seconds
[2025-06-16T00:49:47.411+0000][2305.089s][915][940][trace] CMS: promo attempt is safe: available(6912212992) >= av_promo(0), max_promo(918113080)
[2025-06-16T00:49:47.661+0000][2305.339s][915][941][info ] Application time: 1.0000483 seconds
[2025-06-16T00:49:47.661+0000][2305.339s][915][941][info ] Entering safepoint region: Cleanup
[2025-06-16T00:49:47.662+0000][2305.339s][915][941][info ] Leaving safepoint region
[2025-06-16T00:49:47.662+0000][2305.339s][915][941][info ] Total time for which application threads were stopped: 0.0002566 seconds, Stopping threads took: 0.0000696 seconds
[2025-06-16T00:49:48.662+0000][2306.339s][915][941][info ] Application time: 1.0001042 seconds
[2025-06-16T00:49:48.662+0000][2306.339s][915][941][info ] Entering safepoint region: Cleanup
[2025-06-16T00:49:48.662+0000][2306.340s][915][941][info ] Leaving safepoint region
[2025-06-16T00:49:48.662+0000][2306.340s][915][941][info ] Total time for which application threads were stopped: 0.0002497 seconds, Stopping threads took: 0.0000574 seconds
[2025-06-16T00:49:49.662+0000][2307.340s][915][941][info ] Application time: 1.0000928 seconds
[2025-06-16T00:49:49.662+0000][2307.340s][915][941][info ] Entering safepoint region: Cleanup
[2025-06-16T00:49:49.662+0000][2307.340s][915][941][info ] Leaving safepoint region
[2025-06-16T00:49:49.662+0000][2307.340s][915][941][info ] Total time for which application threads were stopped: 0.0002411 seconds, Stopping threads took: 0.0000469 seconds
[2025-06-16T00:49:50.663+0000][2308.340s][915][941][info ] Application time: 1.0000978 seconds
[2025-06-16T00:49:50.663+0000][2308.340s][915][941][info ] Entering safepoint region: Cleanup
[2025-06-16T00:49:50.663+0000][2308.340s][915][941][info ] Leaving safepoint region
[2025-06-16T00:49:50.663+0000][2308.340s][915][941][info ] Total time for which application threads were stopped: 0.0002384 seconds, Stopping threads took: 0.0000487 seconds
[2025-06-16T00:49:51.663+0000][2309.340s][915][941][info ] Application time: 1.0000871 seconds
[2025-06-16T00:49:51.663+0000][2309.341s][915][941][info ] Entering safepoint region: Cleanup
[2025-06-16T00:49:51.663+0000][2309.341s][915][941][info ] Leaving safepoint region
[2025-06-16T00:49:51.663+0000][2309.341s][915][941][info ] Total time for which application threads were stopped: 0.0002134 seconds, Stopping threads took: 0.0000392 seconds
[2025-06-16T00:49:52.663+0000][2310.341s][915][941][info ] Application time: 1.0000922 seconds
[2025-06-16T00:49:52.663+0000][2310.341s][915][941][info ] Entering safepoint region: Cleanup
[2025-06-16T00:49:52.664+0000][2310.341s][915][941][info ] Leaving safepoint region
[2025-06-16T00:49:52.664+0000][2310.341s][915][941][info ] Total time for which application threads were stopped: 0.0002307 seconds, Stopping threads took: 0.0000471 seconds
[2025-06-16T00:49:53.664+0000][2311.341s][915][941][info ] Application time: 1.0001095 seconds
[2025-06-16T00:49:53.664+0000][2311.341s][915][941][info ] Entering safepoint region: Cleanup
[2025-06-16T00:49:53.664+0000][2311.342s][915][941][info ] Leaving safepoint region
[2025-06-16T00:49:53.664+0000][2311.342s][915][941][info ] Total time for which application threads were stopped: 0.0003072 seconds, Stopping threads took: 0.0000596 seconds
[2025-06-16T00:49:54.664+0000][2312.342s][915][941][info ] Application time: 1.0001055 seconds
[2025-06-16T00:49:54.664+0000][2312.342s][915][941][info ] Entering safepoint region: Cleanup
[2025-06-16T00:49:54.665+0000][2312.342s][915][941][info ] Leaving safepoint region
[2025-06-16T00:49:54.665+0000][2312.342s][915][941][info ] Total time for which application threads were stopped: 0.0002228 seconds, Stopping threads took: 0.0000424 seconds
[2025-06-16T00:49:55.665+0000][2313.342s][915][941][info ] Application time: 1.0001023 seconds
[2025-06-16T00:49:55.665+0000][2313.342s][915][941][info ] Entering safepoint region: Cleanup
[2025-06-16T00:49:55.665+0000][2313.343s][915][941][info ] Leaving safepoint region
[2025-06-16T00:49:55.665+0000][2313.343s][915][941][info ] Total time for which application threads were stopped: 0.0002024 seconds, Stopping threads took: 0.0000423 seconds
[2025-06-16T00:49:56.665+0000][2314.343s][915][941][info ] Application time: 1.0000905 seconds
[2025-06-16T00:49:56.665+0000][2314.343s][915][941][info ] Entering safepoint region: Cleanup
[2025-06-16T00:49:56.665+0000][2314.343s][915][941][info ] Leaving safepoint region
[2025-06-16T00:49:56.666+0000][2314.343s][915][941][info ] Total time for which application threads were stopped: 0.0002736 seconds, Stopping threads took: 0.0000554 seconds
[2025-06-16T00:49:57.411+0000][2315.088s][915][940][trace] CMS: promo attempt is safe: available(6912212992) >= av_promo(0), max_promo(918113080)
[2025-06-16T00:49:57.666+0000][2315.343s][915][941][info ] Application time: 1.0001328 seconds
[2025-06-16T00:49:57.666+0000][2315.343s][915][941][info ] Entering safepoint region: Cleanup
[2025-06-16T00:49:57.666+0000][2315.344s][915][941][info ] Leaving safepoint region
[2025-06-16T00:49:57.666+0000][2315.344s][915][941][info ] Total time for which application threads were stopped: 0.0002410 seconds, Stopping threads took: 0.0000601 seconds
[2025-06-16T00:49:58.666+0000][2316.344s][915][941][info ] Application time: 1.0000961 seconds
[2025-06-16T00:49:58.666+0000][2316.344s][915][941][info ] Entering safepoint region: Cleanup
[2025-06-16T00:49:58.666+0000][2316.344s][915][941][info ] Leaving safepoint region
[2025-06-16T00:49:58.666+0000][2316.344s][915][941][info ] Total time for which application threads were stopped: 0.0002177 seconds, Stopping threads took: 0.0000394 seconds
[2025-06-16T00:49:59.667+0000][2317.344s][915][941][info ] Application time: 1.0000973 seconds
[2025-06-16T00:49:59.667+0000][2317.344s][915][941][info ] Entering safepoint region: Cleanup
[2025-06-16T00:49:59.667+0000][2317.344s][915][941][info ] Leaving safepoint region
[2025-06-16T00:49:59.667+0000][2317.344s][915][941][info ] Total time for which application threads were stopped: 0.0002749 seconds, Stopping threads took: 0.0000534 seconds
[2025-06-16T00:50:00.667+0000][2318.345s][915][941][info ] Application time: 1.0001130 seconds
[2025-06-16T00:50:00.667+0000][2318.345s][915][941][info ] Entering safepoint region: Cleanup
[2025-06-16T00:50:00.667+0000][2318.345s][915][941][info ] Leaving safepoint region
[2025-06-16T00:50:00.667+0000][2318.345s][915][941][info ] Total time for which application threads were stopped: 0.0001698 seconds, Stopping threads took: 0.0000347 seconds
[2025-06-16T00:50:01.667+0000][2319.345s][915][941][info ] Application time: 1.0000870 seconds
[2025-06-16T00:50:01.668+0000][2319.345s][915][941][info ] Entering safepoint region: Cleanup
[2025-06-16T00:50:01.668+0000][2319.345s][915][941][info ] Leaving safepoint region
[2025-06-16T00:50:01.668+0000][2319.345s][915][941][info ] Total time for which application threads were stopped: 0.0002037 seconds, Stopping threads took: 0.0000399 seconds
[2025-06-16T00:50:02.668+0000][2320.345s][915][941][info ] Application time: 1.0001009 seconds
[2025-06-16T00:50:02.668+0000][2320.345s][915][941][info ] Entering safepoint region: Cleanup
[2025-06-16T00:50:02.668+0000][2320.346s][915][941][info ] Leaving safepoint region
[2025-06-16T00:50:02.668+0000][2320.346s][915][941][info ] Total time for which application threads were stopped: 0.0002228 seconds, Stopping threads took: 0.0000525 seconds
[2025-06-16T00:50:03.711+0000][2321.388s][915][941][info ] Application time: 1.0423890 seconds
[2025-06-16T00:50:03.714+0000][2321.391s][915][941][info ] Entering safepoint region: Cleanup
[2025-06-16T00:50:03.715+0000][2321.393s][915][941][info ] Leaving safepoint region
[2025-06-16T00:50:03.715+0000][2321.393s][915][941][info ] Total time for which application threads were stopped: 0.0045912 seconds, Stopping threads took: 0.0032679 seconds
[2025-06-16T00:50:04.715+0000][2322.393s][915][941][info ] Application time: 1.0001183 seconds
[2025-06-16T00:50:04.715+0000][2322.393s][915][941][info ] Entering safepoint region: Cleanup
[2025-06-16T00:50:04.716+0000][2322.393s][915][941][info ] Leaving safepoint region
[2025-06-16T00:50:04.716+0000][2322.393s][915][941][info ] Total time for which application threads were stopped: 0.0002114 seconds, Stopping threads took: 0.0000431 seconds
[2025-06-16T00:50:07.411+0000][2325.088s][915][940][trace] CMS: promo attempt is safe: available(6912212992) >= av_promo(0), max_promo(993829688)
[2025-06-16T00:50:08.716+0000][2326.393s][915][941][info ] Application time: 4.0003491 seconds
[2025-06-16T00:50:08.716+0000][2326.394s][915][941][info ] Entering safepoint region: Cleanup
[2025-06-16T00:50:08.716+0000][2326.394s][915][941][info ] Leaving safepoint region
[2025-06-16T00:50:08.716+0000][2326.394s][915][941][info ] Total time for which application threads were stopped: 0.0001997 seconds, Stopping threads took: 0.0000390 seconds
[2025-06-16T00:50:17.410+0000][2335.088s][915][940][trace] CMS: promo attempt is safe: available(6912212992) >= av_promo(0), max_promo(993829688)
[2025-06-16T00:50:23.718+0000][2341.395s][915][941][info ] Application time: 15.0015076 seconds
[2025-06-16T00:50:23.718+0000][2341.395s][915][941][info ] Entering safepoint region: Cleanup
[2025-06-16T00:50:23.718+0000][2341.396s][915][941][info ] Leaving safepoint region
[2025-06-16T00:50:23.718+0000][2341.396s][915][941][info ] Total time for which application threads were stopped: 0.0002114 seconds, Stopping threads took: 0.0000485 seconds
[2025-06-16T00:50:27.410+0000][2345.088s][915][940][trace] CMS: promo attempt is safe: available(6912212992) >= av_promo(0), max_promo(993829688)
[2025-06-16T00:50:37.410+0000][2355.087s][915][940][trace] CMS: promo attempt is safe: available(6912212992) >= av_promo(0), max_promo(993829688)
[2025-06-16T00:50:47.409+0000][2365.087s][915][940][trace] CMS: promo attempt is safe: available(6912212992) >= av_promo(0), max_promo(993829688)
[2025-06-16T00:50:47.722+0000][2365.399s][915][941][info ] Application time: 24.0037250 seconds
[2025-06-16T00:50:47.722+0000][2365.399s][915][941][info ] Entering safepoint region: Cleanup
[2025-06-16T00:50:47.722+0000][2365.400s][915][941][info ] Leaving safepoint region
[2025-06-16T00:50:47.722+0000][2365.400s][915][941][info ] Total time for which application threads were stopped: 0.0003400 seconds, Stopping threads took: 0.0000649 seconds
[2025-06-16T00:50:57.408+0000][2375.086s][915][940][trace] CMS: promo attempt is safe: available(6912212992) >= av_promo(0), max_promo(993829688)
[2025-06-16T00:51:07.408+0000][2385.085s][915][940][trace] CMS: promo attempt is safe: available(6912212992) >= av_promo(0), max_promo(993829688)
[2025-06-16T00:51:08.724+0000][2386.402s][915][941][info ] Application time: 21.0018493 seconds
[2025-06-16T00:51:08.724+0000][2386.402s][915][941][info ] Entering safepoint region: Cleanup
[2025-06-16T00:51:08.725+0000][2386.402s][915][941][info ] Leaving safepoint region
[2025-06-16T00:51:08.725+0000][2386.402s][915][941][info ] Total time for which application threads were stopped: 0.0004430 seconds, Stopping threads took: 0.0000848 seconds
[2025-06-16T00:51:17.407+0000][2395.084s][915][940][trace] CMS: promo attempt is safe: available(6912212992) >= av_promo(0), max_promo(993829688)
[2025-06-16T00:51:23.726+0000][2401.404s][915][941][info ] Application time: 15.0014311 seconds
[2025-06-16T00:51:23.726+0000][2401.404s][915][941][info ] Entering safepoint region: Cleanup
[2025-06-16T00:51:23.726+0000][2401.404s][915][941][info ] Leaving safepoint region
[2025-06-16T00:51:23.726+0000][2401.404s][915][941][info ] Total time for which application threads were stopped: 0.0002034 seconds, Stopping threads took: 0.0000398 seconds
[2025-06-16T00:51:27.407+0000][2405.084s][915][940][trace] CMS: promo attempt is safe: available(6912212992) >= av_promo(0), max_promo(993829688)
[2025-06-16T00:51:37.406+0000][2415.083s][915][940][trace] CMS: promo attempt is safe: available(6912212992) >= av_promo(0), max_promo(993829688)
[2025-06-16T00:51:47.405+0000][2425.082s][915][940][trace] CMS: promo attempt is safe: available(6912212992) >= av_promo(0), max_promo(993829688)
[2025-06-16T00:51:57.404+0000][2435.082s][915][940][trace] CMS: promo attempt is safe: available(6912212992) >= av_promo(0), max_promo(993829688)
[2025-06-16T00:52:00.730+0000][2438.407s][915][941][info ] Application time: 37.0033729 seconds
[2025-06-16T00:52:00.730+0000][2438.407s][915][941][info ] Entering safepoint region: Cleanup
[2025-06-16T00:52:00.730+0000][2438.408s][915][941][info ] Leaving safepoint region
[2025-06-16T00:52:00.730+0000][2438.408s][915][941][info ] Total time for which application threads were stopped: 0.0003580 seconds, Stopping threads took: 0.0000807 seconds
[2025-06-16T00:52:00.810+0000][2438.488s][915][941][info ] Application time: 0.0801458 seconds
[2025-06-16T00:52:00.810+0000][2438.488s][915][941][info ] Entering safepoint region: Deoptimize
[2025-06-16T00:52:00.924+0000][2438.602s][915][941][info ] Leaving safepoint region
[2025-06-16T00:52:00.924+0000][2438.602s][915][941][info ] Total time for which application threads were stopped: 0.1139470 seconds, Stopping threads took: 0.0000270 seconds
[2025-06-16T00:52:01.925+0000][2439.602s][915][941][info ] Application time: 1.0001170 seconds
[2025-06-16T00:52:01.925+0000][2439.602s][915][941][info ] Entering safepoint region: Cleanup
[2025-06-16T00:52:01.925+0000][2439.602s][915][941][info ] Leaving safepoint region
[2025-06-16T00:52:01.925+0000][2439.602s][915][941][info ] Total time for which application threads were stopped: 0.0002410 seconds, Stopping threads took: 0.0000423 seconds
[2025-06-16T00:52:02.925+0000][2440.603s][915][941][info ] Application time: 1.0001129 seconds
[2025-06-16T00:52:02.925+0000][2440.603s][915][941][info ] Entering safepoint region: Cleanup
[2025-06-16T00:52:02.925+0000][2440.603s][915][941][info ] Leaving safepoint region
[2025-06-16T00:52:02.925+0000][2440.603s][915][941][info ] Total time for which application threads were stopped: 0.0002161 seconds, Stopping threads took: 0.0000437 seconds
[2025-06-16T00:52:03.925+0000][2441.603s][915][941][info ] Application time: 1.0000956 seconds
[2025-06-16T00:52:03.926+0000][2441.603s][915][941][info ] Entering safepoint region: Cleanup
[2025-06-16T00:52:03.926+0000][2441.603s][915][941][info ] Leaving safepoint region
[2025-06-16T00:52:03.926+0000][2441.603s][915][941][info ] Total time for which application threads were stopped: 0.0001795 seconds, Stopping threads took: 0.0000359 seconds
[2025-06-16T00:52:04.926+0000][2442.603s][915][941][info ] Application time: 1.0001089 seconds
[2025-06-16T00:52:04.926+0000][2442.603s][915][941][info ] Entering safepoint region: Cleanup
[2025-06-16T00:52:04.926+0000][2442.604s][915][941][info ] Leaving safepoint region
[2025-06-16T00:52:04.926+0000][2442.604s][915][941][info ] Total time for which application threads were stopped: 0.0002635 seconds, Stopping threads took: 0.0000584 seconds
[2025-06-16T00:52:05.926+0000][2443.604s][915][941][info ] Application time: 1.0000937 seconds
[2025-06-16T00:52:05.926+0000][2443.604s][915][941][info ] Entering safepoint region: Cleanup
[2025-06-16T00:52:05.927+0000][2443.604s][915][941][info ] Leaving safepoint region
[2025-06-16T00:52:05.927+0000][2443.604s][915][941][info ] Total time for which application threads were stopped: 0.0001973 seconds, Stopping threads took: 0.0000377 seconds
[2025-06-16T00:52:06.927+0000][2444.604s][915][941][info ] Application time: 1.0000938 seconds
[2025-06-16T00:52:06.927+0000][2444.604s][915][941][info ] Entering safepoint region: Cleanup
[2025-06-16T00:52:06.927+0000][2444.604s][915][941][info ] Leaving safepoint region
[2025-06-16T00:52:06.927+0000][2444.604s][915][941][info ] Total time for which application threads were stopped: 0.0001904 seconds, Stopping threads took: 0.0000396 seconds
[2025-06-16T00:52:07.404+0000][2445.082s][915][940][trace] CMS: promo attempt is safe: available(6912212992) >= av_promo(0), max_promo(1042645040)
[2025-06-16T00:52:07.927+0000][2445.605s][915][941][info ] Application time: 1.0000969 seconds
[2025-06-16T00:52:07.927+0000][2445.605s][915][941][info ] Entering safepoint region: Cleanup
[2025-06-16T00:52:07.927+0000][2445.605s][915][941][info ] Leaving safepoint region
[2025-06-16T00:52:07.927+0000][2445.605s][915][941][info ] Total time for which application threads were stopped: 0.0001865 seconds, Stopping threads took: 0.0000379 seconds
[2025-06-16T00:52:08.927+0000][2446.605s][915][941][info ] Application time: 1.0000950 seconds
[2025-06-16T00:52:08.928+0000][2446.605s][915][941][info ] Entering safepoint region: Cleanup
[2025-06-16T00:52:08.928+0000][2446.605s][915][941][info ] Leaving safepoint region
[2025-06-16T00:52:08.928+0000][2446.605s][915][941][info ] Total time for which application threads were stopped: 0.0002215 seconds, Stopping threads took: 0.0000429 seconds
[2025-06-16T00:52:09.928+0000][2447.605s][915][941][info ] Application time: 1.0001008 seconds
[2025-06-16T00:52:09.928+0000][2447.605s][915][941][info ] Entering safepoint region: Cleanup
[2025-06-16T00:52:09.928+0000][2447.606s][915][941][info ] Leaving safepoint region
[2025-06-16T00:52:09.928+0000][2447.606s][915][941][info ] Total time for which application threads were stopped: 0.0001839 seconds, Stopping threads took: 0.0000388 seconds
[2025-06-16T00:52:10.928+0000][2448.606s][915][941][info ] Application time: 1.0001351 seconds
[2025-06-16T00:52:10.928+0000][2448.606s][915][941][info ] Entering safepoint region: Cleanup
[2025-06-16T00:52:10.929+0000][2448.606s][915][941][info ] Leaving safepoint region
[2025-06-16T00:52:10.929+0000][2448.606s][915][941][info ] Total time for which application threads were stopped: 0.0004448 seconds, Stopping threads took: 0.0000925 seconds
[2025-06-16T00:52:11.929+0000][2449.607s][915][941][info ] Application time: 1.0001168 seconds
[2025-06-16T00:52:11.929+0000][2449.607s][915][941][info ] Entering safepoint region: Cleanup
[2025-06-16T00:52:11.929+0000][2449.607s][915][941][info ] Leaving safepoint region
[2025-06-16T00:52:11.929+0000][2449.607s][915][941][info ] Total time for which application threads were stopped: 0.0002204 seconds, Stopping threads took: 0.0000460 seconds
[2025-06-16T00:52:12.929+0000][2450.607s][915][941][info ] Application time: 1.0000980 seconds
[2025-06-16T00:52:12.930+0000][2450.607s][915][941][info ] Entering safepoint region: Cleanup
[2025-06-16T00:52:12.930+0000][2450.607s][915][941][info ] Leaving safepoint region
[2025-06-16T00:52:12.930+0000][2450.607s][915][941][info ] Total time for which application threads were stopped: 0.0002163 seconds, Stopping threads took: 0.0000572 seconds
[2025-06-16T00:52:13.930+0000][2451.607s][915][941][info ] Application time: 1.0000504 seconds
[2025-06-16T00:52:13.930+0000][2451.607s][915][941][info ] Entering safepoint region: Cleanup
[2025-06-16T00:52:13.930+0000][2451.608s][915][941][info ] Leaving safepoint region
[2025-06-16T00:52:13.930+0000][2451.608s][915][941][info ] Total time for which application threads were stopped: 0.0001952 seconds, Stopping threads took: 0.0000419 seconds
[2025-06-16T00:52:14.930+0000][2452.608s][915][941][info ] Application time: 1.0001055 seconds
[2025-06-16T00:52:14.930+0000][2452.608s][915][941][info ] Entering safepoint region: Cleanup
[2025-06-16T00:52:14.930+0000][2452.608s][915][941][info ] Leaving safepoint region
[2025-06-16T00:52:14.930+0000][2452.608s][915][941][info ] Total time for which application threads were stopped: 0.0002096 seconds, Stopping threads took: 0.0000424 seconds
[2025-06-16T00:52:15.931+0000][2453.608s][915][941][info ] Application time: 1.0000900 seconds
[2025-06-16T00:52:15.931+0000][2453.608s][915][941][info ] Entering safepoint region: Cleanup
[2025-06-16T00:52:15.931+0000][2453.608s][915][941][info ] Leaving safepoint region
[2025-06-16T00:52:15.931+0000][2453.608s][915][941][info ] Total time for which application threads were stopped: 0.0001776 seconds, Stopping threads took: 0.0000354 seconds
[2025-06-16T00:52:16.931+0000][2454.608s][915][941][info ] Application time: 1.0000997 seconds
[2025-06-16T00:52:16.931+0000][2454.609s][915][941][info ] Entering safepoint region: Cleanup
[2025-06-16T00:52:16.931+0000][2454.609s][915][941][info ] Leaving safepoint region
[2025-06-16T00:52:16.931+0000][2454.609s][915][941][info ] Total time for which application threads were stopped: 0.0003652 seconds, Stopping threads took: 0.0000649 seconds
[2025-06-16T00:52:17.404+0000][2455.081s][915][940][trace] CMS: promo attempt is safe: available(6912212992) >= av_promo(0), max_promo(1042645040)
[2025-06-16T00:52:17.932+0000][2455.609s][915][941][info ] Application time: 1.0000857 seconds
[2025-06-16T00:52:17.932+0000][2455.609s][915][941][info ] Entering safepoint region: Cleanup
[2025-06-16T00:52:17.932+0000][2455.609s][915][941][info ] Leaving safepoint region
[2025-06-16T00:52:17.932+0000][2455.609s][915][941][info ] Total time for which application threads were stopped: 0.0001969 seconds, Stopping threads took: 0.0000365 seconds
[2025-06-16T00:52:18.932+0000][2456.609s][915][941][info ] Application time: 1.0001031 seconds
[2025-06-16T00:52:18.932+0000][2456.610s][915][941][info ] Entering safepoint region: Cleanup
[2025-06-16T00:52:18.932+0000][2456.610s][915][941][info ] Leaving safepoint region
[2025-06-16T00:52:18.932+0000][2456.610s][915][941][info ] Total time for which application threads were stopped: 0.0002157 seconds, Stopping threads took: 0.0000481 seconds
[2025-06-16T00:52:19.932+0000][2457.610s][915][941][info ] Application time: 1.0001391 seconds
[2025-06-16T00:52:19.932+0000][2457.610s][915][941][info ] Entering safepoint region: Cleanup
[2025-06-16T00:52:19.933+0000][2457.610s][915][941][info ] Leaving safepoint region
[2025-06-16T00:52:19.933+0000][2457.610s][915][941][info ] Total time for which application threads were stopped: 0.0001974 seconds, Stopping threads took: 0.0000382 seconds
[2025-06-16T00:52:20.933+0000][2458.610s][915][941][info ] Application time: 1.0000906 seconds
[2025-06-16T00:52:20.933+0000][2458.610s][915][941][info ] Entering safepoint region: Cleanup
[2025-06-16T00:52:20.933+0000][2458.610s][915][941][info ] Leaving safepoint region
[2025-06-16T00:52:20.933+0000][2458.610s][915][941][info ] Total time for which application threads were stopped: 0.0001944 seconds, Stopping threads took: 0.0000394 seconds
[2025-06-16T00:52:21.933+0000][2459.611s][915][941][info ] Application time: 1.0001006 seconds
[2025-06-16T00:52:21.933+0000][2459.611s][915][941][info ] Entering safepoint region: Cleanup
[2025-06-16T00:52:21.933+0000][2459.611s][915][941][info ] Leaving safepoint region
[2025-06-16T00:52:21.933+0000][2459.611s][915][941][info ] Total time for which application threads were stopped: 0.0001990 seconds, Stopping threads took: 0.0000377 seconds
[2025-06-16T00:52:22.934+0000][2460.611s][915][941][info ] Application time: 1.0001253 seconds
[2025-06-16T00:52:22.934+0000][2460.611s][915][941][info ] Entering safepoint region: Cleanup
[2025-06-16T00:52:22.934+0000][2460.611s][915][941][info ] Leaving safepoint region
[2025-06-16T00:52:22.934+0000][2460.611s][915][941][info ] Total time for which application threads were stopped: 0.0003078 seconds, Stopping threads took: 0.0000450 seconds
[2025-06-16T00:52:23.934+0000][2461.612s][915][941][info ] Application time: 1.0001151 seconds
[2025-06-16T00:52:23.934+0000][2461.612s][915][941][info ] Entering safepoint region: Cleanup
[2025-06-16T00:52:23.934+0000][2461.612s][915][941][info ] Leaving safepoint region
[2025-06-16T00:52:23.934+0000][2461.612s][915][941][info ] Total time for which application threads were stopped: 0.0002259 seconds, Stopping threads took: 0.0000439 seconds
[2025-06-16T00:52:24.935+0000][2462.612s][915][941][info ] Application time: 1.0001121 seconds
[2025-06-16T00:52:24.935+0000][2462.612s][915][941][info ] Entering safepoint region: Cleanup
[2025-06-16T00:52:24.935+0000][2462.612s][915][941][info ] Leaving safepoint region
[2025-06-16T00:52:24.935+0000][2462.612s][915][941][info ] Total time for which application threads were stopped: 0.0002011 seconds, Stopping threads took: 0.0000447 seconds
[2025-06-16T00:52:25.935+0000][2463.612s][915][941][info ] Application time: 1.0000976 seconds
[2025-06-16T00:52:25.935+0000][2463.612s][915][941][info ] Entering safepoint region: Cleanup
[2025-06-16T00:52:25.935+0000][2463.613s][915][941][info ] Leaving safepoint region
[2025-06-16T00:52:25.935+0000][2463.613s][915][941][info ] Total time for which application threads were stopped: 0.0001921 seconds, Stopping threads took: 0.0000403 seconds
[2025-06-16T00:52:26.935+0000][2464.613s][915][941][info ] Application time: 1.0001029 seconds
[2025-06-16T00:52:26.935+0000][2464.613s][915][941][info ] Entering safepoint region: Cleanup
[2025-06-16T00:52:26.936+0000][2464.613s][915][941][info ] Leaving safepoint region
[2025-06-16T00:52:26.936+0000][2464.613s][915][941][info ] Total time for which application threads were stopped: 0.0002229 seconds, Stopping threads took: 0.0000415 seconds
[2025-06-16T00:52:27.404+0000][2465.081s][915][940][trace] CMS: promo attempt is safe: available(6912212992) >= av_promo(0), max_promo(1042645040)
[2025-06-16T00:52:27.936+0000][2465.613s][915][941][info ] Application time: 1.0000839 seconds
[2025-06-16T00:52:27.936+0000][2465.613s][915][941][info ] Entering safepoint region: Cleanup
[2025-06-16T00:52:27.936+0000][2465.613s][915][941][info ] Leaving safepoint region
[2025-06-16T00:52:27.936+0000][2465.613s][915][941][info ] Total time for which application threads were stopped: 0.0001666 seconds, Stopping threads took: 0.0000321 seconds
[2025-06-16T00:52:28.936+0000][2466.614s][915][941][info ] Application time: 1.0001093 seconds
[2025-06-16T00:52:28.936+0000][2466.614s][915][941][info ] Entering safepoint region: Cleanup
[2025-06-16T00:52:28.936+0000][2466.614s][915][941][info ] Leaving safepoint region
[2025-06-16T00:52:28.936+0000][2466.614s][915][941][info ] Total time for which application threads were stopped: 0.0002231 seconds, Stopping threads took: 0.0000449 seconds
[2025-06-16T00:52:29.936+0000][2467.614s][915][941][info ] Application time: 1.0001047 seconds
[2025-06-16T00:52:29.937+0000][2467.614s][915][941][info ] Entering safepoint region: Cleanup
[2025-06-16T00:52:29.937+0000][2467.614s][915][941][info ] Leaving safepoint region
[2025-06-16T00:52:29.937+0000][2467.614s][915][941][info ] Total time for which application threads were stopped: 0.0002639 seconds, Stopping threads took: 0.0000561 seconds
[2025-06-16T00:52:30.937+0000][2468.615s][915][941][info ] Application time: 1.0001799 seconds
[2025-06-16T00:52:30.937+0000][2468.615s][915][941][info ] Entering safepoint region: Cleanup
[2025-06-16T00:52:30.938+0000][2468.615s][915][941][info ] Leaving safepoint region
[2025-06-16T00:52:30.938+0000][2468.615s][915][941][info ] Total time for which application threads were stopped: 0.0006376 seconds, Stopping threads took: 0.0000939 seconds
[2025-06-16T00:52:31.938+0000][2469.615s][915][941][info ] Application time: 1.0001089 seconds
[2025-06-16T00:52:31.938+0000][2469.616s][915][941][info ] Entering safepoint region: Cleanup
[2025-06-16T00:52:31.938+0000][2469.616s][915][941][info ] Leaving safepoint region
[2025-06-16T00:52:31.938+0000][2469.616s][915][941][info ] Total time for which application threads were stopped: 0.0001880 seconds, Stopping threads took: 0.0000457 seconds
[2025-06-16T00:52:32.938+0000][2470.616s][915][941][info ] Application time: 1.0001059 seconds
[2025-06-16T00:52:32.938+0000][2470.616s][915][941][info ] Entering safepoint region: Cleanup
[2025-06-16T00:52:32.939+0000][2470.616s][915][941][info ] Leaving safepoint region
[2025-06-16T00:52:32.939+0000][2470.616s][915][941][info ] Total time for which application threads were stopped: 0.0002462 seconds, Stopping threads took: 0.0000498 seconds
[2025-06-16T00:52:33.939+0000][2471.616s][915][941][info ] Application time: 1.0001153 seconds
[2025-06-16T00:52:33.939+0000][2471.616s][915][941][info ] Entering safepoint region: Cleanup
[2025-06-16T00:52:33.939+0000][2471.617s][915][941][info ] Leaving safepoint region
[2025-06-16T00:52:33.939+0000][2471.617s][915][941][info ] Total time for which application threads were stopped: 0.0002582 seconds, Stopping threads took: 0.0000443 seconds
[2025-06-16T00:52:34.939+0000][2472.617s][915][941][info ] Application time: 1.0000897 seconds
[2025-06-16T00:52:34.939+0000][2472.617s][915][941][info ] Entering safepoint region: Cleanup
[2025-06-16T00:52:34.940+0000][2472.617s][915][941][info ] Leaving safepoint region
[2025-06-16T00:52:34.940+0000][2472.617s][915][941][info ] Total time for which application threads were stopped: 0.0002023 seconds, Stopping threads took: 0.0000383 seconds
[2025-06-16T00:52:35.940+0000][2473.617s][915][941][info ] Application time: 1.0000911 seconds
[2025-06-16T00:52:35.940+0000][2473.617s][915][941][info ] Entering safepoint region: Cleanup
[2025-06-16T00:52:35.940+0000][2473.617s][915][941][info ] Leaving safepoint region
[2025-06-16T00:52:35.940+0000][2473.617s][915][941][info ] Total time for which application threads were stopped: 0.0002015 seconds, Stopping threads took: 0.0000357 seconds
[2025-06-16T00:52:36.940+0000][2474.618s][915][941][info ] Application time: 1.0001395 seconds
[2025-06-16T00:52:36.940+0000][2474.618s][915][941][info ] Entering safepoint region: Cleanup
[2025-06-16T00:52:36.940+0000][2474.618s][915][941][info ] Leaving safepoint region
[2025-06-16T00:52:36.940+0000][2474.618s][915][941][info ] Total time for which application threads were stopped: 0.0002208 seconds, Stopping threads took: 0.0000502 seconds
[2025-06-16T00:52:37.404+0000][2475.081s][915][940][trace] CMS: promo attempt is safe: available(6912212992) >= av_promo(0), max_promo(1042645040)
[2025-06-16T00:52:37.941+0000][2475.618s][915][941][info ] Application time: 1.0000956 seconds
[2025-06-16T00:52:37.941+0000][2475.618s][915][941][info ] Entering safepoint region: Cleanup
[2025-06-16T00:52:37.941+0000][2475.618s][915][941][info ] Leaving safepoint region
[2025-06-16T00:52:37.941+0000][2475.618s][915][941][info ] Total time for which application threads were stopped: 0.0001875 seconds, Stopping threads took: 0.0000372 seconds
[2025-06-16T00:52:38.941+0000][2476.618s][915][941][info ] Application time: 1.0001377 seconds
[2025-06-16T00:52:38.941+0000][2476.619s][915][941][info ] Entering safepoint region: Cleanup
[2025-06-16T00:52:38.941+0000][2476.619s][915][941][info ] Leaving safepoint region
[2025-06-16T00:52:38.941+0000][2476.619s][915][941][info ] Total time for which application threads were stopped: 0.0002173 seconds, Stopping threads took: 0.0000459 seconds
[2025-06-16T00:52:39.942+0000][2477.620s][915][941][info ] Application time: 1.0008464 seconds
[2025-06-16T00:52:39.942+0000][2477.620s][915][941][info ] Entering safepoint region: Cleanup
[2025-06-16T00:52:39.942+0000][2477.620s][915][941][info ] Leaving safepoint region
[2025-06-16T00:52:39.942+0000][2477.620s][915][941][info ] Total time for which application threads were stopped: 0.0002247 seconds, Stopping threads took: 0.0000365 seconds
[2025-06-16T00:52:40.943+0000][2478.620s][915][941][info ] Application time: 1.0000977 seconds
[2025-06-16T00:52:40.943+0000][2478.620s][915][941][info ] Entering safepoint region: Cleanup
[2025-06-16T00:52:40.943+0000][2478.620s][915][941][info ] Leaving safepoint region
[2025-06-16T00:52:40.943+0000][2478.620s][915][941][info ] Total time for which application threads were stopped: 0.0001965 seconds, Stopping threads took: 0.0000407 seconds
[2025-06-16T00:52:41.943+0000][2479.620s][915][941][info ] Application time: 1.0000897 seconds
[2025-06-16T00:52:41.943+0000][2479.620s][915][941][info ] Entering safepoint region: Cleanup
[2025-06-16T00:52:41.943+0000][2479.621s][915][941][info ] Leaving safepoint region
[2025-06-16T00:52:41.943+0000][2479.621s][915][941][info ] Total time for which application threads were stopped: 0.0001798 seconds, Stopping threads took: 0.0000362 seconds
[2025-06-16T00:52:42.943+0000][2480.621s][915][941][info ] Application time: 1.0000985 seconds
[2025-06-16T00:52:42.943+0000][2480.621s][915][941][info ] Entering safepoint region: Cleanup
[2025-06-16T00:52:42.944+0000][2480.621s][915][941][info ] Leaving safepoint region
[2025-06-16T00:52:42.944+0000][2480.621s][915][941][info ] Total time for which application threads were stopped: 0.0001853 seconds, Stopping threads took: 0.0000396 seconds
[2025-06-16T00:52:43.944+0000][2481.621s][915][941][info ] Application time: 1.0000982 seconds
[2025-06-16T00:52:43.944+0000][2481.621s][915][941][info ] Entering safepoint region: Cleanup
[2025-06-16T00:52:43.944+0000][2481.621s][915][941][info ] Leaving safepoint region
[2025-06-16T00:52:43.944+0000][2481.621s][915][941][info ] Total time for which application threads were stopped: 0.0001904 seconds, Stopping threads took: 0.0000396 seconds
[2025-06-16T00:52:44.944+0000][2482.621s][915][941][info ] Application time: 1.0000956 seconds
[2025-06-16T00:52:44.944+0000][2482.622s][915][941][info ] Entering safepoint region: Cleanup
[2025-06-16T00:52:44.944+0000][2482.622s][915][941][info ] Leaving safepoint region
[2025-06-16T00:52:44.944+0000][2482.622s][915][941][info ] Total time for which application threads were stopped: 0.0001948 seconds, Stopping threads took: 0.0000387 seconds
[2025-06-16T00:52:45.944+0000][2483.622s][915][941][info ] Application time: 1.0001217 seconds
[2025-06-16T00:52:45.945+0000][2483.622s][915][941][info ] Entering safepoint region: Cleanup
[2025-06-16T00:52:45.945+0000][2483.622s][915][941][info ] Leaving safepoint region
[2025-06-16T00:52:45.945+0000][2483.622s][915][941][info ] Total time for which application threads were stopped: 0.0003859 seconds, Stopping threads took: 0.0000802 seconds
[2025-06-16T00:52:46.945+0000][2484.623s][915][941][info ] Application time: 1.0001232 seconds
[2025-06-16T00:52:46.945+0000][2484.623s][915][941][info ] Entering safepoint region: Cleanup
[2025-06-16T00:52:46.945+0000][2484.623s][915][941][info ] Leaving safepoint region
[2025-06-16T00:52:46.945+0000][2484.623s][915][941][info ] Total time for which application threads were stopped: 0.0002108 seconds, Stopping threads took: 0.0000513 seconds
[2025-06-16T00:52:47.404+0000][2485.081s][915][940][trace] CMS: promo attempt is safe: available(6912212992) >= av_promo(0), max_promo(1042645040)
[2025-06-16T00:52:47.946+0000][2485.623s][915][941][info ] Application time: 1.0001130 seconds
[2025-06-16T00:52:47.946+0000][2485.623s][915][941][info ] Entering safepoint region: Cleanup
[2025-06-16T00:52:47.946+0000][2485.623s][915][941][info ] Leaving safepoint region
[2025-06-16T00:52:47.946+0000][2485.623s][915][941][info ] Total time for which application threads were stopped: 0.0002706 seconds, Stopping threads took: 0.0000381 seconds
[2025-06-16T00:52:48.946+0000][2486.623s][915][941][info ] Application time: 1.0000926 seconds
[2025-06-16T00:52:48.946+0000][2486.624s][915][941][info ] Entering safepoint region: Cleanup
[2025-06-16T00:52:48.946+0000][2486.624s][915][941][info ] Leaving safepoint region
[2025-06-16T00:52:48.946+0000][2486.624s][915][941][info ] Total time for which application threads were stopped: 0.0002224 seconds, Stopping threads took: 0.0000418 seconds
[2025-06-16T00:52:49.946+0000][2487.624s][915][941][info ] Application time: 1.0000972 seconds
[2025-06-16T00:52:49.947+0000][2487.624s][915][941][info ] Entering safepoint region: Cleanup
[2025-06-16T00:52:49.947+0000][2487.624s][915][941][info ] Leaving safepoint region
[2025-06-16T00:52:49.947+0000][2487.624s][915][941][info ] Total time for which application threads were stopped: 0.0001925 seconds, Stopping threads took: 0.0000483 seconds
[2025-06-16T00:52:50.947+0000][2488.624s][915][941][info ] Application time: 1.0001113 seconds
[2025-06-16T00:52:50.947+0000][2488.624s][915][941][info ] Entering safepoint region: Cleanup
[2025-06-16T00:52:50.947+0000][2488.625s][915][941][info ] Leaving safepoint region
[2025-06-16T00:52:50.947+0000][2488.625s][915][941][info ] Total time for which application threads were stopped: 0.0002290 seconds, Stopping threads took: 0.0000470 seconds
[2025-06-16T00:52:51.947+0000][2489.625s][915][941][info ] Application time: 1.0001473 seconds
[2025-06-16T00:52:51.947+0000][2489.625s][915][941][info ] Entering safepoint region: Cleanup
[2025-06-16T00:52:51.948+0000][2489.625s][915][941][info ] Leaving safepoint region
[2025-06-16T00:52:51.948+0000][2489.625s][915][941][info ] Total time for which application threads were stopped: 0.0002227 seconds, Stopping threads took: 0.0000453 seconds
[2025-06-16T00:52:52.948+0000][2490.625s][915][941][info ] Application time: 1.0001087 seconds
[2025-06-16T00:52:52.948+0000][2490.625s][915][941][info ] Entering safepoint region: Cleanup
[2025-06-16T00:52:52.948+0000][2490.625s][915][941][info ] Leaving safepoint region
[2025-06-16T00:52:52.948+0000][2490.626s][915][941][info ] Total time for which application threads were stopped: 0.0002171 seconds, Stopping threads took: 0.0000448 seconds
[2025-06-16T00:52:53.948+0000][2491.626s][915][941][info ] Application time: 1.0000967 seconds
[2025-06-16T00:52:53.948+0000][2491.626s][915][941][info ] Entering safepoint region: Cleanup
[2025-06-16T00:52:53.948+0000][2491.626s][915][941][info ] Leaving safepoint region
[2025-06-16T00:52:53.948+0000][2491.626s][915][941][info ] Total time for which application threads were stopped: 0.0002500 seconds, Stopping threads took: 0.0000497 seconds
[2025-06-16T00:52:54.949+0000][2492.626s][915][941][info ] Application time: 1.0001051 seconds
[2025-06-16T00:52:54.949+0000][2492.626s][915][941][info ] Entering safepoint region: Cleanup
[2025-06-16T00:52:54.949+0000][2492.626s][915][941][info ] Leaving safepoint region
[2025-06-16T00:52:54.949+0000][2492.626s][915][941][info ] Total time for which application threads were stopped: 0.0002092 seconds, Stopping threads took: 0.0000501 seconds
[2025-06-16T00:52:55.949+0000][2493.627s][915][941][info ] Application time: 1.0001431 seconds
[2025-06-16T00:52:55.949+0000][2493.627s][915][941][info ] Entering safepoint region: Cleanup
[2025-06-16T00:52:55.949+0000][2493.627s][915][941][info ] Leaving safepoint region
[2025-06-16T00:52:55.949+0000][2493.627s][915][941][info ] Total time for which application threads were stopped: 0.0002972 seconds, Stopping threads took: 0.0000492 seconds
[2025-06-16T00:52:56.950+0000][2494.627s][915][941][info ] Application time: 1.0001021 seconds
[2025-06-16T00:52:56.950+0000][2494.627s][915][941][info ] Entering safepoint region: Cleanup
[2025-06-16T00:52:56.950+0000][2494.627s][915][941][info ] Leaving safepoint region
[2025-06-16T00:52:56.950+0000][2494.627s][915][941][info ] Total time for which application threads were stopped: 0.0002806 seconds, Stopping threads took: 0.0000451 seconds
[2025-06-16T00:52:57.403+0000][2495.081s][915][940][trace] CMS: promo attempt is safe: available(6912212992) >= av_promo(0), max_promo(1042645040)
[2025-06-16T00:52:57.950+0000][2495.628s][915][941][info ] Application time: 1.0001001 seconds
[2025-06-16T00:52:57.950+0000][2495.628s][915][941][info ] Entering safepoint region: Cleanup
[2025-06-16T00:52:57.950+0000][2495.628s][915][941][info ] Leaving safepoint region
[2025-06-16T00:52:57.950+0000][2495.628s][915][941][info ] Total time for which application threads were stopped: 0.0002148 seconds, Stopping threads took: 0.0000464 seconds
[2025-06-16T00:52:58.950+0000][2496.628s][915][941][info ] Application time: 1.0000965 seconds
[2025-06-16T00:52:58.951+0000][2496.628s][915][941][info ] Entering safepoint region: Cleanup
[2025-06-16T00:52:58.951+0000][2496.628s][915][941][info ] Leaving safepoint region
[2025-06-16T00:52:58.951+0000][2496.628s][915][941][info ] Total time for which application threads were stopped: 0.0002097 seconds, Stopping threads took: 0.0000402 seconds
[2025-06-16T00:52:59.951+0000][2497.628s][915][941][info ] Application time: 1.0001110 seconds
[2025-06-16T00:52:59.951+0000][2497.629s][915][941][info ] Entering safepoint region: Cleanup
[2025-06-16T00:52:59.951+0000][2497.629s][915][941][info ] Leaving safepoint region
[2025-06-16T00:52:59.951+0000][2497.629s][915][941][info ] Total time for which application threads were stopped: 0.0002132 seconds, Stopping threads took: 0.0000459 seconds
[2025-06-16T00:53:00.951+0000][2498.629s][915][941][info ] Application time: 1.0001084 seconds
[2025-06-16T00:53:00.951+0000][2498.629s][915][941][info ] Entering safepoint region: Cleanup
[2025-06-16T00:53:00.952+0000][2498.629s][915][941][info ] Leaving safepoint region
[2025-06-16T00:53:00.952+0000][2498.629s][915][941][info ] Total time for which application threads were stopped: 0.0002466 seconds, Stopping threads took: 0.0000563 seconds
[2025-06-16T00:53:01.952+0000][2499.629s][915][941][info ] Application time: 1.0001025 seconds
[2025-06-16T00:53:01.952+0000][2499.629s][915][941][info ] Entering safepoint region: Cleanup
[2025-06-16T00:53:01.952+0000][2499.630s][915][941][info ] Leaving safepoint region
[2025-06-16T00:53:01.952+0000][2499.630s][915][941][info ] Total time for which application threads were stopped: 0.0002388 seconds, Stopping threads took: 0.0000537 seconds
[2025-06-16T00:53:02.952+0000][2500.630s][915][941][info ] Application time: 1.0001063 seconds
[2025-06-16T00:53:02.952+0000][2500.630s][915][941][info ] Entering safepoint region: Cleanup
[2025-06-16T00:53:02.953+0000][2500.630s][915][941][info ] Leaving safepoint region
[2025-06-16T00:53:02.953+0000][2500.630s][915][941][info ] Total time for which application threads were stopped: 0.0002109 seconds, Stopping threads took: 0.0000416 seconds
[2025-06-16T00:53:03.953+0000][2501.630s][915][941][info ] Application time: 1.0001104 seconds
[2025-06-16T00:53:03.953+0000][2501.630s][915][941][info ] Entering safepoint region: Cleanup
[2025-06-16T00:53:03.953+0000][2501.630s][915][941][info ] Leaving safepoint region
[2025-06-16T00:53:03.953+0000][2501.630s][915][941][info ] Total time for which application threads were stopped: 0.0002133 seconds, Stopping threads took: 0.0000436 seconds
[2025-06-16T00:53:04.953+0000][2502.631s][915][941][info ] Application time: 1.0000988 seconds
[2025-06-16T00:53:04.953+0000][2502.631s][915][941][info ] Entering safepoint region: Cleanup
[2025-06-16T00:53:04.953+0000][2502.631s][915][941][info ] Leaving safepoint region
[2025-06-16T00:53:04.953+0000][2502.631s][915][941][info ] Total time for which application threads were stopped: 0.0002175 seconds, Stopping threads took: 0.0000430 seconds
[2025-06-16T00:53:05.953+0000][2503.631s][915][941][info ] Application time: 1.0000878 seconds
[2025-06-16T00:53:05.954+0000][2503.631s][915][941][info ] Entering safepoint region: Cleanup
[2025-06-16T00:53:05.954+0000][2503.631s][915][941][info ] Leaving safepoint region
[2025-06-16T00:53:05.954+0000][2503.631s][915][941][info ] Total time for which application threads were stopped: 0.0002586 seconds, Stopping threads took: 0.0000428 seconds
[2025-06-16T00:53:06.954+0000][2504.631s][915][941][info ] Application time: 1.0000832 seconds
[2025-06-16T00:53:06.954+0000][2504.632s][915][941][info ] Entering safepoint region: Cleanup
[2025-06-16T00:53:06.954+0000][2504.632s][915][941][info ] Leaving safepoint region
[2025-06-16T00:53:06.954+0000][2504.632s][915][941][info ] Total time for which application threads were stopped: 0.0001964 seconds, Stopping threads took: 0.0000435 seconds
[2025-06-16T00:53:07.402+0000][2505.080s][915][940][trace] CMS: promo attempt is safe: available(6912212992) >= av_promo(0), max_promo(1042645040)
[2025-06-16T00:53:07.954+0000][2505.632s][915][941][info ] Application time: 1.0000875 seconds
[2025-06-16T00:53:07.954+0000][2505.632s][915][941][info ] Entering safepoint region: Cleanup
[2025-06-16T00:53:07.955+0000][2505.632s][915][941][info ] Leaving safepoint region
[2025-06-16T00:53:07.955+0000][2505.632s][915][941][info ] Total time for which application threads were stopped: 0.0001846 seconds, Stopping threads took: 0.0000353 seconds
[2025-06-16T00:53:08.955+0000][2506.632s][915][941][info ] Application time: 1.0001083 seconds
[2025-06-16T00:53:08.955+0000][2506.632s][915][941][info ] Entering safepoint region: Cleanup
[2025-06-16T00:53:08.955+0000][2506.632s][915][941][info ] Leaving safepoint region
[2025-06-16T00:53:08.955+0000][2506.633s][915][941][info ] Total time for which application threads were stopped: 0.0002685 seconds, Stopping threads took: 0.0000601 seconds
[2025-06-16T00:53:09.955+0000][2507.633s][915][941][info ] Application time: 1.0000920 seconds
[2025-06-16T00:53:09.955+0000][2507.633s][915][941][info ] Entering safepoint region: Cleanup
[2025-06-16T00:53:09.955+0000][2507.633s][915][941][info ] Leaving safepoint region
[2025-06-16T00:53:09.955+0000][2507.633s][915][941][info ] Total time for which application threads were stopped: 0.0002071 seconds, Stopping threads took: 0.0000389 seconds
[2025-06-16T00:53:10.956+0000][2508.633s][915][941][info ] Application time: 1.0001093 seconds
[2025-06-16T00:53:10.956+0000][2508.633s][915][941][info ] Entering safepoint region: Cleanup
[2025-06-16T00:53:10.956+0000][2508.633s][915][941][info ] Leaving safepoint region
[2025-06-16T00:53:10.956+0000][2508.633s][915][941][info ] Total time for which application threads were stopped: 0.0002125 seconds, Stopping threads took: 0.0000492 seconds
[2025-06-16T00:53:11.956+0000][2509.633s][915][941][info ] Application time: 1.0000935 seconds
[2025-06-16T00:53:11.956+0000][2509.634s][915][941][info ] Entering safepoint region: Cleanup
[2025-06-16T00:53:11.956+0000][2509.634s][915][941][info ] Leaving safepoint region
[2025-06-16T00:53:11.956+0000][2509.634s][915][941][info ] Total time for which application threads were stopped: 0.0001893 seconds, Stopping threads took: 0.0000398 seconds
[2025-06-16T00:53:12.956+0000][2510.634s][915][941][info ] Application time: 1.0001012 seconds
[2025-06-16T00:53:12.956+0000][2510.634s][915][941][info ] Entering safepoint region: Cleanup
[2025-06-16T00:53:12.957+0000][2510.634s][915][941][info ] Leaving safepoint region
[2025-06-16T00:53:12.957+0000][2510.634s][915][941][info ] Total time for which application threads were stopped: 0.0002286 seconds, Stopping threads took: 0.0000429 seconds
[2025-06-16T00:53:13.957+0000][2511.634s][915][941][info ] Application time: 1.0000962 seconds
[2025-06-16T00:53:13.957+0000][2511.634s][915][941][info ] Entering safepoint region: Cleanup
[2025-06-16T00:53:13.957+0000][2511.635s][915][941][info ] Leaving safepoint region
[2025-06-16T00:53:13.957+0000][2511.635s][915][941][info ] Total time for which application threads were stopped: 0.0002135 seconds, Stopping threads took: 0.0000421 seconds
[2025-06-16T00:53:14.957+0000][2512.635s][915][941][info ] Application time: 1.0001021 seconds
[2025-06-16T00:53:14.957+0000][2512.635s][915][941][info ] Entering safepoint region: Cleanup
[2025-06-16T00:53:14.957+0000][2512.635s][915][941][info ] Leaving safepoint region
[2025-06-16T00:53:14.958+0000][2512.635s][915][941][info ] Total time for which application threads were stopped: 0.0002612 seconds, Stopping threads took: 0.0000646 seconds
[2025-06-16T00:53:15.958+0000][2513.635s][915][941][info ] Application time: 1.0000956 seconds
[2025-06-16T00:53:15.958+0000][2513.635s][915][941][info ] Entering safepoint region: Cleanup
[2025-06-16T00:53:15.958+0000][2513.635s][915][941][info ] Leaving safepoint region
[2025-06-16T00:53:15.958+0000][2513.635s][915][941][info ] Total time for which application threads were stopped: 0.0002120 seconds, Stopping threads took: 0.0000363 seconds
[2025-06-16T00:53:16.958+0000][2514.636s][915][941][info ] Application time: 1.0000848 seconds
[2025-06-16T00:53:16.958+0000][2514.636s][915][941][info ] Entering safepoint region: Cleanup
[2025-06-16T00:53:16.958+0000][2514.636s][915][941][info ] Leaving safepoint region
[2025-06-16T00:53:16.958+0000][2514.636s][915][941][info ] Total time for which application threads were stopped: 0.0002290 seconds, Stopping threads took: 0.0000451 seconds
[2025-06-16T00:53:17.402+0000][2515.079s][915][940][trace] CMS: promo attempt is safe: available(6912212992) >= av_promo(0), max_promo(1056067624)
[2025-06-16T00:53:17.958+0000][2515.636s][915][941][info ] Application time: 1.0001522 seconds
[2025-06-16T00:53:17.959+0000][2515.636s][915][941][info ] Entering safepoint region: Cleanup
[2025-06-16T00:53:17.959+0000][2515.636s][915][941][info ] Leaving safepoint region
[2025-06-16T00:53:17.959+0000][2515.636s][915][941][info ] Total time for which application threads were stopped: 0.0002308 seconds, Stopping threads took: 0.0000497 seconds
[2025-06-16T00:53:18.959+0000][2516.636s][915][941][info ] Application time: 1.0001097 seconds
[2025-06-16T00:53:18.959+0000][2516.637s][915][941][info ] Entering safepoint region: Cleanup
[2025-06-16T00:53:18.959+0000][2516.637s][915][941][info ] Leaving safepoint region
[2025-06-16T00:53:18.959+0000][2516.637s][915][941][info ] Total time for which application threads were stopped: 0.0002901 seconds, Stopping threads took: 0.0000559 seconds
[2025-06-16T00:53:19.959+0000][2517.637s][915][941][info ] Application time: 1.0001106 seconds
[2025-06-16T00:53:19.960+0000][2517.637s][915][941][info ] Entering safepoint region: Cleanup
[2025-06-16T00:53:19.960+0000][2517.637s][915][941][info ] Leaving safepoint region
[2025-06-16T00:53:19.960+0000][2517.637s][915][941][info ] Total time for which application threads were stopped: 0.0002272 seconds, Stopping threads took: 0.0000452 seconds
[2025-06-16T00:53:20.960+0000][2518.637s][915][941][info ] Application time: 1.0001016 seconds
[2025-06-16T00:53:20.960+0000][2518.638s][915][941][info ] Entering safepoint region: Cleanup
[2025-06-16T00:53:20.960+0000][2518.638s][915][941][info ] Leaving safepoint region
[2025-06-16T00:53:20.960+0000][2518.638s][915][941][info ] Total time for which application threads were stopped: 0.0002089 seconds, Stopping threads took: 0.0000401 seconds
[2025-06-16T00:53:21.960+0000][2519.638s][915][941][info ] Application time: 1.0000960 seconds
[2025-06-16T00:53:21.960+0000][2519.638s][915][941][info ] Entering safepoint region: Cleanup
[2025-06-16T00:53:21.961+0000][2519.638s][915][941][info ] Leaving safepoint region
[2025-06-16T00:53:21.961+0000][2519.638s][915][941][info ] Total time for which application threads were stopped: 0.0002064 seconds, Stopping threads took: 0.0000507 seconds
[2025-06-16T00:53:22.961+0000][2520.638s][915][941][info ] Application time: 1.0001075 seconds
[2025-06-16T00:53:22.961+0000][2520.638s][915][941][info ] Entering safepoint region: Cleanup
[2025-06-16T00:53:22.961+0000][2520.638s][915][941][info ] Leaving safepoint region
[2025-06-16T00:53:22.961+0000][2520.639s][915][941][info ] Total time for which application threads were stopped: 0.0002019 seconds, Stopping threads took: 0.0000392 seconds
[2025-06-16T00:53:23.961+0000][2521.639s][915][941][info ] Application time: 1.0000999 seconds
[2025-06-16T00:53:23.961+0000][2521.639s][915][941][info ] Entering safepoint region: Cleanup
[2025-06-16T00:53:23.961+0000][2521.639s][915][941][info ] Leaving safepoint region
[2025-06-16T00:53:23.961+0000][2521.639s][915][941][info ] Total time for which application threads were stopped: 0.0002132 seconds, Stopping threads took: 0.0000408 seconds
[2025-06-16T00:53:24.962+0000][2522.639s][915][941][info ] Application time: 1.0001044 seconds
[2025-06-16T00:53:24.962+0000][2522.639s][915][941][info ] Entering safepoint region: Cleanup
[2025-06-16T00:53:24.962+0000][2522.639s][915][941][info ] Leaving safepoint region
[2025-06-16T00:53:24.962+0000][2522.639s][915][941][info ] Total time for which application threads were stopped: 0.0002843 seconds, Stopping threads took: 0.0000443 seconds
[2025-06-16T00:53:25.962+0000][2523.640s][915][941][info ] Application time: 1.0001365 seconds
[2025-06-16T00:53:25.962+0000][2523.640s][915][941][info ] Entering safepoint region: Cleanup
[2025-06-16T00:53:25.962+0000][2523.640s][915][941][info ] Leaving safepoint region
[2025-06-16T00:53:25.962+0000][2523.640s][915][941][info ] Total time for which application threads were stopped: 0.0002428 seconds, Stopping threads took: 0.0000497 seconds
[2025-06-16T00:53:26.963+0000][2524.640s][915][941][info ] Application time: 1.0001136 seconds
[2025-06-16T00:53:26.963+0000][2524.640s][915][941][info ] Entering safepoint region: Cleanup
[2025-06-16T00:53:26.963+0000][2524.640s][915][941][info ] Leaving safepoint region
[2025-06-16T00:53:26.963+0000][2524.640s][915][941][info ] Total time for which application threads were stopped: 0.0002374 seconds, Stopping threads took: 0.0000491 seconds
[2025-06-16T00:53:27.401+0000][2525.079s][915][940][trace] CMS: promo attempt is safe: available(6912212992) >= av_promo(0), max_promo(1058507984)
[2025-06-16T00:53:27.963+0000][2525.641s][915][941][info ] Application time: 1.0000983 seconds
[2025-06-16T00:53:27.963+0000][2525.641s][915][941][info ] Entering safepoint region: Cleanup
[2025-06-16T00:53:27.963+0000][2525.641s][915][941][info ] Leaving safepoint region
[2025-06-16T00:53:27.963+0000][2525.641s][915][941][info ] Total time for which application threads were stopped: 0.0001885 seconds, Stopping threads took: 0.0000421 seconds
[2025-06-16T00:53:28.963+0000][2526.641s][915][941][info ] Application time: 1.0001216 seconds
[2025-06-16T00:53:28.964+0000][2526.641s][915][941][info ] Entering safepoint region: Cleanup
[2025-06-16T00:53:28.964+0000][2526.641s][915][941][info ] Leaving safepoint region
[2025-06-16T00:53:28.964+0000][2526.641s][915][941][info ] Total time for which application threads were stopped: 0.0002084 seconds, Stopping threads took: 0.0000442 seconds
[2025-06-16T00:53:29.964+0000][2527.641s][915][941][info ] Application time: 1.0000930 seconds
[2025-06-16T00:53:29.964+0000][2527.641s][915][941][info ] Entering safepoint region: Cleanup
[2025-06-16T00:53:29.964+0000][2527.642s][915][941][info ] Leaving safepoint region
[2025-06-16T00:53:29.964+0000][2527.642s][915][941][info ] Total time for which application threads were stopped: 0.0001816 seconds, Stopping threads took: 0.0000377 seconds
[2025-06-16T00:53:30.964+0000][2528.642s][915][941][info ] Application time: 1.0001056 seconds
[2025-06-16T00:53:30.964+0000][2528.642s][915][941][info ] Entering safepoint region: Cleanup
[2025-06-16T00:53:30.965+0000][2528.642s][915][941][info ] Leaving safepoint region
[2025-06-16T00:53:30.965+0000][2528.642s][915][941][info ] Total time for which application threads were stopped: 0.0002241 seconds, Stopping threads took: 0.0000477 seconds
[2025-06-16T00:53:31.965+0000][2529.642s][915][941][info ] Application time: 1.0000921 seconds
[2025-06-16T00:53:31.965+0000][2529.642s][915][941][info ] Entering safepoint region: Cleanup
[2025-06-16T00:53:31.965+0000][2529.642s][915][941][info ] Leaving safepoint region
[2025-06-16T00:53:31.965+0000][2529.642s][915][941][info ] Total time for which application threads were stopped: 0.0002042 seconds, Stopping threads took: 0.0000419 seconds
[2025-06-16T00:53:32.965+0000][2530.643s][915][941][info ] Application time: 1.0000922 seconds
[2025-06-16T00:53:32.965+0000][2530.643s][915][941][info ] Entering safepoint region: Cleanup
[2025-06-16T00:53:32.965+0000][2530.643s][915][941][info ] Leaving safepoint region
[2025-06-16T00:53:32.965+0000][2530.643s][915][941][info ] Total time for which application threads were stopped: 0.0002003 seconds, Stopping threads took: 0.0000417 seconds
[2025-06-16T00:53:33.965+0000][2531.643s][915][941][info ] Application time: 1.0000984 seconds
[2025-06-16T00:53:33.966+0000][2531.643s][915][941][info ] Entering safepoint region: Cleanup
[2025-06-16T00:53:33.966+0000][2531.643s][915][941][info ] Leaving safepoint region
[2025-06-16T00:53:33.966+0000][2531.643s][915][941][info ] Total time for which application threads were stopped: 0.0002640 seconds, Stopping threads took: 0.0000431 seconds
[2025-06-16T00:53:34.966+0000][2532.643s][915][941][info ] Application time: 1.0001130 seconds
[2025-06-16T00:53:34.966+0000][2532.644s][915][941][info ] Entering safepoint region: Cleanup
[2025-06-16T00:53:34.966+0000][2532.644s][915][941][info ] Leaving safepoint region
[2025-06-16T00:53:34.966+0000][2532.644s][915][941][info ] Total time for which application threads were stopped: 0.0003150 seconds, Stopping threads took: 0.0000433 seconds
[2025-06-16T00:53:35.966+0000][2533.644s][915][941][info ] Application time: 1.0001065 seconds
[2025-06-16T00:53:35.967+0000][2533.644s][915][941][info ] Entering safepoint region: Cleanup
[2025-06-16T00:53:35.967+0000][2533.644s][915][941][info ] Leaving safepoint region
[2025-06-16T00:53:35.967+0000][2533.644s][915][941][info ] Total time for which application threads were stopped: 0.0002246 seconds, Stopping threads took: 0.0000450 seconds
[2025-06-16T00:53:36.967+0000][2534.644s][915][941][info ] Application time: 1.0000940 seconds
[2025-06-16T00:53:36.967+0000][2534.644s][915][941][info ] Entering safepoint region: Cleanup
[2025-06-16T00:53:36.967+0000][2534.645s][915][941][info ] Leaving safepoint region
[2025-06-16T00:53:36.967+0000][2534.645s][915][941][info ] Total time for which application threads were stopped: 0.0001778 seconds, Stopping threads took: 0.0000339 seconds
[2025-06-16T00:53:37.401+0000][2535.079s][915][940][trace] CMS: promo attempt is safe: available(6912212992) >= av_promo(0), max_promo(1058507984)
[2025-06-16T00:53:37.967+0000][2535.645s][915][941][info ] Application time: 1.0001030 seconds
[2025-06-16T00:53:37.967+0000][2535.645s][915][941][info ] Entering safepoint region: Cleanup
[2025-06-16T00:53:37.968+0000][2535.645s][915][941][info ] Leaving safepoint region
[2025-06-16T00:53:37.968+0000][2535.645s][915][941][info ] Total time for which application threads were stopped: 0.0001909 seconds, Stopping threads took: 0.0000365 seconds
[2025-06-16T00:53:38.968+0000][2536.645s][915][941][info ] Application time: 1.0001082 seconds
[2025-06-16T00:53:38.968+0000][2536.645s][915][941][info ] Entering safepoint region: Cleanup
[2025-06-16T00:53:38.968+0000][2536.645s][915][941][info ] Leaving safepoint region
[2025-06-16T00:53:38.968+0000][2536.646s][915][941][info ] Total time for which application threads were stopped: 0.0002462 seconds, Stopping threads took: 0.0000420 seconds
[2025-06-16T00:53:39.968+0000][2537.646s][915][941][info ] Application time: 1.0000972 seconds
[2025-06-16T00:53:39.968+0000][2537.646s][915][941][info ] Entering safepoint region: Cleanup
[2025-06-16T00:53:39.968+0000][2537.646s][915][941][info ] Leaving safepoint region
[2025-06-16T00:53:39.968+0000][2537.646s][915][941][info ] Total time for which application threads were stopped: 0.0002121 seconds, Stopping threads took: 0.0000388 seconds
[2025-06-16T00:53:40.969+0000][2538.646s][915][941][info ] Application time: 1.0000894 seconds
[2025-06-16T00:53:40.969+0000][2538.646s][915][941][info ] Entering safepoint region: Cleanup
[2025-06-16T00:53:40.969+0000][2538.646s][915][941][info ] Leaving safepoint region
[2025-06-16T00:53:40.969+0000][2538.646s][915][941][info ] Total time for which application threads were stopped: 0.0002099 seconds, Stopping threads took: 0.0000375 seconds
[2025-06-16T00:53:41.969+0000][2539.646s][915][941][info ] Application time: 1.0000998 seconds
[2025-06-16T00:53:41.969+0000][2539.647s][915][941][info ] Entering safepoint region: Cleanup
[2025-06-16T00:53:41.969+0000][2539.647s][915][941][info ] Leaving safepoint region
[2025-06-16T00:53:41.969+0000][2539.647s][915][941][info ] Total time for which application threads were stopped: 0.0002415 seconds, Stopping threads took: 0.0000448 seconds
[2025-06-16T00:53:42.969+0000][2540.647s][915][941][info ] Application time: 1.0001034 seconds
[2025-06-16T00:53:42.969+0000][2540.647s][915][941][info ] Entering safepoint region: Cleanup
[2025-06-16T00:53:42.970+0000][2540.647s][915][941][info ] Leaving safepoint region
[2025-06-16T00:53:42.970+0000][2540.647s][915][941][info ] Total time for which application threads were stopped: 0.0001973 seconds, Stopping threads took: 0.0000431 seconds
[2025-06-16T00:53:43.970+0000][2541.647s][915][941][info ] Application time: 1.0000883 seconds
[2025-06-16T00:53:43.970+0000][2541.647s][915][941][info ] Entering safepoint region: Cleanup
[2025-06-16T00:53:43.970+0000][2541.648s][915][941][info ] Leaving safepoint region
[2025-06-16T00:53:43.970+0000][2541.648s][915][941][info ] Total time for which application threads were stopped: 0.0002149 seconds, Stopping threads took: 0.0000503 seconds
[2025-06-16T00:53:44.970+0000][2542.648s][915][941][info ] Application time: 1.0000905 seconds
[2025-06-16T00:53:44.970+0000][2542.648s][915][941][info ] Entering safepoint region: Cleanup
[2025-06-16T00:53:44.970+0000][2542.648s][915][941][info ] Leaving safepoint region
[2025-06-16T00:53:44.970+0000][2542.648s][915][941][info ] Total time for which application threads were stopped: 0.0001910 seconds, Stopping threads took: 0.0000412 seconds
[2025-06-16T00:53:45.971+0000][2543.648s][915][941][info ] Application time: 1.0000970 seconds
[2025-06-16T00:53:45.971+0000][2543.648s][915][941][info ] Entering safepoint region: Cleanup
[2025-06-16T00:53:45.971+0000][2543.648s][915][941][info ] Leaving safepoint region
[2025-06-16T00:53:45.971+0000][2543.648s][915][941][info ] Total time for which application threads were stopped: 0.0002429 seconds, Stopping threads took: 0.0000500 seconds
[2025-06-16T00:53:46.971+0000][2544.648s][915][941][info ] Application time: 1.0000889 seconds
[2025-06-16T00:53:46.971+0000][2544.649s][915][941][info ] Entering safepoint region: Cleanup
[2025-06-16T00:53:46.971+0000][2544.649s][915][941][info ] Leaving safepoint region
[2025-06-16T00:53:46.971+0000][2544.649s][915][941][info ] Total time for which application threads were stopped: 0.0001769 seconds, Stopping threads took: 0.0000353 seconds
[2025-06-16T00:53:47.401+0000][2545.079s][915][940][trace] CMS: promo attempt is safe: available(6912212992) >= av_promo(0), max_promo(1058507984)
[2025-06-16T00:53:47.971+0000][2545.649s][915][941][info ] Application time: 1.0000834 seconds
[2025-06-16T00:53:47.971+0000][2545.649s][915][941][info ] Entering safepoint region: Cleanup
[2025-06-16T00:53:47.972+0000][2545.649s][915][941][info ] Leaving safepoint region
[2025-06-16T00:53:47.972+0000][2545.649s][915][941][info ] Total time for which application threads were stopped: 0.0001662 seconds, Stopping threads took: 0.0000316 seconds
[2025-06-16T00:53:48.972+0000][2546.649s][915][941][info ] Application time: 1.0001088 seconds
[2025-06-16T00:53:48.972+0000][2546.649s][915][941][info ] Entering safepoint region: Cleanup
[2025-06-16T00:53:48.972+0000][2546.650s][915][941][info ] Leaving safepoint region
[2025-06-16T00:53:48.972+0000][2546.650s][915][941][info ] Total time for which application threads were stopped: 0.0003111 seconds, Stopping threads took: 0.0000539 seconds
[2025-06-16T00:53:49.972+0000][2547.650s][915][941][info ] Application time: 1.0001056 seconds
[2025-06-16T00:53:49.972+0000][2547.650s][915][941][info ] Entering safepoint region: Cleanup
[2025-06-16T00:53:49.972+0000][2547.650s][915][941][info ] Leaving safepoint region
[2025-06-16T00:53:49.972+0000][2547.650s][915][941][info ] Total time for which application threads were stopped: 0.0002152 seconds, Stopping threads took: 0.0000451 seconds
[2025-06-16T00:53:50.973+0000][2548.650s][915][941][info ] Application time: 1.0000887 seconds
[2025-06-16T00:53:50.973+0000][2548.650s][915][941][info ] Entering safepoint region: Cleanup
[2025-06-16T00:53:50.973+0000][2548.650s][915][941][info ] Leaving safepoint region
[2025-06-16T00:53:50.973+0000][2548.650s][915][941][info ] Total time for which application threads were stopped: 0.0001873 seconds, Stopping threads took: 0.0000381 seconds
[2025-06-16T00:53:51.973+0000][2549.650s][915][941][info ] Application time: 1.0000967 seconds
[2025-06-16T00:53:51.973+0000][2549.651s][915][941][info ] Entering safepoint region: Cleanup
[2025-06-16T00:53:51.973+0000][2549.651s][915][941][info ] Leaving safepoint region
[2025-06-16T00:53:51.973+0000][2549.651s][915][941][info ] Total time for which application threads were stopped: 0.0002058 seconds, Stopping threads took: 0.0000467 seconds
[2025-06-16T00:53:52.973+0000][2550.651s][915][941][info ] Application time: 1.0001047 seconds
[2025-06-16T00:53:52.974+0000][2550.651s][915][941][info ] Entering safepoint region: Cleanup
[2025-06-16T00:53:52.974+0000][2550.651s][915][941][info ] Leaving safepoint region
[2025-06-16T00:53:52.974+0000][2550.651s][915][941][info ] Total time for which application threads were stopped: 0.0002155 seconds, Stopping threads took: 0.0000460 seconds
[2025-06-16T00:53:53.974+0000][2551.651s][915][941][info ] Application time: 1.0001088 seconds
[2025-06-16T00:53:53.974+0000][2551.651s][915][941][info ] Entering safepoint region: Cleanup
[2025-06-16T00:53:53.974+0000][2551.652s][915][941][info ] Leaving safepoint region
[2025-06-16T00:53:53.974+0000][2551.652s][915][941][info ] Total time for which application threads were stopped: 0.0002306 seconds, Stopping threads took: 0.0000515 seconds
[2025-06-16T00:53:54.974+0000][2552.652s][915][941][info ] Application time: 1.0000996 seconds
[2025-06-16T00:53:54.974+0000][2552.652s][915][941][info ] Entering safepoint region: Cleanup
[2025-06-16T00:53:54.975+0000][2552.652s][915][941][info ] Leaving safepoint region
[2025-06-16T00:53:54.975+0000][2552.652s][915][941][info ] Total time for which application threads were stopped: 0.0001906 seconds, Stopping threads took: 0.0000403 seconds
[2025-06-16T00:53:55.975+0000][2553.652s][915][941][info ] Application time: 1.0000880 seconds
[2025-06-16T00:53:55.975+0000][2553.652s][915][941][info ] Entering safepoint region: Cleanup
[2025-06-16T00:53:55.975+0000][2553.652s][915][941][info ] Leaving safepoint region
[2025-06-16T00:53:55.975+0000][2553.652s][915][941][info ] Total time for which application threads were stopped: 0.0001780 seconds, Stopping threads took: 0.0000362 seconds
[2025-06-16T00:53:56.975+0000][2554.652s][915][941][info ] Application time: 1.0000907 seconds
[2025-06-16T00:53:56.975+0000][2554.653s][915][941][info ] Entering safepoint region: Cleanup
[2025-06-16T00:53:56.975+0000][2554.653s][915][941][info ] Leaving safepoint region
[2025-06-16T00:53:56.975+0000][2554.653s][915][941][info ] Total time for which application threads were stopped: 0.0002050 seconds, Stopping threads took: 0.0000399 seconds
[2025-06-16T00:53:57.401+0000][2555.079s][915][940][trace] CMS: promo attempt is safe: available(6912212992) >= av_promo(0), max_promo(1058507984)
[2025-06-16T00:53:57.975+0000][2555.653s][915][941][info ] Application time: 1.0001387 seconds
[2025-06-16T00:53:57.976+0000][2555.653s][915][941][info ] Entering safepoint region: Cleanup
[2025-06-16T00:53:57.976+0000][2555.653s][915][941][info ] Leaving safepoint region
[2025-06-16T00:53:57.976+0000][2555.653s][915][941][info ] Total time for which application threads were stopped: 0.0002220 seconds, Stopping threads took: 0.0000472 seconds
[2025-06-16T00:53:58.976+0000][2556.653s][915][941][info ] Application time: 1.0001173 seconds
[2025-06-16T00:53:58.976+0000][2556.653s][915][941][info ] Entering safepoint region: Cleanup
[2025-06-16T00:53:58.976+0000][2556.654s][915][941][info ] Leaving safepoint region
[2025-06-16T00:53:58.976+0000][2556.654s][915][941][info ] Total time for which application threads were stopped: 0.0002482 seconds, Stopping threads took: 0.0000482 seconds
[2025-06-16T00:53:59.976+0000][2557.654s][915][941][info ] Application time: 1.0001601 seconds
[2025-06-16T00:53:59.977+0000][2557.654s][915][941][info ] Entering safepoint region: Cleanup
[2025-06-16T00:53:59.977+0000][2557.654s][915][941][info ] Leaving safepoint region
[2025-06-16T00:53:59.977+0000][2557.654s][915][941][info ] Total time for which application threads were stopped: 0.0002519 seconds, Stopping threads took: 0.0000458 seconds
[2025-06-16T00:54:00.977+0000][2558.654s][915][941][info ] Application time: 1.0000990 seconds
[2025-06-16T00:54:00.977+0000][2558.654s][915][941][info ] Entering safepoint region: Cleanup
[2025-06-16T00:54:00.977+0000][2558.655s][915][941][info ] Leaving safepoint region
[2025-06-16T00:54:00.977+0000][2558.655s][915][941][info ] Total time for which application threads were stopped: 0.0002229 seconds, Stopping threads took: 0.0000382 seconds
[2025-06-16T00:54:01.977+0000][2559.655s][915][941][info ] Application time: 1.0000943 seconds
[2025-06-16T00:54:01.977+0000][2559.655s][915][941][info ] Entering safepoint region: Cleanup
[2025-06-16T00:54:01.978+0000][2559.655s][915][941][info ] Leaving safepoint region
[2025-06-16T00:54:01.978+0000][2559.655s][915][941][info ] Total time for which application threads were stopped: 0.0001952 seconds, Stopping threads took: 0.0000507 seconds
[2025-06-16T00:54:02.978+0000][2560.655s][915][941][info ] Application time: 1.0001068 seconds
[2025-06-16T00:54:02.978+0000][2560.655s][915][941][info ] Entering safepoint region: Cleanup
[2025-06-16T00:54:02.978+0000][2560.655s][915][941][info ] Leaving safepoint region
[2025-06-16T00:54:02.978+0000][2560.655s][915][941][info ] Total time for which application threads were stopped: 0.0002073 seconds, Stopping threads took: 0.0000545 seconds
[2025-06-16T00:54:03.978+0000][2561.656s][915][941][info ] Application time: 1.0001022 seconds
[2025-06-16T00:54:03.978+0000][2561.656s][915][941][info ] Entering safepoint region: Cleanup
[2025-06-16T00:54:03.978+0000][2561.656s][915][941][info ] Leaving safepoint region
[2025-06-16T00:54:03.978+0000][2561.656s][915][941][info ] Total time for which application threads were stopped: 0.0001959 seconds, Stopping threads took: 0.0000386 seconds
[2025-06-16T00:54:04.979+0000][2562.656s][915][941][info ] Application time: 1.0001290 seconds
[2025-06-16T00:54:04.979+0000][2562.656s][915][941][info ] Entering safepoint region: Cleanup
[2025-06-16T00:54:04.979+0000][2562.656s][915][941][info ] Leaving safepoint region
[2025-06-16T00:54:04.979+0000][2562.656s][915][941][info ] Total time for which application threads were stopped: 0.0002663 seconds, Stopping threads took: 0.0000441 seconds
[2025-06-16T00:54:05.979+0000][2563.656s][915][941][info ] Application time: 1.0001020 seconds
[2025-06-16T00:54:05.979+0000][2563.657s][915][941][info ] Entering safepoint region: Cleanup
[2025-06-16T00:54:05.979+0000][2563.657s][915][941][info ] Leaving safepoint region
[2025-06-16T00:54:05.979+0000][2563.657s][915][941][info ] Total time for which application threads were stopped: 0.0002582 seconds, Stopping threads took: 0.0000446 seconds
[2025-06-16T00:54:06.979+0000][2564.657s][915][941][info ] Application time: 1.0001085 seconds
[2025-06-16T00:54:06.980+0000][2564.657s][915][941][info ] Entering safepoint region: Cleanup
[2025-06-16T00:54:06.980+0000][2564.657s][915][941][info ] Leaving safepoint region
[2025-06-16T00:54:06.980+0000][2564.657s][915][941][info ] Total time for which application threads were stopped: 0.0002239 seconds, Stopping threads took: 0.0000456 seconds
[2025-06-16T00:54:07.401+0000][2565.078s][915][940][trace] CMS: promo attempt is safe: available(6912212992) >= av_promo(0), max_promo(1058507984)
[2025-06-16T00:54:07.980+0000][2565.658s][915][941][info ] Application time: 1.0002051 seconds
[2025-06-16T00:54:07.980+0000][2565.658s][915][941][info ] Entering safepoint region: Cleanup
[2025-06-16T00:54:07.980+0000][2565.658s][915][941][info ] Leaving safepoint region
[2025-06-16T00:54:07.981+0000][2565.658s][915][941][info ] Total time for which application threads were stopped: 0.0003848 seconds, Stopping threads took: 0.0000655 seconds
[2025-06-16T00:54:08.981+0000][2566.658s][915][941][info ] Application time: 1.0001562 seconds
[2025-06-16T00:54:08.981+0000][2566.658s][915][941][info ] Entering safepoint region: Cleanup
[2025-06-16T00:54:08.981+0000][2566.659s][915][941][info ] Leaving safepoint region
[2025-06-16T00:54:08.981+0000][2566.659s][915][941][info ] Total time for which application threads were stopped: 0.0004767 seconds, Stopping threads took: 0.0000756 seconds
[2025-06-16T00:54:09.981+0000][2567.659s][915][941][info ] Application time: 1.0001078 seconds
[2025-06-16T00:54:09.982+0000][2567.659s][915][941][info ] Entering safepoint region: Cleanup
[2025-06-16T00:54:09.982+0000][2567.659s][915][941][info ] Leaving safepoint region
[2025-06-16T00:54:09.982+0000][2567.659s][915][941][info ] Total time for which application threads were stopped: 0.0002125 seconds, Stopping threads took: 0.0000434 seconds
[2025-06-16T00:54:10.982+0000][2568.659s][915][941][info ] Application time: 1.0001416 seconds
[2025-06-16T00:54:10.982+0000][2568.659s][915][941][info ] Entering safepoint region: Cleanup
[2025-06-16T00:54:10.982+0000][2568.660s][915][941][info ] Leaving safepoint region
[2025-06-16T00:54:10.982+0000][2568.660s][915][941][info ] Total time for which application threads were stopped: 0.0002476 seconds, Stopping threads took: 0.0000483 seconds
[2025-06-16T00:54:11.982+0000][2569.660s][915][941][info ] Application time: 1.0001259 seconds
[2025-06-16T00:54:11.982+0000][2569.660s][915][941][info ] Entering safepoint region: Cleanup
[2025-06-16T00:54:11.983+0000][2569.660s][915][941][info ] Leaving safepoint region
[2025-06-16T00:54:11.983+0000][2569.660s][915][941][info ] Total time for which application threads were stopped: 0.0002222 seconds, Stopping threads took: 0.0000445 seconds
[2025-06-16T00:54:12.983+0000][2570.660s][915][941][info ] Application time: 1.0001006 seconds
[2025-06-16T00:54:12.983+0000][2570.660s][915][941][info ] Entering safepoint region: Cleanup
[2025-06-16T00:54:12.983+0000][2570.661s][915][941][info ] Leaving safepoint region
[2025-06-16T00:54:12.983+0000][2570.661s][915][941][info ] Total time for which application threads were stopped: 0.0001890 seconds, Stopping threads took: 0.0000385 seconds
[2025-06-16T00:54:13.983+0000][2571.661s][915][941][info ] Application time: 1.0001488 seconds
[2025-06-16T00:54:13.983+0000][2571.661s][915][941][info ] Entering safepoint region: Cleanup
[2025-06-16T00:54:13.984+0000][2571.661s][915][941][info ] Leaving safepoint region
[2025-06-16T00:54:13.984+0000][2571.661s][915][941][info ] Total time for which application threads were stopped: 0.0002403 seconds, Stopping threads took: 0.0000441 seconds
[2025-06-16T00:54:14.984+0000][2572.661s][915][941][info ] Application time: 1.0000989 seconds
[2025-06-16T00:54:14.984+0000][2572.661s][915][941][info ] Entering safepoint region: Cleanup
[2025-06-16T00:54:14.984+0000][2572.661s][915][941][info ] Leaving safepoint region
[2025-06-16T00:54:14.984+0000][2572.662s][915][941][info ] Total time for which application threads were stopped: 0.0002434 seconds, Stopping threads took: 0.0000389 seconds
[2025-06-16T00:54:15.984+0000][2573.662s][915][941][info ] Application time: 1.0001062 seconds
[2025-06-16T00:54:15.984+0000][2573.662s][915][941][info ] Entering safepoint region: Cleanup
[2025-06-16T00:54:15.984+0000][2573.662s][915][941][info ] Leaving safepoint region
[2025-06-16T00:54:15.984+0000][2573.662s][915][941][info ] Total time for which application threads were stopped: 0.0002424 seconds, Stopping threads took: 0.0000464 seconds
[2025-06-16T00:54:16.985+0000][2574.662s][915][941][info ] Application time: 1.0001093 seconds
[2025-06-16T00:54:16.985+0000][2574.662s][915][941][info ] Entering safepoint region: Cleanup
[2025-06-16T00:54:16.985+0000][2574.662s][915][941][info ] Leaving safepoint region
[2025-06-16T00:54:16.985+0000][2574.662s][915][941][info ] Total time for which application threads were stopped: 0.0002161 seconds, Stopping threads took: 0.0000461 seconds
[2025-06-16T00:54:17.401+0000][2575.079s][915][940][trace] CMS: promo attempt is safe: available(6912212992) >= av_promo(0), max_promo(1058507984)
[2025-06-16T00:54:17.985+0000][2575.663s][915][941][info ] Application time: 1.0000965 seconds
[2025-06-16T00:54:17.985+0000][2575.663s][915][941][info ] Entering safepoint region: Cleanup
[2025-06-16T00:54:17.985+0000][2575.663s][915][941][info ] Leaving safepoint region
[2025-06-16T00:54:17.985+0000][2575.663s][915][941][info ] Total time for which application threads were stopped: 0.0001847 seconds, Stopping threads took: 0.0000378 seconds
[2025-06-16T00:54:18.985+0000][2576.663s][915][941][info ] Application time: 1.0000930 seconds
[2025-06-16T00:54:18.986+0000][2576.663s][915][941][info ] Entering safepoint region: Cleanup
[2025-06-16T00:54:18.986+0000][2576.663s][915][941][info ] Leaving safepoint region
[2025-06-16T00:54:18.986+0000][2576.663s][915][941][info ] Total time for which application threads were stopped: 0.0002172 seconds, Stopping threads took: 0.0000526 seconds
[2025-06-16T00:54:19.986+0000][2577.663s][915][941][info ] Application time: 1.0000528 seconds
[2025-06-16T00:54:19.986+0000][2577.663s][915][941][info ] Entering safepoint region: Cleanup
[2025-06-16T00:54:19.986+0000][2577.664s][915][941][info ] Leaving safepoint region
[2025-06-16T00:54:19.986+0000][2577.664s][915][941][info ] Total time for which application threads were stopped: 0.0002052 seconds, Stopping threads took: 0.0000421 seconds
[2025-06-16T00:54:20.986+0000][2578.664s][915][941][info ] Application time: 1.0000944 seconds
[2025-06-16T00:54:20.986+0000][2578.664s][915][941][info ] Entering safepoint region: Cleanup
[2025-06-16T00:54:20.986+0000][2578.664s][915][941][info ] Leaving safepoint region
[2025-06-16T00:54:20.987+0000][2578.664s][915][941][info ] Total time for which application threads were stopped: 0.0002321 seconds, Stopping threads took: 0.0000524 seconds
[2025-06-16T00:54:21.987+0000][2579.664s][915][941][info ] Application time: 1.0001129 seconds
[2025-06-16T00:54:21.987+0000][2579.664s][915][941][info ] Entering safepoint region: Cleanup
[2025-06-16T00:54:21.987+0000][2579.665s][915][941][info ] Leaving safepoint region
[2025-06-16T00:54:21.987+0000][2579.665s][915][941][info ] Total time for which application threads were stopped: 0.0003822 seconds, Stopping threads took: 0.0000868 seconds
[2025-06-16T00:54:22.987+0000][2580.665s][915][941][info ] Application time: 1.0001032 seconds
[2025-06-16T00:54:22.987+0000][2580.665s][915][941][info ] Entering safepoint region: Cleanup
[2025-06-16T00:54:22.988+0000][2580.665s][915][941][info ] Leaving safepoint region
[2025-06-16T00:54:22.988+0000][2580.665s][915][941][info ] Total time for which application threads were stopped: 0.0001967 seconds, Stopping threads took: 0.0000403 seconds
[2025-06-16T00:54:23.988+0000][2581.665s][915][941][info ] Application time: 1.0001144 seconds
[2025-06-16T00:54:23.988+0000][2581.665s][915][941][info ] Entering safepoint region: Cleanup
[2025-06-16T00:54:23.988+0000][2581.665s][915][941][info ] Leaving safepoint region
[2025-06-16T00:54:23.988+0000][2581.665s][915][941][info ] Total time for which application threads were stopped: 0.0001906 seconds, Stopping threads took: 0.0000386 seconds
[2025-06-16T00:54:24.988+0000][2582.666s][915][941][info ] Application time: 1.0000976 seconds
[2025-06-16T00:54:24.988+0000][2582.666s][915][941][info ] Entering safepoint region: Cleanup
[2025-06-16T00:54:24.988+0000][2582.666s][915][941][info ] Leaving safepoint region
[2025-06-16T00:54:24.988+0000][2582.666s][915][941][info ] Total time for which application threads were stopped: 0.0002207 seconds, Stopping threads took: 0.0000434 seconds
[2025-06-16T00:54:25.989+0000][2583.666s][915][941][info ] Application time: 1.0001141 seconds
[2025-06-16T00:54:25.989+0000][2583.666s][915][941][info ] Entering safepoint region: Cleanup
[2025-06-16T00:54:25.989+0000][2583.666s][915][941][info ] Leaving safepoint region
[2025-06-16T00:54:25.989+0000][2583.666s][915][941][info ] Total time for which application threads were stopped: 0.0002133 seconds, Stopping threads took: 0.0000456 seconds
[2025-06-16T00:54:26.989+0000][2584.666s][915][941][info ] Application time: 1.0000899 seconds
[2025-06-16T00:54:26.989+0000][2584.667s][915][941][info ] Entering safepoint region: Cleanup
[2025-06-16T00:54:26.989+0000][2584.667s][915][941][info ] Leaving safepoint region
[2025-06-16T00:54:26.989+0000][2584.667s][915][941][info ] Total time for which application threads were stopped: 0.0001946 seconds, Stopping threads took: 0.0000414 seconds
[2025-06-16T00:54:27.400+0000][2585.078s][915][940][trace] CMS: promo attempt is safe: available(6912212992) >= av_promo(0), max_promo(1058507984)
[2025-06-16T00:54:27.989+0000][2585.667s][915][941][info ] Application time: 1.0001033 seconds
[2025-06-16T00:54:27.989+0000][2585.667s][915][941][info ] Entering safepoint region: Cleanup
[2025-06-16T00:54:27.990+0000][2585.667s][915][941][info ] Leaving safepoint region
[2025-06-16T00:54:27.990+0000][2585.667s][915][941][info ] Total time for which application threads were stopped: 0.0002569 seconds, Stopping threads took: 0.0000564 seconds
[2025-06-16T00:54:28.990+0000][2586.667s][915][941][info ] Application time: 1.0001080 seconds
[2025-06-16T00:54:28.990+0000][2586.667s][915][941][info ] Entering safepoint region: Cleanup
[2025-06-16T00:54:28.990+0000][2586.668s][915][941][info ] Leaving safepoint region
[2025-06-16T00:54:28.990+0000][2586.668s][915][941][info ] Total time for which application threads were stopped: 0.0001826 seconds, Stopping threads took: 0.0000358 seconds
[2025-06-16T00:54:29.990+0000][2587.668s][915][941][info ] Application time: 1.0001042 seconds
[2025-06-16T00:54:29.990+0000][2587.668s][915][941][info ] Entering safepoint region: Cleanup
[2025-06-16T00:54:29.990+0000][2587.668s][915][941][info ] Leaving safepoint region
[2025-06-16T00:54:29.990+0000][2587.668s][915][941][info ] Total time for which application threads were stopped: 0.0002158 seconds, Stopping threads took: 0.0000557 seconds
[2025-06-16T00:54:30.991+0000][2588.668s][915][941][info ] Application time: 1.0000934 seconds
[2025-06-16T00:54:30.991+0000][2588.668s][915][941][info ] Entering safepoint region: Cleanup
[2025-06-16T00:54:30.991+0000][2588.668s][915][941][info ] Leaving safepoint region
[2025-06-16T00:54:30.991+0000][2588.668s][915][941][info ] Total time for which application threads were stopped: 0.0001953 seconds, Stopping threads took: 0.0000394 seconds
[2025-06-16T00:54:31.991+0000][2589.668s][915][941][info ] Application time: 1.0000892 seconds
[2025-06-16T00:54:31.991+0000][2589.669s][915][941][info ] Entering safepoint region: Cleanup
[2025-06-16T00:54:31.991+0000][2589.669s][915][941][info ] Leaving safepoint region
[2025-06-16T00:54:31.991+0000][2589.669s][915][941][info ] Total time for which application threads were stopped: 0.0002290 seconds, Stopping threads took: 0.0000419 seconds
[2025-06-16T00:54:32.991+0000][2590.669s][915][941][info ] Application time: 1.0000871 seconds
[2025-06-16T00:54:32.991+0000][2590.669s][915][941][info ] Entering safepoint region: Cleanup
[2025-06-16T00:54:32.992+0000][2590.669s][915][941][info ] Leaving safepoint region
[2025-06-16T00:54:32.992+0000][2590.669s][915][941][info ] Total time for which application threads were stopped: 0.0001925 seconds, Stopping threads took: 0.0000426 seconds
[2025-06-16T00:54:33.992+0000][2591.669s][915][941][info ] Application time: 1.0000857 seconds
[2025-06-16T00:54:33.992+0000][2591.669s][915][941][info ] Entering safepoint region: Cleanup
[2025-06-16T00:54:33.992+0000][2591.669s][915][941][info ] Leaving safepoint region
[2025-06-16T00:54:33.992+0000][2591.670s][915][941][info ] Total time for which application threads were stopped: 0.0002273 seconds, Stopping threads took: 0.0000399 seconds
[2025-06-16T00:54:34.992+0000][2592.670s][915][941][info ] Application time: 1.0000975 seconds
[2025-06-16T00:54:34.992+0000][2592.670s][915][941][info ] Entering safepoint region: Cleanup
[2025-06-16T00:54:34.993+0000][2592.670s][915][941][info ] Leaving safepoint region
[2025-06-16T00:54:34.993+0000][2592.670s][915][941][info ] Total time for which application threads were stopped: 0.0002945 seconds, Stopping threads took: 0.0000928 seconds
[2025-06-16T00:54:35.993+0000][2593.670s][915][941][info ] Application time: 1.0000882 seconds
[2025-06-16T00:54:35.993+0000][2593.670s][915][941][info ] Entering safepoint region: Cleanup
[2025-06-16T00:54:35.993+0000][2593.670s][915][941][info ] Leaving safepoint region
[2025-06-16T00:54:35.993+0000][2593.670s][915][941][info ] Total time for which application threads were stopped: 0.0001977 seconds, Stopping threads took: 0.0000420 seconds
[2025-06-16T00:54:36.993+0000][2594.671s][915][941][info ] Application time: 1.0000890 seconds
[2025-06-16T00:54:36.993+0000][2594.671s][915][941][info ] Entering safepoint region: Cleanup
[2025-06-16T00:54:36.993+0000][2594.671s][915][941][info ] Leaving safepoint region
[2025-06-16T00:54:36.993+0000][2594.671s][915][941][info ] Total time for which application threads were stopped: 0.0002169 seconds, Stopping threads took: 0.0000442 seconds
[2025-06-16T00:54:37.400+0000][2595.078s][915][940][trace] CMS: promo attempt is safe: available(6912212992) >= av_promo(0), max_promo(1058507984)
[2025-06-16T00:54:37.993+0000][2595.671s][915][941][info ] Application time: 1.0001080 seconds
[2025-06-16T00:54:37.994+0000][2595.671s][915][941][info ] Entering safepoint region: Cleanup
[2025-06-16T00:54:37.994+0000][2595.671s][915][941][info ] Leaving safepoint region
[2025-06-16T00:54:37.994+0000][2595.671s][915][941][info ] Total time for which application threads were stopped: 0.0002067 seconds, Stopping threads took: 0.0000511 seconds
[2025-06-16T00:54:38.994+0000][2596.671s][915][941][info ] Application time: 1.0001440 seconds
[2025-06-16T00:54:38.994+0000][2596.672s][915][941][info ] Entering safepoint region: Cleanup
[2025-06-16T00:54:38.994+0000][2596.672s][915][941][info ] Leaving safepoint region
[2025-06-16T00:54:38.994+0000][2596.672s][915][941][info ] Total time for which application threads were stopped: 0.0001807 seconds, Stopping threads took: 0.0000397 seconds
[2025-06-16T00:54:39.994+0000][2597.672s][915][941][info ] Application time: 1.0000983 seconds
[2025-06-16T00:54:39.994+0000][2597.672s][915][941][info ] Entering safepoint region: Cleanup
[2025-06-16T00:54:39.995+0000][2597.672s][915][941][info ] Leaving safepoint region
[2025-06-16T00:54:39.995+0000][2597.672s][915][941][info ] Total time for which application threads were stopped: 0.0001773 seconds, Stopping threads took: 0.0000364 seconds
[2025-06-16T00:54:40.995+0000][2598.672s][915][941][info ] Application time: 1.0001006 seconds
[2025-06-16T00:54:40.995+0000][2598.672s][915][941][info ] Entering safepoint region: Cleanup
[2025-06-16T00:54:40.995+0000][2598.672s][915][941][info ] Leaving safepoint region
[2025-06-16T00:54:40.995+0000][2598.672s][915][941][info ] Total time for which application threads were stopped: 0.0002019 seconds, Stopping threads took: 0.0000444 seconds
[2025-06-16T00:54:41.995+0000][2599.673s][915][941][info ] Application time: 1.0000912 seconds
[2025-06-16T00:54:41.995+0000][2599.673s][915][941][info ] Entering safepoint region: Cleanup
[2025-06-16T00:54:41.995+0000][2599.673s][915][941][info ] Leaving safepoint region
[2025-06-16T00:54:41.995+0000][2599.673s][915][941][info ] Total time for which application threads were stopped: 0.0001851 seconds, Stopping threads took: 0.0000392 seconds
[2025-06-16T00:54:42.995+0000][2600.673s][915][941][info ] Application time: 1.0000838 seconds
[2025-06-16T00:54:42.995+0000][2600.673s][915][941][info ] Entering safepoint region: Cleanup
[2025-06-16T00:54:42.996+0000][2600.673s][915][941][info ] Leaving safepoint region
[2025-06-16T00:54:42.996+0000][2600.673s][915][941][info ] Total time for which application threads were stopped: 0.0001876 seconds, Stopping threads took: 0.0000395 seconds
[2025-06-16T00:54:43.996+0000][2601.673s][915][941][info ] Application time: 1.0001023 seconds
[2025-06-16T00:54:43.996+0000][2601.673s][915][941][info ] Entering safepoint region: Cleanup
[2025-06-16T00:54:43.996+0000][2601.674s][915][941][info ] Leaving safepoint region
[2025-06-16T00:54:43.996+0000][2601.674s][915][941][info ] Total time for which application threads were stopped: 0.0002080 seconds, Stopping threads took: 0.0000446 seconds
[2025-06-16T00:54:44.996+0000][2602.674s][915][941][info ] Application time: 1.0001115 seconds
[2025-06-16T00:54:44.996+0000][2602.674s][915][941][info ] Entering safepoint region: Cleanup
[2025-06-16T00:54:44.996+0000][2602.674s][915][941][info ] Leaving safepoint region
[2025-06-16T00:54:44.997+0000][2602.674s][915][941][info ] Total time for which application threads were stopped: 0.0002370 seconds, Stopping threads took: 0.0000593 seconds
[2025-06-16T00:54:45.997+0000][2603.674s][915][941][info ] Application time: 1.0000895 seconds
[2025-06-16T00:54:45.997+0000][2603.674s][915][941][info ] Entering safepoint region: Cleanup
[2025-06-16T00:54:45.997+0000][2603.674s][915][941][info ] Leaving safepoint region
[2025-06-16T00:54:45.997+0000][2603.674s][915][941][info ] Total time for which application threads were stopped: 0.0001810 seconds, Stopping threads took: 0.0000314 seconds
[2025-06-16T00:54:46.997+0000][2604.674s][915][941][info ] Application time: 1.0000890 seconds
[2025-06-16T00:54:46.997+0000][2604.675s][915][941][info ] Entering safepoint region: Cleanup
[2025-06-16T00:54:46.997+0000][2604.675s][915][941][info ] Leaving safepoint region
[2025-06-16T00:54:46.997+0000][2604.675s][915][941][info ] Total time for which application threads were stopped: 0.0002373 seconds, Stopping threads took: 0.0000483 seconds
[2025-06-16T00:54:47.400+0000][2605.078s][915][940][trace] CMS: promo attempt is safe: available(6912212992) >= av_promo(0), max_promo(1058507984)
[2025-06-16T00:54:47.997+0000][2605.675s][915][941][info ] Application time: 1.0000907 seconds
[2025-06-16T00:54:47.997+0000][2605.675s][915][941][info ] Entering safepoint region: Cleanup
[2025-06-16T00:54:47.998+0000][2605.675s][915][941][info ] Leaving safepoint region
[2025-06-16T00:54:47.998+0000][2605.675s][915][941][info ] Total time for which application threads were stopped: 0.0002070 seconds, Stopping threads took: 0.0000316 seconds
[2025-06-16T00:54:48.998+0000][2606.675s][915][941][info ] Application time: 1.0001021 seconds
[2025-06-16T00:54:48.998+0000][2606.675s][915][941][info ] Entering safepoint region: Cleanup
[2025-06-16T00:54:48.998+0000][2606.675s][915][941][info ] Leaving safepoint region
[2025-06-16T00:54:48.998+0000][2606.676s][915][941][info ] Total time for which application threads were stopped: 0.0001797 seconds, Stopping threads took: 0.0000329 seconds
[2025-06-16T00:54:49.998+0000][2607.676s][915][941][info ] Application time: 1.0000814 seconds
[2025-06-16T00:54:49.998+0000][2607.676s][915][941][info ] Entering safepoint region: Cleanup
[2025-06-16T00:54:49.998+0000][2607.676s][915][941][info ] Leaving safepoint region
[2025-06-16T00:54:49.998+0000][2607.676s][915][941][info ] Total time for which application threads were stopped: 0.0001869 seconds, Stopping threads took: 0.0000414 seconds
[2025-06-16T00:54:50.998+0000][2608.676s][915][941][info ] Application time: 1.0000985 seconds
[2025-06-16T00:54:50.999+0000][2608.676s][915][941][info ] Entering safepoint region: Cleanup
[2025-06-16T00:54:50.999+0000][2608.676s][915][941][info ] Leaving safepoint region
[2025-06-16T00:54:50.999+0000][2608.676s][915][941][info ] Total time for which application threads were stopped: 0.0002019 seconds, Stopping threads took: 0.0000430 seconds
[2025-06-16T00:54:51.999+0000][2609.676s][915][941][info ] Application time: 1.0000858 seconds
[2025-06-16T00:54:51.999+0000][2609.676s][915][941][info ] Entering safepoint region: Cleanup
[2025-06-16T00:54:51.999+0000][2609.677s][915][941][info ] Leaving safepoint region
[2025-06-16T00:54:51.999+0000][2609.677s][915][941][info ] Total time for which application threads were stopped: 0.0001720 seconds, Stopping threads took: 0.0000330 seconds
[2025-06-16T00:54:52.999+0000][2610.677s][915][941][info ] Application time: 1.0000826 seconds
[2025-06-16T00:54:52.999+0000][2610.677s][915][941][info ] Entering safepoint region: Cleanup
[2025-06-16T00:54:52.999+0000][2610.677s][915][941][info ] Leaving safepoint region
[2025-06-16T00:54:52.999+0000][2610.677s][915][941][info ] Total time for which application threads were stopped: 0.0001971 seconds, Stopping threads took: 0.0000460 seconds
[2025-06-16T00:54:54.000+0000][2611.677s][915][941][info ] Application time: 1.0000896 seconds
[2025-06-16T00:54:54.000+0000][2611.677s][915][941][info ] Entering safepoint region: Cleanup
[2025-06-16T00:54:54.000+0000][2611.677s][915][941][info ] Leaving safepoint region
[2025-06-16T00:54:54.000+0000][2611.677s][915][941][info ] Total time for which application threads were stopped: 0.0002289 seconds, Stopping threads took: 0.0000438 seconds
[2025-06-16T00:54:55.000+0000][2612.677s][915][941][info ] Application time: 1.0000929 seconds
[2025-06-16T00:54:55.000+0000][2612.678s][915][941][info ] Entering safepoint region: Cleanup
[2025-06-16T00:54:55.000+0000][2612.678s][915][941][info ] Leaving safepoint region
[2025-06-16T00:54:55.000+0000][2612.678s][915][941][info ] Total time for which application threads were stopped: 0.0003387 seconds, Stopping threads took: 0.0000496 seconds
[2025-06-16T00:54:56.001+0000][2613.678s][915][941][info ] Application time: 1.0000974 seconds
[2025-06-16T00:54:56.001+0000][2613.678s][915][941][info ] Entering safepoint region: Cleanup
[2025-06-16T00:54:56.001+0000][2613.678s][915][941][info ] Leaving safepoint region
[2025-06-16T00:54:56.001+0000][2613.678s][915][941][info ] Total time for which application threads were stopped: 0.0001947 seconds, Stopping threads took: 0.0000373 seconds
[2025-06-16T00:54:57.001+0000][2614.678s][915][941][info ] Application time: 1.0000846 seconds
[2025-06-16T00:54:57.001+0000][2614.678s][915][941][info ] Entering safepoint region: Cleanup
[2025-06-16T00:54:57.001+0000][2614.679s][915][941][info ] Leaving safepoint region
[2025-06-16T00:54:57.001+0000][2614.679s][915][941][info ] Total time for which application threads were stopped: 0.0001986 seconds, Stopping threads took: 0.0000354 seconds
[2025-06-16T00:54:57.400+0000][2615.078s][915][940][trace] CMS: promo attempt is safe: available(6912212992) >= av_promo(0), max_promo(1058507984)
[2025-06-16T00:54:58.001+0000][2615.679s][915][941][info ] Application time: 1.0000898 seconds
[2025-06-16T00:54:58.001+0000][2615.679s][915][941][info ] Entering safepoint region: Cleanup
[2025-06-16T00:54:58.002+0000][2615.679s][915][941][info ] Leaving safepoint region
[2025-06-16T00:54:58.002+0000][2615.679s][915][941][info ] Total time for which application threads were stopped: 0.0002629 seconds, Stopping threads took: 0.0000371 seconds
[2025-06-16T00:54:59.002+0000][2616.679s][915][941][info ] Application time: 1.0000963 seconds
[2025-06-16T00:54:59.002+0000][2616.679s][915][941][info ] Entering safepoint region: Cleanup
[2025-06-16T00:54:59.002+0000][2616.680s][915][941][info ] Leaving safepoint region
[2025-06-16T00:54:59.002+0000][2616.680s][915][941][info ] Total time for which application threads were stopped: 0.0002167 seconds, Stopping threads took: 0.0000418 seconds
[2025-06-16T00:55:00.002+0000][2617.680s][915][941][info ] Application time: 1.0001168 seconds
[2025-06-16T00:55:00.002+0000][2617.680s][915][941][info ] Entering safepoint region: Cleanup
[2025-06-16T00:55:00.003+0000][2617.680s][915][941][info ] Leaving safepoint region
[2025-06-16T00:55:00.003+0000][2617.680s][915][941][info ] Total time for which application threads were stopped: 0.0003436 seconds, Stopping threads took: 0.0000723 seconds
[2025-06-16T00:55:01.003+0000][2618.680s][915][941][info ] Application time: 1.0000878 seconds
[2025-06-16T00:55:01.003+0000][2618.680s][915][941][info ] Entering safepoint region: Cleanup
[2025-06-16T00:55:01.003+0000][2618.681s][915][941][info ] Leaving safepoint region
[2025-06-16T00:55:01.003+0000][2618.681s][915][941][info ] Total time for which application threads were stopped: 0.0002261 seconds, Stopping threads took: 0.0000509 seconds
[2025-06-16T00:55:02.003+0000][2619.681s][915][941][info ] Application time: 1.0000838 seconds
[2025-06-16T00:55:02.003+0000][2619.681s][915][941][info ] Entering safepoint region: Cleanup
[2025-06-16T00:55:02.003+0000][2619.681s][915][941][info ] Leaving safepoint region
[2025-06-16T00:55:02.003+0000][2619.681s][915][941][info ] Total time for which application threads were stopped: 0.0001799 seconds, Stopping threads took: 0.0000382 seconds
[2025-06-16T00:55:03.004+0000][2620.681s][915][941][info ] Application time: 1.0000922 seconds
[2025-06-16T00:55:03.004+0000][2620.681s][915][941][info ] Entering safepoint region: Cleanup
[2025-06-16T00:55:03.004+0000][2620.681s][915][941][info ] Leaving safepoint region
[2025-06-16T00:55:03.004+0000][2620.681s][915][941][info ] Total time for which application threads were stopped: 0.0002037 seconds, Stopping threads took: 0.0000406 seconds
[2025-06-16T00:55:04.004+0000][2621.681s][915][941][info ] Application time: 1.0000917 seconds
[2025-06-16T00:55:04.004+0000][2621.682s][915][941][info ] Entering safepoint region: Cleanup
[2025-06-16T00:55:04.004+0000][2621.682s][915][941][info ] Leaving safepoint region
[2025-06-16T00:55:04.004+0000][2621.682s][915][941][info ] Total time for which application threads were stopped: 0.0002063 seconds, Stopping threads took: 0.0000512 seconds
[2025-06-16T00:55:05.004+0000][2622.682s][915][941][info ] Application time: 1.0000980 seconds
[2025-06-16T00:55:05.004+0000][2622.682s][915][941][info ] Entering safepoint region: Cleanup
[2025-06-16T00:55:05.005+0000][2622.682s][915][941][info ] Leaving safepoint region
[2025-06-16T00:55:05.005+0000][2622.682s][915][941][info ] Total time for which application threads were stopped: 0.0001958 seconds, Stopping threads took: 0.0000419 seconds
[2025-06-16T00:55:06.005+0000][2623.682s][915][941][info ] Application time: 1.0001183 seconds
[2025-06-16T00:55:06.005+0000][2623.682s][915][941][info ] Entering safepoint region: Cleanup
[2025-06-16T00:55:06.005+0000][2623.682s][915][941][info ] Leaving safepoint region
[2025-06-16T00:55:06.005+0000][2623.683s][915][941][info ] Total time for which application threads were stopped: 0.0002185 seconds, Stopping threads took: 0.0000430 seconds
[2025-06-16T00:55:07.005+0000][2624.683s][915][941][info ] Application time: 1.0001013 seconds
[2025-06-16T00:55:07.005+0000][2624.683s][915][941][info ] Entering safepoint region: Cleanup
[2025-06-16T00:55:07.005+0000][2624.683s][915][941][info ] Leaving safepoint region
[2025-06-16T00:55:07.005+0000][2624.683s][915][941][info ] Total time for which application threads were stopped: 0.0001957 seconds, Stopping threads took: 0.0000395 seconds
[2025-06-16T00:55:07.400+0000][2625.077s][915][940][trace] CMS: promo attempt is safe: available(6912212992) >= av_promo(0), max_promo(1058507984)
[2025-06-16T00:55:08.006+0000][2625.683s][915][941][info ] Application time: 1.0000957 seconds
[2025-06-16T00:55:08.006+0000][2625.683s][915][941][info ] Entering safepoint region: Cleanup
[2025-06-16T00:55:08.006+0000][2625.683s][915][941][info ] Leaving safepoint region
[2025-06-16T00:55:08.006+0000][2625.683s][915][941][info ] Total time for which application threads were stopped: 0.0002422 seconds, Stopping threads took: 0.0000432 seconds
[2025-06-16T00:55:09.006+0000][2626.683s][915][941][info ] Application time: 1.0000850 seconds
[2025-06-16T00:55:09.006+0000][2626.684s][915][941][info ] Entering safepoint region: Cleanup
[2025-06-16T00:55:09.006+0000][2626.684s][915][941][info ] Leaving safepoint region
[2025-06-16T00:55:09.006+0000][2626.684s][915][941][info ] Total time for which application threads were stopped: 0.0001707 seconds, Stopping threads took: 0.0000341 seconds
[2025-06-16T00:55:10.006+0000][2627.684s][915][941][info ] Application time: 1.0000927 seconds
[2025-06-16T00:55:10.006+0000][2627.684s][915][941][info ] Entering safepoint region: Cleanup
[2025-06-16T00:55:10.007+0000][2627.684s][915][941][info ] Leaving safepoint region
[2025-06-16T00:55:10.007+0000][2627.684s][915][941][info ] Total time for which application threads were stopped: 0.0001986 seconds, Stopping threads took: 0.0000337 seconds
[2025-06-16T00:55:11.007+0000][2628.684s][915][941][info ] Application time: 1.0000867 seconds
[2025-06-16T00:55:11.007+0000][2628.684s][915][941][info ] Entering safepoint region: Cleanup
[2025-06-16T00:55:11.007+0000][2628.684s][915][941][info ] Leaving safepoint region
[2025-06-16T00:55:11.007+0000][2628.684s][915][941][info ] Total time for which application threads were stopped: 0.0001995 seconds, Stopping threads took: 0.0000336 seconds
[2025-06-16T00:55:12.007+0000][2629.685s][915][941][info ] Application time: 1.0001147 seconds
[2025-06-16T00:55:12.007+0000][2629.685s][915][941][info ] Entering safepoint region: Cleanup
[2025-06-16T00:55:12.007+0000][2629.685s][915][941][info ] Leaving safepoint region
[2025-06-16T00:55:12.007+0000][2629.685s][915][941][info ] Total time for which application threads were stopped: 0.0002377 seconds, Stopping threads took: 0.0000428 seconds
[2025-06-16T00:55:13.008+0000][2630.685s][915][941][info ] Application time: 1.0000894 seconds
[2025-06-16T00:55:13.008+0000][2630.685s][915][941][info ] Entering safepoint region: Cleanup
[2025-06-16T00:55:13.008+0000][2630.685s][915][941][info ] Leaving safepoint region
[2025-06-16T00:55:13.008+0000][2630.685s][915][941][info ] Total time for which application threads were stopped: 0.0001882 seconds, Stopping threads took: 0.0000341 seconds
[2025-06-16T00:55:14.008+0000][2631.685s][915][941][info ] Application time: 1.0000813 seconds
[2025-06-16T00:55:14.008+0000][2631.685s][915][941][info ] Entering safepoint region: Cleanup
[2025-06-16T00:55:14.008+0000][2631.686s][915][941][info ] Leaving safepoint region
[2025-06-16T00:55:14.008+0000][2631.686s][915][941][info ] Total time for which application threads were stopped: 0.0001886 seconds, Stopping threads took: 0.0000324 seconds
[2025-06-16T00:55:15.008+0000][2632.686s][915][941][info ] Application time: 1.0000849 seconds
[2025-06-16T00:55:15.008+0000][2632.686s][915][941][info ] Entering safepoint region: Cleanup
[2025-06-16T00:55:15.008+0000][2632.686s][915][941][info ] Leaving safepoint region
[2025-06-16T00:55:15.008+0000][2632.686s][915][941][info ] Total time for which application threads were stopped: 0.0001972 seconds, Stopping threads took: 0.0000445 seconds
[2025-06-16T00:55:16.009+0000][2633.686s][915][941][info ] Application time: 1.0001081 seconds
[2025-06-16T00:55:16.009+0000][2633.686s][915][941][info ] Entering safepoint region: Cleanup
[2025-06-16T00:55:16.009+0000][2633.686s][915][941][info ] Leaving safepoint region
[2025-06-16T00:55:16.009+0000][2633.686s][915][941][info ] Total time for which application threads were stopped: 0.0002121 seconds, Stopping threads took: 0.0000415 seconds
[2025-06-16T00:55:17.009+0000][2634.686s][915][941][info ] Application time: 1.0000870 seconds
[2025-06-16T00:55:17.009+0000][2634.687s][915][941][info ] Entering safepoint region: Cleanup
[2025-06-16T00:55:17.009+0000][2634.687s][915][941][info ] Leaving safepoint region
[2025-06-16T00:55:17.009+0000][2634.687s][915][941][info ] Total time for which application threads were stopped: 0.0001803 seconds, Stopping threads took: 0.0000358 seconds
[2025-06-16T00:55:17.399+0000][2635.077s][915][940][trace] CMS: promo attempt is safe: available(6912212992) >= av_promo(0), max_promo(1058507984)
[2025-06-16T00:55:18.009+0000][2635.687s][915][941][info ] Application time: 1.0000867 seconds
[2025-06-16T00:55:18.009+0000][2635.687s][915][941][info ] Entering safepoint region: Cleanup
[2025-06-16T00:55:18.010+0000][2635.687s][915][941][info ] Leaving safepoint region
[2025-06-16T00:55:18.010+0000][2635.687s][915][941][info ] Total time for which application threads were stopped: 0.0001835 seconds, Stopping threads took: 0.0000317 seconds
[2025-06-16T00:55:19.010+0000][2636.687s][915][941][info ] Application time: 1.0000952 seconds
[2025-06-16T00:55:19.010+0000][2636.687s][915][941][info ] Entering safepoint region: Cleanup
[2025-06-16T00:55:19.010+0000][2636.687s][915][941][info ] Leaving safepoint region
[2025-06-16T00:55:19.010+0000][2636.687s][915][941][info ] Total time for which application threads were stopped: 0.0002334 seconds, Stopping threads took: 0.0000860 seconds
[2025-06-16T00:55:20.010+0000][2637.688s][915][941][info ] Application time: 1.0000820 seconds
[2025-06-16T00:55:20.010+0000][2637.688s][915][941][info ] Entering safepoint region: Cleanup
[2025-06-16T00:55:20.010+0000][2637.688s][915][941][info ] Leaving safepoint region
[2025-06-16T00:55:20.010+0000][2637.688s][915][941][info ] Total time for which application threads were stopped: 0.0001713 seconds, Stopping threads took: 0.0000327 seconds
[2025-06-16T00:55:21.010+0000][2638.688s][915][941][info ] Application time: 1.0000856 seconds
[2025-06-16T00:55:21.011+0000][2638.688s][915][941][info ] Entering safepoint region: Cleanup
[2025-06-16T00:55:21.011+0000][2638.688s][915][941][info ] Leaving safepoint region
[2025-06-16T00:55:21.011+0000][2638.688s][915][941][info ] Total time for which application threads were stopped: 0.0001831 seconds, Stopping threads took: 0.0000420 seconds
[2025-06-16T00:55:22.011+0000][2639.688s][915][941][info ] Application time: 1.0000882 seconds
[2025-06-16T00:55:22.011+0000][2639.688s][915][941][info ] Entering safepoint region: Cleanup
[2025-06-16T00:55:22.011+0000][2639.689s][915][941][info ] Leaving safepoint region
[2025-06-16T00:55:22.011+0000][2639.689s][915][941][info ] Total time for which application threads were stopped: 0.0001931 seconds, Stopping threads took: 0.0000398 seconds
[2025-06-16T00:55:23.011+0000][2640.689s][915][941][info ] Application time: 1.0000883 seconds
[2025-06-16T00:55:23.011+0000][2640.689s][915][941][info ] Entering safepoint region: Cleanup
[2025-06-16T00:55:23.011+0000][2640.689s][915][941][info ] Leaving safepoint region
[2025-06-16T00:55:23.011+0000][2640.689s][915][941][info ] Total time for which application threads were stopped: 0.0001784 seconds, Stopping threads took: 0.0000320 seconds
[2025-06-16T00:55:24.011+0000][2641.689s][915][941][info ] Application time: 1.0000956 seconds
[2025-06-16T00:55:24.012+0000][2641.689s][915][941][info ] Entering safepoint region: Cleanup
[2025-06-16T00:55:24.012+0000][2641.689s][915][941][info ] Leaving safepoint region
[2025-06-16T00:55:24.012+0000][2641.689s][915][941][info ] Total time for which application threads were stopped: 0.0001647 seconds, Stopping threads took: 0.0000334 seconds
[2025-06-16T00:55:25.012+0000][2642.689s][915][941][info ] Application time: 1.0000823 seconds
[2025-06-16T00:55:25.012+0000][2642.689s][915][941][info ] Entering safepoint region: Cleanup
[2025-06-16T00:55:25.012+0000][2642.689s][915][941][info ] Leaving safepoint region
[2025-06-16T00:55:25.012+0000][2642.690s][915][941][info ] Total time for which application threads were stopped: 0.0001704 seconds, Stopping threads took: 0.0000319 seconds
[2025-06-16T00:55:26.012+0000][2643.690s][915][941][info ] Application time: 1.0000932 seconds
[2025-06-16T00:55:26.012+0000][2643.690s][915][941][info ] Entering safepoint region: Cleanup
[2025-06-16T00:55:26.012+0000][2643.690s][915][941][info ] Leaving safepoint region
[2025-06-16T00:55:26.012+0000][2643.690s][915][941][info ] Total time for which application threads were stopped: 0.0002157 seconds, Stopping threads took: 0.0000398 seconds
[2025-06-16T00:55:27.013+0000][2644.690s][915][941][info ] Application time: 1.0000863 seconds
[2025-06-16T00:55:27.013+0000][2644.690s][915][941][info ] Entering safepoint region: Cleanup
[2025-06-16T00:55:27.013+0000][2644.690s][915][941][info ] Leaving safepoint region
[2025-06-16T00:55:27.013+0000][2644.690s][915][941][info ] Total time for which application threads were stopped: 0.0001877 seconds, Stopping threads took: 0.0000347 seconds
[2025-06-16T00:55:27.399+0000][2645.076s][915][940][trace] CMS: promo attempt is safe: available(6912212992) >= av_promo(0), max_promo(1058507984)
[2025-06-16T00:55:28.013+0000][2645.691s][915][941][info ] Application time: 1.0001585 seconds
[2025-06-16T00:55:28.013+0000][2645.691s][915][941][info ] Entering safepoint region: Cleanup
[2025-06-16T00:55:28.013+0000][2645.691s][915][941][info ] Leaving safepoint region
[2025-06-16T00:55:28.013+0000][2645.691s][915][941][info ] Total time for which application threads were stopped: 0.0002744 seconds, Stopping threads took: 0.0000469 seconds
[2025-06-16T00:55:29.013+0000][2646.691s][915][941][info ] Application time: 1.0000949 seconds
[2025-06-16T00:55:29.014+0000][2646.691s][915][941][info ] Entering safepoint region: Cleanup
[2025-06-16T00:55:29.014+0000][2646.691s][915][941][info ] Leaving safepoint region
[2025-06-16T00:55:29.014+0000][2646.691s][915][941][info ] Total time for which application threads were stopped: 0.0002434 seconds, Stopping threads took: 0.0000377 seconds
[2025-06-16T00:55:30.014+0000][2647.691s][915][941][info ] Application time: 1.0000946 seconds
[2025-06-16T00:55:30.014+0000][2647.691s][915][941][info ] Entering safepoint region: Cleanup
[2025-06-16T00:55:30.014+0000][2647.692s][915][941][info ] Leaving safepoint region
[2025-06-16T00:55:30.014+0000][2647.692s][915][941][info ] Total time for which application threads were stopped: 0.0001822 seconds, Stopping threads took: 0.0000315 seconds
[2025-06-16T00:55:31.014+0000][2648.692s][915][941][info ] Application time: 1.0000838 seconds
[2025-06-16T00:55:31.014+0000][2648.692s][915][941][info ] Entering safepoint region: Cleanup
[2025-06-16T00:55:31.014+0000][2648.692s][915][941][info ] Leaving safepoint region
[2025-06-16T00:55:31.014+0000][2648.692s][915][941][info ] Total time for which application threads were stopped: 0.0001597 seconds, Stopping threads took: 0.0000310 seconds
[2025-06-16T00:55:32.015+0000][2649.692s][915][941][info ] Application time: 1.0001139 seconds
[2025-06-16T00:55:32.015+0000][2649.692s][915][941][info ] Entering safepoint region: Cleanup
[2025-06-16T00:55:32.015+0000][2649.692s][915][941][info ] Leaving safepoint region
[2025-06-16T00:55:32.015+0000][2649.692s][915][941][info ] Total time for which application threads were stopped: 0.0002086 seconds, Stopping threads took: 0.0000408 seconds
[2025-06-16T00:55:33.015+0000][2650.692s][915][941][info ] Application time: 1.0000868 seconds
[2025-06-16T00:55:33.015+0000][2650.693s][915][941][info ] Entering safepoint region: Cleanup
[2025-06-16T00:55:33.015+0000][2650.693s][915][941][info ] Leaving safepoint region
[2025-06-16T00:55:33.015+0000][2650.693s][915][941][info ] Total time for which application threads were stopped: 0.0001770 seconds, Stopping threads took: 0.0000332 seconds
[2025-06-16T00:55:34.015+0000][2651.693s][915][941][info ] Application time: 1.0000865 seconds
[2025-06-16T00:55:34.015+0000][2651.693s][915][941][info ] Entering safepoint region: Cleanup
[2025-06-16T00:55:34.016+0000][2651.693s][915][941][info ] Leaving safepoint region
[2025-06-16T00:55:34.016+0000][2651.693s][915][941][info ] Total time for which application threads were stopped: 0.0001857 seconds, Stopping threads took: 0.0000317 seconds
[2025-06-16T00:55:35.016+0000][2652.693s][915][941][info ] Application time: 1.0000945 seconds
[2025-06-16T00:55:35.016+0000][2652.693s][915][941][info ] Entering safepoint region: Cleanup
[2025-06-16T00:55:35.016+0000][2652.693s][915][941][info ] Leaving safepoint region
[2025-06-16T00:55:35.016+0000][2652.693s][915][941][info ] Total time for which application threads were stopped: 0.0001965 seconds, Stopping threads took: 0.0000364 seconds
[2025-06-16T00:55:36.016+0000][2653.694s][915][941][info ] Application time: 1.0000904 seconds
[2025-06-16T00:55:36.016+0000][2653.694s][915][941][info ] Entering safepoint region: Cleanup
[2025-06-16T00:55:36.016+0000][2653.694s][915][941][info ] Leaving safepoint region
[2025-06-16T00:55:36.016+0000][2653.694s][915][941][info ] Total time for which application threads were stopped: 0.0001950 seconds, Stopping threads took: 0.0000330 seconds
[2025-06-16T00:55:37.016+0000][2654.694s][915][941][info ] Application time: 1.0000902 seconds
[2025-06-16T00:55:37.016+0000][2654.694s][915][941][info ] Entering safepoint region: Cleanup
[2025-06-16T00:55:37.017+0000][2654.694s][915][941][info ] Leaving safepoint region
[2025-06-16T00:55:37.017+0000][2654.694s][915][941][info ] Total time for which application threads were stopped: 0.0001896 seconds, Stopping threads took: 0.0000352 seconds
[2025-06-16T00:55:37.399+0000][2655.076s][915][940][trace] CMS: promo attempt is safe: available(6912212992) >= av_promo(0), max_promo(1058507984)
[2025-06-16T00:55:38.017+0000][2655.694s][915][941][info ] Application time: 1.0000847 seconds
[2025-06-16T00:55:38.017+0000][2655.694s][915][941][info ] Entering safepoint region: Cleanup
[2025-06-16T00:55:38.017+0000][2655.694s][915][941][info ] Leaving safepoint region
[2025-06-16T00:55:38.017+0000][2655.694s][915][941][info ] Total time for which application threads were stopped: 0.0001818 seconds, Stopping threads took: 0.0000339 seconds
[2025-06-16T00:55:39.017+0000][2656.695s][915][941][info ] Application time: 1.0000988 seconds
[2025-06-16T00:55:39.017+0000][2656.695s][915][941][info ] Entering safepoint region: Cleanup
[2025-06-16T00:55:39.017+0000][2656.695s][915][941][info ] Leaving safepoint region
[2025-06-16T00:55:39.017+0000][2656.695s][915][941][info ] Total time for which application threads were stopped: 0.0001805 seconds, Stopping threads took: 0.0000338 seconds
[2025-06-16T00:55:40.017+0000][2657.695s][915][941][info ] Application time: 1.0000849 seconds
[2025-06-16T00:55:40.018+0000][2657.695s][915][941][info ] Entering safepoint region: Cleanup
[2025-06-16T00:55:40.018+0000][2657.695s][915][941][info ] Leaving safepoint region
[2025-06-16T00:55:40.018+0000][2657.695s][915][941][info ] Total time for which application threads were stopped: 0.0001786 seconds, Stopping threads took: 0.0000346 seconds
[2025-06-16T00:55:41.018+0000][2658.695s][915][941][info ] Application time: 1.0001051 seconds
[2025-06-16T00:55:41.018+0000][2658.695s][915][941][info ] Entering safepoint region: Cleanup
[2025-06-16T00:55:41.018+0000][2658.696s][915][941][info ] Leaving safepoint region
[2025-06-16T00:55:41.018+0000][2658.696s][915][941][info ] Total time for which application threads were stopped: 0.0001958 seconds, Stopping threads took: 0.0000413 seconds
[2025-06-16T00:55:42.018+0000][2659.696s][915][941][info ] Application time: 1.0000937 seconds
[2025-06-16T00:55:42.018+0000][2659.696s][915][941][info ] Entering safepoint region: Cleanup
[2025-06-16T00:55:42.018+0000][2659.696s][915][941][info ] Leaving safepoint region
[2025-06-16T00:55:42.018+0000][2659.696s][915][941][info ] Total time for which application threads were stopped: 0.0002036 seconds, Stopping threads took: 0.0000382 seconds
[2025-06-16T00:55:43.019+0000][2660.696s][915][941][info ] Application time: 1.0001147 seconds
[2025-06-16T00:55:43.019+0000][2660.696s][915][941][info ] Entering safepoint region: Cleanup
[2025-06-16T00:55:43.019+0000][2660.696s][915][941][info ] Leaving safepoint region
[2025-06-16T00:55:43.019+0000][2660.696s][915][941][info ] Total time for which application threads were stopped: 0.0001882 seconds, Stopping threads took: 0.0000393 seconds
[2025-06-16T00:55:44.019+0000][2661.696s][915][941][info ] Application time: 1.0000864 seconds
[2025-06-16T00:55:44.019+0000][2661.696s][915][941][info ] Entering safepoint region: Cleanup
[2025-06-16T00:55:44.019+0000][2661.697s][915][941][info ] Leaving safepoint region
[2025-06-16T00:55:44.019+0000][2661.697s][915][941][info ] Total time for which application threads were stopped: 0.0001619 seconds, Stopping threads took: 0.0000335 seconds
[2025-06-16T00:55:45.019+0000][2662.697s][915][941][info ] Application time: 1.0000996 seconds
[2025-06-16T00:55:45.019+0000][2662.697s][915][941][info ] Entering safepoint region: Cleanup
[2025-06-16T00:55:45.019+0000][2662.697s][915][941][info ] Leaving safepoint region
[2025-06-16T00:55:45.019+0000][2662.697s][915][941][info ] Total time for which application threads were stopped: 0.0001752 seconds, Stopping threads took: 0.0000334 seconds
[2025-06-16T00:55:46.020+0000][2663.697s][915][941][info ] Application time: 1.0001078 seconds
[2025-06-16T00:55:46.020+0000][2663.697s][915][941][info ] Entering safepoint region: Cleanup
[2025-06-16T00:55:46.020+0000][2663.697s][915][941][info ] Leaving safepoint region
[2025-06-16T00:55:46.020+0000][2663.697s][915][941][info ] Total time for which application threads were stopped: 0.0002209 seconds, Stopping threads took: 0.0000386 seconds
[2025-06-16T00:55:47.020+0000][2664.698s][915][941][info ] Application time: 1.0000885 seconds
[2025-06-16T00:55:47.020+0000][2664.698s][915][941][info ] Entering safepoint region: Cleanup
[2025-06-16T00:55:47.020+0000][2664.698s][915][941][info ] Leaving safepoint region
[2025-06-16T00:55:47.020+0000][2664.698s][915][941][info ] Total time for which application threads were stopped: 0.0001740 seconds, Stopping threads took: 0.0000319 seconds
[2025-06-16T00:55:47.398+0000][2665.076s][915][940][trace] CMS: promo attempt is safe: available(6912212992) >= av_promo(0), max_promo(1071929784)
[2025-06-16T00:55:48.020+0000][2665.698s][915][941][info ] Application time: 1.0000880 seconds
[2025-06-16T00:55:48.020+0000][2665.698s][915][941][info ] Entering safepoint region: Cleanup
[2025-06-16T00:55:48.021+0000][2665.698s][915][941][info ] Leaving safepoint region
[2025-06-16T00:55:48.021+0000][2665.698s][915][941][info ] Total time for which application threads were stopped: 0.0001818 seconds, Stopping threads took: 0.0000348 seconds
[2025-06-16T00:55:49.021+0000][2666.698s][915][941][info ] Application time: 1.0000935 seconds
[2025-06-16T00:55:49.021+0000][2666.698s][915][941][info ] Entering safepoint region: Cleanup
[2025-06-16T00:55:49.021+0000][2666.698s][915][941][info ] Leaving safepoint region
[2025-06-16T00:55:49.021+0000][2666.698s][915][941][info ] Total time for which application threads were stopped: 0.0001914 seconds, Stopping threads took: 0.0000334 seconds
[2025-06-16T00:55:50.021+0000][2667.699s][915][941][info ] Application time: 1.0000924 seconds
[2025-06-16T00:55:50.021+0000][2667.699s][915][941][info ] Entering safepoint region: Cleanup
[2025-06-16T00:55:50.021+0000][2667.699s][915][941][info ] Leaving safepoint region
[2025-06-16T00:55:50.021+0000][2667.699s][915][941][info ] Total time for which application threads were stopped: 0.0001927 seconds, Stopping threads took: 0.0000355 seconds
[2025-06-16T00:55:51.021+0000][2668.699s][915][941][info ] Application time: 1.0000911 seconds
[2025-06-16T00:55:51.021+0000][2668.699s][915][941][info ] Entering safepoint region: Cleanup
[2025-06-16T00:55:51.022+0000][2668.699s][915][941][info ] Leaving safepoint region
[2025-06-16T00:55:51.022+0000][2668.699s][915][941][info ] Total time for which application threads were stopped: 0.0001660 seconds, Stopping threads took: 0.0000328 seconds
[2025-06-16T00:55:52.022+0000][2669.699s][915][941][info ] Application time: 1.0001339 seconds
[2025-06-16T00:55:52.022+0000][2669.699s][915][941][info ] Entering safepoint region: Cleanup
[2025-06-16T00:55:52.022+0000][2669.700s][915][941][info ] Leaving safepoint region
[2025-06-16T00:55:52.022+0000][2669.700s][915][941][info ] Total time for which application threads were stopped: 0.0002411 seconds, Stopping threads took: 0.0000521 seconds
[2025-06-16T00:55:53.022+0000][2670.700s][915][941][info ] Application time: 1.0001064 seconds
[2025-06-16T00:55:53.022+0000][2670.700s][915][941][info ] Entering safepoint region: Cleanup
[2025-06-16T00:55:53.022+0000][2670.700s][915][941][info ] Leaving safepoint region
[2025-06-16T00:55:53.022+0000][2670.700s][915][941][info ] Total time for which application threads were stopped: 0.0002064 seconds, Stopping threads took: 0.0000482 seconds
[2025-06-16T00:55:54.023+0000][2671.700s][915][941][info ] Application time: 1.0000880 seconds
[2025-06-16T00:55:54.023+0000][2671.700s][915][941][info ] Entering safepoint region: Cleanup
[2025-06-16T00:55:54.023+0000][2671.700s][915][941][info ] Leaving safepoint region
[2025-06-16T00:55:54.023+0000][2671.700s][915][941][info ] Total time for which application threads were stopped: 0.0001792 seconds, Stopping threads took: 0.0000341 seconds
[2025-06-16T00:55:55.023+0000][2672.700s][915][941][info ] Application time: 1.0000959 seconds
[2025-06-16T00:55:55.023+0000][2672.701s][915][941][info ] Entering safepoint region: Cleanup
[2025-06-16T00:55:55.023+0000][2672.701s][915][941][info ] Leaving safepoint region
[2025-06-16T00:55:55.023+0000][2672.701s][915][941][info ] Total time for which application threads were stopped: 0.0003868 seconds, Stopping threads took: 0.0002428 seconds
[2025-06-16T00:55:56.024+0000][2673.701s][915][941][info ] Application time: 1.0001021 seconds
[2025-06-16T00:55:56.024+0000][2673.701s][915][941][info ] Entering safepoint region: Cleanup
[2025-06-16T00:55:56.024+0000][2673.701s][915][941][info ] Leaving safepoint region
[2025-06-16T00:55:56.024+0000][2673.701s][915][941][info ] Total time for which application threads were stopped: 0.0002202 seconds, Stopping threads took: 0.0000467 seconds
[2025-06-16T00:55:57.024+0000][2674.701s][915][941][info ] Application time: 1.0001081 seconds
[2025-06-16T00:55:57.024+0000][2674.702s][915][941][info ] Entering safepoint region: Cleanup
[2025-06-16T00:55:57.024+0000][2674.702s][915][941][info ] Leaving safepoint region
[2025-06-16T00:55:57.024+0000][2674.702s][915][941][info ] Total time for which application threads were stopped: 0.0002053 seconds, Stopping threads took: 0.0000411 seconds
[2025-06-16T00:55:57.398+0000][2675.076s][915][940][trace] CMS: promo attempt is safe: available(6912212992) >= av_promo(0), max_promo(1071929784)
[2025-06-16T00:55:58.024+0000][2675.702s][915][941][info ] Application time: 1.0001154 seconds
[2025-06-16T00:55:58.024+0000][2675.702s][915][941][info ] Entering safepoint region: Cleanup
[2025-06-16T00:55:58.025+0000][2675.702s][915][941][info ] Leaving safepoint region
[2025-06-16T00:55:58.025+0000][2675.702s][915][941][info ] Total time for which application threads were stopped: 0.0002280 seconds, Stopping threads took: 0.0000410 seconds
[2025-06-16T00:55:59.025+0000][2676.702s][915][941][info ] Application time: 1.0001089 seconds
[2025-06-16T00:55:59.025+0000][2676.702s][915][941][info ] Entering safepoint region: Cleanup
[2025-06-16T00:55:59.025+0000][2676.703s][915][941][info ] Leaving safepoint region
[2025-06-16T00:55:59.025+0000][2676.703s][915][941][info ] Total time for which application threads were stopped: 0.0002134 seconds, Stopping threads took: 0.0000448 seconds
[2025-06-16T00:56:00.025+0000][2677.703s][915][941][info ] Application time: 1.0000882 seconds
[2025-06-16T00:56:00.025+0000][2677.703s][915][941][info ] Entering safepoint region: Cleanup
[2025-06-16T00:56:00.025+0000][2677.703s][915][941][info ] Leaving safepoint region
[2025-06-16T00:56:00.025+0000][2677.703s][915][941][info ] Total time for which application threads were stopped: 0.0001777 seconds, Stopping threads took: 0.0000363 seconds
[2025-06-16T00:56:01.026+0000][2678.703s][915][941][info ] Application time: 1.0000903 seconds
[2025-06-16T00:56:01.026+0000][2678.703s][915][941][info ] Entering safepoint region: Cleanup
[2025-06-16T00:56:01.026+0000][2678.703s][915][941][info ] Leaving safepoint region
[2025-06-16T00:56:01.026+0000][2678.703s][915][941][info ] Total time for which application threads were stopped: 0.0002480 seconds, Stopping threads took: 0.0000416 seconds
[2025-06-16T00:56:02.026+0000][2679.703s][915][941][info ] Application time: 1.0001103 seconds
[2025-06-16T00:56:02.026+0000][2679.704s][915][941][info ] Entering safepoint region: Cleanup
[2025-06-16T00:56:02.026+0000][2679.704s][915][941][info ] Leaving safepoint region
[2025-06-16T00:56:02.026+0000][2679.704s][915][941][info ] Total time for which application threads were stopped: 0.0002297 seconds, Stopping threads took: 0.0000540 seconds
[2025-06-16T00:56:03.026+0000][2680.704s][915][941][info ] Application time: 1.0000964 seconds
[2025-06-16T00:56:03.027+0000][2680.704s][915][941][info ] Entering safepoint region: Cleanup
[2025-06-16T00:56:03.027+0000][2680.704s][915][941][info ] Leaving safepoint region
[2025-06-16T00:56:03.027+0000][2680.704s][915][941][info ] Total time for which application threads were stopped: 0.0002115 seconds, Stopping threads took: 0.0000417 seconds
[2025-06-16T00:56:04.027+0000][2681.704s][915][941][info ] Application time: 1.0000856 seconds
[2025-06-16T00:56:04.027+0000][2681.704s][915][941][info ] Entering safepoint region: Cleanup
[2025-06-16T00:56:04.027+0000][2681.705s][915][941][info ] Leaving safepoint region
[2025-06-16T00:56:04.027+0000][2681.705s][915][941][info ] Total time for which application threads were stopped: 0.0001648 seconds, Stopping threads took: 0.0000335 seconds
[2025-06-16T00:56:05.027+0000][2682.705s][915][941][info ] Application time: 1.0000796 seconds
[2025-06-16T00:56:05.027+0000][2682.705s][915][941][info ] Entering safepoint region: Cleanup
[2025-06-16T00:56:05.027+0000][2682.705s][915][941][info ] Leaving safepoint region
[2025-06-16T00:56:05.027+0000][2682.705s][915][941][info ] Total time for which application threads were stopped: 0.0001878 seconds, Stopping threads took: 0.0000386 seconds
[2025-06-16T00:56:06.027+0000][2683.705s][915][941][info ] Application time: 1.0000553 seconds
[2025-06-16T00:56:06.027+0000][2683.705s][915][941][info ] Entering safepoint region: Cleanup
[2025-06-16T00:56:06.028+0000][2683.705s][915][941][info ] Leaving safepoint region
[2025-06-16T00:56:06.028+0000][2683.705s][915][941][info ] Total time for which application threads were stopped: 0.0001780 seconds, Stopping threads took: 0.0000320 seconds
[2025-06-16T00:56:07.028+0000][2684.705s][915][941][info ] Application time: 1.0001125 seconds
[2025-06-16T00:56:07.028+0000][2684.705s][915][941][info ] Entering safepoint region: Cleanup
[2025-06-16T00:56:07.028+0000][2684.706s][915][941][info ] Leaving safepoint region
[2025-06-16T00:56:07.028+0000][2684.706s][915][941][info ] Total time for which application threads were stopped: 0.0001820 seconds, Stopping threads took: 0.0000369 seconds
[2025-06-16T00:56:07.398+0000][2685.076s][915][940][trace] CMS: promo attempt is safe: available(6912212992) >= av_promo(0), max_promo(1071929784)
[2025-06-16T00:56:08.028+0000][2685.706s][915][941][info ] Application time: 1.0001048 seconds
[2025-06-16T00:56:08.028+0000][2685.706s][915][941][info ] Entering safepoint region: Cleanup
[2025-06-16T00:56:08.028+0000][2685.706s][915][941][info ] Leaving safepoint region
[2025-06-16T00:56:08.028+0000][2685.706s][915][941][info ] Total time for which application threads were stopped: 0.0002274 seconds, Stopping threads took: 0.0000451 seconds
[2025-06-16T00:56:09.029+0000][2686.706s][915][941][info ] Application time: 1.0000901 seconds
[2025-06-16T00:56:09.029+0000][2686.706s][915][941][info ] Entering safepoint region: Cleanup
[2025-06-16T00:56:09.029+0000][2686.706s][915][941][info ] Leaving safepoint region
[2025-06-16T00:56:09.029+0000][2686.706s][915][941][info ] Total time for which application threads were stopped: 0.0001938 seconds, Stopping threads took: 0.0000346 seconds
[2025-06-16T00:56:10.029+0000][2687.706s][915][941][info ] Application time: 1.0001078 seconds
[2025-06-16T00:56:10.029+0000][2687.707s][915][941][info ] Entering safepoint region: Cleanup
[2025-06-16T00:56:10.029+0000][2687.707s][915][941][info ] Leaving safepoint region
[2025-06-16T00:56:10.029+0000][2687.707s][915][941][info ] Total time for which application threads were stopped: 0.0002633 seconds, Stopping threads took: 0.0000515 seconds
[2025-06-16T00:56:11.029+0000][2688.707s][915][941][info ] Application time: 1.0000987 seconds
[2025-06-16T00:56:11.030+0000][2688.707s][915][941][info ] Entering safepoint region: Cleanup
[2025-06-16T00:56:11.030+0000][2688.707s][915][941][info ] Leaving safepoint region
[2025-06-16T00:56:11.030+0000][2688.707s][915][941][info ] Total time for which application threads were stopped: 0.0002212 seconds, Stopping threads took: 0.0000419 seconds
[2025-06-16T00:56:12.030+0000][2689.707s][915][941][info ] Application time: 1.0000848 seconds
[2025-06-16T00:56:12.030+0000][2689.707s][915][941][info ] Entering safepoint region: Cleanup
[2025-06-16T00:56:12.030+0000][2689.708s][915][941][info ] Leaving safepoint region
[2025-06-16T00:56:12.030+0000][2689.708s][915][941][info ] Total time for which application threads were stopped: 0.0001827 seconds, Stopping threads took: 0.0000397 seconds
[2025-06-16T00:56:13.030+0000][2690.708s][915][941][info ] Application time: 1.0001172 seconds
[2025-06-16T00:56:13.030+0000][2690.708s][915][941][info ] Entering safepoint region: Cleanup
[2025-06-16T00:56:13.030+0000][2690.708s][915][941][info ] Leaving safepoint region
[2025-06-16T00:56:13.030+0000][2690.708s][915][941][info ] Total time for which application threads were stopped: 0.0001987 seconds, Stopping threads took: 0.0000436 seconds
[2025-06-16T00:56:14.031+0000][2691.708s][915][941][info ] Application time: 1.0001360 seconds
[2025-06-16T00:56:14.031+0000][2691.708s][915][941][info ] Entering safepoint region: Cleanup
[2025-06-16T00:56:14.031+0000][2691.709s][915][941][info ] Leaving safepoint region
[2025-06-16T00:56:14.031+0000][2691.709s][915][941][info ] Total time for which application threads were stopped: 0.0004158 seconds, Stopping threads took: 0.0000956 seconds
[2025-06-16T00:56:15.031+0000][2692.709s][915][941][info ] Application time: 1.0001144 seconds
[2025-06-16T00:56:15.031+0000][2692.709s][915][941][info ] Entering safepoint region: Cleanup
[2025-06-16T00:56:15.032+0000][2692.709s][915][941][info ] Leaving safepoint region
[2025-06-16T00:56:15.032+0000][2692.709s][915][941][info ] Total time for which application threads were stopped: 0.0002508 seconds, Stopping threads took: 0.0000498 seconds
[2025-06-16T00:56:16.032+0000][2693.709s][915][941][info ] Application time: 1.0001066 seconds
[2025-06-16T00:56:16.032+0000][2693.709s][915][941][info ] Entering safepoint region: Cleanup
[2025-06-16T00:56:16.032+0000][2693.710s][915][941][info ] Leaving safepoint region
[2025-06-16T00:56:16.032+0000][2693.710s][915][941][info ] Total time for which application threads were stopped: 0.0002326 seconds, Stopping threads took: 0.0000474 seconds
[2025-06-16T00:56:17.032+0000][2694.710s][915][941][info ] Application time: 1.0001002 seconds
[2025-06-16T00:56:17.032+0000][2694.710s][915][941][info ] Entering safepoint region: Cleanup
[2025-06-16T00:56:17.032+0000][2694.710s][915][941][info ] Leaving safepoint region
[2025-06-16T00:56:17.033+0000][2694.710s][915][941][info ] Total time for which application threads were stopped: 0.0002162 seconds, Stopping threads took: 0.0000458 seconds
[2025-06-16T00:56:17.398+0000][2695.075s][915][940][trace] CMS: promo attempt is safe: available(6912212992) >= av_promo(0), max_promo(1071929784)
[2025-06-16T00:56:18.033+0000][2695.710s][915][941][info ] Application time: 1.0001209 seconds
[2025-06-16T00:56:18.033+0000][2695.710s][915][941][info ] Entering safepoint region: Cleanup
[2025-06-16T00:56:18.033+0000][2695.710s][915][941][info ] Leaving safepoint region
[2025-06-16T00:56:18.033+0000][2695.710s][915][941][info ] Total time for which application threads were stopped: 0.0002061 seconds, Stopping threads took: 0.0000414 seconds
[2025-06-16T00:56:19.033+0000][2696.711s][915][941][info ] Application time: 1.0000928 seconds
[2025-06-16T00:56:19.033+0000][2696.711s][915][941][info ] Entering safepoint region: Cleanup
[2025-06-16T00:56:19.033+0000][2696.711s][915][941][info ] Leaving safepoint region
[2025-06-16T00:56:19.033+0000][2696.711s][915][941][info ] Total time for which application threads were stopped: 0.0001872 seconds, Stopping threads took: 0.0000407 seconds
[2025-06-16T00:56:20.033+0000][2697.711s][915][941][info ] Application time: 1.0000853 seconds
[2025-06-16T00:56:20.033+0000][2697.711s][915][941][info ] Entering safepoint region: Cleanup
[2025-06-16T00:56:20.034+0000][2697.711s][915][941][info ] Leaving safepoint region
[2025-06-16T00:56:20.034+0000][2697.711s][915][941][info ] Total time for which application threads were stopped: 0.0002000 seconds, Stopping threads took: 0.0000308 seconds
[2025-06-16T00:56:21.034+0000][2698.711s][915][941][info ] Application time: 1.0001223 seconds
[2025-06-16T00:56:21.034+0000][2698.711s][915][941][info ] Entering safepoint region: Cleanup
[2025-06-16T00:56:21.034+0000][2698.712s][915][941][info ] Leaving safepoint region
[2025-06-16T00:56:21.034+0000][2698.712s][915][941][info ] Total time for which application threads were stopped: 0.0002035 seconds, Stopping threads took: 0.0000375 seconds
[2025-06-16T00:56:22.034+0000][2699.712s][915][941][info ] Application time: 1.0001066 seconds
[2025-06-16T00:56:22.034+0000][2699.712s][915][941][info ] Entering safepoint region: Cleanup
[2025-06-16T00:56:22.034+0000][2699.712s][915][941][info ] Leaving safepoint region
[2025-06-16T00:56:22.034+0000][2699.712s][915][941][info ] Total time for which application threads were stopped: 0.0002060 seconds, Stopping threads took: 0.0000520 seconds
[2025-06-16T00:56:23.035+0000][2700.712s][915][941][info ] Application time: 1.0001082 seconds
[2025-06-16T00:56:23.035+0000][2700.712s][915][941][info ] Entering safepoint region: Cleanup
[2025-06-16T00:56:23.035+0000][2700.712s][915][941][info ] Leaving safepoint region
[2025-06-16T00:56:23.035+0000][2700.712s][915][941][info ] Total time for which application threads were stopped: 0.0001920 seconds, Stopping threads took: 0.0000488 seconds
[2025-06-16T00:56:24.035+0000][2701.713s][915][941][info ] Application time: 1.0001013 seconds
[2025-06-16T00:56:24.035+0000][2701.713s][915][941][info ] Entering safepoint region: Cleanup
[2025-06-16T00:56:24.035+0000][2701.713s][915][941][info ] Leaving safepoint region
[2025-06-16T00:56:24.035+0000][2701.713s][915][941][info ] Total time for which application threads were stopped: 0.0003028 seconds, Stopping threads took: 0.0000536 seconds
[2025-06-16T00:56:25.035+0000][2702.713s][915][941][info ] Application time: 1.0000651 seconds
[2025-06-16T00:56:25.036+0000][2702.713s][915][941][info ] Entering safepoint region: Cleanup
[2025-06-16T00:56:25.036+0000][2702.713s][915][941][info ] Leaving safepoint region
[2025-06-16T00:56:25.036+0000][2702.713s][915][941][info ] Total time for which application threads were stopped: 0.0001939 seconds, Stopping threads took: 0.0000396 seconds
[2025-06-16T00:56:26.036+0000][2703.713s][915][941][info ] Application time: 1.0001119 seconds
[2025-06-16T00:56:26.036+0000][2703.713s][915][941][info ] Entering safepoint region: Cleanup
[2025-06-16T00:56:26.036+0000][2703.714s][915][941][info ] Leaving safepoint region
[2025-06-16T00:56:26.036+0000][2703.714s][915][941][info ] Total time for which application threads were stopped: 0.0001943 seconds, Stopping threads took: 0.0000401 seconds
[2025-06-16T00:56:27.036+0000][2704.714s][915][941][info ] Application time: 1.0001071 seconds
[2025-06-16T00:56:27.036+0000][2704.714s][915][941][info ] Entering safepoint region: Cleanup
[2025-06-16T00:56:27.037+0000][2704.714s][915][941][info ] Leaving safepoint region
[2025-06-16T00:56:27.037+0000][2704.714s][915][941][info ] Total time for which application threads were stopped: 0.0002073 seconds, Stopping threads took: 0.0000425 seconds
[2025-06-16T00:56:27.398+0000][2705.075s][915][940][trace] CMS: promo attempt is safe: available(6912212992) >= av_promo(0), max_promo(1071929784)
[2025-06-16T00:56:28.037+0000][2705.714s][915][941][info ] Application time: 1.0000873 seconds
[2025-06-16T00:56:28.037+0000][2705.714s][915][941][info ] Entering safepoint region: Cleanup
[2025-06-16T00:56:28.037+0000][2705.714s][915][941][info ] Leaving safepoint region
[2025-06-16T00:56:28.037+0000][2705.714s][915][941][info ] Total time for which application threads were stopped: 0.0001715 seconds, Stopping threads took: 0.0000348 seconds
[2025-06-16T00:56:29.037+0000][2706.715s][915][941][info ] Application time: 1.0001033 seconds
[2025-06-16T00:56:29.037+0000][2706.715s][915][941][info ] Entering safepoint region: Cleanup
[2025-06-16T00:56:29.037+0000][2706.715s][915][941][info ] Leaving safepoint region
[2025-06-16T00:56:29.037+0000][2706.715s][915][941][info ] Total time for which application threads were stopped: 0.0001947 seconds, Stopping threads took: 0.0000410 seconds
[2025-06-16T00:56:30.037+0000][2707.715s][915][941][info ] Application time: 1.0000884 seconds
[2025-06-16T00:56:30.037+0000][2707.715s][915][941][info ] Entering safepoint region: Cleanup
[2025-06-16T00:56:30.038+0000][2707.715s][915][941][info ] Leaving safepoint region
[2025-06-16T00:56:30.038+0000][2707.715s][915][941][info ] Total time for which application threads were stopped: 0.0001750 seconds, Stopping threads took: 0.0000355 seconds
[2025-06-16T00:56:31.038+0000][2708.715s][915][941][info ] Application time: 1.0001233 seconds
[2025-06-16T00:56:31.038+0000][2708.715s][915][941][info ] Entering safepoint region: Cleanup
[2025-06-16T00:56:31.038+0000][2708.716s][915][941][info ] Leaving safepoint region
[2025-06-16T00:56:31.038+0000][2708.716s][915][941][info ] Total time for which application threads were stopped: 0.0002171 seconds, Stopping threads took: 0.0000441 seconds
[2025-06-16T00:56:32.038+0000][2709.716s][915][941][info ] Application time: 1.0000976 seconds
[2025-06-16T00:56:32.038+0000][2709.716s][915][941][info ] Entering safepoint region: Cleanup
[2025-06-16T00:56:32.038+0000][2709.716s][915][941][info ] Leaving safepoint region
[2025-06-16T00:56:32.038+0000][2709.716s][915][941][info ] Total time for which application threads were stopped: 0.0001934 seconds, Stopping threads took: 0.0000402 seconds
[2025-06-16T00:56:33.039+0000][2710.716s][915][941][info ] Application time: 1.0000949 seconds
[2025-06-16T00:56:33.039+0000][2710.716s][915][941][info ] Entering safepoint region: Cleanup
[2025-06-16T00:56:33.039+0000][2710.716s][915][941][info ] Leaving safepoint region
[2025-06-16T00:56:33.039+0000][2710.716s][915][941][info ] Total time for which application threads were stopped: 0.0001987 seconds, Stopping threads took: 0.0000468 seconds
[2025-06-16T00:56:34.039+0000][2711.716s][915][941][info ] Application time: 1.0001121 seconds
[2025-06-16T00:56:34.039+0000][2711.717s][915][941][info ] Entering safepoint region: Cleanup
[2025-06-16T00:56:34.039+0000][2711.717s][915][941][info ] Leaving safepoint region
[2025-06-16T00:56:34.039+0000][2711.717s][915][941][info ] Total time for which application threads were stopped: 0.0001843 seconds, Stopping threads took: 0.0000393 seconds
[2025-06-16T00:56:35.039+0000][2712.717s][915][941][info ] Application time: 1.0001039 seconds
[2025-06-16T00:56:35.039+0000][2712.717s][915][941][info ] Entering safepoint region: Cleanup
[2025-06-16T00:56:35.040+0000][2712.717s][915][941][info ] Leaving safepoint region
[2025-06-16T00:56:35.040+0000][2712.717s][915][941][info ] Total time for which application threads were stopped: 0.0001585 seconds, Stopping threads took: 0.0000330 seconds
[2025-06-16T00:56:36.040+0000][2713.717s][915][941][info ] Application time: 1.0000961 seconds
[2025-06-16T00:56:36.040+0000][2713.717s][915][941][info ] Entering safepoint region: Cleanup
[2025-06-16T00:56:36.040+0000][2713.717s][915][941][info ] Leaving safepoint region
[2025-06-16T00:56:36.040+0000][2713.717s][915][941][info ] Total time for which application threads were stopped: 0.0002057 seconds, Stopping threads took: 0.0000549 seconds
[2025-06-16T00:56:37.040+0000][2714.718s][915][941][info ] Application time: 1.0001078 seconds
[2025-06-16T00:56:37.040+0000][2714.718s][915][941][info ] Entering safepoint region: Cleanup
[2025-06-16T00:56:37.040+0000][2714.718s][915][941][info ] Leaving safepoint region
[2025-06-16T00:56:37.040+0000][2714.718s][915][941][info ] Total time for which application threads were stopped: 0.0001948 seconds, Stopping threads took: 0.0000408 seconds
[2025-06-16T00:56:37.398+0000][2715.075s][915][940][trace] CMS: promo attempt is safe: available(6912212992) >= av_promo(0), max_promo(1085352592)
[2025-06-16T00:56:38.040+0000][2715.718s][915][941][info ] Application time: 1.0001008 seconds
[2025-06-16T00:56:38.041+0000][2715.718s][915][941][info ] Entering safepoint region: Cleanup
[2025-06-16T00:56:38.041+0000][2715.718s][915][941][info ] Leaving safepoint region
[2025-06-16T00:56:38.041+0000][2715.718s][915][941][info ] Total time for which application threads were stopped: 0.0001829 seconds, Stopping threads took: 0.0000409 seconds
[2025-06-16T00:56:39.041+0000][2716.718s][915][941][info ] Application time: 1.0000943 seconds
[2025-06-16T00:56:39.041+0000][2716.718s][915][941][info ] Entering safepoint region: Cleanup
[2025-06-16T00:56:39.041+0000][2716.719s][915][941][info ] Leaving safepoint region
[2025-06-16T00:56:39.041+0000][2716.719s][915][941][info ] Total time for which application threads were stopped: 0.0001925 seconds, Stopping threads took: 0.0000374 seconds
[2025-06-16T00:56:40.041+0000][2717.719s][915][941][info ] Application time: 1.0000971 seconds
[2025-06-16T00:56:40.041+0000][2717.719s][915][941][info ] Entering safepoint region: Cleanup
[2025-06-16T00:56:40.041+0000][2717.719s][915][941][info ] Leaving safepoint region
[2025-06-16T00:56:40.041+0000][2717.719s][915][941][info ] Total time for which application threads were stopped: 0.0001865 seconds, Stopping threads took: 0.0000378 seconds
[2025-06-16T00:56:41.042+0000][2718.719s][915][941][info ] Application time: 1.0000886 seconds
[2025-06-16T00:56:41.042+0000][2718.719s][915][941][info ] Entering safepoint region: Cleanup
[2025-06-16T00:56:41.042+0000][2718.719s][915][941][info ] Leaving safepoint region
[2025-06-16T00:56:41.042+0000][2718.719s][915][941][info ] Total time for which application threads were stopped: 0.0002406 seconds, Stopping threads took: 0.0000395 seconds
[2025-06-16T00:56:42.042+0000][2719.720s][915][941][info ] Application time: 1.0001054 seconds
[2025-06-16T00:56:42.042+0000][2719.720s][915][941][info ] Entering safepoint region: Cleanup
[2025-06-16T00:56:42.042+0000][2719.720s][915][941][info ] Leaving safepoint region
[2025-06-16T00:56:42.042+0000][2719.720s][915][941][info ] Total time for which application threads were stopped: 0.0002410 seconds, Stopping threads took: 0.0000475 seconds
[2025-06-16T00:56:43.042+0000][2720.720s][915][941][info ] Application time: 1.0000904 seconds
[2025-06-16T00:56:43.043+0000][2720.720s][915][941][info ] Entering safepoint region: Cleanup
[2025-06-16T00:56:43.043+0000][2720.720s][915][941][info ] Leaving safepoint region
[2025-06-16T00:56:43.043+0000][2720.720s][915][941][info ] Total time for which application threads were stopped: 0.0001719 seconds, Stopping threads took: 0.0000346 seconds
[2025-06-16T00:56:44.043+0000][2721.720s][915][941][info ] Application time: 1.0001025 seconds
[2025-06-16T00:56:44.043+0000][2721.720s][915][941][info ] Entering safepoint region: Cleanup
[2025-06-16T00:56:44.043+0000][2721.721s][915][941][info ] Leaving safepoint region
[2025-06-16T00:56:44.043+0000][2721.721s][915][941][info ] Total time for which application threads were stopped: 0.0002121 seconds, Stopping threads took: 0.0000473 seconds
[2025-06-16T00:56:45.043+0000][2722.721s][915][941][info ] Application time: 1.0001026 seconds
[2025-06-16T00:56:45.043+0000][2722.721s][915][941][info ] Entering safepoint region: Cleanup
[2025-06-16T00:56:45.043+0000][2722.721s][915][941][info ] Leaving safepoint region
[2025-06-16T00:56:45.043+0000][2722.721s][915][941][info ] Total time for which application threads were stopped: 0.0001924 seconds, Stopping threads took: 0.0000363 seconds
[2025-06-16T00:56:46.044+0000][2723.721s][915][941][info ] Application time: 1.0001013 seconds
[2025-06-16T00:56:46.044+0000][2723.721s][915][941][info ] Entering safepoint region: Cleanup
[2025-06-16T00:56:46.044+0000][2723.721s][915][941][info ] Leaving safepoint region
[2025-06-16T00:56:46.044+0000][2723.721s][915][941][info ] Total time for which application threads were stopped: 0.0002084 seconds, Stopping threads took: 0.0000445 seconds
[2025-06-16T00:56:47.044+0000][2724.721s][915][941][info ] Application time: 1.0001011 seconds
[2025-06-16T00:56:47.044+0000][2724.722s][915][941][info ] Entering safepoint region: Cleanup
[2025-06-16T00:56:47.044+0000][2724.722s][915][941][info ] Leaving safepoint region
[2025-06-16T00:56:47.044+0000][2724.722s][915][941][info ] Total time for which application threads were stopped: 0.0001883 seconds, Stopping threads took: 0.0000412 seconds
[2025-06-16T00:56:47.397+0000][2725.075s][915][940][trace] CMS: promo attempt is safe: available(6912212992) >= av_promo(0), max_promo(1085352592)
[2025-06-16T00:56:48.044+0000][2725.722s][915][941][info ] Application time: 1.0001011 seconds
[2025-06-16T00:56:48.044+0000][2725.722s][915][941][info ] Entering safepoint region: Cleanup
[2025-06-16T00:56:48.045+0000][2725.722s][915][941][info ] Leaving safepoint region
[2025-06-16T00:56:48.045+0000][2725.722s][915][941][info ] Total time for which application threads were stopped: 0.0002361 seconds, Stopping threads took: 0.0000460 seconds
[2025-06-16T00:56:49.045+0000][2726.722s][915][941][info ] Application time: 1.0001008 seconds
[2025-06-16T00:56:49.045+0000][2726.722s][915][941][info ] Entering safepoint region: Cleanup
[2025-06-16T00:56:49.045+0000][2726.723s][915][941][info ] Leaving safepoint region
[2025-06-16T00:56:49.045+0000][2726.723s][915][941][info ] Total time for which application threads were stopped: 0.0002078 seconds, Stopping threads took: 0.0000426 seconds
[2025-06-16T00:56:50.045+0000][2727.723s][915][941][info ] Application time: 1.0001172 seconds
[2025-06-16T00:56:50.045+0000][2727.723s][915][941][info ] Entering safepoint region: Cleanup
[2025-06-16T00:56:50.045+0000][2727.723s][915][941][info ] Leaving safepoint region
[2025-06-16T00:56:50.046+0000][2727.723s][915][941][info ] Total time for which application threads were stopped: 0.0002298 seconds, Stopping threads took: 0.0000567 seconds
[2025-06-16T00:56:51.046+0000][2728.723s][915][941][info ] Application time: 1.0000984 seconds
[2025-06-16T00:56:51.046+0000][2728.723s][915][941][info ] Entering safepoint region: Cleanup
[2025-06-16T00:56:51.046+0000][2728.723s][915][941][info ] Leaving safepoint region
[2025-06-16T00:56:51.046+0000][2728.723s][915][941][info ] Total time for which application threads were stopped: 0.0002792 seconds, Stopping threads took: 0.0000864 seconds
[2025-06-16T00:56:52.046+0000][2729.724s][915][941][info ] Application time: 1.0000983 seconds
[2025-06-16T00:56:52.046+0000][2729.724s][915][941][info ] Entering safepoint region: Cleanup
[2025-06-16T00:56:52.046+0000][2729.724s][915][941][info ] Leaving safepoint region
[2025-06-16T00:56:52.046+0000][2729.724s][915][941][info ] Total time for which application threads were stopped: 0.0002374 seconds, Stopping threads took: 0.0000472 seconds
[2025-06-16T00:56:53.047+0000][2730.724s][915][941][info ] Application time: 1.0000897 seconds
[2025-06-16T00:56:53.047+0000][2730.724s][915][941][info ] Entering safepoint region: Cleanup
[2025-06-16T00:56:53.047+0000][2730.724s][915][941][info ] Leaving safepoint region
[2025-06-16T00:56:53.047+0000][2730.724s][915][941][info ] Total time for which application threads were stopped: 0.0001780 seconds, Stopping threads took: 0.0000351 seconds
[2025-06-16T00:56:54.047+0000][2731.724s][915][941][info ] Application time: 1.0001083 seconds
[2025-06-16T00:56:54.047+0000][2731.725s][915][941][info ] Entering safepoint region: Cleanup
[2025-06-16T00:56:54.047+0000][2731.725s][915][941][info ] Leaving safepoint region
[2025-06-16T00:56:54.047+0000][2731.725s][915][941][info ] Total time for which application threads were stopped: 0.0002339 seconds, Stopping threads took: 0.0000603 seconds
[2025-06-16T00:56:55.047+0000][2732.725s][915][941][info ] Application time: 1.0001059 seconds
[2025-06-16T00:56:55.047+0000][2732.725s][915][941][info ] Entering safepoint region: Cleanup
[2025-06-16T00:56:55.048+0000][2732.725s][915][941][info ] Leaving safepoint region
[2025-06-16T00:56:55.048+0000][2732.725s][915][941][info ] Total time for which application threads were stopped: 0.0002114 seconds, Stopping threads took: 0.0000396 seconds
[2025-06-16T00:56:56.048+0000][2733.725s][915][941][info ] Application time: 1.0001047 seconds
[2025-06-16T00:56:56.048+0000][2733.725s][915][941][info ] Entering safepoint region: Cleanup
[2025-06-16T00:56:56.048+0000][2733.726s][915][941][info ] Leaving safepoint region
[2025-06-16T00:56:56.048+0000][2733.726s][915][941][info ] Total time for which application threads were stopped: 0.0002548 seconds, Stopping threads took: 0.0000445 seconds
[2025-06-16T00:56:57.048+0000][2734.726s][915][941][info ] Application time: 1.0001263 seconds
[2025-06-16T00:56:57.048+0000][2734.726s][915][941][info ] Entering safepoint region: Cleanup
[2025-06-16T00:56:57.049+0000][2734.726s][915][941][info ] Leaving safepoint region
[2025-06-16T00:56:57.049+0000][2734.726s][915][941][info ] Total time for which application threads were stopped: 0.0002281 seconds, Stopping threads took: 0.0000517 seconds
[2025-06-16T00:56:57.397+0000][2735.074s][915][940][trace] CMS: promo attempt is safe: available(6912212992) >= av_promo(0), max_promo(1085352592)
[2025-06-16T00:56:58.049+0000][2735.726s][915][941][info ] Application time: 1.0001002 seconds
[2025-06-16T00:56:58.049+0000][2735.726s][915][941][info ] Entering safepoint region: Cleanup
[2025-06-16T00:56:58.049+0000][2735.726s][915][941][info ] Leaving safepoint region
[2025-06-16T00:56:58.049+0000][2735.726s][915][941][info ] Total time for which application threads were stopped: 0.0001950 seconds, Stopping threads took: 0.0000433 seconds
[2025-06-16T00:56:59.049+0000][2736.727s][915][941][info ] Application time: 1.0000847 seconds
[2025-06-16T00:56:59.049+0000][2736.727s][915][941][info ] Entering safepoint region: Cleanup
[2025-06-16T00:56:59.049+0000][2736.727s][915][941][info ] Leaving safepoint region
[2025-06-16T00:56:59.049+0000][2736.727s][915][941][info ] Total time for which application threads were stopped: 0.0002294 seconds, Stopping threads took: 0.0000354 seconds
[2025-06-16T00:57:00.049+0000][2737.727s][915][941][info ] Application time: 1.0000918 seconds
[2025-06-16T00:57:00.050+0000][2737.727s][915][941][info ] Entering safepoint region: Cleanup
[2025-06-16T00:57:00.050+0000][2737.727s][915][941][info ] Leaving safepoint region
[2025-06-16T00:57:00.050+0000][2737.727s][915][941][info ] Total time for which application threads were stopped: 0.0001781 seconds, Stopping threads took: 0.0000352 seconds
[2025-06-16T00:57:01.050+0000][2738.727s][915][941][info ] Application time: 1.0001020 seconds
[2025-06-16T00:57:01.050+0000][2738.727s][915][941][info ] Entering safepoint region: Cleanup
[2025-06-16T00:57:01.050+0000][2738.728s][915][941][info ] Leaving safepoint region
[2025-06-16T00:57:01.050+0000][2738.728s][915][941][info ] Total time for which application threads were stopped: 0.0002157 seconds, Stopping threads took: 0.0000433 seconds
[2025-06-16T00:57:02.050+0000][2739.728s][915][941][info ] Application time: 1.0001058 seconds
[2025-06-16T00:57:02.050+0000][2739.728s][915][941][info ] Entering safepoint region: Cleanup
[2025-06-16T00:57:02.050+0000][2739.728s][915][941][info ] Leaving safepoint region
[2025-06-16T00:57:02.051+0000][2739.728s][915][941][info ] Total time for which application threads were stopped: 0.0002089 seconds, Stopping threads took: 0.0000488 seconds
[2025-06-16T00:57:03.051+0000][2740.728s][915][941][info ] Application time: 1.0000957 seconds
[2025-06-16T00:57:03.051+0000][2740.728s][915][941][info ] Entering safepoint region: Cleanup
[2025-06-16T00:57:03.051+0000][2740.728s][915][941][info ] Leaving safepoint region
[2025-06-16T00:57:03.051+0000][2740.728s][915][941][info ] Total time for which application threads were stopped: 0.0001906 seconds, Stopping threads took: 0.0000392 seconds
[2025-06-16T00:57:04.051+0000][2741.729s][915][941][info ] Application time: 1.0000978 seconds
[2025-06-16T00:57:04.051+0000][2741.729s][915][941][info ] Entering safepoint region: Cleanup
[2025-06-16T00:57:04.051+0000][2741.729s][915][941][info ] Leaving safepoint region
[2025-06-16T00:57:04.051+0000][2741.729s][915][941][info ] Total time for which application threads were stopped: 0.0002066 seconds, Stopping threads took: 0.0000412 seconds
[2025-06-16T00:57:05.051+0000][2742.729s][915][941][info ] Application time: 1.0000970 seconds
[2025-06-16T00:57:05.052+0000][2742.729s][915][941][info ] Entering safepoint region: Cleanup
[2025-06-16T00:57:05.052+0000][2742.729s][915][941][info ] Leaving safepoint region
[2025-06-16T00:57:05.052+0000][2742.729s][915][941][info ] Total time for which application threads were stopped: 0.0002446 seconds, Stopping threads took: 0.0000503 seconds
[2025-06-16T00:57:06.052+0000][2743.729s][915][941][info ] Application time: 1.0001399 seconds
[2025-06-16T00:57:06.052+0000][2743.730s][915][941][info ] Entering safepoint region: Cleanup
[2025-06-16T00:57:06.052+0000][2743.730s][915][941][info ] Leaving safepoint region
[2025-06-16T00:57:06.052+0000][2743.730s][915][941][info ] Total time for which application threads were stopped: 0.0002198 seconds, Stopping threads took: 0.0000472 seconds
[2025-06-16T00:57:07.052+0000][2744.730s][915][941][info ] Application time: 1.0001203 seconds
[2025-06-16T00:57:07.052+0000][2744.730s][915][941][info ] Entering safepoint region: Cleanup
[2025-06-16T00:57:07.053+0000][2744.730s][915][941][info ] Leaving safepoint region
[2025-06-16T00:57:07.053+0000][2744.730s][915][941][info ] Total time for which application threads were stopped: 0.0002449 seconds, Stopping threads took: 0.0000489 seconds
[2025-06-16T00:57:07.397+0000][2745.074s][915][940][trace] CMS: promo attempt is safe: available(6912212992) >= av_promo(0), max_promo(1085352592)
[2025-06-16T00:57:08.053+0000][2745.730s][915][941][info ] Application time: 1.0000907 seconds
[2025-06-16T00:57:08.053+0000][2745.730s][915][941][info ] Entering safepoint region: Cleanup
[2025-06-16T00:57:08.053+0000][2745.730s][915][941][info ] Leaving safepoint region
[2025-06-16T00:57:08.053+0000][2745.731s][915][941][info ] Total time for which application threads were stopped: 0.0001822 seconds, Stopping threads took: 0.0000322 seconds
[2025-06-16T00:57:09.053+0000][2746.731s][915][941][info ] Application time: 1.0000857 seconds
[2025-06-16T00:57:09.053+0000][2746.731s][915][941][info ] Entering safepoint region: Cleanup
[2025-06-16T00:57:09.053+0000][2746.731s][915][941][info ] Leaving safepoint region
[2025-06-16T00:57:09.053+0000][2746.731s][915][941][info ] Total time for which application threads were stopped: 0.0001756 seconds, Stopping threads took: 0.0000350 seconds
[2025-06-16T00:57:10.053+0000][2747.731s][915][941][info ] Application time: 1.0000841 seconds
[2025-06-16T00:57:10.054+0000][2747.731s][915][941][info ] Entering safepoint region: Cleanup
[2025-06-16T00:57:10.054+0000][2747.731s][915][941][info ] Leaving safepoint region
[2025-06-16T00:57:10.054+0000][2747.731s][915][941][info ] Total time for which application threads were stopped: 0.0001861 seconds, Stopping threads took: 0.0000367 seconds
[2025-06-16T00:57:11.054+0000][2748.731s][915][941][info ] Application time: 1.0000757 seconds
[2025-06-16T00:57:11.054+0000][2748.731s][915][941][info ] Entering safepoint region: Cleanup
[2025-06-16T00:57:11.054+0000][2748.732s][915][941][info ] Leaving safepoint region
[2025-06-16T00:57:11.054+0000][2748.732s][915][941][info ] Total time for which application threads were stopped: 0.0001951 seconds, Stopping threads took: 0.0000404 seconds
[2025-06-16T00:57:12.054+0000][2749.732s][915][941][info ] Application time: 1.0000888 seconds
[2025-06-16T00:57:12.054+0000][2749.732s][915][941][info ] Entering safepoint region: Cleanup
[2025-06-16T00:57:12.054+0000][2749.732s][915][941][info ] Leaving safepoint region
[2025-06-16T00:57:12.054+0000][2749.732s][915][941][info ] Total time for which application threads were stopped: 0.0001990 seconds, Stopping threads took: 0.0000399 seconds
[2025-06-16T00:57:13.055+0000][2750.732s][915][941][info ] Application time: 1.0000943 seconds
[2025-06-16T00:57:13.055+0000][2750.732s][915][941][info ] Entering safepoint region: Cleanup
[2025-06-16T00:57:13.055+0000][2750.732s][915][941][info ] Leaving safepoint region
[2025-06-16T00:57:13.055+0000][2750.732s][915][941][info ] Total time for which application threads were stopped: 0.0001976 seconds, Stopping threads took: 0.0000409 seconds
[2025-06-16T00:57:14.055+0000][2751.732s][915][941][info ] Application time: 1.0000883 seconds
[2025-06-16T00:57:14.055+0000][2751.733s][915][941][info ] Entering safepoint region: Cleanup
[2025-06-16T00:57:14.055+0000][2751.733s][915][941][info ] Leaving safepoint region
[2025-06-16T00:57:14.055+0000][2751.733s][915][941][info ] Total time for which application threads were stopped: 0.0001795 seconds, Stopping threads took: 0.0000346 seconds
[2025-06-16T00:57:15.055+0000][2752.733s][915][941][info ] Application time: 1.0000901 seconds
[2025-06-16T00:57:15.055+0000][2752.733s][915][941][info ] Entering safepoint region: Cleanup
[2025-06-16T00:57:15.056+0000][2752.733s][915][941][info ] Leaving safepoint region
[2025-06-16T00:57:15.056+0000][2752.733s][915][941][info ] Total time for which application threads were stopped: 0.0002047 seconds, Stopping threads took: 0.0000416 seconds
[2025-06-16T00:57:16.056+0000][2753.733s][915][941][info ] Application time: 1.0000904 seconds
[2025-06-16T00:57:16.056+0000][2753.733s][915][941][info ] Entering safepoint region: Cleanup
[2025-06-16T00:57:16.056+0000][2753.733s][915][941][info ] Leaving safepoint region
[2025-06-16T00:57:16.056+0000][2753.733s][915][941][info ] Total time for which application threads were stopped: 0.0001857 seconds, Stopping threads took: 0.0000440 seconds
[2025-06-16T00:57:16.589+0000][2754.266s][915][941][info ] Application time: 0.5327807 seconds
[2025-06-16T00:57:16.589+0000][2754.266s][915][941][info ] Entering safepoint region: ICBufferFull
[2025-06-16T00:57:16.589+0000][2754.267s][915][941][info ] Leaving safepoint region
[2025-06-16T00:57:16.589+0000][2754.267s][915][941][info ] Total time for which application threads were stopped: 0.0003909 seconds, Stopping threads took: 0.0000383 seconds
[2025-06-16T00:57:17.396+0000][2755.074s][915][940][trace] CMS: promo attempt is safe: available(6912212992) >= av_promo(0), max_promo(1085352592)
[2025-06-16T00:57:17.589+0000][2755.267s][915][941][info ] Application time: 1.0000974 seconds
[2025-06-16T00:57:17.589+0000][2755.267s][915][941][info ] Entering safepoint region: Cleanup
[2025-06-16T00:57:17.590+0000][2755.267s][915][941][info ] Leaving safepoint region
[2025-06-16T00:57:17.590+0000][2755.267s][915][941][info ] Total time for which application threads were stopped: 0.0002195 seconds, Stopping threads took: 0.0000400 seconds
[2025-06-16T00:57:18.590+0000][2756.267s][915][941][info ] Application time: 1.0000859 seconds
[2025-06-16T00:57:18.590+0000][2756.267s][915][941][info ] Entering safepoint region: Cleanup
[2025-06-16T00:57:18.590+0000][2756.267s][915][941][info ] Leaving safepoint region
[2025-06-16T00:57:18.590+0000][2756.267s][915][941][info ] Total time for which application threads were stopped: 0.0001993 seconds, Stopping threads took: 0.0000431 seconds
[2025-06-16T00:57:19.590+0000][2757.268s][915][941][info ] Application time: 1.0000877 seconds
[2025-06-16T00:57:19.590+0000][2757.268s][915][941][info ] Entering safepoint region: Cleanup
[2025-06-16T00:57:19.590+0000][2757.268s][915][941][info ] Leaving safepoint region
[2025-06-16T00:57:19.590+0000][2757.268s][915][941][info ] Total time for which application threads were stopped: 0.0002116 seconds, Stopping threads took: 0.0000402 seconds
[2025-06-16T00:57:20.591+0000][2758.268s][915][941][info ] Application time: 1.0001095 seconds
[2025-06-16T00:57:20.591+0000][2758.268s][915][941][info ] Entering safepoint region: Cleanup
[2025-06-16T00:57:20.591+0000][2758.268s][915][941][info ] Leaving safepoint region
[2025-06-16T00:57:20.591+0000][2758.268s][915][941][info ] Total time for which application threads were stopped: 0.0002026 seconds, Stopping threads took: 0.0000452 seconds
[2025-06-16T00:57:21.591+0000][2759.268s][915][941][info ] Application time: 1.0000919 seconds
[2025-06-16T00:57:21.591+0000][2759.269s][915][941][info ] Entering safepoint region: Cleanup
[2025-06-16T00:57:21.591+0000][2759.269s][915][941][info ] Leaving safepoint region
[2025-06-16T00:57:21.591+0000][2759.269s][915][941][info ] Total time for which application threads were stopped: 0.0002403 seconds, Stopping threads took: 0.0000487 seconds
[2025-06-16T00:57:22.591+0000][2760.269s][915][941][info ] Application time: 1.0001036 seconds
[2025-06-16T00:57:22.591+0000][2760.269s][915][941][info ] Entering safepoint region: Cleanup
[2025-06-16T00:57:22.592+0000][2760.269s][915][941][info ] Leaving safepoint region
[2025-06-16T00:57:22.592+0000][2760.269s][915][941][info ] Total time for which application threads were stopped: 0.0002177 seconds, Stopping threads took: 0.0000505 seconds
[2025-06-16T00:57:23.592+0000][2761.269s][915][941][info ] Application time: 1.0001110 seconds
[2025-06-16T00:57:23.592+0000][2761.269s][915][941][info ] Entering safepoint region: Cleanup
[2025-06-16T00:57:23.592+0000][2761.270s][915][941][info ] Leaving safepoint region
[2025-06-16T00:57:23.592+0000][2761.270s][915][941][info ] Total time for which application threads were stopped: 0.0002147 seconds, Stopping threads took: 0.0000432 seconds
[2025-06-16T00:57:24.592+0000][2762.270s][915][941][info ] Application time: 1.0000946 seconds
[2025-06-16T00:57:24.592+0000][2762.270s][915][941][info ] Entering safepoint region: Cleanup
[2025-06-16T00:57:24.592+0000][2762.270s][915][941][info ] Leaving safepoint region
[2025-06-16T00:57:24.592+0000][2762.270s][915][941][info ] Total time for which application threads were stopped: 0.0002067 seconds, Stopping threads took: 0.0000447 seconds
[2025-06-16T00:57:25.593+0000][2763.270s][915][941][info ] Application time: 1.0000977 seconds
[2025-06-16T00:57:25.593+0000][2763.270s][915][941][info ] Entering safepoint region: Cleanup
[2025-06-16T00:57:25.593+0000][2763.270s][915][941][info ] Leaving safepoint region
[2025-06-16T00:57:25.593+0000][2763.270s][915][941][info ] Total time for which application threads were stopped: 0.0002118 seconds, Stopping threads took: 0.0000407 seconds
[2025-06-16T00:57:26.593+0000][2764.271s][915][941][info ] Application time: 1.0000982 seconds
[2025-06-16T00:57:26.593+0000][2764.271s][915][941][info ] Entering safepoint region: Cleanup
[2025-06-16T00:57:26.593+0000][2764.271s][915][941][info ] Leaving safepoint region
[2025-06-16T00:57:26.593+0000][2764.271s][915][941][info ] Total time for which application threads were stopped: 0.0001905 seconds, Stopping threads took: 0.0000404 seconds
[2025-06-16T00:57:27.396+0000][2765.074s][915][940][trace] CMS: promo attempt is safe: available(6912212992) >= av_promo(0), max_promo(1085352592)
[2025-06-16T00:57:27.593+0000][2765.271s][915][941][info ] Application time: 1.0000961 seconds
[2025-06-16T00:57:27.594+0000][2765.271s][915][941][info ] Entering safepoint region: Cleanup
[2025-06-16T00:57:27.594+0000][2765.271s][915][941][info ] Leaving safepoint region
[2025-06-16T00:57:27.594+0000][2765.271s][915][941][info ] Total time for which application threads were stopped: 0.0002017 seconds, Stopping threads took: 0.0000424 seconds
[2025-06-16T00:57:28.594+0000][2766.271s][915][941][info ] Application time: 1.0001106 seconds
[2025-06-16T00:57:28.594+0000][2766.271s][915][941][info ] Entering safepoint region: Cleanup
[2025-06-16T00:57:28.594+0000][2766.272s][915][941][info ] Leaving safepoint region
[2025-06-16T00:57:28.594+0000][2766.272s][915][941][info ] Total time for which application threads were stopped: 0.0002211 seconds, Stopping threads took: 0.0000461 seconds
[2025-06-16T00:57:29.594+0000][2767.272s][915][941][info ] Application time: 1.0001186 seconds
[2025-06-16T00:57:29.594+0000][2767.272s][915][941][info ] Entering safepoint region: Cleanup
[2025-06-16T00:57:29.595+0000][2767.272s][915][941][info ] Leaving safepoint region
[2025-06-16T00:57:29.595+0000][2767.272s][915][941][info ] Total time for which application threads were stopped: 0.0002725 seconds, Stopping threads took: 0.0000540 seconds
[2025-06-16T00:57:30.595+0000][2768.272s][915][941][info ] Application time: 1.0001659 seconds
[2025-06-16T00:57:30.595+0000][2768.273s][915][941][info ] Entering safepoint region: Cleanup
[2025-06-16T00:57:30.596+0000][2768.273s][915][941][info ] Leaving safepoint region
[2025-06-16T00:57:30.596+0000][2768.273s][915][941][info ] Total time for which application threads were stopped: 0.0008154 seconds, Stopping threads took: 0.0001289 seconds
[2025-06-16T00:57:31.596+0000][2769.273s][915][941][info ] Application time: 1.0001046 seconds
[2025-06-16T00:57:31.596+0000][2769.274s][915][941][info ] Entering safepoint region: Cleanup
[2025-06-16T00:57:31.596+0000][2769.274s][915][941][info ] Leaving safepoint region
[2025-06-16T00:57:31.596+0000][2769.274s][915][941][info ] Total time for which application threads were stopped: 0.0001929 seconds, Stopping threads took: 0.0000387 seconds
[2025-06-16T00:57:32.596+0000][2770.274s][915][941][info ] Application time: 1.0000894 seconds
[2025-06-16T00:57:32.596+0000][2770.274s][915][941][info ] Entering safepoint region: Cleanup
[2025-06-16T00:57:32.597+0000][2770.274s][915][941][info ] Leaving safepoint region
[2025-06-16T00:57:32.597+0000][2770.274s][915][941][info ] Total time for which application threads were stopped: 0.0001926 seconds, Stopping threads took: 0.0000377 seconds
[2025-06-16T00:57:33.597+0000][2771.274s][915][941][info ] Application time: 1.0001014 seconds
[2025-06-16T00:57:33.597+0000][2771.274s][915][941][info ] Entering safepoint region: Cleanup
[2025-06-16T00:57:33.597+0000][2771.274s][915][941][info ] Leaving safepoint region
[2025-06-16T00:57:33.597+0000][2771.275s][915][941][info ] Total time for which application threads were stopped: 0.0001953 seconds, Stopping threads took: 0.0000467 seconds
[2025-06-16T00:57:34.597+0000][2772.275s][915][941][info ] Application time: 1.0000994 seconds
[2025-06-16T00:57:34.597+0000][2772.275s][915][941][info ] Entering safepoint region: Cleanup
[2025-06-16T00:57:34.597+0000][2772.275s][915][941][info ] Leaving safepoint region
[2025-06-16T00:57:34.597+0000][2772.275s][915][941][info ] Total time for which application threads were stopped: 0.0002542 seconds, Stopping threads took: 0.0000819 seconds
[2025-06-16T00:57:35.598+0000][2773.275s][915][941][info ] Application time: 1.0001168 seconds
[2025-06-16T00:57:35.598+0000][2773.275s][915][941][info ] Entering safepoint region: Cleanup
[2025-06-16T00:57:35.598+0000][2773.275s][915][941][info ] Leaving safepoint region
[2025-06-16T00:57:35.598+0000][2773.275s][915][941][info ] Total time for which application threads were stopped: 0.0002328 seconds, Stopping threads took: 0.0000534 seconds
[2025-06-16T00:57:36.598+0000][2774.276s][915][941][info ] Application time: 1.0001254 seconds
[2025-06-16T00:57:36.598+0000][2774.276s][915][941][info ] Entering safepoint region: Cleanup
[2025-06-16T00:57:36.598+0000][2774.276s][915][941][info ] Leaving safepoint region
[2025-06-16T00:57:36.598+0000][2774.276s][915][941][info ] Total time for which application threads were stopped: 0.0002063 seconds, Stopping threads took: 0.0000433 seconds
[2025-06-16T00:57:37.397+0000][2775.074s][915][940][trace] CMS: promo attempt is safe: available(6912212992) >= av_promo(0), max_promo(1085352592)
[2025-06-16T00:57:37.599+0000][2775.276s][915][941][info ] Application time: 1.0000891 seconds
[2025-06-16T00:57:37.599+0000][2775.276s][915][941][info ] Entering safepoint region: Cleanup
[2025-06-16T00:57:37.599+0000][2775.276s][915][941][info ] Leaving safepoint region
[2025-06-16T00:57:37.599+0000][2775.276s][915][941][info ] Total time for which application threads were stopped: 0.0001841 seconds, Stopping threads took: 0.0000383 seconds
[2025-06-16T00:57:38.599+0000][2776.276s][915][941][info ] Application time: 1.0000917 seconds
[2025-06-16T00:57:38.599+0000][2776.276s][915][941][info ] Entering safepoint region: Cleanup
[2025-06-16T00:57:38.599+0000][2776.277s][915][941][info ] Leaving safepoint region
[2025-06-16T00:57:38.599+0000][2776.277s][915][941][info ] Total time for which application threads were stopped: 0.0001890 seconds, Stopping threads took: 0.0000367 seconds
[2025-06-16T00:57:39.599+0000][2777.277s][915][941][info ] Application time: 1.0001131 seconds
[2025-06-16T00:57:39.599+0000][2777.277s][915][941][info ] Entering safepoint region: Cleanup
[2025-06-16T00:57:39.600+0000][2777.277s][915][941][info ] Leaving safepoint region
[2025-06-16T00:57:39.600+0000][2777.277s][915][941][info ] Total time for which application threads were stopped: 0.0001956 seconds, Stopping threads took: 0.0000384 seconds
[2025-06-16T00:57:40.600+0000][2778.277s][915][941][info ] Application time: 1.0000884 seconds
[2025-06-16T00:57:40.600+0000][2778.277s][915][941][info ] Entering safepoint region: Cleanup
[2025-06-16T00:57:40.600+0000][2778.277s][915][941][info ] Leaving safepoint region
[2025-06-16T00:57:40.600+0000][2778.277s][915][941][info ] Total time for which application threads were stopped: 0.0001932 seconds, Stopping threads took: 0.0000362 seconds
[2025-06-16T00:57:41.600+0000][2779.278s][915][941][info ] Application time: 1.0001077 seconds
[2025-06-16T00:57:41.600+0000][2779.278s][915][941][info ] Entering safepoint region: Cleanup
[2025-06-16T00:57:41.600+0000][2779.278s][915][941][info ] Leaving safepoint region
[2025-06-16T00:57:41.600+0000][2779.278s][915][941][info ] Total time for which application threads were stopped: 0.0002229 seconds, Stopping threads took: 0.0000447 seconds
[2025-06-16T00:57:42.600+0000][2780.278s][915][941][info ] Application time: 1.0001052 seconds
[2025-06-16T00:57:42.601+0000][2780.278s][915][941][info ] Entering safepoint region: Cleanup
[2025-06-16T00:57:42.601+0000][2780.278s][915][941][info ] Leaving safepoint region
[2025-06-16T00:57:42.601+0000][2780.278s][915][941][info ] Total time for which application threads were stopped: 0.0002105 seconds, Stopping threads took: 0.0000450 seconds
[2025-06-16T00:57:43.601+0000][2781.278s][915][941][info ] Application time: 1.0001271 seconds
[2025-06-16T00:57:43.601+0000][2781.279s][915][941][info ] Entering safepoint region: Cleanup
[2025-06-16T00:57:43.601+0000][2781.279s][915][941][info ] Leaving safepoint region
[2025-06-16T00:57:43.601+0000][2781.279s][915][941][info ] Total time for which application threads were stopped: 0.0002621 seconds, Stopping threads took: 0.0000569 seconds
[2025-06-16T00:57:44.601+0000][2782.279s][915][941][info ] Application time: 1.0001001 seconds
[2025-06-16T00:57:44.601+0000][2782.279s][915][941][info ] Entering safepoint region: Cleanup
[2025-06-16T00:57:44.602+0000][2782.279s][915][941][info ] Leaving safepoint region
[2025-06-16T00:57:44.602+0000][2782.279s][915][941][info ] Total time for which application threads were stopped: 0.0001891 seconds, Stopping threads took: 0.0000347 seconds
[2025-06-16T00:57:45.602+0000][2783.279s][915][941][info ] Application time: 1.0001458 seconds
[2025-06-16T00:57:45.602+0000][2783.279s][915][941][info ] Entering safepoint region: Cleanup
[2025-06-16T00:57:45.602+0000][2783.280s][915][941][info ] Leaving safepoint region
[2025-06-16T00:57:45.602+0000][2783.280s][915][941][info ] Total time for which application threads were stopped: 0.0002225 seconds, Stopping threads took: 0.0000461 seconds
[2025-06-16T00:57:46.602+0000][2784.280s][915][941][info ] Application time: 1.0001373 seconds
[2025-06-16T00:57:46.602+0000][2784.280s][915][941][info ] Entering safepoint region: Cleanup
[2025-06-16T00:57:46.603+0000][2784.280s][915][941][info ] Leaving safepoint region
[2025-06-16T00:57:46.603+0000][2784.280s][915][941][info ] Total time for which application threads were stopped: 0.0002986 seconds, Stopping threads took: 0.0000674 seconds
[2025-06-16T00:57:47.396+0000][2785.073s][915][940][trace] CMS: promo attempt is safe: available(6912212992) >= av_promo(0), max_promo(1098775176)
[2025-06-16T00:57:47.603+0000][2785.280s][915][941][info ] Application time: 1.0001066 seconds
[2025-06-16T00:57:47.603+0000][2785.280s][915][941][info ] Entering safepoint region: Cleanup
[2025-06-16T00:57:47.603+0000][2785.281s][915][941][info ] Leaving safepoint region
[2025-06-16T00:57:47.603+0000][2785.281s][915][941][info ] Total time for which application threads were stopped: 0.0002082 seconds, Stopping threads took: 0.0000441 seconds
[2025-06-16T00:57:48.603+0000][2786.281s][915][941][info ] Application time: 1.0000969 seconds
[2025-06-16T00:57:48.603+0000][2786.281s][915][941][info ] Entering safepoint region: Cleanup
[2025-06-16T00:57:48.604+0000][2786.281s][915][941][info ] Leaving safepoint region
[2025-06-16T00:57:48.604+0000][2786.281s][915][941][info ] Total time for which application threads were stopped: 0.0002343 seconds, Stopping threads took: 0.0000373 seconds
[2025-06-16T00:57:49.604+0000][2787.282s][915][941][info ] Application time: 1.0005667 seconds
[2025-06-16T00:57:49.604+0000][2787.282s][915][941][info ] Entering safepoint region: Cleanup
[2025-06-16T00:57:49.604+0000][2787.282s][915][941][info ] Leaving safepoint region
[2025-06-16T00:57:49.604+0000][2787.282s][915][941][info ] Total time for which application threads were stopped: 0.0001945 seconds, Stopping threads took: 0.0000400 seconds
[2025-06-16T00:57:50.605+0000][2788.282s][915][941][info ] Application time: 1.0001117 seconds
[2025-06-16T00:57:50.605+0000][2788.282s][915][941][info ] Entering safepoint region: Cleanup
[2025-06-16T00:57:50.605+0000][2788.282s][915][941][info ] Leaving safepoint region
[2025-06-16T00:57:50.605+0000][2788.282s][915][941][info ] Total time for which application threads were stopped: 0.0001871 seconds, Stopping threads took: 0.0000380 seconds
[2025-06-16T00:57:51.605+0000][2789.282s][915][941][info ] Application time: 1.0000964 seconds
[2025-06-16T00:57:51.605+0000][2789.283s][915][941][info ] Entering safepoint region: Cleanup
[2025-06-16T00:57:51.605+0000][2789.283s][915][941][info ] Leaving safepoint region
[2025-06-16T00:57:51.605+0000][2789.283s][915][941][info ] Total time for which application threads were stopped: 0.0001973 seconds, Stopping threads took: 0.0000418 seconds
[2025-06-16T00:57:52.605+0000][2790.283s][915][941][info ] Application time: 1.0001037 seconds
[2025-06-16T00:57:52.605+0000][2790.283s][915][941][info ] Entering safepoint region: Cleanup
[2025-06-16T00:57:52.606+0000][2790.283s][915][941][info ] Leaving safepoint region
[2025-06-16T00:57:52.606+0000][2790.283s][915][941][info ] Total time for which application threads were stopped: 0.0002090 seconds, Stopping threads took: 0.0000449 seconds
[2025-06-16T00:57:53.606+0000][2791.283s][915][941][info ] Application time: 1.0001152 seconds
[2025-06-16T00:57:53.606+0000][2791.283s][915][941][info ] Entering safepoint region: Cleanup
[2025-06-16T00:57:53.606+0000][2791.284s][915][941][info ] Leaving safepoint region
[2025-06-16T00:57:53.606+0000][2791.284s][915][941][info ] Total time for which application threads were stopped: 0.0002040 seconds, Stopping threads took: 0.0000436 seconds
[2025-06-16T00:57:54.606+0000][2792.284s][915][941][info ] Application time: 1.0001028 seconds
[2025-06-16T00:57:54.606+0000][2792.284s][915][941][info ] Entering safepoint region: Cleanup
[2025-06-16T00:57:54.606+0000][2792.284s][915][941][info ] Leaving safepoint region
[2025-06-16T00:57:54.606+0000][2792.284s][915][941][info ] Total time for which application threads were stopped: 0.0002232 seconds, Stopping threads took: 0.0000448 seconds
[2025-06-16T00:57:55.607+0000][2793.284s][915][941][info ] Application time: 1.0000990 seconds
[2025-06-16T00:57:55.607+0000][2793.284s][915][941][info ] Entering safepoint region: Cleanup
[2025-06-16T00:57:55.607+0000][2793.284s][915][941][info ] Leaving safepoint region
[2025-06-16T00:57:55.607+0000][2793.284s][915][941][info ] Total time for which application threads were stopped: 0.0002450 seconds, Stopping threads took: 0.0000424 seconds
[2025-06-16T00:57:56.607+0000][2794.285s][915][941][info ] Application time: 1.0001132 seconds
[2025-06-16T00:57:56.607+0000][2794.285s][915][941][info ] Entering safepoint region: Cleanup
[2025-06-16T00:57:56.607+0000][2794.285s][915][941][info ] Leaving safepoint region
[2025-06-16T00:57:56.608+0000][2794.285s][915][941][info ] Total time for which application threads were stopped: 0.0003456 seconds, Stopping threads took: 0.0000654 seconds
[2025-06-16T00:57:57.396+0000][2795.073s][915][940][trace] CMS: promo attempt is safe: available(6912212992) >= av_promo(0), max_promo(1101215536)
[2025-06-16T00:57:57.608+0000][2795.285s][915][941][info ] Application time: 1.0001042 seconds
[2025-06-16T00:57:57.608+0000][2795.285s][915][941][info ] Entering safepoint region: Cleanup
[2025-06-16T00:57:57.608+0000][2795.285s][915][941][info ] Leaving safepoint region
[2025-06-16T00:57:57.608+0000][2795.285s][915][941][info ] Total time for which application threads were stopped: 0.0002059 seconds, Stopping threads took: 0.0000440 seconds
[2025-06-16T00:57:58.608+0000][2796.286s][915][941][info ] Application time: 1.0000969 seconds
[2025-06-16T00:57:58.608+0000][2796.286s][915][941][info ] Entering safepoint region: Cleanup
[2025-06-16T00:57:58.608+0000][2796.286s][915][941][info ] Leaving safepoint region
[2025-06-16T00:57:58.608+0000][2796.286s][915][941][info ] Total time for which application threads were stopped: 0.0002083 seconds, Stopping threads took: 0.0000449 seconds
[2025-06-16T00:57:59.608+0000][2797.286s][915][941][info ] Application time: 1.0000907 seconds
[2025-06-16T00:57:59.609+0000][2797.286s][915][941][info ] Entering safepoint region: Cleanup
[2025-06-16T00:57:59.609+0000][2797.286s][915][941][info ] Leaving safepoint region
[2025-06-16T00:57:59.609+0000][2797.286s][915][941][info ] Total time for which application threads were stopped: 0.0001949 seconds, Stopping threads took: 0.0000358 seconds
[2025-06-16T00:58:00.609+0000][2798.286s][915][941][info ] Application time: 1.0001146 seconds
[2025-06-16T00:58:00.609+0000][2798.286s][915][941][info ] Entering safepoint region: Cleanup
[2025-06-16T00:58:00.609+0000][2798.287s][915][941][info ] Leaving safepoint region
[2025-06-16T00:58:00.609+0000][2798.287s][915][941][info ] Total time for which application threads were stopped: 0.0001848 seconds, Stopping threads took: 0.0000359 seconds
[2025-06-16T00:58:01.609+0000][2799.287s][915][941][info ] Application time: 1.0001125 seconds
[2025-06-16T00:58:01.609+0000][2799.287s][915][941][info ] Entering safepoint region: Cleanup
[2025-06-16T00:58:01.610+0000][2799.287s][915][941][info ] Leaving safepoint region
[2025-06-16T00:58:01.610+0000][2799.287s][915][941][info ] Total time for which application threads were stopped: 0.0002959 seconds, Stopping threads took: 0.0000707 seconds
[2025-06-16T00:58:02.610+0000][2800.287s][915][941][info ] Application time: 1.0001120 seconds
[2025-06-16T00:58:02.610+0000][2800.287s][915][941][info ] Entering safepoint region: Cleanup
[2025-06-16T00:58:02.610+0000][2800.288s][915][941][info ] Leaving safepoint region
[2025-06-16T00:58:02.610+0000][2800.288s][915][941][info ] Total time for which application threads were stopped: 0.0001948 seconds, Stopping threads took: 0.0000427 seconds
[2025-06-16T00:58:03.610+0000][2801.288s][915][941][info ] Application time: 1.0000965 seconds
[2025-06-16T00:58:03.610+0000][2801.288s][915][941][info ] Entering safepoint region: Cleanup
[2025-06-16T00:58:03.610+0000][2801.288s][915][941][info ] Leaving safepoint region
[2025-06-16T00:58:03.610+0000][2801.288s][915][941][info ] Total time for which application threads were stopped: 0.0001819 seconds, Stopping threads took: 0.0000362 seconds
[2025-06-16T00:58:04.611+0000][2802.288s][915][941][info ] Application time: 1.0001052 seconds
[2025-06-16T00:58:04.611+0000][2802.288s][915][941][info ] Entering safepoint region: Cleanup
[2025-06-16T00:58:04.611+0000][2802.288s][915][941][info ] Leaving safepoint region
[2025-06-16T00:58:04.611+0000][2802.288s][915][941][info ] Total time for which application threads were stopped: 0.0002155 seconds, Stopping threads took: 0.0000473 seconds
[2025-06-16T00:58:05.611+0000][2803.288s][915][941][info ] Application time: 1.0001043 seconds
[2025-06-16T00:58:05.611+0000][2803.289s][915][941][info ] Entering safepoint region: Cleanup
[2025-06-16T00:58:05.611+0000][2803.289s][915][941][info ] Leaving safepoint region
[2025-06-16T00:58:05.611+0000][2803.289s][915][941][info ] Total time for which application threads were stopped: 0.0001960 seconds, Stopping threads took: 0.0000417 seconds
[2025-06-16T00:58:06.611+0000][2804.289s][915][941][info ] Application time: 1.0000982 seconds
[2025-06-16T00:58:06.611+0000][2804.289s][915][941][info ] Entering safepoint region: Cleanup
[2025-06-16T00:58:06.612+0000][2804.289s][915][941][info ] Leaving safepoint region
[2025-06-16T00:58:06.612+0000][2804.289s][915][941][info ] Total time for which application threads were stopped: 0.0001953 seconds, Stopping threads took: 0.0000394 seconds
[2025-06-16T00:58:07.396+0000][2805.073s][915][940][trace] CMS: promo attempt is safe: available(6912212992) >= av_promo(0), max_promo(1101215536)
[2025-06-16T00:58:07.612+0000][2805.289s][915][941][info ] Application time: 1.0001020 seconds
[2025-06-16T00:58:07.612+0000][2805.289s][915][941][info ] Entering safepoint region: Cleanup
[2025-06-16T00:58:07.612+0000][2805.289s][915][941][info ] Leaving safepoint region
[2025-06-16T00:58:07.612+0000][2805.290s][915][941][info ] Total time for which application threads were stopped: 0.0002260 seconds, Stopping threads took: 0.0000458 seconds
[2025-06-16T00:58:08.612+0000][2806.290s][915][941][info ] Application time: 1.0001170 seconds
[2025-06-16T00:58:08.612+0000][2806.290s][915][941][info ] Entering safepoint region: Cleanup
[2025-06-16T00:58:08.612+0000][2806.290s][915][941][info ] Leaving safepoint region
[2025-06-16T00:58:08.612+0000][2806.290s][915][941][info ] Total time for which application threads were stopped: 0.0002366 seconds, Stopping threads took: 0.0000531 seconds
[2025-06-16T00:58:09.613+0000][2807.290s][915][941][info ] Application time: 1.0001104 seconds
[2025-06-16T00:58:09.613+0000][2807.290s][915][941][info ] Entering safepoint region: Cleanup
[2025-06-16T00:58:09.613+0000][2807.290s][915][941][info ] Leaving safepoint region
[2025-06-16T00:58:09.613+0000][2807.290s][915][941][info ] Total time for which application threads were stopped: 0.0002411 seconds, Stopping threads took: 0.0000725 seconds
[2025-06-16T00:58:10.613+0000][2808.291s][915][941][info ] Application time: 1.0001100 seconds
[2025-06-16T00:58:10.613+0000][2808.291s][915][941][info ] Entering safepoint region: Cleanup
[2025-06-16T00:58:10.613+0000][2808.291s][915][941][info ] Leaving safepoint region
[2025-06-16T00:58:10.613+0000][2808.291s][915][941][info ] Total time for which application threads were stopped: 0.0002812 seconds, Stopping threads took: 0.0000504 seconds
[2025-06-16T00:58:11.614+0000][2809.291s][915][941][info ] Application time: 1.0001203 seconds
[2025-06-16T00:58:11.614+0000][2809.291s][915][941][info ] Entering safepoint region: Cleanup
[2025-06-16T00:58:11.614+0000][2809.291s][915][941][info ] Leaving safepoint region
[2025-06-16T00:58:11.614+0000][2809.291s][915][941][info ] Total time for which application threads were stopped: 0.0002617 seconds, Stopping threads took: 0.0000411 seconds
[2025-06-16T00:58:12.614+0000][2810.292s][915][941][info ] Application time: 1.0001449 seconds
[2025-06-16T00:58:12.614+0000][2810.292s][915][941][info ] Entering safepoint region: Cleanup
[2025-06-16T00:58:12.615+0000][2810.292s][915][941][info ] Leaving safepoint region
[2025-06-16T00:58:12.615+0000][2810.292s][915][941][info ] Total time for which application threads were stopped: 0.0004544 seconds, Stopping threads took: 0.0000935 seconds
[2025-06-16T00:58:13.615+0000][2811.292s][915][941][info ] Application time: 1.0001291 seconds
[2025-06-16T00:58:13.615+0000][2811.293s][915][941][info ] Entering safepoint region: Cleanup
[2025-06-16T00:58:13.615+0000][2811.293s][915][941][info ] Leaving safepoint region
[2025-06-16T00:58:13.615+0000][2811.293s][915][941][info ] Total time for which application threads were stopped: 0.0004411 seconds, Stopping threads took: 0.0000859 seconds
[2025-06-16T00:58:14.616+0000][2812.293s][915][941][info ] Application time: 1.0000944 seconds
[2025-06-16T00:58:14.616+0000][2812.293s][915][941][info ] Entering safepoint region: Cleanup
[2025-06-16T00:58:14.616+0000][2812.293s][915][941][info ] Leaving safepoint region
[2025-06-16T00:58:14.616+0000][2812.293s][915][941][info ] Total time for which application threads were stopped: 0.0002216 seconds, Stopping threads took: 0.0000519 seconds
[2025-06-16T00:58:15.616+0000][2813.293s][915][941][info ] Application time: 1.0001069 seconds
[2025-06-16T00:58:15.616+0000][2813.294s][915][941][info ] Entering safepoint region: Cleanup
[2025-06-16T00:58:15.616+0000][2813.294s][915][941][info ] Leaving safepoint region
[2025-06-16T00:58:15.616+0000][2813.294s][915][941][info ] Total time for which application threads were stopped: 0.0002051 seconds, Stopping threads took: 0.0000427 seconds
[2025-06-16T00:58:16.616+0000][2814.294s][915][941][info ] Application time: 1.0001035 seconds
[2025-06-16T00:58:16.616+0000][2814.294s][915][941][info ] Entering safepoint region: Cleanup
[2025-06-16T00:58:16.617+0000][2814.294s][915][941][info ] Leaving safepoint region
[2025-06-16T00:58:16.617+0000][2814.294s][915][941][info ] Total time for which application threads were stopped: 0.0001946 seconds, Stopping threads took: 0.0000363 seconds
[2025-06-16T00:58:17.396+0000][2815.073s][915][940][trace] CMS: promo attempt is safe: available(6912212992) >= av_promo(0), max_promo(1101215536)
[2025-06-16T00:58:17.617+0000][2815.294s][915][941][info ] Application time: 1.0000935 seconds
[2025-06-16T00:58:17.617+0000][2815.294s][915][941][info ] Entering safepoint region: Cleanup
[2025-06-16T00:58:17.617+0000][2815.294s][915][941][info ] Leaving safepoint region
[2025-06-16T00:58:17.617+0000][2815.294s][915][941][info ] Total time for which application threads were stopped: 0.0001911 seconds, Stopping threads took: 0.0000464 seconds
[2025-06-16T00:58:18.617+0000][2816.295s][915][941][info ] Application time: 1.0001215 seconds
[2025-06-16T00:58:18.617+0000][2816.295s][915][941][info ] Entering safepoint region: Cleanup
[2025-06-16T00:58:18.617+0000][2816.295s][915][941][info ] Leaving safepoint region
[2025-06-16T00:58:18.617+0000][2816.295s][915][941][info ] Total time for which application threads were stopped: 0.0002155 seconds, Stopping threads took: 0.0000430 seconds
[2025-06-16T00:58:19.618+0000][2817.295s][915][941][info ] Application time: 1.0001051 seconds
[2025-06-16T00:58:19.618+0000][2817.295s][915][941][info ] Entering safepoint region: Cleanup
[2025-06-16T00:58:19.618+0000][2817.295s][915][941][info ] Leaving safepoint region
[2025-06-16T00:58:19.618+0000][2817.295s][915][941][info ] Total time for which application threads were stopped: 0.0002686 seconds, Stopping threads took: 0.0000393 seconds
[2025-06-16T00:58:20.618+0000][2818.295s][915][941][info ] Application time: 1.0000921 seconds
[2025-06-16T00:58:20.618+0000][2818.296s][915][941][info ] Entering safepoint region: Cleanup
[2025-06-16T00:58:20.618+0000][2818.296s][915][941][info ] Leaving safepoint region
[2025-06-16T00:58:20.618+0000][2818.296s][915][941][info ] Total time for which application threads were stopped: 0.0001757 seconds, Stopping threads took: 0.0000375 seconds
[2025-06-16T00:58:21.618+0000][2819.296s][915][941][info ] Application time: 1.0001053 seconds
[2025-06-16T00:58:21.618+0000][2819.296s][915][941][info ] Entering safepoint region: Cleanup
[2025-06-16T00:58:21.619+0000][2819.296s][915][941][info ] Leaving safepoint region
[2025-06-16T00:58:21.619+0000][2819.296s][915][941][info ] Total time for which application threads were stopped: 0.0002115 seconds, Stopping threads took: 0.0000436 seconds
[2025-06-16T00:58:22.619+0000][2820.296s][915][941][info ] Application time: 1.0001393 seconds
[2025-06-16T00:58:22.619+0000][2820.296s][915][941][info ] Entering safepoint region: Cleanup
[2025-06-16T00:58:22.619+0000][2820.297s][915][941][info ] Leaving safepoint region
[2025-06-16T00:58:22.619+0000][2820.297s][915][941][info ] Total time for which application threads were stopped: 0.0002129 seconds, Stopping threads took: 0.0000425 seconds
[2025-06-16T00:58:23.619+0000][2821.297s][915][941][info ] Application time: 1.0001352 seconds
[2025-06-16T00:58:23.619+0000][2821.297s][915][941][info ] Entering safepoint region: Cleanup
[2025-06-16T00:58:23.620+0000][2821.297s][915][941][info ] Leaving safepoint region
[2025-06-16T00:58:23.620+0000][2821.297s][915][941][info ] Total time for which application threads were stopped: 0.0001913 seconds, Stopping threads took: 0.0000392 seconds
[2025-06-16T00:58:24.620+0000][2822.297s][915][941][info ] Application time: 1.0000990 seconds
[2025-06-16T00:58:24.620+0000][2822.297s][915][941][info ] Entering safepoint region: Cleanup
[2025-06-16T00:58:24.620+0000][2822.297s][915][941][info ] Leaving safepoint region
[2025-06-16T00:58:24.620+0000][2822.297s][915][941][info ] Total time for which application threads were stopped: 0.0002239 seconds, Stopping threads took: 0.0000398 seconds
[2025-06-16T00:58:25.620+0000][2823.298s][915][941][info ] Application time: 1.0000940 seconds
[2025-06-16T00:58:25.620+0000][2823.298s][915][941][info ] Entering safepoint region: Cleanup
[2025-06-16T00:58:25.620+0000][2823.298s][915][941][info ] Leaving safepoint region
[2025-06-16T00:58:25.620+0000][2823.298s][915][941][info ] Total time for which application threads were stopped: 0.0002071 seconds, Stopping threads took: 0.0000442 seconds
[2025-06-16T00:58:26.620+0000][2824.298s][915][941][info ] Application time: 1.0000871 seconds
[2025-06-16T00:58:26.621+0000][2824.298s][915][941][info ] Entering safepoint region: Cleanup
[2025-06-16T00:58:26.621+0000][2824.298s][915][941][info ] Leaving safepoint region
[2025-06-16T00:58:26.621+0000][2824.298s][915][941][info ] Total time for which application threads were stopped: 0.0001832 seconds, Stopping threads took: 0.0000401 seconds
[2025-06-16T00:58:27.396+0000][2825.073s][915][940][trace] CMS: promo attempt is safe: available(6912212992) >= av_promo(0), max_promo(1101215536)
[2025-06-16T00:58:27.621+0000][2825.298s][915][941][info ] Application time: 1.0000924 seconds
[2025-06-16T00:58:27.621+0000][2825.298s][915][941][info ] Entering safepoint region: Cleanup
[2025-06-16T00:58:27.621+0000][2825.299s][915][941][info ] Leaving safepoint region
[2025-06-16T00:58:27.621+0000][2825.299s][915][941][info ] Total time for which application threads were stopped: 0.0002413 seconds, Stopping threads took: 0.0000450 seconds
[2025-06-16T00:58:28.621+0000][2826.299s][915][941][info ] Application time: 1.0000981 seconds
[2025-06-16T00:58:28.621+0000][2826.299s][915][941][info ] Entering safepoint region: Cleanup
[2025-06-16T00:58:28.622+0000][2826.299s][915][941][info ] Leaving safepoint region
[2025-06-16T00:58:28.622+0000][2826.299s][915][941][info ] Total time for which application threads were stopped: 0.0001969 seconds, Stopping threads took: 0.0000412 seconds
[2025-06-16T00:58:29.622+0000][2827.299s][915][941][info ] Application time: 1.0001129 seconds
[2025-06-16T00:58:29.622+0000][2827.299s][915][941][info ] Entering safepoint region: Cleanup
[2025-06-16T00:58:29.622+0000][2827.300s][915][941][info ] Leaving safepoint region
[2025-06-16T00:58:29.622+0000][2827.300s][915][941][info ] Total time for which application threads were stopped: 0.0002755 seconds, Stopping threads took: 0.0000643 seconds
[2025-06-16T00:58:30.622+0000][2828.300s][915][941][info ] Application time: 1.0000956 seconds
[2025-06-16T00:58:30.622+0000][2828.300s][915][941][info ] Entering safepoint region: Cleanup
[2025-06-16T00:58:30.622+0000][2828.300s][915][941][info ] Leaving safepoint region
[2025-06-16T00:58:30.622+0000][2828.300s][915][941][info ] Total time for which application threads were stopped: 0.0002030 seconds, Stopping threads took: 0.0000382 seconds
[2025-06-16T00:58:31.623+0000][2829.300s][915][941][info ] Application time: 1.0001023 seconds
[2025-06-16T00:58:31.623+0000][2829.300s][915][941][info ] Entering safepoint region: Cleanup
[2025-06-16T00:58:31.623+0000][2829.300s][915][941][info ] Leaving safepoint region
[2025-06-16T00:58:31.623+0000][2829.300s][915][941][info ] Total time for which application threads were stopped: 0.0002423 seconds, Stopping threads took: 0.0000506 seconds
[2025-06-16T00:58:32.623+0000][2830.300s][915][941][info ] Application time: 1.0001016 seconds
[2025-06-16T00:58:32.623+0000][2830.301s][915][941][info ] Entering safepoint region: Cleanup
[2025-06-16T00:58:32.623+0000][2830.301s][915][941][info ] Leaving safepoint region
[2025-06-16T00:58:32.623+0000][2830.301s][915][941][info ] Total time for which application threads were stopped: 0.0001734 seconds, Stopping threads took: 0.0000358 seconds
[2025-06-16T00:58:33.623+0000][2831.301s][915][941][info ] Application time: 1.0000863 seconds
[2025-06-16T00:58:33.623+0000][2831.301s][915][941][info ] Entering safepoint region: Cleanup
[2025-06-16T00:58:33.624+0000][2831.301s][915][941][info ] Leaving safepoint region
[2025-06-16T00:58:33.624+0000][2831.301s][915][941][info ] Total time for which application threads were stopped: 0.0002119 seconds, Stopping threads took: 0.0000481 seconds
[2025-06-16T00:58:34.624+0000][2832.301s][915][941][info ] Application time: 1.0001510 seconds
[2025-06-16T00:58:34.624+0000][2832.301s][915][941][info ] Entering safepoint region: Cleanup
[2025-06-16T00:58:34.624+0000][2832.302s][915][941][info ] Leaving safepoint region
[2025-06-16T00:58:34.624+0000][2832.302s][915][941][info ] Total time for which application threads were stopped: 0.0002938 seconds, Stopping threads took: 0.0000663 seconds
[2025-06-16T00:58:35.624+0000][2833.302s][915][941][info ] Application time: 1.0001030 seconds
[2025-06-16T00:58:35.624+0000][2833.302s][915][941][info ] Entering safepoint region: Cleanup
[2025-06-16T00:58:35.625+0000][2833.302s][915][941][info ] Leaving safepoint region
[2025-06-16T00:58:35.625+0000][2833.302s][915][941][info ] Total time for which application threads were stopped: 0.0002131 seconds, Stopping threads took: 0.0000429 seconds
[2025-06-16T00:58:36.625+0000][2834.302s][915][941][info ] Application time: 1.0000864 seconds
[2025-06-16T00:58:36.625+0000][2834.302s][915][941][info ] Entering safepoint region: Cleanup
[2025-06-16T00:58:36.625+0000][2834.302s][915][941][info ] Leaving safepoint region
[2025-06-16T00:58:36.625+0000][2834.302s][915][941][info ] Total time for which application threads were stopped: 0.0001661 seconds, Stopping threads took: 0.0000320 seconds
[2025-06-16T00:58:37.395+0000][2835.073s][915][940][trace] CMS: promo attempt is safe: available(6912212992) >= av_promo(0), max_promo(1101215536)
[2025-06-16T00:58:37.625+0000][2835.303s][915][941][info ] Application time: 1.0000905 seconds
[2025-06-16T00:58:37.625+0000][2835.303s][915][941][info ] Entering safepoint region: Cleanup
[2025-06-16T00:58:37.625+0000][2835.303s][915][941][info ] Leaving safepoint region
[2025-06-16T00:58:37.625+0000][2835.303s][915][941][info ] Total time for which application threads were stopped: 0.0001837 seconds, Stopping threads took: 0.0000378 seconds
[2025-06-16T00:58:38.625+0000][2836.303s][915][941][info ] Application time: 1.0001049 seconds
[2025-06-16T00:58:38.626+0000][2836.303s][915][941][info ] Entering safepoint region: Cleanup
[2025-06-16T00:58:38.626+0000][2836.303s][915][941][info ] Leaving safepoint region
[2025-06-16T00:58:38.626+0000][2836.303s][915][941][info ] Total time for which application threads were stopped: 0.0002175 seconds, Stopping threads took: 0.0000461 seconds
[2025-06-16T00:58:39.626+0000][2837.303s][915][941][info ] Application time: 1.0000676 seconds
[2025-06-16T00:58:39.626+0000][2837.303s][915][941][info ] Entering safepoint region: Cleanup
[2025-06-16T00:58:39.626+0000][2837.303s][915][941][info ] Leaving safepoint region
[2025-06-16T00:58:39.626+0000][2837.304s][915][941][info ] Total time for which application threads were stopped: 0.0001741 seconds, Stopping threads took: 0.0000356 seconds
[2025-06-16T00:58:40.626+0000][2838.304s][915][941][info ] Application time: 1.0000938 seconds
[2025-06-16T00:58:40.626+0000][2838.304s][915][941][info ] Entering safepoint region: Cleanup
[2025-06-16T00:58:40.626+0000][2838.304s][915][941][info ] Leaving safepoint region
[2025-06-16T00:58:40.626+0000][2838.304s][915][941][info ] Total time for which application threads were stopped: 0.0001960 seconds, Stopping threads took: 0.0000391 seconds
[2025-06-16T00:58:41.626+0000][2839.304s][915][941][info ] Application time: 1.0000860 seconds
[2025-06-16T00:58:41.627+0000][2839.304s][915][941][info ] Entering safepoint region: Cleanup
[2025-06-16T00:58:41.627+0000][2839.304s][915][941][info ] Leaving safepoint region
[2025-06-16T00:58:41.627+0000][2839.304s][915][941][info ] Total time for which application threads were stopped: 0.0001855 seconds, Stopping threads took: 0.0000399 seconds
[2025-06-16T00:58:42.627+0000][2840.304s][915][941][info ] Application time: 1.0000904 seconds
[2025-06-16T00:58:42.627+0000][2840.304s][915][941][info ] Entering safepoint region: Cleanup
[2025-06-16T00:58:42.627+0000][2840.305s][915][941][info ] Leaving safepoint region
[2025-06-16T00:58:42.627+0000][2840.305s][915][941][info ] Total time for which application threads were stopped: 0.0001831 seconds, Stopping threads took: 0.0000344 seconds
[2025-06-16T00:58:43.627+0000][2841.305s][915][941][info ] Application time: 1.0001057 seconds
[2025-06-16T00:58:43.627+0000][2841.305s][915][941][info ] Entering safepoint region: Cleanup
[2025-06-16T00:58:43.627+0000][2841.305s][915][941][info ] Leaving safepoint region
[2025-06-16T00:58:43.627+0000][2841.305s][915][941][info ] Total time for which application threads were stopped: 0.0001979 seconds, Stopping threads took: 0.0000473 seconds
[2025-06-16T00:58:44.628+0000][2842.305s][915][941][info ] Application time: 1.0000957 seconds
[2025-06-16T00:58:44.628+0000][2842.305s][915][941][info ] Entering safepoint region: Cleanup
[2025-06-16T00:58:44.628+0000][2842.305s][915][941][info ] Leaving safepoint region
[2025-06-16T00:58:44.628+0000][2842.305s][915][941][info ] Total time for which application threads were stopped: 0.0002020 seconds, Stopping threads took: 0.0000533 seconds
[2025-06-16T00:58:45.628+0000][2843.305s][915][941][info ] Application time: 1.0000989 seconds
[2025-06-16T00:58:45.628+0000][2843.306s][915][941][info ] Entering safepoint region: Cleanup
[2025-06-16T00:58:45.628+0000][2843.306s][915][941][info ] Leaving safepoint region
[2025-06-16T00:58:45.628+0000][2843.306s][915][941][info ] Total time for which application threads were stopped: 0.0001844 seconds, Stopping threads took: 0.0000388 seconds
[2025-06-16T00:58:46.628+0000][2844.306s][915][941][info ] Application time: 1.0001029 seconds
[2025-06-16T00:58:46.628+0000][2844.306s][915][941][info ] Entering safepoint region: Cleanup
[2025-06-16T00:58:46.629+0000][2844.306s][915][941][info ] Leaving safepoint region
[2025-06-16T00:58:46.629+0000][2844.306s][915][941][info ] Total time for which application threads were stopped: 0.0002290 seconds, Stopping threads took: 0.0000625 seconds
[2025-06-16T00:58:47.395+0000][2845.072s][915][940][trace] CMS: promo attempt is safe: available(6912212992) >= av_promo(0), max_promo(1101215536)
[2025-06-16T00:58:47.629+0000][2845.306s][915][941][info ] Application time: 1.0001009 seconds
[2025-06-16T00:58:47.629+0000][2845.306s][915][941][info ] Entering safepoint region: Cleanup
[2025-06-16T00:58:47.629+0000][2845.307s][915][941][info ] Leaving safepoint region
[2025-06-16T00:58:47.629+0000][2845.307s][915][941][info ] Total time for which application threads were stopped: 0.0002150 seconds, Stopping threads took: 0.0000401 seconds
[2025-06-16T00:58:48.629+0000][2846.307s][915][941][info ] Application time: 1.0000864 seconds
[2025-06-16T00:58:48.629+0000][2846.307s][915][941][info ] Entering safepoint region: Cleanup
[2025-06-16T00:58:48.629+0000][2846.307s][915][941][info ] Leaving safepoint region
[2025-06-16T00:58:48.629+0000][2846.307s][915][941][info ] Total time for which application threads were stopped: 0.0001661 seconds, Stopping threads took: 0.0000329 seconds
[2025-06-16T00:58:49.630+0000][2847.307s][915][941][info ] Application time: 1.0000933 seconds
[2025-06-16T00:58:49.630+0000][2847.307s][915][941][info ] Entering safepoint region: Cleanup
[2025-06-16T00:58:49.630+0000][2847.307s][915][941][info ] Leaving safepoint region
[2025-06-16T00:58:49.630+0000][2847.307s][915][941][info ] Total time for which application threads were stopped: 0.0002341 seconds, Stopping threads took: 0.0000385 seconds
[2025-06-16T00:58:50.630+0000][2848.307s][915][941][info ] Application time: 1.0001000 seconds
[2025-06-16T00:58:50.630+0000][2848.308s][915][941][info ] Entering safepoint region: Cleanup
[2025-06-16T00:58:50.630+0000][2848.308s][915][941][info ] Leaving safepoint region
[2025-06-16T00:58:50.630+0000][2848.308s][915][941][info ] Total time for which application threads were stopped: 0.0001971 seconds, Stopping threads took: 0.0000487 seconds
[2025-06-16T00:58:51.630+0000][2849.308s][915][941][info ] Application time: 1.0000927 seconds
[2025-06-16T00:58:51.630+0000][2849.308s][915][941][info ] Entering safepoint region: Cleanup
[2025-06-16T00:58:51.631+0000][2849.308s][915][941][info ] Leaving safepoint region
[2025-06-16T00:58:51.631+0000][2849.308s][915][941][info ] Total time for which application threads were stopped: 0.0001916 seconds, Stopping threads took: 0.0000406 seconds
[2025-06-16T00:58:52.631+0000][2850.308s][915][941][info ] Application time: 1.0000986 seconds
[2025-06-16T00:58:52.631+0000][2850.308s][915][941][info ] Entering safepoint region: Cleanup
[2025-06-16T00:58:52.631+0000][2850.308s][915][941][info ] Leaving safepoint region
[2025-06-16T00:58:52.631+0000][2850.308s][915][941][info ] Total time for which application threads were stopped: 0.0001946 seconds, Stopping threads took: 0.0000400 seconds
[2025-06-16T00:58:53.631+0000][2851.309s][915][941][info ] Application time: 1.0000894 seconds
[2025-06-16T00:58:53.631+0000][2851.309s][915][941][info ] Entering safepoint region: Cleanup
[2025-06-16T00:58:53.631+0000][2851.309s][915][941][info ] Leaving safepoint region
[2025-06-16T00:58:53.631+0000][2851.309s][915][941][info ] Total time for which application threads were stopped: 0.0001805 seconds, Stopping threads took: 0.0000351 seconds
[2025-06-16T00:58:54.631+0000][2852.309s][915][941][info ] Application time: 1.0001245 seconds
[2025-06-16T00:58:54.632+0000][2852.309s][915][941][info ] Entering safepoint region: Cleanup
[2025-06-16T00:58:54.632+0000][2852.309s][915][941][info ] Leaving safepoint region
[2025-06-16T00:58:54.632+0000][2852.309s][915][941][info ] Total time for which application threads were stopped: 0.0002081 seconds, Stopping threads took: 0.0000431 seconds
[2025-06-16T00:58:55.632+0000][2853.309s][915][941][info ] Application time: 1.0001117 seconds
[2025-06-16T00:58:55.632+0000][2853.309s][915][941][info ] Entering safepoint region: Cleanup
[2025-06-16T00:58:55.632+0000][2853.310s][915][941][info ] Leaving safepoint region
[2025-06-16T00:58:55.632+0000][2853.310s][915][941][info ] Total time for which application threads were stopped: 0.0001893 seconds, Stopping threads took: 0.0000358 seconds
[2025-06-16T00:58:56.632+0000][2854.310s][915][941][info ] Application time: 1.0000918 seconds
[2025-06-16T00:58:56.632+0000][2854.310s][915][941][info ] Entering safepoint region: Cleanup
[2025-06-16T00:58:56.633+0000][2854.310s][915][941][info ] Leaving safepoint region
[2025-06-16T00:58:56.633+0000][2854.310s][915][941][info ] Total time for which application threads were stopped: 0.0002008 seconds, Stopping threads took: 0.0000522 seconds
[2025-06-16T00:58:57.395+0000][2855.072s][915][940][trace] CMS: promo attempt is safe: available(6912212992) >= av_promo(0), max_promo(1101215536)
[2025-06-16T00:58:57.633+0000][2855.310s][915][941][info ] Application time: 1.0000952 seconds
[2025-06-16T00:58:57.633+0000][2855.310s][915][941][info ] Entering safepoint region: Cleanup
[2025-06-16T00:58:57.633+0000][2855.310s][915][941][info ] Leaving safepoint region
[2025-06-16T00:58:57.633+0000][2855.310s][915][941][info ] Total time for which application threads were stopped: 0.0001783 seconds, Stopping threads took: 0.0000344 seconds
[2025-06-16T00:58:58.633+0000][2856.310s][915][941][info ] Application time: 1.0000900 seconds
[2025-06-16T00:58:58.633+0000][2856.311s][915][941][info ] Entering safepoint region: Cleanup
[2025-06-16T00:58:58.633+0000][2856.311s][915][941][info ] Leaving safepoint region
[2025-06-16T00:58:58.633+0000][2856.311s][915][941][info ] Total time for which application threads were stopped: 0.0002115 seconds, Stopping threads took: 0.0000406 seconds
[2025-06-16T00:58:59.633+0000][2857.311s][915][941][info ] Application time: 1.0000878 seconds
[2025-06-16T00:58:59.633+0000][2857.311s][915][941][info ] Entering safepoint region: Cleanup
[2025-06-16T00:58:59.634+0000][2857.311s][915][941][info ] Leaving safepoint region
[2025-06-16T00:58:59.634+0000][2857.311s][915][941][info ] Total time for which application threads were stopped: 0.0002269 seconds, Stopping threads took: 0.0000439 seconds
[2025-06-16T00:59:00.634+0000][2858.311s][915][941][info ] Application time: 1.0000858 seconds
[2025-06-16T00:59:00.634+0000][2858.311s][915][941][info ] Entering safepoint region: Cleanup
[2025-06-16T00:59:00.634+0000][2858.312s][915][941][info ] Leaving safepoint region
[2025-06-16T00:59:00.634+0000][2858.312s][915][941][info ] Total time for which application threads were stopped: 0.0002093 seconds, Stopping threads took: 0.0000431 seconds
[2025-06-16T00:59:01.634+0000][2859.312s][915][941][info ] Application time: 1.0000881 seconds
[2025-06-16T00:59:01.634+0000][2859.312s][915][941][info ] Entering safepoint region: Cleanup
[2025-06-16T00:59:01.634+0000][2859.312s][915][941][info ] Leaving safepoint region
[2025-06-16T00:59:01.634+0000][2859.312s][915][941][info ] Total time for which application threads were stopped: 0.0001884 seconds, Stopping threads took: 0.0000378 seconds
[2025-06-16T00:59:02.635+0000][2860.312s][915][941][info ] Application time: 1.0000879 seconds
[2025-06-16T00:59:02.635+0000][2860.312s][915][941][info ] Entering safepoint region: Cleanup
[2025-06-16T00:59:02.635+0000][2860.312s][915][941][info ] Leaving safepoint region
[2025-06-16T00:59:02.635+0000][2860.312s][915][941][info ] Total time for which application threads were stopped: 0.0001808 seconds, Stopping threads took: 0.0000372 seconds
[2025-06-16T00:59:03.635+0000][2861.312s][915][941][info ] Application time: 1.0000866 seconds
[2025-06-16T00:59:03.635+0000][2861.312s][915][941][info ] Entering safepoint region: Cleanup
[2025-06-16T00:59:03.635+0000][2861.313s][915][941][info ] Leaving safepoint region
[2025-06-16T00:59:03.635+0000][2861.313s][915][941][info ] Total time for which application threads were stopped: 0.0001654 seconds, Stopping threads took: 0.0000325 seconds
[2025-06-16T00:59:04.635+0000][2862.313s][915][941][info ] Application time: 1.0000859 seconds
[2025-06-16T00:59:04.635+0000][2862.313s][915][941][info ] Entering safepoint region: Cleanup
[2025-06-16T00:59:04.636+0000][2862.313s][915][941][info ] Leaving safepoint region
[2025-06-16T00:59:04.636+0000][2862.313s][915][941][info ] Total time for which application threads were stopped: 0.0002232 seconds, Stopping threads took: 0.0000410 seconds
[2025-06-16T00:59:05.636+0000][2863.313s][915][941][info ] Application time: 1.0001216 seconds
[2025-06-16T00:59:05.636+0000][2863.313s][915][941][info ] Entering safepoint region: Cleanup
[2025-06-16T00:59:05.636+0000][2863.314s][915][941][info ] Leaving safepoint region
[2025-06-16T00:59:05.636+0000][2863.314s][915][941][info ] Total time for which application threads were stopped: 0.0002784 seconds, Stopping threads took: 0.0000734 seconds
[2025-06-16T00:59:06.636+0000][2864.314s][915][941][info ] Application time: 1.0001013 seconds
[2025-06-16T00:59:06.636+0000][2864.314s][915][941][info ] Entering safepoint region: Cleanup
[2025-06-16T00:59:06.636+0000][2864.314s][915][941][info ] Leaving safepoint region
[2025-06-16T00:59:06.636+0000][2864.314s][915][941][info ] Total time for which application threads were stopped: 0.0001987 seconds, Stopping threads took: 0.0000370 seconds
[2025-06-16T00:59:07.395+0000][2865.072s][915][940][trace] CMS: promo attempt is safe: available(6912212992) >= av_promo(0), max_promo(1101215536)
[2025-06-16T00:59:07.637+0000][2865.314s][915][941][info ] Application time: 1.0000965 seconds
[2025-06-16T00:59:07.637+0000][2865.314s][915][941][info ] Entering safepoint region: Cleanup
[2025-06-16T00:59:07.637+0000][2865.314s][915][941][info ] Leaving safepoint region
[2025-06-16T00:59:07.637+0000][2865.314s][915][941][info ] Total time for which application threads were stopped: 0.0001847 seconds, Stopping threads took: 0.0000384 seconds
[2025-06-16T00:59:08.637+0000][2866.314s][915][941][info ] Application time: 1.0000916 seconds
[2025-06-16T00:59:08.637+0000][2866.315s][915][941][info ] Entering safepoint region: Cleanup
[2025-06-16T00:59:08.637+0000][2866.315s][915][941][info ] Leaving safepoint region
[2025-06-16T00:59:08.637+0000][2866.315s][915][941][info ] Total time for which application threads were stopped: 0.0002211 seconds, Stopping threads took: 0.0000433 seconds
[2025-06-16T00:59:09.637+0000][2867.315s][915][941][info ] Application time: 1.0001039 seconds
[2025-06-16T00:59:09.637+0000][2867.315s][915][941][info ] Entering safepoint region: Cleanup
[2025-06-16T00:59:09.638+0000][2867.315s][915][941][info ] Leaving safepoint region
[2025-06-16T00:59:09.638+0000][2867.315s][915][941][info ] Total time for which application threads were stopped: 0.0001789 seconds, Stopping threads took: 0.0000361 seconds
[2025-06-16T00:59:10.638+0000][2868.315s][915][941][info ] Application time: 1.0001090 seconds
[2025-06-16T00:59:10.638+0000][2868.315s][915][941][info ] Entering safepoint region: Cleanup
[2025-06-16T00:59:10.638+0000][2868.316s][915][941][info ] Leaving safepoint region
[2025-06-16T00:59:10.638+0000][2868.316s][915][941][info ] Total time for which application threads were stopped: 0.0002459 seconds, Stopping threads took: 0.0000453 seconds
[2025-06-16T00:59:11.638+0000][2869.316s][915][941][info ] Application time: 1.0000931 seconds
[2025-06-16T00:59:11.638+0000][2869.316s][915][941][info ] Entering safepoint region: Cleanup
[2025-06-16T00:59:11.638+0000][2869.316s][915][941][info ] Leaving safepoint region
[2025-06-16T00:59:11.638+0000][2869.316s][915][941][info ] Total time for which application threads were stopped: 0.0002460 seconds, Stopping threads took: 0.0000489 seconds
[2025-06-16T00:59:12.639+0000][2870.316s][915][941][info ] Application time: 1.0001105 seconds
[2025-06-16T00:59:12.639+0000][2870.316s][915][941][info ] Entering safepoint region: Cleanup
[2025-06-16T00:59:12.639+0000][2870.317s][915][941][info ] Leaving safepoint region
[2025-06-16T00:59:12.639+0000][2870.317s][915][941][info ] Total time for which application threads were stopped: 0.0005459 seconds, Stopping threads took: 0.0000866 seconds
[2025-06-16T00:59:13.639+0000][2871.317s][915][941][info ] Application time: 1.0000992 seconds
[2025-06-16T00:59:13.640+0000][2871.317s][915][941][info ] Entering safepoint region: Cleanup
[2025-06-16T00:59:13.640+0000][2871.317s][915][941][info ] Leaving safepoint region
[2025-06-16T00:59:13.640+0000][2871.317s][915][941][info ] Total time for which application threads were stopped: 0.0002099 seconds, Stopping threads took: 0.0000465 seconds
[2025-06-16T00:59:14.640+0000][2872.317s][915][941][info ] Application time: 1.0000926 seconds
[2025-06-16T00:59:14.640+0000][2872.317s][915][941][info ] Entering safepoint region: Cleanup
[2025-06-16T00:59:14.640+0000][2872.318s][915][941][info ] Leaving safepoint region
[2025-06-16T00:59:14.640+0000][2872.318s][915][941][info ] Total time for which application threads were stopped: 0.0001831 seconds, Stopping threads took: 0.0000373 seconds
[2025-06-16T00:59:15.640+0000][2873.318s][915][941][info ] Application time: 1.0000980 seconds
[2025-06-16T00:59:15.640+0000][2873.318s][915][941][info ] Entering safepoint region: Cleanup
[2025-06-16T00:59:15.640+0000][2873.318s][915][941][info ] Leaving safepoint region
[2025-06-16T00:59:15.640+0000][2873.318s][915][941][info ] Total time for which application threads were stopped: 0.0001900 seconds, Stopping threads took: 0.0000425 seconds
[2025-06-16T00:59:16.642+0000][2874.319s][915][941][info ] Application time: 1.0013036 seconds
[2025-06-16T00:59:16.642+0000][2874.319s][915][941][info ] Entering safepoint region: Cleanup
[2025-06-16T00:59:16.642+0000][2874.320s][915][941][info ] Leaving safepoint region
[2025-06-16T00:59:16.642+0000][2874.320s][915][941][info ] Total time for which application threads were stopped: 0.0004187 seconds, Stopping threads took: 0.0000710 seconds
[2025-06-16T00:59:17.395+0000][2875.072s][915][940][trace] CMS: promo attempt is safe: available(6912212992) >= av_promo(0), max_promo(1101215536)
[2025-06-16T00:59:17.642+0000][2875.320s][915][941][info ] Application time: 1.0001337 seconds
[2025-06-16T00:59:17.643+0000][2875.320s][915][941][info ] Entering safepoint region: Cleanup
[2025-06-16T00:59:17.643+0000][2875.320s][915][941][info ] Leaving safepoint region
[2025-06-16T00:59:17.643+0000][2875.320s][915][941][info ] Total time for which application threads were stopped: 0.0003371 seconds, Stopping threads took: 0.0000714 seconds
[2025-06-16T00:59:18.643+0000][2876.321s][915][941][info ] Application time: 1.0001238 seconds
[2025-06-16T00:59:18.643+0000][2876.321s][915][941][info ] Entering safepoint region: Cleanup
[2025-06-16T00:59:18.643+0000][2876.321s][915][941][info ] Leaving safepoint region
[2025-06-16T00:59:18.643+0000][2876.321s][915][941][info ] Total time for which application threads were stopped: 0.0002187 seconds, Stopping threads took: 0.0000523 seconds
[2025-06-16T00:59:19.643+0000][2877.321s][915][941][info ] Application time: 1.0000891 seconds
[2025-06-16T00:59:19.644+0000][2877.321s][915][941][info ] Entering safepoint region: Cleanup
[2025-06-16T00:59:19.644+0000][2877.321s][915][941][info ] Leaving safepoint region
[2025-06-16T00:59:19.644+0000][2877.321s][915][941][info ] Total time for which application threads were stopped: 0.0002240 seconds, Stopping threads took: 0.0000434 seconds
[2025-06-16T00:59:20.644+0000][2878.321s][915][941][info ] Application time: 1.0001016 seconds
[2025-06-16T00:59:20.644+0000][2878.321s][915][941][info ] Entering safepoint region: Cleanup
[2025-06-16T00:59:20.644+0000][2878.322s][915][941][info ] Leaving safepoint region
[2025-06-16T00:59:20.644+0000][2878.322s][915][941][info ] Total time for which application threads were stopped: 0.0002162 seconds, Stopping threads took: 0.0000394 seconds
[2025-06-16T00:59:21.644+0000][2879.322s][915][941][info ] Application time: 1.0001299 seconds
[2025-06-16T00:59:21.644+0000][2879.322s][915][941][info ] Entering safepoint region: Cleanup
[2025-06-16T00:59:21.645+0000][2879.322s][915][941][info ] Leaving safepoint region
[2025-06-16T00:59:21.645+0000][2879.322s][915][941][info ] Total time for which application threads were stopped: 0.0002648 seconds, Stopping threads took: 0.0000527 seconds
[2025-06-16T00:59:22.645+0000][2880.322s][915][941][info ] Application time: 1.0001238 seconds
[2025-06-16T00:59:22.645+0000][2880.322s][915][941][info ] Entering safepoint region: Cleanup
[2025-06-16T00:59:22.645+0000][2880.323s][915][941][info ] Leaving safepoint region
[2025-06-16T00:59:22.645+0000][2880.323s][915][941][info ] Total time for which application threads were stopped: 0.0002975 seconds, Stopping threads took: 0.0000570 seconds
[2025-06-16T00:59:23.645+0000][2881.323s][915][941][info ] Application time: 1.0000890 seconds
[2025-06-16T00:59:23.645+0000][2881.323s][915][941][info ] Entering safepoint region: Cleanup
[2025-06-16T00:59:23.646+0000][2881.323s][915][941][info ] Leaving safepoint region
[2025-06-16T00:59:23.646+0000][2881.323s][915][941][info ] Total time for which application threads were stopped: 0.0001855 seconds, Stopping threads took: 0.0000346 seconds
[2025-06-16T00:59:24.646+0000][2882.323s][915][941][info ] Application time: 1.0000885 seconds
[2025-06-16T00:59:24.646+0000][2882.323s][915][941][info ] Entering safepoint region: Cleanup
[2025-06-16T00:59:24.646+0000][2882.323s][915][941][info ] Leaving safepoint region
[2025-06-16T00:59:24.646+0000][2882.323s][915][941][info ] Total time for which application threads were stopped: 0.0002705 seconds, Stopping threads took: 0.0000743 seconds
[2025-06-16T00:59:25.646+0000][2883.324s][915][941][info ] Application time: 1.0000934 seconds
[2025-06-16T00:59:25.646+0000][2883.324s][915][941][info ] Entering safepoint region: Cleanup
[2025-06-16T00:59:25.646+0000][2883.324s][915][941][info ] Leaving safepoint region
[2025-06-16T00:59:25.646+0000][2883.324s][915][941][info ] Total time for which application threads were stopped: 0.0001954 seconds, Stopping threads took: 0.0000401 seconds
[2025-06-16T00:59:26.647+0000][2884.324s][915][941][info ] Application time: 1.0000926 seconds
[2025-06-16T00:59:26.647+0000][2884.324s][915][941][info ] Entering safepoint region: Cleanup
[2025-06-16T00:59:26.647+0000][2884.324s][915][941][info ] Leaving safepoint region
[2025-06-16T00:59:26.647+0000][2884.324s][915][941][info ] Total time for which application threads were stopped: 0.0002055 seconds, Stopping threads took: 0.0000436 seconds
[2025-06-16T00:59:27.394+0000][2885.071s][915][940][trace] CMS: promo attempt is safe: available(6912212992) >= av_promo(0), max_promo(1101215536)
[2025-06-16T00:59:27.647+0000][2885.324s][915][941][info ] Application time: 1.0001340 seconds
[2025-06-16T00:59:27.647+0000][2885.325s][915][941][info ] Entering safepoint region: Cleanup
[2025-06-16T00:59:27.647+0000][2885.325s][915][941][info ] Leaving safepoint region
[2025-06-16T00:59:27.647+0000][2885.325s][915][941][info ] Total time for which application threads were stopped: 0.0002452 seconds, Stopping threads took: 0.0000584 seconds
[2025-06-16T00:59:28.647+0000][2886.325s][915][941][info ] Application time: 1.0001179 seconds
[2025-06-16T00:59:28.648+0000][2886.325s][915][941][info ] Entering safepoint region: Cleanup
[2025-06-16T00:59:28.648+0000][2886.325s][915][941][info ] Leaving safepoint region
[2025-06-16T00:59:28.648+0000][2886.325s][915][941][info ] Total time for which application threads were stopped: 0.0002583 seconds, Stopping threads took: 0.0000620 seconds
[2025-06-16T00:59:29.648+0000][2887.325s][915][941][info ] Application time: 1.0000934 seconds
[2025-06-16T00:59:29.648+0000][2887.325s][915][941][info ] Entering safepoint region: Cleanup
[2025-06-16T00:59:29.648+0000][2887.326s][915][941][info ] Leaving safepoint region
[2025-06-16T00:59:29.648+0000][2887.326s][915][941][info ] Total time for which application threads were stopped: 0.0001848 seconds, Stopping threads took: 0.0000403 seconds
[2025-06-16T00:59:30.648+0000][2888.326s][915][941][info ] Application time: 1.0001161 seconds
[2025-06-16T00:59:30.648+0000][2888.326s][915][941][info ] Entering safepoint region: Cleanup
[2025-06-16T00:59:30.649+0000][2888.326s][915][941][info ] Leaving safepoint region
[2025-06-16T00:59:30.649+0000][2888.326s][915][941][info ] Total time for which application threads were stopped: 0.0002167 seconds, Stopping threads took: 0.0000538 seconds
[2025-06-16T00:59:31.649+0000][2889.326s][915][941][info ] Application time: 1.0001137 seconds
[2025-06-16T00:59:31.649+0000][2889.326s][915][941][info ] Entering safepoint region: Cleanup
[2025-06-16T00:59:31.649+0000][2889.327s][915][941][info ] Leaving safepoint region
[2025-06-16T00:59:31.649+0000][2889.327s][915][941][info ] Total time for which application threads were stopped: 0.0002996 seconds, Stopping threads took: 0.0000621 seconds
[2025-06-16T00:59:32.649+0000][2890.327s][915][941][info ] Application time: 1.0001336 seconds
[2025-06-16T00:59:32.649+0000][2890.327s][915][941][info ] Entering safepoint region: Cleanup
[2025-06-16T00:59:32.649+0000][2890.327s][915][941][info ] Leaving safepoint region
[2025-06-16T00:59:32.650+0000][2890.327s][915][941][info ] Total time for which application threads were stopped: 0.0002239 seconds, Stopping threads took: 0.0000426 seconds
[2025-06-16T00:59:33.650+0000][2891.327s][915][941][info ] Application time: 1.0001109 seconds
[2025-06-16T00:59:33.650+0000][2891.327s][915][941][info ] Entering safepoint region: Cleanup
[2025-06-16T00:59:33.650+0000][2891.327s][915][941][info ] Leaving safepoint region
[2025-06-16T00:59:33.650+0000][2891.328s][915][941][info ] Total time for which application threads were stopped: 0.0002406 seconds, Stopping threads took: 0.0000670 seconds
[2025-06-16T00:59:34.650+0000][2892.328s][915][941][info ] Application time: 1.0001157 seconds
[2025-06-16T00:59:34.650+0000][2892.328s][915][941][info ] Entering safepoint region: Cleanup
[2025-06-16T00:59:34.651+0000][2892.328s][915][941][info ] Leaving safepoint region
[2025-06-16T00:59:34.651+0000][2892.328s][915][941][info ] Total time for which application threads were stopped: 0.0002469 seconds, Stopping threads took: 0.0000568 seconds
[2025-06-16T00:59:35.651+0000][2893.328s][915][941][info ] Application time: 1.0001003 seconds
[2025-06-16T00:59:35.651+0000][2893.328s][915][941][info ] Entering safepoint region: Cleanup
[2025-06-16T00:59:35.651+0000][2893.328s][915][941][info ] Leaving safepoint region
[2025-06-16T00:59:35.651+0000][2893.328s][915][941][info ] Total time for which application threads were stopped: 0.0002210 seconds, Stopping threads took: 0.0000469 seconds
[2025-06-16T00:59:36.651+0000][2894.329s][915][941][info ] Application time: 1.0002222 seconds
[2025-06-16T00:59:36.652+0000][2894.329s][915][941][info ] Entering safepoint region: Cleanup
[2025-06-16T00:59:36.652+0000][2894.330s][915][941][info ] Leaving safepoint region
[2025-06-16T00:59:36.652+0000][2894.330s][915][941][info ] Total time for which application threads were stopped: 0.0009707 seconds, Stopping threads took: 0.0001963 seconds
[2025-06-16T00:59:37.394+0000][2895.071s][915][940][trace] CMS: promo attempt is safe: available(6912212992) >= av_promo(0), max_promo(1101215536)
[2025-06-16T00:59:37.653+0000][2895.330s][915][941][info ] Application time: 1.0002172 seconds
[2025-06-16T00:59:37.653+0000][2895.330s][915][941][info ] Entering safepoint region: Cleanup
[2025-06-16T00:59:37.653+0000][2895.331s][915][941][info ] Leaving safepoint region
[2025-06-16T00:59:37.653+0000][2895.331s][915][941][info ] Total time for which application threads were stopped: 0.0002341 seconds, Stopping threads took: 0.0000511 seconds
[2025-06-16T00:59:38.653+0000][2896.331s][915][941][info ] Application time: 1.0001043 seconds
[2025-06-16T00:59:38.653+0000][2896.331s][915][941][info ] Entering safepoint region: Cleanup
[2025-06-16T00:59:38.653+0000][2896.331s][915][941][info ] Leaving safepoint region
[2025-06-16T00:59:38.653+0000][2896.331s][915][941][info ] Total time for which application threads were stopped: 0.0002180 seconds, Stopping threads took: 0.0000392 seconds
[2025-06-16T00:59:39.654+0000][2897.331s][915][941][info ] Application time: 1.0000937 seconds
[2025-06-16T00:59:39.654+0000][2897.331s][915][941][info ] Entering safepoint region: Cleanup
[2025-06-16T00:59:39.654+0000][2897.331s][915][941][info ] Leaving safepoint region
[2025-06-16T00:59:39.654+0000][2897.331s][915][941][info ] Total time for which application threads were stopped: 0.0002458 seconds, Stopping threads took: 0.0000391 seconds
[2025-06-16T00:59:40.654+0000][2898.332s][915][941][info ] Application time: 1.0001264 seconds
[2025-06-16T00:59:40.654+0000][2898.332s][915][941][info ] Entering safepoint region: Cleanup
[2025-06-16T00:59:40.655+0000][2898.332s][915][941][info ] Leaving safepoint region
[2025-06-16T00:59:40.655+0000][2898.332s][915][941][info ] Total time for which application threads were stopped: 0.0005650 seconds, Stopping threads took: 0.0000744 seconds
[2025-06-16T00:59:41.655+0000][2899.332s][915][941][info ] Application time: 1.0001157 seconds
[2025-06-16T00:59:41.655+0000][2899.332s][915][941][info ] Entering safepoint region: Cleanup
[2025-06-16T00:59:41.655+0000][2899.333s][915][941][info ] Leaving safepoint region
[2025-06-16T00:59:41.655+0000][2899.333s][915][941][info ] Total time for which application threads were stopped: 0.0002544 seconds, Stopping threads took: 0.0000555 seconds
[2025-06-16T00:59:42.655+0000][2900.333s][915][941][info ] Application time: 1.0001389 seconds
[2025-06-16T00:59:42.655+0000][2900.333s][915][941][info ] Entering safepoint region: Cleanup
[2025-06-16T00:59:42.656+0000][2900.333s][915][941][info ] Leaving safepoint region
[2025-06-16T00:59:42.656+0000][2900.333s][915][941][info ] Total time for which application threads were stopped: 0.0002299 seconds, Stopping threads took: 0.0000494 seconds
[2025-06-16T00:59:43.656+0000][2901.333s][915][941][info ] Application time: 1.0001203 seconds
[2025-06-16T00:59:43.656+0000][2901.333s][915][941][info ] Entering safepoint region: Cleanup
[2025-06-16T00:59:43.656+0000][2901.334s][915][941][info ] Leaving safepoint region
[2025-06-16T00:59:43.656+0000][2901.334s][915][941][info ] Total time for which application threads were stopped: 0.0002183 seconds, Stopping threads took: 0.0000572 seconds
[2025-06-16T00:59:44.656+0000][2902.334s][915][941][info ] Application time: 1.0001056 seconds
[2025-06-16T00:59:44.656+0000][2902.334s][915][941][info ] Entering safepoint region: Cleanup
[2025-06-16T00:59:44.656+0000][2902.334s][915][941][info ] Leaving safepoint region
[2025-06-16T00:59:44.656+0000][2902.334s][915][941][info ] Total time for which application threads were stopped: 0.0002189 seconds, Stopping threads took: 0.0000517 seconds
[2025-06-16T00:59:45.657+0000][2903.334s][915][941][info ] Application time: 1.0000962 seconds
[2025-06-16T00:59:45.657+0000][2903.334s][915][941][info ] Entering safepoint region: Cleanup
[2025-06-16T00:59:45.657+0000][2903.334s][915][941][info ] Leaving safepoint region
[2025-06-16T00:59:45.657+0000][2903.334s][915][941][info ] Total time for which application threads were stopped: 0.0002203 seconds, Stopping threads took: 0.0000544 seconds
[2025-06-16T00:59:46.657+0000][2904.334s][915][941][info ] Application time: 1.0000962 seconds
[2025-06-16T00:59:46.657+0000][2904.335s][915][941][info ] Entering safepoint region: Cleanup
[2025-06-16T00:59:46.657+0000][2904.335s][915][941][info ] Leaving safepoint region
[2025-06-16T00:59:46.657+0000][2904.335s][915][941][info ] Total time for which application threads were stopped: 0.0002098 seconds, Stopping threads took: 0.0000515 seconds
[2025-06-16T00:59:47.393+0000][2905.071s][915][940][trace] CMS: promo attempt is safe: available(6912212992) >= av_promo(0), max_promo(1101215536)
[2025-06-16T00:59:47.657+0000][2905.335s][915][941][info ] Application time: 1.0001151 seconds
[2025-06-16T00:59:47.658+0000][2905.335s][915][941][info ] Entering safepoint region: Cleanup
[2025-06-16T00:59:47.658+0000][2905.335s][915][941][info ] Leaving safepoint region
[2025-06-16T00:59:47.658+0000][2905.335s][915][941][info ] Total time for which application threads were stopped: 0.0002306 seconds, Stopping threads took: 0.0000493 seconds
[2025-06-16T00:59:48.658+0000][2906.336s][915][941][info ] Application time: 1.0004317 seconds
[2025-06-16T00:59:48.658+0000][2906.336s][915][941][info ] Entering safepoint region: Cleanup
[2025-06-16T00:59:48.659+0000][2906.336s][915][941][info ] Leaving safepoint region
[2025-06-16T00:59:48.659+0000][2906.336s][915][941][info ] Total time for which application threads were stopped: 0.0002676 seconds, Stopping threads took: 0.0000547 seconds
[2025-06-16T00:59:49.659+0000][2907.336s][915][941][info ] Application time: 1.0000997 seconds
[2025-06-16T00:59:49.659+0000][2907.336s][915][941][info ] Entering safepoint region: Cleanup
[2025-06-16T00:59:49.659+0000][2907.336s][915][941][info ] Leaving safepoint region
[2025-06-16T00:59:49.659+0000][2907.336s][915][941][info ] Total time for which application threads were stopped: 0.0002595 seconds, Stopping threads took: 0.0000451 seconds
[2025-06-16T00:59:50.659+0000][2908.337s][915][941][info ] Application time: 1.0001313 seconds
[2025-06-16T00:59:50.659+0000][2908.337s][915][941][info ] Entering safepoint region: Cleanup
[2025-06-16T00:59:50.659+0000][2908.337s][915][941][info ] Leaving safepoint region
[2025-06-16T00:59:50.659+0000][2908.337s][915][941][info ] Total time for which application threads were stopped: 0.0002824 seconds, Stopping threads took: 0.0000674 seconds
[2025-06-16T00:59:51.660+0000][2909.337s][915][941][info ] Application time: 1.0001025 seconds
[2025-06-16T00:59:51.660+0000][2909.337s][915][941][info ] Entering safepoint region: Cleanup
[2025-06-16T00:59:51.660+0000][2909.337s][915][941][info ] Leaving safepoint region
[2025-06-16T00:59:51.660+0000][2909.337s][915][941][info ] Total time for which application threads were stopped: 0.0002643 seconds, Stopping threads took: 0.0000500 seconds
[2025-06-16T00:59:52.660+0000][2910.338s][915][941][info ] Application time: 1.0000891 seconds
[2025-06-16T00:59:52.660+0000][2910.338s][915][941][info ] Entering safepoint region: Cleanup
[2025-06-16T00:59:52.660+0000][2910.338s][915][941][info ] Leaving safepoint region
[2025-06-16T00:59:52.660+0000][2910.338s][915][941][info ] Total time for which application threads were stopped: 0.0001946 seconds, Stopping threads took: 0.0000391 seconds
[2025-06-16T00:59:53.660+0000][2911.338s][915][941][info ] Application time: 1.0000874 seconds
[2025-06-16T00:59:53.661+0000][2911.338s][915][941][info ] Entering safepoint region: Cleanup
[2025-06-16T00:59:53.661+0000][2911.338s][915][941][info ] Leaving safepoint region
[2025-06-16T00:59:53.661+0000][2911.338s][915][941][info ] Total time for which application threads were stopped: 0.0001887 seconds, Stopping threads took: 0.0000344 seconds
[2025-06-16T00:59:54.661+0000][2912.338s][915][941][info ] Application time: 1.0000879 seconds
[2025-06-16T00:59:54.661+0000][2912.338s][915][941][info ] Entering safepoint region: Cleanup
[2025-06-16T00:59:54.661+0000][2912.339s][915][941][info ] Leaving safepoint region
[2025-06-16T00:59:54.661+0000][2912.339s][915][941][info ] Total time for which application threads were stopped: 0.0002039 seconds, Stopping threads took: 0.0000413 seconds
[2025-06-16T00:59:55.661+0000][2913.339s][915][941][info ] Application time: 1.0001064 seconds
[2025-06-16T00:59:55.661+0000][2913.339s][915][941][info ] Entering safepoint region: Cleanup
[2025-06-16T00:59:55.662+0000][2913.339s][915][941][info ] Leaving safepoint region
[2025-06-16T00:59:55.662+0000][2913.339s][915][941][info ] Total time for which application threads were stopped: 0.0005927 seconds, Stopping threads took: 0.0000791 seconds
[2025-06-16T00:59:56.662+0000][2914.340s][915][941][info ] Application time: 1.0001587 seconds
[2025-06-16T00:59:56.662+0000][2914.340s][915][941][info ] Entering safepoint region: Cleanup
[2025-06-16T00:59:56.662+0000][2914.340s][915][941][info ] Leaving safepoint region
[2025-06-16T00:59:56.662+0000][2914.340s][915][941][info ] Total time for which application threads were stopped: 0.0002695 seconds, Stopping threads took: 0.0000574 seconds
[2025-06-16T00:59:57.393+0000][2915.070s][915][940][trace] CMS: promo attempt is safe: available(6912212992) >= av_promo(0), max_promo(1101215536)
[2025-06-16T00:59:57.663+0000][2915.340s][915][941][info ] Application time: 1.0001162 seconds
[2025-06-16T00:59:57.663+0000][2915.340s][915][941][info ] Entering safepoint region: Cleanup
[2025-06-16T00:59:57.663+0000][2915.340s][915][941][info ] Leaving safepoint region
[2025-06-16T00:59:57.663+0000][2915.340s][915][941][info ] Total time for which application threads were stopped: 0.0002565 seconds, Stopping threads took: 0.0000537 seconds
[2025-06-16T00:59:58.663+0000][2916.341s][915][941][info ] Application time: 1.0001052 seconds
[2025-06-16T00:59:58.663+0000][2916.341s][915][941][info ] Entering safepoint region: Cleanup
[2025-06-16T00:59:58.663+0000][2916.341s][915][941][info ] Leaving safepoint region
[2025-06-16T00:59:58.663+0000][2916.341s][915][941][info ] Total time for which application threads were stopped: 0.0002436 seconds, Stopping threads took: 0.0000553 seconds
[2025-06-16T00:59:59.663+0000][2917.341s][915][941][info ] Application time: 1.0001131 seconds
[2025-06-16T00:59:59.664+0000][2917.341s][915][941][info ] Entering safepoint region: Cleanup
[2025-06-16T00:59:59.664+0000][2917.341s][915][941][info ] Leaving safepoint region
[2025-06-16T00:59:59.664+0000][2917.341s][915][941][info ] Total time for which application threads were stopped: 0.0002418 seconds, Stopping threads took: 0.0000519 seconds
[2025-06-16T01:00:00.664+0000][2918.341s][915][941][info ] Application time: 1.0000936 seconds
[2025-06-16T01:00:00.664+0000][2918.342s][915][941][info ] Entering safepoint region: Cleanup
[2025-06-16T01:00:00.664+0000][2918.342s][915][941][info ] Leaving safepoint region
[2025-06-16T01:00:00.664+0000][2918.342s][915][941][info ] Total time for which application threads were stopped: 0.0002046 seconds, Stopping threads took: 0.0000387 seconds
[2025-06-16T01:00:01.664+0000][2919.342s][915][941][info ] Application time: 1.0000937 seconds
[2025-06-16T01:00:01.664+0000][2919.342s][915][941][info ] Entering safepoint region: Cleanup
[2025-06-16T01:00:01.665+0000][2919.342s][915][941][info ] Leaving safepoint region
[2025-06-16T01:00:01.665+0000][2919.342s][915][941][info ] Total time for which application threads were stopped: 0.0001859 seconds, Stopping threads took: 0.0000386 seconds
[2025-06-16T01:00:02.665+0000][2920.342s][915][941][info ] Application time: 1.0001367 seconds
[2025-06-16T01:00:02.665+0000][2920.342s][915][941][info ] Entering safepoint region: Cleanup
[2025-06-16T01:00:02.665+0000][2920.342s][915][941][info ] Leaving safepoint region
[2025-06-16T01:00:02.665+0000][2920.343s][915][941][info ] Total time for which application threads were stopped: 0.0002306 seconds, Stopping threads took: 0.0000498 seconds
[2025-06-16T01:00:03.665+0000][2921.343s][915][941][info ] Application time: 1.0001044 seconds
[2025-06-16T01:00:03.665+0000][2921.343s][915][941][info ] Entering safepoint region: Cleanup
[2025-06-16T01:00:03.665+0000][2921.343s][915][941][info ] Leaving safepoint region
[2025-06-16T01:00:03.665+0000][2921.343s][915][941][info ] Total time for which application threads were stopped: 0.0002472 seconds, Stopping threads took: 0.0000558 seconds
[2025-06-16T01:00:04.666+0000][2922.343s][915][941][info ] Application time: 1.0000874 seconds
[2025-06-16T01:00:04.666+0000][2922.343s][915][941][info ] Entering safepoint region: Cleanup
[2025-06-16T01:00:04.666+0000][2922.343s][915][941][info ] Leaving safepoint region
[2025-06-16T01:00:04.666+0000][2922.343s][915][941][info ] Total time for which application threads were stopped: 0.0002326 seconds, Stopping threads took: 0.0000367 seconds
[2025-06-16T01:00:05.666+0000][2923.343s][915][941][info ] Application time: 1.0001049 seconds
[2025-06-16T01:00:05.666+0000][2923.344s][915][941][info ] Entering safepoint region: Cleanup
[2025-06-16T01:00:05.666+0000][2923.344s][915][941][info ] Leaving safepoint region
[2025-06-16T01:00:05.666+0000][2923.344s][915][941][info ] Total time for which application threads were stopped: 0.0002387 seconds, Stopping threads took: 0.0000401 seconds
[2025-06-16T01:00:06.667+0000][2924.344s][915][941][info ] Application time: 1.0001924 seconds
[2025-06-16T01:00:06.667+0000][2924.344s][915][941][info ] Entering safepoint region: Cleanup
[2025-06-16T01:00:06.667+0000][2924.345s][915][941][info ] Leaving safepoint region
[2025-06-16T01:00:06.667+0000][2924.345s][915][941][info ] Total time for which application threads were stopped: 0.0006880 seconds, Stopping threads took: 0.0001040 seconds
[2025-06-16T01:00:07.393+0000][2925.070s][915][940][trace] CMS: promo attempt is safe: available(6912212992) >= av_promo(0), max_promo(1101215536)
[2025-06-16T01:00:07.668+0000][2925.345s][915][941][info ] Application time: 1.0001262 seconds
[2025-06-16T01:00:07.668+0000][2925.345s][915][941][info ] Entering safepoint region: Cleanup
[2025-06-16T01:00:07.668+0000][2925.345s][915][941][info ] Leaving safepoint region
[2025-06-16T01:00:07.668+0000][2925.345s][915][941][info ] Total time for which application threads were stopped: 0.0002209 seconds, Stopping threads took: 0.0000432 seconds
[2025-06-16T01:00:08.668+0000][2926.346s][915][941][info ] Application time: 1.0000956 seconds
[2025-06-16T01:00:08.668+0000][2926.346s][915][941][info ] Entering safepoint region: Cleanup
[2025-06-16T01:00:08.668+0000][2926.346s][915][941][info ] Leaving safepoint region
[2025-06-16T01:00:08.668+0000][2926.346s][915][941][info ] Total time for which application threads were stopped: 0.0001802 seconds, Stopping threads took: 0.0000357 seconds
[2025-06-16T01:00:09.668+0000][2927.346s][915][941][info ] Application time: 1.0001120 seconds
[2025-06-16T01:00:09.669+0000][2927.346s][915][941][info ] Entering safepoint region: Cleanup
[2025-06-16T01:00:09.669+0000][2927.346s][915][941][info ] Leaving safepoint region
[2025-06-16T01:00:09.669+0000][2927.346s][915][941][info ] Total time for which application threads were stopped: 0.0002515 seconds, Stopping threads took: 0.0000519 seconds
[2025-06-16T01:00:10.669+0000][2928.346s][915][941][info ] Application time: 1.0001070 seconds
[2025-06-16T01:00:10.669+0000][2928.346s][915][941][info ] Entering safepoint region: Cleanup
[2025-06-16T01:00:10.669+0000][2928.347s][915][941][info ] Leaving safepoint region
[2025-06-16T01:00:10.669+0000][2928.347s][915][941][info ] Total time for which application threads were stopped: 0.0001990 seconds, Stopping threads took: 0.0000375 seconds
[2025-06-16T01:00:11.669+0000][2929.347s][915][941][info ] Application time: 1.0000949 seconds
[2025-06-16T01:00:11.669+0000][2929.347s][915][941][info ] Entering safepoint region: Cleanup
[2025-06-16T01:00:11.670+0000][2929.347s][915][941][info ] Leaving safepoint region
[2025-06-16T01:00:11.670+0000][2929.347s][915][941][info ] Total time for which application threads were stopped: 0.0002057 seconds, Stopping threads took: 0.0000538 seconds
[2025-06-16T01:00:12.670+0000][2930.347s][915][941][info ] Application time: 1.0001292 seconds
[2025-06-16T01:00:12.670+0000][2930.347s][915][941][info ] Entering safepoint region: Cleanup
[2025-06-16T01:00:12.670+0000][2930.347s][915][941][info ] Leaving safepoint region
[2025-06-16T01:00:12.670+0000][2930.348s][915][941][info ] Total time for which application threads were stopped: 0.0002416 seconds, Stopping threads took: 0.0000634 seconds
[2025-06-16T01:00:13.670+0000][2931.348s][915][941][info ] Application time: 1.0001123 seconds
[2025-06-16T01:00:13.670+0000][2931.348s][915][941][info ] Entering safepoint region: Cleanup
[2025-06-16T01:00:13.670+0000][2931.348s][915][941][info ] Leaving safepoint region
[2025-06-16T01:00:13.670+0000][2931.348s][915][941][info ] Total time for which application threads were stopped: 0.0002465 seconds, Stopping threads took: 0.0000418 seconds
[2025-06-16T01:00:14.671+0000][2932.348s][915][941][info ] Application time: 1.0001173 seconds
[2025-06-16T01:00:14.671+0000][2932.348s][915][941][info ] Entering safepoint region: Cleanup
[2025-06-16T01:00:14.671+0000][2932.348s][915][941][info ] Leaving safepoint region
[2025-06-16T01:00:14.671+0000][2932.348s][915][941][info ] Total time for which application threads were stopped: 0.0001825 seconds, Stopping threads took: 0.0000382 seconds
[2025-06-16T01:00:15.671+0000][2933.348s][915][941][info ] Application time: 1.0001032 seconds
[2025-06-16T01:00:15.671+0000][2933.349s][915][941][info ] Entering safepoint region: Cleanup
[2025-06-16T01:00:15.671+0000][2933.349s][915][941][info ] Leaving safepoint region
[2025-06-16T01:00:15.671+0000][2933.349s][915][941][info ] Total time for which application threads were stopped: 0.0001794 seconds, Stopping threads took: 0.0000346 seconds
[2025-06-16T01:00:16.671+0000][2934.349s][915][941][info ] Application time: 1.0001163 seconds
[2025-06-16T01:00:16.671+0000][2934.349s][915][941][info ] Entering safepoint region: Cleanup
[2025-06-16T01:00:16.672+0000][2934.349s][915][941][info ] Leaving safepoint region
[2025-06-16T01:00:16.672+0000][2934.349s][915][941][info ] Total time for which application threads were stopped: 0.0002095 seconds, Stopping threads took: 0.0000409 seconds
[2025-06-16T01:00:17.393+0000][2935.070s][915][940][trace] CMS: promo attempt is safe: available(6912212992) >= av_promo(0), max_promo(1101215536)
[2025-06-16T01:00:17.672+0000][2935.349s][915][941][info ] Application time: 1.0001015 seconds
[2025-06-16T01:00:17.672+0000][2935.349s][915][941][info ] Entering safepoint region: Cleanup
[2025-06-16T01:00:17.672+0000][2935.350s][915][941][info ] Leaving safepoint region
[2025-06-16T01:00:17.672+0000][2935.350s][915][941][info ] Total time for which application threads were stopped: 0.0002317 seconds, Stopping threads took: 0.0000441 seconds
[2025-06-16T01:00:18.672+0000][2936.350s][915][941][info ] Application time: 1.0000887 seconds
[2025-06-16T01:00:18.672+0000][2936.350s][915][941][info ] Entering safepoint region: Cleanup
[2025-06-16T01:00:18.672+0000][2936.350s][915][941][info ] Leaving safepoint region
[2025-06-16T01:00:18.672+0000][2936.350s][915][941][info ] Total time for which application threads were stopped: 0.0001799 seconds, Stopping threads took: 0.0000350 seconds
[2025-06-16T01:00:19.673+0000][2937.350s][915][941][info ] Application time: 1.0001231 seconds
[2025-06-16T01:00:19.673+0000][2937.350s][915][941][info ] Entering safepoint region: Cleanup
[2025-06-16T01:00:19.673+0000][2937.351s][915][941][info ] Leaving safepoint region
[2025-06-16T01:00:19.673+0000][2937.351s][915][941][info ] Total time for which application threads were stopped: 0.0004688 seconds, Stopping threads took: 0.0000796 seconds
[2025-06-16T01:00:20.673+0000][2938.351s][915][941][info ] Application time: 1.0001218 seconds
[2025-06-16T01:00:20.673+0000][2938.351s][915][941][info ] Entering safepoint region: Cleanup
[2025-06-16T01:00:20.674+0000][2938.351s][915][941][info ] Leaving safepoint region
[2025-06-16T01:00:20.674+0000][2938.351s][915][941][info ] Total time for which application threads were stopped: 0.0001993 seconds, Stopping threads took: 0.0000411 seconds
[2025-06-16T01:00:21.674+0000][2939.351s][915][941][info ] Application time: 1.0001739 seconds
[2025-06-16T01:00:21.674+0000][2939.351s][915][941][info ] Entering safepoint region: Cleanup
[2025-06-16T01:00:21.674+0000][2939.352s][915][941][info ] Leaving safepoint region
[2025-06-16T01:00:21.674+0000][2939.352s][915][941][info ] Total time for which application threads were stopped: 0.0002581 seconds, Stopping threads took: 0.0000526 seconds
[2025-06-16T01:00:22.674+0000][2940.352s][915][941][info ] Application time: 1.0000937 seconds
[2025-06-16T01:00:22.674+0000][2940.352s][915][941][info ] Entering safepoint region: Cleanup
[2025-06-16T01:00:22.674+0000][2940.352s][915][941][info ] Leaving safepoint region
[2025-06-16T01:00:22.674+0000][2940.352s][915][941][info ] Total time for which application threads were stopped: 0.0001905 seconds, Stopping threads took: 0.0000396 seconds
[2025-06-16T01:00:23.675+0000][2941.352s][915][941][info ] Application time: 1.0001105 seconds
[2025-06-16T01:00:23.675+0000][2941.352s][915][941][info ] Entering safepoint region: Cleanup
[2025-06-16T01:00:23.675+0000][2941.352s][915][941][info ] Leaving safepoint region
[2025-06-16T01:00:23.675+0000][2941.352s][915][941][info ] Total time for which application threads were stopped: 0.0002170 seconds, Stopping threads took: 0.0000408 seconds
[2025-06-16T01:00:24.675+0000][2942.353s][915][941][info ] Application time: 1.0000997 seconds
[2025-06-16T01:00:24.675+0000][2942.353s][915][941][info ] Entering safepoint region: Cleanup
[2025-06-16T01:00:24.675+0000][2942.353s][915][941][info ] Leaving safepoint region
[2025-06-16T01:00:24.675+0000][2942.353s][915][941][info ] Total time for which application threads were stopped: 0.0001914 seconds, Stopping threads took: 0.0000380 seconds
[2025-06-16T01:00:25.675+0000][2943.353s][915][941][info ] Application time: 1.0000931 seconds
[2025-06-16T01:00:25.675+0000][2943.353s][915][941][info ] Entering safepoint region: Cleanup
[2025-06-16T01:00:25.676+0000][2943.353s][915][941][info ] Leaving safepoint region
[2025-06-16T01:00:25.676+0000][2943.353s][915][941][info ] Total time for which application threads were stopped: 0.0002175 seconds, Stopping threads took: 0.0000393 seconds
[2025-06-16T01:00:26.676+0000][2944.353s][915][941][info ] Application time: 1.0001332 seconds
[2025-06-16T01:00:26.676+0000][2944.354s][915][941][info ] Entering safepoint region: Cleanup
[2025-06-16T01:00:26.677+0000][2944.354s][915][941][info ] Leaving safepoint region
[2025-06-16T01:00:26.677+0000][2944.354s][915][941][info ] Total time for which application threads were stopped: 0.0008198 seconds, Stopping threads took: 0.0001994 seconds
[2025-06-16T01:00:27.392+0000][2945.070s][915][940][trace] CMS: promo attempt is safe: available(6912212992) >= av_promo(0), max_promo(1101215536)
[2025-06-16T01:00:27.677+0000][2945.355s][915][941][info ] Application time: 1.0001323 seconds
[2025-06-16T01:00:27.677+0000][2945.355s][915][941][info ] Entering safepoint region: Cleanup
[2025-06-16T01:00:27.677+0000][2945.355s][915][941][info ] Leaving safepoint region
[2025-06-16T01:00:27.677+0000][2945.355s][915][941][info ] Total time for which application threads were stopped: 0.0002506 seconds, Stopping threads took: 0.0000596 seconds
[2025-06-16T01:00:28.678+0000][2946.355s][915][941][info ] Application time: 1.0000941 seconds
[2025-06-16T01:00:28.678+0000][2946.355s][915][941][info ] Entering safepoint region: Cleanup
[2025-06-16T01:00:28.678+0000][2946.355s][915][941][info ] Leaving safepoint region
[2025-06-16T01:00:28.678+0000][2946.355s][915][941][info ] Total time for which application threads were stopped: 0.0002535 seconds, Stopping threads took: 0.0000347 seconds
[2025-06-16T01:00:29.678+0000][2947.355s][915][941][info ] Application time: 1.0001048 seconds
[2025-06-16T01:00:29.678+0000][2947.356s][915][941][info ] Entering safepoint region: Cleanup
[2025-06-16T01:00:29.678+0000][2947.356s][915][941][info ] Leaving safepoint region
[2025-06-16T01:00:29.678+0000][2947.356s][915][941][info ] Total time for which application threads were stopped: 0.0002566 seconds, Stopping threads took: 0.0000477 seconds
[2025-06-16T01:00:30.678+0000][2948.356s][915][941][info ] Application time: 1.0000895 seconds
[2025-06-16T01:00:30.679+0000][2948.356s][915][941][info ] Entering safepoint region: Cleanup
[2025-06-16T01:00:30.679+0000][2948.356s][915][941][info ] Leaving safepoint region
[2025-06-16T01:00:30.679+0000][2948.356s][915][941][info ] Total time for which application threads were stopped: 0.0002351 seconds, Stopping threads took: 0.0000596 seconds
[2025-06-16T01:00:31.679+0000][2949.356s][915][941][info ] Application time: 1.0001112 seconds
[2025-06-16T01:00:31.679+0000][2949.356s][915][941][info ] Entering safepoint region: Cleanup
[2025-06-16T01:00:31.679+0000][2949.357s][915][941][info ] Leaving safepoint region
[2025-06-16T01:00:31.679+0000][2949.357s][915][941][info ] Total time for which application threads were stopped: 0.0002428 seconds, Stopping threads took: 0.0000444 seconds
[2025-06-16T01:00:32.679+0000][2950.357s][915][941][info ] Application time: 1.0001105 seconds
[2025-06-16T01:00:32.679+0000][2950.357s][915][941][info ] Entering safepoint region: Cleanup
[2025-06-16T01:00:32.680+0000][2950.357s][915][941][info ] Leaving safepoint region
[2025-06-16T01:00:32.680+0000][2950.357s][915][941][info ] Total time for which application threads were stopped: 0.0002316 seconds, Stopping threads took: 0.0000583 seconds
[2025-06-16T01:00:33.680+0000][2951.357s][915][941][info ] Application time: 1.0001032 seconds
[2025-06-16T01:00:33.680+0000][2951.357s][915][941][info ] Entering safepoint region: Cleanup
[2025-06-16T01:00:33.680+0000][2951.358s][915][941][info ] Leaving safepoint region
[2025-06-16T01:00:33.680+0000][2951.358s][915][941][info ] Total time for which application threads were stopped: 0.0002565 seconds, Stopping threads took: 0.0000796 seconds
[2025-06-16T01:00:34.680+0000][2952.358s][915][941][info ] Application time: 1.0001140 seconds
[2025-06-16T01:00:34.680+0000][2952.358s][915][941][info ] Entering safepoint region: Cleanup
[2025-06-16T01:00:34.680+0000][2952.358s][915][941][info ] Leaving safepoint region
[2025-06-16T01:00:34.681+0000][2952.358s][915][941][info ] Total time for which application threads were stopped: 0.0001919 seconds, Stopping threads took: 0.0000368 seconds
[2025-06-16T01:00:35.681+0000][2953.358s][915][941][info ] Application time: 1.0000990 seconds
[2025-06-16T01:00:35.681+0000][2953.358s][915][941][info ] Entering safepoint region: Cleanup
[2025-06-16T01:00:35.681+0000][2953.358s][915][941][info ] Leaving safepoint region
[2025-06-16T01:00:35.681+0000][2953.358s][915][941][info ] Total time for which application threads were stopped: 0.0002490 seconds, Stopping threads took: 0.0000535 seconds
[2025-06-16T01:00:36.681+0000][2954.359s][915][941][info ] Application time: 1.0000881 seconds
[2025-06-16T01:00:36.681+0000][2954.359s][915][941][info ] Entering safepoint region: Cleanup
[2025-06-16T01:00:36.681+0000][2954.359s][915][941][info ] Leaving safepoint region
[2025-06-16T01:00:36.681+0000][2954.359s][915][941][info ] Total time for which application threads were stopped: 0.0002158 seconds, Stopping threads took: 0.0000387 seconds
[2025-06-16T01:00:37.392+0000][2955.069s][915][940][trace] CMS: promo attempt is safe: available(6912212992) >= av_promo(0), max_promo(1101215536)
[2025-06-16T01:00:37.682+0000][2955.359s][915][941][info ] Application time: 1.0001382 seconds
[2025-06-16T01:00:37.682+0000][2955.359s][915][941][info ] Entering safepoint region: Cleanup
[2025-06-16T01:00:37.682+0000][2955.360s][915][941][info ] Leaving safepoint region
[2025-06-16T01:00:37.682+0000][2955.360s][915][941][info ] Total time for which application threads were stopped: 0.0004814 seconds, Stopping threads took: 0.0001248 seconds
[2025-06-16T01:00:38.682+0000][2956.360s][915][941][info ] Application time: 1.0001797 seconds
[2025-06-16T01:00:38.683+0000][2956.360s][915][941][info ] Entering safepoint region: Cleanup
[2025-06-16T01:00:38.683+0000][2956.360s][915][941][info ] Leaving safepoint region
[2025-06-16T01:00:38.683+0000][2956.361s][915][941][info ] Total time for which application threads were stopped: 0.0004261 seconds, Stopping threads took: 0.0000922 seconds
[2025-06-16T01:00:39.683+0000][2957.361s][915][941][info ] Application time: 1.0001053 seconds
[2025-06-16T01:00:39.683+0000][2957.361s][915][941][info ] Entering safepoint region: Cleanup
[2025-06-16T01:00:39.683+0000][2957.361s][915][941][info ] Leaving safepoint region
[2025-06-16T01:00:39.683+0000][2957.361s][915][941][info ] Total time for which application threads were stopped: 0.0002348 seconds, Stopping threads took: 0.0000641 seconds
[2025-06-16T01:00:40.684+0000][2958.361s][915][941][info ] Application time: 1.0001088 seconds
[2025-06-16T01:00:40.684+0000][2958.361s][915][941][info ] Entering safepoint region: Cleanup
[2025-06-16T01:00:40.684+0000][2958.361s][915][941][info ] Leaving safepoint region
[2025-06-16T01:00:40.684+0000][2958.361s][915][941][info ] Total time for which application threads were stopped: 0.0001935 seconds, Stopping threads took: 0.0000389 seconds
[2025-06-16T01:00:41.684+0000][2959.361s][915][941][info ] Application time: 1.0000987 seconds
[2025-06-16T01:00:41.684+0000][2959.362s][915][941][info ] Entering safepoint region: Cleanup
[2025-06-16T01:00:41.684+0000][2959.362s][915][941][info ] Leaving safepoint region
[2025-06-16T01:00:41.684+0000][2959.362s][915][941][info ] Total time for which application threads were stopped: 0.0002010 seconds, Stopping threads took: 0.0000429 seconds
[2025-06-16T01:00:42.684+0000][2960.362s][915][941][info ] Application time: 1.0001133 seconds
[2025-06-16T01:00:42.685+0000][2960.362s][915][941][info ] Entering safepoint region: Cleanup
[2025-06-16T01:00:42.685+0000][2960.362s][915][941][info ] Leaving safepoint region
[2025-06-16T01:00:42.685+0000][2960.362s][915][941][info ] Total time for which application threads were stopped: 0.0002549 seconds, Stopping threads took: 0.0000534 seconds
[2025-06-16T01:00:43.685+0000][2961.362s][915][941][info ] Application time: 1.0001124 seconds
[2025-06-16T01:00:43.685+0000][2961.363s][915][941][info ] Entering safepoint region: Cleanup
[2025-06-16T01:00:43.685+0000][2961.363s][915][941][info ] Leaving safepoint region
[2025-06-16T01:00:43.685+0000][2961.363s][915][941][info ] Total time for which application threads were stopped: 0.0001930 seconds, Stopping threads took: 0.0000397 seconds
[2025-06-16T01:00:44.685+0000][2962.363s][915][941][info ] Application time: 1.0001076 seconds
[2025-06-16T01:00:44.685+0000][2962.363s][915][941][info ] Entering safepoint region: Cleanup
[2025-06-16T01:00:44.686+0000][2962.363s][915][941][info ] Leaving safepoint region
[2025-06-16T01:00:44.686+0000][2962.363s][915][941][info ] Total time for which application threads were stopped: 0.0002143 seconds, Stopping threads took: 0.0000432 seconds
[2025-06-16T01:00:45.686+0000][2963.363s][915][941][info ] Application time: 1.0001382 seconds
[2025-06-16T01:00:45.686+0000][2963.363s][915][941][info ] Entering safepoint region: Cleanup
[2025-06-16T01:00:45.686+0000][2963.364s][915][941][info ] Leaving safepoint region
[2025-06-16T01:00:45.686+0000][2963.364s][915][941][info ] Total time for which application threads were stopped: 0.0002939 seconds, Stopping threads took: 0.0000455 seconds
[2025-06-16T01:00:46.686+0000][2964.364s][915][941][info ] Application time: 1.0001679 seconds
[2025-06-16T01:00:46.686+0000][2964.364s][915][941][info ] Entering safepoint region: Cleanup
[2025-06-16T01:00:46.687+0000][2964.364s][915][941][info ] Leaving safepoint region
[2025-06-16T01:00:46.687+0000][2964.364s][915][941][info ] Total time for which application threads were stopped: 0.0002131 seconds, Stopping threads took: 0.0000439 seconds
[2025-06-16T01:00:47.391+0000][2965.068s][915][940][trace] CMS: promo attempt is safe: available(6912212992) >= av_promo(0), max_promo(1101215536)
[2025-06-16T01:00:47.687+0000][2965.364s][915][941][info ] Application time: 1.0000940 seconds
[2025-06-16T01:00:47.687+0000][2965.364s][915][941][info ] Entering safepoint region: Cleanup
[2025-06-16T01:00:47.687+0000][2965.365s][915][941][info ] Leaving safepoint region
[2025-06-16T01:00:47.687+0000][2965.365s][915][941][info ] Total time for which application threads were stopped: 0.0001888 seconds, Stopping threads took: 0.0000405 seconds
[2025-06-16T01:00:48.687+0000][2966.365s][915][941][info ] Application time: 1.0000910 seconds
[2025-06-16T01:00:48.687+0000][2966.365s][915][941][info ] Entering safepoint region: Cleanup
[2025-06-16T01:00:48.687+0000][2966.365s][915][941][info ] Leaving safepoint region
[2025-06-16T01:00:48.687+0000][2966.365s][915][941][info ] Total time for which application threads were stopped: 0.0002133 seconds, Stopping threads took: 0.0000390 seconds
[2025-06-16T01:00:49.688+0000][2967.365s][915][941][info ] Application time: 1.0001095 seconds
[2025-06-16T01:00:49.688+0000][2967.365s][915][941][info ] Entering safepoint region: Cleanup
[2025-06-16T01:00:49.688+0000][2967.365s][915][941][info ] Leaving safepoint region
[2025-06-16T01:00:49.688+0000][2967.365s][915][941][info ] Total time for which application threads were stopped: 0.0002146 seconds, Stopping threads took: 0.0000412 seconds
[2025-06-16T01:00:50.688+0000][2968.365s][915][941][info ] Application time: 1.0000842 seconds
[2025-06-16T01:00:50.688+0000][2968.366s][915][941][info ] Entering safepoint region: Cleanup
[2025-06-16T01:00:50.688+0000][2968.366s][915][941][info ] Leaving safepoint region
[2025-06-16T01:00:50.688+0000][2968.366s][915][941][info ] Total time for which application threads were stopped: 0.0001698 seconds, Stopping threads took: 0.0000319 seconds
[2025-06-16T01:00:51.688+0000][2969.366s][915][941][info ] Application time: 1.0000916 seconds
[2025-06-16T01:00:51.688+0000][2969.366s][915][941][info ] Entering safepoint region: Cleanup
[2025-06-16T01:00:51.689+0000][2969.366s][915][941][info ] Leaving safepoint region
[2025-06-16T01:00:51.689+0000][2969.366s][915][941][info ] Total time for which application threads were stopped: 0.0002073 seconds, Stopping threads took: 0.0000368 seconds
[2025-06-16T01:00:52.689+0000][2970.366s][915][941][info ] Application time: 1.0000748 seconds
[2025-06-16T01:00:52.689+0000][2970.366s][915][941][info ] Entering safepoint region: Cleanup
[2025-06-16T01:00:52.689+0000][2970.366s][915][941][info ] Leaving safepoint region
[2025-06-16T01:00:52.689+0000][2970.367s][915][941][info ] Total time for which application threads were stopped: 0.0002327 seconds, Stopping threads took: 0.0000463 seconds
[2025-06-16T01:00:53.689+0000][2971.367s][915][941][info ] Application time: 1.0000984 seconds
[2025-06-16T01:00:53.689+0000][2971.367s][915][941][info ] Entering safepoint region: Cleanup
[2025-06-16T01:00:53.689+0000][2971.367s][915][941][info ] Leaving safepoint region
[2025-06-16T01:00:53.689+0000][2971.367s][915][941][info ] Total time for which application threads were stopped: 0.0002201 seconds, Stopping threads took: 0.0000427 seconds
[2025-06-16T01:00:54.690+0000][2972.367s][915][941][info ] Application time: 1.0001072 seconds
[2025-06-16T01:00:54.690+0000][2972.367s][915][941][info ] Entering safepoint region: Cleanup
[2025-06-16T01:00:54.690+0000][2972.367s][915][941][info ] Leaving safepoint region
[2025-06-16T01:00:54.690+0000][2972.367s][915][941][info ] Total time for which application threads were stopped: 0.0002830 seconds, Stopping threads took: 0.0000429 seconds
[2025-06-16T01:00:55.690+0000][2973.368s][915][941][info ] Application time: 1.0000952 seconds
[2025-06-16T01:00:55.690+0000][2973.368s][915][941][info ] Entering safepoint region: Cleanup
[2025-06-16T01:00:55.690+0000][2973.368s][915][941][info ] Leaving safepoint region
[2025-06-16T01:00:55.690+0000][2973.368s][915][941][info ] Total time for which application threads were stopped: 0.0002359 seconds, Stopping threads took: 0.0000421 seconds
[2025-06-16T01:00:56.691+0000][2974.368s][915][941][info ] Application time: 1.0000990 seconds
[2025-06-16T01:00:56.691+0000][2974.368s][915][941][info ] Entering safepoint region: Cleanup
[2025-06-16T01:00:56.691+0000][2974.368s][915][941][info ] Leaving safepoint region
[2025-06-16T01:00:56.691+0000][2974.368s][915][941][info ] Total time for which application threads were stopped: 0.0002731 seconds, Stopping threads took: 0.0000495 seconds
[2025-06-16T01:00:57.390+0000][2975.068s][915][940][trace] CMS: promo attempt is safe: available(6912212992) >= av_promo(0), max_promo(1101215536)
[2025-06-16T01:00:57.691+0000][2975.369s][915][941][info ] Application time: 1.0001116 seconds
[2025-06-16T01:00:57.691+0000][2975.369s][915][941][info ] Entering safepoint region: Cleanup
[2025-06-16T01:00:57.691+0000][2975.369s][915][941][info ] Leaving safepoint region
[2025-06-16T01:00:57.691+0000][2975.369s][915][941][info ] Total time for which application threads were stopped: 0.0003388 seconds, Stopping threads took: 0.0000685 seconds
[2025-06-16T01:00:58.692+0000][2976.369s][915][941][info ] Application time: 1.0001018 seconds
[2025-06-16T01:00:58.692+0000][2976.369s][915][941][info ] Entering safepoint region: Cleanup
[2025-06-16T01:00:58.692+0000][2976.369s][915][941][info ] Leaving safepoint region
[2025-06-16T01:00:58.692+0000][2976.369s][915][941][info ] Total time for which application threads were stopped: 0.0002365 seconds, Stopping threads took: 0.0000449 seconds
[2025-06-16T01:00:59.692+0000][2977.370s][915][941][info ] Application time: 1.0000991 seconds
[2025-06-16T01:00:59.692+0000][2977.370s][915][941][info ] Entering safepoint region: Cleanup
[2025-06-16T01:00:59.692+0000][2977.370s][915][941][info ] Leaving safepoint region
[2025-06-16T01:00:59.692+0000][2977.370s][915][941][info ] Total time for which application threads were stopped: 0.0001921 seconds, Stopping threads took: 0.0000345 seconds
[2025-06-16T01:01:00.692+0000][2978.370s][915][941][info ] Application time: 1.0001225 seconds
[2025-06-16T01:01:00.693+0000][2978.370s][915][941][info ] Entering safepoint region: Cleanup
[2025-06-16T01:01:00.693+0000][2978.370s][915][941][info ] Leaving safepoint region
[2025-06-16T01:01:00.693+0000][2978.370s][915][941][info ] Total time for which application threads were stopped: 0.0002634 seconds, Stopping threads took: 0.0000524 seconds
[2025-06-16T01:01:01.693+0000][2979.370s][915][941][info ] Application time: 1.0001404 seconds
[2025-06-16T01:01:01.693+0000][2979.371s][915][941][info ] Entering safepoint region: Cleanup
[2025-06-16T01:01:01.693+0000][2979.371s][915][941][info ] Leaving safepoint region
[2025-06-16T01:01:01.693+0000][2979.371s][915][941][info ] Total time for which application threads were stopped: 0.0002682 seconds, Stopping threads took: 0.0000495 seconds
[2025-06-16T01:01:02.693+0000][2980.371s][915][941][info ] Application time: 1.0001105 seconds
[2025-06-16T01:01:02.694+0000][2980.371s][915][941][info ] Entering safepoint region: Cleanup
[2025-06-16T01:01:02.694+0000][2980.371s][915][941][info ] Leaving safepoint region
[2025-06-16T01:01:02.694+0000][2980.371s][915][941][info ] Total time for which application threads were stopped: 0.0003352 seconds, Stopping threads took: 0.0000828 seconds
[2025-06-16T01:01:03.694+0000][2981.371s][915][941][info ] Application time: 1.0001107 seconds
[2025-06-16T01:01:03.694+0000][2981.372s][915][941][info ] Entering safepoint region: Cleanup
[2025-06-16T01:01:03.694+0000][2981.372s][915][941][info ] Leaving safepoint region
[2025-06-16T01:01:03.694+0000][2981.372s][915][941][info ] Total time for which application threads were stopped: 0.0002091 seconds, Stopping threads took: 0.0000440 seconds
[2025-06-16T01:01:04.694+0000][2982.372s][915][941][info ] Application time: 1.0001108 seconds
[2025-06-16T01:01:04.695+0000][2982.372s][915][941][info ] Entering safepoint region: Cleanup
[2025-06-16T01:01:04.695+0000][2982.372s][915][941][info ] Leaving safepoint region
[2025-06-16T01:01:04.695+0000][2982.372s][915][941][info ] Total time for which application threads were stopped: 0.0002695 seconds, Stopping threads took: 0.0000518 seconds
[2025-06-16T01:01:05.695+0000][2983.372s][915][941][info ] Application time: 1.0000986 seconds
[2025-06-16T01:01:05.695+0000][2983.372s][915][941][info ] Entering safepoint region: Cleanup
[2025-06-16T01:01:05.695+0000][2983.373s][915][941][info ] Leaving safepoint region
[2025-06-16T01:01:05.695+0000][2983.373s][915][941][info ] Total time for which application threads were stopped: 0.0001874 seconds, Stopping threads took: 0.0000387 seconds
[2025-06-16T01:01:06.695+0000][2984.373s][915][941][info ] Application time: 1.0000862 seconds
[2025-06-16T01:01:06.695+0000][2984.373s][915][941][info ] Entering safepoint region: Cleanup
[2025-06-16T01:01:06.695+0000][2984.373s][915][941][info ] Leaving safepoint region
[2025-06-16T01:01:06.696+0000][2984.373s][915][941][info ] Total time for which application threads were stopped: 0.0002021 seconds, Stopping threads took: 0.0000359 seconds
[2025-06-16T01:01:07.390+0000][2985.067s][915][940][trace] CMS: promo attempt is safe: available(6912212992) >= av_promo(0), max_promo(1101215536)
[2025-06-16T01:01:07.696+0000][2985.373s][915][941][info ] Application time: 1.0001027 seconds
[2025-06-16T01:01:07.696+0000][2985.373s][915][941][info ] Entering safepoint region: Cleanup
[2025-06-16T01:01:07.696+0000][2985.373s][915][941][info ] Leaving safepoint region
[2025-06-16T01:01:07.696+0000][2985.374s][915][941][info ] Total time for which application threads were stopped: 0.0003013 seconds, Stopping threads took: 0.0000666 seconds
[2025-06-16T01:01:08.696+0000][2986.374s][915][941][info ] Application time: 1.0001082 seconds
[2025-06-16T01:01:08.696+0000][2986.374s][915][941][info ] Entering safepoint region: Cleanup
[2025-06-16T01:01:08.697+0000][2986.374s][915][941][info ] Leaving safepoint region
[2025-06-16T01:01:08.697+0000][2986.374s][915][941][info ] Total time for which application threads were stopped: 0.0002564 seconds, Stopping threads took: 0.0000585 seconds
[2025-06-16T01:01:09.697+0000][2987.374s][915][941][info ] Application time: 1.0000985 seconds
[2025-06-16T01:01:09.697+0000][2987.374s][915][941][info ] Entering safepoint region: Cleanup
[2025-06-16T01:01:09.697+0000][2987.374s][915][941][info ] Leaving safepoint region
[2025-06-16T01:01:09.697+0000][2987.374s][915][941][info ] Total time for which application threads were stopped: 0.0002233 seconds, Stopping threads took: 0.0000412 seconds
[2025-06-16T01:01:10.697+0000][2988.375s][915][941][info ] Application time: 1.0001015 seconds
[2025-06-16T01:01:10.697+0000][2988.375s][915][941][info ] Entering safepoint region: Cleanup
[2025-06-16T01:01:10.697+0000][2988.375s][915][941][info ] Leaving safepoint region
[2025-06-16T01:01:10.697+0000][2988.375s][915][941][info ] Total time for which application threads were stopped: 0.0002261 seconds, Stopping threads took: 0.0000483 seconds
[2025-06-16T01:01:11.698+0000][2989.375s][915][941][info ] Application time: 1.0001016 seconds
[2025-06-16T01:01:11.698+0000][2989.375s][915][941][info ] Entering safepoint region: Cleanup
[2025-06-16T01:01:11.698+0000][2989.375s][915][941][info ] Leaving safepoint region
[2025-06-16T01:01:11.698+0000][2989.375s][915][941][info ] Total time for which application threads were stopped: 0.0002359 seconds, Stopping threads took: 0.0000418 seconds
[2025-06-16T01:01:12.698+0000][2990.375s][915][941][info ] Application time: 1.0000924 seconds
[2025-06-16T01:01:12.698+0000][2990.376s][915][941][info ] Entering safepoint region: Cleanup
[2025-06-16T01:01:12.698+0000][2990.376s][915][941][info ] Leaving safepoint region
[2025-06-16T01:01:12.698+0000][2990.376s][915][941][info ] Total time for which application threads were stopped: 0.0002154 seconds, Stopping threads took: 0.0000407 seconds
[2025-06-16T01:01:13.698+0000][2991.376s][915][941][info ] Application time: 1.0000929 seconds
[2025-06-16T01:01:13.698+0000][2991.376s][915][941][info ] Entering safepoint region: Cleanup
[2025-06-16T01:01:13.699+0000][2991.376s][915][941][info ] Leaving safepoint region
[2025-06-16T01:01:13.699+0000][2991.376s][915][941][info ] Total time for which application threads were stopped: 0.0002033 seconds, Stopping threads took: 0.0000394 seconds
[2025-06-16T01:01:14.699+0000][2992.376s][915][941][info ] Application time: 1.0000982 seconds
[2025-06-16T01:01:14.699+0000][2992.376s][915][941][info ] Entering safepoint region: Cleanup
[2025-06-16T01:01:14.699+0000][2992.376s][915][941][info ] Leaving safepoint region
[2025-06-16T01:01:14.699+0000][2992.377s][915][941][info ] Total time for which application threads were stopped: 0.0001936 seconds, Stopping threads took: 0.0000396 seconds
[2025-06-16T01:01:15.699+0000][2993.377s][915][941][info ] Application time: 1.0000918 seconds
[2025-06-16T01:01:15.699+0000][2993.377s][915][941][info ] Entering safepoint region: Cleanup
[2025-06-16T01:01:15.699+0000][2993.377s][915][941][info ] Leaving safepoint region
[2025-06-16T01:01:15.699+0000][2993.377s][915][941][info ] Total time for which application threads were stopped: 0.0002158 seconds, Stopping threads took: 0.0000584 seconds
[2025-06-16T01:01:16.700+0000][2994.377s][915][941][info ] Application time: 1.0000951 seconds
[2025-06-16T01:01:16.700+0000][2994.377s][915][941][info ] Entering safepoint region: Cleanup
[2025-06-16T01:01:16.700+0000][2994.377s][915][941][info ] Leaving safepoint region
[2025-06-16T01:01:16.700+0000][2994.377s][915][941][info ] Total time for which application threads were stopped: 0.0001943 seconds, Stopping threads took: 0.0000411 seconds
[2025-06-16T01:01:17.389+0000][2995.066s][915][940][trace] CMS: promo attempt is safe: available(6912212992) >= av_promo(0), max_promo(1101215536)
[2025-06-16T01:01:17.700+0000][2995.377s][915][941][info ] Application time: 1.0000972 seconds
[2025-06-16T01:01:17.700+0000][2995.378s][915][941][info ] Entering safepoint region: Cleanup
[2025-06-16T01:01:17.700+0000][2995.378s][915][941][info ] Leaving safepoint region
[2025-06-16T01:01:17.700+0000][2995.378s][915][941][info ] Total time for which application threads were stopped: 0.0002133 seconds, Stopping threads took: 0.0000452 seconds
[2025-06-16T01:01:18.700+0000][2996.378s][915][941][info ] Application time: 1.0001175 seconds
[2025-06-16T01:01:18.700+0000][2996.378s][915][941][info ] Entering safepoint region: Cleanup
[2025-06-16T01:01:18.701+0000][2996.378s][915][941][info ] Leaving safepoint region
[2025-06-16T01:01:18.701+0000][2996.378s][915][941][info ] Total time for which application threads were stopped: 0.0002222 seconds, Stopping threads took: 0.0000448 seconds
[2025-06-16T01:01:19.701+0000][2997.378s][915][941][info ] Application time: 1.0001320 seconds
[2025-06-16T01:01:19.701+0000][2997.378s][915][941][info ] Entering safepoint region: Cleanup
[2025-06-16T01:01:19.701+0000][2997.379s][915][941][info ] Leaving safepoint region
[2025-06-16T01:01:19.701+0000][2997.379s][915][941][info ] Total time for which application threads were stopped: 0.0002688 seconds, Stopping threads took: 0.0000510 seconds
[2025-06-16T01:01:20.701+0000][2998.379s][915][941][info ] Application time: 1.0001110 seconds
[2025-06-16T01:01:20.701+0000][2998.379s][915][941][info ] Entering safepoint region: Cleanup
[2025-06-16T01:01:20.702+0000][2998.379s][915][941][info ] Leaving safepoint region
[2025-06-16T01:01:20.702+0000][2998.379s][915][941][info ] Total time for which application threads were stopped: 0.0001863 seconds, Stopping threads took: 0.0000375 seconds
[2025-06-16T01:01:21.702+0000][2999.379s][915][941][info ] Application time: 1.0000884 seconds
[2025-06-16T01:01:21.702+0000][2999.379s][915][941][info ] Entering safepoint region: Cleanup
[2025-06-16T01:01:21.702+0000][2999.379s][915][941][info ] Leaving safepoint region
[2025-06-16T01:01:21.702+0000][2999.379s][915][941][info ] Total time for which application threads were stopped: 0.0002028 seconds, Stopping threads took: 0.0000621 seconds
[2025-06-16T01:01:22.702+0000][3000.380s][915][941][info ] Application time: 1.0001036 seconds
[2025-06-16T01:01:22.702+0000][3000.380s][915][941][info ] Entering safepoint region: Cleanup
[2025-06-16T01:01:22.702+0000][3000.380s][915][941][info ] Leaving safepoint region
[2025-06-16T01:01:22.702+0000][3000.380s][915][941][info ] Total time for which application threads were stopped: 0.0002406 seconds, Stopping threads took: 0.0000495 seconds
[2025-06-16T01:01:23.702+0000][3001.380s][915][941][info ] Application time: 1.0000937 seconds
[2025-06-16T01:01:23.703+0000][3001.380s][915][941][info ] Entering safepoint region: Cleanup
[2025-06-16T01:01:23.703+0000][3001.380s][915][941][info ] Leaving safepoint region
[2025-06-16T01:01:23.703+0000][3001.380s][915][941][info ] Total time for which application threads were stopped: 0.0002239 seconds, Stopping threads took: 0.0000407 seconds
[2025-06-16T01:01:24.703+0000][3002.380s][915][941][info ] Application time: 1.0001014 seconds
[2025-06-16T01:01:24.703+0000][3002.381s][915][941][info ] Entering safepoint region: Cleanup
[2025-06-16T01:01:24.703+0000][3002.381s][915][941][info ] Leaving safepoint region
[2025-06-16T01:01:24.703+0000][3002.381s][915][941][info ] Total time for which application threads were stopped: 0.0002263 seconds, Stopping threads took: 0.0000409 seconds
[2025-06-16T01:01:25.703+0000][3003.381s][915][941][info ] Application time: 1.0001225 seconds
[2025-06-16T01:01:25.704+0000][3003.381s][915][941][info ] Entering safepoint region: Cleanup
[2025-06-16T01:01:25.704+0000][3003.381s][915][941][info ] Leaving safepoint region
[2025-06-16T01:01:25.704+0000][3003.381s][915][941][info ] Total time for which application threads were stopped: 0.0003489 seconds, Stopping threads took: 0.0000804 seconds
[2025-06-16T01:01:26.704+0000][3004.381s][915][941][info ] Application time: 1.0001230 seconds
[2025-06-16T01:01:26.704+0000][3004.382s][915][941][info ] Entering safepoint region: Cleanup
[2025-06-16T01:01:26.704+0000][3004.382s][915][941][info ] Leaving safepoint region
[2025-06-16T01:01:26.704+0000][3004.382s][915][941][info ] Total time for which application threads were stopped: 0.0002586 seconds, Stopping threads took: 0.0000484 seconds
[2025-06-16T01:01:27.389+0000][3005.066s][915][940][trace] CMS: promo attempt is safe: available(6912212992) >= av_promo(0), max_promo(1101215536)
[2025-06-16T01:01:27.704+0000][3005.382s][915][941][info ] Application time: 1.0001043 seconds
[2025-06-16T01:01:27.705+0000][3005.382s][915][941][info ] Entering safepoint region: Cleanup
[2025-06-16T01:01:27.705+0000][3005.382s][915][941][info ] Leaving safepoint region
[2025-06-16T01:01:27.705+0000][3005.382s][915][941][info ] Total time for which application threads were stopped: 0.0002204 seconds, Stopping threads took: 0.0000420 seconds
[2025-06-16T01:01:28.705+0000][3006.382s][915][941][info ] Application time: 1.0000969 seconds
[2025-06-16T01:01:28.705+0000][3006.382s][915][941][info ] Entering safepoint region: Cleanup
[2025-06-16T01:01:28.705+0000][3006.383s][915][941][info ] Leaving safepoint region
[2025-06-16T01:01:28.705+0000][3006.383s][915][941][info ] Total time for which application threads were stopped: 0.0002255 seconds, Stopping threads took: 0.0000405 seconds
[2025-06-16T01:01:29.705+0000][3007.383s][915][941][info ] Application time: 1.0001044 seconds
[2025-06-16T01:01:29.705+0000][3007.383s][915][941][info ] Entering safepoint region: Cleanup
[2025-06-16T01:01:29.706+0000][3007.383s][915][941][info ] Leaving safepoint region
[2025-06-16T01:01:29.706+0000][3007.383s][915][941][info ] Total time for which application threads were stopped: 0.0002692 seconds, Stopping threads took: 0.0000485 seconds
[2025-06-16T01:01:30.706+0000][3008.383s][915][941][info ] Application time: 1.0001078 seconds
[2025-06-16T01:01:30.706+0000][3008.383s][915][941][info ] Entering safepoint region: Cleanup
[2025-06-16T01:01:30.706+0000][3008.384s][915][941][info ] Leaving safepoint region
[2025-06-16T01:01:30.706+0000][3008.384s][915][941][info ] Total time for which application threads were stopped: 0.0002346 seconds, Stopping threads took: 0.0000438 seconds
[2025-06-16T01:01:31.706+0000][3009.384s][915][941][info ] Application time: 1.0000902 seconds
[2025-06-16T01:01:31.706+0000][3009.384s][915][941][info ] Entering safepoint region: Cleanup
[2025-06-16T01:01:31.707+0000][3009.384s][915][941][info ] Leaving safepoint region
[2025-06-16T01:01:31.707+0000][3009.384s][915][941][info ] Total time for which application threads were stopped: 0.0002434 seconds, Stopping threads took: 0.0000513 seconds
[2025-06-16T01:01:32.707+0000][3010.384s][915][941][info ] Application time: 1.0001279 seconds
[2025-06-16T01:01:32.707+0000][3010.384s][915][941][info ] Entering safepoint region: Cleanup
[2025-06-16T01:01:32.707+0000][3010.384s][915][941][info ] Leaving safepoint region
[2025-06-16T01:01:32.707+0000][3010.384s][915][941][info ] Total time for which application threads were stopped: 0.0002213 seconds, Stopping threads took: 0.0000429 seconds
[2025-06-16T01:01:33.707+0000][3011.385s][915][941][info ] Application time: 1.0001113 seconds
[2025-06-16T01:01:33.707+0000][3011.385s][915][941][info ] Entering safepoint region: Cleanup
[2025-06-16T01:01:33.707+0000][3011.385s][915][941][info ] Leaving safepoint region
[2025-06-16T01:01:33.708+0000][3011.385s][915][941][info ] Total time for which application threads were stopped: 0.0002765 seconds, Stopping threads took: 0.0000581 seconds
[2025-06-16T01:01:34.708+0000][3012.385s][915][941][info ] Application time: 1.0001270 seconds
[2025-06-16T01:01:34.708+0000][3012.385s][915][941][info ] Entering safepoint region: Cleanup
[2025-06-16T01:01:34.708+0000][3012.385s][915][941][info ] Leaving safepoint region
[2025-06-16T01:01:34.708+0000][3012.386s][915][941][info ] Total time for which application threads were stopped: 0.0002560 seconds, Stopping threads took: 0.0000466 seconds
