[2025-06-12T00:59:21.722+0000][0.007s][7367][7375][debug] Minimum heap 8589934592  Initial heap 8589934592  Maximum heap 8589934592
[2025-06-12T00:59:21.722+0000][0.007s][7367][7375][trace] 1: Minimum young 1677721600  Initial young 1677721600  Maximum young 1677721600
[2025-06-12T00:59:21.722+0000][0.007s][7367][7375][trace] Minimum old 65536  Initial old 6912212992  Maximum old 6912212992
[2025-06-12T00:59:21.722+0000][0.007s][7367][7375][trace] Trying to allocate at address 0x0000000600000000 heap of size 0x200000000
[2025-06-12T00:59:32.362+0000][10.647s][7367][7375][info ] Using Concurrent Mark Sweep
[2025-06-12T00:59:32.363+0000][10.648s][7367][7375][info ] Heap address: 0x0000000600000000, size: 8192 MB, Compressed Oops mode: Zero based, Oop shift amount: 3
[2025-06-12T00:59:32.916+0000][11.201s][7367][7459][info ] Application time: 0.2440346 seconds
[2025-06-12T00:59:32.918+0000][11.203s][7367][7459][info ] Entering safepoint region: Deoptimize
[2025-06-12T00:59:32.918+0000][11.203s][7367][7459][info ] Leaving safepoint region
[2025-06-12T00:59:32.919+0000][11.203s][7367][7459][info ] Total time for which application threads were stopped: 0.0001846 seconds, Stopping threads took: 0.0000249 seconds
[2025-06-12T00:59:32.930+0000][11.215s][7367][7459][info ] Application time: 0.0113235 seconds
[2025-06-12T00:59:32.930+0000][11.215s][7367][7459][info ] Entering safepoint region: Deoptimize
[2025-06-12T00:59:32.930+0000][11.215s][7367][7459][info ] Leaving safepoint region
[2025-06-12T00:59:32.930+0000][11.215s][7367][7459][info ] Total time for which application threads were stopped: 0.0000840 seconds, Stopping threads took: 0.0000108 seconds
[2025-06-12T00:59:33.000+0000][11.285s][7367][7459][info ] Application time: 0.0702892 seconds
[2025-06-12T00:59:33.000+0000][11.285s][7367][7459][info ] Entering safepoint region: Deoptimize
[2025-06-12T00:59:33.000+0000][11.285s][7367][7459][info ] Leaving safepoint region
[2025-06-12T00:59:33.000+0000][11.285s][7367][7459][info ] Total time for which application threads were stopped: 0.0001498 seconds, Stopping threads took: 0.0000124 seconds
[2025-06-12T00:59:34.001+0000][12.286s][7367][7459][info ] Application time: 1.0001202 seconds
[2025-06-12T00:59:34.001+0000][12.286s][7367][7459][info ] Entering safepoint region: Cleanup
[2025-06-12T00:59:34.001+0000][12.286s][7367][7459][info ] Leaving safepoint region
[2025-06-12T00:59:34.001+0000][12.286s][7367][7459][info ] Total time for which application threads were stopped: 0.0004944 seconds, Stopping threads took: 0.0002639 seconds
[2025-06-12T00:59:34.109+0000][12.394s][7367][7459][info ] Application time: 0.1075283 seconds
[2025-06-12T00:59:34.109+0000][12.394s][7367][7459][info ] Entering safepoint region: CollectForMetadataAllocation
[2025-06-12T00:59:34.111+0000][12.396s][7367][7459][info ] Leaving safepoint region
[2025-06-12T00:59:34.111+0000][12.396s][7367][7459][info ] Total time for which application threads were stopped: 0.0025821 seconds, Stopping threads took: 0.0000232 seconds
[2025-06-12T00:59:34.168+0000][12.453s][7367][7459][info ] Application time: 0.0561250 seconds
[2025-06-12T00:59:34.168+0000][12.453s][7367][7459][info ] Entering safepoint region: Deoptimize
[2025-06-12T00:59:34.168+0000][12.453s][7367][7459][info ] Leaving safepoint region
[2025-06-12T00:59:34.168+0000][12.453s][7367][7459][info ] Total time for which application threads were stopped: 0.0003233 seconds, Stopping threads took: 0.0000192 seconds
[2025-06-12T00:59:34.170+0000][12.455s][7367][7459][info ] Application time: 0.0022210 seconds
[2025-06-12T00:59:34.170+0000][12.455s][7367][7459][info ] Entering safepoint region: CollectForMetadataAllocation
[2025-06-12T00:59:34.173+0000][12.457s][7367][7459][info ] Leaving safepoint region
[2025-06-12T00:59:34.173+0000][12.458s][7367][7459][info ] Total time for which application threads were stopped: 0.0023531 seconds, Stopping threads took: 0.0000143 seconds
[2025-06-12T00:59:34.190+0000][12.475s][7367][7459][info ] Application time: 0.0173040 seconds
[2025-06-12T00:59:34.190+0000][12.475s][7367][7459][info ] Entering safepoint region: Deoptimize
[2025-06-12T00:59:34.191+0000][12.476s][7367][7459][info ] Leaving safepoint region
[2025-06-12T00:59:34.191+0000][12.476s][7367][7459][info ] Total time for which application threads were stopped: 0.0012039 seconds, Stopping threads took: 0.0009246 seconds
[2025-06-12T00:59:34.215+0000][12.500s][7367][7459][info ] Application time: 0.0237705 seconds
[2025-06-12T00:59:34.215+0000][12.500s][7367][7459][info ] Entering safepoint region: CollectForMetadataAllocation
[2025-06-12T00:59:34.216+0000][12.501s][7367][7459][info ] Leaving safepoint region
[2025-06-12T00:59:34.216+0000][12.501s][7367][7459][info ] Total time for which application threads were stopped: 0.0008714 seconds, Stopping threads took: 0.0000179 seconds
[2025-06-12T00:59:34.323+0000][12.608s][7367][7459][info ] Application time: 0.1068563 seconds
[2025-06-12T00:59:34.323+0000][12.608s][7367][7459][info ] Entering safepoint region: CollectForMetadataAllocation
[2025-06-12T00:59:34.323+0000][12.608s][7367][7459][info ] Leaving safepoint region
[2025-06-12T00:59:34.323+0000][12.608s][7367][7459][info ] Total time for which application threads were stopped: 0.0002902 seconds, Stopping threads took: 0.0000134 seconds
[2025-06-12T00:59:34.347+0000][12.632s][7367][7459][info ] Application time: 0.0237263 seconds
[2025-06-12T00:59:34.347+0000][12.632s][7367][7459][info ] Entering safepoint region: CollectForMetadataAllocation
[2025-06-12T00:59:34.349+0000][12.634s][7367][7459][info ] Leaving safepoint region
[2025-06-12T00:59:34.349+0000][12.634s][7367][7459][info ] Total time for which application threads were stopped: 0.0022828 seconds, Stopping threads took: 0.0000801 seconds
[2025-06-12T00:59:34.564+0000][12.849s][7367][7459][info ] Application time: 0.2149237 seconds
[2025-06-12T00:59:34.564+0000][12.849s][7367][7459][info ] Entering safepoint region: Deoptimize
[2025-06-12T00:59:34.564+0000][12.849s][7367][7459][info ] Leaving safepoint region
[2025-06-12T00:59:34.565+0000][12.849s][7367][7459][info ] Total time for which application threads were stopped: 0.0002977 seconds, Stopping threads took: 0.0000195 seconds
[2025-06-12T00:59:34.566+0000][12.851s][7367][7459][info ] Application time: 0.0015494 seconds
[2025-06-12T00:59:34.566+0000][12.851s][7367][7459][info ] Entering safepoint region: CollectForMetadataAllocation
[2025-06-12T00:59:34.567+0000][12.852s][7367][7459][info ] Leaving safepoint region
[2025-06-12T00:59:34.567+0000][12.852s][7367][7459][info ] Total time for which application threads were stopped: 0.0008512 seconds, Stopping threads took: 0.0000598 seconds
[2025-06-12T00:59:34.681+0000][12.966s][7367][7459][info ] Application time: 0.1143206 seconds
[2025-06-12T00:59:34.682+0000][12.967s][7367][7459][info ] Entering safepoint region: CollectForMetadataAllocation
[2025-06-12T00:59:34.682+0000][12.967s][7367][7459][info ] Leaving safepoint region
[2025-06-12T00:59:34.682+0000][12.967s][7367][7459][info ] Total time for which application threads were stopped: 0.0005983 seconds, Stopping threads took: 0.0000220 seconds
[2025-06-12T00:59:34.704+0000][12.989s][7367][7459][info ] Application time: 0.0215276 seconds
[2025-06-12T00:59:34.704+0000][12.989s][7367][7459][info ] Entering safepoint region: CollectForMetadataAllocation
[2025-06-12T00:59:34.704+0000][12.989s][7367][7459][info ] Leaving safepoint region
[2025-06-12T00:59:34.704+0000][12.989s][7367][7459][info ] Total time for which application threads were stopped: 0.0002018 seconds, Stopping threads took: 0.0000123 seconds
[2025-06-12T00:59:34.740+0000][13.025s][7367][7459][info ] Application time: 0.0356323 seconds
[2025-06-12T00:59:34.740+0000][13.025s][7367][7459][info ] Entering safepoint region: CollectForMetadataAllocation
[2025-06-12T00:59:34.741+0000][13.026s][7367][7459][info ] Leaving safepoint region
[2025-06-12T00:59:34.741+0000][13.026s][7367][7459][info ] Total time for which application threads were stopped: 0.0010459 seconds, Stopping threads took: 0.0000120 seconds
[2025-06-12T00:59:34.783+0000][13.068s][7367][7459][info ] Application time: 0.0423596 seconds
[2025-06-12T00:59:34.783+0000][13.068s][7367][7459][info ] Entering safepoint region: Deoptimize
[2025-06-12T00:59:34.784+0000][13.068s][7367][7459][info ] Leaving safepoint region
[2025-06-12T00:59:34.784+0000][13.069s][7367][7459][info ] Total time for which application threads were stopped: 0.0002353 seconds, Stopping threads took: 0.0000130 seconds
[2025-06-12T00:59:34.790+0000][13.075s][7367][7459][info ] Application time: 0.0061450 seconds
[2025-06-12T00:59:34.790+0000][13.075s][7367][7459][info ] Entering safepoint region: CollectForMetadataAllocation
[2025-06-12T00:59:34.790+0000][13.075s][7367][7459][info ] Leaving safepoint region
[2025-06-12T00:59:34.790+0000][13.075s][7367][7459][info ] Total time for which application threads were stopped: 0.0001560 seconds, Stopping threads took: 0.0000103 seconds
[2025-06-12T00:59:34.792+0000][13.077s][7367][7459][info ] Application time: 0.0018513 seconds
[2025-06-12T00:59:34.792+0000][13.077s][7367][7459][info ] Entering safepoint region: Deoptimize
[2025-06-12T00:59:34.792+0000][13.077s][7367][7459][info ] Leaving safepoint region
[2025-06-12T00:59:34.792+0000][13.077s][7367][7459][info ] Total time for which application threads were stopped: 0.0002233 seconds, Stopping threads took: 0.0000094 seconds
[2025-06-12T00:59:34.792+0000][13.077s][7367][7459][info ] Application time: 0.0002001 seconds
[2025-06-12T00:59:34.792+0000][13.077s][7367][7459][info ] Entering safepoint region: Deoptimize
[2025-06-12T00:59:34.792+0000][13.077s][7367][7459][info ] Leaving safepoint region
[2025-06-12T00:59:34.792+0000][13.077s][7367][7459][info ] Total time for which application threads were stopped: 0.0001428 seconds, Stopping threads took: 0.0000084 seconds
[2025-06-12T00:59:34.864+0000][13.149s][7367][7459][info ] Application time: 0.0715128 seconds
[2025-06-12T00:59:34.864+0000][13.149s][7367][7459][info ] Entering safepoint region: CollectForMetadataAllocation
[2025-06-12T00:59:34.865+0000][13.150s][7367][7459][info ] Leaving safepoint region
[2025-06-12T00:59:34.865+0000][13.150s][7367][7459][info ] Total time for which application threads were stopped: 0.0011270 seconds, Stopping threads took: 0.0000139 seconds
[2025-06-12T00:59:34.866+0000][13.151s][7367][7459][info ] Application time: 0.0006596 seconds
[2025-06-12T00:59:34.866+0000][13.151s][7367][7459][info ] Entering safepoint region: Deoptimize
[2025-06-12T00:59:34.866+0000][13.151s][7367][7459][info ] Leaving safepoint region
[2025-06-12T00:59:34.866+0000][13.151s][7367][7459][info ] Total time for which application threads were stopped: 0.0002982 seconds, Stopping threads took: 0.0000143 seconds
[2025-06-12T00:59:34.886+0000][13.171s][7367][7459][info ] Application time: 0.0195954 seconds
[2025-06-12T00:59:34.886+0000][13.171s][7367][7459][info ] Entering safepoint region: CollectForMetadataAllocation
[2025-06-12T00:59:34.887+0000][13.171s][7367][7459][info ] Leaving safepoint region
[2025-06-12T00:59:34.887+0000][13.172s][7367][7459][info ] Total time for which application threads were stopped: 0.0008019 seconds, Stopping threads took: 0.0000176 seconds
[2025-06-12T00:59:34.887+0000][13.172s][7367][7459][info ] Application time: 0.0000940 seconds
[2025-06-12T00:59:34.887+0000][13.172s][7367][7459][info ] Entering safepoint region: CollectForMetadataAllocation
[2025-06-12T00:59:34.887+0000][13.172s][7367][7459][info ] Leaving safepoint region
[2025-06-12T00:59:34.887+0000][13.172s][7367][7459][info ] Total time for which application threads were stopped: 0.0000409 seconds, Stopping threads took: 0.0000171 seconds
[2025-06-12T00:59:34.907+0000][13.192s][7367][7459][info ] Application time: 0.0206767 seconds
[2025-06-12T00:59:34.908+0000][13.193s][7367][7459][info ] Entering safepoint region: Deoptimize
[2025-06-12T00:59:34.908+0000][13.193s][7367][7459][info ] Leaving safepoint region
[2025-06-12T00:59:34.908+0000][13.193s][7367][7459][info ] Total time for which application threads were stopped: 0.0005753 seconds, Stopping threads took: 0.0001638 seconds
[2025-06-12T00:59:34.912+0000][13.196s][7367][7459][info ] Application time: 0.0031812 seconds
[2025-06-12T00:59:34.912+0000][13.197s][7367][7459][info ] Entering safepoint region: Deoptimize
[2025-06-12T00:59:34.912+0000][13.197s][7367][7459][info ] Leaving safepoint region
[2025-06-12T00:59:34.912+0000][13.197s][7367][7459][info ] Total time for which application threads were stopped: 0.0002923 seconds, Stopping threads took: 0.0001204 seconds
[2025-06-12T00:59:34.919+0000][13.204s][7367][7459][info ] Application time: 0.0073644 seconds
[2025-06-12T00:59:34.920+0000][13.204s][7367][7459][info ] Entering safepoint region: CollectForMetadataAllocation
[2025-06-12T00:59:34.920+0000][13.205s][7367][7459][info ] Leaving safepoint region
[2025-06-12T00:59:34.920+0000][13.205s][7367][7459][info ] Total time for which application threads were stopped: 0.0008115 seconds, Stopping threads took: 0.0000191 seconds
[2025-06-12T00:59:34.940+0000][13.225s][7367][7459][info ] Application time: 0.0193320 seconds
[2025-06-12T00:59:34.940+0000][13.225s][7367][7459][info ] Entering safepoint region: CollectForMetadataAllocation
[2025-06-12T00:59:34.941+0000][13.226s][7367][7459][info ] Leaving safepoint region
[2025-06-12T00:59:34.941+0000][13.226s][7367][7459][info ] Total time for which application threads were stopped: 0.0010698 seconds, Stopping threads took: 0.0000129 seconds
[2025-06-12T00:59:34.954+0000][13.239s][7367][7459][info ] Application time: 0.0130551 seconds
[2025-06-12T00:59:34.954+0000][13.239s][7367][7459][info ] Entering safepoint region: CollectForMetadataAllocation
[2025-06-12T00:59:34.954+0000][13.239s][7367][7459][info ] Leaving safepoint region
[2025-06-12T00:59:34.954+0000][13.239s][7367][7459][info ] Total time for which application threads were stopped: 0.0002296 seconds, Stopping threads took: 0.0000116 seconds
[2025-06-12T00:59:34.963+0000][13.248s][7367][7459][info ] Application time: 0.0087127 seconds
[2025-06-12T00:59:34.963+0000][13.248s][7367][7459][info ] Entering safepoint region: CollectForMetadataAllocation
[2025-06-12T00:59:34.964+0000][13.249s][7367][7459][info ] Leaving safepoint region
[2025-06-12T00:59:34.964+0000][13.249s][7367][7459][info ] Total time for which application threads were stopped: 0.0015191 seconds, Stopping threads took: 0.0000683 seconds
[2025-06-12T00:59:34.969+0000][13.254s][7367][7459][info ] Application time: 0.0048090 seconds
[2025-06-12T00:59:34.969+0000][13.254s][7367][7459][info ] Entering safepoint region: CollectForMetadataAllocation
[2025-06-12T00:59:34.969+0000][13.254s][7367][7459][info ] Leaving safepoint region
[2025-06-12T00:59:34.969+0000][13.254s][7367][7459][info ] Total time for which application threads were stopped: 0.0002246 seconds, Stopping threads took: 0.0000099 seconds
[2025-06-12T00:59:34.970+0000][13.255s][7367][7459][info ] Application time: 0.0001000 seconds
[2025-06-12T00:59:34.970+0000][13.255s][7367][7459][info ] Entering safepoint region: CollectForMetadataAllocation
[2025-06-12T00:59:34.970+0000][13.255s][7367][7459][info ] Leaving safepoint region
[2025-06-12T00:59:34.970+0000][13.255s][7367][7459][info ] Total time for which application threads were stopped: 0.0002175 seconds, Stopping threads took: 0.0001876 seconds
[2025-06-12T00:59:34.975+0000][13.260s][7367][7459][info ] Application time: 0.0053609 seconds
[2025-06-12T00:59:34.975+0000][13.260s][7367][7459][info ] Entering safepoint region: Deoptimize
[2025-06-12T00:59:34.976+0000][13.260s][7367][7459][info ] Leaving safepoint region
[2025-06-12T00:59:34.976+0000][13.260s][7367][7459][info ] Total time for which application threads were stopped: 0.0002498 seconds, Stopping threads took: 0.0000104 seconds
[2025-06-12T00:59:34.993+0000][13.277s][7367][7459][info ] Application time: 0.0170014 seconds
[2025-06-12T00:59:34.993+0000][13.278s][7367][7459][info ] Entering safepoint region: CollectForMetadataAllocation
[2025-06-12T00:59:34.993+0000][13.278s][7367][7459][info ] Leaving safepoint region
[2025-06-12T00:59:34.993+0000][13.278s][7367][7459][info ] Total time for which application threads were stopped: 0.0005814 seconds, Stopping threads took: 0.0000126 seconds
[2025-06-12T00:59:35.010+0000][13.295s][7367][7459][info ] Application time: 0.0172795 seconds
[2025-06-12T00:59:35.011+0000][13.295s][7367][7459][info ] Entering safepoint region: CollectForMetadataAllocation
[2025-06-12T00:59:35.012+0000][13.297s][7367][7459][info ] Leaving safepoint region
[2025-06-12T00:59:35.012+0000][13.297s][7367][7459][info ] Total time for which application threads were stopped: 0.0016513 seconds, Stopping threads took: 0.0000114 seconds
[2025-06-12T00:59:35.030+0000][13.314s][7367][7459][info ] Application time: 0.0173735 seconds
[2025-06-12T00:59:35.030+0000][13.315s][7367][7459][info ] Entering safepoint region: CollectForMetadataAllocation
[2025-06-12T00:59:35.030+0000][13.315s][7367][7459][info ] Leaving safepoint region
[2025-06-12T00:59:35.030+0000][13.315s][7367][7459][info ] Total time for which application threads were stopped: 0.0006478 seconds, Stopping threads took: 0.0000120 seconds
[2025-06-12T00:59:35.066+0000][13.351s][7367][7459][info ] Application time: 0.0359625 seconds
[2025-06-12T00:59:35.066+0000][13.351s][7367][7459][info ] Entering safepoint region: CollectForMetadataAllocation
[2025-06-12T00:59:35.067+0000][13.352s][7367][7459][info ] Leaving safepoint region
[2025-06-12T00:59:35.067+0000][13.352s][7367][7459][info ] Total time for which application threads were stopped: 0.0005735 seconds, Stopping threads took: 0.0000116 seconds
[2025-06-12T00:59:35.073+0000][13.358s][7367][7459][info ] Application time: 0.0059910 seconds
[2025-06-12T00:59:35.073+0000][13.358s][7367][7459][info ] Entering safepoint region: CollectForMetadataAllocation
[2025-06-12T00:59:35.074+0000][13.359s][7367][7459][info ] Leaving safepoint region
[2025-06-12T00:59:35.074+0000][13.359s][7367][7459][info ] Total time for which application threads were stopped: 0.0008255 seconds, Stopping threads took: 0.0000113 seconds
[2025-06-12T00:59:35.101+0000][13.386s][7367][7459][info ] Application time: 0.0270860 seconds
[2025-06-12T00:59:35.101+0000][13.386s][7367][7459][info ] Entering safepoint region: CollectForMetadataAllocation
[2025-06-12T00:59:35.102+0000][13.386s][7367][7459][info ] Leaving safepoint region
[2025-06-12T00:59:35.102+0000][13.387s][7367][7459][info ] Total time for which application threads were stopped: 0.0007560 seconds, Stopping threads took: 0.0000108 seconds
[2025-06-12T00:59:35.133+0000][13.418s][7367][7459][info ] Application time: 0.0318863 seconds
[2025-06-12T00:59:35.134+0000][13.418s][7367][7459][info ] Entering safepoint region: CollectForMetadataAllocation
[2025-06-12T00:59:35.135+0000][13.420s][7367][7459][info ] Leaving safepoint region
[2025-06-12T00:59:35.135+0000][13.420s][7367][7459][info ] Total time for which application threads were stopped: 0.0013445 seconds, Stopping threads took: 0.0000151 seconds
[2025-06-12T00:59:35.166+0000][13.451s][7367][7459][info ] Application time: 0.0310017 seconds
[2025-06-12T00:59:35.166+0000][13.451s][7367][7459][info ] Entering safepoint region: CollectForMetadataAllocation
[2025-06-12T00:59:35.168+0000][13.452s][7367][7459][info ] Leaving safepoint region
[2025-06-12T00:59:35.168+0000][13.453s][7367][7459][info ] Total time for which application threads were stopped: 0.0016261 seconds, Stopping threads took: 0.0000241 seconds
[2025-06-12T00:59:35.303+0000][13.588s][7367][7459][info ] Application time: 0.1353794 seconds
[2025-06-12T00:59:35.303+0000][13.588s][7367][7459][info ] Entering safepoint region: CollectForMetadataAllocation
[2025-06-12T00:59:35.305+0000][13.589s][7367][7459][info ] Leaving safepoint region
[2025-06-12T00:59:35.305+0000][13.590s][7367][7459][info ] Total time for which application threads were stopped: 0.0014405 seconds, Stopping threads took: 0.0001635 seconds
[2025-06-12T00:59:35.352+0000][13.636s][7367][7459][info ] Application time: 0.0466857 seconds
[2025-06-12T00:59:35.352+0000][13.637s][7367][7459][info ] Entering safepoint region: CollectForMetadataAllocation
[2025-06-12T00:59:35.352+0000][13.637s][7367][7459][info ] Leaving safepoint region
[2025-06-12T00:59:35.352+0000][13.637s][7367][7459][info ] Total time for which application threads were stopped: 0.0005887 seconds, Stopping threads took: 0.0000132 seconds
[2025-06-12T00:59:35.362+0000][13.647s][7367][7459][info ] Application time: 0.0102490 seconds
[2025-06-12T00:59:35.362+0000][13.647s][7367][7459][info ] Entering safepoint region: CollectForMetadataAllocation
[2025-06-12T00:59:35.363+0000][13.648s][7367][7459][info ] Leaving safepoint region
[2025-06-12T00:59:35.364+0000][13.648s][7367][7459][info ] Total time for which application threads were stopped: 0.0010620 seconds, Stopping threads took: 0.0000101 seconds
[2025-06-12T00:59:35.490+0000][13.775s][7367][7459][info ] Application time: 0.1261898 seconds
[2025-06-12T00:59:35.490+0000][13.775s][7367][7459][info ] Entering safepoint region: CollectForMetadataAllocation
[2025-06-12T00:59:35.490+0000][13.775s][7367][7459][info ] Leaving safepoint region
[2025-06-12T00:59:35.490+0000][13.775s][7367][7459][info ] Total time for which application threads were stopped: 0.0006638 seconds, Stopping threads took: 0.0000140 seconds
[2025-06-12T00:59:35.554+0000][13.838s][7367][7459][info ] Application time: 0.0630890 seconds
[2025-06-12T00:59:35.554+0000][13.839s][7367][7459][info ] Entering safepoint region: CollectForMetadataAllocation
[2025-06-12T00:59:35.554+0000][13.839s][7367][7459][info ] Leaving safepoint region
[2025-06-12T00:59:35.554+0000][13.839s][7367][7459][info ] Total time for which application threads were stopped: 0.0006863 seconds, Stopping threads took: 0.0000305 seconds
[2025-06-12T00:59:35.585+0000][13.869s][7367][7459][info ] Application time: 0.0302459 seconds
[2025-06-12T00:59:35.585+0000][13.870s][7367][7459][info ] Entering safepoint region: CollectForMetadataAllocation
[2025-06-12T00:59:35.585+0000][13.870s][7367][7459][info ] Leaving safepoint region
[2025-06-12T00:59:35.585+0000][13.870s][7367][7459][info ] Total time for which application threads were stopped: 0.0004426 seconds, Stopping threads took: 0.0000267 seconds
[2025-06-12T00:59:35.635+0000][13.920s][7367][7459][info ] Application time: 0.0501413 seconds
[2025-06-12T00:59:35.635+0000][13.920s][7367][7459][info ] Entering safepoint region: CollectForMetadataAllocation
[2025-06-12T00:59:35.636+0000][13.921s][7367][7459][info ] Leaving safepoint region
[2025-06-12T00:59:35.636+0000][13.921s][7367][7459][info ] Total time for which application threads were stopped: 0.0006052 seconds, Stopping threads took: 0.0002692 seconds
[2025-06-12T00:59:35.732+0000][14.017s][7367][7459][info ] Application time: 0.0956978 seconds
[2025-06-12T00:59:35.732+0000][14.017s][7367][7459][info ] Entering safepoint region: CollectForMetadataAllocation
[2025-06-12T00:59:35.732+0000][14.017s][7367][7459][info ] Leaving safepoint region
[2025-06-12T00:59:35.732+0000][14.017s][7367][7459][info ] Total time for which application threads were stopped: 0.0004763 seconds, Stopping threads took: 0.0000367 seconds
[2025-06-12T00:59:35.754+0000][14.039s][7367][7459][info ] Application time: 0.0220611 seconds
[2025-06-12T00:59:35.754+0000][14.039s][7367][7459][info ] Entering safepoint region: CollectForMetadataAllocation
[2025-06-12T00:59:35.754+0000][14.039s][7367][7459][info ] Leaving safepoint region
[2025-06-12T00:59:35.755+0000][14.040s][7367][7459][info ] Total time for which application threads were stopped: 0.0006009 seconds, Stopping threads took: 0.0000259 seconds
[2025-06-12T00:59:35.763+0000][14.048s][7367][7459][info ] Application time: 0.0084101 seconds
[2025-06-12T00:59:35.763+0000][14.048s][7367][7459][info ] Entering safepoint region: Deoptimize
[2025-06-12T00:59:35.764+0000][14.049s][7367][7459][info ] Leaving safepoint region
[2025-06-12T00:59:35.764+0000][14.049s][7367][7459][info ] Total time for which application threads were stopped: 0.0004266 seconds, Stopping threads took: 0.0001350 seconds
[2025-06-12T00:59:35.782+0000][14.067s][7367][7459][info ] Application time: 0.0182523 seconds
[2025-06-12T00:59:35.782+0000][14.067s][7367][7459][info ] Entering safepoint region: Deoptimize
[2025-06-12T00:59:35.782+0000][14.067s][7367][7459][info ] Leaving safepoint region
[2025-06-12T00:59:35.782+0000][14.067s][7367][7459][info ] Total time for which application threads were stopped: 0.0004337 seconds, Stopping threads took: 0.0001648 seconds
[2025-06-12T00:59:35.784+0000][14.069s][7367][7459][info ] Application time: 0.0011432 seconds
[2025-06-12T00:59:35.784+0000][14.069s][7367][7459][info ] Entering safepoint region: CollectForMetadataAllocation
[2025-06-12T00:59:35.785+0000][14.070s][7367][7459][info ] Leaving safepoint region
[2025-06-12T00:59:35.785+0000][14.070s][7367][7459][info ] Total time for which application threads were stopped: 0.0012850 seconds, Stopping threads took: 0.0002134 seconds
[2025-06-12T00:59:35.833+0000][14.118s][7367][7459][info ] Application time: 0.0476445 seconds
[2025-06-12T00:59:35.833+0000][14.118s][7367][7459][info ] Entering safepoint region: CollectForMetadataAllocation
[2025-06-12T00:59:35.833+0000][14.118s][7367][7459][info ] Leaving safepoint region
[2025-06-12T00:59:35.833+0000][14.118s][7367][7459][info ] Total time for which application threads were stopped: 0.0002432 seconds, Stopping threads took: 0.0000137 seconds
[2025-06-12T00:59:35.833+0000][14.118s][7367][7459][info ] Application time: 0.0000781 seconds
[2025-06-12T00:59:35.833+0000][14.118s][7367][7459][info ] Entering safepoint region: CollectForMetadataAllocation
[2025-06-12T00:59:35.833+0000][14.118s][7367][7459][info ] Leaving safepoint region
[2025-06-12T00:59:35.833+0000][14.118s][7367][7459][info ] Total time for which application threads were stopped: 0.0000578 seconds, Stopping threads took: 0.0000420 seconds
[2025-06-12T00:59:35.853+0000][14.138s][7367][7459][info ] Application time: 0.0200615 seconds
[2025-06-12T00:59:35.853+0000][14.138s][7367][7459][info ] Entering safepoint region: CollectForMetadataAllocation
[2025-06-12T00:59:35.854+0000][14.139s][7367][7459][info ] Leaving safepoint region
[2025-06-12T00:59:35.854+0000][14.139s][7367][7459][info ] Total time for which application threads were stopped: 0.0005027 seconds, Stopping threads took: 0.0000513 seconds
[2025-06-12T00:59:35.854+0000][14.139s][7367][7459][info ] Application time: 0.0001009 seconds
[2025-06-12T00:59:35.854+0000][14.139s][7367][7459][info ] Entering safepoint region: CollectForMetadataAllocation
[2025-06-12T00:59:35.854+0000][14.139s][7367][7459][info ] Leaving safepoint region
[2025-06-12T00:59:35.854+0000][14.139s][7367][7459][info ] Total time for which application threads were stopped: 0.0001703 seconds, Stopping threads took: 0.0001451 seconds
[2025-06-12T00:59:35.876+0000][14.161s][7367][7459][info ] Application time: 0.0218127 seconds
[2025-06-12T00:59:35.876+0000][14.161s][7367][7459][info ] Entering safepoint region: CollectForMetadataAllocation
[2025-06-12T00:59:35.876+0000][14.161s][7367][7459][info ] Leaving safepoint region
[2025-06-12T00:59:35.876+0000][14.161s][7367][7459][info ] Total time for which application threads were stopped: 0.0002599 seconds, Stopping threads took: 0.0000119 seconds
[2025-06-12T00:59:35.876+0000][14.161s][7367][7459][info ] Application time: 0.0000884 seconds
[2025-06-12T00:59:35.876+0000][14.161s][7367][7459][info ] Entering safepoint region: CollectForMetadataAllocation
[2025-06-12T00:59:35.876+0000][14.161s][7367][7459][info ] Leaving safepoint region
[2025-06-12T00:59:35.876+0000][14.161s][7367][7459][info ] Total time for which application threads were stopped: 0.0001008 seconds, Stopping threads took: 0.0000804 seconds
[2025-06-12T00:59:35.911+0000][14.196s][7367][7459][info ] Application time: 0.0343683 seconds
[2025-06-12T00:59:35.911+0000][14.196s][7367][7459][info ] Entering safepoint region: CollectForMetadataAllocation
[2025-06-12T00:59:35.912+0000][14.197s][7367][7459][info ] Leaving safepoint region
[2025-06-12T00:59:35.912+0000][14.197s][7367][7459][info ] Total time for which application threads were stopped: 0.0013220 seconds, Stopping threads took: 0.0000304 seconds
[2025-06-12T00:59:35.923+0000][14.208s][7367][7459][info ] Application time: 0.0112433 seconds
[2025-06-12T00:59:35.924+0000][14.208s][7367][7459][info ] Entering safepoint region: CollectForMetadataAllocation
[2025-06-12T00:59:35.924+0000][14.209s][7367][7459][info ] Leaving safepoint region
[2025-06-12T00:59:35.924+0000][14.209s][7367][7459][info ] Total time for which application threads were stopped: 0.0003752 seconds, Stopping threads took: 0.0002066 seconds
[2025-06-12T00:59:35.950+0000][14.235s][7367][7459][info ] Application time: 0.0264979 seconds
[2025-06-12T00:59:35.950+0000][14.235s][7367][7459][info ] Entering safepoint region: CollectForMetadataAllocation
[2025-06-12T00:59:35.950+0000][14.235s][7367][7459][info ] Leaving safepoint region
[2025-06-12T00:59:35.950+0000][14.235s][7367][7459][info ] Total time for which application threads were stopped: 0.0001831 seconds, Stopping threads took: 0.0000194 seconds
[2025-06-12T00:59:35.961+0000][14.246s][7367][7459][info ] Application time: 0.0101323 seconds
[2025-06-12T00:59:35.961+0000][14.246s][7367][7459][info ] Entering safepoint region: Deoptimize
[2025-06-12T00:59:35.961+0000][14.246s][7367][7459][info ] Leaving safepoint region
[2025-06-12T00:59:35.961+0000][14.246s][7367][7459][info ] Total time for which application threads were stopped: 0.0003015 seconds, Stopping threads took: 0.0000127 seconds
[2025-06-12T00:59:35.992+0000][14.277s][7367][7459][info ] Application time: 0.0314383 seconds
[2025-06-12T00:59:35.992+0000][14.277s][7367][7459][info ] Entering safepoint region: CollectForMetadataAllocation
[2025-06-12T00:59:35.993+0000][14.278s][7367][7459][info ] Leaving safepoint region
[2025-06-12T00:59:35.993+0000][14.278s][7367][7459][info ] Total time for which application threads were stopped: 0.0003178 seconds, Stopping threads took: 0.0000211 seconds
[2025-06-12T00:59:36.048+0000][14.333s][7367][7459][info ] Application time: 0.0553549 seconds
[2025-06-12T00:59:36.048+0000][14.333s][7367][7459][info ] Entering safepoint region: CollectForMetadataAllocation
[2025-06-12T00:59:36.048+0000][14.333s][7367][7459][info ] Leaving safepoint region
[2025-06-12T00:59:36.048+0000][14.333s][7367][7459][info ] Total time for which application threads were stopped: 0.0002397 seconds, Stopping threads took: 0.0000133 seconds
[2025-06-12T00:59:36.092+0000][14.377s][7367][7459][info ] Application time: 0.0437790 seconds
[2025-06-12T00:59:36.092+0000][14.377s][7367][7459][info ] Entering safepoint region: CollectForMetadataAllocation
[2025-06-12T00:59:36.094+0000][14.379s][7367][7459][info ] Leaving safepoint region
[2025-06-12T00:59:36.094+0000][14.379s][7367][7459][info ] Total time for which application threads were stopped: 0.0014754 seconds, Stopping threads took: 0.0000148 seconds
[2025-06-12T00:59:36.157+0000][14.442s][7367][7459][info ] Application time: 0.0633174 seconds
[2025-06-12T00:59:36.159+0000][14.444s][7367][7459][info ] Entering safepoint region: CollectForMetadataAllocation
[2025-06-12T00:59:36.160+0000][14.445s][7367][7459][info ] Leaving safepoint region
[2025-06-12T00:59:36.160+0000][14.445s][7367][7459][info ] Total time for which application threads were stopped: 0.0025217 seconds, Stopping threads took: 0.0019547 seconds
[2025-06-12T00:59:36.164+0000][14.448s][7367][7459][info ] Application time: 0.0038421 seconds
[2025-06-12T00:59:36.164+0000][14.448s][7367][7459][info ] Entering safepoint region: Deoptimize
[2025-06-12T00:59:36.164+0000][14.449s][7367][7459][info ] Leaving safepoint region
[2025-06-12T00:59:36.164+0000][14.449s][7367][7459][info ] Total time for which application threads were stopped: 0.0003469 seconds, Stopping threads took: 0.0000116 seconds
[2025-06-12T00:59:36.235+0000][14.520s][7367][7459][info ] Application time: 0.0715934 seconds
[2025-06-12T00:59:36.236+0000][14.520s][7367][7459][info ] Entering safepoint region: CollectForMetadataAllocation
[2025-06-12T00:59:36.236+0000][14.521s][7367][7459][info ] Leaving safepoint region
[2025-06-12T00:59:36.236+0000][14.521s][7367][7459][info ] Total time for which application threads were stopped: 0.0003057 seconds, Stopping threads took: 0.0000177 seconds
[2025-06-12T00:59:36.269+0000][14.554s][7367][7459][info ] Application time: 0.0328667 seconds
[2025-06-12T00:59:36.269+0000][14.554s][7367][7459][info ] Entering safepoint region: CollectForMetadataAllocation
[2025-06-12T00:59:36.270+0000][14.555s][7367][7459][info ] Leaving safepoint region
[2025-06-12T00:59:36.270+0000][14.555s][7367][7459][info ] Total time for which application threads were stopped: 0.0008219 seconds, Stopping threads took: 0.0000182 seconds
[2025-06-12T00:59:36.311+0000][14.596s][7367][7459][info ] Application time: 0.0410744 seconds
[2025-06-12T00:59:36.311+0000][14.596s][7367][7459][info ] Entering safepoint region: CollectForMetadataAllocation
[2025-06-12T00:59:36.314+0000][14.599s][7367][7459][info ] Leaving safepoint region
[2025-06-12T00:59:36.314+0000][14.599s][7367][7459][info ] Total time for which application threads were stopped: 0.0028163 seconds, Stopping threads took: 0.0002175 seconds
[2025-06-12T00:59:36.325+0000][14.610s][7367][7459][info ] Application time: 0.0106568 seconds
[2025-06-12T00:59:36.325+0000][14.610s][7367][7459][info ] Entering safepoint region: CollectForMetadataAllocation
[2025-06-12T00:59:36.327+0000][14.611s][7367][7459][info ] Leaving safepoint region
[2025-06-12T00:59:36.327+0000][14.612s][7367][7459][info ] Total time for which application threads were stopped: 0.0014551 seconds, Stopping threads took: 0.0000145 seconds
[2025-06-12T00:59:36.394+0000][14.679s][7367][7459][info ] Application time: 0.0669791 seconds
[2025-06-12T00:59:36.394+0000][14.679s][7367][7459][info ] Entering safepoint region: CollectForMetadataAllocation
[2025-06-12T00:59:36.395+0000][14.680s][7367][7459][info ] Leaving safepoint region
[2025-06-12T00:59:36.395+0000][14.680s][7367][7459][info ] Total time for which application threads were stopped: 0.0014806 seconds, Stopping threads took: 0.0000185 seconds
[2025-06-12T00:59:36.448+0000][14.733s][7367][7459][info ] Application time: 0.0531528 seconds
[2025-06-12T00:59:36.448+0000][14.733s][7367][7459][info ] Entering safepoint region: CollectForMetadataAllocation
[2025-06-12T00:59:36.449+0000][14.734s][7367][7459][info ] Leaving safepoint region
[2025-06-12T00:59:36.449+0000][14.734s][7367][7459][info ] Total time for which application threads were stopped: 0.0007990 seconds, Stopping threads took: 0.0000244 seconds
[2025-06-12T00:59:36.529+0000][14.814s][7367][7459][info ] Application time: 0.0798280 seconds
[2025-06-12T00:59:36.529+0000][14.814s][7367][7459][info ] Entering safepoint region: CollectForMetadataAllocation
[2025-06-12T00:59:36.530+0000][14.815s][7367][7459][info ] Leaving safepoint region
[2025-06-12T00:59:36.530+0000][14.815s][7367][7459][info ] Total time for which application threads were stopped: 0.0006467 seconds, Stopping threads took: 0.0000216 seconds
[2025-06-12T00:59:36.554+0000][14.839s][7367][7459][info ] Application time: 0.0242546 seconds
[2025-06-12T00:59:36.554+0000][14.839s][7367][7459][info ] Entering safepoint region: CollectForMetadataAllocation
[2025-06-12T00:59:36.554+0000][14.839s][7367][7459][info ] Leaving safepoint region
[2025-06-12T00:59:36.554+0000][14.839s][7367][7459][info ] Total time for which application threads were stopped: 0.0003406 seconds, Stopping threads took: 0.0000181 seconds
[2025-06-12T00:59:36.585+0000][14.870s][7367][7459][info ] Application time: 0.0310882 seconds
[2025-06-12T00:59:36.585+0000][14.870s][7367][7459][info ] Entering safepoint region: CollectForMetadataAllocation
[2025-06-12T00:59:36.586+0000][14.871s][7367][7459][info ] Leaving safepoint region
[2025-06-12T00:59:36.586+0000][14.871s][7367][7459][info ] Total time for which application threads were stopped: 0.0005739 seconds, Stopping threads took: 0.0000189 seconds
[2025-06-12T00:59:36.647+0000][14.932s][7367][7459][info ] Application time: 0.0606802 seconds
[2025-06-12T00:59:36.647+0000][14.932s][7367][7459][info ] Entering safepoint region: CollectForMetadataAllocation
[2025-06-12T00:59:36.648+0000][14.933s][7367][7459][info ] Leaving safepoint region
[2025-06-12T00:59:36.648+0000][14.933s][7367][7459][info ] Total time for which application threads were stopped: 0.0014429 seconds, Stopping threads took: 0.0000149 seconds
[2025-06-12T00:59:36.663+0000][14.948s][7367][7459][info ] Application time: 0.0152231 seconds
[2025-06-12T00:59:36.664+0000][14.949s][7367][7459][info ] Entering safepoint region: CollectForMetadataAllocation
[2025-06-12T00:59:36.665+0000][14.950s][7367][7459][info ] Leaving safepoint region
[2025-06-12T00:59:36.665+0000][14.950s][7367][7459][info ] Total time for which application threads were stopped: 0.0014316 seconds, Stopping threads took: 0.0008713 seconds
[2025-06-12T00:59:36.730+0000][15.015s][7367][7459][info ] Application time: 0.0651916 seconds
[2025-06-12T00:59:36.730+0000][15.015s][7367][7459][info ] Entering safepoint region: CollectForMetadataAllocation
[2025-06-12T00:59:36.731+0000][15.016s][7367][7459][info ] Leaving safepoint region
[2025-06-12T00:59:36.731+0000][15.016s][7367][7459][info ] Total time for which application threads were stopped: 0.0007472 seconds, Stopping threads took: 0.0000231 seconds
[2025-06-12T00:59:36.762+0000][15.047s][7367][7459][info ] Application time: 0.0311232 seconds
[2025-06-12T00:59:36.763+0000][15.048s][7367][7459][info ] Entering safepoint region: Deoptimize
[2025-06-12T00:59:36.764+0000][15.049s][7367][7459][info ] Leaving safepoint region
[2025-06-12T00:59:36.764+0000][15.049s][7367][7459][info ] Total time for which application threads were stopped: 0.0003943 seconds, Stopping threads took: 0.0000609 seconds
[2025-06-12T00:59:36.792+0000][15.077s][7367][7459][info ] Application time: 0.0280872 seconds
[2025-06-12T00:59:36.792+0000][15.077s][7367][7459][info ] Entering safepoint region: CollectForMetadataAllocation
[2025-06-12T00:59:36.793+0000][15.078s][7367][7459][info ] Leaving safepoint region
[2025-06-12T00:59:36.793+0000][15.078s][7367][7459][info ] Total time for which application threads were stopped: 0.0015298 seconds, Stopping threads took: 0.0000177 seconds
[2025-06-12T00:59:36.889+0000][15.174s][7367][7459][info ] Application time: 0.0955397 seconds
[2025-06-12T00:59:36.889+0000][15.174s][7367][7459][info ] Entering safepoint region: CollectForMetadataAllocation
[2025-06-12T00:59:36.889+0000][15.174s][7367][7459][info ] Leaving safepoint region
[2025-06-12T00:59:36.889+0000][15.174s][7367][7459][info ] Total time for which application threads were stopped: 0.0002612 seconds, Stopping threads took: 0.0000203 seconds
[2025-06-12T00:59:36.942+0000][15.227s][7367][7459][info ] Application time: 0.0524034 seconds
[2025-06-12T00:59:36.942+0000][15.227s][7367][7459][info ] Entering safepoint region: CollectForMetadataAllocation
[2025-06-12T00:59:36.943+0000][15.228s][7367][7459][info ] Leaving safepoint region
[2025-06-12T00:59:36.943+0000][15.228s][7367][7459][info ] Total time for which application threads were stopped: 0.0009382 seconds, Stopping threads took: 0.0000212 seconds
[2025-06-12T00:59:36.992+0000][15.277s][7367][7459][info ] Application time: 0.0498193 seconds
[2025-06-12T00:59:36.993+0000][15.277s][7367][7459][info ] Entering safepoint region: CollectForMetadataAllocation
[2025-06-12T00:59:36.993+0000][15.278s][7367][7459][info ] Leaving safepoint region
[2025-06-12T00:59:36.993+0000][15.278s][7367][7459][info ] Total time for which application threads were stopped: 0.0008601 seconds, Stopping threads took: 0.0000171 seconds
[2025-06-12T00:59:37.111+0000][15.396s][7367][7459][info ] Application time: 0.1175820 seconds
[2025-06-12T00:59:37.111+0000][15.396s][7367][7459][info ] Entering safepoint region: CollectForMetadataAllocation
[2025-06-12T00:59:37.111+0000][15.396s][7367][7459][info ] Leaving safepoint region
[2025-06-12T00:59:37.111+0000][15.396s][7367][7459][info ] Total time for which application threads were stopped: 0.0004079 seconds, Stopping threads took: 0.0000784 seconds
[2025-06-12T00:59:37.175+0000][15.460s][7367][7459][info ] Application time: 0.0632656 seconds
[2025-06-12T00:59:37.175+0000][15.460s][7367][7459][info ] Entering safepoint region: CollectForMetadataAllocation
[2025-06-12T00:59:37.176+0000][15.461s][7367][7459][info ] Leaving safepoint region
[2025-06-12T00:59:37.176+0000][15.461s][7367][7459][info ] Total time for which application threads were stopped: 0.0014834 seconds, Stopping threads took: 0.0000235 seconds
[2025-06-12T00:59:37.246+0000][15.531s][7367][7459][info ] Application time: 0.0695397 seconds
[2025-06-12T00:59:37.246+0000][15.531s][7367][7459][info ] Entering safepoint region: CollectForMetadataAllocation
[2025-06-12T00:59:37.246+0000][15.531s][7367][7459][info ] Leaving safepoint region
[2025-06-12T00:59:37.246+0000][15.531s][7367][7459][info ] Total time for which application threads were stopped: 0.0003754 seconds, Stopping threads took: 0.0000303 seconds
[2025-06-12T00:59:37.247+0000][15.531s][7367][7459][info ] Application time: 0.0002316 seconds
[2025-06-12T00:59:37.247+0000][15.532s][7367][7459][info ] Entering safepoint region: Deoptimize
[2025-06-12T00:59:37.247+0000][15.532s][7367][7459][info ] Leaving safepoint region
[2025-06-12T00:59:37.247+0000][15.532s][7367][7459][info ] Total time for which application threads were stopped: 0.0006802 seconds, Stopping threads took: 0.0000099 seconds
[2025-06-12T00:59:37.293+0000][15.578s][7367][7459][info ] Application time: 0.0460885 seconds
[2025-06-12T00:59:37.293+0000][15.578s][7367][7459][info ] Entering safepoint region: CollectForMetadataAllocation
[2025-06-12T00:59:37.294+0000][15.579s][7367][7459][info ] Leaving safepoint region
[2025-06-12T00:59:37.294+0000][15.579s][7367][7459][info ] Total time for which application threads were stopped: 0.0005797 seconds, Stopping threads took: 0.0000147 seconds
[2025-06-12T00:59:37.374+0000][15.659s][7367][7459][info ] Application time: 0.0802231 seconds
[2025-06-12T00:59:37.374+0000][15.659s][7367][7459][info ] Entering safepoint region: CollectForMetadataAllocation
[2025-06-12T00:59:37.376+0000][15.661s][7367][7459][info ] Leaving safepoint region
[2025-06-12T00:59:37.376+0000][15.661s][7367][7459][info ] Total time for which application threads were stopped: 0.0015167 seconds, Stopping threads took: 0.0000158 seconds
[2025-06-12T00:59:37.453+0000][15.738s][7367][7459][info ] Application time: 0.0772759 seconds
[2025-06-12T00:59:37.454+0000][15.739s][7367][7459][info ] Entering safepoint region: CollectForMetadataAllocation
[2025-06-12T00:59:37.455+0000][15.740s][7367][7459][info ] Leaving safepoint region
[2025-06-12T00:59:37.455+0000][15.740s][7367][7459][info ] Total time for which application threads were stopped: 0.0015818 seconds, Stopping threads took: 0.0005546 seconds
[2025-06-12T00:59:37.508+0000][15.793s][7367][7459][info ] Application time: 0.0532083 seconds
[2025-06-12T00:59:37.508+0000][15.793s][7367][7459][info ] Entering safepoint region: CollectForMetadataAllocation
[2025-06-12T00:59:37.511+0000][15.796s][7367][7459][info ] Leaving safepoint region
[2025-06-12T00:59:37.511+0000][15.796s][7367][7459][info ] Total time for which application threads were stopped: 0.0032743 seconds, Stopping threads took: 0.0000344 seconds
[2025-06-12T00:59:37.537+0000][15.822s][7367][7459][info ] Application time: 0.0251918 seconds
[2025-06-12T00:59:37.537+0000][15.822s][7367][7459][info ] Entering safepoint region: Deoptimize
[2025-06-12T00:59:37.537+0000][15.822s][7367][7459][info ] Leaving safepoint region
[2025-06-12T00:59:37.537+0000][15.822s][7367][7459][info ] Total time for which application threads were stopped: 0.0004088 seconds, Stopping threads took: 0.0000144 seconds
[2025-06-12T00:59:37.569+0000][15.854s][7367][7459][info ] Application time: 0.0315289 seconds
[2025-06-12T00:59:37.569+0000][15.854s][7367][7459][info ] Entering safepoint region: CollectForMetadataAllocation
[2025-06-12T00:59:37.570+0000][15.855s][7367][7459][info ] Leaving safepoint region
[2025-06-12T00:59:37.570+0000][15.855s][7367][7459][info ] Total time for which application threads were stopped: 0.0007843 seconds, Stopping threads took: 0.0000137 seconds
[2025-06-12T00:59:38.570+0000][16.855s][7367][7459][info ] Application time: 1.0000882 seconds
[2025-06-12T00:59:38.589+0000][16.874s][7367][7459][info ] Entering safepoint region: Cleanup
[2025-06-12T00:59:38.589+0000][16.874s][7367][7459][info ] Leaving safepoint region
[2025-06-12T00:59:38.589+0000][16.874s][7367][7459][info ] Total time for which application threads were stopped: 0.0192843 seconds, Stopping threads took: 0.0191935 seconds
[2025-06-12T00:59:39.589+0000][17.874s][7367][7459][info ] Application time: 1.0000904 seconds
[2025-06-12T00:59:39.589+0000][17.874s][7367][7459][info ] Entering safepoint region: Cleanup
[2025-06-12T00:59:39.589+0000][17.874s][7367][7459][info ] Leaving safepoint region
[2025-06-12T00:59:39.589+0000][17.874s][7367][7459][info ] Total time for which application threads were stopped: 0.0001892 seconds, Stopping threads took: 0.0001413 seconds
[2025-06-12T00:59:40.590+0000][18.875s][7367][7459][info ] Application time: 1.0000851 seconds
[2025-06-12T00:59:40.590+0000][18.875s][7367][7459][info ] Entering safepoint region: Cleanup
[2025-06-12T00:59:40.590+0000][18.875s][7367][7459][info ] Leaving safepoint region
[2025-06-12T00:59:40.590+0000][18.875s][7367][7459][info ] Total time for which application threads were stopped: 0.0002496 seconds, Stopping threads took: 0.0001895 seconds
[2025-06-12T00:59:40.753+0000][19.038s][7367][7459][info ] Application time: 0.1627957 seconds
[2025-06-12T00:59:40.753+0000][19.038s][7367][7459][info ] Entering safepoint region: CollectForMetadataAllocation
[2025-06-12T00:59:40.753+0000][19.038s][7367][7459][info ] Leaving safepoint region
[2025-06-12T00:59:40.753+0000][19.038s][7367][7459][info ] Total time for which application threads were stopped: 0.0002949 seconds, Stopping threads took: 0.0000184 seconds
[2025-06-12T00:59:40.755+0000][19.040s][7367][7459][info ] Application time: 0.0020010 seconds
[2025-06-12T00:59:40.755+0000][19.040s][7367][7459][info ] Entering safepoint region: Deoptimize
[2025-06-12T00:59:40.756+0000][19.041s][7367][7459][info ] Leaving safepoint region
[2025-06-12T00:59:40.756+0000][19.041s][7367][7459][info ] Total time for which application threads were stopped: 0.0006936 seconds, Stopping threads took: 0.0000143 seconds
[2025-06-12T00:59:40.783+0000][19.068s][7367][7459][info ] Application time: 0.0274777 seconds
[2025-06-12T00:59:40.783+0000][19.068s][7367][7459][info ] Entering safepoint region: CollectForMetadataAllocation
[2025-06-12T00:59:40.784+0000][19.069s][7367][7459][info ] Leaving safepoint region
[2025-06-12T00:59:40.784+0000][19.069s][7367][7459][info ] Total time for which application threads were stopped: 0.0008090 seconds, Stopping threads took: 0.0000623 seconds
[2025-06-12T00:59:40.856+0000][19.141s][7367][7459][info ] Application time: 0.0721190 seconds
[2025-06-12T00:59:40.856+0000][19.141s][7367][7459][info ] Entering safepoint region: CollectForMetadataAllocation
[2025-06-12T00:59:40.857+0000][19.142s][7367][7459][info ] Leaving safepoint region
[2025-06-12T00:59:40.857+0000][19.142s][7367][7459][info ] Total time for which application threads were stopped: 0.0002590 seconds, Stopping threads took: 0.0000146 seconds
[2025-06-12T00:59:40.930+0000][19.215s][7367][7459][info ] Application time: 0.0731786 seconds
[2025-06-12T00:59:40.930+0000][19.215s][7367][7459][info ] Entering safepoint region: CollectForMetadataAllocation
[2025-06-12T00:59:40.930+0000][19.215s][7367][7459][info ] Leaving safepoint region
[2025-06-12T00:59:40.930+0000][19.215s][7367][7459][info ] Total time for which application threads were stopped: 0.0003149 seconds, Stopping threads took: 0.0000181 seconds
[2025-06-12T00:59:41.167+0000][19.451s][7367][7459][info ] Application time: 0.2362808 seconds
[2025-06-12T00:59:41.167+0000][19.452s][7367][7459][info ] Entering safepoint region: CollectForMetadataAllocation
[2025-06-12T00:59:41.167+0000][19.452s][7367][7459][info ] Leaving safepoint region
[2025-06-12T00:59:41.167+0000][19.452s][7367][7459][info ] Total time for which application threads were stopped: 0.0009044 seconds, Stopping threads took: 0.0000514 seconds
[2025-06-12T00:59:41.669+0000][19.954s][7367][7459][info ] Application time: 0.5010727 seconds
[2025-06-12T00:59:41.669+0000][19.954s][7367][7459][info ] Entering safepoint region: CollectForMetadataAllocation
[2025-06-12T00:59:41.669+0000][19.954s][7367][7459][info ] Leaving safepoint region
[2025-06-12T00:59:41.669+0000][19.954s][7367][7459][info ] Total time for which application threads were stopped: 0.0003498 seconds, Stopping threads took: 0.0000357 seconds
[2025-06-12T00:59:41.715+0000][20.000s][7367][7459][info ] Application time: 0.0461859 seconds
[2025-06-12T00:59:41.715+0000][20.000s][7367][7459][info ] Entering safepoint region: CollectForMetadataAllocation
[2025-06-12T00:59:41.718+0000][20.003s][7367][7459][info ] Leaving safepoint region
[2025-06-12T00:59:41.718+0000][20.003s][7367][7459][info ] Total time for which application threads were stopped: 0.0025438 seconds, Stopping threads took: 0.0000174 seconds
[2025-06-12T00:59:41.764+0000][20.049s][7367][7459][info ] Application time: 0.0462544 seconds
[2025-06-12T00:59:41.764+0000][20.049s][7367][7459][info ] Entering safepoint region: CollectForMetadataAllocation
[2025-06-12T00:59:41.765+0000][20.050s][7367][7459][info ] Leaving safepoint region
[2025-06-12T00:59:41.765+0000][20.050s][7367][7459][info ] Total time for which application threads were stopped: 0.0010823 seconds, Stopping threads took: 0.0000160 seconds
[2025-06-12T00:59:41.785+0000][20.070s][7367][7459][info ] Application time: 0.0201285 seconds
[2025-06-12T00:59:41.785+0000][20.070s][7367][7459][info ] Entering safepoint region: Deoptimize
[2025-06-12T00:59:41.786+0000][20.071s][7367][7459][info ] Leaving safepoint region
[2025-06-12T00:59:41.786+0000][20.071s][7367][7459][info ] Total time for which application threads were stopped: 0.0005372 seconds, Stopping threads took: 0.0000145 seconds
[2025-06-12T00:59:41.795+0000][20.080s][7367][7459][info ] Application time: 0.0093634 seconds
[2025-06-12T00:59:41.795+0000][20.080s][7367][7459][info ] Entering safepoint region: Deoptimize
[2025-06-12T00:59:41.796+0000][20.081s][7367][7459][info ] Leaving safepoint region
[2025-06-12T00:59:41.796+0000][20.081s][7367][7459][info ] Total time for which application threads were stopped: 0.0005237 seconds, Stopping threads took: 0.0000204 seconds
[2025-06-12T00:59:41.806+0000][20.091s][7367][7459][info ] Application time: 0.0105348 seconds
[2025-06-12T00:59:41.806+0000][20.091s][7367][7459][info ] Entering safepoint region: CollectForMetadataAllocation
[2025-06-12T00:59:41.807+0000][20.092s][7367][7459][info ] Leaving safepoint region
[2025-06-12T00:59:41.807+0000][20.092s][7367][7459][info ] Total time for which application threads were stopped: 0.0009331 seconds, Stopping threads took: 0.0000124 seconds
[2025-06-12T00:59:41.839+0000][20.124s][7367][7459][info ] Application time: 0.0317025 seconds
[2025-06-12T00:59:41.839+0000][20.124s][7367][7459][info ] Entering safepoint region: CollectForMetadataAllocation
[2025-06-12T00:59:41.840+0000][20.125s][7367][7459][info ] Leaving safepoint region
[2025-06-12T00:59:41.840+0000][20.125s][7367][7459][info ] Total time for which application threads were stopped: 0.0010440 seconds, Stopping threads took: 0.0000154 seconds
[2025-06-12T00:59:41.862+0000][20.147s][7367][7459][info ] Application time: 0.0216300 seconds
[2025-06-12T00:59:41.862+0000][20.147s][7367][7459][info ] Entering safepoint region: Deoptimize
[2025-06-12T00:59:41.862+0000][20.147s][7367][7459][info ] Leaving safepoint region
[2025-06-12T00:59:41.862+0000][20.147s][7367][7459][info ] Total time for which application threads were stopped: 0.0005197 seconds, Stopping threads took: 0.0000157 seconds
[2025-06-12T00:59:41.919+0000][20.204s][7367][7459][info ] Application time: 0.0571052 seconds
[2025-06-12T00:59:41.920+0000][20.205s][7367][7459][info ] Entering safepoint region: CollectForMetadataAllocation
[2025-06-12T00:59:41.920+0000][20.205s][7367][7459][info ] Leaving safepoint region
[2025-06-12T00:59:41.920+0000][20.205s][7367][7459][info ] Total time for which application threads were stopped: 0.0002658 seconds, Stopping threads took: 0.0000149 seconds
[2025-06-12T00:59:42.239+0000][20.524s][7367][7459][info ] Application time: 0.3193340 seconds
[2025-06-12T00:59:42.239+0000][20.524s][7367][7459][info ] Entering safepoint region: CollectForMetadataAllocation
[2025-06-12T00:59:42.239+0000][20.524s][7367][7459][info ] Leaving safepoint region
[2025-06-12T00:59:42.240+0000][20.524s][7367][7459][info ] Total time for which application threads were stopped: 0.0003048 seconds, Stopping threads took: 0.0000333 seconds
[2025-06-12T00:59:42.287+0000][20.572s][7367][7459][info ] Application time: 0.0476216 seconds
[2025-06-12T00:59:42.287+0000][20.572s][7367][7459][info ] Entering safepoint region: CollectForMetadataAllocation
[2025-06-12T00:59:42.288+0000][20.573s][7367][7459][info ] Leaving safepoint region
[2025-06-12T00:59:42.288+0000][20.573s][7367][7459][info ] Total time for which application threads were stopped: 0.0007085 seconds, Stopping threads took: 0.0000137 seconds
[2025-06-12T00:59:42.375+0000][20.660s][7367][7459][info ] Application time: 0.0869564 seconds
[2025-06-12T00:59:42.375+0000][20.660s][7367][7459][info ] Entering safepoint region: CollectForMetadataAllocation
[2025-06-12T00:59:42.375+0000][20.660s][7367][7459][info ] Leaving safepoint region
[2025-06-12T00:59:42.375+0000][20.660s][7367][7459][info ] Total time for which application threads were stopped: 0.0003579 seconds, Stopping threads took: 0.0000719 seconds
[2025-06-12T00:59:42.427+0000][20.712s][7367][7459][info ] Application time: 0.0518488 seconds
[2025-06-12T00:59:42.427+0000][20.712s][7367][7459][info ] Entering safepoint region: CollectForMetadataAllocation
[2025-06-12T00:59:42.428+0000][20.712s][7367][7459][info ] Leaving safepoint region
[2025-06-12T00:59:42.428+0000][20.712s][7367][7459][info ] Total time for which application threads were stopped: 0.0003675 seconds, Stopping threads took: 0.0000154 seconds
[2025-06-12T00:59:42.442+0000][20.727s][7367][7458][trace] CMS: promo attempt is safe: available(6912212992) >= av_promo(0), max_promo(885841160)
[2025-06-12T00:59:42.442+0000][20.727s][7367][7459][info ] Application time: 0.0142302 seconds
[2025-06-12T00:59:42.442+0000][20.727s][7367][7459][info ] Entering safepoint region: CMS_Initial_Mark
[2025-06-12T00:59:42.442+0000][20.727s][7367][7459][trace] GC(0) eden 0x0000000600000000-0x0000000634ccdd08-0x0000000650000000(1342177280)
[2025-06-12T00:59:42.442+0000][20.727s][7367][7459][trace] GC(0) _eden_chunk_index=0, _eden_chunk_capacity=92161
[2025-06-12T00:59:42.442+0000][20.727s][7367][7459][trace] GC(0) survivor 0x0000000650000000-0x0000000650000000-0x000000065a000000(167772160)
[2025-06-12T00:59:42.442+0000][20.727s][7367][7459][trace] GC(0) _survivor_chunk_index=0, _survivor_chunk_capacity=81920
[2025-06-12T00:59:42.579+0000][20.864s][7367][7459][info ] GC(0) Pause Initial Mark 844M->844M(8032M) 137.356ms
[2025-06-12T00:59:42.579+0000][20.864s][7367][7459][info ] Leaving safepoint region
[2025-06-12T00:59:42.579+0000][20.864s][7367][7459][info ] Total time for which application threads were stopped: 0.1375759 seconds, Stopping threads took: 0.0000929 seconds
[2025-06-12T00:59:42.579+0000][20.864s][7367][7458][info ] GC(0) Concurrent Mark
[2025-06-12T00:59:42.602+0000][20.887s][7367][7458][info ] GC(0) Concurrent Mark 22.877ms
[2025-06-12T00:59:42.602+0000][20.887s][7367][7458][info ] GC(0) Concurrent Preclean
[2025-06-12T00:59:42.607+0000][20.892s][7367][7458][info ] GC(0) Concurrent Preclean 4.767ms
[2025-06-12T00:59:42.607+0000][20.892s][7367][7458][info ] GC(0) Concurrent Abortable Preclean
[2025-06-12T00:59:42.607+0000][20.892s][7367][7458][trace] CMS: promo attempt is safe: available(6912212992) >= av_promo(0), max_promo(885841160)
[2025-06-12T00:59:42.616+0000][20.901s][7367][7459][info ] Application time: 0.0366761 seconds
[2025-06-12T00:59:42.616+0000][20.901s][7367][7459][info ] Entering safepoint region: CollectForMetadataAllocation
[2025-06-12T00:59:42.617+0000][20.902s][7367][7459][info ] Leaving safepoint region
[2025-06-12T00:59:42.617+0000][20.902s][7367][7459][info ] Total time for which application threads were stopped: 0.0013450 seconds, Stopping threads took: 0.0000195 seconds
[2025-06-12T00:59:42.618+0000][20.902s][7367][7458][trace] CMS: promo attempt is safe: available(6912212992) >= av_promo(0), max_promo(885841160)
[2025-06-12T00:59:42.645+0000][20.930s][7367][7459][info ] Application time: 0.0271721 seconds
[2025-06-12T00:59:42.645+0000][20.930s][7367][7459][info ] Entering safepoint region: CollectForMetadataAllocation
[2025-06-12T00:59:42.645+0000][20.930s][7367][7459][info ] Leaving safepoint region
[2025-06-12T00:59:42.645+0000][20.930s][7367][7459][info ] Total time for which application threads were stopped: 0.0003297 seconds, Stopping threads took: 0.0000265 seconds
[2025-06-12T00:59:42.645+0000][20.930s][7367][7458][trace] CMS: promo attempt is safe: available(6912212992) >= av_promo(0), max_promo(912684720)
[2025-06-12T00:59:42.695+0000][20.980s][7367][7459][info ] Application time: 0.0504518 seconds
[2025-06-12T00:59:42.696+0000][20.980s][7367][7459][info ] Entering safepoint region: CollectForMetadataAllocation
[2025-06-12T00:59:42.696+0000][20.981s][7367][7459][info ] Leaving safepoint region
[2025-06-12T00:59:42.696+0000][20.981s][7367][7459][info ] Total time for which application threads were stopped: 0.0007819 seconds, Stopping threads took: 0.0000142 seconds
[2025-06-12T00:59:42.696+0000][20.981s][7367][7458][trace] CMS: promo attempt is safe: available(6912212992) >= av_promo(0), max_promo(912684720)
[2025-06-12T00:59:42.753+0000][21.038s][7367][7459][info ] Application time: 0.0568147 seconds
[2025-06-12T00:59:42.753+0000][21.038s][7367][7459][info ] Entering safepoint region: CollectForMetadataAllocation
[2025-06-12T00:59:42.753+0000][21.038s][7367][7459][info ] Leaving safepoint region
[2025-06-12T00:59:42.753+0000][21.038s][7367][7459][info ] Total time for which application threads were stopped: 0.0002259 seconds, Stopping threads took: 0.0000198 seconds
[2025-06-12T00:59:42.753+0000][21.038s][7367][7458][trace] CMS: promo attempt is safe: available(6912212992) >= av_promo(0), max_promo(912684720)
[2025-06-12T00:59:42.791+0000][21.076s][7367][7459][info ] Application time: 0.0377631 seconds
[2025-06-12T00:59:42.791+0000][21.076s][7367][7459][info ] Entering safepoint region: Deoptimize
[2025-06-12T00:59:42.792+0000][21.077s][7367][7459][info ] Leaving safepoint region
[2025-06-12T00:59:42.792+0000][21.077s][7367][7459][info ] Total time for which application threads were stopped: 0.0005031 seconds, Stopping threads took: 0.0000151 seconds
[2025-06-12T00:59:42.792+0000][21.077s][7367][7458][trace] CMS: promo attempt is safe: available(6912212992) >= av_promo(0), max_promo(939528288)
[2025-06-12T00:59:42.802+0000][21.087s][7367][7459][info ] Application time: 0.0100255 seconds
[2025-06-12T00:59:42.802+0000][21.087s][7367][7459][info ] Entering safepoint region: CollectForMetadataAllocation
[2025-06-12T00:59:42.803+0000][21.088s][7367][7459][info ] Leaving safepoint region
[2025-06-12T00:59:42.803+0000][21.088s][7367][7459][info ] Total time for which application threads were stopped: 0.0008079 seconds, Stopping threads took: 0.0000128 seconds
[2025-06-12T00:59:42.803+0000][21.088s][7367][7458][trace] CMS: promo attempt is safe: available(6912212992) >= av_promo(0), max_promo(939528288)
[2025-06-12T00:59:42.803+0000][21.088s][7367][7459][info ] Application time: 0.0002517 seconds
[2025-06-12T00:59:42.803+0000][21.088s][7367][7459][info ] Entering safepoint region: CollectForMetadataAllocation
[2025-06-12T00:59:42.803+0000][21.088s][7367][7459][info ] Leaving safepoint region
[2025-06-12T00:59:42.803+0000][21.088s][7367][7459][info ] Total time for which application threads were stopped: 0.0000563 seconds, Stopping threads took: 0.0000241 seconds
[2025-06-12T00:59:42.853+0000][21.138s][7367][7459][info ] Application time: 0.0501450 seconds
[2025-06-12T00:59:42.853+0000][21.138s][7367][7459][info ] Entering safepoint region: CollectForMetadataAllocation
[2025-06-12T00:59:42.854+0000][21.139s][7367][7459][info ] Leaving safepoint region
[2025-06-12T00:59:42.854+0000][21.139s][7367][7459][info ] Total time for which application threads were stopped: 0.0008644 seconds, Stopping threads took: 0.0000224 seconds
[2025-06-12T00:59:42.854+0000][21.139s][7367][7458][trace] CMS: promo attempt is safe: available(6912212992) >= av_promo(0), max_promo(966371864)
[2025-06-12T00:59:42.895+0000][21.180s][7367][7459][info ] Application time: 0.0409452 seconds
[2025-06-12T00:59:42.895+0000][21.180s][7367][7459][info ] Entering safepoint region: CollectForMetadataAllocation
[2025-06-12T00:59:42.896+0000][21.181s][7367][7459][info ] Leaving safepoint region
[2025-06-12T00:59:42.896+0000][21.181s][7367][7459][info ] Total time for which application threads were stopped: 0.0009581 seconds, Stopping threads took: 0.0000179 seconds
[2025-06-12T00:59:42.896+0000][21.181s][7367][7458][trace] CMS: promo attempt is safe: available(6912212992) >= av_promo(0), max_promo(993215432)
[2025-06-12T00:59:43.001+0000][21.286s][7367][7458][trace] CMS: promo attempt is safe: available(6912212992) >= av_promo(0), max_promo(993215432)
[2025-06-12T00:59:43.033+0000][21.318s][7367][7459][info ] Application time: 0.1368369 seconds
[2025-06-12T00:59:43.033+0000][21.318s][7367][7459][info ] Entering safepoint region: CollectForMetadataAllocation
[2025-06-12T00:59:43.034+0000][21.319s][7367][7459][info ] Leaving safepoint region
[2025-06-12T00:59:43.034+0000][21.319s][7367][7459][info ] Total time for which application threads were stopped: 0.0011710 seconds, Stopping threads took: 0.0003389 seconds
[2025-06-12T00:59:43.034+0000][21.319s][7367][7458][trace] CMS: promo attempt is safe: available(6912212992) >= av_promo(0), max_promo(993215432)
[2025-06-12T00:59:43.140+0000][21.425s][7367][7458][trace] CMS: promo attempt is safe: available(6912212992) >= av_promo(0), max_promo(993215432)
[2025-06-12T00:59:43.247+0000][21.532s][7367][7458][trace] CMS: promo attempt is safe: available(6912212992) >= av_promo(0), max_promo(1020059032)
[2025-06-12T00:59:43.354+0000][21.639s][7367][7458][trace] CMS: promo attempt is safe: available(6912212992) >= av_promo(0), max_promo(1020059032)
[2025-06-12T00:59:43.365+0000][21.650s][7367][7459][info ] Application time: 0.3312712 seconds
[2025-06-12T00:59:43.365+0000][21.650s][7367][7459][info ] Entering safepoint region: CollectForMetadataAllocation
[2025-06-12T00:59:43.366+0000][21.651s][7367][7459][info ] Leaving safepoint region
[2025-06-12T00:59:43.366+0000][21.651s][7367][7459][info ] Total time for which application threads were stopped: 0.0009278 seconds, Stopping threads took: 0.0000168 seconds
[2025-06-12T00:59:43.366+0000][21.651s][7367][7458][trace] CMS: promo attempt is safe: available(6912212992) >= av_promo(0), max_promo(1020059032)
[2025-06-12T00:59:43.402+0000][21.687s][7367][7459][info ] Application time: 0.0359374 seconds
[2025-06-12T00:59:43.402+0000][21.687s][7367][7459][info ] Entering safepoint region: CollectForMetadataAllocation
[2025-06-12T00:59:43.404+0000][21.689s][7367][7459][info ] Leaving safepoint region
[2025-06-12T00:59:43.404+0000][21.689s][7367][7459][info ] Total time for which application threads were stopped: 0.0016849 seconds, Stopping threads took: 0.0000223 seconds
[2025-06-12T00:59:43.404+0000][21.689s][7367][7458][trace] CMS: promo attempt is safe: available(6912212992) >= av_promo(0), max_promo(1020059032)
[2025-06-12T00:59:43.431+0000][21.716s][7367][7459][info ] Application time: 0.0273834 seconds
[2025-06-12T00:59:43.432+0000][21.716s][7367][7459][info ] Entering safepoint region: Deoptimize
[2025-06-12T00:59:43.432+0000][21.717s][7367][7459][info ] Leaving safepoint region
[2025-06-12T00:59:43.432+0000][21.717s][7367][7459][info ] Total time for which application threads were stopped: 0.0005446 seconds, Stopping threads took: 0.0000149 seconds
[2025-06-12T00:59:43.432+0000][21.717s][7367][7458][trace] CMS: promo attempt is safe: available(6912212992) >= av_promo(0), max_promo(1073746168)
[2025-06-12T00:59:43.442+0000][21.727s][7367][7459][info ] Application time: 0.0097680 seconds
[2025-06-12T00:59:43.442+0000][21.727s][7367][7459][info ] Entering safepoint region: Deoptimize
[2025-06-12T00:59:43.442+0000][21.727s][7367][7459][info ] Leaving safepoint region
[2025-06-12T00:59:43.442+0000][21.727s][7367][7459][info ] Total time for which application threads were stopped: 0.0005011 seconds, Stopping threads took: 0.0000140 seconds
[2025-06-12T00:59:43.442+0000][21.727s][7367][7458][trace] CMS: promo attempt is safe: available(6912212992) >= av_promo(0), max_promo(1073746168)
[2025-06-12T00:59:43.547+0000][21.832s][7367][7458][trace] CMS: promo attempt is safe: available(6912212992) >= av_promo(0), max_promo(1073746168)
[2025-06-12T00:59:43.653+0000][21.938s][7367][7458][trace] CMS: promo attempt is safe: available(6912212992) >= av_promo(0), max_promo(1073746168)
[2025-06-12T00:59:43.759+0000][22.043s][7367][7458][trace] CMS: promo attempt is safe: available(6912212992) >= av_promo(0), max_promo(1100589816)
[2025-06-12T00:59:43.865+0000][22.150s][7367][7458][trace] CMS: promo attempt is safe: available(6912212992) >= av_promo(0), max_promo(1127433392)
[2025-06-12T00:59:43.921+0000][22.206s][7367][7459][info ] Application time: 0.4788468 seconds
[2025-06-12T00:59:43.921+0000][22.206s][7367][7459][info ] Entering safepoint region: CollectForMetadataAllocation
[2025-06-12T00:59:43.923+0000][22.208s][7367][7459][info ] Leaving safepoint region
[2025-06-12T00:59:43.923+0000][22.208s][7367][7459][info ] Total time for which application threads were stopped: 0.0019287 seconds, Stopping threads took: 0.0000221 seconds
[2025-06-12T00:59:43.923+0000][22.208s][7367][7458][trace] CMS: promo attempt is safe: available(6912212992) >= av_promo(0), max_promo(1127433392)
[2025-06-12T00:59:43.960+0000][22.245s][7367][7459][info ] Application time: 0.0364408 seconds
[2025-06-12T00:59:43.960+0000][22.245s][7367][7459][info ] Entering safepoint region: CollectForMetadataAllocation
[2025-06-12T00:59:43.961+0000][22.246s][7367][7459][info ] Leaving safepoint region
[2025-06-12T00:59:43.961+0000][22.246s][7367][7459][info ] Total time for which application threads were stopped: 0.0010122 seconds, Stopping threads took: 0.0000214 seconds
[2025-06-12T00:59:43.961+0000][22.246s][7367][7458][trace] CMS: promo attempt is safe: available(6912212992) >= av_promo(0), max_promo(1127433392)
[2025-06-12T00:59:44.014+0000][22.299s][7367][7459][info ] Application time: 0.0535601 seconds
[2025-06-12T00:59:44.014+0000][22.299s][7367][7459][info ] Entering safepoint region: CollectForMetadataAllocation
[2025-06-12T00:59:44.015+0000][22.300s][7367][7459][info ] Leaving safepoint region
[2025-06-12T00:59:44.015+0000][22.300s][7367][7459][info ] Total time for which application threads were stopped: 0.0002630 seconds, Stopping threads took: 0.0000156 seconds
[2025-06-12T00:59:44.015+0000][22.300s][7367][7458][trace] CMS: promo attempt is safe: available(6912212992) >= av_promo(0), max_promo(1154276968)
[2025-06-12T00:59:44.043+0000][22.328s][7367][7459][info ] Application time: 0.0286950 seconds
[2025-06-12T00:59:44.043+0000][22.328s][7367][7459][info ] Entering safepoint region: CollectForMetadataAllocation
[2025-06-12T00:59:44.044+0000][22.329s][7367][7459][info ] Leaving safepoint region
[2025-06-12T00:59:44.044+0000][22.329s][7367][7459][info ] Total time for which application threads were stopped: 0.0007082 seconds, Stopping threads took: 0.0000134 seconds
[2025-06-12T00:59:44.044+0000][22.329s][7367][7458][trace] CMS: promo attempt is safe: available(6912212992) >= av_promo(0), max_promo(1154276968)
[2025-06-12T00:59:44.096+0000][22.381s][7367][7459][info ] Application time: 0.0519854 seconds
[2025-06-12T00:59:44.096+0000][22.381s][7367][7459][info ] Entering safepoint region: CollectForMetadataAllocation
[2025-06-12T00:59:44.097+0000][22.382s][7367][7459][info ] Leaving safepoint region
[2025-06-12T00:59:44.097+0000][22.382s][7367][7459][info ] Total time for which application threads were stopped: 0.0005779 seconds, Stopping threads took: 0.0000147 seconds
[2025-06-12T00:59:44.097+0000][22.382s][7367][7458][trace] CMS: promo attempt is safe: available(6912212992) >= av_promo(0), max_promo(1154276968)
[2025-06-12T00:59:44.203+0000][22.488s][7367][7458][trace] CMS: promo attempt is safe: available(6912212992) >= av_promo(0), max_promo(1181120648)
[2025-06-12T00:59:44.308+0000][22.593s][7367][7458][trace] CMS: promo attempt is safe: available(6912212992) >= av_promo(0), max_promo(1181120648)
[2025-06-12T00:59:44.413+0000][22.698s][7367][7458][trace] CMS: promo attempt is safe: available(6912212992) >= av_promo(0), max_promo(1207964264)
[2025-06-12T00:59:44.518+0000][22.803s][7367][7458][trace] CMS: promo attempt is safe: available(6912212992) >= av_promo(0), max_promo(1207964264)
[2025-06-12T00:59:44.623+0000][22.908s][7367][7458][trace] CMS: promo attempt is safe: available(6912212992) >= av_promo(0), max_promo(1207964264)
[2025-06-12T00:59:44.732+0000][23.017s][7367][7458][trace] CMS: promo attempt is safe: available(6912212992) >= av_promo(0), max_promo(1207964264)
[2025-06-12T00:59:44.840+0000][23.125s][7367][7458][trace] CMS: promo attempt is safe: available(6912212992) >= av_promo(0), max_promo(1234807832)
[2025-06-12T00:59:44.945+0000][23.230s][7367][7458][trace] CMS: promo attempt is safe: available(6912212992) >= av_promo(0), max_promo(1234807832)
[2025-06-12T00:59:45.051+0000][23.336s][7367][7458][trace] CMS: promo attempt is safe: available(6912212992) >= av_promo(0), max_promo(1234807832)
[2025-06-12T00:59:45.097+0000][23.382s][7367][7459][info ] Application time: 1.0000939 seconds
[2025-06-12T00:59:45.097+0000][23.382s][7367][7459][info ] Entering safepoint region: Cleanup
[2025-06-12T00:59:45.097+0000][23.382s][7367][7459][info ] Leaving safepoint region
[2025-06-12T00:59:45.097+0000][23.382s][7367][7459][info ] Total time for which application threads were stopped: 0.0001810 seconds, Stopping threads took: 0.0000583 seconds
[2025-06-12T00:59:45.097+0000][23.382s][7367][7458][trace] CMS: promo attempt is safe: available(6912212992) >= av_promo(0), max_promo(1234807832)
[2025-06-12T00:59:45.203+0000][23.487s][7367][7458][trace] CMS: promo attempt is safe: available(6912212992) >= av_promo(0), max_promo(1261651432)
[2025-06-12T00:59:45.308+0000][23.593s][7367][7458][trace] CMS: promo attempt is safe: available(6912212992) >= av_promo(0), max_promo(1261651432)
[2025-06-12T00:59:45.414+0000][23.699s][7367][7458][trace] CMS: promo attempt is safe: available(6912212992) >= av_promo(0), max_promo(1261651432)
[2025-06-12T00:59:45.519+0000][23.804s][7367][7458][trace] CMS: promo attempt is safe: available(6912212992) >= av_promo(0), max_promo(1288494992)
[2025-06-12T00:59:45.625+0000][23.910s][7367][7458][trace] CMS: promo attempt is safe: available(6912212992) >= av_promo(0), max_promo(1316387128)
[2025-06-12T00:59:45.691+0000][23.976s][7367][7459][info ] Application time: 0.5942413 seconds
[2025-06-12T00:59:45.691+0000][23.976s][7367][7459][info ] Entering safepoint region: CollectForMetadataAllocation
[2025-06-12T00:59:45.692+0000][23.977s][7367][7459][info ] Leaving safepoint region
[2025-06-12T00:59:45.692+0000][23.977s][7367][7459][info ] Total time for which application threads were stopped: 0.0009666 seconds, Stopping threads took: 0.0000214 seconds
[2025-06-12T00:59:45.692+0000][23.977s][7367][7458][trace] CMS: promo attempt is safe: available(6912212992) >= av_promo(0), max_promo(1316387128)
[2025-06-12T00:59:45.731+0000][24.016s][7367][7459][info ] Application time: 0.0383096 seconds
[2025-06-12T00:59:45.731+0000][24.016s][7367][7459][info ] Entering safepoint region: Deoptimize
[2025-06-12T00:59:45.731+0000][24.016s][7367][7459][info ] Leaving safepoint region
[2025-06-12T00:59:45.731+0000][24.016s][7367][7459][info ] Total time for which application threads were stopped: 0.0006590 seconds, Stopping threads took: 0.0000157 seconds
[2025-06-12T00:59:45.731+0000][24.016s][7367][7458][trace] CMS: promo attempt is safe: available(6912212992) >= av_promo(0), max_promo(1316387128)
[2025-06-12T00:59:45.760+0000][24.045s][7367][7459][info ] Application time: 0.0282727 seconds
[2025-06-12T00:59:45.760+0000][24.045s][7367][7459][info ] Entering safepoint region: CollectForMetadataAllocation
[2025-06-12T00:59:45.761+0000][24.046s][7367][7459][info ] Leaving safepoint region
[2025-06-12T00:59:45.761+0000][24.046s][7367][7459][info ] Total time for which application threads were stopped: 0.0009388 seconds, Stopping threads took: 0.0000525 seconds
[2025-06-12T00:59:45.761+0000][24.046s][7367][7458][trace] CMS: promo attempt is safe: available(6912212992) >= av_promo(0), max_promo(1316387128)
[2025-06-12T00:59:45.807+0000][24.092s][7367][7459][info ] Application time: 0.0461731 seconds
[2025-06-12T00:59:45.808+0000][24.093s][7367][7459][info ] Entering safepoint region: GenCollectForAllocation
[2025-06-12T00:59:45.808+0000][24.093s][7367][7459][debug] GC(1) Heap before GC invocations=0 (full 1): par new generation   total 1474560K, used 1310720K [0x0000000600000000, 0x0000000664000000, 0x0000000664000000)
[2025-06-12T00:59:45.808+0000][24.093s][7367][7459][debug] GC(1)   eden space 1310720K, 100% used [0x0000000600000000, 0x0000000650000000, 0x0000000650000000)
[2025-06-12T00:59:45.808+0000][24.093s][7367][7459][debug] GC(1)   from space 163840K,   0% used [0x0000000650000000, 0x0000000650000000, 0x000000065a000000)
[2025-06-12T00:59:45.808+0000][24.093s][7367][7459][debug] GC(1)   to   space 163840K,   0% used [0x000000065a000000, 0x000000065a000000, 0x0000000664000000)
[2025-06-12T00:59:45.808+0000][24.093s][7367][7459][debug] GC(1)  concurrent mark-sweep generation total 6750208K, used 0K [0x0000000664000000, 0x0000000800000000, 0x0000000800000000)
[2025-06-12T00:59:45.808+0000][24.093s][7367][7459][debug] GC(1)  Metaspace       used 53173K, capacity 54661K, committed 54752K, reserved 1097728K
[2025-06-12T00:59:45.808+0000][24.093s][7367][7459][debug] GC(1)   class space    used 5871K, capacity 6513K, committed 6588K, reserved 1048576K
[2025-06-12T00:59:45.808+0000][24.093s][7367][7459][trace] CMS: promo attempt is safe: available(6912212992) >= av_promo(0), max_promo(1342177280)
[2025-06-12T00:59:45.866+0000][24.151s][7367][7458][info ] GC(0) Concurrent Abortable Preclean 3258.725ms
[2025-06-12T00:59:45.899+0000][24.184s][7367][7459][debug] GC(1) Desired survivor size 83886080 bytes, new threshold 1 (max threshold 1)
[2025-06-12T00:59:45.899+0000][24.184s][7367][7459][info ] GC(1) ParNew: 1310720K->39479K(1474560K)
[2025-06-12T00:59:45.899+0000][24.184s][7367][7459][info ] GC(1) CMS: 0K->0K(6750208K)
[2025-06-12T00:59:45.899+0000][24.184s][7367][7459][info ] GC(1) Pause Young (Allocation Failure) 1280M->38M(8032M) 91.174ms
[2025-06-12T00:59:45.899+0000][24.184s][7367][7459][debug] GC(1) Heap after GC invocations=1 (full 1): par new generation   total 1474560K, used 39479K [0x0000000600000000, 0x0000000664000000, 0x0000000664000000)
[2025-06-12T00:59:45.899+0000][24.184s][7367][7459][debug] GC(1)   eden space 1310720K,   0% used [0x0000000600000000, 0x0000000600000000, 0x0000000650000000)
[2025-06-12T00:59:45.899+0000][24.184s][7367][7459][debug] GC(1)   from space 163840K,  24% used [0x000000065a000000, 0x000000065c68dc78, 0x0000000664000000)
[2025-06-12T00:59:45.899+0000][24.184s][7367][7459][debug] GC(1)   to   space 163840K,   0% used [0x0000000650000000, 0x0000000650000000, 0x000000065a000000)
[2025-06-12T00:59:45.899+0000][24.184s][7367][7459][debug] GC(1)  concurrent mark-sweep generation total 6750208K, used 0K [0x0000000664000000, 0x0000000800000000, 0x0000000800000000)
[2025-06-12T00:59:45.899+0000][24.184s][7367][7459][debug] GC(1)  Metaspace       used 53173K, capacity 54661K, committed 54752K, reserved 1097728K
[2025-06-12T00:59:45.899+0000][24.184s][7367][7459][debug] GC(1)   class space    used 5871K, capacity 6513K, committed 6588K, reserved 1048576K
[2025-06-12T00:59:45.899+0000][24.184s][7367][7459][info ] Leaving safepoint region
[2025-06-12T00:59:45.899+0000][24.184s][7367][7459][info ] Total time for which application threads were stopped: 0.0921702 seconds, Stopping threads took: 0.0007199 seconds
[2025-06-12T00:59:45.899+0000][24.184s][7367][7459][info ] Application time: 0.0001460 seconds
[2025-06-12T00:59:45.900+0000][24.185s][7367][7459][info ] Entering safepoint region: CMS_Final_Remark
[2025-06-12T00:59:45.900+0000][24.185s][7367][7459][trace] GC(0) eden 0x0000000600000000-0x00000006033333e0-0x0000000650000000(1342177280)
[2025-06-12T00:59:45.900+0000][24.185s][7367][7459][trace] GC(0) _eden_chunk_index=4, _eden_chunk_capacity=92161
[2025-06-12T00:59:45.900+0000][24.185s][7367][7459][trace] GC(0) _eden_chunk_array[0]=0x0000000600000020
[2025-06-12T00:59:45.900+0000][24.185s][7367][7459][trace] GC(0) _eden_chunk_array[1]=0x0000000601999a20
[2025-06-12T00:59:45.900+0000][24.185s][7367][7459][trace] GC(0) _eden_chunk_array[2]=0x00000006026666f8
[2025-06-12T00:59:45.900+0000][24.185s][7367][7459][trace] GC(0) _eden_chunk_array[3]=0x00000006033333e0
[2025-06-12T00:59:45.900+0000][24.185s][7367][7459][trace] GC(0) survivor 0x000000065a000000-0x000000065c68dc78-0x0000000664000000(167772160)
[2025-06-12T00:59:45.900+0000][24.185s][7367][7459][trace] GC(0) _survivor_chunk_index=0, _survivor_chunk_capacity=81920
[2025-06-12T00:59:45.927+0000][24.212s][7367][7459][info ] GC(0) Pause Remark 89M->89M(8032M) 26.973ms
[2025-06-12T00:59:45.927+0000][24.212s][7367][7459][info ] Leaving safepoint region
[2025-06-12T00:59:45.927+0000][24.212s][7367][7459][info ] Total time for which application threads were stopped: 0.0275020 seconds, Stopping threads took: 0.0004035 seconds
[2025-06-12T00:59:45.927+0000][24.212s][7367][7458][info ] GC(0) Concurrent Sweep
[2025-06-12T00:59:45.927+0000][24.212s][7367][7458][info ] GC(0) Concurrent Sweep 0.097ms
[2025-06-12T00:59:45.927+0000][24.212s][7367][7458][info ] GC(0) Concurrent Reset
[2025-06-12T00:59:45.934+0000][24.219s][7367][7458][info ] GC(0) Concurrent Reset 7.456ms
[2025-06-12T00:59:45.935+0000][24.219s][7367][7458][info ] GC(0) Old: 0K->0K(6750208K)
[2025-06-12T00:59:46.927+0000][25.212s][7367][7459][info ] Application time: 1.0001039 seconds
[2025-06-12T00:59:46.927+0000][25.212s][7367][7459][info ] Entering safepoint region: Cleanup
[2025-06-12T00:59:46.927+0000][25.212s][7367][7459][info ] Leaving safepoint region
[2025-06-12T00:59:46.927+0000][25.212s][7367][7459][info ] Total time for which application threads were stopped: 0.0001896 seconds, Stopping threads took: 0.0000291 seconds
[2025-06-12T00:59:47.927+0000][26.212s][7367][7459][info ] Application time: 1.0000850 seconds
[2025-06-12T00:59:47.927+0000][26.212s][7367][7459][info ] Entering safepoint region: Cleanup
[2025-06-12T00:59:47.927+0000][26.212s][7367][7459][info ] Leaving safepoint region
[2025-06-12T00:59:47.927+0000][26.212s][7367][7459][info ] Total time for which application threads were stopped: 0.0000826 seconds, Stopping threads took: 0.0000180 seconds
[2025-06-12T00:59:48.928+0000][27.212s][7367][7459][info ] Application time: 1.0000815 seconds
[2025-06-12T00:59:48.928+0000][27.213s][7367][7459][info ] Entering safepoint region: Cleanup
[2025-06-12T00:59:48.928+0000][27.213s][7367][7459][info ] Leaving safepoint region
[2025-06-12T00:59:48.928+0000][27.213s][7367][7459][info ] Total time for which application threads were stopped: 0.0000809 seconds, Stopping threads took: 0.0000192 seconds
[2025-06-12T00:59:49.928+0000][28.213s][7367][7459][info ] Application time: 1.0000787 seconds
[2025-06-12T00:59:49.928+0000][28.213s][7367][7459][info ] Entering safepoint region: Cleanup
[2025-06-12T00:59:49.928+0000][28.213s][7367][7459][info ] Leaving safepoint region
[2025-06-12T00:59:49.928+0000][28.213s][7367][7459][info ] Total time for which application threads were stopped: 0.0000985 seconds, Stopping threads took: 0.0000281 seconds
[2025-06-12T00:59:50.928+0000][29.213s][7367][7459][info ] Application time: 1.0000863 seconds
[2025-06-12T00:59:50.928+0000][29.213s][7367][7459][info ] Entering safepoint region: Cleanup
[2025-06-12T00:59:50.928+0000][29.213s][7367][7459][info ] Leaving safepoint region
[2025-06-12T00:59:50.928+0000][29.213s][7367][7459][info ] Total time for which application threads were stopped: 0.0000755 seconds, Stopping threads took: 0.0000187 seconds
[2025-06-12T00:59:51.928+0000][30.213s][7367][7459][info ] Application time: 1.0000840 seconds
[2025-06-12T00:59:51.928+0000][30.213s][7367][7459][info ] Entering safepoint region: Cleanup
[2025-06-12T00:59:51.928+0000][30.213s][7367][7459][info ] Leaving safepoint region
[2025-06-12T00:59:51.928+0000][30.213s][7367][7459][info ] Total time for which application threads were stopped: 0.0000885 seconds, Stopping threads took: 0.0000213 seconds
[2025-06-12T00:59:52.929+0000][31.213s][7367][7459][info ] Application time: 1.0000917 seconds
[2025-06-12T00:59:52.929+0000][31.214s][7367][7459][info ] Entering safepoint region: Cleanup
[2025-06-12T00:59:52.929+0000][31.214s][7367][7459][info ] Leaving safepoint region
[2025-06-12T00:59:52.929+0000][31.214s][7367][7459][info ] Total time for which application threads were stopped: 0.0000799 seconds, Stopping threads took: 0.0000201 seconds
[2025-06-12T00:59:53.929+0000][32.214s][7367][7459][info ] Application time: 1.0000902 seconds
[2025-06-12T00:59:53.929+0000][32.214s][7367][7459][info ] Entering safepoint region: Cleanup
[2025-06-12T00:59:53.929+0000][32.214s][7367][7459][info ] Leaving safepoint region
[2025-06-12T00:59:53.929+0000][32.214s][7367][7459][info ] Total time for which application threads were stopped: 0.0001147 seconds, Stopping threads took: 0.0000277 seconds
[2025-06-12T00:59:54.929+0000][33.214s][7367][7459][info ] Application time: 1.0000806 seconds
[2025-06-12T00:59:54.929+0000][33.214s][7367][7459][info ] Entering safepoint region: Cleanup
[2025-06-12T00:59:54.929+0000][33.214s][7367][7459][info ] Leaving safepoint region
[2025-06-12T00:59:54.929+0000][33.214s][7367][7459][info ] Total time for which application threads were stopped: 0.0000896 seconds, Stopping threads took: 0.0000200 seconds
[2025-06-12T00:59:55.929+0000][34.214s][7367][7459][info ] Application time: 1.0000843 seconds
[2025-06-12T00:59:55.929+0000][34.214s][7367][7459][info ] Entering safepoint region: Cleanup
[2025-06-12T00:59:55.929+0000][34.214s][7367][7459][info ] Leaving safepoint region
[2025-06-12T00:59:55.929+0000][34.214s][7367][7459][info ] Total time for which application threads were stopped: 0.0000979 seconds, Stopping threads took: 0.0000191 seconds
[2025-06-12T00:59:55.935+0000][34.219s][7367][7458][trace] CMS: promo attempt is safe: available(6912212992) >= av_promo(0), max_promo(314270128)
[2025-06-12T00:59:56.929+0000][35.214s][7367][7459][info ] Application time: 1.0000782 seconds
[2025-06-12T00:59:56.930+0000][35.215s][7367][7459][info ] Entering safepoint region: Cleanup
[2025-06-12T00:59:56.930+0000][35.215s][7367][7459][info ] Leaving safepoint region
[2025-06-12T00:59:56.930+0000][35.215s][7367][7459][info ] Total time for which application threads were stopped: 0.0000793 seconds, Stopping threads took: 0.0000197 seconds
[2025-06-12T00:59:57.930+0000][36.215s][7367][7459][info ] Application time: 1.0000869 seconds
[2025-06-12T00:59:57.930+0000][36.215s][7367][7459][info ] Entering safepoint region: Cleanup
[2025-06-12T00:59:57.930+0000][36.215s][7367][7459][info ] Leaving safepoint region
[2025-06-12T00:59:57.930+0000][36.215s][7367][7459][info ] Total time for which application threads were stopped: 0.0000891 seconds, Stopping threads took: 0.0000227 seconds
[2025-06-12T00:59:58.930+0000][37.215s][7367][7459][info ] Application time: 1.0000890 seconds
[2025-06-12T00:59:58.930+0000][37.215s][7367][7459][info ] Entering safepoint region: Cleanup
[2025-06-12T00:59:58.930+0000][37.215s][7367][7459][info ] Leaving safepoint region
[2025-06-12T00:59:58.930+0000][37.215s][7367][7459][info ] Total time for which application threads were stopped: 0.0000781 seconds, Stopping threads took: 0.0000188 seconds
[2025-06-12T00:59:59.930+0000][38.215s][7367][7459][info ] Application time: 1.0000815 seconds
[2025-06-12T00:59:59.930+0000][38.215s][7367][7459][info ] Entering safepoint region: Cleanup
[2025-06-12T00:59:59.930+0000][38.215s][7367][7459][info ] Leaving safepoint region
[2025-06-12T00:59:59.930+0000][38.215s][7367][7459][info ] Total time for which application threads were stopped: 0.0000793 seconds, Stopping threads took: 0.0000199 seconds
[2025-06-12T01:00:00.930+0000][39.215s][7367][7459][info ] Application time: 1.0000806 seconds
[2025-06-12T01:00:00.931+0000][39.215s][7367][7459][info ] Entering safepoint region: Cleanup
[2025-06-12T01:00:00.931+0000][39.216s][7367][7459][info ] Leaving safepoint region
[2025-06-12T01:00:00.931+0000][39.216s][7367][7459][info ] Total time for which application threads were stopped: 0.0000831 seconds, Stopping threads took: 0.0000191 seconds
[2025-06-12T01:00:01.931+0000][40.216s][7367][7459][info ] Application time: 1.0000803 seconds
[2025-06-12T01:00:01.931+0000][40.216s][7367][7459][info ] Entering safepoint region: Cleanup
[2025-06-12T01:00:01.931+0000][40.216s][7367][7459][info ] Leaving safepoint region
[2025-06-12T01:00:01.931+0000][40.216s][7367][7459][info ] Total time for which application threads were stopped: 0.0000816 seconds, Stopping threads took: 0.0000199 seconds
[2025-06-12T01:00:02.931+0000][41.216s][7367][7459][info ] Application time: 1.0000795 seconds
[2025-06-12T01:00:02.931+0000][41.216s][7367][7459][info ] Entering safepoint region: Cleanup
[2025-06-12T01:00:02.931+0000][41.216s][7367][7459][info ] Leaving safepoint region
[2025-06-12T01:00:02.931+0000][41.216s][7367][7459][info ] Total time for which application threads were stopped: 0.0000835 seconds, Stopping threads took: 0.0000208 seconds
[2025-06-12T01:00:03.931+0000][42.216s][7367][7459][info ] Application time: 1.0000837 seconds
[2025-06-12T01:00:03.931+0000][42.216s][7367][7459][info ] Entering safepoint region: Cleanup
[2025-06-12T01:00:03.931+0000][42.216s][7367][7459][info ] Leaving safepoint region
[2025-06-12T01:00:03.931+0000][42.216s][7367][7459][info ] Total time for which application threads were stopped: 0.0000844 seconds, Stopping threads took: 0.0000203 seconds
[2025-06-12T01:00:04.931+0000][43.216s][7367][7459][info ] Application time: 1.0000822 seconds
[2025-06-12T01:00:04.931+0000][43.216s][7367][7459][info ] Entering safepoint region: Cleanup
[2025-06-12T01:00:04.932+0000][43.217s][7367][7459][info ] Leaving safepoint region
[2025-06-12T01:00:04.932+0000][43.217s][7367][7459][info ] Total time for which application threads were stopped: 0.0000967 seconds, Stopping threads took: 0.0000325 seconds
[2025-06-12T01:00:05.932+0000][44.217s][7367][7459][info ] Application time: 1.0000806 seconds
[2025-06-12T01:00:05.932+0000][44.217s][7367][7459][info ] Entering safepoint region: Cleanup
[2025-06-12T01:00:05.932+0000][44.217s][7367][7459][info ] Leaving safepoint region
[2025-06-12T01:00:05.932+0000][44.217s][7367][7459][info ] Total time for which application threads were stopped: 0.0000798 seconds, Stopping threads took: 0.0000192 seconds
[2025-06-12T01:00:05.934+0000][44.219s][7367][7458][trace] CMS: promo attempt is safe: available(6912212992) >= av_promo(0), max_promo(314270128)
[2025-06-12T01:00:06.932+0000][45.217s][7367][7459][info ] Application time: 1.0000832 seconds
[2025-06-12T01:00:06.932+0000][45.217s][7367][7459][info ] Entering safepoint region: Cleanup
[2025-06-12T01:00:06.932+0000][45.217s][7367][7459][info ] Leaving safepoint region
[2025-06-12T01:00:06.932+0000][45.217s][7367][7459][info ] Total time for which application threads were stopped: 0.0000841 seconds, Stopping threads took: 0.0000212 seconds
[2025-06-12T01:00:07.932+0000][46.217s][7367][7459][info ] Application time: 1.0000813 seconds
[2025-06-12T01:00:07.932+0000][46.217s][7367][7459][info ] Entering safepoint region: Cleanup
[2025-06-12T01:00:07.932+0000][46.217s][7367][7459][info ] Leaving safepoint region
[2025-06-12T01:00:07.932+0000][46.217s][7367][7459][info ] Total time for which application threads were stopped: 0.0000822 seconds, Stopping threads took: 0.0000196 seconds
[2025-06-12T01:00:08.932+0000][47.217s][7367][7459][info ] Application time: 1.0000804 seconds
[2025-06-12T01:00:08.932+0000][47.217s][7367][7459][info ] Entering safepoint region: Cleanup
[2025-06-12T01:00:08.932+0000][47.217s][7367][7459][info ] Leaving safepoint region
[2025-06-12T01:00:08.932+0000][47.217s][7367][7459][info ] Total time for which application threads were stopped: 0.0000823 seconds, Stopping threads took: 0.0000197 seconds
[2025-06-12T01:00:09.933+0000][48.218s][7367][7459][info ] Application time: 1.0000824 seconds
[2025-06-12T01:00:09.933+0000][48.218s][7367][7459][info ] Entering safepoint region: Cleanup
[2025-06-12T01:00:09.933+0000][48.218s][7367][7459][info ] Leaving safepoint region
[2025-06-12T01:00:09.933+0000][48.218s][7367][7459][info ] Total time for which application threads were stopped: 0.0001003 seconds, Stopping threads took: 0.0000361 seconds
[2025-06-12T01:00:10.933+0000][49.218s][7367][7459][info ] Application time: 1.0000802 seconds
[2025-06-12T01:00:10.933+0000][49.218s][7367][7459][info ] Entering safepoint region: Cleanup
[2025-06-12T01:00:10.933+0000][49.218s][7367][7459][info ] Leaving safepoint region
[2025-06-12T01:00:10.933+0000][49.218s][7367][7459][info ] Total time for which application threads were stopped: 0.0000981 seconds, Stopping threads took: 0.0000319 seconds
[2025-06-12T01:00:11.420+0000][49.705s][7367][7459][info ] Application time: 0.4872084 seconds
[2025-06-12T01:00:11.420+0000][49.705s][7367][7459][info ] Entering safepoint region: Deoptimize
[2025-06-12T01:00:11.421+0000][49.706s][7367][7459][info ] Leaving safepoint region
[2025-06-12T01:00:11.421+0000][49.706s][7367][7459][info ] Total time for which application threads were stopped: 0.0006959 seconds, Stopping threads took: 0.0000243 seconds
[2025-06-12T01:00:11.538+0000][49.823s][7367][7459][info ] Application time: 0.1165772 seconds
[2025-06-12T01:00:11.538+0000][49.823s][7367][7459][info ] Entering safepoint region: Deoptimize
[2025-06-12T01:00:11.538+0000][49.823s][7367][7459][info ] Leaving safepoint region
[2025-06-12T01:00:11.538+0000][49.823s][7367][7459][info ] Total time for which application threads were stopped: 0.0007926 seconds, Stopping threads took: 0.0000811 seconds
[2025-06-12T01:00:12.539+0000][50.824s][7367][7459][info ] Application time: 1.0001217 seconds
[2025-06-12T01:00:12.539+0000][50.824s][7367][7459][info ] Entering safepoint region: Cleanup
[2025-06-12T01:00:12.539+0000][50.824s][7367][7459][info ] Leaving safepoint region
[2025-06-12T01:00:12.539+0000][50.824s][7367][7459][info ] Total time for which application threads were stopped: 0.0002469 seconds, Stopping threads took: 0.0000226 seconds
[2025-06-12T01:00:14.539+0000][52.824s][7367][7459][info ] Application time: 2.0001483 seconds
[2025-06-12T01:00:14.539+0000][52.824s][7367][7459][info ] Entering safepoint region: Cleanup
[2025-06-12T01:00:14.539+0000][52.824s][7367][7459][info ] Leaving safepoint region
[2025-06-12T01:00:14.539+0000][52.824s][7367][7459][info ] Total time for which application threads were stopped: 0.0001029 seconds, Stopping threads took: 0.0000224 seconds
[2025-06-12T01:00:15.933+0000][54.218s][7367][7458][trace] CMS: promo attempt is safe: available(6912212992) >= av_promo(0), max_promo(362205208)
[2025-06-12T01:00:16.539+0000][54.824s][7367][7459][info ] Application time: 2.0001645 seconds
[2025-06-12T01:00:16.542+0000][54.827s][7367][7459][info ] Entering safepoint region: Cleanup
[2025-06-12T01:00:16.542+0000][54.827s][7367][7459][info ] Leaving safepoint region
[2025-06-12T01:00:16.542+0000][54.827s][7367][7459][info ] Total time for which application threads were stopped: 0.0026096 seconds, Stopping threads took: 0.0023976 seconds
[2025-06-12T01:00:16.762+0000][55.046s][7367][7459][info ] Application time: 0.2194749 seconds
[2025-06-12T01:00:16.762+0000][55.047s][7367][7459][info ] Entering safepoint region: Deoptimize
[2025-06-12T01:00:16.762+0000][55.047s][7367][7459][info ] Leaving safepoint region
[2025-06-12T01:00:16.762+0000][55.047s][7367][7459][info ] Total time for which application threads were stopped: 0.0007700 seconds, Stopping threads took: 0.0000171 seconds
[2025-06-12T01:00:17.215+0000][55.500s][7367][7459][info ] Application time: 0.4529604 seconds
[2025-06-12T01:00:17.215+0000][55.500s][7367][7459][info ] Entering safepoint region: ICBufferFull
[2025-06-12T01:00:17.216+0000][55.501s][7367][7459][info ] Leaving safepoint region
[2025-06-12T01:00:17.216+0000][55.501s][7367][7459][info ] Total time for which application threads were stopped: 0.0002278 seconds, Stopping threads took: 0.0000161 seconds
[2025-06-12T01:00:17.436+0000][55.721s][7367][7459][info ] Application time: 0.2201529 seconds
[2025-06-12T01:00:17.436+0000][55.721s][7367][7459][info ] Entering safepoint region: Deoptimize
[2025-06-12T01:00:17.438+0000][55.723s][7367][7459][info ] Leaving safepoint region
[2025-06-12T01:00:17.438+0000][55.723s][7367][7459][info ] Total time for which application threads were stopped: 0.0024894 seconds, Stopping threads took: 0.0000278 seconds
[2025-06-12T01:00:18.439+0000][56.724s][7367][7459][info ] Application time: 1.0000940 seconds
[2025-06-12T01:00:18.439+0000][56.724s][7367][7459][info ] Entering safepoint region: Cleanup
[2025-06-12T01:00:18.439+0000][56.724s][7367][7459][info ] Leaving safepoint region
[2025-06-12T01:00:18.439+0000][56.724s][7367][7459][info ] Total time for which application threads were stopped: 0.0002384 seconds, Stopping threads took: 0.0000290 seconds
[2025-06-12T01:00:22.439+0000][60.724s][7367][7459][info ] Application time: 4.0003205 seconds
[2025-06-12T01:00:22.439+0000][60.724s][7367][7459][info ] Entering safepoint region: Cleanup
[2025-06-12T01:00:22.440+0000][60.725s][7367][7459][info ] Leaving safepoint region
[2025-06-12T01:00:22.440+0000][60.725s][7367][7459][info ] Total time for which application threads were stopped: 0.0011311 seconds, Stopping threads took: 0.0010214 seconds
[2025-06-12T01:00:24.441+0000][62.726s][7367][7459][info ] Application time: 2.0001873 seconds
[2025-06-12T01:00:24.441+0000][62.726s][7367][7459][info ] Entering safepoint region: Cleanup
[2025-06-12T01:00:24.441+0000][62.726s][7367][7459][info ] Leaving safepoint region
[2025-06-12T01:00:24.441+0000][62.726s][7367][7459][info ] Total time for which application threads were stopped: 0.0001024 seconds, Stopping threads took: 0.0000207 seconds
[2025-06-12T01:00:25.933+0000][64.218s][7367][7458][trace] CMS: promo attempt is safe: available(6912212992) >= av_promo(0), max_promo(548004592)
[2025-06-12T01:00:26.441+0000][64.726s][7367][7459][info ] Application time: 2.0001590 seconds
[2025-06-12T01:00:26.441+0000][64.726s][7367][7459][info ] Entering safepoint region: Cleanup
[2025-06-12T01:00:26.441+0000][64.726s][7367][7459][info ] Leaving safepoint region
[2025-06-12T01:00:26.441+0000][64.726s][7367][7459][info ] Total time for which application threads were stopped: 0.0001207 seconds, Stopping threads took: 0.0000214 seconds
[2025-06-12T01:00:27.441+0000][65.726s][7367][7459][info ] Application time: 1.0000810 seconds
[2025-06-12T01:00:27.441+0000][65.726s][7367][7459][info ] Entering safepoint region: Cleanup
[2025-06-12T01:00:27.441+0000][65.726s][7367][7459][info ] Leaving safepoint region
[2025-06-12T01:00:27.441+0000][65.726s][7367][7459][info ] Total time for which application threads were stopped: 0.0001644 seconds, Stopping threads took: 0.0000478 seconds
[2025-06-12T01:00:27.511+0000][65.796s][7367][7459][info ] Application time: 0.0700207 seconds
[2025-06-12T01:00:27.511+0000][65.796s][7367][7459][info ] Entering safepoint region: Deoptimize
[2025-06-12T01:00:27.512+0000][65.797s][7367][7459][info ] Leaving safepoint region
[2025-06-12T01:00:27.512+0000][65.797s][7367][7459][info ] Total time for which application threads were stopped: 0.0007861 seconds, Stopping threads took: 0.0000179 seconds
[2025-06-12T01:00:28.512+0000][66.797s][7367][7459][info ] Application time: 1.0001085 seconds
[2025-06-12T01:00:28.512+0000][66.797s][7367][7459][info ] Entering safepoint region: Cleanup
[2025-06-12T01:00:28.513+0000][66.797s][7367][7459][info ] Leaving safepoint region
[2025-06-12T01:00:28.513+0000][66.798s][7367][7459][info ] Total time for which application threads were stopped: 0.0001063 seconds, Stopping threads took: 0.0000211 seconds
[2025-06-12T01:00:29.513+0000][67.798s][7367][7459][info ] Application time: 1.0000916 seconds
[2025-06-12T01:00:29.513+0000][67.798s][7367][7459][info ] Entering safepoint region: Cleanup
[2025-06-12T01:00:29.513+0000][67.798s][7367][7459][info ] Leaving safepoint region
[2025-06-12T01:00:29.513+0000][67.798s][7367][7459][info ] Total time for which application threads were stopped: 0.0001235 seconds, Stopping threads took: 0.0000288 seconds
[2025-06-12T01:00:30.513+0000][68.798s][7367][7459][info ] Application time: 1.0001135 seconds
[2025-06-12T01:00:30.513+0000][68.798s][7367][7459][info ] Entering safepoint region: Cleanup
[2025-06-12T01:00:30.513+0000][68.798s][7367][7459][info ] Leaving safepoint region
[2025-06-12T01:00:30.513+0000][68.798s][7367][7459][info ] Total time for which application threads were stopped: 0.0000956 seconds, Stopping threads took: 0.0000197 seconds
[2025-06-12T01:00:31.513+0000][69.798s][7367][7459][info ] Application time: 1.0000877 seconds
[2025-06-12T01:00:31.513+0000][69.798s][7367][7459][info ] Entering safepoint region: Cleanup
[2025-06-12T01:00:31.513+0000][69.798s][7367][7459][info ] Leaving safepoint region
[2025-06-12T01:00:31.513+0000][69.798s][7367][7459][info ] Total time for which application threads were stopped: 0.0001052 seconds, Stopping threads took: 0.0000231 seconds
[2025-06-12T01:00:32.514+0000][70.798s][7367][7459][info ] Application time: 1.0000927 seconds
[2025-06-12T01:00:32.514+0000][70.799s][7367][7459][info ] Entering safepoint region: Cleanup
[2025-06-12T01:00:32.514+0000][70.799s][7367][7459][info ] Leaving safepoint region
[2025-06-12T01:00:32.514+0000][70.799s][7367][7459][info ] Total time for which application threads were stopped: 0.0001082 seconds, Stopping threads took: 0.0000229 seconds
[2025-06-12T01:00:33.514+0000][71.799s][7367][7459][info ] Application time: 1.0000928 seconds
[2025-06-12T01:00:33.514+0000][71.799s][7367][7459][info ] Entering safepoint region: Cleanup
[2025-06-12T01:00:33.514+0000][71.799s][7367][7459][info ] Leaving safepoint region
[2025-06-12T01:00:33.514+0000][71.799s][7367][7459][info ] Total time for which application threads were stopped: 0.0001101 seconds, Stopping threads took: 0.0000210 seconds
[2025-06-12T01:00:34.514+0000][72.799s][7367][7459][info ] Application time: 1.0000907 seconds
[2025-06-12T01:00:34.514+0000][72.799s][7367][7459][info ] Entering safepoint region: Cleanup
[2025-06-12T01:00:34.514+0000][72.799s][7367][7459][info ] Leaving safepoint region
[2025-06-12T01:00:34.514+0000][72.799s][7367][7459][info ] Total time for which application threads were stopped: 0.0001379 seconds, Stopping threads took: 0.0000280 seconds
[2025-06-12T01:00:35.514+0000][73.799s][7367][7459][info ] Application time: 1.0001064 seconds
[2025-06-12T01:00:35.514+0000][73.799s][7367][7459][info ] Entering safepoint region: Cleanup
[2025-06-12T01:00:35.515+0000][73.800s][7367][7459][info ] Leaving safepoint region
[2025-06-12T01:00:35.515+0000][73.800s][7367][7459][info ] Total time for which application threads were stopped: 0.0001449 seconds, Stopping threads took: 0.0000295 seconds
[2025-06-12T01:00:35.933+0000][74.218s][7367][7458][trace] CMS: promo attempt is safe: available(6912212992) >= av_promo(0), max_promo(578683032)
[2025-06-12T01:00:36.515+0000][74.800s][7367][7459][info ] Application time: 1.0001029 seconds
[2025-06-12T01:00:36.515+0000][74.800s][7367][7459][info ] Entering safepoint region: Cleanup
[2025-06-12T01:00:36.515+0000][74.800s][7367][7459][info ] Leaving safepoint region
[2025-06-12T01:00:36.515+0000][74.800s][7367][7459][info ] Total time for which application threads were stopped: 0.0001150 seconds, Stopping threads took: 0.0000207 seconds
[2025-06-12T01:00:37.515+0000][75.800s][7367][7459][info ] Application time: 1.0000564 seconds
[2025-06-12T01:00:37.515+0000][75.800s][7367][7459][info ] Entering safepoint region: Cleanup
[2025-06-12T01:00:37.515+0000][75.800s][7367][7459][info ] Leaving safepoint region
[2025-06-12T01:00:37.515+0000][75.800s][7367][7459][info ] Total time for which application threads were stopped: 0.0001160 seconds, Stopping threads took: 0.0000221 seconds
[2025-06-12T01:00:38.515+0000][76.800s][7367][7459][info ] Application time: 1.0000854 seconds
[2025-06-12T01:00:38.515+0000][76.800s][7367][7459][info ] Entering safepoint region: Cleanup
[2025-06-12T01:00:38.515+0000][76.800s][7367][7459][info ] Leaving safepoint region
[2025-06-12T01:00:38.515+0000][76.800s][7367][7459][info ] Total time for which application threads were stopped: 0.0001096 seconds, Stopping threads took: 0.0000205 seconds
[2025-06-12T01:00:39.516+0000][77.800s][7367][7459][info ] Application time: 1.0000825 seconds
[2025-06-12T01:00:39.516+0000][77.801s][7367][7459][info ] Entering safepoint region: Cleanup
[2025-06-12T01:00:39.516+0000][77.801s][7367][7459][info ] Leaving safepoint region
[2025-06-12T01:00:39.516+0000][77.801s][7367][7459][info ] Total time for which application threads were stopped: 0.0000968 seconds, Stopping threads took: 0.0000217 seconds
[2025-06-12T01:00:40.516+0000][78.801s][7367][7459][info ] Application time: 1.0000808 seconds
[2025-06-12T01:00:40.516+0000][78.801s][7367][7459][info ] Entering safepoint region: Cleanup
[2025-06-12T01:00:40.516+0000][78.801s][7367][7459][info ] Leaving safepoint region
[2025-06-12T01:00:40.516+0000][78.801s][7367][7459][info ] Total time for which application threads were stopped: 0.0001278 seconds, Stopping threads took: 0.0000206 seconds
[2025-06-12T01:00:41.516+0000][79.801s][7367][7459][info ] Application time: 1.0000812 seconds
[2025-06-12T01:00:41.516+0000][79.801s][7367][7459][info ] Entering safepoint region: Cleanup
[2025-06-12T01:00:41.516+0000][79.801s][7367][7459][info ] Leaving safepoint region
[2025-06-12T01:00:41.516+0000][79.801s][7367][7459][info ] Total time for which application threads were stopped: 0.0001013 seconds, Stopping threads took: 0.0000208 seconds
[2025-06-12T01:00:42.516+0000][80.801s][7367][7459][info ] Application time: 1.0000814 seconds
[2025-06-12T01:00:42.516+0000][80.801s][7367][7459][info ] Entering safepoint region: Cleanup
[2025-06-12T01:00:42.516+0000][80.801s][7367][7459][info ] Leaving safepoint region
[2025-06-12T01:00:42.516+0000][80.801s][7367][7459][info ] Total time for which application threads were stopped: 0.0001267 seconds, Stopping threads took: 0.0000300 seconds
[2025-06-12T01:00:43.517+0000][81.802s][7367][7459][info ] Application time: 1.0000897 seconds
[2025-06-12T01:00:43.517+0000][81.802s][7367][7459][info ] Entering safepoint region: Cleanup
[2025-06-12T01:00:43.517+0000][81.802s][7367][7459][info ] Leaving safepoint region
[2025-06-12T01:00:43.517+0000][81.802s][7367][7459][info ] Total time for which application threads were stopped: 0.0001428 seconds, Stopping threads took: 0.0000280 seconds
[2025-06-12T01:00:44.517+0000][82.802s][7367][7459][info ] Application time: 1.0000961 seconds
[2025-06-12T01:00:44.517+0000][82.802s][7367][7459][info ] Entering safepoint region: Cleanup
[2025-06-12T01:00:44.517+0000][82.802s][7367][7459][info ] Leaving safepoint region
[2025-06-12T01:00:44.517+0000][82.802s][7367][7459][info ] Total time for which application threads were stopped: 0.0001464 seconds, Stopping threads took: 0.0000312 seconds
[2025-06-12T01:00:45.517+0000][83.802s][7367][7459][info ] Application time: 1.0000938 seconds
[2025-06-12T01:00:45.517+0000][83.802s][7367][7459][info ] Entering safepoint region: Cleanup
[2025-06-12T01:00:45.517+0000][83.802s][7367][7459][info ] Leaving safepoint region
[2025-06-12T01:00:45.517+0000][83.802s][7367][7459][info ] Total time for which application threads were stopped: 0.0001078 seconds, Stopping threads took: 0.0000241 seconds
[2025-06-12T01:00:45.933+0000][84.218s][7367][7458][trace] CMS: promo attempt is safe: available(6912212992) >= av_promo(0), max_promo(578683032)
[2025-06-12T01:00:46.517+0000][84.802s][7367][7459][info ] Application time: 1.0000520 seconds
[2025-06-12T01:00:46.518+0000][84.803s][7367][7459][info ] Entering safepoint region: Cleanup
[2025-06-12T01:00:46.518+0000][84.803s][7367][7459][info ] Leaving safepoint region
[2025-06-12T01:00:46.518+0000][84.803s][7367][7459][info ] Total time for which application threads were stopped: 0.0001490 seconds, Stopping threads took: 0.0000294 seconds
[2025-06-12T01:00:47.518+0000][85.803s][7367][7459][info ] Application time: 1.0000843 seconds
[2025-06-12T01:00:47.518+0000][85.803s][7367][7459][info ] Entering safepoint region: Cleanup
[2025-06-12T01:00:47.518+0000][85.803s][7367][7459][info ] Leaving safepoint region
[2025-06-12T01:00:47.518+0000][85.803s][7367][7459][info ] Total time for which application threads were stopped: 0.0001012 seconds, Stopping threads took: 0.0000232 seconds
[2025-06-12T01:00:48.518+0000][86.803s][7367][7459][info ] Application time: 1.0000809 seconds
[2025-06-12T01:00:48.518+0000][86.803s][7367][7459][info ] Entering safepoint region: Cleanup
[2025-06-12T01:00:48.518+0000][86.803s][7367][7459][info ] Leaving safepoint region
[2025-06-12T01:00:48.518+0000][86.803s][7367][7459][info ] Total time for which application threads were stopped: 0.0001084 seconds, Stopping threads took: 0.0000219 seconds
[2025-06-12T01:00:49.518+0000][87.803s][7367][7459][info ] Application time: 1.0000842 seconds
[2025-06-12T01:00:49.518+0000][87.803s][7367][7459][info ] Entering safepoint region: Cleanup
[2025-06-12T01:00:49.518+0000][87.803s][7367][7459][info ] Leaving safepoint region
[2025-06-12T01:00:49.519+0000][87.803s][7367][7459][info ] Total time for which application threads were stopped: 0.0001184 seconds, Stopping threads took: 0.0000229 seconds
[2025-06-12T01:00:50.519+0000][88.804s][7367][7459][info ] Application time: 1.0000874 seconds
[2025-06-12T01:00:50.519+0000][88.804s][7367][7459][info ] Entering safepoint region: Cleanup
[2025-06-12T01:00:50.519+0000][88.804s][7367][7459][info ] Leaving safepoint region
[2025-06-12T01:00:50.519+0000][88.804s][7367][7459][info ] Total time for which application threads were stopped: 0.0001101 seconds, Stopping threads took: 0.0000214 seconds
[2025-06-12T01:00:51.519+0000][89.804s][7367][7459][info ] Application time: 1.0000888 seconds
[2025-06-12T01:00:51.519+0000][89.804s][7367][7459][info ] Entering safepoint region: Cleanup
[2025-06-12T01:00:51.519+0000][89.804s][7367][7459][info ] Leaving safepoint region
[2025-06-12T01:00:51.519+0000][89.804s][7367][7459][info ] Total time for which application threads were stopped: 0.0001003 seconds, Stopping threads took: 0.0000245 seconds
[2025-06-12T01:00:52.519+0000][90.804s][7367][7459][info ] Application time: 1.0000818 seconds
[2025-06-12T01:00:52.519+0000][90.804s][7367][7459][info ] Entering safepoint region: Cleanup
[2025-06-12T01:00:52.519+0000][90.804s][7367][7459][info ] Leaving safepoint region
[2025-06-12T01:00:52.519+0000][90.804s][7367][7459][info ] Total time for which application threads were stopped: 0.0001102 seconds, Stopping threads took: 0.0000205 seconds
[2025-06-12T01:00:53.519+0000][91.804s][7367][7459][info ] Application time: 1.0000870 seconds
[2025-06-12T01:00:53.520+0000][91.804s][7367][7459][info ] Entering safepoint region: Cleanup
[2025-06-12T01:00:53.520+0000][91.805s][7367][7459][info ] Leaving safepoint region
[2025-06-12T01:00:53.520+0000][91.805s][7367][7459][info ] Total time for which application threads were stopped: 0.0001356 seconds, Stopping threads took: 0.0000237 seconds
[2025-06-12T01:00:54.520+0000][92.805s][7367][7459][info ] Application time: 1.0001033 seconds
[2025-06-12T01:00:54.520+0000][92.805s][7367][7459][info ] Entering safepoint region: Cleanup
[2025-06-12T01:00:54.520+0000][92.805s][7367][7459][info ] Leaving safepoint region
[2025-06-12T01:00:54.520+0000][92.805s][7367][7459][info ] Total time for which application threads were stopped: 0.0001285 seconds, Stopping threads took: 0.0000306 seconds
[2025-06-12T01:00:55.520+0000][93.805s][7367][7459][info ] Application time: 1.0001062 seconds
[2025-06-12T01:00:55.520+0000][93.805s][7367][7459][info ] Entering safepoint region: Cleanup
[2025-06-12T01:00:55.520+0000][93.805s][7367][7459][info ] Leaving safepoint region
[2025-06-12T01:00:55.520+0000][93.805s][7367][7459][info ] Total time for which application threads were stopped: 0.0000982 seconds, Stopping threads took: 0.0000228 seconds
[2025-06-12T01:00:55.932+0000][94.217s][7367][7458][trace] CMS: promo attempt is safe: available(6912212992) >= av_promo(0), max_promo(578683032)
[2025-06-12T01:00:56.520+0000][94.805s][7367][7459][info ] Application time: 1.0000920 seconds
[2025-06-12T01:00:56.520+0000][94.805s][7367][7459][info ] Entering safepoint region: Cleanup
[2025-06-12T01:00:56.521+0000][94.805s][7367][7459][info ] Leaving safepoint region
[2025-06-12T01:00:56.521+0000][94.806s][7367][7459][info ] Total time for which application threads were stopped: 0.0001245 seconds, Stopping threads took: 0.0000243 seconds
[2025-06-12T01:00:57.521+0000][95.806s][7367][7459][info ] Application time: 1.0000808 seconds
[2025-06-12T01:00:57.521+0000][95.806s][7367][7459][info ] Entering safepoint region: Cleanup
[2025-06-12T01:00:57.521+0000][95.806s][7367][7459][info ] Leaving safepoint region
[2025-06-12T01:00:57.521+0000][95.806s][7367][7459][info ] Total time for which application threads were stopped: 0.0000975 seconds, Stopping threads took: 0.0000224 seconds
[2025-06-12T01:00:58.521+0000][96.806s][7367][7459][info ] Application time: 1.0001043 seconds
[2025-06-12T01:00:58.521+0000][96.806s][7367][7459][info ] Entering safepoint region: Cleanup
[2025-06-12T01:00:58.521+0000][96.806s][7367][7459][info ] Leaving safepoint region
[2025-06-12T01:00:58.521+0000][96.806s][7367][7459][info ] Total time for which application threads were stopped: 0.0001109 seconds, Stopping threads took: 0.0000259 seconds
[2025-06-12T01:00:59.521+0000][97.806s][7367][7459][info ] Application time: 1.0000910 seconds
[2025-06-12T01:00:59.521+0000][97.806s][7367][7459][info ] Entering safepoint region: Cleanup
[2025-06-12T01:00:59.521+0000][97.806s][7367][7459][info ] Leaving safepoint region
[2025-06-12T01:00:59.521+0000][97.806s][7367][7459][info ] Total time for which application threads were stopped: 0.0001200 seconds, Stopping threads took: 0.0000213 seconds
[2025-06-12T01:01:00.522+0000][98.806s][7367][7459][info ] Application time: 1.0000823 seconds
[2025-06-12T01:01:00.522+0000][98.807s][7367][7459][info ] Entering safepoint region: Cleanup
[2025-06-12T01:01:00.522+0000][98.807s][7367][7459][info ] Leaving safepoint region
[2025-06-12T01:01:00.522+0000][98.807s][7367][7459][info ] Total time for which application threads were stopped: 0.0000976 seconds, Stopping threads took: 0.0000210 seconds
[2025-06-12T01:01:01.522+0000][99.807s][7367][7459][info ] Application time: 1.0000816 seconds
[2025-06-12T01:01:01.522+0000][99.807s][7367][7459][info ] Entering safepoint region: Cleanup
[2025-06-12T01:01:01.522+0000][99.807s][7367][7459][info ] Leaving safepoint region
[2025-06-12T01:01:01.522+0000][99.807s][7367][7459][info ] Total time for which application threads were stopped: 0.0001062 seconds, Stopping threads took: 0.0000228 seconds
[2025-06-12T01:01:02.522+0000][100.807s][7367][7459][info ] Application time: 1.0000815 seconds
[2025-06-12T01:01:02.522+0000][100.807s][7367][7459][info ] Entering safepoint region: Cleanup
[2025-06-12T01:01:02.522+0000][100.807s][7367][7459][info ] Leaving safepoint region
[2025-06-12T01:01:02.522+0000][100.807s][7367][7459][info ] Total time for which application threads were stopped: 0.0001154 seconds, Stopping threads took: 0.0000254 seconds
[2025-06-12T01:01:03.522+0000][101.807s][7367][7459][info ] Application time: 1.0001109 seconds
[2025-06-12T01:01:03.522+0000][101.807s][7367][7459][info ] Entering safepoint region: Cleanup
[2025-06-12T01:01:03.523+0000][101.807s][7367][7459][info ] Leaving safepoint region
[2025-06-12T01:01:03.523+0000][101.807s][7367][7459][info ] Total time for which application threads were stopped: 0.0001504 seconds, Stopping threads took: 0.0000301 seconds
[2025-06-12T01:01:04.523+0000][102.808s][7367][7459][info ] Application time: 1.0000887 seconds
[2025-06-12T01:01:04.523+0000][102.808s][7367][7459][info ] Entering safepoint region: Cleanup
[2025-06-12T01:01:04.523+0000][102.808s][7367][7459][info ] Leaving safepoint region
[2025-06-12T01:01:04.523+0000][102.808s][7367][7459][info ] Total time for which application threads were stopped: 0.0001184 seconds, Stopping threads took: 0.0000255 seconds
[2025-06-12T01:01:05.523+0000][103.808s][7367][7459][info ] Application time: 1.0001059 seconds
[2025-06-12T01:01:05.523+0000][103.808s][7367][7459][info ] Entering safepoint region: Cleanup
[2025-06-12T01:01:05.523+0000][103.808s][7367][7459][info ] Leaving safepoint region
[2025-06-12T01:01:05.523+0000][103.808s][7367][7459][info ] Total time for which application threads were stopped: 0.0001002 seconds, Stopping threads took: 0.0000208 seconds
[2025-06-12T01:01:05.932+0000][104.217s][7367][7458][trace] CMS: promo attempt is safe: available(6912212992) >= av_promo(0), max_promo(578683032)
[2025-06-12T01:01:06.523+0000][104.808s][7367][7459][info ] Application time: 1.0000846 seconds
[2025-06-12T01:01:06.523+0000][104.808s][7367][7459][info ] Entering safepoint region: Cleanup
[2025-06-12T01:01:06.523+0000][104.808s][7367][7459][info ] Leaving safepoint region
[2025-06-12T01:01:06.523+0000][104.808s][7367][7459][info ] Total time for which application threads were stopped: 0.0001589 seconds, Stopping threads took: 0.0000242 seconds
[2025-06-12T01:01:07.524+0000][105.808s][7367][7459][info ] Application time: 1.0000842 seconds
[2025-06-12T01:01:07.524+0000][105.809s][7367][7459][info ] Entering safepoint region: Cleanup
[2025-06-12T01:01:07.524+0000][105.809s][7367][7459][info ] Leaving safepoint region
[2025-06-12T01:01:07.524+0000][105.809s][7367][7459][info ] Total time for which application threads were stopped: 0.0001105 seconds, Stopping threads took: 0.0000213 seconds
[2025-06-12T01:01:08.524+0000][106.809s][7367][7459][info ] Application time: 1.0000869 seconds
[2025-06-12T01:01:08.524+0000][106.809s][7367][7459][info ] Entering safepoint region: Cleanup
[2025-06-12T01:01:08.524+0000][106.809s][7367][7459][info ] Leaving safepoint region
[2025-06-12T01:01:08.524+0000][106.809s][7367][7459][info ] Total time for which application threads were stopped: 0.0001339 seconds, Stopping threads took: 0.0000219 seconds
[2025-06-12T01:01:15.932+0000][114.217s][7367][7458][trace] CMS: promo attempt is safe: available(6912212992) >= av_promo(0), max_promo(580600464)
[2025-06-12T01:01:16.525+0000][114.810s][7367][7459][info ] Application time: 8.0006473 seconds
[2025-06-12T01:01:16.525+0000][114.810s][7367][7459][info ] Entering safepoint region: Cleanup
[2025-06-12T01:01:16.525+0000][114.810s][7367][7459][info ] Leaving safepoint region
[2025-06-12T01:01:16.525+0000][114.810s][7367][7459][info ] Total time for which application threads were stopped: 0.0001281 seconds, Stopping threads took: 0.0000218 seconds
[2025-06-12T01:01:25.932+0000][124.217s][7367][7458][trace] CMS: promo attempt is safe: available(6912212992) >= av_promo(0), max_promo(580600464)
[2025-06-12T01:01:28.526+0000][126.811s][7367][7459][info ] Application time: 12.0009764 seconds
[2025-06-12T01:01:28.526+0000][126.811s][7367][7459][info ] Entering safepoint region: Cleanup
[2025-06-12T01:01:28.526+0000][126.811s][7367][7459][info ] Leaving safepoint region
[2025-06-12T01:01:28.526+0000][126.811s][7367][7459][info ] Total time for which application threads were stopped: 0.0001199 seconds, Stopping threads took: 0.0000402 seconds
[2025-06-12T01:01:34.527+0000][132.811s][7367][7459][info ] Application time: 6.0004801 seconds
[2025-06-12T01:01:34.527+0000][132.812s][7367][7459][info ] Entering safepoint region: Cleanup
[2025-06-12T01:01:34.527+0000][132.812s][7367][7459][info ] Leaving safepoint region
[2025-06-12T01:01:34.527+0000][132.812s][7367][7459][info ] Total time for which application threads were stopped: 0.0001051 seconds, Stopping threads took: 0.0000211 seconds
[2025-06-12T01:01:35.932+0000][134.217s][7367][7458][trace] CMS: promo attempt is safe: available(6912212992) >= av_promo(0), max_promo(582517888)
[2025-06-12T01:01:39.527+0000][137.812s][7367][7459][info ] Application time: 5.0004000 seconds
[2025-06-12T01:01:39.527+0000][137.812s][7367][7459][info ] Entering safepoint region: Cleanup
[2025-06-12T01:01:39.527+0000][137.812s][7367][7459][info ] Leaving safepoint region
[2025-06-12T01:01:39.527+0000][137.812s][7367][7459][info ] Total time for which application threads were stopped: 0.0000988 seconds, Stopping threads took: 0.0000231 seconds
[2025-06-12T01:01:43.528+0000][141.812s][7367][7459][info ] Application time: 4.0002903 seconds
[2025-06-12T01:01:43.528+0000][141.813s][7367][7459][info ] Entering safepoint region: Cleanup
[2025-06-12T01:01:43.528+0000][141.813s][7367][7459][info ] Leaving safepoint region
[2025-06-12T01:01:43.528+0000][141.813s][7367][7459][info ] Total time for which application threads were stopped: 0.0001267 seconds, Stopping threads took: 0.0000260 seconds
[2025-06-12T01:01:45.932+0000][144.217s][7367][7458][trace] CMS: promo attempt is safe: available(6912212992) >= av_promo(0), max_promo(582517888)
[2025-06-12T01:01:55.931+0000][154.216s][7367][7458][trace] CMS: promo attempt is safe: available(6912212992) >= av_promo(0), max_promo(620936056)
[2025-06-12T01:01:56.529+0000][154.814s][7367][7459][info ] Application time: 13.0010103 seconds
[2025-06-12T01:01:56.529+0000][154.814s][7367][7459][info ] Entering safepoint region: Cleanup
[2025-06-12T01:01:56.529+0000][154.814s][7367][7459][info ] Leaving safepoint region
[2025-06-12T01:01:56.529+0000][154.814s][7367][7459][info ] Total time for which application threads were stopped: 0.0002592 seconds, Stopping threads took: 0.0000231 seconds
[2025-06-12T01:01:57.529+0000][155.814s][7367][7459][info ] Application time: 1.0000847 seconds
[2025-06-12T01:01:57.529+0000][155.814s][7367][7459][info ] Entering safepoint region: Cleanup
[2025-06-12T01:01:57.529+0000][155.814s][7367][7459][info ] Leaving safepoint region
[2025-06-12T01:01:57.529+0000][155.814s][7367][7459][info ] Total time for which application threads were stopped: 0.0001037 seconds, Stopping threads took: 0.0000228 seconds
[2025-06-12T01:01:58.529+0000][156.814s][7367][7459][info ] Application time: 1.0000901 seconds
[2025-06-12T01:01:58.529+0000][156.814s][7367][7459][info ] Entering safepoint region: Cleanup
[2025-06-12T01:01:58.530+0000][156.815s][7367][7459][info ] Leaving safepoint region
[2025-06-12T01:01:58.530+0000][156.815s][7367][7459][info ] Total time for which application threads were stopped: 0.0001299 seconds, Stopping threads took: 0.0000232 seconds
[2025-06-12T01:01:59.530+0000][157.815s][7367][7459][info ] Application time: 1.0000982 seconds
[2025-06-12T01:01:59.530+0000][157.815s][7367][7459][info ] Entering safepoint region: Cleanup
[2025-06-12T01:01:59.530+0000][157.815s][7367][7459][info ] Leaving safepoint region
[2025-06-12T01:01:59.530+0000][157.815s][7367][7459][info ] Total time for which application threads were stopped: 0.0001096 seconds, Stopping threads took: 0.0000233 seconds
[2025-06-12T01:02:00.530+0000][158.815s][7367][7459][info ] Application time: 1.0000816 seconds
[2025-06-12T01:02:00.530+0000][158.815s][7367][7459][info ] Entering safepoint region: Cleanup
[2025-06-12T01:02:00.530+0000][158.815s][7367][7459][info ] Leaving safepoint region
[2025-06-12T01:02:00.530+0000][158.815s][7367][7459][info ] Total time for which application threads were stopped: 0.0001102 seconds, Stopping threads took: 0.0000228 seconds
[2025-06-12T01:02:01.530+0000][159.815s][7367][7459][info ] Application time: 1.0000610 seconds
[2025-06-12T01:02:01.530+0000][159.815s][7367][7459][info ] Entering safepoint region: Cleanup
[2025-06-12T01:02:01.530+0000][159.815s][7367][7459][info ] Leaving safepoint region
[2025-06-12T01:02:01.530+0000][159.815s][7367][7459][info ] Total time for which application threads were stopped: 0.0001033 seconds, Stopping threads took: 0.0000218 seconds
[2025-06-12T01:02:02.530+0000][160.815s][7367][7459][info ] Application time: 1.0000849 seconds
[2025-06-12T01:02:02.531+0000][160.816s][7367][7459][info ] Entering safepoint region: Cleanup
[2025-06-12T01:02:02.531+0000][160.816s][7367][7459][info ] Leaving safepoint region
[2025-06-12T01:02:02.531+0000][160.816s][7367][7459][info ] Total time for which application threads were stopped: 0.0001044 seconds, Stopping threads took: 0.0000220 seconds
[2025-06-12T01:02:03.531+0000][161.816s][7367][7459][info ] Application time: 1.0000864 seconds
[2025-06-12T01:02:03.531+0000][161.816s][7367][7459][info ] Entering safepoint region: Cleanup
[2025-06-12T01:02:03.531+0000][161.816s][7367][7459][info ] Leaving safepoint region
[2025-06-12T01:02:03.531+0000][161.816s][7367][7459][info ] Total time for which application threads were stopped: 0.0002313 seconds, Stopping threads took: 0.0000262 seconds
[2025-06-12T01:02:04.531+0000][162.816s][7367][7459][info ] Application time: 1.0001038 seconds
[2025-06-12T01:02:04.531+0000][162.816s][7367][7459][info ] Entering safepoint region: Cleanup
[2025-06-12T01:02:04.531+0000][162.816s][7367][7459][info ] Leaving safepoint region
[2025-06-12T01:02:04.531+0000][162.816s][7367][7459][info ] Total time for which application threads were stopped: 0.0001399 seconds, Stopping threads took: 0.0000305 seconds
[2025-06-12T01:02:05.531+0000][163.816s][7367][7459][info ] Application time: 1.0000867 seconds
[2025-06-12T01:02:05.532+0000][163.817s][7367][7459][info ] Entering safepoint region: Cleanup
[2025-06-12T01:02:05.532+0000][163.817s][7367][7459][info ] Leaving safepoint region
[2025-06-12T01:02:05.532+0000][163.817s][7367][7459][info ] Total time for which application threads were stopped: 0.0001510 seconds, Stopping threads took: 0.0000320 seconds
[2025-06-12T01:02:05.931+0000][164.216s][7367][7458][trace] CMS: promo attempt is safe: available(6912212992) >= av_promo(0), max_promo(620936056)
[2025-06-12T01:02:06.532+0000][164.817s][7367][7459][info ] Application time: 1.0000852 seconds
[2025-06-12T01:02:06.532+0000][164.817s][7367][7459][info ] Entering safepoint region: Cleanup
[2025-06-12T01:02:06.532+0000][164.817s][7367][7459][info ] Leaving safepoint region
[2025-06-12T01:02:06.532+0000][164.817s][7367][7459][info ] Total time for which application threads were stopped: 0.0001997 seconds, Stopping threads took: 0.0000324 seconds
[2025-06-12T01:02:07.532+0000][165.817s][7367][7459][info ] Application time: 1.0000956 seconds
[2025-06-12T01:02:07.532+0000][165.817s][7367][7459][info ] Entering safepoint region: Cleanup
[2025-06-12T01:02:07.532+0000][165.817s][7367][7459][info ] Leaving safepoint region
[2025-06-12T01:02:07.532+0000][165.817s][7367][7459][info ] Total time for which application threads were stopped: 0.0001539 seconds, Stopping threads took: 0.0000325 seconds
[2025-06-12T01:02:12.533+0000][170.818s][7367][7459][info ] Application time: 5.0003772 seconds
[2025-06-12T01:02:12.533+0000][170.818s][7367][7459][info ] Entering safepoint region: Cleanup
[2025-06-12T01:02:12.533+0000][170.818s][7367][7459][info ] Leaving safepoint region
[2025-06-12T01:02:12.533+0000][170.818s][7367][7459][info ] Total time for which application threads were stopped: 0.0001126 seconds, Stopping threads took: 0.0000222 seconds
[2025-06-12T01:02:14.533+0000][172.818s][7367][7459][info ] Application time: 2.0001979 seconds
[2025-06-12T01:02:14.533+0000][172.818s][7367][7459][info ] Entering safepoint region: Cleanup
[2025-06-12T01:02:14.533+0000][172.818s][7367][7459][info ] Leaving safepoint region
[2025-06-12T01:02:14.533+0000][172.818s][7367][7459][info ] Total time for which application threads were stopped: 0.0001293 seconds, Stopping threads took: 0.0000264 seconds
[2025-06-12T01:02:15.930+0000][174.215s][7367][7458][trace] CMS: promo attempt is safe: available(6912212992) >= av_promo(0), max_promo(620936056)
[2025-06-12T01:02:16.534+0000][174.818s][7367][7459][info ] Application time: 2.0001607 seconds
[2025-06-12T01:02:16.534+0000][174.819s][7367][7459][info ] Entering safepoint region: Cleanup
[2025-06-12T01:02:16.534+0000][174.819s][7367][7459][info ] Leaving safepoint region
[2025-06-12T01:02:16.534+0000][174.819s][7367][7459][info ] Total time for which application threads were stopped: 0.0001035 seconds, Stopping threads took: 0.0000215 seconds
[2025-06-12T01:02:23.534+0000][181.819s][7367][7459][info ] Application time: 7.0005437 seconds
[2025-06-12T01:02:23.534+0000][181.819s][7367][7459][info ] Entering safepoint region: Cleanup
[2025-06-12T01:02:23.534+0000][181.819s][7367][7459][info ] Leaving safepoint region
[2025-06-12T01:02:23.534+0000][181.819s][7367][7459][info ] Total time for which application threads were stopped: 0.0001546 seconds, Stopping threads took: 0.0000314 seconds
[2025-06-12T01:02:25.931+0000][184.216s][7367][7458][trace] CMS: promo attempt is safe: available(6912212992) >= av_promo(0), max_promo(620936056)
[2025-06-12T01:02:33.535+0000][191.820s][7367][7459][info ] Application time: 10.0007800 seconds
[2025-06-12T01:02:33.535+0000][191.820s][7367][7459][info ] Entering safepoint region: Cleanup
[2025-06-12T01:02:33.535+0000][191.820s][7367][7459][info ] Leaving safepoint region
[2025-06-12T01:02:33.535+0000][191.820s][7367][7459][info ] Total time for which application threads were stopped: 0.0001270 seconds, Stopping threads took: 0.0000271 seconds
[2025-06-12T01:02:35.931+0000][194.216s][7367][7458][trace] CMS: promo attempt is safe: available(6912212992) >= av_promo(0), max_promo(622853480)
[2025-06-12T01:02:36.536+0000][194.821s][7367][7459][info ] Application time: 3.0002346 seconds
[2025-06-12T01:02:36.536+0000][194.821s][7367][7459][info ] Entering safepoint region: Cleanup
[2025-06-12T01:02:36.536+0000][194.821s][7367][7459][info ] Leaving safepoint region
[2025-06-12T01:02:36.536+0000][194.821s][7367][7459][info ] Total time for which application threads were stopped: 0.0001307 seconds, Stopping threads took: 0.0000253 seconds
[2025-06-12T01:02:39.536+0000][197.821s][7367][7459][info ] Application time: 3.0002111 seconds
[2025-06-12T01:02:39.536+0000][197.821s][7367][7459][info ] Entering safepoint region: Cleanup
[2025-06-12T01:02:39.536+0000][197.821s][7367][7459][info ] Leaving safepoint region
[2025-06-12T01:02:39.536+0000][197.821s][7367][7459][info ] Total time for which application threads were stopped: 0.0001229 seconds, Stopping threads took: 0.0000251 seconds
[2025-06-12T01:02:43.537+0000][201.822s][7367][7459][info ] Application time: 4.0003386 seconds
[2025-06-12T01:02:43.537+0000][201.822s][7367][7459][info ] Entering safepoint region: Cleanup
[2025-06-12T01:02:43.537+0000][201.822s][7367][7459][info ] Leaving safepoint region
[2025-06-12T01:02:43.537+0000][201.822s][7367][7459][info ] Total time for which application threads were stopped: 0.0001308 seconds, Stopping threads took: 0.0000332 seconds
[2025-06-12T01:02:45.537+0000][203.822s][7367][7459][info ] Application time: 2.0001590 seconds
[2025-06-12T01:02:45.537+0000][203.822s][7367][7459][info ] Entering safepoint region: Cleanup
[2025-06-12T01:02:45.537+0000][203.822s][7367][7459][info ] Leaving safepoint region
[2025-06-12T01:02:45.537+0000][203.822s][7367][7459][info ] Total time for which application threads were stopped: 0.0002364 seconds, Stopping threads took: 0.0000222 seconds
[2025-06-12T01:02:45.930+0000][204.215s][7367][7458][trace] CMS: promo attempt is safe: available(6912212992) >= av_promo(0), max_promo(640290152)
[2025-06-12T01:02:46.537+0000][204.822s][7367][7459][info ] Application time: 1.0000777 seconds
[2025-06-12T01:02:46.538+0000][204.822s][7367][7459][info ] Entering safepoint region: Cleanup
[2025-06-12T01:02:46.538+0000][204.823s][7367][7459][info ] Leaving safepoint region
[2025-06-12T01:02:46.538+0000][204.823s][7367][7459][info ] Total time for which application threads were stopped: 0.0001162 seconds, Stopping threads took: 0.0000233 seconds
[2025-06-12T01:02:47.538+0000][205.823s][7367][7459][info ] Application time: 1.0000779 seconds
[2025-06-12T01:02:47.538+0000][205.823s][7367][7459][info ] Entering safepoint region: Cleanup
[2025-06-12T01:02:47.538+0000][205.823s][7367][7459][info ] Leaving safepoint region
[2025-06-12T01:02:47.538+0000][205.823s][7367][7459][info ] Total time for which application threads were stopped: 0.0001350 seconds, Stopping threads took: 0.0000244 seconds
[2025-06-12T01:02:55.539+0000][213.823s][7367][7459][info ] Application time: 8.0005984 seconds
[2025-06-12T01:02:55.539+0000][213.824s][7367][7459][info ] Entering safepoint region: Cleanup
[2025-06-12T01:02:55.539+0000][213.824s][7367][7459][info ] Leaving safepoint region
[2025-06-12T01:02:55.539+0000][213.824s][7367][7459][info ] Total time for which application threads were stopped: 0.0001176 seconds, Stopping threads took: 0.0000234 seconds
[2025-06-12T01:02:55.930+0000][214.215s][7367][7458][trace] CMS: promo attempt is safe: available(6912212992) >= av_promo(0), max_promo(640290152)
[2025-06-12T01:02:58.539+0000][216.824s][7367][7459][info ] Application time: 3.0002527 seconds
[2025-06-12T01:02:58.539+0000][216.824s][7367][7459][info ] Entering safepoint region: Cleanup
[2025-06-12T01:02:58.539+0000][216.824s][7367][7459][info ] Leaving safepoint region
[2025-06-12T01:02:58.539+0000][216.824s][7367][7459][info ] Total time for which application threads were stopped: 0.0001178 seconds, Stopping threads took: 0.0000228 seconds
[2025-06-12T01:03:05.929+0000][224.214s][7367][7458][trace] CMS: promo attempt is safe: available(6912212992) >= av_promo(0), max_promo(640290152)
[2025-06-12T01:03:06.540+0000][224.825s][7367][7459][info ] Application time: 8.0006738 seconds
[2025-06-12T01:03:06.540+0000][224.825s][7367][7459][info ] Entering safepoint region: Cleanup
[2025-06-12T01:03:06.540+0000][224.825s][7367][7459][info ] Leaving safepoint region
[2025-06-12T01:03:06.540+0000][224.825s][7367][7459][info ] Total time for which application threads were stopped: 0.0001264 seconds, Stopping threads took: 0.0000247 seconds
[2025-06-12T01:03:10.540+0000][228.825s][7367][7459][info ] Application time: 4.0003139 seconds
[2025-06-12T01:03:10.540+0000][228.825s][7367][7459][info ] Entering safepoint region: Cleanup
[2025-06-12T01:03:10.540+0000][228.825s][7367][7459][info ] Leaving safepoint region
[2025-06-12T01:03:10.540+0000][228.825s][7367][7459][info ] Total time for which application threads were stopped: 0.0001201 seconds, Stopping threads took: 0.0000251 seconds
[2025-06-12T01:03:15.929+0000][234.214s][7367][7458][trace] CMS: promo attempt is safe: available(6912212992) >= av_promo(0), max_promo(640290152)
[2025-06-12T01:03:16.541+0000][234.826s][7367][7459][info ] Application time: 6.0004613 seconds
[2025-06-12T01:03:16.541+0000][234.826s][7367][7459][info ] Entering safepoint region: Cleanup
[2025-06-12T01:03:16.541+0000][234.826s][7367][7459][info ] Leaving safepoint region
[2025-06-12T01:03:16.541+0000][234.826s][7367][7459][info ] Total time for which application threads were stopped: 0.0001264 seconds, Stopping threads took: 0.0000261 seconds
[2025-06-12T01:03:25.928+0000][244.213s][7367][7458][trace] CMS: promo attempt is safe: available(6912212992) >= av_promo(0), max_promo(640290152)
[2025-06-12T01:03:26.542+0000][244.827s][7367][7459][info ] Application time: 10.0007457 seconds
[2025-06-12T01:03:26.542+0000][244.827s][7367][7459][info ] Entering safepoint region: Cleanup
[2025-06-12T01:03:26.542+0000][244.827s][7367][7459][info ] Leaving safepoint region
[2025-06-12T01:03:26.542+0000][244.827s][7367][7459][info ] Total time for which application threads were stopped: 0.0001386 seconds, Stopping threads took: 0.0000271 seconds
[2025-06-12T01:03:35.928+0000][254.213s][7367][7458][trace] CMS: promo attempt is safe: available(6912212992) >= av_promo(0), max_promo(642207576)
[2025-06-12T01:03:38.543+0000][256.828s][7367][7459][info ] Application time: 12.0011916 seconds
[2025-06-12T01:03:38.543+0000][256.828s][7367][7459][info ] Entering safepoint region: Cleanup
[2025-06-12T01:03:38.544+0000][256.828s][7367][7459][info ] Leaving safepoint region
[2025-06-12T01:03:38.544+0000][256.829s][7367][7459][info ] Total time for which application threads were stopped: 0.0001576 seconds, Stopping threads took: 0.0000364 seconds
[2025-06-12T01:03:41.544+0000][259.829s][7367][7459][info ] Application time: 3.0002644 seconds
[2025-06-12T01:03:41.544+0000][259.829s][7367][7459][info ] Entering safepoint region: Cleanup
[2025-06-12T01:03:41.544+0000][259.829s][7367][7459][info ] Leaving safepoint region
[2025-06-12T01:03:41.544+0000][259.829s][7367][7459][info ] Total time for which application threads were stopped: 0.0001636 seconds, Stopping threads took: 0.0000364 seconds
[2025-06-12T01:03:45.928+0000][264.213s][7367][7458][trace] CMS: promo attempt is safe: available(6912212992) >= av_promo(0), max_promo(642207576)
[2025-06-12T01:03:46.545+0000][264.830s][7367][7459][info ] Application time: 5.0005365 seconds
[2025-06-12T01:03:46.545+0000][264.830s][7367][7459][info ] Entering safepoint region: Cleanup
[2025-06-12T01:03:46.545+0000][264.830s][7367][7459][info ] Leaving safepoint region
[2025-06-12T01:03:46.545+0000][264.830s][7367][7459][info ] Total time for which application threads were stopped: 0.0002483 seconds, Stopping threads took: 0.0000344 seconds
[2025-06-12T01:03:55.928+0000][274.213s][7367][7458][trace] CMS: promo attempt is safe: available(6912212992) >= av_promo(0), max_promo(642207576)
[2025-06-12T01:03:56.547+0000][274.832s][7367][7459][info ] Application time: 10.0017869 seconds
[2025-06-12T01:03:56.547+0000][274.832s][7367][7459][info ] Entering safepoint region: Cleanup
[2025-06-12T01:03:56.547+0000][274.832s][7367][7459][info ] Leaving safepoint region
[2025-06-12T01:03:56.547+0000][274.832s][7367][7459][info ] Total time for which application threads were stopped: 0.0001970 seconds, Stopping threads took: 0.0000385 seconds
[2025-06-12T01:03:59.547+0000][277.832s][7367][7459][info ] Application time: 3.0002549 seconds
[2025-06-12T01:03:59.547+0000][277.832s][7367][7459][info ] Entering safepoint region: Cleanup
[2025-06-12T01:03:59.548+0000][277.832s][7367][7459][info ] Leaving safepoint region
[2025-06-12T01:03:59.548+0000][277.833s][7367][7459][info ] Total time for which application threads were stopped: 0.0002045 seconds, Stopping threads took: 0.0000331 seconds
[2025-06-12T01:04:00.548+0000][278.833s][7367][7459][info ] Application time: 1.0000870 seconds
[2025-06-12T01:04:00.548+0000][278.833s][7367][7459][info ] Entering safepoint region: Cleanup
[2025-06-12T01:04:00.548+0000][278.833s][7367][7459][info ] Leaving safepoint region
[2025-06-12T01:04:00.548+0000][278.833s][7367][7459][info ] Total time for which application threads were stopped: 0.0001914 seconds, Stopping threads took: 0.0000360 seconds
[2025-06-12T01:04:01.548+0000][279.833s][7367][7459][info ] Application time: 1.0000890 seconds
[2025-06-12T01:04:01.548+0000][279.833s][7367][7459][info ] Entering safepoint region: Cleanup
[2025-06-12T01:04:01.548+0000][279.833s][7367][7459][info ] Leaving safepoint region
[2025-06-12T01:04:01.548+0000][279.833s][7367][7459][info ] Total time for which application threads were stopped: 0.0001763 seconds, Stopping threads took: 0.0000397 seconds
[2025-06-12T01:04:02.548+0000][280.833s][7367][7459][info ] Application time: 1.0000887 seconds
[2025-06-12T01:04:02.549+0000][280.833s][7367][7459][info ] Entering safepoint region: Cleanup
[2025-06-12T01:04:02.549+0000][280.834s][7367][7459][info ] Leaving safepoint region
[2025-06-12T01:04:02.549+0000][280.834s][7367][7459][info ] Total time for which application threads were stopped: 0.0001582 seconds, Stopping threads took: 0.0000370 seconds
[2025-06-12T01:04:03.549+0000][281.834s][7367][7459][info ] Application time: 1.0000986 seconds
[2025-06-12T01:04:03.549+0000][281.834s][7367][7459][info ] Entering safepoint region: Cleanup
[2025-06-12T01:04:03.549+0000][281.834s][7367][7459][info ] Leaving safepoint region
[2025-06-12T01:04:03.549+0000][281.834s][7367][7459][info ] Total time for which application threads were stopped: 0.0003419 seconds, Stopping threads took: 0.0000783 seconds
[2025-06-12T01:04:05.927+0000][284.212s][7367][7458][trace] CMS: promo attempt is safe: available(6912212992) >= av_promo(0), max_promo(642207576)
[2025-06-12T01:04:08.550+0000][286.835s][7367][7459][info ] Application time: 5.0004496 seconds
[2025-06-12T01:04:08.550+0000][286.835s][7367][7459][info ] Entering safepoint region: Cleanup
[2025-06-12T01:04:08.550+0000][286.835s][7367][7459][info ] Leaving safepoint region
[2025-06-12T01:04:08.550+0000][286.835s][7367][7459][info ] Total time for which application threads were stopped: 0.0001871 seconds, Stopping threads took: 0.0000364 seconds
[2025-06-12T01:04:15.927+0000][294.212s][7367][7458][trace] CMS: promo attempt is safe: available(6912212992) >= av_promo(0), max_promo(642207576)
[2025-06-12T01:04:23.551+0000][301.836s][7367][7459][info ] Application time: 15.0012606 seconds
[2025-06-12T01:04:23.551+0000][301.836s][7367][7459][info ] Entering safepoint region: Cleanup
[2025-06-12T01:04:23.551+0000][301.836s][7367][7459][info ] Leaving safepoint region
[2025-06-12T01:04:23.552+0000][301.836s][7367][7459][info ] Total time for which application threads were stopped: 0.0002270 seconds, Stopping threads took: 0.0000816 seconds
[2025-06-12T01:04:25.929+0000][304.214s][7367][7458][trace] CMS: promo attempt is safe: available(6912212992) >= av_promo(0), max_promo(642207576)
[2025-06-12T01:04:35.928+0000][314.213s][7367][7458][trace] CMS: promo attempt is safe: available(6912212992) >= av_promo(0), max_promo(644125000)
[2025-06-12T01:04:36.553+0000][314.838s][7367][7459][info ] Application time: 13.0010421 seconds
[2025-06-12T01:04:36.553+0000][314.838s][7367][7459][info ] Entering safepoint region: Cleanup
[2025-06-12T01:04:36.553+0000][314.838s][7367][7459][info ] Leaving safepoint region
[2025-06-12T01:04:36.553+0000][314.838s][7367][7459][info ] Total time for which application threads were stopped: 0.0001324 seconds, Stopping threads took: 0.0000230 seconds
[2025-06-12T01:04:45.928+0000][324.213s][7367][7458][trace] CMS: promo attempt is safe: available(6912212992) >= av_promo(0), max_promo(644125000)
[2025-06-12T01:04:55.927+0000][334.212s][7367][7458][trace] CMS: promo attempt is safe: available(6912212992) >= av_promo(0), max_promo(644125000)
[2025-06-12T01:04:56.554+0000][334.839s][7367][7459][info ] Application time: 20.0015695 seconds
[2025-06-12T01:04:56.554+0000][334.839s][7367][7459][info ] Entering safepoint region: Cleanup
[2025-06-12T01:04:56.555+0000][334.840s][7367][7459][info ] Leaving safepoint region
[2025-06-12T01:04:56.555+0000][334.840s][7367][7459][info ] Total time for which application threads were stopped: 0.0001240 seconds, Stopping threads took: 0.0000274 seconds
[2025-06-12T01:04:57.555+0000][335.840s][7367][7459][info ] Application time: 1.0000929 seconds
[2025-06-12T01:04:57.555+0000][335.840s][7367][7459][info ] Entering safepoint region: Cleanup
[2025-06-12T01:04:57.555+0000][335.840s][7367][7459][info ] Leaving safepoint region
[2025-06-12T01:04:57.555+0000][335.840s][7367][7459][info ] Total time for which application threads were stopped: 0.0001201 seconds, Stopping threads took: 0.0000253 seconds
[2025-06-12T01:05:05.927+0000][344.212s][7367][7458][trace] CMS: promo attempt is safe: available(6912212992) >= av_promo(0), max_promo(644125000)
[2025-06-12T01:05:11.556+0000][349.841s][7367][7459][info ] Application time: 14.0010820 seconds
[2025-06-12T01:05:11.556+0000][349.841s][7367][7459][info ] Entering safepoint region: Cleanup
[2025-06-12T01:05:11.556+0000][349.841s][7367][7459][info ] Leaving safepoint region
[2025-06-12T01:05:11.556+0000][349.841s][7367][7459][info ] Total time for which application threads were stopped: 0.0001256 seconds, Stopping threads took: 0.0000249 seconds
[2025-06-12T01:05:13.918+0000][352.203s][7367][7459][info ] Application time: 2.3615423 seconds
[2025-06-12T01:05:13.918+0000][352.203s][7367][7459][info ] Entering safepoint region: Deoptimize
[2025-06-12T01:05:13.919+0000][352.204s][7367][7459][info ] Leaving safepoint region
[2025-06-12T01:05:13.919+0000][352.204s][7367][7459][info ] Total time for which application threads were stopped: 0.0009130 seconds, Stopping threads took: 0.0000287 seconds
[2025-06-12T01:05:14.919+0000][353.204s][7367][7459][info ] Application time: 1.0000879 seconds
[2025-06-12T01:05:14.919+0000][353.204s][7367][7459][info ] Entering safepoint region: Cleanup
[2025-06-12T01:05:14.919+0000][353.204s][7367][7459][info ] Leaving safepoint region
[2025-06-12T01:05:14.919+0000][353.204s][7367][7459][info ] Total time for which application threads were stopped: 0.0002441 seconds, Stopping threads took: 0.0000319 seconds
[2025-06-12T01:05:15.919+0000][354.204s][7367][7459][info ] Application time: 1.0000868 seconds
[2025-06-12T01:05:15.919+0000][354.204s][7367][7459][info ] Entering safepoint region: Cleanup
[2025-06-12T01:05:15.919+0000][354.204s][7367][7459][info ] Leaving safepoint region
[2025-06-12T01:05:15.919+0000][354.204s][7367][7459][info ] Total time for which application threads were stopped: 0.0001643 seconds, Stopping threads took: 0.0000300 seconds
[2025-06-12T01:05:15.926+0000][354.211s][7367][7458][trace] CMS: promo attempt is safe: available(6912212992) >= av_promo(0), max_promo(657546808)
[2025-06-12T01:05:16.919+0000][355.204s][7367][7459][info ] Application time: 1.0000853 seconds
[2025-06-12T01:05:16.920+0000][355.205s][7367][7459][info ] Entering safepoint region: Cleanup
[2025-06-12T01:05:16.920+0000][355.205s][7367][7459][info ] Leaving safepoint region
[2025-06-12T01:05:16.920+0000][355.205s][7367][7459][info ] Total time for which application threads were stopped: 0.0001366 seconds, Stopping threads took: 0.0000246 seconds
[2025-06-12T01:05:17.920+0000][356.205s][7367][7459][info ] Application time: 1.0001002 seconds
[2025-06-12T01:05:17.920+0000][356.205s][7367][7459][info ] Entering safepoint region: Cleanup
[2025-06-12T01:05:17.920+0000][356.205s][7367][7459][info ] Leaving safepoint region
[2025-06-12T01:05:17.920+0000][356.205s][7367][7459][info ] Total time for which application threads were stopped: 0.0001499 seconds, Stopping threads took: 0.0000332 seconds
[2025-06-12T01:05:23.921+0000][362.205s][7367][7459][info ] Application time: 6.0004914 seconds
[2025-06-12T01:05:23.921+0000][362.206s][7367][7459][info ] Entering safepoint region: Cleanup
[2025-06-12T01:05:23.921+0000][362.206s][7367][7459][info ] Leaving safepoint region
[2025-06-12T01:05:23.921+0000][362.206s][7367][7459][info ] Total time for which application threads were stopped: 0.0001263 seconds, Stopping threads took: 0.0000255 seconds
[2025-06-12T01:05:25.926+0000][364.211s][7367][7458][trace] CMS: promo attempt is safe: available(6912212992) >= av_promo(0), max_promo(661381640)
[2025-06-12T01:05:32.921+0000][371.206s][7367][7459][info ] Application time: 9.0006681 seconds
[2025-06-12T01:05:32.921+0000][371.206s][7367][7459][info ] Entering safepoint region: Cleanup
[2025-06-12T01:05:32.922+0000][371.206s][7367][7459][info ] Leaving safepoint region
[2025-06-12T01:05:32.922+0000][371.207s][7367][7459][info ] Total time for which application threads were stopped: 0.0001213 seconds, Stopping threads took: 0.0000244 seconds
[2025-06-12T01:05:35.926+0000][374.211s][7367][7458][trace] CMS: promo attempt is safe: available(6912212992) >= av_promo(0), max_promo(663299064)
[2025-06-12T01:05:45.925+0000][384.210s][7367][7458][trace] CMS: promo attempt is safe: available(6912212992) >= av_promo(0), max_promo(663299064)
[2025-06-12T01:05:46.923+0000][385.208s][7367][7459][info ] Application time: 14.0011152 seconds
[2025-06-12T01:05:46.923+0000][385.208s][7367][7459][info ] Entering safepoint region: Cleanup
[2025-06-12T01:05:46.923+0000][385.208s][7367][7459][info ] Leaving safepoint region
[2025-06-12T01:05:46.923+0000][385.208s][7367][7459][info ] Total time for which application threads were stopped: 0.0002404 seconds, Stopping threads took: 0.0000373 seconds
[2025-06-12T01:05:55.924+0000][394.209s][7367][7458][trace] CMS: promo attempt is safe: available(6912212992) >= av_promo(0), max_promo(663299064)
[2025-06-12T01:06:05.923+0000][404.208s][7367][7458][trace] CMS: promo attempt is safe: available(6912212992) >= av_promo(0), max_promo(663299064)
[2025-06-12T01:06:07.925+0000][406.210s][7367][7459][info ] Application time: 21.0020876 seconds
[2025-06-12T01:06:07.925+0000][406.210s][7367][7459][info ] Entering safepoint region: Cleanup
[2025-06-12T01:06:07.925+0000][406.210s][7367][7459][info ] Leaving safepoint region
[2025-06-12T01:06:07.925+0000][406.210s][7367][7459][info ] Total time for which application threads were stopped: 0.0001577 seconds, Stopping threads took: 0.0000259 seconds
[2025-06-12T01:06:09.926+0000][408.210s][7367][7459][info ] Application time: 2.0001810 seconds
[2025-06-12T01:06:09.926+0000][408.211s][7367][7459][info ] Entering safepoint region: Cleanup
[2025-06-12T01:06:09.926+0000][408.211s][7367][7459][info ] Leaving safepoint region
[2025-06-12T01:06:09.926+0000][408.211s][7367][7459][info ] Total time for which application threads were stopped: 0.0001929 seconds, Stopping threads took: 0.0000345 seconds
[2025-06-12T01:06:10.926+0000][409.211s][7367][7459][info ] Application time: 1.0000886 seconds
[2025-06-12T01:06:10.926+0000][409.211s][7367][7459][info ] Entering safepoint region: Cleanup
[2025-06-12T01:06:10.926+0000][409.211s][7367][7459][info ] Leaving safepoint region
[2025-06-12T01:06:10.926+0000][409.211s][7367][7459][info ] Total time for which application threads were stopped: 0.0001310 seconds, Stopping threads took: 0.0000250 seconds
[2025-06-12T01:06:15.923+0000][414.208s][7367][7458][trace] CMS: promo attempt is safe: available(6912212992) >= av_promo(0), max_promo(663299064)
[2025-06-12T01:06:17.927+0000][416.212s][7367][7459][info ] Application time: 7.0006127 seconds
[2025-06-12T01:06:17.927+0000][416.212s][7367][7459][info ] Entering safepoint region: Cleanup
[2025-06-12T01:06:17.927+0000][416.212s][7367][7459][info ] Leaving safepoint region
[2025-06-12T01:06:17.927+0000][416.212s][7367][7459][info ] Total time for which application threads were stopped: 0.0002350 seconds, Stopping threads took: 0.0000340 seconds
[2025-06-12T01:06:25.923+0000][424.208s][7367][7458][trace] CMS: promo attempt is safe: available(6912212992) >= av_promo(0), max_promo(663299064)
[2025-06-12T01:06:35.922+0000][434.207s][7367][7458][trace] CMS: promo attempt is safe: available(6912212992) >= av_promo(0), max_promo(665216488)
[2025-06-12T01:06:44.930+0000][443.214s][7367][7459][info ] Application time: 27.0024683 seconds
[2025-06-12T01:06:44.930+0000][443.215s][7367][7459][info ] Entering safepoint region: Cleanup
[2025-06-12T01:06:44.930+0000][443.215s][7367][7459][info ] Leaving safepoint region
[2025-06-12T01:06:44.930+0000][443.215s][7367][7459][info ] Total time for which application threads were stopped: 0.0002737 seconds, Stopping threads took: 0.0000442 seconds
[2025-06-12T01:06:45.922+0000][444.207s][7367][7458][trace] CMS: promo attempt is safe: available(6912212992) >= av_promo(0), max_promo(665216488)
[2025-06-12T01:06:46.930+0000][445.215s][7367][7459][info ] Application time: 2.0002081 seconds
[2025-06-12T01:06:46.930+0000][445.215s][7367][7459][info ] Entering safepoint region: Cleanup
[2025-06-12T01:06:46.930+0000][445.215s][7367][7459][info ] Leaving safepoint region
[2025-06-12T01:06:46.930+0000][445.215s][7367][7459][info ] Total time for which application threads were stopped: 0.0001639 seconds, Stopping threads took: 0.0000378 seconds
[2025-06-12T01:06:47.930+0000][446.215s][7367][7459][info ] Application time: 1.0001059 seconds
[2025-06-12T01:06:47.931+0000][446.216s][7367][7459][info ] Entering safepoint region: Cleanup
[2025-06-12T01:06:47.931+0000][446.216s][7367][7459][info ] Leaving safepoint region
[2025-06-12T01:06:47.931+0000][446.216s][7367][7459][info ] Total time for which application threads were stopped: 0.0001615 seconds, Stopping threads took: 0.0000374 seconds
[2025-06-12T01:06:50.931+0000][449.216s][7367][7459][info ] Application time: 3.0002364 seconds
[2025-06-12T01:06:50.931+0000][449.216s][7367][7459][info ] Entering safepoint region: Cleanup
[2025-06-12T01:06:50.931+0000][449.216s][7367][7459][info ] Leaving safepoint region
[2025-06-12T01:06:50.931+0000][449.216s][7367][7459][info ] Total time for which application threads were stopped: 0.0001602 seconds, Stopping threads took: 0.0000336 seconds
[2025-06-12T01:06:55.921+0000][454.206s][7367][7458][trace] CMS: promo attempt is safe: available(6912212992) >= av_promo(0), max_promo(665216488)
[2025-06-12T01:06:55.932+0000][454.217s][7367][7459][info ] Application time: 5.0004271 seconds
[2025-06-12T01:06:55.932+0000][454.217s][7367][7459][info ] Entering safepoint region: Cleanup
[2025-06-12T01:06:55.932+0000][454.217s][7367][7459][info ] Leaving safepoint region
[2025-06-12T01:06:55.932+0000][454.217s][7367][7459][info ] Total time for which application threads were stopped: 0.0001585 seconds, Stopping threads took: 0.0000338 seconds
[2025-06-12T01:07:05.921+0000][464.206s][7367][7458][trace] CMS: promo attempt is safe: available(6912212992) >= av_promo(0), max_promo(665216488)
[2025-06-12T01:07:15.920+0000][474.205s][7367][7458][trace] CMS: promo attempt is safe: available(6912212992) >= av_promo(0), max_promo(665216488)
[2025-06-12T01:07:15.936+0000][474.221s][7367][7459][info ] Application time: 20.0041664 seconds
[2025-06-12T01:07:15.936+0000][474.221s][7367][7459][info ] Entering safepoint region: Cleanup
[2025-06-12T01:07:15.936+0000][474.221s][7367][7459][info ] Leaving safepoint region
[2025-06-12T01:07:15.936+0000][474.221s][7367][7459][info ] Total time for which application threads were stopped: 0.0001753 seconds, Stopping threads took: 0.0000506 seconds
[2025-06-12T01:07:17.936+0000][476.221s][7367][7459][info ] Application time: 2.0001602 seconds
[2025-06-12T01:07:17.937+0000][476.222s][7367][7459][info ] Entering safepoint region: Cleanup
[2025-06-12T01:07:17.937+0000][476.222s][7367][7459][info ] Leaving safepoint region
[2025-06-12T01:07:17.937+0000][476.222s][7367][7459][info ] Total time for which application threads were stopped: 0.0001770 seconds, Stopping threads took: 0.0000317 seconds
[2025-06-12T01:07:20.937+0000][479.222s][7367][7459][info ] Application time: 3.0002586 seconds
[2025-06-12T01:07:20.937+0000][479.222s][7367][7459][info ] Entering safepoint region: Cleanup
[2025-06-12T01:07:20.937+0000][479.222s][7367][7459][info ] Leaving safepoint region
[2025-06-12T01:07:20.937+0000][479.222s][7367][7459][info ] Total time for which application threads were stopped: 0.0001363 seconds, Stopping threads took: 0.0000266 seconds
[2025-06-12T01:07:25.919+0000][484.204s][7367][7458][trace] CMS: promo attempt is safe: available(6912212992) >= av_promo(0), max_promo(665216488)
[2025-06-12T01:07:34.938+0000][493.223s][7367][7459][info ] Application time: 14.0011424 seconds
[2025-06-12T01:07:34.938+0000][493.223s][7367][7459][info ] Entering safepoint region: Cleanup
[2025-06-12T01:07:34.939+0000][493.224s][7367][7459][info ] Leaving safepoint region
[2025-06-12T01:07:34.939+0000][493.224s][7367][7459][info ] Total time for which application threads were stopped: 0.0003324 seconds, Stopping threads took: 0.0000356 seconds
[2025-06-12T01:07:35.919+0000][494.204s][7367][7458][trace] CMS: promo attempt is safe: available(6912212992) >= av_promo(0), max_promo(689994272)
[2025-06-12T01:07:35.939+0000][494.224s][7367][7459][info ] Application time: 1.0001011 seconds
[2025-06-12T01:07:35.939+0000][494.224s][7367][7459][info ] Entering safepoint region: Cleanup
[2025-06-12T01:07:35.939+0000][494.224s][7367][7459][info ] Leaving safepoint region
[2025-06-12T01:07:35.939+0000][494.224s][7367][7459][info ] Total time for which application threads were stopped: 0.0001789 seconds, Stopping threads took: 0.0000336 seconds
[2025-06-12T01:07:45.918+0000][504.203s][7367][7458][trace] CMS: promo attempt is safe: available(6912212992) >= av_promo(0), max_promo(689994272)
[2025-06-12T01:07:55.917+0000][514.202s][7367][7458][trace] CMS: promo attempt is safe: available(6912212992) >= av_promo(0), max_promo(689994272)
[2025-06-12T01:07:57.941+0000][516.226s][7367][7459][info ] Application time: 22.0017460 seconds
[2025-06-12T01:07:57.941+0000][516.226s][7367][7459][info ] Entering safepoint region: Cleanup
[2025-06-12T01:07:57.941+0000][516.226s][7367][7459][info ] Leaving safepoint region
[2025-06-12T01:07:57.941+0000][516.226s][7367][7459][info ] Total time for which application threads were stopped: 0.0001258 seconds, Stopping threads took: 0.0000240 seconds
[2025-06-12T01:08:05.917+0000][524.202s][7367][7458][trace] CMS: promo attempt is safe: available(6912212992) >= av_promo(0), max_promo(692960288)
[2025-06-12T01:08:10.942+0000][529.227s][7367][7459][info ] Application time: 13.0010328 seconds
[2025-06-12T01:08:10.942+0000][529.227s][7367][7459][info ] Entering safepoint region: Cleanup
[2025-06-12T01:08:10.942+0000][529.227s][7367][7459][info ] Leaving safepoint region
[2025-06-12T01:08:10.942+0000][529.227s][7367][7459][info ] Total time for which application threads were stopped: 0.0001916 seconds, Stopping threads took: 0.0000341 seconds
[2025-06-12T01:08:15.917+0000][534.201s][7367][7458][trace] CMS: promo attempt is safe: available(6912212992) >= av_promo(0), max_promo(692960288)
[2025-06-12T01:08:17.943+0000][536.228s][7367][7459][info ] Application time: 7.0005317 seconds
[2025-06-12T01:08:17.943+0000][536.228s][7367][7459][info ] Entering safepoint region: Cleanup
[2025-06-12T01:08:17.944+0000][536.229s][7367][7459][info ] Leaving safepoint region
[2025-06-12T01:08:17.944+0000][536.229s][7367][7459][info ] Total time for which application threads were stopped: 0.0006794 seconds, Stopping threads took: 0.0005337 seconds
[2025-06-12T01:08:24.944+0000][543.229s][7367][7459][info ] Application time: 7.0005469 seconds
[2025-06-12T01:08:24.944+0000][543.229s][7367][7459][info ] Entering safepoint region: Cleanup
[2025-06-12T01:08:24.944+0000][543.229s][7367][7459][info ] Leaving safepoint region
[2025-06-12T01:08:24.945+0000][543.229s][7367][7459][info ] Total time for which application threads were stopped: 0.0001728 seconds, Stopping threads took: 0.0000350 seconds
[2025-06-12T01:08:25.916+0000][544.201s][7367][7458][trace] CMS: promo attempt is safe: available(6912212992) >= av_promo(0), max_promo(692960288)
[2025-06-12T01:08:29.945+0000][548.230s][7367][7459][info ] Application time: 5.0004309 seconds
[2025-06-12T01:08:29.945+0000][548.230s][7367][7459][info ] Entering safepoint region: Cleanup
[2025-06-12T01:08:29.945+0000][548.230s][7367][7459][info ] Leaving safepoint region
[2025-06-12T01:08:29.945+0000][548.230s][7367][7459][info ] Total time for which application threads were stopped: 0.0001544 seconds, Stopping threads took: 0.0000350 seconds
[2025-06-12T01:08:35.915+0000][554.200s][7367][7458][trace] CMS: promo attempt is safe: available(6912212992) >= av_promo(0), max_promo(692960288)
[2025-06-12T01:08:45.914+0000][564.199s][7367][7458][trace] CMS: promo attempt is safe: available(6912212992) >= av_promo(0), max_promo(692960288)
[2025-06-12T01:08:52.947+0000][571.232s][7367][7459][info ] Application time: 23.0018104 seconds
[2025-06-12T01:08:52.947+0000][571.232s][7367][7459][info ] Entering safepoint region: Cleanup
[2025-06-12T01:08:52.947+0000][571.232s][7367][7459][info ] Leaving safepoint region
[2025-06-12T01:08:52.947+0000][571.232s][7367][7459][info ] Total time for which application threads were stopped: 0.0001677 seconds, Stopping threads took: 0.0000339 seconds
[2025-06-12T01:08:55.914+0000][574.199s][7367][7458][trace] CMS: promo attempt is safe: available(6912212992) >= av_promo(0), max_promo(692960288)
[2025-06-12T01:08:55.947+0000][574.232s][7367][7459][info ] Application time: 3.0002359 seconds
[2025-06-12T01:08:55.948+0000][574.233s][7367][7459][info ] Entering safepoint region: Cleanup
[2025-06-12T01:08:55.948+0000][574.233s][7367][7459][info ] Leaving safepoint region
[2025-06-12T01:08:55.948+0000][574.233s][7367][7459][info ] Total time for which application threads were stopped: 0.0001226 seconds, Stopping threads took: 0.0000251 seconds
[2025-06-12T01:09:05.914+0000][584.199s][7367][7458][trace] CMS: promo attempt is safe: available(6912212992) >= av_promo(0), max_promo(692960288)
[2025-06-12T01:09:07.949+0000][586.234s][7367][7459][info ] Application time: 12.0009333 seconds
[2025-06-12T01:09:07.949+0000][586.234s][7367][7459][info ] Entering safepoint region: Cleanup
[2025-06-12T01:09:07.949+0000][586.234s][7367][7459][info ] Leaving safepoint region
[2025-06-12T01:09:07.949+0000][586.234s][7367][7459][info ] Total time for which application threads were stopped: 0.0001697 seconds, Stopping threads took: 0.0000334 seconds
[2025-06-12T01:09:14.949+0000][593.234s][7367][7459][info ] Application time: 7.0005371 seconds
[2025-06-12T01:09:14.949+0000][593.234s][7367][7459][info ] Entering safepoint region: Cleanup
[2025-06-12T01:09:14.950+0000][593.235s][7367][7459][info ] Leaving safepoint region
[2025-06-12T01:09:14.950+0000][593.235s][7367][7459][info ] Total time for which application threads were stopped: 0.0001237 seconds, Stopping threads took: 0.0000257 seconds
[2025-06-12T01:09:15.914+0000][594.199s][7367][7458][trace] CMS: promo attempt is safe: available(6912212992) >= av_promo(0), max_promo(692960288)
[2025-06-12T01:09:17.950+0000][596.235s][7367][7459][info ] Application time: 3.0002329 seconds
[2025-06-12T01:09:17.950+0000][596.235s][7367][7459][info ] Entering safepoint region: Cleanup
[2025-06-12T01:09:17.950+0000][596.235s][7367][7459][info ] Leaving safepoint region
[2025-06-12T01:09:17.950+0000][596.235s][7367][7459][info ] Total time for which application threads were stopped: 0.0001273 seconds, Stopping threads took: 0.0000300 seconds
[2025-06-12T01:09:25.913+0000][604.198s][7367][7458][trace] CMS: promo attempt is safe: available(6912212992) >= av_promo(0), max_promo(692960288)
[2025-06-12T01:09:34.952+0000][613.237s][7367][7459][info ] Application time: 17.0017622 seconds
[2025-06-12T01:09:34.952+0000][613.237s][7367][7459][info ] Entering safepoint region: Cleanup
[2025-06-12T01:09:34.952+0000][613.237s][7367][7459][info ] Leaving safepoint region
[2025-06-12T01:09:34.952+0000][613.237s][7367][7459][info ] Total time for which application threads were stopped: 0.0001221 seconds, Stopping threads took: 0.0000246 seconds
[2025-06-12T01:09:35.913+0000][614.198s][7367][7458][trace] CMS: promo attempt is safe: available(6912212992) >= av_promo(0), max_promo(692960288)
[2025-06-12T01:09:35.952+0000][614.237s][7367][7459][info ] Application time: 1.0000917 seconds
[2025-06-12T01:09:35.952+0000][614.237s][7367][7459][info ] Entering safepoint region: Cleanup
[2025-06-12T01:09:35.952+0000][614.237s][7367][7459][info ] Leaving safepoint region
[2025-06-12T01:09:35.952+0000][614.237s][7367][7459][info ] Total time for which application threads were stopped: 0.0001387 seconds, Stopping threads took: 0.0000251 seconds
[2025-06-12T01:09:45.912+0000][624.197s][7367][7458][trace] CMS: promo attempt is safe: available(6912212992) >= av_promo(0), max_promo(692960288)
[2025-06-12T01:09:55.912+0000][634.197s][7367][7458][trace] CMS: promo attempt is safe: available(6912212992) >= av_promo(0), max_promo(692960288)
[2025-06-12T01:09:55.954+0000][634.239s][7367][7459][info ] Application time: 20.0014928 seconds
[2025-06-12T01:09:55.954+0000][634.239s][7367][7459][info ] Entering safepoint region: Cleanup
[2025-06-12T01:09:55.954+0000][634.239s][7367][7459][info ] Leaving safepoint region
[2025-06-12T01:09:55.954+0000][634.239s][7367][7459][info ] Total time for which application threads were stopped: 0.0001365 seconds, Stopping threads took: 0.0000250 seconds
[2025-06-12T01:10:05.911+0000][644.196s][7367][7458][trace] CMS: promo attempt is safe: available(6912212992) >= av_promo(0), max_promo(692960288)
[2025-06-12T01:10:13.956+0000][652.241s][7367][7459][info ] Application time: 18.0021777 seconds
[2025-06-12T01:10:13.956+0000][652.241s][7367][7459][info ] Entering safepoint region: Cleanup
[2025-06-12T01:10:13.957+0000][652.242s][7367][7459][info ] Leaving safepoint region
[2025-06-12T01:10:13.957+0000][652.242s][7367][7459][info ] Total time for which application threads were stopped: 0.0009337 seconds, Stopping threads took: 0.0007938 seconds
[2025-06-12T01:10:14.957+0000][653.242s][7367][7459][info ] Application time: 1.0001178 seconds
[2025-06-12T01:10:14.957+0000][653.242s][7367][7459][info ] Entering safepoint region: Cleanup
[2025-06-12T01:10:14.958+0000][653.242s][7367][7459][info ] Leaving safepoint region
[2025-06-12T01:10:14.958+0000][653.243s][7367][7459][info ] Total time for which application threads were stopped: 0.0001690 seconds, Stopping threads took: 0.0000324 seconds
[2025-06-12T01:10:15.911+0000][654.196s][7367][7458][trace] CMS: promo attempt is safe: available(6912212992) >= av_promo(0), max_promo(692960288)
[2025-06-12T01:10:17.958+0000][656.243s][7367][7459][info ] Application time: 3.0002254 seconds
[2025-06-12T01:10:17.958+0000][656.243s][7367][7459][info ] Entering safepoint region: Cleanup
[2025-06-12T01:10:17.958+0000][656.243s][7367][7459][info ] Leaving safepoint region
[2025-06-12T01:10:17.958+0000][656.243s][7367][7459][info ] Total time for which application threads were stopped: 0.0001342 seconds, Stopping threads took: 0.0000238 seconds
[2025-06-12T01:10:25.910+0000][664.195s][7367][7458][trace] CMS: promo attempt is safe: available(6912212992) >= av_promo(0), max_promo(692960288)
[2025-06-12T01:10:31.959+0000][670.244s][7367][7459][info ] Application time: 14.0010063 seconds
[2025-06-12T01:10:31.959+0000][670.244s][7367][7459][info ] Entering safepoint region: Cleanup
[2025-06-12T01:10:31.959+0000][670.244s][7367][7459][info ] Leaving safepoint region
[2025-06-12T01:10:31.959+0000][670.244s][7367][7459][info ] Total time for which application threads were stopped: 0.0001335 seconds, Stopping threads took: 0.0000254 seconds
[2025-06-12T01:10:35.909+0000][674.194s][7367][7458][trace] CMS: promo attempt is safe: available(6912212992) >= av_promo(0), max_promo(692960288)
[2025-06-12T01:10:45.908+0000][684.193s][7367][7458][trace] CMS: promo attempt is safe: available(6912212992) >= av_promo(0), max_promo(692960288)
[2025-06-12T01:10:55.908+0000][694.193s][7367][7458][trace] CMS: promo attempt is safe: available(6912212992) >= av_promo(0), max_promo(692960288)
[2025-06-12T01:11:02.847+0000][701.132s][7367][7459][info ] Application time: 30.8880454 seconds
[2025-06-12T01:11:02.847+0000][701.132s][7367][7459][info ] Entering safepoint region: Deoptimize
[2025-06-12T01:11:02.848+0000][701.133s][7367][7459][info ] Leaving safepoint region
[2025-06-12T01:11:02.848+0000][701.133s][7367][7459][info ] Total time for which application threads were stopped: 0.0009350 seconds, Stopping threads took: 0.0000217 seconds
[2025-06-12T01:11:03.848+0000][702.133s][7367][7459][info ] Application time: 1.0001219 seconds
[2025-06-12T01:11:03.848+0000][702.133s][7367][7459][info ] Entering safepoint region: Cleanup
[2025-06-12T01:11:03.849+0000][702.134s][7367][7459][info ] Leaving safepoint region
[2025-06-12T01:11:03.849+0000][702.134s][7367][7459][info ] Total time for which application threads were stopped: 0.0001843 seconds, Stopping threads took: 0.0000364 seconds
[2025-06-12T01:11:05.907+0000][704.192s][7367][7458][trace] CMS: promo attempt is safe: available(6912212992) >= av_promo(0), max_promo(694877776)
[2025-06-12T01:11:15.906+0000][714.191s][7367][7458][trace] CMS: promo attempt is safe: available(6912212992) >= av_promo(0), max_promo(694877776)
[2025-06-12T01:11:25.905+0000][724.190s][7367][7458][trace] CMS: promo attempt is safe: available(6912212992) >= av_promo(0), max_promo(694877776)
[2025-06-12T01:11:32.851+0000][731.136s][7367][7459][info ] Application time: 29.0021596 seconds
[2025-06-12T01:11:32.851+0000][731.136s][7367][7459][info ] Entering safepoint region: Cleanup
[2025-06-12T01:11:32.851+0000][731.136s][7367][7459][info ] Leaving safepoint region
[2025-06-12T01:11:32.851+0000][731.136s][7367][7459][info ] Total time for which application threads were stopped: 0.0001958 seconds, Stopping threads took: 0.0000722 seconds
[2025-06-12T01:11:35.904+0000][734.189s][7367][7458][trace] CMS: promo attempt is safe: available(6912212992) >= av_promo(0), max_promo(694877776)
[2025-06-12T01:11:42.852+0000][741.137s][7367][7459][info ] Application time: 10.0008889 seconds
[2025-06-12T01:11:42.852+0000][741.137s][7367][7459][info ] Entering safepoint region: Cleanup
[2025-06-12T01:11:42.852+0000][741.137s][7367][7459][info ] Leaving safepoint region
[2025-06-12T01:11:42.852+0000][741.137s][7367][7459][info ] Total time for which application threads were stopped: 0.0001284 seconds, Stopping threads took: 0.0000242 seconds
[2025-06-12T01:11:44.852+0000][743.137s][7367][7459][info ] Application time: 2.0001598 seconds
[2025-06-12T01:11:44.852+0000][743.137s][7367][7459][info ] Entering safepoint region: Cleanup
[2025-06-12T01:11:44.853+0000][743.137s][7367][7459][info ] Leaving safepoint region
[2025-06-12T01:11:44.853+0000][743.138s][7367][7459][info ] Total time for which application threads were stopped: 0.0001576 seconds, Stopping threads took: 0.0000240 seconds
[2025-06-12T01:11:45.904+0000][744.189s][7367][7458][trace] CMS: promo attempt is safe: available(6912212992) >= av_promo(0), max_promo(694877776)
[2025-06-12T01:11:47.853+0000][746.138s][7367][7459][info ] Application time: 3.0002389 seconds
[2025-06-12T01:11:47.853+0000][746.138s][7367][7459][info ] Entering safepoint region: Cleanup
[2025-06-12T01:11:47.853+0000][746.138s][7367][7459][info ] Leaving safepoint region
[2025-06-12T01:11:47.853+0000][746.138s][7367][7459][info ] Total time for which application threads were stopped: 0.0001333 seconds, Stopping threads took: 0.0000238 seconds
[2025-06-12T01:11:52.853+0000][751.138s][7367][7459][info ] Application time: 5.0004108 seconds
[2025-06-12T01:11:52.853+0000][751.138s][7367][7459][info ] Entering safepoint region: Cleanup
[2025-06-12T01:11:52.854+0000][751.139s][7367][7459][info ] Leaving safepoint region
[2025-06-12T01:11:52.854+0000][751.139s][7367][7459][info ] Total time for which application threads were stopped: 0.0001277 seconds, Stopping threads took: 0.0000242 seconds
[2025-06-12T01:11:55.904+0000][754.189s][7367][7458][trace] CMS: promo attempt is safe: available(6912212992) >= av_promo(0), max_promo(694877776)
[2025-06-12T01:12:05.903+0000][764.188s][7367][7458][trace] CMS: promo attempt is safe: available(6912212992) >= av_promo(0), max_promo(694877776)
[2025-06-12T01:12:10.855+0000][769.140s][7367][7459][info ] Application time: 18.0013504 seconds
[2025-06-12T01:12:10.855+0000][769.140s][7367][7459][info ] Entering safepoint region: Cleanup
[2025-06-12T01:12:10.855+0000][769.140s][7367][7459][info ] Leaving safepoint region
[2025-06-12T01:12:10.855+0000][769.140s][7367][7459][info ] Total time for which application threads were stopped: 0.0001248 seconds, Stopping threads took: 0.0000260 seconds
[2025-06-12T01:12:14.856+0000][773.140s][7367][7459][info ] Application time: 4.0003603 seconds
[2025-06-12T01:12:14.856+0000][773.141s][7367][7459][info ] Entering safepoint region: Cleanup
[2025-06-12T01:12:14.856+0000][773.141s][7367][7459][info ] Leaving safepoint region
[2025-06-12T01:12:14.856+0000][773.141s][7367][7459][info ] Total time for which application threads were stopped: 0.0001641 seconds, Stopping threads took: 0.0000347 seconds
[2025-06-12T01:12:15.903+0000][774.188s][7367][7458][trace] CMS: promo attempt is safe: available(6912212992) >= av_promo(0), max_promo(694877776)
[2025-06-12T01:12:17.856+0000][776.141s][7367][7459][info ] Application time: 3.0002275 seconds
[2025-06-12T01:12:17.856+0000][776.141s][7367][7459][info ] Entering safepoint region: Cleanup
[2025-06-12T01:12:17.856+0000][776.141s][7367][7459][info ] Leaving safepoint region
[2025-06-12T01:12:17.856+0000][776.141s][7367][7459][info ] Total time for which application threads were stopped: 0.0001499 seconds, Stopping threads took: 0.0000246 seconds
[2025-06-12T01:12:25.902+0000][784.187s][7367][7458][trace] CMS: promo attempt is safe: available(6912212992) >= av_promo(0), max_promo(694877776)
[2025-06-12T01:12:35.902+0000][794.186s][7367][7458][trace] CMS: promo attempt is safe: available(6912212992) >= av_promo(0), max_promo(694877776)
[2025-06-12T01:12:45.901+0000][804.186s][7367][7458][trace] CMS: promo attempt is safe: available(6912212992) >= av_promo(0), max_promo(694877776)
[2025-06-12T01:12:54.859+0000][813.144s][7367][7459][info ] Application time: 37.0029982 seconds
[2025-06-12T01:12:54.859+0000][813.144s][7367][7459][info ] Entering safepoint region: Cleanup
[2025-06-12T01:12:54.859+0000][813.144s][7367][7459][info ] Leaving safepoint region
[2025-06-12T01:12:54.860+0000][813.144s][7367][7459][info ] Total time for which application threads were stopped: 0.0001895 seconds, Stopping threads took: 0.0000375 seconds
[2025-06-12T01:12:55.901+0000][814.186s][7367][7458][trace] CMS: promo attempt is safe: available(6912212992) >= av_promo(0), max_promo(694877776)
[2025-06-12T01:13:05.900+0000][824.185s][7367][7458][trace] CMS: promo attempt is safe: available(6912212992) >= av_promo(0), max_promo(694877776)
[2025-06-12T01:13:15.861+0000][834.146s][7367][7459][info ] Application time: 21.0016620 seconds
[2025-06-12T01:13:15.861+0000][834.146s][7367][7459][info ] Entering safepoint region: Cleanup
[2025-06-12T01:13:15.861+0000][834.146s][7367][7459][info ] Leaving safepoint region
[2025-06-12T01:13:15.861+0000][834.146s][7367][7459][info ] Total time for which application threads were stopped: 0.0002076 seconds, Stopping threads took: 0.0000251 seconds
[2025-06-12T01:13:15.900+0000][834.185s][7367][7458][trace] CMS: promo attempt is safe: available(6912212992) >= av_promo(0), max_promo(698712608)
[2025-06-12T01:13:17.862+0000][836.147s][7367][7459][info ] Application time: 2.0001669 seconds
[2025-06-12T01:13:17.862+0000][836.147s][7367][7459][info ] Entering safepoint region: Cleanup
[2025-06-12T01:13:17.862+0000][836.147s][7367][7459][info ] Leaving safepoint region
[2025-06-12T01:13:17.862+0000][836.147s][7367][7459][info ] Total time for which application threads were stopped: 0.0001336 seconds, Stopping threads took: 0.0000244 seconds
[2025-06-12T01:13:25.899+0000][844.184s][7367][7458][trace] CMS: promo attempt is safe: available(6912212992) >= av_promo(0), max_promo(698712608)
[2025-06-12T01:13:26.863+0000][845.147s][7367][7459][info ] Application time: 9.0006752 seconds
[2025-06-12T01:13:26.863+0000][845.148s][7367][7459][info ] Entering safepoint region: Cleanup
[2025-06-12T01:13:26.863+0000][845.148s][7367][7459][info ] Leaving safepoint region
[2025-06-12T01:13:26.863+0000][845.148s][7367][7459][info ] Total time for which application threads were stopped: 0.0001430 seconds, Stopping threads took: 0.0000276 seconds
[2025-06-12T01:13:28.863+0000][847.148s][7367][7459][info ] Application time: 2.0001881 seconds
[2025-06-12T01:13:28.863+0000][847.148s][7367][7459][info ] Entering safepoint region: Cleanup
[2025-06-12T01:13:28.863+0000][847.148s][7367][7459][info ] Leaving safepoint region
[2025-06-12T01:13:28.863+0000][847.148s][7367][7459][info ] Total time for which application threads were stopped: 0.0001413 seconds, Stopping threads took: 0.0000235 seconds
[2025-06-12T01:13:35.898+0000][854.183s][7367][7458][trace] CMS: promo attempt is safe: available(6912212992) >= av_promo(0), max_promo(712135416)
[2025-06-12T01:13:41.864+0000][860.149s][7367][7459][info ] Application time: 13.0010876 seconds
[2025-06-12T01:13:41.864+0000][860.149s][7367][7459][info ] Entering safepoint region: Cleanup
[2025-06-12T01:13:41.864+0000][860.149s][7367][7459][info ] Leaving safepoint region
[2025-06-12T01:13:41.864+0000][860.149s][7367][7459][info ] Total time for which application threads were stopped: 0.0001301 seconds, Stopping threads took: 0.0000257 seconds
[2025-06-12T01:13:45.898+0000][864.183s][7367][7458][trace] CMS: promo attempt is safe: available(6912212992) >= av_promo(0), max_promo(712135416)
[2025-06-12T01:13:55.897+0000][874.182s][7367][7458][trace] CMS: promo attempt is safe: available(6912212992) >= av_promo(0), max_promo(712135416)
[2025-06-12T01:14:05.896+0000][884.181s][7367][7458][trace] CMS: promo attempt is safe: available(6912212992) >= av_promo(0), max_promo(712135416)
[2025-06-12T01:14:15.867+0000][894.152s][7367][7459][info ] Application time: 34.0025586 seconds
[2025-06-12T01:14:15.867+0000][894.152s][7367][7459][info ] Entering safepoint region: Cleanup
[2025-06-12T01:14:15.867+0000][894.152s][7367][7459][info ] Leaving safepoint region
[2025-06-12T01:14:15.867+0000][894.152s][7367][7459][info ] Total time for which application threads were stopped: 0.0001186 seconds, Stopping threads took: 0.0000248 seconds
[2025-06-12T01:14:15.895+0000][894.180s][7367][7458][trace] CMS: promo attempt is safe: available(6912212992) >= av_promo(0), max_promo(714052832)
[2025-06-12T01:14:25.894+0000][904.179s][7367][7458][trace] CMS: promo attempt is safe: available(6912212992) >= av_promo(0), max_promo(727474632)
[2025-06-12T01:14:35.894+0000][914.179s][7367][7458][trace] CMS: promo attempt is safe: available(6912212992) >= av_promo(0), max_promo(727474632)
[2025-06-12T01:14:36.869+0000][915.154s][7367][7459][info ] Application time: 21.0016378 seconds
[2025-06-12T01:14:36.869+0000][915.154s][7367][7459][info ] Entering safepoint region: Cleanup
[2025-06-12T01:14:36.869+0000][915.154s][7367][7459][info ] Leaving safepoint region
[2025-06-12T01:14:36.869+0000][915.154s][7367][7459][info ] Total time for which application threads were stopped: 0.0001298 seconds, Stopping threads took: 0.0000261 seconds
[2025-06-12T01:14:45.870+0000][924.155s][7367][7459][info ] Application time: 9.0007078 seconds
[2025-06-12T01:14:45.870+0000][924.155s][7367][7459][info ] Entering safepoint region: Cleanup
[2025-06-12T01:14:45.870+0000][924.155s][7367][7459][info ] Leaving safepoint region
[2025-06-12T01:14:45.870+0000][924.155s][7367][7459][info ] Total time for which application threads were stopped: 0.0001229 seconds, Stopping threads took: 0.0000233 seconds
[2025-06-12T01:14:45.893+0000][924.178s][7367][7458][trace] CMS: promo attempt is safe: available(6912212992) >= av_promo(0), max_promo(727474632)
[2025-06-12T01:14:55.892+0000][934.177s][7367][7458][trace] CMS: promo attempt is safe: available(6912212992) >= av_promo(0), max_promo(727474632)
[2025-06-12T01:15:05.891+0000][944.176s][7367][7458][trace] CMS: promo attempt is safe: available(6912212992) >= av_promo(0), max_promo(727474632)
[2025-06-12T01:15:06.872+0000][945.157s][7367][7459][info ] Application time: 21.0016074 seconds
[2025-06-12T01:15:06.872+0000][945.157s][7367][7459][info ] Entering safepoint region: Cleanup
[2025-06-12T01:15:06.872+0000][945.157s][7367][7459][info ] Leaving safepoint region
[2025-06-12T01:15:06.872+0000][945.157s][7367][7459][info ] Total time for which application threads were stopped: 0.0001740 seconds, Stopping threads took: 0.0000357 seconds
[2025-06-12T01:15:11.872+0000][950.157s][7367][7459][info ] Application time: 5.0003757 seconds
[2025-06-12T01:15:11.872+0000][950.157s][7367][7459][info ] Entering safepoint region: Cleanup
[2025-06-12T01:15:11.872+0000][950.157s][7367][7459][info ] Leaving safepoint region
[2025-06-12T01:15:11.872+0000][950.157s][7367][7459][info ] Total time for which application threads were stopped: 0.0001597 seconds, Stopping threads took: 0.0000332 seconds
[2025-06-12T01:15:12.872+0000][951.157s][7367][7459][info ] Application time: 1.0000544 seconds
[2025-06-12T01:15:12.873+0000][951.157s][7367][7459][info ] Entering safepoint region: Cleanup
[2025-06-12T01:15:12.873+0000][951.158s][7367][7459][info ] Leaving safepoint region
[2025-06-12T01:15:12.873+0000][951.158s][7367][7459][info ] Total time for which application threads were stopped: 0.0001471 seconds, Stopping threads took: 0.0000247 seconds
[2025-06-12T01:15:14.873+0000][953.158s][7367][7459][info ] Application time: 2.0001612 seconds
[2025-06-12T01:15:14.873+0000][953.158s][7367][7459][info ] Entering safepoint region: Cleanup
[2025-06-12T01:15:14.873+0000][953.158s][7367][7459][info ] Leaving safepoint region
[2025-06-12T01:15:14.873+0000][953.158s][7367][7459][info ] Total time for which application threads were stopped: 0.0001652 seconds, Stopping threads took: 0.0000266 seconds
[2025-06-12T01:15:15.873+0000][954.158s][7367][7459][info ] Application time: 1.0000886 seconds
[2025-06-12T01:15:15.873+0000][954.158s][7367][7459][info ] Entering safepoint region: Cleanup
[2025-06-12T01:15:15.873+0000][954.158s][7367][7459][info ] Leaving safepoint region
[2025-06-12T01:15:15.873+0000][954.158s][7367][7459][info ] Total time for which application threads were stopped: 0.0001267 seconds, Stopping threads took: 0.0000235 seconds
[2025-06-12T01:15:15.891+0000][954.175s][7367][7458][trace] CMS: promo attempt is safe: available(6912212992) >= av_promo(0), max_promo(727474632)
[2025-06-12T01:15:16.873+0000][955.158s][7367][7459][info ] Application time: 1.0000885 seconds
[2025-06-12T01:15:16.874+0000][955.158s][7367][7459][info ] Entering safepoint region: Cleanup
[2025-06-12T01:15:16.874+0000][955.159s][7367][7459][info ] Leaving safepoint region
[2025-06-12T01:15:16.874+0000][955.159s][7367][7459][info ] Total time for which application threads were stopped: 0.0001339 seconds, Stopping threads took: 0.0000250 seconds
[2025-06-12T01:15:25.890+0000][964.175s][7367][7458][trace] CMS: promo attempt is safe: available(6912212992) >= av_promo(0), max_promo(727474632)
[2025-06-12T01:15:33.875+0000][972.160s][7367][7459][info ] Application time: 17.0012764 seconds
[2025-06-12T01:15:33.875+0000][972.160s][7367][7459][info ] Entering safepoint region: Cleanup
[2025-06-12T01:15:33.875+0000][972.160s][7367][7459][info ] Leaving safepoint region
[2025-06-12T01:15:33.875+0000][972.160s][7367][7459][info ] Total time for which application threads were stopped: 0.0001768 seconds, Stopping threads took: 0.0000332 seconds
[2025-06-12T01:15:35.889+0000][974.174s][7367][7458][trace] CMS: promo attempt is safe: available(6912212992) >= av_promo(0), max_promo(727474632)
[2025-06-12T01:15:45.888+0000][984.173s][7367][7458][trace] CMS: promo attempt is safe: available(6912212992) >= av_promo(0), max_promo(727474632)
[2025-06-12T01:15:46.876+0000][985.161s][7367][7459][info ] Application time: 13.0009632 seconds
[2025-06-12T01:15:46.876+0000][985.161s][7367][7459][info ] Entering safepoint region: Cleanup
[2025-06-12T01:15:46.876+0000][985.161s][7367][7459][info ] Leaving safepoint region
[2025-06-12T01:15:46.876+0000][985.161s][7367][7459][info ] Total time for which application threads were stopped: 0.0001363 seconds, Stopping threads took: 0.0000248 seconds
[2025-06-12T01:15:55.888+0000][994.173s][7367][7458][trace] CMS: promo attempt is safe: available(6912212992) >= av_promo(0), max_promo(727474632)
[2025-06-12T01:16:02.878+0000][1001.163s][7367][7459][info ] Application time: 16.0011702 seconds
[2025-06-12T01:16:02.878+0000][1001.163s][7367][7459][info ] Entering safepoint region: Cleanup
[2025-06-12T01:16:02.878+0000][1001.163s][7367][7459][info ] Leaving safepoint region
[2025-06-12T01:16:02.878+0000][1001.163s][7367][7459][info ] Total time for which application threads were stopped: 0.0001678 seconds, Stopping threads took: 0.0000287 seconds
[2025-06-12T01:16:03.878+0000][1002.163s][7367][7459][info ] Application time: 1.0000854 seconds
[2025-06-12T01:16:03.878+0000][1002.163s][7367][7459][info ] Entering safepoint region: Cleanup
[2025-06-12T01:16:03.878+0000][1002.163s][7367][7459][info ] Leaving safepoint region
[2025-06-12T01:16:03.878+0000][1002.163s][7367][7459][info ] Total time for which application threads were stopped: 0.0001355 seconds, Stopping threads took: 0.0000250 seconds
[2025-06-12T01:16:05.888+0000][1004.173s][7367][7458][trace] CMS: promo attempt is safe: available(6912212992) >= av_promo(0), max_promo(740896440)
[2025-06-12T01:16:15.887+0000][1014.172s][7367][7458][trace] CMS: promo attempt is safe: available(6912212992) >= av_promo(0), max_promo(740896440)
[2025-06-12T01:16:17.879+0000][1016.164s][7367][7459][info ] Application time: 14.0010325 seconds
[2025-06-12T01:16:17.879+0000][1016.164s][7367][7459][info ] Entering safepoint region: Cleanup
[2025-06-12T01:16:17.879+0000][1016.164s][7367][7459][info ] Leaving safepoint region
[2025-06-12T01:16:17.879+0000][1016.164s][7367][7459][info ] Total time for which application threads were stopped: 0.0001858 seconds, Stopping threads took: 0.0000370 seconds
[2025-06-12T01:16:18.880+0000][1017.164s][7367][7459][info ] Application time: 1.0000880 seconds
[2025-06-12T01:16:18.880+0000][1017.165s][7367][7459][info ] Entering safepoint region: Cleanup
[2025-06-12T01:16:18.880+0000][1017.165s][7367][7459][info ] Leaving safepoint region
[2025-06-12T01:16:18.880+0000][1017.165s][7367][7459][info ] Total time for which application threads were stopped: 0.0001509 seconds, Stopping threads took: 0.0000272 seconds
[2025-06-12T01:16:24.880+0000][1023.165s][7367][7459][info ] Application time: 6.0004890 seconds
[2025-06-12T01:16:24.880+0000][1023.165s][7367][7459][info ] Entering safepoint region: Cleanup
[2025-06-12T01:16:24.880+0000][1023.165s][7367][7459][info ] Leaving safepoint region
[2025-06-12T01:16:24.880+0000][1023.165s][7367][7459][info ] Total time for which application threads were stopped: 0.0001587 seconds, Stopping threads took: 0.0000332 seconds
[2025-06-12T01:16:25.887+0000][1024.172s][7367][7458][trace] CMS: promo attempt is safe: available(6912212992) >= av_promo(0), max_promo(740896440)
[2025-06-12T01:16:26.881+0000][1025.166s][7367][7459][info ] Application time: 2.0001621 seconds
[2025-06-12T01:16:26.881+0000][1025.166s][7367][7459][info ] Entering safepoint region: Cleanup
[2025-06-12T01:16:26.881+0000][1025.166s][7367][7459][info ] Leaving safepoint region
[2025-06-12T01:16:26.881+0000][1025.166s][7367][7459][info ] Total time for which application threads were stopped: 0.0001335 seconds, Stopping threads took: 0.0000242 seconds
[2025-06-12T01:16:35.886+0000][1034.171s][7367][7458][trace] CMS: promo attempt is safe: available(6912212992) >= av_promo(0), max_promo(740896440)
[2025-06-12T01:16:45.882+0000][1044.167s][7367][7459][info ] Application time: 19.0014365 seconds
[2025-06-12T01:16:45.882+0000][1044.167s][7367][7459][info ] Entering safepoint region: Cleanup
[2025-06-12T01:16:45.882+0000][1044.167s][7367][7459][info ] Leaving safepoint region
[2025-06-12T01:16:45.882+0000][1044.167s][7367][7459][info ] Total time for which application threads were stopped: 0.0001322 seconds, Stopping threads took: 0.0000259 seconds
[2025-06-12T01:16:45.886+0000][1044.171s][7367][7458][trace] CMS: promo attempt is safe: available(6912212992) >= av_promo(0), max_promo(740896440)
[2025-06-12T01:16:55.885+0000][1054.170s][7367][7458][trace] CMS: promo attempt is safe: available(6912212992) >= av_promo(0), max_promo(740896440)
[2025-06-12T01:17:05.884+0000][1064.169s][7367][7458][trace] CMS: promo attempt is safe: available(6912212992) >= av_promo(0), max_promo(740896440)
[2025-06-12T01:17:09.885+0000][1068.170s][7367][7459][info ] Application time: 24.0022405 seconds
[2025-06-12T01:17:09.885+0000][1068.170s][7367][7459][info ] Entering safepoint region: Cleanup
[2025-06-12T01:17:09.885+0000][1068.170s][7367][7459][info ] Leaving safepoint region
[2025-06-12T01:17:09.885+0000][1068.170s][7367][7459][info ] Total time for which application threads were stopped: 0.0001550 seconds, Stopping threads took: 0.0000323 seconds
[2025-06-12T01:17:14.885+0000][1073.170s][7367][7459][info ] Application time: 5.0004245 seconds
[2025-06-12T01:17:14.885+0000][1073.170s][7367][7459][info ] Entering safepoint region: Cleanup
[2025-06-12T01:17:14.886+0000][1073.171s][7367][7459][info ] Leaving safepoint region
[2025-06-12T01:17:14.886+0000][1073.171s][7367][7459][info ] Total time for which application threads were stopped: 0.0001835 seconds, Stopping threads took: 0.0000371 seconds
[2025-06-12T01:17:15.884+0000][1074.169s][7367][7458][trace] CMS: promo attempt is safe: available(6912212992) >= av_promo(0), max_promo(740896440)
[2025-06-12T01:17:17.886+0000][1076.171s][7367][7459][info ] Application time: 3.0002323 seconds
[2025-06-12T01:17:17.886+0000][1076.171s][7367][7459][info ] Entering safepoint region: Cleanup
[2025-06-12T01:17:17.886+0000][1076.171s][7367][7459][info ] Leaving safepoint region
[2025-06-12T01:17:17.886+0000][1076.171s][7367][7459][info ] Total time for which application threads were stopped: 0.0001556 seconds, Stopping threads took: 0.0000283 seconds
[2025-06-12T01:17:25.883+0000][1084.168s][7367][7458][trace] CMS: promo attempt is safe: available(6912212992) >= av_promo(0), max_promo(740896440)
[2025-06-12T01:17:35.882+0000][1094.167s][7367][7458][trace] CMS: promo attempt is safe: available(6912212992) >= av_promo(0), max_promo(740896440)
[2025-06-12T01:17:45.882+0000][1104.166s][7367][7458][trace] CMS: promo attempt is safe: available(6912212992) >= av_promo(0), max_promo(740896440)
[2025-06-12T01:17:55.881+0000][1114.166s][7367][7458][trace] CMS: promo attempt is safe: available(6912212992) >= av_promo(0), max_promo(740896440)
[2025-06-12T01:18:05.880+0000][1124.165s][7367][7458][trace] CMS: promo attempt is safe: available(6912212992) >= av_promo(0), max_promo(740896440)
[2025-06-12T01:18:15.879+0000][1134.164s][7367][7458][trace] CMS: promo attempt is safe: available(6912212992) >= av_promo(0), max_promo(740896440)
[2025-06-12T01:18:17.891+0000][1136.176s][7367][7459][info ] Application time: 60.0045149 seconds
[2025-06-12T01:18:17.891+0000][1136.176s][7367][7459][info ] Entering safepoint region: Cleanup
[2025-06-12T01:18:17.891+0000][1136.176s][7367][7459][info ] Leaving safepoint region
[2025-06-12T01:18:17.891+0000][1136.176s][7367][7459][info ] Total time for which application threads were stopped: 0.0001291 seconds, Stopping threads took: 0.0000245 seconds
[2025-06-12T01:18:25.879+0000][1144.164s][7367][7458][trace] CMS: promo attempt is safe: available(6912212992) >= av_promo(0), max_promo(740896440)
[2025-06-12T01:18:35.878+0000][1154.163s][7367][7458][trace] CMS: promo attempt is safe: available(6912212992) >= av_promo(0), max_promo(740896440)
[2025-06-12T01:18:45.877+0000][1164.162s][7367][7458][trace] CMS: promo attempt is safe: available(6912212992) >= av_promo(0), max_promo(740896440)
[2025-06-12T01:18:55.876+0000][1174.161s][7367][7458][trace] CMS: promo attempt is safe: available(6912212992) >= av_promo(0), max_promo(740896440)
[2025-06-12T01:19:05.876+0000][1184.161s][7367][7458][trace] CMS: promo attempt is safe: available(6912212992) >= av_promo(0), max_promo(740896440)
[2025-06-12T01:19:15.875+0000][1194.160s][7367][7458][trace] CMS: promo attempt is safe: available(6912212992) >= av_promo(0), max_promo(740896440)
[2025-06-12T01:19:25.874+0000][1204.159s][7367][7458][trace] CMS: promo attempt is safe: available(6912212992) >= av_promo(0), max_promo(740896440)
[2025-06-12T01:19:25.896+0000][1204.181s][7367][7459][info ] Application time: 68.0053315 seconds
[2025-06-12T01:19:25.896+0000][1204.181s][7367][7459][info ] Entering safepoint region: Cleanup
[2025-06-12T01:19:25.896+0000][1204.181s][7367][7459][info ] Leaving safepoint region
[2025-06-12T01:19:25.896+0000][1204.181s][7367][7459][info ] Total time for which application threads were stopped: 0.0001396 seconds, Stopping threads took: 0.0000253 seconds
[2025-06-12T01:19:26.896+0000][1205.181s][7367][7459][info ] Application time: 1.0000845 seconds
[2025-06-12T01:19:26.897+0000][1205.181s][7367][7459][info ] Entering safepoint region: Cleanup
[2025-06-12T01:19:26.897+0000][1205.182s][7367][7459][info ] Leaving safepoint region
[2025-06-12T01:19:26.897+0000][1205.182s][7367][7459][info ] Total time for which application threads were stopped: 0.0001266 seconds, Stopping threads took: 0.0000264 seconds
[2025-06-12T01:19:35.874+0000][1214.159s][7367][7458][trace] CMS: promo attempt is safe: available(6912212992) >= av_promo(0), max_promo(740896440)
[2025-06-12T01:19:36.897+0000][1215.182s][7367][7459][info ] Application time: 10.0007879 seconds
[2025-06-12T01:19:36.898+0000][1215.182s][7367][7459][info ] Entering safepoint region: Cleanup
[2025-06-12T01:19:36.898+0000][1215.183s][7367][7459][info ] Leaving safepoint region
[2025-06-12T01:19:36.898+0000][1215.183s][7367][7459][info ] Total time for which application threads were stopped: 0.0001445 seconds, Stopping threads took: 0.0000265 seconds
[2025-06-12T01:19:45.874+0000][1224.159s][7367][7458][trace] CMS: promo attempt is safe: available(6912212992) >= av_promo(0), max_promo(740896440)
[2025-06-12T01:19:51.899+0000][1230.184s][7367][7459][info ] Application time: 15.0011790 seconds
[2025-06-12T01:19:51.899+0000][1230.184s][7367][7459][info ] Entering safepoint region: Cleanup
[2025-06-12T01:19:51.899+0000][1230.184s][7367][7459][info ] Leaving safepoint region
[2025-06-12T01:19:51.899+0000][1230.184s][7367][7459][info ] Total time for which application threads were stopped: 0.0002085 seconds, Stopping threads took: 0.0000433 seconds
[2025-06-12T01:19:52.899+0000][1231.184s][7367][7459][info ] Application time: 1.0000925 seconds
[2025-06-12T01:19:52.899+0000][1231.184s][7367][7459][info ] Entering safepoint region: Cleanup
[2025-06-12T01:19:52.899+0000][1231.184s][7367][7459][info ] Leaving safepoint region
[2025-06-12T01:19:52.900+0000][1231.184s][7367][7459][info ] Total time for which application threads were stopped: 0.0001775 seconds, Stopping threads took: 0.0000348 seconds
[2025-06-12T01:19:55.874+0000][1234.159s][7367][7458][trace] CMS: promo attempt is safe: available(6912212992) >= av_promo(0), max_promo(740896440)
[2025-06-12T01:20:05.873+0000][1244.158s][7367][7458][trace] CMS: promo attempt is safe: available(6912212992) >= av_promo(0), max_promo(740896440)
[2025-06-12T01:20:14.901+0000][1253.186s][7367][7459][info ] Application time: 22.0017178 seconds
[2025-06-12T01:20:14.901+0000][1253.186s][7367][7459][info ] Entering safepoint region: Cleanup
[2025-06-12T01:20:14.901+0000][1253.186s][7367][7459][info ] Leaving safepoint region
[2025-06-12T01:20:14.902+0000][1253.186s][7367][7459][info ] Total time for which application threads were stopped: 0.0001952 seconds, Stopping threads took: 0.0000412 seconds
[2025-06-12T01:20:15.873+0000][1254.158s][7367][7458][trace] CMS: promo attempt is safe: available(6912212992) >= av_promo(0), max_promo(740896440)
[2025-06-12T01:20:25.872+0000][1264.157s][7367][7458][trace] CMS: promo attempt is safe: available(6912212992) >= av_promo(0), max_promo(740896440)
[2025-06-12T01:20:26.903+0000][1265.188s][7367][7459][info ] Application time: 12.0010054 seconds
[2025-06-12T01:20:26.903+0000][1265.188s][7367][7459][info ] Entering safepoint region: Cleanup
[2025-06-12T01:20:26.903+0000][1265.188s][7367][7459][info ] Leaving safepoint region
[2025-06-12T01:20:26.903+0000][1265.188s][7367][7459][info ] Total time for which application threads were stopped: 0.0001200 seconds, Stopping threads took: 0.0000257 seconds
[2025-06-12T01:20:35.872+0000][1274.157s][7367][7458][trace] CMS: promo attempt is safe: available(6912212992) >= av_promo(0), max_promo(740896440)
[2025-06-12T01:20:45.871+0000][1284.156s][7367][7458][trace] CMS: promo attempt is safe: available(6912212992) >= av_promo(0), max_promo(740896440)
[2025-06-12T01:20:55.870+0000][1294.155s][7367][7458][trace] CMS: promo attempt is safe: available(6912212992) >= av_promo(0), max_promo(740896440)
[2025-06-12T01:21:05.870+0000][1304.155s][7367][7458][trace] CMS: promo attempt is safe: available(6912212992) >= av_promo(0), max_promo(740896440)
[2025-06-12T01:21:15.870+0000][1314.155s][7367][7458][trace] CMS: promo attempt is safe: available(6912212992) >= av_promo(0), max_promo(754319248)
[2025-06-12T01:21:17.907+0000][1316.192s][7367][7459][info ] Application time: 51.0040145 seconds
[2025-06-12T01:21:17.907+0000][1316.192s][7367][7459][info ] Entering safepoint region: Cleanup
[2025-06-12T01:21:17.907+0000][1316.192s][7367][7459][info ] Leaving safepoint region
[2025-06-12T01:21:17.907+0000][1316.192s][7367][7459][info ] Total time for which application threads were stopped: 0.0002678 seconds, Stopping threads took: 0.0000385 seconds
[2025-06-12T01:21:25.869+0000][1324.154s][7367][7458][trace] CMS: promo attempt is safe: available(6912212992) >= av_promo(0), max_promo(754319248)
[2025-06-12T01:21:26.908+0000][1325.193s][7367][7459][info ] Application time: 9.0007202 seconds
[2025-06-12T01:21:26.908+0000][1325.193s][7367][7459][info ] Entering safepoint region: Cleanup
[2025-06-12T01:21:26.908+0000][1325.193s][7367][7459][info ] Leaving safepoint region
[2025-06-12T01:21:26.908+0000][1325.193s][7367][7459][info ] Total time for which application threads were stopped: 0.0001269 seconds, Stopping threads took: 0.0000268 seconds
[2025-06-12T01:21:35.869+0000][1334.154s][7367][7458][trace] CMS: promo attempt is safe: available(6912212992) >= av_promo(0), max_promo(754319248)
[2025-06-12T01:21:36.909+0000][1335.194s][7367][7459][info ] Application time: 10.0011456 seconds
[2025-06-12T01:21:36.909+0000][1335.194s][7367][7459][info ] Entering safepoint region: Cleanup
[2025-06-12T01:21:36.909+0000][1335.194s][7367][7459][info ] Leaving safepoint region
[2025-06-12T01:21:36.909+0000][1335.194s][7367][7459][info ] Total time for which application threads were stopped: 0.0001853 seconds, Stopping threads took: 0.0000347 seconds
[2025-06-12T01:21:45.869+0000][1344.154s][7367][7458][trace] CMS: promo attempt is safe: available(6912212992) >= av_promo(0), max_promo(754319248)
[2025-06-12T01:21:46.910+0000][1345.195s][7367][7459][info ] Application time: 10.0008439 seconds
[2025-06-12T01:21:46.910+0000][1345.195s][7367][7459][info ] Entering safepoint region: Cleanup
[2025-06-12T01:21:46.911+0000][1345.195s][7367][7459][info ] Leaving safepoint region
[2025-06-12T01:21:46.911+0000][1345.196s][7367][7459][info ] Total time for which application threads were stopped: 0.0002002 seconds, Stopping threads took: 0.0000325 seconds
[2025-06-12T01:21:55.868+0000][1354.153s][7367][7458][trace] CMS: promo attempt is safe: available(6912212992) >= av_promo(0), max_promo(754319248)
[2025-06-12T01:22:05.867+0000][1364.152s][7367][7458][trace] CMS: promo attempt is safe: available(6912212992) >= av_promo(0), max_promo(754319248)
[2025-06-12T01:22:15.866+0000][1374.151s][7367][7458][trace] CMS: promo attempt is safe: available(6912212992) >= av_promo(0), max_promo(754319248)
[2025-06-12T01:22:17.913+0000][1376.198s][7367][7459][info ] Application time: 31.0024939 seconds
[2025-06-12T01:22:17.913+0000][1376.198s][7367][7459][info ] Entering safepoint region: Cleanup
[2025-06-12T01:22:17.913+0000][1376.198s][7367][7459][info ] Leaving safepoint region
[2025-06-12T01:22:17.913+0000][1376.198s][7367][7459][info ] Total time for which application threads were stopped: 0.0002137 seconds, Stopping threads took: 0.0000353 seconds
[2025-06-12T01:22:21.914+0000][1380.199s][7367][7459][info ] Application time: 4.0003683 seconds
[2025-06-12T01:22:21.914+0000][1380.199s][7367][7459][info ] Entering safepoint region: Cleanup
[2025-06-12T01:22:21.914+0000][1380.199s][7367][7459][info ] Leaving safepoint region
[2025-06-12T01:22:21.914+0000][1380.199s][7367][7459][info ] Total time for which application threads were stopped: 0.0002041 seconds, Stopping threads took: 0.0000430 seconds
[2025-06-12T01:22:25.866+0000][1384.151s][7367][7458][trace] CMS: promo attempt is safe: available(6912212992) >= av_promo(0), max_promo(758154080)
[2025-06-12T01:22:35.865+0000][1394.150s][7367][7458][trace] CMS: promo attempt is safe: available(6912212992) >= av_promo(0), max_promo(758154080)
[2025-06-12T01:22:45.865+0000][1404.150s][7367][7458][trace] CMS: promo attempt is safe: available(6912212992) >= av_promo(0), max_promo(758154080)
[2025-06-12T01:22:55.864+0000][1414.149s][7367][7458][trace] CMS: promo attempt is safe: available(6912212992) >= av_promo(0), max_promo(758154080)
[2025-06-12T01:23:05.863+0000][1424.148s][7367][7458][trace] CMS: promo attempt is safe: available(6912212992) >= av_promo(0), max_promo(758154080)
[2025-06-12T01:23:15.862+0000][1434.147s][7367][7458][trace] CMS: promo attempt is safe: available(6912212992) >= av_promo(0), max_promo(758154080)
[2025-06-12T01:23:25.861+0000][1444.146s][7367][7458][trace] CMS: promo attempt is safe: available(6912212992) >= av_promo(0), max_promo(758154080)
[2025-06-12T01:23:26.922+0000][1445.207s][7367][7459][info ] Application time: 65.0075018 seconds
[2025-06-12T01:23:26.922+0000][1445.207s][7367][7459][info ] Entering safepoint region: Cleanup
[2025-06-12T01:23:26.922+0000][1445.207s][7367][7459][info ] Leaving safepoint region
[2025-06-12T01:23:26.922+0000][1445.207s][7367][7459][info ] Total time for which application threads were stopped: 0.0001393 seconds, Stopping threads took: 0.0000277 seconds
[2025-06-12T01:23:35.861+0000][1454.146s][7367][7458][trace] CMS: promo attempt is safe: available(6912212992) >= av_promo(0), max_promo(758154080)
[2025-06-12T01:23:45.860+0000][1464.145s][7367][7458][trace] CMS: promo attempt is safe: available(6912212992) >= av_promo(0), max_promo(758154080)
[2025-06-12T01:23:55.859+0000][1474.144s][7367][7458][trace] CMS: promo attempt is safe: available(6912212992) >= av_promo(0), max_promo(758154080)
[2025-06-12T01:23:56.924+0000][1475.209s][7367][7459][info ] Application time: 30.0024042 seconds
[2025-06-12T01:23:56.924+0000][1475.209s][7367][7459][info ] Entering safepoint region: Cleanup
[2025-06-12T01:23:56.924+0000][1475.209s][7367][7459][info ] Leaving safepoint region
[2025-06-12T01:23:56.924+0000][1475.209s][7367][7459][info ] Total time for which application threads were stopped: 0.0001384 seconds, Stopping threads took: 0.0000274 seconds
[2025-06-12T01:24:05.859+0000][1484.144s][7367][7458][trace] CMS: promo attempt is safe: available(6912212992) >= av_promo(0), max_promo(758154080)
[2025-06-12T01:24:06.925+0000][1485.210s][7367][7459][info ] Application time: 10.0009310 seconds
[2025-06-12T01:24:06.925+0000][1485.210s][7367][7459][info ] Entering safepoint region: Cleanup
[2025-06-12T01:24:06.926+0000][1485.211s][7367][7459][info ] Leaving safepoint region
[2025-06-12T01:24:06.926+0000][1485.211s][7367][7459][info ] Total time for which application threads were stopped: 0.0001890 seconds, Stopping threads took: 0.0000372 seconds
[2025-06-12T01:24:15.858+0000][1494.143s][7367][7458][trace] CMS: promo attempt is safe: available(6912212992) >= av_promo(0), max_promo(758154080)
[2025-06-12T01:24:17.927+0000][1496.212s][7367][7459][info ] Application time: 11.0009572 seconds
[2025-06-12T01:24:17.927+0000][1496.212s][7367][7459][info ] Entering safepoint region: Cleanup
[2025-06-12T01:24:17.927+0000][1496.212s][7367][7459][info ] Leaving safepoint region
[2025-06-12T01:24:17.927+0000][1496.212s][7367][7459][info ] Total time for which application threads were stopped: 0.0001284 seconds, Stopping threads took: 0.0000268 seconds
[2025-06-12T01:24:25.857+0000][1504.142s][7367][7458][trace] CMS: promo attempt is safe: available(6912212992) >= av_promo(0), max_promo(758154080)
[2025-06-12T01:24:35.856+0000][1514.141s][7367][7458][trace] CMS: promo attempt is safe: available(6912212992) >= av_promo(0), max_promo(758154080)
[2025-06-12T01:24:45.855+0000][1524.140s][7367][7458][trace] CMS: promo attempt is safe: available(6912212992) >= av_promo(0), max_promo(758154080)
[2025-06-12T01:24:55.854+0000][1534.139s][7367][7458][trace] CMS: promo attempt is safe: available(6912212992) >= av_promo(0), max_promo(758154080)
[2025-06-12T01:25:05.854+0000][1544.139s][7367][7458][trace] CMS: promo attempt is safe: available(6912212992) >= av_promo(0), max_promo(758154080)
[2025-06-12T01:25:14.931+0000][1553.216s][7367][7459][info ] Application time: 57.0046258 seconds
[2025-06-12T01:25:14.932+0000][1553.216s][7367][7459][info ] Entering safepoint region: Cleanup
[2025-06-12T01:25:14.932+0000][1553.217s][7367][7459][info ] Leaving safepoint region
[2025-06-12T01:25:14.932+0000][1553.217s][7367][7459][info ] Total time for which application threads were stopped: 0.0002259 seconds, Stopping threads took: 0.0000397 seconds
[2025-06-12T01:25:15.853+0000][1554.138s][7367][7458][trace] CMS: promo attempt is safe: available(6912212992) >= av_promo(0), max_promo(758154080)
[2025-06-12T01:25:17.932+0000][1556.217s][7367][7459][info ] Application time: 3.0002571 seconds
[2025-06-12T01:25:17.932+0000][1556.217s][7367][7459][info ] Entering safepoint region: Cleanup
[2025-06-12T01:25:17.932+0000][1556.217s][7367][7459][info ] Leaving safepoint region
[2025-06-12T01:25:17.932+0000][1556.217s][7367][7459][info ] Total time for which application threads were stopped: 0.0001440 seconds, Stopping threads took: 0.0000262 seconds
[2025-06-12T01:25:25.852+0000][1564.137s][7367][7458][trace] CMS: promo attempt is safe: available(6912212992) >= av_promo(0), max_promo(758154080)
[2025-06-12T01:25:35.851+0000][1574.136s][7367][7458][trace] CMS: promo attempt is safe: available(6912212992) >= av_promo(0), max_promo(758154080)
[2025-06-12T01:25:45.851+0000][1584.136s][7367][7458][trace] CMS: promo attempt is safe: available(6912212992) >= av_promo(0), max_promo(758154080)
[2025-06-12T01:25:55.850+0000][1594.135s][7367][7458][trace] CMS: promo attempt is safe: available(6912212992) >= av_promo(0), max_promo(758154080)
[2025-06-12T01:26:05.849+0000][1604.134s][7367][7458][trace] CMS: promo attempt is safe: available(6912212992) >= av_promo(0), max_promo(758154080)
[2025-06-12T01:26:15.848+0000][1614.133s][7367][7458][trace] CMS: promo attempt is safe: available(6912212992) >= av_promo(0), max_promo(758154080)
[2025-06-12T01:26:15.937+0000][1614.222s][7367][7459][info ] Application time: 58.0044841 seconds
[2025-06-12T01:26:15.937+0000][1614.222s][7367][7459][info ] Entering safepoint region: Cleanup
[2025-06-12T01:26:15.937+0000][1614.222s][7367][7459][info ] Leaving safepoint region
[2025-06-12T01:26:15.937+0000][1614.222s][7367][7459][info ] Total time for which application threads were stopped: 0.0001796 seconds, Stopping threads took: 0.0000393 seconds
[2025-06-12T01:26:16.937+0000][1615.222s][7367][7459][info ] Application time: 1.0000835 seconds
[2025-06-12T01:26:16.937+0000][1615.222s][7367][7459][info ] Entering safepoint region: Cleanup
[2025-06-12T01:26:16.937+0000][1615.222s][7367][7459][info ] Leaving safepoint region
[2025-06-12T01:26:16.937+0000][1615.222s][7367][7459][info ] Total time for which application threads were stopped: 0.0002093 seconds, Stopping threads took: 0.0000479 seconds
[2025-06-12T01:26:25.847+0000][1624.132s][7367][7458][trace] CMS: promo attempt is safe: available(6912212992) >= av_promo(0), max_promo(758154080)
[2025-06-12T01:26:35.847+0000][1634.132s][7367][7458][trace] CMS: promo attempt is safe: available(6912212992) >= av_promo(0), max_promo(758154080)
[2025-06-12T01:26:45.846+0000][1644.131s][7367][7458][trace] CMS: promo attempt is safe: available(6912212992) >= av_promo(0), max_promo(758154080)
[2025-06-12T01:26:55.845+0000][1654.130s][7367][7458][trace] CMS: promo attempt is safe: available(6912212992) >= av_promo(0), max_promo(758154080)
[2025-06-12T01:26:56.940+0000][1655.225s][7367][7459][info ] Application time: 40.0030147 seconds
[2025-06-12T01:26:56.940+0000][1655.225s][7367][7459][info ] Entering safepoint region: Cleanup
[2025-06-12T01:26:56.941+0000][1655.225s][7367][7459][info ] Leaving safepoint region
[2025-06-12T01:26:56.941+0000][1655.226s][7367][7459][info ] Total time for which application threads were stopped: 0.0001503 seconds, Stopping threads took: 0.0000251 seconds
[2025-06-12T01:27:05.845+0000][1664.130s][7367][7458][trace] CMS: promo attempt is safe: available(6912212992) >= av_promo(0), max_promo(758154080)
[2025-06-12T01:27:15.844+0000][1674.129s][7367][7458][trace] CMS: promo attempt is safe: available(6912212992) >= av_promo(0), max_promo(758154080)
[2025-06-12T01:27:25.843+0000][1684.128s][7367][7458][trace] CMS: promo attempt is safe: available(6912212992) >= av_promo(0), max_promo(758154080)
[2025-06-12T01:27:35.842+0000][1694.127s][7367][7458][trace] CMS: promo attempt is safe: available(6912212992) >= av_promo(0), max_promo(758154080)
[2025-06-12T01:27:45.841+0000][1704.126s][7367][7458][trace] CMS: promo attempt is safe: available(6912212992) >= av_promo(0), max_promo(758154080)
[2025-06-12T01:27:55.840+0000][1714.125s][7367][7458][trace] CMS: promo attempt is safe: available(6912212992) >= av_promo(0), max_promo(758154080)
[2025-06-12T01:28:05.840+0000][1724.125s][7367][7458][trace] CMS: promo attempt is safe: available(6912212992) >= av_promo(0), max_promo(758154080)
[2025-06-12T01:28:15.839+0000][1734.124s][7367][7458][trace] CMS: promo attempt is safe: available(6912212992) >= av_promo(0), max_promo(758154080)
[2025-06-12T01:28:17.947+0000][1736.232s][7367][7459][info ] Application time: 81.0063983 seconds
[2025-06-12T01:28:17.947+0000][1736.232s][7367][7459][info ] Entering safepoint region: Cleanup
[2025-06-12T01:28:17.947+0000][1736.232s][7367][7459][info ] Leaving safepoint region
[2025-06-12T01:28:17.947+0000][1736.232s][7367][7459][info ] Total time for which application threads were stopped: 0.0001496 seconds, Stopping threads took: 0.0000258 seconds
[2025-06-12T01:28:22.948+0000][1741.233s][7367][7459][info ] Application time: 5.0003455 seconds
[2025-06-12T01:28:22.948+0000][1741.233s][7367][7459][info ] Entering safepoint region: Cleanup
[2025-06-12T01:28:22.948+0000][1741.233s][7367][7459][info ] Leaving safepoint region
[2025-06-12T01:28:22.948+0000][1741.233s][7367][7459][info ] Total time for which application threads were stopped: 0.0001427 seconds, Stopping threads took: 0.0000257 seconds
[2025-06-12T01:28:25.838+0000][1744.123s][7367][7458][trace] CMS: promo attempt is safe: available(6912212992) >= av_promo(0), max_promo(758154080)
[2025-06-12T01:28:35.837+0000][1754.122s][7367][7458][trace] CMS: promo attempt is safe: available(6912212992) >= av_promo(0), max_promo(758154080)
[2025-06-12T01:28:45.836+0000][1764.121s][7367][7458][trace] CMS: promo attempt is safe: available(6912212992) >= av_promo(0), max_promo(758154080)
[2025-06-12T01:28:55.835+0000][1774.120s][7367][7458][trace] CMS: promo attempt is safe: available(6912212992) >= av_promo(0), max_promo(771575880)
[2025-06-12T01:29:05.834+0000][1784.119s][7367][7458][trace] CMS: promo attempt is safe: available(6912212992) >= av_promo(0), max_promo(771575880)
[2025-06-12T01:29:09.951+0000][1788.236s][7367][7459][info ] Application time: 47.0035727 seconds
[2025-06-12T01:29:09.951+0000][1788.236s][7367][7459][info ] Entering safepoint region: Cleanup
[2025-06-12T01:29:09.952+0000][1788.237s][7367][7459][info ] Leaving safepoint region
[2025-06-12T01:29:09.952+0000][1788.237s][7367][7459][info ] Total time for which application threads were stopped: 0.0002126 seconds, Stopping threads took: 0.0000253 seconds
[2025-06-12T01:29:15.834+0000][1794.119s][7367][7458][trace] CMS: promo attempt is safe: available(6912212992) >= av_promo(0), max_promo(771575880)
[2025-06-12T01:29:25.833+0000][1804.118s][7367][7458][trace] CMS: promo attempt is safe: available(6912212992) >= av_promo(0), max_promo(771575880)
[2025-06-12T01:29:35.832+0000][1814.117s][7367][7458][trace] CMS: promo attempt is safe: available(6912212992) >= av_promo(0), max_promo(771575880)
[2025-06-12T01:29:35.954+0000][1814.239s][7367][7459][info ] Application time: 26.0020626 seconds
[2025-06-12T01:29:35.954+0000][1814.239s][7367][7459][info ] Entering safepoint region: Cleanup
[2025-06-12T01:29:35.954+0000][1814.239s][7367][7459][info ] Leaving safepoint region
[2025-06-12T01:29:35.954+0000][1814.239s][7367][7459][info ] Total time for which application threads were stopped: 0.0001353 seconds, Stopping threads took: 0.0000243 seconds
[2025-06-12T01:29:36.954+0000][1815.239s][7367][7459][info ] Application time: 1.0000893 seconds
[2025-06-12T01:29:36.954+0000][1815.239s][7367][7459][info ] Entering safepoint region: Cleanup
[2025-06-12T01:29:36.954+0000][1815.239s][7367][7459][info ] Leaving safepoint region
[2025-06-12T01:29:36.954+0000][1815.239s][7367][7459][info ] Total time for which application threads were stopped: 0.0001757 seconds, Stopping threads took: 0.0000298 seconds
[2025-06-12T01:29:45.831+0000][1824.116s][7367][7458][trace] CMS: promo attempt is safe: available(6912212992) >= av_promo(0), max_promo(771575880)
[2025-06-12T01:29:47.955+0000][1826.240s][7367][7459][info ] Application time: 11.0008784 seconds
[2025-06-12T01:29:47.955+0000][1826.240s][7367][7459][info ] Entering safepoint region: Cleanup
[2025-06-12T01:29:47.955+0000][1826.240s][7367][7459][info ] Leaving safepoint region
[2025-06-12T01:29:47.955+0000][1826.240s][7367][7459][info ] Total time for which application threads were stopped: 0.0001493 seconds, Stopping threads took: 0.0000300 seconds
[2025-06-12T01:29:55.831+0000][1834.116s][7367][7458][trace] CMS: promo attempt is safe: available(6912212992) >= av_promo(0), max_promo(771575880)
[2025-06-12T01:30:05.831+0000][1844.116s][7367][7458][trace] CMS: promo attempt is safe: available(6912212992) >= av_promo(0), max_promo(771575880)
[2025-06-12T01:30:14.957+0000][1853.242s][7367][7459][info ] Application time: 27.0019655 seconds
[2025-06-12T01:30:14.957+0000][1853.242s][7367][7459][info ] Entering safepoint region: Cleanup
[2025-06-12T01:30:14.957+0000][1853.242s][7367][7459][info ] Leaving safepoint region
[2025-06-12T01:30:14.958+0000][1853.242s][7367][7459][info ] Total time for which application threads were stopped: 0.0001468 seconds, Stopping threads took: 0.0000239 seconds
[2025-06-12T01:30:15.831+0000][1854.116s][7367][7458][trace] CMS: promo attempt is safe: available(6912212992) >= av_promo(0), max_promo(784997688)
[2025-06-12T01:30:25.830+0000][1864.115s][7367][7458][trace] CMS: promo attempt is safe: available(6912212992) >= av_promo(0), max_promo(784997688)
[2025-06-12T01:30:35.829+0000][1874.114s][7367][7458][trace] CMS: promo attempt is safe: available(6912212992) >= av_promo(0), max_promo(784997688)
[2025-06-12T01:30:45.828+0000][1884.113s][7367][7458][trace] CMS: promo attempt is safe: available(6912212992) >= av_promo(0), max_promo(784997688)
[2025-06-12T01:30:55.827+0000][1894.112s][7367][7458][trace] CMS: promo attempt is safe: available(6912212992) >= av_promo(0), max_promo(784997688)
[2025-06-12T01:31:05.826+0000][1904.111s][7367][7458][trace] CMS: promo attempt is safe: available(6912212992) >= av_promo(0), max_promo(784997688)
[2025-06-12T01:31:15.827+0000][1914.112s][7367][7458][trace] CMS: promo attempt is safe: available(6912212992) >= av_promo(0), max_promo(784997688)
[2025-06-12T01:31:25.826+0000][1924.111s][7367][7458][trace] CMS: promo attempt is safe: available(6912212992) >= av_promo(0), max_promo(784997688)
[2025-06-12T01:31:35.825+0000][1934.110s][7367][7458][trace] CMS: promo attempt is safe: available(6912212992) >= av_promo(0), max_promo(784997688)
[2025-06-12T01:31:39.964+0000][1938.249s][7367][7459][info ] Application time: 85.0066304 seconds
[2025-06-12T01:31:39.964+0000][1938.249s][7367][7459][info ] Entering safepoint region: Cleanup
[2025-06-12T01:31:39.964+0000][1938.249s][7367][7459][info ] Leaving safepoint region
[2025-06-12T01:31:39.964+0000][1938.249s][7367][7459][info ] Total time for which application threads were stopped: 0.0001419 seconds, Stopping threads took: 0.0000265 seconds
[2025-06-12T01:31:45.825+0000][1944.109s][7367][7458][trace] CMS: promo attempt is safe: available(6912212992) >= av_promo(0), max_promo(784997688)
[2025-06-12T01:31:55.824+0000][1954.109s][7367][7458][trace] CMS: promo attempt is safe: available(6912212992) >= av_promo(0), max_promo(784997688)
[2025-06-12T01:32:05.823+0000][1964.108s][7367][7458][trace] CMS: promo attempt is safe: available(6912212992) >= av_promo(0), max_promo(784997688)
[2025-06-12T01:32:06.966+0000][1965.251s][7367][7459][info ] Application time: 27.0020740 seconds
[2025-06-12T01:32:06.967+0000][1965.251s][7367][7459][info ] Entering safepoint region: Cleanup
[2025-06-12T01:32:06.967+0000][1965.252s][7367][7459][info ] Leaving safepoint region
[2025-06-12T01:32:06.967+0000][1965.252s][7367][7459][info ] Total time for which application threads were stopped: 0.0001378 seconds, Stopping threads took: 0.0000256 seconds
[2025-06-12T01:32:15.823+0000][1974.108s][7367][7458][trace] CMS: promo attempt is safe: available(6912212992) >= av_promo(0), max_promo(784997688)
[2025-06-12T01:32:16.967+0000][1975.252s][7367][7459][info ] Application time: 10.0007661 seconds
[2025-06-12T01:32:16.967+0000][1975.252s][7367][7459][info ] Entering safepoint region: Cleanup
[2025-06-12T01:32:16.968+0000][1975.253s][7367][7459][info ] Leaving safepoint region
[2025-06-12T01:32:16.968+0000][1975.253s][7367][7459][info ] Total time for which application threads were stopped: 0.0001366 seconds, Stopping threads took: 0.0000234 seconds
[2025-06-12T01:32:25.823+0000][1984.108s][7367][7458][trace] CMS: promo attempt is safe: available(6912212992) >= av_promo(0), max_promo(784997688)
[2025-06-12T01:32:35.822+0000][1994.107s][7367][7458][trace] CMS: promo attempt is safe: available(6912212992) >= av_promo(0), max_promo(784997688)
[2025-06-12T01:32:45.821+0000][2004.106s][7367][7458][trace] CMS: promo attempt is safe: available(6912212992) >= av_promo(0), max_promo(784997688)
[2025-06-12T01:32:55.820+0000][2014.105s][7367][7458][trace] CMS: promo attempt is safe: available(6912212992) >= av_promo(0), max_promo(784997688)
[2025-06-12T01:33:05.819+0000][2024.104s][7367][7458][trace] CMS: promo attempt is safe: available(6912212992) >= av_promo(0), max_promo(784997688)
[2025-06-12T01:33:15.818+0000][2034.103s][7367][7458][trace] CMS: promo attempt is safe: available(6912212992) >= av_promo(0), max_promo(784997688)
[2025-06-12T01:33:25.818+0000][2044.103s][7367][7458][trace] CMS: promo attempt is safe: available(6912212992) >= av_promo(0), max_promo(784997688)
[2025-06-12T01:33:26.973+0000][2045.258s][7367][7459][info ] Application time: 70.0056047 seconds
[2025-06-12T01:33:26.973+0000][2045.258s][7367][7459][info ] Entering safepoint region: Cleanup
[2025-06-12T01:33:26.973+0000][2045.258s][7367][7459][info ] Leaving safepoint region
[2025-06-12T01:33:26.973+0000][2045.258s][7367][7459][info ] Total time for which application threads were stopped: 0.0001313 seconds, Stopping threads took: 0.0000233 seconds
[2025-06-12T01:33:35.818+0000][2054.103s][7367][7458][trace] CMS: promo attempt is safe: available(6912212992) >= av_promo(0), max_promo(784997688)
[2025-06-12T01:33:45.817+0000][2064.102s][7367][7458][trace] CMS: promo attempt is safe: available(6912212992) >= av_promo(0), max_promo(784997688)
[2025-06-12T01:33:55.816+0000][2074.101s][7367][7458][trace] CMS: promo attempt is safe: available(6912212992) >= av_promo(0), max_promo(784997688)
[2025-06-12T01:34:05.815+0000][2084.100s][7367][7458][trace] CMS: promo attempt is safe: available(6912212992) >= av_promo(0), max_promo(784997688)
[2025-06-12T01:34:15.814+0000][2094.099s][7367][7458][trace] CMS: promo attempt is safe: available(6912212992) >= av_promo(0), max_promo(784997688)
[2025-06-12T01:34:25.813+0000][2104.098s][7367][7458][trace] CMS: promo attempt is safe: available(6912212992) >= av_promo(0), max_promo(784997688)
[2025-06-12T01:34:26.978+0000][2105.263s][7367][7459][info ] Application time: 60.0046708 seconds
[2025-06-12T01:34:26.978+0000][2105.263s][7367][7459][info ] Entering safepoint region: Cleanup
[2025-06-12T01:34:26.978+0000][2105.263s][7367][7459][info ] Leaving safepoint region
[2025-06-12T01:34:26.978+0000][2105.263s][7367][7459][info ] Total time for which application threads were stopped: 0.0001617 seconds, Stopping threads took: 0.0000344 seconds
[2025-06-12T01:34:32.979+0000][2111.264s][7367][7459][info ] Application time: 6.0004408 seconds
[2025-06-12T01:34:32.979+0000][2111.264s][7367][7459][info ] Entering safepoint region: Cleanup
[2025-06-12T01:34:32.979+0000][2111.264s][7367][7459][info ] Leaving safepoint region
[2025-06-12T01:34:32.979+0000][2111.264s][7367][7459][info ] Total time for which application threads were stopped: 0.0002067 seconds, Stopping threads took: 0.0000246 seconds
[2025-06-12T01:34:35.813+0000][2114.098s][7367][7458][trace] CMS: promo attempt is safe: available(6912212992) >= av_promo(0), max_promo(784997688)
[2025-06-12T01:34:36.979+0000][2115.264s][7367][7459][info ] Application time: 4.0003164 seconds
[2025-06-12T01:34:36.979+0000][2115.264s][7367][7459][info ] Entering safepoint region: Cleanup
[2025-06-12T01:34:36.980+0000][2115.264s][7367][7459][info ] Leaving safepoint region
[2025-06-12T01:34:36.980+0000][2115.265s][7367][7459][info ] Total time for which application threads were stopped: 0.0001671 seconds, Stopping threads took: 0.0000344 seconds
[2025-06-12T01:34:45.813+0000][2124.098s][7367][7458][trace] CMS: promo attempt is safe: available(6912212992) >= av_promo(0), max_promo(784997688)
[2025-06-12T01:34:55.812+0000][2134.097s][7367][7458][trace] CMS: promo attempt is safe: available(6912212992) >= av_promo(0), max_promo(784997688)
[2025-06-12T01:35:05.811+0000][2144.096s][7367][7458][trace] CMS: promo attempt is safe: available(6912212992) >= av_promo(0), max_promo(784997688)
[2025-06-12T01:35:07.982+0000][2146.267s][7367][7459][info ] Application time: 31.0024045 seconds
[2025-06-12T01:35:07.982+0000][2146.267s][7367][7459][info ] Entering safepoint region: Cleanup
[2025-06-12T01:35:07.983+0000][2146.268s][7367][7459][info ] Leaving safepoint region
[2025-06-12T01:35:07.983+0000][2146.268s][7367][7459][info ] Total time for which application threads were stopped: 0.0004097 seconds, Stopping threads took: 0.0000848 seconds
[2025-06-12T01:35:14.983+0000][2153.268s][7367][7459][info ] Application time: 7.0006020 seconds
[2025-06-12T01:35:14.984+0000][2153.269s][7367][7459][info ] Entering safepoint region: Cleanup
[2025-06-12T01:35:14.984+0000][2153.269s][7367][7459][info ] Leaving safepoint region
[2025-06-12T01:35:14.984+0000][2153.269s][7367][7459][info ] Total time for which application threads were stopped: 0.0002565 seconds, Stopping threads took: 0.0000767 seconds
[2025-06-12T01:35:15.811+0000][2154.096s][7367][7458][trace] CMS: promo attempt is safe: available(6912212992) >= av_promo(0), max_promo(784997688)
[2025-06-12T01:35:17.984+0000][2156.269s][7367][7459][info ] Application time: 3.0002091 seconds
[2025-06-12T01:35:17.984+0000][2156.269s][7367][7459][info ] Entering safepoint region: Cleanup
[2025-06-12T01:35:17.985+0000][2156.269s][7367][7459][info ] Leaving safepoint region
[2025-06-12T01:35:17.985+0000][2156.270s][7367][7459][info ] Total time for which application threads were stopped: 0.0001387 seconds, Stopping threads took: 0.0000287 seconds
[2025-06-12T01:35:25.811+0000][2164.096s][7367][7458][trace] CMS: promo attempt is safe: available(6912212992) >= av_promo(0), max_promo(784997688)
[2025-06-12T01:35:35.810+0000][2174.095s][7367][7458][trace] CMS: promo attempt is safe: available(6912212992) >= av_promo(0), max_promo(784997688)
[2025-06-12T01:35:45.809+0000][2184.094s][7367][7458][trace] CMS: promo attempt is safe: available(6912212992) >= av_promo(0), max_promo(784997688)
[2025-06-12T01:35:55.809+0000][2194.094s][7367][7458][trace] CMS: promo attempt is safe: available(6912212992) >= av_promo(0), max_promo(784997688)
[2025-06-12T01:36:05.808+0000][2204.093s][7367][7458][trace] CMS: promo attempt is safe: available(6912212992) >= av_promo(0), max_promo(784997688)
[2025-06-12T01:36:09.989+0000][2208.274s][7367][7459][info ] Application time: 52.0040030 seconds
[2025-06-12T01:36:09.989+0000][2208.274s][7367][7459][info ] Entering safepoint region: Cleanup
[2025-06-12T01:36:09.989+0000][2208.274s][7367][7459][info ] Leaving safepoint region
[2025-06-12T01:36:09.989+0000][2208.274s][7367][7459][info ] Total time for which application threads were stopped: 0.0001749 seconds, Stopping threads took: 0.0000294 seconds
[2025-06-12T01:36:15.808+0000][2214.093s][7367][7458][trace] CMS: promo attempt is safe: available(6912212992) >= av_promo(0), max_promo(790750000)
[2025-06-12T01:36:17.989+0000][2216.274s][7367][7459][info ] Application time: 8.0006584 seconds
[2025-06-12T01:36:17.990+0000][2216.275s][7367][7459][info ] Entering safepoint region: Cleanup
[2025-06-12T01:36:17.990+0000][2216.275s][7367][7459][info ] Leaving safepoint region
[2025-06-12T01:36:17.990+0000][2216.275s][7367][7459][info ] Total time for which application threads were stopped: 0.0001836 seconds, Stopping threads took: 0.0000368 seconds
[2025-06-12T01:36:25.808+0000][2224.093s][7367][7458][trace] CMS: promo attempt is safe: available(6912212992) >= av_promo(0), max_promo(790750000)
[2025-06-12T01:36:35.807+0000][2234.092s][7367][7458][trace] CMS: promo attempt is safe: available(6912212992) >= av_promo(0), max_promo(790750000)
[2025-06-12T01:36:36.991+0000][2235.276s][7367][7459][info ] Application time: 19.0015388 seconds
[2025-06-12T01:36:36.991+0000][2235.276s][7367][7459][info ] Entering safepoint region: Cleanup
[2025-06-12T01:36:36.991+0000][2235.276s][7367][7459][info ] Leaving safepoint region
[2025-06-12T01:36:36.992+0000][2235.276s][7367][7459][info ] Total time for which application threads were stopped: 0.0001795 seconds, Stopping threads took: 0.0000330 seconds
[2025-06-12T01:36:39.992+0000][2238.277s][7367][7459][info ] Application time: 3.0002483 seconds
[2025-06-12T01:36:39.992+0000][2238.277s][7367][7459][info ] Entering safepoint region: Cleanup
[2025-06-12T01:36:39.992+0000][2238.277s][7367][7459][info ] Leaving safepoint region
[2025-06-12T01:36:39.992+0000][2238.277s][7367][7459][info ] Total time for which application threads were stopped: 0.0001898 seconds, Stopping threads took: 0.0000318 seconds
[2025-06-12T01:36:45.807+0000][2244.092s][7367][7458][trace] CMS: promo attempt is safe: available(6912212992) >= av_promo(0), max_promo(792667432)
[2025-06-12T01:36:50.993+0000][2249.278s][7367][7459][info ] Application time: 11.0008580 seconds
[2025-06-12T01:36:50.993+0000][2249.278s][7367][7459][info ] Entering safepoint region: Cleanup
[2025-06-12T01:36:50.993+0000][2249.278s][7367][7459][info ] Leaving safepoint region
[2025-06-12T01:36:50.993+0000][2249.278s][7367][7459][info ] Total time for which application threads were stopped: 0.0001537 seconds, Stopping threads took: 0.0000251 seconds
[2025-06-12T01:36:55.807+0000][2254.092s][7367][7458][trace] CMS: promo attempt is safe: available(6912212992) >= av_promo(0), max_promo(792667432)
[2025-06-12T01:37:02.994+0000][2261.279s][7367][7459][info ] Application time: 12.0009260 seconds
[2025-06-12T01:37:02.994+0000][2261.279s][7367][7459][info ] Entering safepoint region: Cleanup
[2025-06-12T01:37:02.994+0000][2261.279s][7367][7459][info ] Leaving safepoint region
[2025-06-12T01:37:02.994+0000][2261.279s][7367][7459][info ] Total time for which application threads were stopped: 0.0001577 seconds, Stopping threads took: 0.0000245 seconds
[2025-06-12T01:37:05.806+0000][2264.091s][7367][7458][trace] CMS: promo attempt is safe: available(6912212992) >= av_promo(0), max_promo(792667432)
[2025-06-12T01:37:09.995+0000][2268.280s][7367][7459][info ] Application time: 7.0005453 seconds
[2025-06-12T01:37:09.995+0000][2268.280s][7367][7459][info ] Entering safepoint region: Cleanup
[2025-06-12T01:37:09.995+0000][2268.280s][7367][7459][info ] Leaving safepoint region
[2025-06-12T01:37:09.995+0000][2268.280s][7367][7459][info ] Total time for which application threads were stopped: 0.0001967 seconds, Stopping threads took: 0.0000337 seconds
[2025-06-12T01:37:15.806+0000][2274.091s][7367][7458][trace] CMS: promo attempt is safe: available(6912212992) >= av_promo(0), max_promo(792667432)
[2025-06-12T01:37:25.805+0000][2284.090s][7367][7458][trace] CMS: promo attempt is safe: available(6912212992) >= av_promo(0), max_promo(792667432)
[2025-06-12T01:37:35.804+0000][2294.089s][7367][7458][trace] CMS: promo attempt is safe: available(6912212992) >= av_promo(0), max_promo(792667432)
[2025-06-12T01:37:45.804+0000][2304.089s][7367][7458][trace] CMS: promo attempt is safe: available(6912212992) >= av_promo(0), max_promo(792667432)
[2025-06-12T01:37:55.803+0000][2314.088s][7367][7458][trace] CMS: promo attempt is safe: available(6912212992) >= av_promo(0), max_promo(792667432)
[2025-06-12T01:38:05.802+0000][2324.087s][7367][7458][trace] CMS: promo attempt is safe: available(6912212992) >= av_promo(0), max_promo(792667432)
[2025-06-12T01:38:10.000+0000][2328.285s][7367][7459][info ] Application time: 60.0047856 seconds
[2025-06-12T01:38:10.000+0000][2328.285s][7367][7459][info ] Entering safepoint region: Cleanup
[2025-06-12T01:38:10.000+0000][2328.285s][7367][7459][info ] Leaving safepoint region
[2025-06-12T01:38:10.000+0000][2328.285s][7367][7459][info ] Total time for which application threads were stopped: 0.0001283 seconds, Stopping threads took: 0.0000264 seconds
[2025-06-12T01:38:14.000+0000][2332.285s][7367][7459][info ] Application time: 4.0003111 seconds
[2025-06-12T01:38:14.000+0000][2332.285s][7367][7459][info ] Entering safepoint region: Cleanup
[2025-06-12T01:38:14.001+0000][2332.286s][7367][7459][info ] Leaving safepoint region
[2025-06-12T01:38:14.001+0000][2332.286s][7367][7459][info ] Total time for which application threads were stopped: 0.0001835 seconds, Stopping threads took: 0.0000240 seconds
[2025-06-12T01:38:15.802+0000][2334.087s][7367][7458][trace] CMS: promo attempt is safe: available(6912212992) >= av_promo(0), max_promo(813760936)
[2025-06-12T01:38:18.001+0000][2336.286s][7367][7459][info ] Application time: 4.0003278 seconds
[2025-06-12T01:38:18.002+0000][2336.287s][7367][7459][info ] Entering safepoint region: Cleanup
[2025-06-12T01:38:18.003+0000][2336.287s][7367][7459][info ] Leaving safepoint region
[2025-06-12T01:38:18.003+0000][2336.287s][7367][7459][info ] Total time for which application threads were stopped: 0.0001644 seconds, Stopping threads took: 0.0000354 seconds
[2025-06-12T01:38:25.802+0000][2344.087s][7367][7458][trace] CMS: promo attempt is safe: available(6912212992) >= av_promo(0), max_promo(813760936)
[2025-06-12T01:38:35.801+0000][2354.086s][7367][7458][trace] CMS: promo attempt is safe: available(6912212992) >= av_promo(0), max_promo(813760936)
[2025-06-12T01:38:40.005+0000][2358.290s][7367][7459][info ] Application time: 22.0025213 seconds
[2025-06-12T01:38:40.005+0000][2358.290s][7367][7459][info ] Entering safepoint region: Cleanup
[2025-06-12T01:38:40.005+0000][2358.290s][7367][7459][info ] Leaving safepoint region
[2025-06-12T01:38:40.005+0000][2358.290s][7367][7459][info ] Total time for which application threads were stopped: 0.0001680 seconds, Stopping threads took: 0.0000261 seconds
[2025-06-12T01:38:45.800+0000][2364.085s][7367][7458][trace] CMS: promo attempt is safe: available(6912212992) >= av_promo(0), max_promo(813760936)
[2025-06-12T01:38:55.800+0000][2374.085s][7367][7458][trace] CMS: promo attempt is safe: available(6912212992) >= av_promo(0), max_promo(813760936)
[2025-06-12T01:39:05.799+0000][2384.084s][7367][7458][trace] CMS: promo attempt is safe: available(6912212992) >= av_promo(0), max_promo(813760936)
[2025-06-12T01:39:14.008+0000][2392.293s][7367][7459][info ] Application time: 34.0027709 seconds
[2025-06-12T01:39:14.008+0000][2392.293s][7367][7459][info ] Entering safepoint region: Cleanup
[2025-06-12T01:39:14.008+0000][2392.293s][7367][7459][info ] Leaving safepoint region
[2025-06-12T01:39:14.008+0000][2392.293s][7367][7459][info ] Total time for which application threads were stopped: 0.0001637 seconds, Stopping threads took: 0.0000394 seconds
[2025-06-12T01:39:15.798+0000][2394.083s][7367][7458][trace] CMS: promo attempt is safe: available(6912212992) >= av_promo(0), max_promo(813760936)
[2025-06-12T01:39:25.798+0000][2404.083s][7367][7458][trace] CMS: promo attempt is safe: available(6912212992) >= av_promo(0), max_promo(813760936)
[2025-06-12T01:39:35.797+0000][2414.082s][7367][7458][trace] CMS: promo attempt is safe: available(6912212992) >= av_promo(0), max_promo(813760936)
[2025-06-12T01:39:44.011+0000][2422.296s][7367][7459][info ] Application time: 30.0023309 seconds
[2025-06-12T01:39:44.011+0000][2422.296s][7367][7459][info ] Entering safepoint region: Cleanup
[2025-06-12T01:39:44.011+0000][2422.296s][7367][7459][info ] Leaving safepoint region
[2025-06-12T01:39:44.011+0000][2422.296s][7367][7459][info ] Total time for which application threads were stopped: 0.0001390 seconds, Stopping threads took: 0.0000270 seconds
[2025-06-12T01:39:45.796+0000][2424.081s][7367][7458][trace] CMS: promo attempt is safe: available(6912212992) >= av_promo(0), max_promo(813760936)
[2025-06-12T01:39:55.795+0000][2434.080s][7367][7458][trace] CMS: promo attempt is safe: available(6912212992) >= av_promo(0), max_promo(813760936)
[2025-06-12T01:39:58.012+0000][2436.297s][7367][7459][info ] Application time: 14.0011129 seconds
[2025-06-12T01:39:58.012+0000][2436.297s][7367][7459][info ] Entering safepoint region: Cleanup
[2025-06-12T01:39:58.012+0000][2436.297s][7367][7459][info ] Leaving safepoint region
[2025-06-12T01:39:58.012+0000][2436.297s][7367][7459][info ] Total time for which application threads were stopped: 0.0001835 seconds, Stopping threads took: 0.0000394 seconds
[2025-06-12T01:40:05.794+0000][2444.079s][7367][7458][trace] CMS: promo attempt is safe: available(6912212992) >= av_promo(0), max_promo(813760936)
[2025-06-12T01:40:07.013+0000][2445.298s][7367][7459][info ] Application time: 9.0006511 seconds
[2025-06-12T01:40:07.013+0000][2445.298s][7367][7459][info ] Entering safepoint region: Cleanup
[2025-06-12T01:40:07.013+0000][2445.298s][7367][7459][info ] Leaving safepoint region
[2025-06-12T01:40:07.013+0000][2445.298s][7367][7459][info ] Total time for which application threads were stopped: 0.0001304 seconds, Stopping threads took: 0.0000273 seconds
[2025-06-12T01:40:15.014+0000][2453.299s][7367][7459][info ] Application time: 8.0006425 seconds
[2025-06-12T01:40:15.014+0000][2453.299s][7367][7459][info ] Entering safepoint region: Cleanup
[2025-06-12T01:40:15.014+0000][2453.299s][7367][7459][info ] Leaving safepoint region
[2025-06-12T01:40:15.014+0000][2453.299s][7367][7459][info ] Total time for which application threads were stopped: 0.0001761 seconds, Stopping threads took: 0.0000260 seconds
[2025-06-12T01:40:15.794+0000][2454.079s][7367][7458][trace] CMS: promo attempt is safe: available(6912212992) >= av_promo(0), max_promo(813760936)
[2025-06-12T01:40:22.015+0000][2460.299s][7367][7459][info ] Application time: 7.0005842 seconds
[2025-06-12T01:40:22.015+0000][2460.300s][7367][7459][info ] Entering safepoint region: Cleanup
[2025-06-12T01:40:22.015+0000][2460.300s][7367][7459][info ] Leaving safepoint region
[2025-06-12T01:40:22.015+0000][2460.300s][7367][7459][info ] Total time for which application threads were stopped: 0.0001603 seconds, Stopping threads took: 0.0000264 seconds
[2025-06-12T01:40:25.794+0000][2464.079s][7367][7458][trace] CMS: promo attempt is safe: available(6912212992) >= av_promo(0), max_promo(813760936)
[2025-06-12T01:40:35.793+0000][2474.078s][7367][7458][trace] CMS: promo attempt is safe: available(6912212992) >= av_promo(0), max_promo(813760936)
[2025-06-12T01:40:37.016+0000][2475.301s][7367][7459][info ] Application time: 15.0012359 seconds
[2025-06-12T01:40:37.016+0000][2475.301s][7367][7459][info ] Entering safepoint region: Cleanup
[2025-06-12T01:40:37.016+0000][2475.301s][7367][7459][info ] Leaving safepoint region
[2025-06-12T01:40:37.016+0000][2475.301s][7367][7459][info ] Total time for which application threads were stopped: 0.0001894 seconds, Stopping threads took: 0.0000488 seconds
[2025-06-12T01:40:45.792+0000][2484.077s][7367][7458][trace] CMS: promo attempt is safe: available(6912212992) >= av_promo(0), max_promo(813760936)
[2025-06-12T01:40:53.017+0000][2491.302s][7367][7459][info ] Application time: 16.0012266 seconds
[2025-06-12T01:40:53.018+0000][2491.303s][7367][7459][info ] Entering safepoint region: Cleanup
[2025-06-12T01:40:53.018+0000][2491.303s][7367][7459][info ] Leaving safepoint region
[2025-06-12T01:40:53.018+0000][2491.303s][7367][7459][info ] Total time for which application threads were stopped: 0.0001600 seconds, Stopping threads took: 0.0000387 seconds
[2025-06-12T01:40:55.792+0000][2494.077s][7367][7458][trace] CMS: promo attempt is safe: available(6912212992) >= av_promo(0), max_promo(813760936)
[2025-06-12T01:41:05.791+0000][2504.076s][7367][7458][trace] CMS: promo attempt is safe: available(6912212992) >= av_promo(0), max_promo(813760936)
[2025-06-12T01:41:10.019+0000][2508.304s][7367][7459][info ] Application time: 17.0013912 seconds
[2025-06-12T01:41:10.019+0000][2508.304s][7367][7459][info ] Entering safepoint region: Cleanup
[2025-06-12T01:41:10.019+0000][2508.304s][7367][7459][info ] Leaving safepoint region
[2025-06-12T01:41:10.019+0000][2508.304s][7367][7459][info ] Total time for which application threads were stopped: 0.0001289 seconds, Stopping threads took: 0.0000277 seconds
[2025-06-12T01:41:15.790+0000][2514.075s][7367][7458][trace] CMS: promo attempt is safe: available(6912212992) >= av_promo(0), max_promo(813760936)
[2025-06-12T01:41:18.020+0000][2516.305s][7367][7459][info ] Application time: 8.0006751 seconds
[2025-06-12T01:41:18.020+0000][2516.305s][7367][7459][info ] Entering safepoint region: Cleanup
[2025-06-12T01:41:18.020+0000][2516.305s][7367][7459][info ] Leaving safepoint region
[2025-06-12T01:41:18.020+0000][2516.305s][7367][7459][info ] Total time for which application threads were stopped: 0.0002145 seconds, Stopping threads took: 0.0000344 seconds
[2025-06-12T01:41:25.021+0000][2523.306s][7367][7459][info ] Application time: 7.0005843 seconds
[2025-06-12T01:41:25.021+0000][2523.306s][7367][7459][info ] Entering safepoint region: Cleanup
[2025-06-12T01:41:25.021+0000][2523.306s][7367][7459][info ] Leaving safepoint region
[2025-06-12T01:41:25.021+0000][2523.306s][7367][7459][info ] Total time for which application threads were stopped: 0.0001778 seconds, Stopping threads took: 0.0000280 seconds
[2025-06-12T01:41:25.790+0000][2524.075s][7367][7458][trace] CMS: promo attempt is safe: available(6912212992) >= av_promo(0), max_promo(813760936)
[2025-06-12T01:41:27.021+0000][2525.306s][7367][7459][info ] Application time: 2.0001928 seconds
[2025-06-12T01:41:27.021+0000][2525.306s][7367][7459][info ] Entering safepoint region: Cleanup
[2025-06-12T01:41:27.021+0000][2525.306s][7367][7459][info ] Leaving safepoint region
[2025-06-12T01:41:27.022+0000][2525.306s][7367][7459][info ] Total time for which application threads were stopped: 0.0001565 seconds, Stopping threads took: 0.0000370 seconds
[2025-06-12T01:41:35.790+0000][2534.075s][7367][7458][trace] CMS: promo attempt is safe: available(6912212992) >= av_promo(0), max_promo(813760936)
[2025-06-12T01:41:40.023+0000][2538.308s][7367][7459][info ] Application time: 13.0011311 seconds
[2025-06-12T01:41:40.023+0000][2538.308s][7367][7459][info ] Entering safepoint region: Cleanup
[2025-06-12T01:41:40.023+0000][2538.308s][7367][7459][info ] Leaving safepoint region
[2025-06-12T01:41:40.023+0000][2538.308s][7367][7459][info ] Total time for which application threads were stopped: 0.0001727 seconds, Stopping threads took: 0.0000414 seconds
[2025-06-12T01:41:45.789+0000][2544.074s][7367][7458][trace] CMS: promo attempt is safe: available(6912212992) >= av_promo(0), max_promo(813760936)
[2025-06-12T01:41:46.023+0000][2544.308s][7367][7459][info ] Application time: 6.0005023 seconds
[2025-06-12T01:41:46.024+0000][2544.308s][7367][7459][info ] Entering safepoint region: Cleanup
[2025-06-12T01:41:46.024+0000][2544.309s][7367][7459][info ] Leaving safepoint region
[2025-06-12T01:41:46.024+0000][2544.309s][7367][7459][info ] Total time for which application threads were stopped: 0.0001810 seconds, Stopping threads took: 0.0000408 seconds
[2025-06-12T01:41:47.024+0000][2545.309s][7367][7459][info ] Application time: 1.0000839 seconds
[2025-06-12T01:41:47.024+0000][2545.309s][7367][7459][info ] Entering safepoint region: Cleanup
[2025-06-12T01:41:47.024+0000][2545.309s][7367][7459][info ] Leaving safepoint region
[2025-06-12T01:41:47.024+0000][2545.309s][7367][7459][info ] Total time for which application threads were stopped: 0.0001745 seconds, Stopping threads took: 0.0000372 seconds
[2025-06-12T01:41:55.789+0000][2554.074s][7367][7458][trace] CMS: promo attempt is safe: available(6912212992) >= av_promo(0), max_promo(813760936)
[2025-06-12T01:41:57.025+0000][2555.310s][7367][7459][info ] Application time: 10.0011601 seconds
[2025-06-12T01:41:57.025+0000][2555.310s][7367][7459][info ] Entering safepoint region: Cleanup
[2025-06-12T01:41:57.025+0000][2555.310s][7367][7459][info ] Leaving safepoint region
[2025-06-12T01:41:57.025+0000][2555.310s][7367][7459][info ] Total time for which application threads were stopped: 0.0001872 seconds, Stopping threads took: 0.0000377 seconds
[2025-06-12T01:42:05.789+0000][2564.074s][7367][7458][trace] CMS: promo attempt is safe: available(6912212992) >= av_promo(0), max_promo(813760936)
[2025-06-12T01:42:10.027+0000][2568.312s][7367][7459][info ] Application time: 13.0011433 seconds
[2025-06-12T01:42:10.027+0000][2568.312s][7367][7459][info ] Entering safepoint region: Cleanup
[2025-06-12T01:42:10.027+0000][2568.312s][7367][7459][info ] Leaving safepoint region
[2025-06-12T01:42:10.027+0000][2568.312s][7367][7459][info ] Total time for which application threads were stopped: 0.0002123 seconds, Stopping threads took: 0.0000351 seconds
[2025-06-12T01:42:15.788+0000][2574.073s][7367][7458][trace] CMS: promo attempt is safe: available(6912212992) >= av_promo(0), max_promo(813760936)
[2025-06-12T01:42:25.787+0000][2584.072s][7367][7458][trace] CMS: promo attempt is safe: available(6912212992) >= av_promo(0), max_promo(813760936)
[2025-06-12T01:42:35.029+0000][2593.314s][7367][7459][info ] Application time: 25.0024449 seconds
[2025-06-12T01:42:35.029+0000][2593.314s][7367][7459][info ] Entering safepoint region: Cleanup
[2025-06-12T01:42:35.030+0000][2593.315s][7367][7459][info ] Leaving safepoint region
[2025-06-12T01:42:35.030+0000][2593.315s][7367][7459][info ] Total time for which application threads were stopped: 0.0001777 seconds, Stopping threads took: 0.0000388 seconds
[2025-06-12T01:42:35.787+0000][2594.072s][7367][7458][trace] CMS: promo attempt is safe: available(6912212992) >= av_promo(0), max_promo(813760936)
[2025-06-12T01:42:44.030+0000][2602.315s][7367][7459][info ] Application time: 9.0007808 seconds
[2025-06-12T01:42:44.031+0000][2602.316s][7367][7459][info ] Entering safepoint region: Cleanup
[2025-06-12T01:42:44.031+0000][2602.316s][7367][7459][info ] Leaving safepoint region
[2025-06-12T01:42:44.031+0000][2602.316s][7367][7459][info ] Total time for which application threads were stopped: 0.0001738 seconds, Stopping threads took: 0.0000362 seconds
[2025-06-12T01:42:45.787+0000][2604.072s][7367][7458][trace] CMS: promo attempt is safe: available(6912212992) >= av_promo(0), max_promo(813760936)
[2025-06-12T01:42:47.031+0000][2605.316s][7367][7459][info ] Application time: 3.0002742 seconds
[2025-06-12T01:42:47.031+0000][2605.316s][7367][7459][info ] Entering safepoint region: Cleanup
[2025-06-12T01:42:47.031+0000][2605.316s][7367][7459][info ] Leaving safepoint region
[2025-06-12T01:42:47.031+0000][2605.316s][7367][7459][info ] Total time for which application threads were stopped: 0.0001866 seconds, Stopping threads took: 0.0000386 seconds
[2025-06-12T01:42:55.786+0000][2614.071s][7367][7458][trace] CMS: promo attempt is safe: available(6912212992) >= av_promo(0), max_promo(813760936)
[2025-06-12T01:42:57.034+0000][2615.319s][7367][7459][info ] Application time: 10.0023988 seconds
[2025-06-12T01:42:57.034+0000][2615.319s][7367][7459][info ] Entering safepoint region: Cleanup
[2025-06-12T01:42:57.034+0000][2615.319s][7367][7459][info ] Leaving safepoint region
[2025-06-12T01:42:57.034+0000][2615.319s][7367][7459][info ] Total time for which application threads were stopped: 0.0001534 seconds, Stopping threads took: 0.0000338 seconds
[2025-06-12T01:43:05.786+0000][2624.071s][7367][7458][trace] CMS: promo attempt is safe: available(6912212992) >= av_promo(0), max_promo(813760936)
[2025-06-12T01:43:14.036+0000][2632.321s][7367][7459][info ] Application time: 17.0020255 seconds
[2025-06-12T01:43:14.036+0000][2632.321s][7367][7459][info ] Entering safepoint region: Cleanup
[2025-06-12T01:43:14.036+0000][2632.321s][7367][7459][info ] Leaving safepoint region
[2025-06-12T01:43:14.036+0000][2632.321s][7367][7459][info ] Total time for which application threads were stopped: 0.0002159 seconds, Stopping threads took: 0.0000363 seconds
[2025-06-12T01:43:15.785+0000][2634.070s][7367][7458][trace] CMS: promo attempt is safe: available(6912212992) >= av_promo(0), max_promo(813760936)
[2025-06-12T01:43:25.785+0000][2644.070s][7367][7458][trace] CMS: promo attempt is safe: available(6912212992) >= av_promo(0), max_promo(827182736)
[2025-06-12T01:43:35.784+0000][2654.069s][7367][7458][trace] CMS: promo attempt is safe: available(6912212992) >= av_promo(0), max_promo(827182736)
[2025-06-12T01:43:44.039+0000][2662.324s][7367][7459][info ] Application time: 30.0023565 seconds
[2025-06-12T01:43:44.039+0000][2662.324s][7367][7459][info ] Entering safepoint region: Cleanup
[2025-06-12T01:43:44.039+0000][2662.324s][7367][7459][info ] Leaving safepoint region
[2025-06-12T01:43:44.039+0000][2662.324s][7367][7459][info ] Total time for which application threads were stopped: 0.0001702 seconds, Stopping threads took: 0.0000360 seconds
[2025-06-12T01:43:45.783+0000][2664.068s][7367][7458][trace] CMS: promo attempt is safe: available(6912212992) >= av_promo(0), max_promo(827182736)
[2025-06-12T01:43:47.039+0000][2665.324s][7367][7459][info ] Application time: 3.0002752 seconds
[2025-06-12T01:43:47.039+0000][2665.324s][7367][7459][info ] Entering safepoint region: Cleanup
[2025-06-12T01:43:47.039+0000][2665.324s][7367][7459][info ] Leaving safepoint region
[2025-06-12T01:43:47.039+0000][2665.324s][7367][7459][info ] Total time for which application threads were stopped: 0.0001273 seconds, Stopping threads took: 0.0000242 seconds
[2025-06-12T01:43:55.782+0000][2674.067s][7367][7458][trace] CMS: promo attempt is safe: available(6912212992) >= av_promo(0), max_promo(827182736)
[2025-06-12T01:44:05.782+0000][2684.067s][7367][7458][trace] CMS: promo attempt is safe: available(6912212992) >= av_promo(0), max_promo(827182736)
[2025-06-12T01:44:14.041+0000][2692.326s][7367][7459][info ] Application time: 27.0020360 seconds
[2025-06-12T01:44:14.041+0000][2692.326s][7367][7459][info ] Entering safepoint region: Cleanup
[2025-06-12T01:44:14.042+0000][2692.327s][7367][7459][info ] Leaving safepoint region
[2025-06-12T01:44:14.042+0000][2692.327s][7367][7459][info ] Total time for which application threads were stopped: 0.0001202 seconds, Stopping threads took: 0.0000255 seconds
[2025-06-12T01:44:15.782+0000][2694.067s][7367][7458][trace] CMS: promo attempt is safe: available(6912212992) >= av_promo(0), max_promo(827182736)
[2025-06-12T01:44:25.781+0000][2704.066s][7367][7458][trace] CMS: promo attempt is safe: available(6912212992) >= av_promo(0), max_promo(827182736)
[2025-06-12T01:44:27.043+0000][2705.328s][7367][7459][info ] Application time: 13.0010022 seconds
[2025-06-12T01:44:27.043+0000][2705.328s][7367][7459][info ] Entering safepoint region: Cleanup
[2025-06-12T01:44:27.043+0000][2705.328s][7367][7459][info ] Leaving safepoint region
[2025-06-12T01:44:27.043+0000][2705.328s][7367][7459][info ] Total time for which application threads were stopped: 0.0001606 seconds, Stopping threads took: 0.0000292 seconds
[2025-06-12T01:44:35.781+0000][2714.066s][7367][7458][trace] CMS: promo attempt is safe: available(6912212992) >= av_promo(0), max_promo(827182736)
[2025-06-12T01:44:45.780+0000][2724.065s][7367][7458][trace] CMS: promo attempt is safe: available(6912212992) >= av_promo(0), max_promo(827182736)
[2025-06-12T01:44:55.779+0000][2734.064s][7367][7458][trace] CMS: promo attempt is safe: available(6912212992) >= av_promo(0), max_promo(827182736)
[2025-06-12T01:45:05.778+0000][2744.063s][7367][7458][trace] CMS: promo attempt is safe: available(6912212992) >= av_promo(0), max_promo(827182736)
[2025-06-12T01:45:15.047+0000][2753.332s][7367][7459][info ] Application time: 48.0037369 seconds
[2025-06-12T01:45:15.047+0000][2753.332s][7367][7459][info ] Entering safepoint region: Cleanup
[2025-06-12T01:45:15.047+0000][2753.332s][7367][7459][info ] Leaving safepoint region
[2025-06-12T01:45:15.047+0000][2753.332s][7367][7459][info ] Total time for which application threads were stopped: 0.0001493 seconds, Stopping threads took: 0.0000308 seconds
[2025-06-12T01:45:15.778+0000][2754.063s][7367][7458][trace] CMS: promo attempt is safe: available(6912212992) >= av_promo(0), max_promo(827182736)
[2025-06-12T01:45:25.777+0000][2764.062s][7367][7458][trace] CMS: promo attempt is safe: available(6912212992) >= av_promo(0), max_promo(827182736)
[2025-06-12T01:45:35.776+0000][2774.061s][7367][7458][trace] CMS: promo attempt is safe: available(6912212992) >= av_promo(0), max_promo(827182736)
[2025-06-12T01:45:45.775+0000][2784.060s][7367][7458][trace] CMS: promo attempt is safe: available(6912212992) >= av_promo(0), max_promo(827182736)
[2025-06-12T01:45:55.774+0000][2794.059s][7367][7458][trace] CMS: promo attempt is safe: available(6912212992) >= av_promo(0), max_promo(827182736)
[2025-06-12T01:46:05.774+0000][2804.059s][7367][7458][trace] CMS: promo attempt is safe: available(6912212992) >= av_promo(0), max_promo(827182736)
[2025-06-12T01:46:15.773+0000][2814.058s][7367][7458][trace] CMS: promo attempt is safe: available(6912212992) >= av_promo(0), max_promo(840605544)
[2025-06-12T01:46:25.772+0000][2824.057s][7367][7458][trace] CMS: promo attempt is safe: available(6912212992) >= av_promo(0), max_promo(840605544)
[2025-06-12T01:46:35.771+0000][2834.056s][7367][7458][trace] CMS: promo attempt is safe: available(6912212992) >= av_promo(0), max_promo(840605544)
[2025-06-12T01:46:45.770+0000][2844.055s][7367][7458][trace] CMS: promo attempt is safe: available(6912212992) >= av_promo(0), max_promo(840605544)
[2025-06-12T01:46:47.054+0000][2845.339s][7367][7459][info ] Application time: 92.0070377 seconds
[2025-06-12T01:46:47.054+0000][2845.339s][7367][7459][info ] Entering safepoint region: Cleanup
[2025-06-12T01:46:47.054+0000][2845.339s][7367][7459][info ] Leaving safepoint region
[2025-06-12T01:46:47.054+0000][2845.339s][7367][7459][info ] Total time for which application threads were stopped: 0.0001367 seconds, Stopping threads took: 0.0000290 seconds
[2025-06-12T01:46:55.770+0000][2854.055s][7367][7458][trace] CMS: promo attempt is safe: available(6912212992) >= av_promo(0), max_promo(840605544)
[2025-06-12T01:47:05.769+0000][2864.054s][7367][7458][trace] CMS: promo attempt is safe: available(6912212992) >= av_promo(0), max_promo(840605544)
[2025-06-12T01:47:15.768+0000][2874.053s][7367][7458][trace] CMS: promo attempt is safe: available(6912212992) >= av_promo(0), max_promo(840605544)
[2025-06-12T01:47:25.768+0000][2884.052s][7367][7458][trace] CMS: promo attempt is safe: available(6912212992) >= av_promo(0), max_promo(842522960)
[2025-06-12T01:47:35.767+0000][2894.052s][7367][7458][trace] CMS: promo attempt is safe: available(6912212992) >= av_promo(0), max_promo(842522960)
[2025-06-12T01:47:45.766+0000][2904.051s][7367][7458][trace] CMS: promo attempt is safe: available(6912212992) >= av_promo(0), max_promo(842522960)
[2025-06-12T01:47:55.765+0000][2914.050s][7367][7458][trace] CMS: promo attempt is safe: available(6912212992) >= av_promo(0), max_promo(842522960)
[2025-06-12T01:48:05.764+0000][2924.049s][7367][7458][trace] CMS: promo attempt is safe: available(6912212992) >= av_promo(0), max_promo(842522960)
[2025-06-12T01:48:15.764+0000][2934.048s][7367][7458][trace] CMS: promo attempt is safe: available(6912212992) >= av_promo(0), max_promo(842522960)
[2025-06-12T01:48:18.061+0000][2936.346s][7367][7459][info ] Application time: 91.0071061 seconds
[2025-06-12T01:48:18.062+0000][2936.346s][7367][7459][info ] Entering safepoint region: Cleanup
[2025-06-12T01:48:18.062+0000][2936.347s][7367][7459][info ] Leaving safepoint region
[2025-06-12T01:48:18.062+0000][2936.347s][7367][7459][info ] Total time for which application threads were stopped: 0.0006829 seconds, Stopping threads took: 0.0003617 seconds
[2025-06-12T01:48:25.763+0000][2944.048s][7367][7458][trace] CMS: promo attempt is safe: available(6912212992) >= av_promo(0), max_promo(846357792)
[2025-06-12T01:48:35.762+0000][2954.047s][7367][7458][trace] CMS: promo attempt is safe: available(6912212992) >= av_promo(0), max_promo(846357792)
[2025-06-12T01:48:45.761+0000][2964.046s][7367][7458][trace] CMS: promo attempt is safe: available(6912212992) >= av_promo(0), max_promo(846357792)
[2025-06-12T01:48:55.760+0000][2974.045s][7367][7458][trace] CMS: promo attempt is safe: available(6912212992) >= av_promo(0), max_promo(846357792)
[2025-06-12T01:49:05.760+0000][2984.045s][7367][7458][trace] CMS: promo attempt is safe: available(6912212992) >= av_promo(0), max_promo(846357792)
[2025-06-12T01:49:15.759+0000][2994.044s][7367][7458][trace] CMS: promo attempt is safe: available(6912212992) >= av_promo(0), max_promo(846357792)
[2025-06-12T01:49:25.758+0000][3004.043s][7367][7458][trace] CMS: promo attempt is safe: available(6912212992) >= av_promo(0), max_promo(846357792)
[2025-06-12T01:49:27.067+0000][3005.352s][7367][7459][info ] Application time: 69.0053022 seconds
[2025-06-12T01:49:27.067+0000][3005.352s][7367][7459][info ] Entering safepoint region: Cleanup
[2025-06-12T01:49:27.067+0000][3005.352s][7367][7459][info ] Leaving safepoint region
[2025-06-12T01:49:27.067+0000][3005.352s][7367][7459][info ] Total time for which application threads were stopped: 0.0001226 seconds, Stopping threads took: 0.0000251 seconds
[2025-06-12T01:49:35.757+0000][3014.042s][7367][7458][trace] CMS: promo attempt is safe: available(6912212992) >= av_promo(0), max_promo(846357792)
[2025-06-12T01:49:45.757+0000][3024.042s][7367][7458][trace] CMS: promo attempt is safe: available(6912212992) >= av_promo(0), max_promo(846357792)
[2025-06-12T01:49:55.756+0000][3034.041s][7367][7458][trace] CMS: promo attempt is safe: available(6912212992) >= av_promo(0), max_promo(846357792)
[2025-06-12T01:50:05.755+0000][3044.040s][7367][7458][trace] CMS: promo attempt is safe: available(6912212992) >= av_promo(0), max_promo(846357792)
[2025-06-12T01:50:15.071+0000][3053.356s][7367][7459][info ] Application time: 48.0036793 seconds
[2025-06-12T01:50:15.799+0000][3054.084s][7367][7458][trace] CMS: promo attempt is safe: available(6912212992) >= av_promo(0), max_promo(846357792)
[2025-06-12T01:50:15.943+0000][3054.228s][7367][7459][info ] Entering safepoint region: Cleanup
[2025-06-12T01:50:15.944+0000][3054.228s][7367][7459][info ] Leaving safepoint region
[2025-06-12T01:50:15.944+0000][3054.228s][7367][7459][info ] Total time for which application threads were stopped: 0.7415671 seconds, Stopping threads took: 0.7407295 seconds
[2025-06-12T01:50:16.944+0000][3055.229s][7367][7459][info ] Application time: 1.0001045 seconds
[2025-06-12T01:50:16.944+0000][3055.229s][7367][7459][info ] Entering safepoint region: Cleanup
[2025-06-12T01:50:16.944+0000][3055.229s][7367][7459][info ] Leaving safepoint region
[2025-06-12T01:50:16.944+0000][3055.229s][7367][7459][info ] Total time for which application threads were stopped: 0.0001595 seconds, Stopping threads took: 0.0000278 seconds
[2025-06-12T01:50:18.944+0000][3057.229s][7367][7459][info ] Application time: 2.0001551 seconds
[2025-06-12T01:50:18.944+0000][3057.229s][7367][7459][info ] Entering safepoint region: Cleanup
[2025-06-12T01:50:18.944+0000][3057.229s][7367][7459][info ] Leaving safepoint region
[2025-06-12T01:50:18.944+0000][3057.229s][7367][7459][info ] Total time for which application threads were stopped: 0.0001382 seconds, Stopping threads took: 0.0000303 seconds
[2025-06-12T01:50:25.799+0000][3064.083s][7367][7458][trace] CMS: promo attempt is safe: available(6912212992) >= av_promo(0), max_promo(846357792)
[2025-06-12T01:50:35.798+0000][3074.083s][7367][7458][trace] CMS: promo attempt is safe: available(6912212992) >= av_promo(0), max_promo(846357792)
[2025-06-12T01:50:45.797+0000][3084.082s][7367][7458][trace] CMS: promo attempt is safe: available(6912212992) >= av_promo(0), max_promo(846357792)
[2025-06-12T01:50:55.796+0000][3094.081s][7367][7458][trace] CMS: promo attempt is safe: available(6912212992) >= av_promo(0), max_promo(846357792)
[2025-06-12T01:51:05.795+0000][3104.080s][7367][7458][trace] CMS: promo attempt is safe: available(6912212992) >= av_promo(0), max_promo(846357792)
[2025-06-12T01:51:15.794+0000][3114.079s][7367][7458][trace] CMS: promo attempt is safe: available(6912212992) >= av_promo(0), max_promo(846357792)
[2025-06-12T01:51:17.949+0000][3116.234s][7367][7459][info ] Application time: 59.0046002 seconds
[2025-06-12T01:51:17.949+0000][3116.234s][7367][7459][info ] Entering safepoint region: Cleanup
[2025-06-12T01:51:17.949+0000][3116.234s][7367][7459][info ] Leaving safepoint region
[2025-06-12T01:51:17.949+0000][3116.234s][7367][7459][info ] Total time for which application threads were stopped: 0.0001350 seconds, Stopping threads took: 0.0000286 seconds
[2025-06-12T01:51:25.794+0000][3124.079s][7367][7458][trace] CMS: promo attempt is safe: available(6912212992) >= av_promo(0), max_promo(846357792)
[2025-06-12T01:51:26.950+0000][3125.235s][7367][7459][info ] Application time: 9.0006519 seconds
[2025-06-12T01:51:26.950+0000][3125.235s][7367][7459][info ] Entering safepoint region: Cleanup
[2025-06-12T01:51:26.950+0000][3125.235s][7367][7459][info ] Leaving safepoint region
[2025-06-12T01:51:26.950+0000][3125.235s][7367][7459][info ] Total time for which application threads were stopped: 0.0001371 seconds, Stopping threads took: 0.0000339 seconds
[2025-06-12T01:51:35.794+0000][3134.079s][7367][7458][trace] CMS: promo attempt is safe: available(6912212992) >= av_promo(0), max_promo(846357792)
[2025-06-12T01:51:45.793+0000][3144.078s][7367][7458][trace] CMS: promo attempt is safe: available(6912212992) >= av_promo(0), max_promo(846357792)
[2025-06-12T01:51:50.952+0000][3149.237s][7367][7459][info ] Application time: 24.0019254 seconds
[2025-06-12T01:51:50.952+0000][3149.237s][7367][7459][info ] Entering safepoint region: Cleanup
[2025-06-12T01:51:50.952+0000][3149.237s][7367][7459][info ] Leaving safepoint region
[2025-06-12T01:51:50.952+0000][3149.237s][7367][7459][info ] Total time for which application threads were stopped: 0.0001557 seconds, Stopping threads took: 0.0000277 seconds
[2025-06-12T01:51:55.793+0000][3154.078s][7367][7458][trace] CMS: promo attempt is safe: available(6912212992) >= av_promo(0), max_promo(852110104)
[2025-06-12T01:52:05.792+0000][3164.077s][7367][7458][trace] CMS: promo attempt is safe: available(6912212992) >= av_promo(0), max_promo(852110104)
[2025-06-12T01:52:15.792+0000][3174.077s][7367][7458][trace] CMS: promo attempt is safe: available(6912212992) >= av_promo(0), max_promo(852110104)
[2025-06-12T01:52:18.954+0000][3177.239s][7367][7459][info ] Application time: 28.0022254 seconds
[2025-06-12T01:52:18.954+0000][3177.239s][7367][7459][info ] Entering safepoint region: Cleanup
[2025-06-12T01:52:18.955+0000][3177.240s][7367][7459][info ] Leaving safepoint region
[2025-06-12T01:52:18.955+0000][3177.240s][7367][7459][info ] Total time for which application threads were stopped: 0.0001423 seconds, Stopping threads took: 0.0000299 seconds
[2025-06-12T01:52:25.791+0000][3184.076s][7367][7458][trace] CMS: promo attempt is safe: available(6912212992) >= av_promo(0), max_promo(852110104)
[2025-06-12T01:52:35.790+0000][3194.075s][7367][7458][trace] CMS: promo attempt is safe: available(6912212992) >= av_promo(0), max_promo(852110104)
[2025-06-12T01:52:45.789+0000][3204.074s][7367][7458][trace] CMS: promo attempt is safe: available(6912212992) >= av_promo(0), max_promo(852110104)
[2025-06-12T01:52:47.957+0000][3206.242s][7367][7459][info ] Application time: 29.0023298 seconds
[2025-06-12T01:52:47.957+0000][3206.242s][7367][7459][info ] Entering safepoint region: Cleanup
[2025-06-12T01:52:47.958+0000][3206.243s][7367][7459][info ] Leaving safepoint region
[2025-06-12T01:52:47.958+0000][3206.243s][7367][7459][info ] Total time for which application threads were stopped: 0.0007891 seconds, Stopping threads took: 0.0003826 seconds
[2025-06-12T01:52:48.958+0000][3207.243s][7367][7459][info ] Application time: 1.0001263 seconds
[2025-06-12T01:52:48.958+0000][3207.243s][7367][7459][info ] Entering safepoint region: Cleanup
[2025-06-12T01:52:48.958+0000][3207.243s][7367][7459][info ] Leaving safepoint region
[2025-06-12T01:52:48.958+0000][3207.243s][7367][7459][info ] Total time for which application threads were stopped: 0.0002359 seconds, Stopping threads took: 0.0000311 seconds
[2025-06-12T01:52:55.788+0000][3214.073s][7367][7458][trace] CMS: promo attempt is safe: available(6912212992) >= av_promo(0), max_promo(852110104)
[2025-06-12T01:53:05.788+0000][3224.072s][7367][7458][trace] CMS: promo attempt is safe: available(6912212992) >= av_promo(0), max_promo(852110104)
[2025-06-12T01:53:08.960+0000][3227.245s][7367][7459][info ] Application time: 20.0015756 seconds
[2025-06-12T01:53:08.960+0000][3227.245s][7367][7459][info ] Entering safepoint region: Cleanup
[2025-06-12T01:53:08.960+0000][3227.245s][7367][7459][info ] Leaving safepoint region
[2025-06-12T01:53:08.960+0000][3227.245s][7367][7459][info ] Total time for which application threads were stopped: 0.0001643 seconds, Stopping threads took: 0.0000336 seconds
[2025-06-12T01:53:15.787+0000][3234.072s][7367][7458][trace] CMS: promo attempt is safe: available(6912212992) >= av_promo(0), max_promo(852110104)
[2025-06-12T01:53:18.961+0000][3237.246s][7367][7459][info ] Application time: 10.0008025 seconds
[2025-06-12T01:53:18.961+0000][3237.246s][7367][7459][info ] Entering safepoint region: Cleanup
[2025-06-12T01:53:18.961+0000][3237.246s][7367][7459][info ] Leaving safepoint region
[2025-06-12T01:53:18.961+0000][3237.246s][7367][7459][info ] Total time for which application threads were stopped: 0.0001377 seconds, Stopping threads took: 0.0000253 seconds
[2025-06-12T01:53:21.961+0000][3240.246s][7367][7459][info ] Application time: 3.0002394 seconds
[2025-06-12T01:53:21.961+0000][3240.246s][7367][7459][info ] Entering safepoint region: Cleanup
[2025-06-12T01:53:21.962+0000][3240.246s][7367][7459][info ] Leaving safepoint region
[2025-06-12T01:53:21.962+0000][3240.247s][7367][7459][info ] Total time for which application threads were stopped: 0.0001510 seconds, Stopping threads took: 0.0000301 seconds
[2025-06-12T01:53:25.787+0000][3244.072s][7367][7458][trace] CMS: promo attempt is safe: available(6912212992) >= av_promo(0), max_promo(852110104)
[2025-06-12T01:53:35.786+0000][3254.071s][7367][7458][trace] CMS: promo attempt is safe: available(6912212992) >= av_promo(0), max_promo(852110104)
[2025-06-12T01:53:45.785+0000][3264.070s][7367][7458][trace] CMS: promo attempt is safe: available(6912212992) >= av_promo(0), max_promo(852110104)
[2025-06-12T01:53:55.784+0000][3274.069s][7367][7458][trace] CMS: promo attempt is safe: available(6912212992) >= av_promo(0), max_promo(852110104)
[2025-06-12T01:54:05.783+0000][3284.068s][7367][7458][trace] CMS: promo attempt is safe: available(6912212992) >= av_promo(0), max_promo(852110104)
[2025-06-12T01:54:15.782+0000][3294.067s][7367][7458][trace] CMS: promo attempt is safe: available(6912212992) >= av_promo(0), max_promo(852110104)
[2025-06-12T01:54:17.966+0000][3296.251s][7367][7459][info ] Application time: 56.0043674 seconds
[2025-06-12T01:54:17.966+0000][3296.251s][7367][7459][info ] Entering safepoint region: Cleanup
[2025-06-12T01:54:17.966+0000][3296.251s][7367][7459][info ] Leaving safepoint region
[2025-06-12T01:54:17.966+0000][3296.251s][7367][7459][info ] Total time for which application threads were stopped: 0.0001558 seconds, Stopping threads took: 0.0000275 seconds
[2025-06-12T01:54:18.966+0000][3297.251s][7367][7459][info ] Application time: 1.0000845 seconds
[2025-06-12T01:54:18.966+0000][3297.251s][7367][7459][info ] Entering safepoint region: Cleanup
[2025-06-12T01:54:18.966+0000][3297.251s][7367][7459][info ] Leaving safepoint region
[2025-06-12T01:54:18.966+0000][3297.251s][7367][7459][info ] Total time for which application threads were stopped: 0.0001222 seconds, Stopping threads took: 0.0000267 seconds
[2025-06-12T01:54:25.782+0000][3304.067s][7367][7458][trace] CMS: promo attempt is safe: available(6912212992) >= av_promo(0), max_promo(852110104)
[2025-06-12T01:54:35.781+0000][3314.066s][7367][7458][trace] CMS: promo attempt is safe: available(6912212992) >= av_promo(0), max_promo(852110104)
[2025-06-12T01:54:45.780+0000][3324.065s][7367][7458][trace] CMS: promo attempt is safe: available(6912212992) >= av_promo(0), max_promo(852110104)
[2025-06-12T01:54:48.969+0000][3327.254s][7367][7459][info ] Application time: 30.0024437 seconds
[2025-06-12T01:54:48.969+0000][3327.254s][7367][7459][info ] Entering safepoint region: Cleanup
[2025-06-12T01:54:48.969+0000][3327.254s][7367][7459][info ] Leaving safepoint region
[2025-06-12T01:54:48.969+0000][3327.254s][7367][7459][info ] Total time for which application threads were stopped: 0.0001331 seconds, Stopping threads took: 0.0000259 seconds
[2025-06-12T01:54:55.779+0000][3334.064s][7367][7458][trace] CMS: promo attempt is safe: available(6912212992) >= av_promo(0), max_promo(852110104)
[2025-06-12T01:55:05.778+0000][3344.063s][7367][7458][trace] CMS: promo attempt is safe: available(6912212992) >= av_promo(0), max_promo(852110104)
[2025-06-12T01:55:15.777+0000][3354.062s][7367][7458][trace] CMS: promo attempt is safe: available(6912212992) >= av_promo(0), max_promo(852110104)
[2025-06-12T01:55:16.971+0000][3355.256s][7367][7459][info ] Application time: 28.0021984 seconds
[2025-06-12T01:55:16.971+0000][3355.256s][7367][7459][info ] Entering safepoint region: Cleanup
[2025-06-12T01:55:16.971+0000][3355.256s][7367][7459][info ] Leaving safepoint region
[2025-06-12T01:55:16.971+0000][3355.256s][7367][7459][info ] Total time for which application threads were stopped: 0.0001513 seconds, Stopping threads took: 0.0000283 seconds
[2025-06-12T01:55:25.778+0000][3364.063s][7367][7458][trace] CMS: promo attempt is safe: available(6912212992) >= av_promo(0), max_promo(865531896)
[2025-06-12T01:55:35.777+0000][3374.062s][7367][7458][trace] CMS: promo attempt is safe: available(6912212992) >= av_promo(0), max_promo(865531896)
[2025-06-12T01:55:36.973+0000][3375.258s][7367][7459][info ] Application time: 20.0015196 seconds
[2025-06-12T01:55:36.973+0000][3375.258s][7367][7459][info ] Entering safepoint region: Cleanup
[2025-06-12T01:55:36.973+0000][3375.258s][7367][7459][info ] Leaving safepoint region
[2025-06-12T01:55:36.973+0000][3375.258s][7367][7459][info ] Total time for which application threads were stopped: 0.0001752 seconds, Stopping threads took: 0.0000274 seconds
[2025-06-12T01:55:45.776+0000][3384.061s][7367][7458][trace] CMS: promo attempt is safe: available(6912212992) >= av_promo(0), max_promo(865531896)
[2025-06-12T01:55:48.974+0000][3387.259s][7367][7459][info ] Application time: 12.0009056 seconds
[2025-06-12T01:55:48.974+0000][3387.259s][7367][7459][info ] Entering safepoint region: Cleanup
[2025-06-12T01:55:48.974+0000][3387.259s][7367][7459][info ] Leaving safepoint region
[2025-06-12T01:55:48.974+0000][3387.259s][7367][7459][info ] Total time for which application threads were stopped: 0.0001440 seconds, Stopping threads took: 0.0000271 seconds
[2025-06-12T01:55:55.777+0000][3394.061s][7367][7458][trace] CMS: promo attempt is safe: available(6912212992) >= av_promo(0), max_promo(865531896)
[2025-06-12T01:56:05.776+0000][3404.061s][7367][7458][trace] CMS: promo attempt is safe: available(6912212992) >= av_promo(0), max_promo(865531896)
[2025-06-12T01:56:15.775+0000][3414.060s][7367][7458][trace] CMS: promo attempt is safe: available(6912212992) >= av_promo(0), max_promo(865531896)
[2025-06-12T01:56:18.977+0000][3417.262s][7367][7459][info ] Application time: 30.0023328 seconds
[2025-06-12T01:56:18.977+0000][3417.262s][7367][7459][info ] Entering safepoint region: Cleanup
[2025-06-12T01:56:18.977+0000][3417.262s][7367][7459][info ] Leaving safepoint region
[2025-06-12T01:56:18.977+0000][3417.262s][7367][7459][info ] Total time for which application threads were stopped: 0.0001816 seconds, Stopping threads took: 0.0000359 seconds
[2025-06-12T01:56:25.774+0000][3424.059s][7367][7458][trace] CMS: promo attempt is safe: available(6912212992) >= av_promo(0), max_promo(865531896)
[2025-06-12T01:56:35.773+0000][3434.058s][7367][7458][trace] CMS: promo attempt is safe: available(6912212992) >= av_promo(0), max_promo(865531896)
[2025-06-12T01:56:41.979+0000][3440.264s][7367][7459][info ] Application time: 23.0017879 seconds
[2025-06-12T01:56:41.979+0000][3440.264s][7367][7459][info ] Entering safepoint region: Cleanup
[2025-06-12T01:56:41.979+0000][3440.264s][7367][7459][info ] Leaving safepoint region
[2025-06-12T01:56:41.979+0000][3440.264s][7367][7459][info ] Total time for which application threads were stopped: 0.0001952 seconds, Stopping threads took: 0.0000263 seconds
[2025-06-12T01:56:45.773+0000][3444.058s][7367][7458][trace] CMS: promo attempt is safe: available(6912212992) >= av_promo(0), max_promo(867449312)
[2025-06-12T01:56:46.979+0000][3445.264s][7367][7459][info ] Application time: 5.0003801 seconds
[2025-06-12T01:56:46.979+0000][3445.264s][7367][7459][info ] Entering safepoint region: Cleanup
[2025-06-12T01:56:46.980+0000][3445.265s][7367][7459][info ] Leaving safepoint region
[2025-06-12T01:56:46.980+0000][3445.265s][7367][7459][info ] Total time for which application threads were stopped: 0.0001282 seconds, Stopping threads took: 0.0000256 seconds
[2025-06-12T01:56:48.980+0000][3447.265s][7367][7459][info ] Application time: 2.0001540 seconds
[2025-06-12T01:56:48.980+0000][3447.265s][7367][7459][info ] Entering safepoint region: Cleanup
[2025-06-12T01:56:48.980+0000][3447.265s][7367][7459][info ] Leaving safepoint region
[2025-06-12T01:56:48.980+0000][3447.265s][7367][7459][info ] Total time for which application threads were stopped: 0.0001473 seconds, Stopping threads took: 0.0000261 seconds
[2025-06-12T01:56:55.773+0000][3454.058s][7367][7458][trace] CMS: promo attempt is safe: available(6912212992) >= av_promo(0), max_promo(867449312)
[2025-06-12T01:57:05.772+0000][3464.057s][7367][7458][trace] CMS: promo attempt is safe: available(6912212992) >= av_promo(0), max_promo(867449312)
[2025-06-12T01:57:15.771+0000][3474.056s][7367][7458][trace] CMS: promo attempt is safe: available(6912212992) >= av_promo(0), max_promo(867449312)
[2025-06-12T01:57:16.982+0000][3475.267s][7367][7459][info ] Application time: 28.0021242 seconds
[2025-06-12T01:57:16.982+0000][3475.267s][7367][7459][info ] Entering safepoint region: Cleanup
[2025-06-12T01:57:16.982+0000][3475.267s][7367][7459][info ] Leaving safepoint region
[2025-06-12T01:57:16.982+0000][3475.267s][7367][7459][info ] Total time for which application threads were stopped: 0.0001627 seconds, Stopping threads took: 0.0000302 seconds
[2025-06-12T01:57:25.771+0000][3484.056s][7367][7458][trace] CMS: promo attempt is safe: available(6912212992) >= av_promo(0), max_promo(867449312)
[2025-06-12T01:57:35.771+0000][3494.056s][7367][7458][trace] CMS: promo attempt is safe: available(6912212992) >= av_promo(0), max_promo(867449312)
[2025-06-12T01:57:45.770+0000][3504.055s][7367][7458][trace] CMS: promo attempt is safe: available(6912212992) >= av_promo(0), max_promo(867449312)
[2025-06-12T01:57:55.769+0000][3514.054s][7367][7458][trace] CMS: promo attempt is safe: available(6912212992) >= av_promo(0), max_promo(880871112)
[2025-06-12T01:57:57.986+0000][3516.271s][7367][7459][info ] Application time: 41.0033221 seconds
[2025-06-12T01:57:57.986+0000][3516.271s][7367][7459][info ] Entering safepoint region: Cleanup
[2025-06-12T01:57:57.986+0000][3516.271s][7367][7459][info ] Leaving safepoint region
[2025-06-12T01:57:57.986+0000][3516.271s][7367][7459][info ] Total time for which application threads were stopped: 0.0001912 seconds, Stopping threads took: 0.0000403 seconds
[2025-06-12T01:58:05.768+0000][3524.053s][7367][7458][trace] CMS: promo attempt is safe: available(6912212992) >= av_promo(0), max_promo(880871112)
[2025-06-12T01:58:15.767+0000][3534.052s][7367][7458][trace] CMS: promo attempt is safe: available(6912212992) >= av_promo(0), max_promo(880871112)
[2025-06-12T01:58:25.766+0000][3544.051s][7367][7458][trace] CMS: promo attempt is safe: available(6912212992) >= av_promo(0), max_promo(880871112)
[2025-06-12T01:58:35.766+0000][3554.050s][7367][7458][trace] CMS: promo attempt is safe: available(6912212992) >= av_promo(0), max_promo(880871112)
[2025-06-12T01:58:45.765+0000][3564.050s][7367][7458][trace] CMS: promo attempt is safe: available(6912212992) >= av_promo(0), max_promo(880871112)
[2025-06-12T01:58:48.990+0000][3567.275s][7367][7459][info ] Application time: 51.0042111 seconds
[2025-06-12T01:58:48.990+0000][3567.275s][7367][7459][info ] Entering safepoint region: Cleanup
[2025-06-12T01:58:48.990+0000][3567.275s][7367][7459][info ] Leaving safepoint region
[2025-06-12T01:58:48.990+0000][3567.275s][7367][7459][info ] Total time for which application threads were stopped: 0.0001482 seconds, Stopping threads took: 0.0000325 seconds
[2025-06-12T01:58:55.765+0000][3574.049s][7367][7458][trace] CMS: promo attempt is safe: available(6912212992) >= av_promo(0), max_promo(880871112)
[2025-06-12T01:59:05.764+0000][3584.049s][7367][7458][trace] CMS: promo attempt is safe: available(6912212992) >= av_promo(0), max_promo(880871112)
[2025-06-12T01:59:15.763+0000][3594.048s][7367][7458][trace] CMS: promo attempt is safe: available(6912212992) >= av_promo(0), max_promo(880871112)
[2025-06-12T01:59:19.993+0000][3598.278s][7367][7459][info ] Application time: 31.0024206 seconds
[2025-06-12T01:59:19.993+0000][3598.278s][7367][7459][info ] Entering safepoint region: Cleanup
[2025-06-12T01:59:19.993+0000][3598.278s][7367][7459][info ] Leaving safepoint region
[2025-06-12T01:59:19.993+0000][3598.278s][7367][7459][info ] Total time for which application threads were stopped: 0.0001321 seconds, Stopping threads took: 0.0000282 seconds
[2025-06-12T01:59:25.762+0000][3604.047s][7367][7458][trace] CMS: promo attempt is safe: available(6912212992) >= av_promo(0), max_promo(880871112)
[2025-06-12T01:59:26.994+0000][3605.279s][7367][7459][info ] Application time: 7.0005535 seconds
[2025-06-12T01:59:26.994+0000][3605.279s][7367][7459][info ] Entering safepoint region: Cleanup
[2025-06-12T01:59:26.994+0000][3605.279s][7367][7459][info ] Leaving safepoint region
[2025-06-12T01:59:26.994+0000][3605.279s][7367][7459][info ] Total time for which application threads were stopped: 0.0001390 seconds, Stopping threads took: 0.0000285 seconds
[2025-06-12T01:59:35.762+0000][3614.047s][7367][7458][trace] CMS: promo attempt is safe: available(6912212992) >= av_promo(0), max_promo(880871112)
[2025-06-12T01:59:40.995+0000][3619.280s][7367][7459][info ] Application time: 14.0011587 seconds
[2025-06-12T01:59:40.995+0000][3619.280s][7367][7459][info ] Entering safepoint region: Cleanup
[2025-06-12T01:59:40.995+0000][3619.280s][7367][7459][info ] Leaving safepoint region
[2025-06-12T01:59:40.995+0000][3619.280s][7367][7459][info ] Total time for which application threads were stopped: 0.0001225 seconds, Stopping threads took: 0.0000258 seconds
[2025-06-12T01:59:41.995+0000][3620.280s][7367][7459][info ] Application time: 1.0000927 seconds
[2025-06-12T01:59:41.995+0000][3620.280s][7367][7459][info ] Entering safepoint region: Cleanup
[2025-06-12T01:59:41.995+0000][3620.280s][7367][7459][info ] Leaving safepoint region
[2025-06-12T01:59:41.995+0000][3620.280s][7367][7459][info ] Total time for which application threads were stopped: 0.0001963 seconds, Stopping threads took: 0.0000278 seconds
[2025-06-12T01:59:42.996+0000][3621.281s][7367][7459][info ] Application time: 1.0000835 seconds
[2025-06-12T01:59:42.996+0000][3621.281s][7367][7459][info ] Entering safepoint region: Cleanup
[2025-06-12T01:59:42.996+0000][3621.281s][7367][7459][info ] Leaving safepoint region
[2025-06-12T01:59:42.996+0000][3621.281s][7367][7459][info ] Total time for which application threads were stopped: 0.0001645 seconds, Stopping threads took: 0.0000295 seconds
[2025-06-12T01:59:43.996+0000][3622.281s][7367][7459][info ] Application time: 1.0000964 seconds
[2025-06-12T01:59:43.996+0000][3622.281s][7367][7459][info ] Entering safepoint region: Cleanup
[2025-06-12T01:59:43.997+0000][3622.282s][7367][7459][info ] Leaving safepoint region
[2025-06-12T01:59:43.997+0000][3622.282s][7367][7459][info ] Total time for which application threads were stopped: 0.0006188 seconds, Stopping threads took: 0.0001749 seconds
[2025-06-12T01:59:44.997+0000][3623.282s][7367][7459][info ] Application time: 1.0000848 seconds
[2025-06-12T01:59:44.997+0000][3623.282s][7367][7459][info ] Entering safepoint region: Cleanup
[2025-06-12T01:59:44.997+0000][3623.282s][7367][7459][info ] Leaving safepoint region
[2025-06-12T01:59:44.997+0000][3623.282s][7367][7459][info ] Total time for which application threads were stopped: 0.0001623 seconds, Stopping threads took: 0.0000311 seconds
[2025-06-12T01:59:45.762+0000][3624.047s][7367][7458][trace] CMS: promo attempt is safe: available(6912212992) >= av_promo(0), max_promo(913138320)
[2025-06-12T01:59:48.997+0000][3627.282s][7367][7459][info ] Application time: 4.0003044 seconds
[2025-06-12T01:59:48.997+0000][3627.282s][7367][7459][info ] Entering safepoint region: Cleanup
[2025-06-12T01:59:48.997+0000][3627.282s][7367][7459][info ] Leaving safepoint region
[2025-06-12T01:59:48.997+0000][3627.282s][7367][7459][info ] Total time for which application threads were stopped: 0.0001229 seconds, Stopping threads took: 0.0000262 seconds
[2025-06-12T01:59:55.762+0000][3634.047s][7367][7458][trace] CMS: promo attempt is safe: available(6912212992) >= av_promo(0), max_promo(913138320)
[2025-06-12T02:00:05.761+0000][3644.046s][7367][7458][trace] CMS: promo attempt is safe: available(6912212992) >= av_promo(0), max_promo(913138320)
[2025-06-12T02:00:15.760+0000][3654.045s][7367][7458][trace] CMS: promo attempt is safe: available(6912212992) >= av_promo(0), max_promo(913138320)
[2025-06-12T02:00:17.000+0000][3655.285s][7367][7459][info ] Application time: 28.0022282 seconds
[2025-06-12T02:00:17.000+0000][3655.285s][7367][7459][info ] Entering safepoint region: Cleanup
[2025-06-12T02:00:17.000+0000][3655.285s][7367][7459][info ] Leaving safepoint region
[2025-06-12T02:00:17.000+0000][3655.285s][7367][7459][info ] Total time for which application threads were stopped: 0.0002090 seconds, Stopping threads took: 0.0000387 seconds
[2025-06-12T02:00:18.000+0000][3656.285s][7367][7459][info ] Application time: 1.0000912 seconds
[2025-06-12T02:00:18.000+0000][3656.285s][7367][7459][info ] Entering safepoint region: Cleanup
[2025-06-12T02:00:18.000+0000][3656.285s][7367][7459][info ] Leaving safepoint region
[2025-06-12T02:00:18.000+0000][3656.285s][7367][7459][info ] Total time for which application threads were stopped: 0.0002127 seconds, Stopping threads took: 0.0000685 seconds
[2025-06-12T02:00:25.760+0000][3664.044s][7367][7458][trace] CMS: promo attempt is safe: available(6912212992) >= av_promo(0), max_promo(914186912)
[2025-06-12T02:00:35.759+0000][3674.044s][7367][7458][trace] CMS: promo attempt is safe: available(6912212992) >= av_promo(0), max_promo(914186912)
[2025-06-12T02:00:45.758+0000][3684.043s][7367][7458][trace] CMS: promo attempt is safe: available(6912212992) >= av_promo(0), max_promo(914186912)
[2025-06-12T02:00:46.003+0000][3684.288s][7367][7459][info ] Application time: 28.0022882 seconds
[2025-06-12T02:00:46.003+0000][3684.288s][7367][7459][info ] Entering safepoint region: Cleanup
[2025-06-12T02:00:46.003+0000][3684.288s][7367][7459][info ] Leaving safepoint region
[2025-06-12T02:00:46.003+0000][3684.288s][7367][7459][info ] Total time for which application threads were stopped: 0.0001608 seconds, Stopping threads took: 0.0000286 seconds
[2025-06-12T02:00:55.757+0000][3694.042s][7367][7458][trace] CMS: promo attempt is safe: available(6912212992) >= av_promo(0), max_promo(914186912)
[2025-06-12T02:01:05.756+0000][3704.041s][7367][7458][trace] CMS: promo attempt is safe: available(6912212992) >= av_promo(0), max_promo(914186912)
[2025-06-12T02:01:15.755+0000][3714.040s][7367][7458][trace] CMS: promo attempt is safe: available(6912212992) >= av_promo(0), max_promo(914186912)
[2025-06-12T02:01:18.006+0000][3716.291s][7367][7459][info ] Application time: 32.0031673 seconds
[2025-06-12T02:01:18.006+0000][3716.291s][7367][7459][info ] Entering safepoint region: Cleanup
[2025-06-12T02:01:18.006+0000][3716.291s][7367][7459][info ] Leaving safepoint region
[2025-06-12T02:01:18.006+0000][3716.291s][7367][7459][info ] Total time for which application threads were stopped: 0.0001454 seconds, Stopping threads took: 0.0000293 seconds
[2025-06-12T02:01:25.755+0000][3724.040s][7367][7458][trace] CMS: promo attempt is safe: available(6912212992) >= av_promo(0), max_promo(914186912)
[2025-06-12T02:01:35.755+0000][3734.040s][7367][7458][trace] CMS: promo attempt is safe: available(6912212992) >= av_promo(0), max_promo(927609720)
[2025-06-12T02:01:45.754+0000][3744.039s][7367][7458][trace] CMS: promo attempt is safe: available(6912212992) >= av_promo(0), max_promo(927609720)
[2025-06-12T02:01:49.020+0000][3747.305s][7367][7459][info ] Application time: 31.0135952 seconds
[2025-06-12T02:01:49.020+0000][3747.305s][7367][7459][info ] Entering safepoint region: Cleanup
[2025-06-12T02:01:49.020+0000][3747.305s][7367][7459][info ] Leaving safepoint region
[2025-06-12T02:01:49.020+0000][3747.305s][7367][7459][info ] Total time for which application threads were stopped: 0.0002458 seconds, Stopping threads took: 0.0000474 seconds
[2025-06-12T02:01:55.753+0000][3754.038s][7367][7458][trace] CMS: promo attempt is safe: available(6912212992) >= av_promo(0), max_promo(927609720)
[2025-06-12T02:02:05.753+0000][3764.038s][7367][7458][trace] CMS: promo attempt is safe: available(6912212992) >= av_promo(0), max_promo(927609720)
[2025-06-12T02:02:07.022+0000][3765.307s][7367][7459][info ] Application time: 18.0015944 seconds
[2025-06-12T02:02:07.022+0000][3765.307s][7367][7459][info ] Entering safepoint region: Cleanup
[2025-06-12T02:02:07.022+0000][3765.307s][7367][7459][info ] Leaving safepoint region
[2025-06-12T02:02:07.022+0000][3765.307s][7367][7459][info ] Total time for which application threads were stopped: 0.0001356 seconds, Stopping threads took: 0.0000294 seconds
[2025-06-12T02:02:09.022+0000][3767.307s][7367][7459][info ] Application time: 2.0001738 seconds
[2025-06-12T02:02:09.022+0000][3767.307s][7367][7459][info ] Entering safepoint region: Cleanup
[2025-06-12T02:02:09.022+0000][3767.307s][7367][7459][info ] Leaving safepoint region
[2025-06-12T02:02:09.022+0000][3767.307s][7367][7459][info ] Total time for which application threads were stopped: 0.0001320 seconds, Stopping threads took: 0.0000265 seconds
[2025-06-12T02:02:15.753+0000][3774.038s][7367][7458][trace] CMS: promo attempt is safe: available(6912212992) >= av_promo(0), max_promo(927609720)
[2025-06-12T02:02:18.023+0000][3776.308s][7367][7459][info ] Application time: 9.0007289 seconds
[2025-06-12T02:02:18.023+0000][3776.308s][7367][7459][info ] Entering safepoint region: Cleanup
[2025-06-12T02:02:18.023+0000][3776.308s][7367][7459][info ] Leaving safepoint region
[2025-06-12T02:02:18.023+0000][3776.308s][7367][7459][info ] Total time for which application threads were stopped: 0.0001342 seconds, Stopping threads took: 0.0000287 seconds
[2025-06-12T02:02:19.024+0000][3777.308s][7367][7459][info ] Application time: 1.0000815 seconds
[2025-06-12T02:02:19.024+0000][3777.309s][7367][7459][info ] Entering safepoint region: Cleanup
[2025-06-12T02:02:19.024+0000][3777.309s][7367][7459][info ] Leaving safepoint region
[2025-06-12T02:02:19.024+0000][3777.309s][7367][7459][info ] Total time for which application threads were stopped: 0.0001175 seconds, Stopping threads took: 0.0000250 seconds
[2025-06-12T02:02:25.752+0000][3784.037s][7367][7458][trace] CMS: promo attempt is safe: available(6912212992) >= av_promo(0), max_promo(927609720)
[2025-06-12T02:02:27.024+0000][3785.309s][7367][7459][info ] Application time: 8.0006315 seconds
[2025-06-12T02:02:27.024+0000][3785.309s][7367][7459][info ] Entering safepoint region: Cleanup
[2025-06-12T02:02:27.024+0000][3785.309s][7367][7459][info ] Leaving safepoint region
[2025-06-12T02:02:27.025+0000][3785.309s][7367][7459][info ] Total time for which application threads were stopped: 0.0001308 seconds, Stopping threads took: 0.0000265 seconds
[2025-06-12T02:02:35.752+0000][3794.037s][7367][7458][trace] CMS: promo attempt is safe: available(6912212992) >= av_promo(0), max_promo(927609720)
[2025-06-12T02:02:37.025+0000][3795.310s][7367][7459][info ] Application time: 10.0008259 seconds
[2025-06-12T02:02:37.025+0000][3795.310s][7367][7459][info ] Entering safepoint region: Cleanup
[2025-06-12T02:02:37.026+0000][3795.310s][7367][7459][info ] Leaving safepoint region
[2025-06-12T02:02:37.026+0000][3795.310s][7367][7459][info ] Total time for which application threads were stopped: 0.0001372 seconds, Stopping threads took: 0.0000287 seconds
[2025-06-12T02:02:45.752+0000][3804.037s][7367][7458][trace] CMS: promo attempt is safe: available(6912212992) >= av_promo(0), max_promo(927609720)
[2025-06-12T02:02:55.751+0000][3814.036s][7367][7458][trace] CMS: promo attempt is safe: available(6912212992) >= av_promo(0), max_promo(927609720)
[2025-06-12T02:03:05.750+0000][3824.035s][7367][7458][trace] CMS: promo attempt is safe: available(6912212992) >= av_promo(0), max_promo(927609720)
[2025-06-12T02:03:15.749+0000][3834.034s][7367][7458][trace] CMS: promo attempt is safe: available(6912212992) >= av_promo(0), max_promo(927609720)
[2025-06-12T02:03:25.748+0000][3844.033s][7367][7458][trace] CMS: promo attempt is safe: available(6912212992) >= av_promo(0), max_promo(927609720)
[2025-06-12T02:03:35.747+0000][3854.032s][7367][7458][trace] CMS: promo attempt is safe: available(6912212992) >= av_promo(0), max_promo(927609720)
[2025-06-12T02:03:45.747+0000][3864.032s][7367][7458][trace] CMS: promo attempt is safe: available(6912212992) >= av_promo(0), max_promo(927609720)
[2025-06-12T02:03:55.746+0000][3874.031s][7367][7458][trace] CMS: promo attempt is safe: available(6912212992) >= av_promo(0), max_promo(929527136)
[2025-06-12T02:03:57.032+0000][3875.317s][7367][7459][info ] Application time: 80.0064763 seconds
[2025-06-12T02:03:57.032+0000][3875.317s][7367][7459][info ] Entering safepoint region: Cleanup
[2025-06-12T02:03:57.032+0000][3875.317s][7367][7459][info ] Leaving safepoint region
[2025-06-12T02:03:57.032+0000][3875.317s][7367][7459][info ] Total time for which application threads were stopped: 0.0001304 seconds, Stopping threads took: 0.0000270 seconds
[2025-06-12T02:04:05.745+0000][3884.030s][7367][7458][trace] CMS: promo attempt is safe: available(6912212992) >= av_promo(0), max_promo(929527136)
[2025-06-12T02:04:07.033+0000][3885.318s][7367][7459][info ] Application time: 10.0008715 seconds
[2025-06-12T02:04:07.033+0000][3885.318s][7367][7459][info ] Entering safepoint region: Cleanup
[2025-06-12T02:04:07.033+0000][3885.318s][7367][7459][info ] Leaving safepoint region
[2025-06-12T02:04:07.033+0000][3885.318s][7367][7459][info ] Total time for which application threads were stopped: 0.0001265 seconds, Stopping threads took: 0.0000268 seconds
[2025-06-12T02:04:15.745+0000][3894.030s][7367][7458][trace] CMS: promo attempt is safe: available(6912212992) >= av_promo(0), max_promo(929527136)
[2025-06-12T02:04:17.034+0000][3895.319s][7367][7459][info ] Application time: 10.0009777 seconds
[2025-06-12T02:04:17.034+0000][3895.319s][7367][7459][info ] Entering safepoint region: Cleanup
[2025-06-12T02:04:17.034+0000][3895.319s][7367][7459][info ] Leaving safepoint region
[2025-06-12T02:04:17.034+0000][3895.319s][7367][7459][info ] Total time for which application threads were stopped: 0.0001356 seconds, Stopping threads took: 0.0000388 seconds
[2025-06-12T02:04:25.745+0000][3904.030s][7367][7458][trace] CMS: promo attempt is safe: available(6912212992) >= av_promo(0), max_promo(929527136)
[2025-06-12T02:04:28.035+0000][3906.320s][7367][7459][info ] Application time: 11.0009416 seconds
[2025-06-12T02:04:28.036+0000][3906.320s][7367][7459][info ] Entering safepoint region: Cleanup
[2025-06-12T02:04:28.036+0000][3906.321s][7367][7459][info ] Leaving safepoint region
[2025-06-12T02:04:28.036+0000][3906.321s][7367][7459][info ] Total time for which application threads were stopped: 0.0001370 seconds, Stopping threads took: 0.0000302 seconds
[2025-06-12T02:04:34.036+0000][3912.321s][7367][7459][info ] Application time: 6.0004897 seconds
[2025-06-12T02:04:34.036+0000][3912.321s][7367][7459][info ] Entering safepoint region: Cleanup
[2025-06-12T02:04:34.036+0000][3912.321s][7367][7459][info ] Leaving safepoint region
[2025-06-12T02:04:34.036+0000][3912.321s][7367][7459][info ] Total time for which application threads were stopped: 0.0001235 seconds, Stopping threads took: 0.0000258 seconds
[2025-06-12T02:04:35.744+0000][3914.029s][7367][7458][trace] CMS: promo attempt is safe: available(6912212992) >= av_promo(0), max_promo(929527136)
[2025-06-12T02:04:37.037+0000][3915.322s][7367][7459][info ] Application time: 3.0002754 seconds
[2025-06-12T02:04:37.037+0000][3915.322s][7367][7459][info ] Entering safepoint region: Cleanup
[2025-06-12T02:04:37.037+0000][3915.322s][7367][7459][info ] Leaving safepoint region
[2025-06-12T02:04:37.037+0000][3915.322s][7367][7459][info ] Total time for which application threads were stopped: 0.0001674 seconds, Stopping threads took: 0.0000376 seconds
[2025-06-12T02:04:45.744+0000][3924.029s][7367][7458][trace] CMS: promo attempt is safe: available(6912212992) >= av_promo(0), max_promo(929527136)
[2025-06-12T02:04:49.038+0000][3927.323s][7367][7459][info ] Application time: 12.0010139 seconds
[2025-06-12T02:04:49.038+0000][3927.323s][7367][7459][info ] Entering safepoint region: Cleanup
[2025-06-12T02:04:49.038+0000][3927.323s][7367][7459][info ] Leaving safepoint region
[2025-06-12T02:04:49.038+0000][3927.323s][7367][7459][info ] Total time for which application threads were stopped: 0.0001301 seconds, Stopping threads took: 0.0000287 seconds
[2025-06-12T02:04:55.743+0000][3934.028s][7367][7458][trace] CMS: promo attempt is safe: available(6912212992) >= av_promo(0), max_promo(929527136)
[2025-06-12T02:04:57.039+0000][3935.324s][7367][7459][info ] Application time: 8.0006696 seconds
[2025-06-12T02:04:57.039+0000][3935.324s][7367][7459][info ] Entering safepoint region: Cleanup
[2025-06-12T02:04:57.039+0000][3935.324s][7367][7459][info ] Leaving safepoint region
[2025-06-12T02:04:57.039+0000][3935.324s][7367][7459][info ] Total time for which application threads were stopped: 0.0001727 seconds, Stopping threads took: 0.0000260 seconds
[2025-06-12T02:05:05.743+0000][3944.028s][7367][7458][trace] CMS: promo attempt is safe: available(6912212992) >= av_promo(0), max_promo(929527136)
[2025-06-12T02:05:15.742+0000][3954.027s][7367][7458][trace] CMS: promo attempt is safe: available(6912212992) >= av_promo(0), max_promo(929527136)
[2025-06-12T02:05:17.041+0000][3955.326s][7367][7459][info ] Application time: 20.0016229 seconds
[2025-06-12T02:05:17.041+0000][3955.326s][7367][7459][info ] Entering safepoint region: Cleanup
[2025-06-12T02:05:17.041+0000][3955.326s][7367][7459][info ] Leaving safepoint region
[2025-06-12T02:05:17.041+0000][3955.326s][7367][7459][info ] Total time for which application threads were stopped: 0.0001498 seconds, Stopping threads took: 0.0000300 seconds
[2025-06-12T02:05:25.742+0000][3964.027s][7367][7458][trace] CMS: promo attempt is safe: available(6912212992) >= av_promo(0), max_promo(929527136)
[2025-06-12T02:05:34.042+0000][3972.327s][7367][7459][info ] Application time: 17.0014655 seconds
[2025-06-12T02:05:34.042+0000][3972.327s][7367][7459][info ] Entering safepoint region: Cleanup
[2025-06-12T02:05:34.043+0000][3972.328s][7367][7459][info ] Leaving safepoint region
[2025-06-12T02:05:34.043+0000][3972.328s][7367][7459][info ] Total time for which application threads were stopped: 0.0001549 seconds, Stopping threads took: 0.0000311 seconds
[2025-06-12T02:05:35.742+0000][3974.027s][7367][7458][trace] CMS: promo attempt is safe: available(6912212992) >= av_promo(0), max_promo(929527136)
[2025-06-12T02:05:37.043+0000][3975.328s][7367][7459][info ] Application time: 3.0002574 seconds
[2025-06-12T02:05:37.043+0000][3975.328s][7367][7459][info ] Entering safepoint region: Cleanup
[2025-06-12T02:05:37.043+0000][3975.328s][7367][7459][info ] Leaving safepoint region
[2025-06-12T02:05:37.043+0000][3975.328s][7367][7459][info ] Total time for which application threads were stopped: 0.0001933 seconds, Stopping threads took: 0.0000734 seconds
[2025-06-12T02:05:45.741+0000][3984.026s][7367][7458][trace] CMS: promo attempt is safe: available(6912212992) >= av_promo(0), max_promo(929527136)
[2025-06-12T02:05:55.740+0000][3994.025s][7367][7458][trace] CMS: promo attempt is safe: available(6912212992) >= av_promo(0), max_promo(929527136)
[2025-06-12T02:06:05.740+0000][4004.024s][7367][7458][trace] CMS: promo attempt is safe: available(6912212992) >= av_promo(0), max_promo(929527136)
[2025-06-12T02:06:15.739+0000][4014.024s][7367][7458][trace] CMS: promo attempt is safe: available(6912212992) >= av_promo(0), max_promo(929527136)
[2025-06-12T02:06:25.738+0000][4024.023s][7367][7458][trace] CMS: promo attempt is safe: available(6912212992) >= av_promo(0), max_promo(929527136)
[2025-06-12T02:06:35.737+0000][4034.022s][7367][7458][trace] CMS: promo attempt is safe: available(6912212992) >= av_promo(0), max_promo(929527136)
[2025-06-12T02:06:45.736+0000][4044.021s][7367][7458][trace] CMS: promo attempt is safe: available(6912212992) >= av_promo(0), max_promo(929527136)
[2025-06-12T02:06:51.049+0000][4049.334s][7367][7459][info ] Application time: 74.0059367 seconds
[2025-06-12T02:06:51.049+0000][4049.334s][7367][7459][info ] Entering safepoint region: Cleanup
[2025-06-12T02:06:51.049+0000][4049.334s][7367][7459][info ] Leaving safepoint region
[2025-06-12T02:06:51.049+0000][4049.334s][7367][7459][info ] Total time for which application threads were stopped: 0.0001299 seconds, Stopping threads took: 0.0000290 seconds
[2025-06-12T02:06:55.735+0000][4054.020s][7367][7458][trace] CMS: promo attempt is safe: available(6912212992) >= av_promo(0), max_promo(929527136)
[2025-06-12T02:07:05.735+0000][4064.019s][7367][7458][trace] CMS: promo attempt is safe: available(6912212992) >= av_promo(0), max_promo(929527136)
[2025-06-12T02:07:15.734+0000][4074.019s][7367][7458][trace] CMS: promo attempt is safe: available(6912212992) >= av_promo(0), max_promo(929527136)
[2025-06-12T02:07:25.733+0000][4084.018s][7367][7458][trace] CMS: promo attempt is safe: available(6912212992) >= av_promo(0), max_promo(929527136)
[2025-06-12T02:07:35.732+0000][4094.017s][7367][7458][trace] CMS: promo attempt is safe: available(6912212992) >= av_promo(0), max_promo(929527136)
[2025-06-12T02:07:45.731+0000][4104.016s][7367][7458][trace] CMS: promo attempt is safe: available(6912212992) >= av_promo(0), max_promo(929527136)
[2025-06-12T02:07:55.730+0000][4114.015s][7367][7458][trace] CMS: promo attempt is safe: available(6912212992) >= av_promo(0), max_promo(929527136)
[2025-06-12T02:08:05.729+0000][4124.014s][7367][7458][trace] CMS: promo attempt is safe: available(6912212992) >= av_promo(0), max_promo(929527136)
[2025-06-12T02:08:15.729+0000][4134.014s][7367][7458][trace] CMS: promo attempt is safe: available(6912212992) >= av_promo(0), max_promo(929527136)
[2025-06-12T02:08:25.728+0000][4144.013s][7367][7458][trace] CMS: promo attempt is safe: available(6912212992) >= av_promo(0), max_promo(929527136)
[2025-06-12T02:08:35.727+0000][4154.012s][7367][7458][trace] CMS: promo attempt is safe: available(6912212992) >= av_promo(0), max_promo(929527136)
[2025-06-12T02:08:45.726+0000][4164.011s][7367][7458][trace] CMS: promo attempt is safe: available(6912212992) >= av_promo(0), max_promo(929527136)
[2025-06-12T02:08:55.725+0000][4174.010s][7367][7458][trace] CMS: promo attempt is safe: available(6912212992) >= av_promo(0), max_promo(929527136)
[2025-06-12T02:09:05.725+0000][4184.010s][7367][7458][trace] CMS: promo attempt is safe: available(6912212992) >= av_promo(0), max_promo(929527136)
[2025-06-12T02:09:15.724+0000][4194.009s][7367][7458][trace] CMS: promo attempt is safe: available(6912212992) >= av_promo(0), max_promo(929527136)
[2025-06-12T02:09:25.723+0000][4204.008s][7367][7458][trace] CMS: promo attempt is safe: available(6912212992) >= av_promo(0), max_promo(929527136)
[2025-06-12T02:09:35.722+0000][4214.007s][7367][7458][trace] CMS: promo attempt is safe: available(6912212992) >= av_promo(0), max_promo(929527136)
[2025-06-12T02:09:45.721+0000][4224.006s][7367][7458][trace] CMS: promo attempt is safe: available(6912212992) >= av_promo(0), max_promo(929527136)
[2025-06-12T02:09:55.721+0000][4234.006s][7367][7458][trace] CMS: promo attempt is safe: available(6912212992) >= av_promo(0), max_promo(929527136)
[2025-06-12T02:10:05.723+0000][4244.008s][7367][7458][trace] CMS: promo attempt is safe: available(6912212992) >= av_promo(0), max_promo(929527136)
[2025-06-12T02:10:15.722+0000][4254.007s][7367][7458][trace] CMS: promo attempt is safe: available(6912212992) >= av_promo(0), max_promo(929527136)
[2025-06-12T02:10:17.067+0000][4255.352s][7367][7459][info ] Application time: 206.0173657 seconds
[2025-06-12T02:10:17.067+0000][4255.352s][7367][7459][info ] Entering safepoint region: Cleanup
[2025-06-12T02:10:17.067+0000][4255.352s][7367][7459][info ] Leaving safepoint region
[2025-06-12T02:10:17.067+0000][4255.352s][7367][7459][info ] Total time for which application threads were stopped: 0.0001230 seconds, Stopping threads took: 0.0000266 seconds
[2025-06-12T02:10:19.067+0000][4257.352s][7367][7459][info ] Application time: 2.0001959 seconds
[2025-06-12T02:10:19.067+0000][4257.352s][7367][7459][info ] Entering safepoint region: Cleanup
[2025-06-12T02:10:19.067+0000][4257.352s][7367][7459][info ] Leaving safepoint region
[2025-06-12T02:10:19.067+0000][4257.352s][7367][7459][info ] Total time for which application threads were stopped: 0.0001775 seconds, Stopping threads took: 0.0000295 seconds
[2025-06-12T02:10:25.723+0000][4264.008s][7367][7458][trace] CMS: promo attempt is safe: available(6912212992) >= av_promo(0), max_promo(942948944)
[2025-06-12T02:10:35.722+0000][4274.007s][7367][7458][trace] CMS: promo attempt is safe: available(6912212992) >= av_promo(0), max_promo(942948944)
[2025-06-12T02:10:45.723+0000][4284.008s][7367][7458][trace] CMS: promo attempt is safe: available(6912212992) >= av_promo(0), max_promo(942948944)
[2025-06-12T02:10:49.070+0000][4287.355s][7367][7459][info ] Application time: 30.0026299 seconds
[2025-06-12T02:10:49.070+0000][4287.355s][7367][7459][info ] Entering safepoint region: Cleanup
[2025-06-12T02:10:49.070+0000][4287.355s][7367][7459][info ] Leaving safepoint region
[2025-06-12T02:10:49.070+0000][4287.355s][7367][7459][info ] Total time for which application threads were stopped: 0.0001626 seconds, Stopping threads took: 0.0000323 seconds
[2025-06-12T02:10:55.722+0000][4294.007s][7367][7458][trace] CMS: promo attempt is safe: available(6912212992) >= av_promo(0), max_promo(942948944)
[2025-06-12T02:11:05.722+0000][4304.006s][7367][7458][trace] CMS: promo attempt is safe: available(6912212992) >= av_promo(0), max_promo(942948944)
[2025-06-12T02:11:15.721+0000][4314.006s][7367][7458][trace] CMS: promo attempt is safe: available(6912212992) >= av_promo(0), max_promo(942948944)
[2025-06-12T02:11:25.720+0000][4324.005s][7367][7458][trace] CMS: promo attempt is safe: available(6912212992) >= av_promo(0), max_promo(944866360)
[2025-06-12T02:11:29.073+0000][4327.358s][7367][7459][info ] Application time: 40.0032404 seconds
[2025-06-12T02:11:29.073+0000][4327.358s][7367][7459][info ] Entering safepoint region: Cleanup
[2025-06-12T02:11:29.074+0000][4327.359s][7367][7459][info ] Leaving safepoint region
[2025-06-12T02:11:29.074+0000][4327.359s][7367][7459][info ] Total time for which application threads were stopped: 0.0001373 seconds, Stopping threads took: 0.0000293 seconds
[2025-06-12T02:11:35.720+0000][4334.005s][7367][7458][trace] CMS: promo attempt is safe: available(6912212992) >= av_promo(0), max_promo(944866360)
[2025-06-12T02:11:45.719+0000][4344.004s][7367][7458][trace] CMS: promo attempt is safe: available(6912212992) >= av_promo(0), max_promo(958288176)
[2025-06-12T02:11:49.075+0000][4347.360s][7367][7459][info ] Application time: 20.0016519 seconds
[2025-06-12T02:11:49.075+0000][4347.360s][7367][7459][info ] Entering safepoint region: Cleanup
[2025-06-12T02:11:49.075+0000][4347.360s][7367][7459][info ] Leaving safepoint region
[2025-06-12T02:11:49.075+0000][4347.360s][7367][7459][info ] Total time for which application threads were stopped: 0.0001379 seconds, Stopping threads took: 0.0000317 seconds
[2025-06-12T02:11:55.719+0000][4354.004s][7367][7458][trace] CMS: promo attempt is safe: available(6912212992) >= av_promo(0), max_promo(958288176)
[2025-06-12T02:12:05.718+0000][4364.003s][7367][7458][trace] CMS: promo attempt is safe: available(6912212992) >= av_promo(0), max_promo(958288176)
[2025-06-12T02:12:15.717+0000][4374.002s][7367][7458][trace] CMS: promo attempt is safe: available(6912212992) >= av_promo(0), max_promo(958288176)
[2025-06-12T02:12:19.078+0000][4377.363s][7367][7459][info ] Application time: 30.0024547 seconds
[2025-06-12T02:12:19.078+0000][4377.363s][7367][7459][info ] Entering safepoint region: Cleanup
[2025-06-12T02:12:19.078+0000][4377.363s][7367][7459][info ] Leaving safepoint region
[2025-06-12T02:12:19.078+0000][4377.363s][7367][7459][info ] Total time for which application threads were stopped: 0.0001493 seconds, Stopping threads took: 0.0000385 seconds
[2025-06-12T02:12:25.717+0000][4384.002s][7367][7458][trace] CMS: promo attempt is safe: available(6912212992) >= av_promo(0), max_promo(958288176)
[2025-06-12T02:12:35.719+0000][4394.004s][7367][7458][trace] CMS: promo attempt is safe: available(6912212992) >= av_promo(0), max_promo(958288176)
[2025-06-12T02:12:45.718+0000][4404.003s][7367][7458][trace] CMS: promo attempt is safe: available(6912212992) >= av_promo(0), max_promo(958288176)
[2025-06-12T02:12:55.719+0000][4414.004s][7367][7458][trace] CMS: promo attempt is safe: available(6912212992) >= av_promo(0), max_promo(971709976)
[2025-06-12T02:13:05.718+0000][4424.003s][7367][7458][trace] CMS: promo attempt is safe: available(6912212992) >= av_promo(0), max_promo(971709976)
[2025-06-12T02:13:15.719+0000][4434.004s][7367][7458][trace] CMS: promo attempt is safe: available(6912212992) >= av_promo(0), max_promo(971709976)
[2025-06-12T02:13:18.083+0000][4436.368s][7367][7459][info ] Application time: 59.0048333 seconds
[2025-06-12T02:13:18.083+0000][4436.368s][7367][7459][info ] Entering safepoint region: Cleanup
[2025-06-12T02:13:18.083+0000][4436.368s][7367][7459][info ] Leaving safepoint region
[2025-06-12T02:13:18.083+0000][4436.368s][7367][7459][info ] Total time for which application threads were stopped: 0.0001269 seconds, Stopping threads took: 0.0000280 seconds
[2025-06-12T02:13:20.083+0000][4438.368s][7367][7459][info ] Application time: 2.0001406 seconds
[2025-06-12T02:13:20.083+0000][4438.368s][7367][7459][info ] Entering safepoint region: Cleanup
[2025-06-12T02:13:20.084+0000][4438.368s][7367][7459][info ] Leaving safepoint region
[2025-06-12T02:13:20.084+0000][4438.368s][7367][7459][info ] Total time for which application threads were stopped: 0.0001374 seconds, Stopping threads took: 0.0000292 seconds
[2025-06-12T02:13:25.719+0000][4444.004s][7367][7458][trace] CMS: promo attempt is safe: available(6912212992) >= av_promo(0), max_promo(973627400)
[2025-06-12T02:13:35.719+0000][4454.004s][7367][7458][trace] CMS: promo attempt is safe: available(6912212992) >= av_promo(0), max_promo(973627400)
[2025-06-12T02:13:45.719+0000][4464.004s][7367][7458][trace] CMS: promo attempt is safe: available(6912212992) >= av_promo(0), max_promo(973627400)
[2025-06-12T02:13:55.718+0000][4474.003s][7367][7458][trace] CMS: promo attempt is safe: available(6912212992) >= av_promo(0), max_promo(973627400)
[2025-06-12T02:14:05.719+0000][4484.004s][7367][7458][trace] CMS: promo attempt is safe: available(6912212992) >= av_promo(0), max_promo(973627400)
[2025-06-12T02:14:15.719+0000][4494.004s][7367][7458][trace] CMS: promo attempt is safe: available(6912212992) >= av_promo(0), max_promo(973627400)
[2025-06-12T02:14:18.088+0000][4496.373s][7367][7459][info ] Application time: 58.0047504 seconds
[2025-06-12T02:14:18.088+0000][4496.373s][7367][7459][info ] Entering safepoint region: Cleanup
[2025-06-12T02:14:18.088+0000][4496.373s][7367][7459][info ] Leaving safepoint region
[2025-06-12T02:14:18.088+0000][4496.373s][7367][7459][info ] Total time for which application threads were stopped: 0.0001104 seconds, Stopping threads took: 0.0000225 seconds
[2025-06-12T02:14:25.719+0000][4504.004s][7367][7458][trace] CMS: promo attempt is safe: available(6912212992) >= av_promo(0), max_promo(973627400)
[2025-06-12T02:14:35.719+0000][4514.004s][7367][7458][trace] CMS: promo attempt is safe: available(6912212992) >= av_promo(0), max_promo(973627400)
[2025-06-12T02:14:45.719+0000][4524.004s][7367][7458][trace] CMS: promo attempt is safe: available(6912212992) >= av_promo(0), max_promo(973627400)
[2025-06-12T02:14:48.091+0000][4526.376s][7367][7459][info ] Application time: 30.0024139 seconds
[2025-06-12T02:14:48.091+0000][4526.376s][7367][7459][info ] Entering safepoint region: Cleanup
[2025-06-12T02:14:48.091+0000][4526.376s][7367][7459][info ] Leaving safepoint region
[2025-06-12T02:14:48.091+0000][4526.376s][7367][7459][info ] Total time for which application threads were stopped: 0.0001538 seconds, Stopping threads took: 0.0000375 seconds
[2025-06-12T02:14:55.719+0000][4534.004s][7367][7458][trace] CMS: promo attempt is safe: available(6912212992) >= av_promo(0), max_promo(973627400)
[2025-06-12T02:15:05.719+0000][4544.004s][7367][7458][trace] CMS: promo attempt is safe: available(6912212992) >= av_promo(0), max_promo(973627400)
[2025-06-12T02:15:15.719+0000][4554.004s][7367][7458][trace] CMS: promo attempt is safe: available(6912212992) >= av_promo(0), max_promo(973627400)
[2025-06-12T02:15:17.093+0000][4555.378s][7367][7459][info ] Application time: 29.0022971 seconds
[2025-06-12T02:15:17.094+0000][4555.378s][7367][7459][info ] Entering safepoint region: Cleanup
[2025-06-12T02:15:17.094+0000][4555.379s][7367][7459][info ] Leaving safepoint region
[2025-06-12T02:15:17.094+0000][4555.379s][7367][7459][info ] Total time for which application threads were stopped: 0.0001344 seconds, Stopping threads took: 0.0000265 seconds
[2025-06-12T02:15:25.723+0000][4564.008s][7367][7458][trace] CMS: promo attempt is safe: available(6912212992) >= av_promo(0), max_promo(973627400)
[2025-06-12T02:15:29.095+0000][4567.380s][7367][7459][info ] Application time: 12.0009474 seconds
[2025-06-12T02:15:29.095+0000][4567.380s][7367][7459][info ] Entering safepoint region: Cleanup
[2025-06-12T02:15:29.095+0000][4567.380s][7367][7459][info ] Leaving safepoint region
[2025-06-12T02:15:29.095+0000][4567.380s][7367][7459][info ] Total time for which application threads were stopped: 0.0001264 seconds, Stopping threads took: 0.0000267 seconds
[2025-06-12T02:15:35.723+0000][4574.008s][7367][7458][trace] CMS: promo attempt is safe: available(6912212992) >= av_promo(0), max_promo(973627400)
[2025-06-12T02:15:45.722+0000][4584.007s][7367][7458][trace] CMS: promo attempt is safe: available(6912212992) >= av_promo(0), max_promo(973627400)
[2025-06-12T02:15:55.722+0000][4594.007s][7367][7458][trace] CMS: promo attempt is safe: available(6912212992) >= av_promo(0), max_promo(973627400)
[2025-06-12T02:16:05.721+0000][4604.006s][7367][7458][trace] CMS: promo attempt is safe: available(6912212992) >= av_promo(0), max_promo(973627400)
[2025-06-12T02:16:15.721+0000][4614.006s][7367][7458][trace] CMS: promo attempt is safe: available(6912212992) >= av_promo(0), max_promo(973627400)
[2025-06-12T02:16:25.720+0000][4624.005s][7367][7458][trace] CMS: promo attempt is safe: available(6912212992) >= av_promo(0), max_promo(973627400)
[2025-06-12T02:16:35.719+0000][4634.004s][7367][7458][trace] CMS: promo attempt is safe: available(6912212992) >= av_promo(0), max_promo(973627400)
[2025-06-12T02:16:45.718+0000][4644.003s][7367][7458][trace] CMS: promo attempt is safe: available(6912212992) >= av_promo(0), max_promo(973627400)
[2025-06-12T02:16:55.719+0000][4654.004s][7367][7458][trace] CMS: promo attempt is safe: available(6912212992) >= av_promo(0), max_promo(973627400)
[2025-06-12T02:17:05.718+0000][4664.003s][7367][7458][trace] CMS: promo attempt is safe: available(6912212992) >= av_promo(0), max_promo(973627400)
[2025-06-12T02:17:15.717+0000][4674.002s][7367][7458][trace] CMS: promo attempt is safe: available(6912212992) >= av_promo(0), max_promo(973627400)
[2025-06-12T02:17:25.716+0000][4684.001s][7367][7458][trace] CMS: promo attempt is safe: available(6912212992) >= av_promo(0), max_promo(973627400)
[2025-06-12T02:17:35.716+0000][4694.001s][7367][7458][trace] CMS: promo attempt is safe: available(6912212992) >= av_promo(0), max_promo(973627400)
[2025-06-12T02:17:45.715+0000][4704.000s][7367][7458][trace] CMS: promo attempt is safe: available(6912212992) >= av_promo(0), max_promo(973627400)
[2025-06-12T02:17:55.714+0000][4713.999s][7367][7458][trace] CMS: promo attempt is safe: available(6912212992) >= av_promo(0), max_promo(973627400)
[2025-06-12T02:18:05.713+0000][4723.998s][7367][7458][trace] CMS: promo attempt is safe: available(6912212992) >= av_promo(0), max_promo(973627400)
[2025-06-12T02:18:15.712+0000][4733.997s][7367][7458][trace] CMS: promo attempt is safe: available(6912212992) >= av_promo(0), max_promo(973627400)
[2025-06-12T02:18:25.711+0000][4743.996s][7367][7458][trace] CMS: promo attempt is safe: available(6912212992) >= av_promo(0), max_promo(973627400)
[2025-06-12T02:18:35.710+0000][4753.995s][7367][7458][trace] CMS: promo attempt is safe: available(6912212992) >= av_promo(0), max_promo(973627400)
[2025-06-12T02:18:45.710+0000][4763.994s][7367][7458][trace] CMS: promo attempt is safe: available(6912212992) >= av_promo(0), max_promo(973627400)
[2025-06-12T02:18:55.709+0000][4773.994s][7367][7458][trace] CMS: promo attempt is safe: available(6912212992) >= av_promo(0), max_promo(987050208)
[2025-06-12T02:19:05.708+0000][4783.993s][7367][7458][trace] CMS: promo attempt is safe: available(6912212992) >= av_promo(0), max_promo(987050208)
[2025-06-12T02:19:15.707+0000][4793.992s][7367][7458][trace] CMS: promo attempt is safe: available(6912212992) >= av_promo(0), max_promo(987050208)
[2025-06-12T02:19:25.706+0000][4803.991s][7367][7458][trace] CMS: promo attempt is safe: available(6912212992) >= av_promo(0), max_promo(987050208)
[2025-06-12T02:19:35.705+0000][4813.990s][7367][7458][trace] CMS: promo attempt is safe: available(6912212992) >= av_promo(0), max_promo(987050208)
[2025-06-12T02:19:45.705+0000][4823.990s][7367][7458][trace] CMS: promo attempt is safe: available(6912212992) >= av_promo(0), max_promo(987050208)
[2025-06-12T02:19:55.704+0000][4833.989s][7367][7458][trace] CMS: promo attempt is safe: available(6912212992) >= av_promo(0), max_promo(987050208)
[2025-06-12T02:20:05.704+0000][4843.989s][7367][7458][trace] CMS: promo attempt is safe: available(6912212992) >= av_promo(0), max_promo(987050208)
[2025-06-12T02:20:15.704+0000][4853.989s][7367][7458][trace] CMS: promo attempt is safe: available(6912212992) >= av_promo(0), max_promo(987050208)
[2025-06-12T02:20:17.140+0000][4855.425s][7367][7459][info ] Application time: 288.0447853 seconds
[2025-06-12T02:20:17.140+0000][4855.425s][7367][7459][info ] Entering safepoint region: Cleanup
[2025-06-12T02:20:17.140+0000][4855.425s][7367][7459][info ] Leaving safepoint region
[2025-06-12T02:20:17.140+0000][4855.425s][7367][7459][info ] Total time for which application threads were stopped: 0.0001358 seconds, Stopping threads took: 0.0000290 seconds
[2025-06-12T02:20:25.707+0000][4863.992s][7367][7458][trace] CMS: promo attempt is safe: available(6912212992) >= av_promo(0), max_promo(987050208)
[2025-06-12T02:20:35.707+0000][4873.992s][7367][7458][trace] CMS: promo attempt is safe: available(6912212992) >= av_promo(0), max_promo(987050208)
[2025-06-12T02:20:45.706+0000][4883.991s][7367][7458][trace] CMS: promo attempt is safe: available(6912212992) >= av_promo(0), max_promo(987050208)
[2025-06-12T02:20:55.705+0000][4893.990s][7367][7458][trace] CMS: promo attempt is safe: available(6912212992) >= av_promo(0), max_promo(987050208)
[2025-06-12T02:21:05.704+0000][4903.989s][7367][7458][trace] CMS: promo attempt is safe: available(6912212992) >= av_promo(0), max_promo(987050208)
[2025-06-12T02:21:15.704+0000][4913.988s][7367][7458][trace] CMS: promo attempt is safe: available(6912212992) >= av_promo(0), max_promo(987050208)
[2025-06-12T02:21:18.145+0000][4916.430s][7367][7459][info ] Application time: 61.0053220 seconds
[2025-06-12T02:21:18.145+0000][4916.430s][7367][7459][info ] Entering safepoint region: Cleanup
[2025-06-12T02:21:18.145+0000][4916.430s][7367][7459][info ] Leaving safepoint region
[2025-06-12T02:21:18.145+0000][4916.430s][7367][7459][info ] Total time for which application threads were stopped: 0.0001781 seconds, Stopping threads took: 0.0000344 seconds
[2025-06-12T02:21:25.705+0000][4923.990s][7367][7458][trace] CMS: promo attempt is safe: available(6912212992) >= av_promo(0), max_promo(987050208)
[2025-06-12T02:21:35.704+0000][4933.989s][7367][7458][trace] CMS: promo attempt is safe: available(6912212992) >= av_promo(0), max_promo(987050208)
[2025-06-12T02:21:45.703+0000][4943.988s][7367][7458][trace] CMS: promo attempt is safe: available(6912212992) >= av_promo(0), max_promo(987050208)
[2025-06-12T02:21:55.702+0000][4953.987s][7367][7458][trace] CMS: promo attempt is safe: available(6912212992) >= av_promo(0), max_promo(987050208)
[2025-06-12T02:22:05.702+0000][4963.987s][7367][7458][trace] CMS: promo attempt is safe: available(6912212992) >= av_promo(0), max_promo(987050208)
[2025-06-12T02:22:15.701+0000][4973.986s][7367][7458][trace] CMS: promo attempt is safe: available(6912212992) >= av_promo(0), max_promo(987050208)
[2025-06-12T02:22:18.150+0000][4976.435s][7367][7459][info ] Application time: 60.0049234 seconds
[2025-06-12T02:22:18.150+0000][4976.435s][7367][7459][info ] Entering safepoint region: Cleanup
[2025-06-12T02:22:18.150+0000][4976.435s][7367][7459][info ] Leaving safepoint region
[2025-06-12T02:22:18.150+0000][4976.435s][7367][7459][info ] Total time for which application threads were stopped: 0.0001387 seconds, Stopping threads took: 0.0000259 seconds
[2025-06-12T02:22:25.701+0000][4983.986s][7367][7458][trace] CMS: promo attempt is safe: available(6912212992) >= av_promo(0), max_promo(987050208)
[2025-06-12T02:22:35.700+0000][4993.985s][7367][7458][trace] CMS: promo attempt is safe: available(6912212992) >= av_promo(0), max_promo(987050208)
[2025-06-12T02:22:45.699+0000][5003.984s][7367][7458][trace] CMS: promo attempt is safe: available(6912212992) >= av_promo(0), max_promo(987050208)
[2025-06-12T02:22:55.698+0000][5013.983s][7367][7458][trace] CMS: promo attempt is safe: available(6912212992) >= av_promo(0), max_promo(987050208)
[2025-06-12T02:23:05.697+0000][5023.982s][7367][7458][trace] CMS: promo attempt is safe: available(6912212992) >= av_promo(0), max_promo(987050208)
[2025-06-12T02:23:15.696+0000][5033.981s][7367][7458][trace] CMS: promo attempt is safe: available(6912212992) >= av_promo(0), max_promo(987050208)
[2025-06-12T02:23:18.155+0000][5036.440s][7367][7459][info ] Application time: 60.0048111 seconds
[2025-06-12T02:23:18.155+0000][5036.440s][7367][7459][info ] Entering safepoint region: Cleanup
[2025-06-12T02:23:18.155+0000][5036.440s][7367][7459][info ] Leaving safepoint region
[2025-06-12T02:23:18.155+0000][5036.440s][7367][7459][info ] Total time for which application threads were stopped: 0.0001491 seconds, Stopping threads took: 0.0000292 seconds
[2025-06-12T02:23:25.696+0000][5043.981s][7367][7458][trace] CMS: promo attempt is safe: available(6912212992) >= av_promo(0), max_promo(987050208)
[2025-06-12T02:23:35.695+0000][5053.980s][7367][7458][trace] CMS: promo attempt is safe: available(6912212992) >= av_promo(0), max_promo(987050208)
[2025-06-12T02:23:45.694+0000][5063.979s][7367][7458][trace] CMS: promo attempt is safe: available(6912212992) >= av_promo(0), max_promo(987050208)
[2025-06-12T02:23:55.693+0000][5073.978s][7367][7458][trace] CMS: promo attempt is safe: available(6912212992) >= av_promo(0), max_promo(987050208)
[2025-06-12T02:24:05.692+0000][5083.977s][7367][7458][trace] CMS: promo attempt is safe: available(6912212992) >= av_promo(0), max_promo(987050208)
[2025-06-12T02:24:15.691+0000][5093.976s][7367][7458][trace] CMS: promo attempt is safe: available(6912212992) >= av_promo(0), max_promo(987050208)
[2025-06-12T02:24:25.690+0000][5103.975s][7367][7458][trace] CMS: promo attempt is safe: available(6912212992) >= av_promo(0), max_promo(987050208)
[2025-06-12T02:24:35.690+0000][5113.975s][7367][7458][trace] CMS: promo attempt is safe: available(6912212992) >= av_promo(0), max_promo(987050208)
[2025-06-12T02:24:45.689+0000][5123.974s][7367][7458][trace] CMS: promo attempt is safe: available(6912212992) >= av_promo(0), max_promo(987050208)
[2025-06-12T02:24:55.688+0000][5133.973s][7367][7458][trace] CMS: promo attempt is safe: available(6912212992) >= av_promo(0), max_promo(987050208)
[2025-06-12T02:25:05.687+0000][5143.972s][7367][7458][trace] CMS: promo attempt is safe: available(6912212992) >= av_promo(0), max_promo(987050208)
[2025-06-12T02:25:07.165+0000][5145.450s][7367][7459][info ] Application time: 109.0090930 seconds
[2025-06-12T02:25:07.165+0000][5145.450s][7367][7459][info ] Entering safepoint region: Cleanup
[2025-06-12T02:25:07.165+0000][5145.450s][7367][7459][info ] Leaving safepoint region
[2025-06-12T02:25:07.165+0000][5145.450s][7367][7459][info ] Total time for which application threads were stopped: 0.0002670 seconds, Stopping threads took: 0.0000267 seconds
[2025-06-12T02:25:15.687+0000][5153.972s][7367][7458][trace] CMS: promo attempt is safe: available(6912212992) >= av_promo(0), max_promo(987050208)
[2025-06-12T02:25:17.166+0000][5155.451s][7367][7459][info ] Application time: 10.0007984 seconds
[2025-06-12T02:25:17.166+0000][5155.451s][7367][7459][info ] Entering safepoint region: Cleanup
[2025-06-12T02:25:17.166+0000][5155.451s][7367][7459][info ] Leaving safepoint region
[2025-06-12T02:25:17.166+0000][5155.451s][7367][7459][info ] Total time for which application threads were stopped: 0.0001821 seconds, Stopping threads took: 0.0000349 seconds
[2025-06-12T02:25:18.166+0000][5156.451s][7367][7459][info ] Application time: 1.0001046 seconds
[2025-06-12T02:25:18.166+0000][5156.451s][7367][7459][info ] Entering safepoint region: Cleanup
[2025-06-12T02:25:18.166+0000][5156.451s][7367][7459][info ] Leaving safepoint region
[2025-06-12T02:25:18.166+0000][5156.451s][7367][7459][info ] Total time for which application threads were stopped: 0.0001532 seconds, Stopping threads took: 0.0000317 seconds
[2025-06-12T02:25:25.686+0000][5163.971s][7367][7458][trace] CMS: promo attempt is safe: available(6912212992) >= av_promo(0), max_promo(987050208)
[2025-06-12T02:25:27.167+0000][5165.452s][7367][7459][info ] Application time: 9.0007153 seconds
[2025-06-12T02:25:27.167+0000][5165.452s][7367][7459][info ] Entering safepoint region: Cleanup
[2025-06-12T02:25:27.167+0000][5165.452s][7367][7459][info ] Leaving safepoint region
[2025-06-12T02:25:27.167+0000][5165.452s][7367][7459][info ] Total time for which application threads were stopped: 0.0001466 seconds, Stopping threads took: 0.0000322 seconds
[2025-06-12T02:25:35.686+0000][5173.971s][7367][7458][trace] CMS: promo attempt is safe: available(6912212992) >= av_promo(0), max_promo(987050208)
[2025-06-12T02:25:45.686+0000][5183.970s][7367][7458][trace] CMS: promo attempt is safe: available(6912212992) >= av_promo(0), max_promo(987050208)
[2025-06-12T02:25:55.685+0000][5193.970s][7367][7458][trace] CMS: promo attempt is safe: available(6912212992) >= av_promo(0), max_promo(987050208)
[2025-06-12T02:26:05.684+0000][5203.969s][7367][7458][trace] CMS: promo attempt is safe: available(6912212992) >= av_promo(0), max_promo(987050208)
[2025-06-12T02:26:15.683+0000][5213.968s][7367][7458][trace] CMS: promo attempt is safe: available(6912212992) >= av_promo(0), max_promo(987050208)
[2025-06-12T02:26:25.682+0000][5223.967s][7367][7458][trace] CMS: promo attempt is safe: available(6912212992) >= av_promo(0), max_promo(987050208)
[2025-06-12T02:26:35.681+0000][5233.966s][7367][7458][trace] CMS: promo attempt is safe: available(6912212992) >= av_promo(0), max_promo(987050208)
[2025-06-12T02:26:45.681+0000][5243.966s][7367][7458][trace] CMS: promo attempt is safe: available(6912212992) >= av_promo(0), max_promo(1000473016)
[2025-06-12T02:26:55.680+0000][5253.965s][7367][7458][trace] CMS: promo attempt is safe: available(6912212992) >= av_promo(0), max_promo(1000473016)
[2025-06-12T02:27:05.679+0000][5263.964s][7367][7458][trace] CMS: promo attempt is safe: available(6912212992) >= av_promo(0), max_promo(1000473016)
[2025-06-12T02:27:10.176+0000][5268.460s][7367][7459][info ] Application time: 103.0082373 seconds
[2025-06-12T02:27:10.176+0000][5268.461s][7367][7459][info ] Entering safepoint region: Cleanup
[2025-06-12T02:27:10.176+0000][5268.461s][7367][7459][info ] Leaving safepoint region
[2025-06-12T02:27:10.176+0000][5268.461s][7367][7459][info ] Total time for which application threads were stopped: 0.0001644 seconds, Stopping threads took: 0.0000320 seconds
[2025-06-12T02:27:15.679+0000][5273.964s][7367][7458][trace] CMS: promo attempt is safe: available(6912212992) >= av_promo(0), max_promo(1000473016)
[2025-06-12T02:27:25.678+0000][5283.963s][7367][7458][trace] CMS: promo attempt is safe: available(6912212992) >= av_promo(0), max_promo(1000473016)
[2025-06-12T02:27:35.677+0000][5293.962s][7367][7458][trace] CMS: promo attempt is safe: available(6912212992) >= av_promo(0), max_promo(1000473016)
[2025-06-12T02:27:45.676+0000][5303.961s][7367][7458][trace] CMS: promo attempt is safe: available(6912212992) >= av_promo(0), max_promo(1013894816)
[2025-06-12T02:27:55.675+0000][5313.960s][7367][7458][trace] CMS: promo attempt is safe: available(6912212992) >= av_promo(0), max_promo(1013894816)
[2025-06-12T02:28:05.675+0000][5323.960s][7367][7458][trace] CMS: promo attempt is safe: available(6912212992) >= av_promo(0), max_promo(1013894816)
[2025-06-12T02:28:15.674+0000][5333.959s][7367][7458][trace] CMS: promo attempt is safe: available(6912212992) >= av_promo(0), max_promo(1013894816)
[2025-06-12T02:28:25.673+0000][5343.958s][7367][7458][trace] CMS: promo attempt is safe: available(6912212992) >= av_promo(0), max_promo(1013894816)
[2025-06-12T02:28:35.672+0000][5353.957s][7367][7458][trace] CMS: promo attempt is safe: available(6912212992) >= av_promo(0), max_promo(1013894816)
[2025-06-12T02:28:45.671+0000][5363.956s][7367][7458][trace] CMS: promo attempt is safe: available(6912212992) >= av_promo(0), max_promo(1013894816)
[2025-06-12T02:28:55.670+0000][5373.955s][7367][7458][trace] CMS: promo attempt is safe: available(6912212992) >= av_promo(0), max_promo(1013894816)
[2025-06-12T02:29:05.669+0000][5383.954s][7367][7458][trace] CMS: promo attempt is safe: available(6912212992) >= av_promo(0), max_promo(1013894816)
[2025-06-12T02:29:15.669+0000][5393.954s][7367][7458][trace] CMS: promo attempt is safe: available(6912212992) >= av_promo(0), max_promo(1013894816)
[2025-06-12T02:29:21.186+0000][5399.471s][7367][7459][info ] Application time: 131.0104456 seconds
[2025-06-12T02:29:21.186+0000][5399.471s][7367][7459][info ] Entering safepoint region: Cleanup
[2025-06-12T02:29:21.186+0000][5399.471s][7367][7459][info ] Leaving safepoint region
[2025-06-12T02:29:21.186+0000][5399.471s][7367][7459][info ] Total time for which application threads were stopped: 0.0001292 seconds, Stopping threads took: 0.0000284 seconds
[2025-06-12T02:29:25.668+0000][5403.953s][7367][7458][trace] CMS: promo attempt is safe: available(6912212992) >= av_promo(0), max_promo(1013894816)
[2025-06-12T02:29:28.187+0000][5406.472s][7367][7459][info ] Application time: 7.0006145 seconds
[2025-06-12T02:29:28.187+0000][5406.472s][7367][7459][info ] Entering safepoint region: Cleanup
[2025-06-12T02:29:28.187+0000][5406.472s][7367][7459][info ] Leaving safepoint region
[2025-06-12T02:29:28.187+0000][5406.472s][7367][7459][info ] Total time for which application threads were stopped: 0.0001632 seconds, Stopping threads took: 0.0000253 seconds
[2025-06-12T02:29:30.187+0000][5408.472s][7367][7459][info ] Application time: 2.0001848 seconds
[2025-06-12T02:29:30.187+0000][5408.472s][7367][7459][info ] Entering safepoint region: Cleanup
[2025-06-12T02:29:30.188+0000][5408.472s][7367][7459][info ] Leaving safepoint region
[2025-06-12T02:29:30.188+0000][5408.473s][7367][7459][info ] Total time for which application threads were stopped: 0.0001324 seconds, Stopping threads took: 0.0000226 seconds
[2025-06-12T02:29:31.652+0000][5409.937s][7367][7458][trace] CMS: promo attempt is safe: available(6912212992) >= av_promo(0), max_promo(1104553376)
[2025-06-12T02:29:31.652+0000][5409.937s][7367][19673][info ] Heap
[2025-06-12T02:29:31.652+0000][5409.937s][7367][19673][info ]  par new generation   total 1474560K, used 1078665K [0x0000000600000000, 0x0000000664000000, 0x0000000664000000)
[2025-06-12T02:29:31.652+0000][5409.937s][7367][19673][info ]   eden space 1310720K,  79% used [0x0000000600000000, 0x000000063f6d4928, 0x0000000650000000)
[2025-06-12T02:29:31.652+0000][5409.937s][7367][19673][info ]   from space 163840K,  24% used [0x000000065a000000, 0x000000065c68dc78, 0x0000000664000000)
[2025-06-12T02:29:31.652+0000][5409.937s][7367][19673][info ]   to   space 163840K,   0% used [0x0000000650000000, 0x0000000650000000, 0x000000065a000000)
[2025-06-12T02:29:31.652+0000][5409.937s][7367][19673][info ]  concurrent mark-sweep generation total 6750208K, used 0K [0x0000000664000000, 0x0000000800000000, 0x0000000800000000)
[2025-06-12T02:29:31.652+0000][5409.937s][7367][19673][info ]  Metaspace       used 61705K, capacity 63648K, committed 63844K, reserved 1105920K
[2025-06-12T02:29:31.652+0000][5409.937s][7367][19673][info ]   class space    used 6759K, capacity 7589K, committed 7612K, reserved 1048576K
[2025-06-12T02:29:31.653+0000][5409.938s][7367][19673][debug] Accumulated young generation GC time 0.0910908 secs, 1 GC's, avg GC time 0.0910908
[2025-06-12T02:29:31.653+0000][5409.938s][7367][19673][debug] Accumulated old generation GC time 0.0000000 secs, 0 GC's, avg GC time 0.0000000
[2025-06-12T02:29:31.653+0000][5409.938s][7367][7459 ][info ] Application time: 1.4651767 seconds
[2025-06-12T02:29:31.660+0000][5409.945s][7367][7459 ][info ] Entering safepoint region: Exit
