[2025-06-12T10:46:01.411+0000][0.010s][9637][9642][debug] Minimum heap 8589934592  Initial heap 8589934592  Maximum heap 8589934592
[2025-06-12T10:46:01.411+0000][0.010s][9637][9642][trace] 1: Minimum young 1677721600  Initial young 1677721600  Maximum young 1677721600
[2025-06-12T10:46:01.411+0000][0.010s][9637][9642][trace] Minimum old 65536  Initial old 6912212992  Maximum old 6912212992
[2025-06-12T10:46:01.411+0000][0.010s][9637][9642][trace] Trying to allocate at address 0x0000000600000000 heap of size 0x200000000
[2025-06-12T10:46:29.431+0000][28.029s][9637][9642][info ] Using Concurrent Mark Sweep
[2025-06-12T10:46:29.431+0000][28.030s][9637][9642][info ] Heap address: 0x0000000600000000, size: 8192 MB, Compressed Oops mode: Zero based, Oop shift amount: 3
[2025-06-12T10:46:30.292+0000][28.891s][9637][9692][info ] Application time: 0.3386720 seconds
[2025-06-12T10:46:30.292+0000][28.891s][9637][9692][info ] Entering safepoint region: Deoptimize
[2025-06-12T10:46:30.293+0000][28.891s][9637][9692][info ] Leaving safepoint region
[2025-06-12T10:46:30.293+0000][28.891s][9637][9692][info ] Total time for which application threads were stopped: 0.0002044 seconds, Stopping threads took: 0.0000178 seconds
[2025-06-12T10:46:30.314+0000][28.912s][9637][9692][info ] Application time: 0.0211275 seconds
[2025-06-12T10:46:30.314+0000][28.913s][9637][9692][info ] Entering safepoint region: Deoptimize
[2025-06-12T10:46:30.314+0000][28.913s][9637][9692][info ] Leaving safepoint region
[2025-06-12T10:46:30.314+0000][28.913s][9637][9692][info ] Total time for which application threads were stopped: 0.0001646 seconds, Stopping threads took: 0.0000218 seconds
[2025-06-12T10:46:30.397+0000][28.996s][9637][9692][info ] Application time: 0.0832612 seconds
[2025-06-12T10:46:30.397+0000][28.996s][9637][9692][info ] Entering safepoint region: Deoptimize
[2025-06-12T10:46:30.398+0000][28.996s][9637][9692][info ] Leaving safepoint region
[2025-06-12T10:46:30.398+0000][28.996s][9637][9692][info ] Total time for which application threads were stopped: 0.0001770 seconds, Stopping threads took: 0.0000159 seconds
[2025-06-12T10:46:31.398+0000][29.996s][9637][9692][info ] Application time: 1.0001161 seconds
[2025-06-12T10:46:31.398+0000][29.996s][9637][9692][info ] Entering safepoint region: Cleanup
[2025-06-12T10:46:31.398+0000][29.997s][9637][9692][info ] Leaving safepoint region
[2025-06-12T10:46:31.398+0000][29.997s][9637][9692][info ] Total time for which application threads were stopped: 0.0002371 seconds, Stopping threads took: 0.0000221 seconds
[2025-06-12T10:46:32.019+0000][30.618s][9637][9692][info ] Application time: 0.6210721 seconds
[2025-06-12T10:46:32.020+0000][30.619s][9637][9692][info ] Entering safepoint region: CollectForMetadataAllocation
[2025-06-12T10:46:32.022+0000][30.621s][9637][9692][info ] Leaving safepoint region
[2025-06-12T10:46:32.022+0000][30.621s][9637][9692][info ] Total time for which application threads were stopped: 0.0019158 seconds, Stopping threads took: 0.0000572 seconds
[2025-06-12T10:46:32.100+0000][30.699s][9637][9692][info ] Application time: 0.0782254 seconds
[2025-06-12T10:46:32.100+0000][30.699s][9637][9692][info ] Entering safepoint region: CollectForMetadataAllocation
[2025-06-12T10:46:32.105+0000][30.704s][9637][9692][info ] Leaving safepoint region
[2025-06-12T10:46:32.106+0000][30.704s][9637][9692][info ] Total time for which application threads were stopped: 0.0052683 seconds, Stopping threads took: 0.0000200 seconds
[2025-06-12T10:46:32.106+0000][30.705s][9637][9692][info ] Application time: 0.0005659 seconds
[2025-06-12T10:46:32.106+0000][30.705s][9637][9692][info ] Entering safepoint region: Deoptimize
[2025-06-12T10:46:32.107+0000][30.705s][9637][9692][info ] Leaving safepoint region
[2025-06-12T10:46:32.107+0000][30.706s][9637][9692][info ] Total time for which application threads were stopped: 0.0007484 seconds, Stopping threads took: 0.0000144 seconds
[2025-06-12T10:46:32.121+0000][30.720s][9637][9692][info ] Application time: 0.0143586 seconds
[2025-06-12T10:46:32.122+0000][30.720s][9637][9692][info ] Entering safepoint region: Deoptimize
[2025-06-12T10:46:32.122+0000][30.720s][9637][9692][info ] Leaving safepoint region
[2025-06-12T10:46:32.122+0000][30.720s][9637][9692][info ] Total time for which application threads were stopped: 0.0003077 seconds, Stopping threads took: 0.0000312 seconds
[2025-06-12T10:46:32.132+0000][30.731s][9637][9692][info ] Application time: 0.0104096 seconds
[2025-06-12T10:46:32.132+0000][30.731s][9637][9692][info ] Entering safepoint region: CollectForMetadataAllocation
[2025-06-12T10:46:32.134+0000][30.733s][9637][9692][info ] Leaving safepoint region
[2025-06-12T10:46:32.134+0000][30.733s][9637][9692][info ] Total time for which application threads were stopped: 0.0020664 seconds, Stopping threads took: 0.0000211 seconds
[2025-06-12T10:46:32.315+0000][30.914s][9637][9692][info ] Application time: 0.1811410 seconds
[2025-06-12T10:46:32.316+0000][30.914s][9637][9692][info ] Entering safepoint region: CollectForMetadataAllocation
[2025-06-12T10:46:32.316+0000][30.915s][9637][9692][info ] Leaving safepoint region
[2025-06-12T10:46:32.316+0000][30.915s][9637][9692][info ] Total time for which application threads were stopped: 0.0004811 seconds, Stopping threads took: 0.0000247 seconds
[2025-06-12T10:46:32.402+0000][31.000s][9637][9692][info ] Application time: 0.0855660 seconds
[2025-06-12T10:46:32.402+0000][31.000s][9637][9692][info ] Entering safepoint region: CollectForMetadataAllocation
[2025-06-12T10:46:32.406+0000][31.005s][9637][9692][info ] Leaving safepoint region
[2025-06-12T10:46:32.406+0000][31.005s][9637][9692][info ] Total time for which application threads were stopped: 0.0043241 seconds, Stopping threads took: 0.0000196 seconds
[2025-06-12T10:46:32.526+0000][31.124s][9637][9692][info ] Application time: 0.1194899 seconds
[2025-06-12T10:46:32.526+0000][31.124s][9637][9692][info ] Entering safepoint region: CollectForMetadataAllocation
[2025-06-12T10:46:32.528+0000][31.127s][9637][9692][info ] Leaving safepoint region
[2025-06-12T10:46:32.528+0000][31.127s][9637][9692][info ] Total time for which application threads were stopped: 0.0025372 seconds, Stopping threads took: 0.0001781 seconds
[2025-06-12T10:46:32.531+0000][31.130s][9637][9692][info ] Application time: 0.0032931 seconds
[2025-06-12T10:46:32.532+0000][31.130s][9637][9692][info ] Entering safepoint region: Deoptimize
[2025-06-12T10:46:32.532+0000][31.131s][9637][9692][info ] Leaving safepoint region
[2025-06-12T10:46:32.532+0000][31.131s][9637][9692][info ] Total time for which application threads were stopped: 0.0004287 seconds, Stopping threads took: 0.0000121 seconds
[2025-06-12T10:46:32.740+0000][31.339s][9637][9692][info ] Application time: 0.2082363 seconds
[2025-06-12T10:46:32.740+0000][31.339s][9637][9692][info ] Entering safepoint region: CollectForMetadataAllocation
[2025-06-12T10:46:32.740+0000][31.339s][9637][9692][info ] Leaving safepoint region
[2025-06-12T10:46:32.740+0000][31.339s][9637][9692][info ] Total time for which application threads were stopped: 0.0002566 seconds, Stopping threads took: 0.0000162 seconds
[2025-06-12T10:46:32.810+0000][31.408s][9637][9692][info ] Application time: 0.0691853 seconds
[2025-06-12T10:46:32.810+0000][31.408s][9637][9692][info ] Entering safepoint region: CollectForMetadataAllocation
[2025-06-12T10:46:32.811+0000][31.409s][9637][9692][info ] Leaving safepoint region
[2025-06-12T10:46:32.811+0000][31.409s][9637][9692][info ] Total time for which application threads were stopped: 0.0009122 seconds, Stopping threads took: 0.0000658 seconds
[2025-06-12T10:46:32.847+0000][31.445s][9637][9692][info ] Application time: 0.0361247 seconds
[2025-06-12T10:46:32.848+0000][31.446s][9637][9692][info ] Entering safepoint region: CollectForMetadataAllocation
[2025-06-12T10:46:32.848+0000][31.447s][9637][9692][info ] Leaving safepoint region
[2025-06-12T10:46:32.848+0000][31.447s][9637][9692][info ] Total time for which application threads were stopped: 0.0003406 seconds, Stopping threads took: 0.0000478 seconds
[2025-06-12T10:46:32.942+0000][31.541s][9637][9692][info ] Application time: 0.0939562 seconds
[2025-06-12T10:46:32.942+0000][31.541s][9637][9692][info ] Entering safepoint region: Deoptimize
[2025-06-12T10:46:32.942+0000][31.541s][9637][9692][info ] Leaving safepoint region
[2025-06-12T10:46:32.943+0000][31.541s][9637][9692][info ] Total time for which application threads were stopped: 0.0003200 seconds, Stopping threads took: 0.0000129 seconds
[2025-06-12T10:46:32.952+0000][31.551s][9637][9692][info ] Application time: 0.0097267 seconds
[2025-06-12T10:46:32.952+0000][31.551s][9637][9692][info ] Entering safepoint region: CollectForMetadataAllocation
[2025-06-12T10:46:32.957+0000][31.555s][9637][9692][info ] Leaving safepoint region
[2025-06-12T10:46:32.957+0000][31.556s][9637][9692][info ] Total time for which application threads were stopped: 0.0045623 seconds, Stopping threads took: 0.0000166 seconds
[2025-06-12T10:46:32.960+0000][31.558s][9637][9692][info ] Application time: 0.0028558 seconds
[2025-06-12T10:46:32.960+0000][31.558s][9637][9692][info ] Entering safepoint region: Deoptimize
[2025-06-12T10:46:32.960+0000][31.559s][9637][9692][info ] Leaving safepoint region
[2025-06-12T10:46:32.960+0000][31.559s][9637][9692][info ] Total time for which application threads were stopped: 0.0004032 seconds, Stopping threads took: 0.0000148 seconds
[2025-06-12T10:46:32.961+0000][31.559s][9637][9692][info ] Application time: 0.0003740 seconds
[2025-06-12T10:46:32.961+0000][31.559s][9637][9692][info ] Entering safepoint region: Deoptimize
[2025-06-12T10:46:32.961+0000][31.559s][9637][9692][info ] Leaving safepoint region
[2025-06-12T10:46:32.961+0000][31.559s][9637][9692][info ] Total time for which application threads were stopped: 0.0002665 seconds, Stopping threads took: 0.0000113 seconds
[2025-06-12T10:46:33.145+0000][31.744s][9637][9692][info ] Application time: 0.1845306 seconds
[2025-06-12T10:46:33.146+0000][31.744s][9637][9692][info ] Entering safepoint region: CollectForMetadataAllocation
[2025-06-12T10:46:33.147+0000][31.745s][9637][9692][info ] Leaving safepoint region
[2025-06-12T10:46:33.147+0000][31.745s][9637][9692][info ] Total time for which application threads were stopped: 0.0014004 seconds, Stopping threads took: 0.0004939 seconds
[2025-06-12T10:46:33.157+0000][31.756s][9637][9692][info ] Application time: 0.0100725 seconds
[2025-06-12T10:46:33.157+0000][31.756s][9637][9692][info ] Entering safepoint region: Deoptimize
[2025-06-12T10:46:33.157+0000][31.756s][9637][9692][info ] Leaving safepoint region
[2025-06-12T10:46:33.157+0000][31.756s][9637][9692][info ] Total time for which application threads were stopped: 0.0003196 seconds, Stopping threads took: 0.0000121 seconds
[2025-06-12T10:46:33.218+0000][31.816s][9637][9692][info ] Application time: 0.0604700 seconds
[2025-06-12T10:46:33.218+0000][31.817s][9637][9692][info ] Entering safepoint region: CollectForMetadataAllocation
[2025-06-12T10:46:33.221+0000][31.820s][9637][9692][info ] Leaving safepoint region
[2025-06-12T10:46:33.221+0000][31.820s][9637][9692][info ] Total time for which application threads were stopped: 0.0031096 seconds, Stopping threads took: 0.0000764 seconds
[2025-06-12T10:46:33.241+0000][31.839s][9637][9692][info ] Application time: 0.0199117 seconds
[2025-06-12T10:46:33.241+0000][31.840s][9637][9692][info ] Entering safepoint region: CollectForMetadataAllocation
[2025-06-12T10:46:33.244+0000][31.842s][9637][9692][info ] Leaving safepoint region
[2025-06-12T10:46:33.244+0000][31.842s][9637][9692][info ] Total time for which application threads were stopped: 0.0027358 seconds, Stopping threads took: 0.0003083 seconds
[2025-06-12T10:46:33.244+0000][31.842s][9637][9692][info ] Application time: 0.0001109 seconds
[2025-06-12T10:46:33.244+0000][31.842s][9637][9692][info ] Entering safepoint region: CollectForMetadataAllocation
[2025-06-12T10:46:33.244+0000][31.842s][9637][9692][info ] Leaving safepoint region
[2025-06-12T10:46:33.244+0000][31.843s][9637][9692][info ] Total time for which application threads were stopped: 0.0000768 seconds, Stopping threads took: 0.0000376 seconds
[2025-06-12T10:46:33.255+0000][31.854s][9637][9692][info ] Application time: 0.0114253 seconds
[2025-06-12T10:46:33.255+0000][31.854s][9637][9692][info ] Entering safepoint region: Deoptimize
[2025-06-12T10:46:33.256+0000][31.854s][9637][9692][info ] Leaving safepoint region
[2025-06-12T10:46:33.256+0000][31.854s][9637][9692][info ] Total time for which application threads were stopped: 0.0003634 seconds, Stopping threads took: 0.0000169 seconds
[2025-06-12T10:46:33.257+0000][31.855s][9637][9692][info ] Application time: 0.0011025 seconds
[2025-06-12T10:46:33.257+0000][31.855s][9637][9692][info ] Entering safepoint region: Deoptimize
[2025-06-12T10:46:33.257+0000][31.856s][9637][9692][info ] Leaving safepoint region
[2025-06-12T10:46:33.257+0000][31.856s][9637][9692][info ] Total time for which application threads were stopped: 0.0003090 seconds, Stopping threads took: 0.0000122 seconds
[2025-06-12T10:46:33.275+0000][31.873s][9637][9692][info ] Application time: 0.0175079 seconds
[2025-06-12T10:46:33.275+0000][31.873s][9637][9692][info ] Entering safepoint region: CollectForMetadataAllocation
[2025-06-12T10:46:33.275+0000][31.874s][9637][9692][info ] Leaving safepoint region
[2025-06-12T10:46:33.275+0000][31.874s][9637][9692][info ] Total time for which application threads were stopped: 0.0002895 seconds, Stopping threads took: 0.0000174 seconds
[2025-06-12T10:46:33.320+0000][31.919s][9637][9692][info ] Application time: 0.0454300 seconds
[2025-06-12T10:46:33.322+0000][31.920s][9637][9692][info ] Entering safepoint region: CollectForMetadataAllocation
[2025-06-12T10:46:33.322+0000][31.921s][9637][9692][info ] Leaving safepoint region
[2025-06-12T10:46:33.322+0000][31.921s][9637][9692][info ] Total time for which application threads were stopped: 0.0004296 seconds, Stopping threads took: 0.0000561 seconds
[2025-06-12T10:46:33.329+0000][31.927s][9637][9692][info ] Application time: 0.0068614 seconds
[2025-06-12T10:46:33.329+0000][31.928s][9637][9692][info ] Entering safepoint region: CollectForMetadataAllocation
[2025-06-12T10:46:33.331+0000][31.929s][9637][9692][info ] Leaving safepoint region
[2025-06-12T10:46:33.331+0000][31.929s][9637][9692][info ] Total time for which application threads were stopped: 0.0017715 seconds, Stopping threads took: 0.0000130 seconds
[2025-06-12T10:46:33.342+0000][31.941s][9637][9692][info ] Application time: 0.0114441 seconds
[2025-06-12T10:46:33.342+0000][31.941s][9637][9692][info ] Entering safepoint region: CollectForMetadataAllocation
[2025-06-12T10:46:33.344+0000][31.943s][9637][9692][info ] Leaving safepoint region
[2025-06-12T10:46:33.344+0000][31.943s][9637][9692][info ] Total time for which application threads were stopped: 0.0022117 seconds, Stopping threads took: 0.0000170 seconds
[2025-06-12T10:46:33.351+0000][31.950s][9637][9692][info ] Application time: 0.0066972 seconds
[2025-06-12T10:46:33.351+0000][31.950s][9637][9692][info ] Entering safepoint region: Deoptimize
[2025-06-12T10:46:33.351+0000][31.950s][9637][9692][info ] Leaving safepoint region
[2025-06-12T10:46:33.351+0000][31.950s][9637][9692][info ] Total time for which application threads were stopped: 0.0003784 seconds, Stopping threads took: 0.0000183 seconds
[2025-06-12T10:46:33.365+0000][31.964s][9637][9692][info ] Application time: 0.0135166 seconds
[2025-06-12T10:46:33.365+0000][31.964s][9637][9692][info ] Entering safepoint region: CollectForMetadataAllocation
[2025-06-12T10:46:33.367+0000][31.966s][9637][9692][info ] Leaving safepoint region
[2025-06-12T10:46:33.367+0000][31.966s][9637][9692][info ] Total time for which application threads were stopped: 0.0021155 seconds, Stopping threads took: 0.0000179 seconds
[2025-06-12T10:46:33.393+0000][31.992s][9637][9692][info ] Application time: 0.0259900 seconds
[2025-06-12T10:46:33.393+0000][31.992s][9637][9692][info ] Entering safepoint region: CollectForMetadataAllocation
[2025-06-12T10:46:33.395+0000][31.993s][9637][9692][info ] Leaving safepoint region
[2025-06-12T10:46:33.395+0000][31.993s][9637][9692][info ] Total time for which application threads were stopped: 0.0014781 seconds, Stopping threads took: 0.0000161 seconds
[2025-06-12T10:46:33.409+0000][32.007s][9637][9692][info ] Application time: 0.0139902 seconds
[2025-06-12T10:46:33.409+0000][32.007s][9637][9692][info ] Entering safepoint region: CollectForMetadataAllocation
[2025-06-12T10:46:33.412+0000][32.010s][9637][9692][info ] Leaving safepoint region
[2025-06-12T10:46:33.412+0000][32.010s][9637][9692][info ] Total time for which application threads were stopped: 0.0028878 seconds, Stopping threads took: 0.0000134 seconds
[2025-06-12T10:46:33.441+0000][32.040s][9637][9692][info ] Application time: 0.0295500 seconds
[2025-06-12T10:46:33.441+0000][32.040s][9637][9692][info ] Entering safepoint region: CollectForMetadataAllocation
[2025-06-12T10:46:33.443+0000][32.042s][9637][9692][info ] Leaving safepoint region
[2025-06-12T10:46:33.443+0000][32.042s][9637][9692][info ] Total time for which application threads were stopped: 0.0019333 seconds, Stopping threads took: 0.0000198 seconds
[2025-06-12T10:46:33.488+0000][32.087s][9637][9692][info ] Application time: 0.0449031 seconds
[2025-06-12T10:46:33.488+0000][32.087s][9637][9692][info ] Entering safepoint region: CollectForMetadataAllocation
[2025-06-12T10:46:33.490+0000][32.089s][9637][9692][info ] Leaving safepoint region
[2025-06-12T10:46:33.490+0000][32.089s][9637][9692][info ] Total time for which application threads were stopped: 0.0019488 seconds, Stopping threads took: 0.0000157 seconds
[2025-06-12T10:46:33.512+0000][32.111s][9637][9692][info ] Application time: 0.0222602 seconds
[2025-06-12T10:46:33.512+0000][32.111s][9637][9692][info ] Entering safepoint region: CollectForMetadataAllocation
[2025-06-12T10:46:33.515+0000][32.113s][9637][9692][info ] Leaving safepoint region
[2025-06-12T10:46:33.515+0000][32.113s][9637][9692][info ] Total time for which application threads were stopped: 0.0020961 seconds, Stopping threads took: 0.0000121 seconds
[2025-06-12T10:46:33.557+0000][32.155s][9637][9692][info ] Application time: 0.0421778 seconds
[2025-06-12T10:46:33.557+0000][32.155s][9637][9692][info ] Entering safepoint region: CollectForMetadataAllocation
[2025-06-12T10:46:33.559+0000][32.158s][9637][9692][info ] Leaving safepoint region
[2025-06-12T10:46:33.559+0000][32.158s][9637][9692][info ] Total time for which application threads were stopped: 0.0021100 seconds, Stopping threads took: 0.0000138 seconds
[2025-06-12T10:46:33.591+0000][32.190s][9637][9692][info ] Application time: 0.0325797 seconds
[2025-06-12T10:46:33.592+0000][32.190s][9637][9692][info ] Entering safepoint region: CollectForMetadataAllocation
[2025-06-12T10:46:33.594+0000][32.192s][9637][9692][info ] Leaving safepoint region
[2025-06-12T10:46:33.594+0000][32.192s][9637][9692][info ] Total time for which application threads were stopped: 0.0020824 seconds, Stopping threads took: 0.0000129 seconds
[2025-06-12T10:46:33.748+0000][32.347s][9637][9692][info ] Application time: 0.1546453 seconds
[2025-06-12T10:46:33.748+0000][32.347s][9637][9692][info ] Entering safepoint region: CollectForMetadataAllocation
[2025-06-12T10:46:33.749+0000][32.347s][9637][9692][info ] Leaving safepoint region
[2025-06-12T10:46:33.749+0000][32.347s][9637][9692][info ] Total time for which application threads were stopped: 0.0002850 seconds, Stopping threads took: 0.0000737 seconds
[2025-06-12T10:46:33.826+0000][32.425s][9637][9692][info ] Application time: 0.0776488 seconds
[2025-06-12T10:46:33.826+0000][32.425s][9637][9692][info ] Entering safepoint region: CollectForMetadataAllocation
[2025-06-12T10:46:33.828+0000][32.426s][9637][9692][info ] Leaving safepoint region
[2025-06-12T10:46:33.828+0000][32.426s][9637][9692][info ] Total time for which application threads were stopped: 0.0014377 seconds, Stopping threads took: 0.0000139 seconds
[2025-06-12T10:46:33.854+0000][32.453s][9637][9692][info ] Application time: 0.0264114 seconds
[2025-06-12T10:46:33.854+0000][32.453s][9637][9692][info ] Entering safepoint region: CollectForMetadataAllocation
[2025-06-12T10:46:33.858+0000][32.457s][9637][9692][info ] Leaving safepoint region
[2025-06-12T10:46:33.858+0000][32.457s][9637][9692][info ] Total time for which application threads were stopped: 0.0038886 seconds, Stopping threads took: 0.0000136 seconds
[2025-06-12T10:46:33.916+0000][32.514s][9637][9692][info ] Application time: 0.0574353 seconds
[2025-06-12T10:46:33.917+0000][32.516s][9637][9692][info ] Entering safepoint region: CollectForMetadataAllocation
[2025-06-12T10:46:33.919+0000][32.518s][9637][9692][info ] Leaving safepoint region
[2025-06-12T10:46:33.919+0000][32.518s][9637][9692][info ] Total time for which application threads were stopped: 0.0021492 seconds, Stopping threads took: 0.0000561 seconds
[2025-06-12T10:46:34.041+0000][32.640s][9637][9692][info ] Application time: 0.1217289 seconds
[2025-06-12T10:46:34.041+0000][32.640s][9637][9692][info ] Entering safepoint region: CollectForMetadataAllocation
[2025-06-12T10:46:34.043+0000][32.641s][9637][9692][info ] Leaving safepoint region
[2025-06-12T10:46:34.043+0000][32.641s][9637][9692][info ] Total time for which application threads were stopped: 0.0015738 seconds, Stopping threads took: 0.0002460 seconds
[2025-06-12T10:46:34.068+0000][32.667s][9637][9692][info ] Application time: 0.0256254 seconds
[2025-06-12T10:46:34.068+0000][32.667s][9637][9692][info ] Entering safepoint region: CollectForMetadataAllocation
[2025-06-12T10:46:34.069+0000][32.668s][9637][9692][info ] Leaving safepoint region
[2025-06-12T10:46:34.069+0000][32.668s][9637][9692][info ] Total time for which application threads were stopped: 0.0006699 seconds, Stopping threads took: 0.0000486 seconds
[2025-06-12T10:46:34.101+0000][32.700s][9637][9692][info ] Application time: 0.0319531 seconds
[2025-06-12T10:46:34.102+0000][32.700s][9637][9692][info ] Entering safepoint region: CollectForMetadataAllocation
[2025-06-12T10:46:34.102+0000][32.701s][9637][9692][info ] Leaving safepoint region
[2025-06-12T10:46:34.102+0000][32.701s][9637][9692][info ] Total time for which application threads were stopped: 0.0010035 seconds, Stopping threads took: 0.0004633 seconds
[2025-06-12T10:46:34.155+0000][32.753s][9637][9692][info ] Application time: 0.0526175 seconds
[2025-06-12T10:46:34.155+0000][32.754s][9637][9692][info ] Entering safepoint region: CollectForMetadataAllocation
[2025-06-12T10:46:34.157+0000][32.755s][9637][9692][info ] Leaving safepoint region
[2025-06-12T10:46:34.157+0000][32.755s][9637][9692][info ] Total time for which application threads were stopped: 0.0018407 seconds, Stopping threads took: 0.0002722 seconds
[2025-06-12T10:46:34.189+0000][32.787s][9637][9692][info ] Application time: 0.0317952 seconds
[2025-06-12T10:46:34.190+0000][32.789s][9637][9692][info ] Entering safepoint region: CollectForMetadataAllocation
[2025-06-12T10:46:34.191+0000][32.790s][9637][9692][info ] Leaving safepoint region
[2025-06-12T10:46:34.191+0000][32.790s][9637][9692][info ] Total time for which application threads were stopped: 0.0026290 seconds, Stopping threads took: 0.0013866 seconds
[2025-06-12T10:46:34.248+0000][32.846s][9637][9692][info ] Application time: 0.0565840 seconds
[2025-06-12T10:46:34.248+0000][32.847s][9637][9692][info ] Entering safepoint region: Deoptimize
[2025-06-12T10:46:34.248+0000][32.847s][9637][9692][info ] Leaving safepoint region
[2025-06-12T10:46:34.248+0000][32.847s][9637][9692][info ] Total time for which application threads were stopped: 0.0004716 seconds, Stopping threads took: 0.0000608 seconds
[2025-06-12T10:46:34.256+0000][32.854s][9637][9692][info ] Application time: 0.0073526 seconds
[2025-06-12T10:46:34.256+0000][32.854s][9637][9692][info ] Entering safepoint region: CollectForMetadataAllocation
[2025-06-12T10:46:34.259+0000][32.857s][9637][9692][info ] Leaving safepoint region
[2025-06-12T10:46:34.259+0000][32.857s][9637][9692][info ] Total time for which application threads were stopped: 0.0029656 seconds, Stopping threads took: 0.0000243 seconds
[2025-06-12T10:46:34.259+0000][32.858s][9637][9692][info ] Application time: 0.0001703 seconds
[2025-06-12T10:46:34.259+0000][32.858s][9637][9692][info ] Entering safepoint region: CollectForMetadataAllocation
[2025-06-12T10:46:34.259+0000][32.858s][9637][9692][info ] Leaving safepoint region
[2025-06-12T10:46:34.259+0000][32.858s][9637][9692][info ] Total time for which application threads were stopped: 0.0005017 seconds, Stopping threads took: 0.0004256 seconds
[2025-06-12T10:46:34.273+0000][32.871s][9637][9692][info ] Application time: 0.0130559 seconds
[2025-06-12T10:46:34.275+0000][32.873s][9637][9692][info ] Entering safepoint region: Deoptimize
[2025-06-12T10:46:34.275+0000][32.874s][9637][9692][info ] Leaving safepoint region
[2025-06-12T10:46:34.275+0000][32.874s][9637][9692][info ] Total time for which application threads were stopped: 0.0025009 seconds, Stopping threads took: 0.0019571 seconds
[2025-06-12T10:46:34.277+0000][32.876s][9637][9692][info ] Application time: 0.0019510 seconds
[2025-06-12T10:46:34.278+0000][32.877s][9637][9692][info ] Entering safepoint region: CollectForMetadataAllocation
[2025-06-12T10:46:34.279+0000][32.877s][9637][9692][info ] Leaving safepoint region
[2025-06-12T10:46:34.279+0000][32.877s][9637][9692][info ] Total time for which application threads were stopped: 0.0003590 seconds, Stopping threads took: 0.0000221 seconds
[2025-06-12T10:46:34.279+0000][32.878s][9637][9692][info ] Application time: 0.0001326 seconds
[2025-06-12T10:46:34.280+0000][32.878s][9637][9692][info ] Entering safepoint region: CollectForMetadataAllocation
[2025-06-12T10:46:34.280+0000][32.878s][9637][9692][info ] Leaving safepoint region
[2025-06-12T10:46:34.280+0000][32.878s][9637][9692][info ] Total time for which application threads were stopped: 0.0006846 seconds, Stopping threads took: 0.0006559 seconds
[2025-06-12T10:46:34.322+0000][32.921s][9637][9692][info ] Application time: 0.0424490 seconds
[2025-06-12T10:46:34.322+0000][32.921s][9637][9692][info ] Entering safepoint region: CollectForMetadataAllocation
[2025-06-12T10:46:34.323+0000][32.921s][9637][9692][info ] Leaving safepoint region
[2025-06-12T10:46:34.323+0000][32.921s][9637][9692][info ] Total time for which application threads were stopped: 0.0003692 seconds, Stopping threads took: 0.0000829 seconds
[2025-06-12T10:46:34.354+0000][32.952s][9637][9692][info ] Application time: 0.0310333 seconds
[2025-06-12T10:46:34.354+0000][32.953s][9637][9692][info ] Entering safepoint region: CollectForMetadataAllocation
[2025-06-12T10:46:34.354+0000][32.953s][9637][9692][info ] Leaving safepoint region
[2025-06-12T10:46:34.354+0000][32.953s][9637][9692][info ] Total time for which application threads were stopped: 0.0006255 seconds, Stopping threads took: 0.0002752 seconds
[2025-06-12T10:46:34.370+0000][32.969s][9637][9692][info ] Application time: 0.0160349 seconds
[2025-06-12T10:46:34.370+0000][32.969s][9637][9692][info ] Entering safepoint region: CollectForMetadataAllocation
[2025-06-12T10:46:34.372+0000][32.971s][9637][9692][info ] Leaving safepoint region
[2025-06-12T10:46:34.372+0000][32.971s][9637][9692][info ] Total time for which application threads were stopped: 0.0020348 seconds, Stopping threads took: 0.0000530 seconds
[2025-06-12T10:46:34.407+0000][33.006s][9637][9692][info ] Application time: 0.0344875 seconds
[2025-06-12T10:46:34.407+0000][33.006s][9637][9692][info ] Entering safepoint region: CollectForMetadataAllocation
[2025-06-12T10:46:34.407+0000][33.006s][9637][9692][info ] Leaving safepoint region
[2025-06-12T10:46:34.407+0000][33.006s][9637][9692][info ] Total time for which application threads were stopped: 0.0004114 seconds, Stopping threads took: 0.0000171 seconds
[2025-06-12T10:46:34.444+0000][33.043s][9637][9692][info ] Application time: 0.0367883 seconds
[2025-06-12T10:46:34.445+0000][33.043s][9637][9692][info ] Entering safepoint region: CollectForMetadataAllocation
[2025-06-12T10:46:34.445+0000][33.044s][9637][9692][info ] Leaving safepoint region
[2025-06-12T10:46:34.445+0000][33.044s][9637][9692][info ] Total time for which application threads were stopped: 0.0002975 seconds, Stopping threads took: 0.0000234 seconds
[2025-06-12T10:46:34.505+0000][33.103s][9637][9691][trace] CMS: promo attempt is safe: available(6912212992) >= av_promo(0), max_promo(429506440)
[2025-06-12T10:46:34.505+0000][33.104s][9637][9642][info ] Heap
[2025-06-12T10:46:34.505+0000][33.104s][9637][9642][info ]  par new generation   total 1474560K, used 419439K [0x0000000600000000, 0x0000000664000000, 0x0000000664000000)
[2025-06-12T10:46:34.505+0000][33.104s][9637][9642][info ]   eden space 1310720K,  32% used [0x0000000600000000, 0x000000061999bf88, 0x0000000650000000)
[2025-06-12T10:46:34.505+0000][33.104s][9637][9642][info ]   from space 163840K,   0% used [0x0000000650000000, 0x0000000650000000, 0x000000065a000000)
[2025-06-12T10:46:34.505+0000][33.104s][9637][9642][info ]   to   space 163840K,   0% used [0x000000065a000000, 0x000000065a000000, 0x0000000664000000)
[2025-06-12T10:46:34.505+0000][33.104s][9637][9642][info ]  concurrent mark-sweep generation total 6750208K, used 0K [0x0000000664000000, 0x0000000800000000, 0x0000000800000000)
[2025-06-12T10:46:34.505+0000][33.104s][9637][9642][info ]  Metaspace       used 33774K, capacity 34386K, committed 34908K, reserved 1081344K
[2025-06-12T10:46:34.505+0000][33.104s][9637][9642][info ]   class space    used 3521K, capacity 3771K, committed 3856K, reserved 1048576K
[2025-06-12T10:46:34.505+0000][33.104s][9637][9642][debug] Accumulated young generation GC time 0.0000000 secs, 0 GC's, avg GC time 0.0000000
[2025-06-12T10:46:34.505+0000][33.104s][9637][9642][debug] Accumulated old generation GC time 0.0000000 secs, 0 GC's, avg GC time 0.0000000
[2025-06-12T10:46:34.505+0000][33.104s][9637][9692][info ] Application time: 0.0605163 seconds
[2025-06-12T10:46:34.506+0000][33.104s][9637][9692][info ] Entering safepoint region: Exit
