[2025-06-16T00:30:40.199+0000][0.008s][5816][5820][debug] Minimum heap 8589934592  Initial heap 8589934592  Maximum heap 8589934592
[2025-06-16T00:30:40.199+0000][0.008s][5816][5820][trace] 1: Minimum young 1677721600  Initial young 1677721600  Maximum young 1677721600
[2025-06-16T00:30:40.199+0000][0.008s][5816][5820][trace] Minimum old 65536  Initial old 6912212992  Maximum old 6912212992
[2025-06-16T00:30:40.200+0000][0.009s][5816][5820][trace] Trying to allocate at address 0x0000000600000000 heap of size 0x200000000
[2025-06-16T00:31:03.418+0000][23.227s][5816][5820][info ] Using Concurrent Mark Sweep
[2025-06-16T00:31:03.419+0000][23.228s][5816][5820][info ] Heap address: 0x0000000600000000, size: 8192 MB, Compressed Oops mode: Zero based, Oop shift amount: 3
[2025-06-16T00:31:03.990+0000][23.799s][5816][5930][info ] Application time: 0.2438743 seconds
[2025-06-16T00:31:03.990+0000][23.799s][5816][5930][info ] Entering safepoint region: Deoptimize
[2025-06-16T00:31:03.991+0000][23.800s][5816][5930][info ] Leaving safepoint region
[2025-06-16T00:31:03.991+0000][23.800s][5816][5930][info ] Total time for which application threads were stopped: 0.0002070 seconds, Stopping threads took: 0.0000141 seconds
[2025-06-16T00:31:04.002+0000][23.811s][5816][5930][info ] Application time: 0.0112094 seconds
[2025-06-16T00:31:04.002+0000][23.811s][5816][5930][info ] Entering safepoint region: Deoptimize
[2025-06-16T00:31:04.002+0000][23.811s][5816][5930][info ] Leaving safepoint region
[2025-06-16T00:31:04.002+0000][23.811s][5816][5930][info ] Total time for which application threads were stopped: 0.0001154 seconds, Stopping threads took: 0.0000134 seconds
[2025-06-16T00:31:04.074+0000][23.883s][5816][5930][info ] Application time: 0.0719087 seconds
[2025-06-16T00:31:04.074+0000][23.883s][5816][5930][info ] Entering safepoint region: Deoptimize
[2025-06-16T00:31:04.074+0000][23.883s][5816][5930][info ] Leaving safepoint region
[2025-06-16T00:31:04.074+0000][23.883s][5816][5930][info ] Total time for which application threads were stopped: 0.0001618 seconds, Stopping threads took: 0.0000138 seconds
[2025-06-16T00:31:04.795+0000][24.604s][5816][5930][info ] Application time: 0.7210674 seconds
[2025-06-16T00:31:04.795+0000][24.604s][5816][5930][info ] Entering safepoint region: ICBufferFull
[2025-06-16T00:31:04.795+0000][24.604s][5816][5930][info ] Leaving safepoint region
[2025-06-16T00:31:04.796+0000][24.604s][5816][5930][info ] Total time for which application threads were stopped: 0.0002110 seconds, Stopping threads took: 0.0000242 seconds
[2025-06-16T00:31:05.385+0000][25.194s][5816][5930][info ] Application time: 0.5895405 seconds
[2025-06-16T00:31:05.385+0000][25.194s][5816][5930][info ] Entering safepoint region: CollectForMetadataAllocation
[2025-06-16T00:31:05.387+0000][25.196s][5816][5930][info ] Leaving safepoint region
[2025-06-16T00:31:05.387+0000][25.196s][5816][5930][info ] Total time for which application threads were stopped: 0.0016041 seconds, Stopping threads took: 0.0002953 seconds
[2025-06-16T00:31:05.395+0000][25.204s][5816][5930][info ] Application time: 0.0083257 seconds
[2025-06-16T00:31:05.395+0000][25.204s][5816][5930][info ] Entering safepoint region: Deoptimize
[2025-06-16T00:31:05.395+0000][25.204s][5816][5930][info ] Leaving safepoint region
[2025-06-16T00:31:05.395+0000][25.204s][5816][5930][info ] Total time for which application threads were stopped: 0.0003013 seconds, Stopping threads took: 0.0000197 seconds
[2025-06-16T00:31:05.413+0000][25.222s][5816][5930][info ] Application time: 0.0170759 seconds
[2025-06-16T00:31:05.413+0000][25.222s][5816][5930][info ] Entering safepoint region: CollectForMetadataAllocation
[2025-06-16T00:31:05.414+0000][25.223s][5816][5930][info ] Leaving safepoint region
[2025-06-16T00:31:05.414+0000][25.223s][5816][5930][info ] Total time for which application threads were stopped: 0.0010798 seconds, Stopping threads took: 0.0000184 seconds
[2025-06-16T00:31:05.420+0000][25.229s][5816][5930][info ] Application time: 0.0065158 seconds
[2025-06-16T00:31:05.420+0000][25.229s][5816][5930][info ] Entering safepoint region: Deoptimize
[2025-06-16T00:31:05.421+0000][25.230s][5816][5930][info ] Leaving safepoint region
[2025-06-16T00:31:05.421+0000][25.230s][5816][5930][info ] Total time for which application threads were stopped: 0.0003440 seconds, Stopping threads took: 0.0000348 seconds
[2025-06-16T00:31:05.456+0000][25.265s][5816][5930][info ] Application time: 0.0353839 seconds
[2025-06-16T00:31:05.456+0000][25.265s][5816][5930][info ] Entering safepoint region: CollectForMetadataAllocation
[2025-06-16T00:31:05.457+0000][25.266s][5816][5930][info ] Leaving safepoint region
[2025-06-16T00:31:05.457+0000][25.266s][5816][5930][info ] Total time for which application threads were stopped: 0.0014016 seconds, Stopping threads took: 0.0000201 seconds
[2025-06-16T00:31:05.536+0000][25.345s][5816][5930][info ] Application time: 0.0784133 seconds
[2025-06-16T00:31:05.537+0000][25.346s][5816][5930][info ] Entering safepoint region: CollectForMetadataAllocation
[2025-06-16T00:31:05.537+0000][25.346s][5816][5930][info ] Leaving safepoint region
[2025-06-16T00:31:05.537+0000][25.346s][5816][5930][info ] Total time for which application threads were stopped: 0.0015528 seconds, Stopping threads took: 0.0007617 seconds
[2025-06-16T00:31:05.578+0000][25.387s][5816][5930][info ] Application time: 0.0407062 seconds
[2025-06-16T00:31:05.578+0000][25.387s][5816][5930][info ] Entering safepoint region: CollectForMetadataAllocation
[2025-06-16T00:31:05.580+0000][25.389s][5816][5930][info ] Leaving safepoint region
[2025-06-16T00:31:05.580+0000][25.389s][5816][5930][info ] Total time for which application threads were stopped: 0.0015930 seconds, Stopping threads took: 0.0000146 seconds
[2025-06-16T00:31:05.795+0000][25.604s][5816][5930][info ] Application time: 0.2152465 seconds
[2025-06-16T00:31:05.796+0000][25.605s][5816][5930][info ] Entering safepoint region: CollectForMetadataAllocation
[2025-06-16T00:31:05.797+0000][25.606s][5816][5930][info ] Leaving safepoint region
[2025-06-16T00:31:05.797+0000][25.606s][5816][5930][info ] Total time for which application threads were stopped: 0.0013857 seconds, Stopping threads took: 0.0011159 seconds
[2025-06-16T00:31:05.804+0000][25.613s][5816][5930][info ] Application time: 0.0072720 seconds
[2025-06-16T00:31:05.804+0000][25.613s][5816][5930][info ] Entering safepoint region: Deoptimize
[2025-06-16T00:31:05.804+0000][25.613s][5816][5930][info ] Leaving safepoint region
[2025-06-16T00:31:05.804+0000][25.613s][5816][5930][info ] Total time for which application threads were stopped: 0.0002985 seconds, Stopping threads took: 0.0000140 seconds
[2025-06-16T00:31:05.931+0000][25.740s][5816][5930][info ] Application time: 0.1265067 seconds
[2025-06-16T00:31:05.931+0000][25.740s][5816][5930][info ] Entering safepoint region: CollectForMetadataAllocation
[2025-06-16T00:31:05.933+0000][25.742s][5816][5930][info ] Leaving safepoint region
[2025-06-16T00:31:05.933+0000][25.742s][5816][5930][info ] Total time for which application threads were stopped: 0.0019757 seconds, Stopping threads took: 0.0000154 seconds
[2025-06-16T00:31:05.953+0000][25.762s][5816][5930][info ] Application time: 0.0201273 seconds
[2025-06-16T00:31:05.953+0000][25.762s][5816][5930][info ] Entering safepoint region: CollectForMetadataAllocation
[2025-06-16T00:31:05.955+0000][25.764s][5816][5930][info ] Leaving safepoint region
[2025-06-16T00:31:05.955+0000][25.764s][5816][5930][info ] Total time for which application threads were stopped: 0.0016802 seconds, Stopping threads took: 0.0000210 seconds
[2025-06-16T00:31:06.001+0000][25.810s][5816][5930][info ] Application time: 0.0462088 seconds
[2025-06-16T00:31:06.001+0000][25.810s][5816][5930][info ] Entering safepoint region: CollectForMetadataAllocation
[2025-06-16T00:31:06.001+0000][25.810s][5816][5930][info ] Leaving safepoint region
[2025-06-16T00:31:06.001+0000][25.810s][5816][5930][info ] Total time for which application threads were stopped: 0.0001935 seconds, Stopping threads took: 0.0000170 seconds
[2025-06-16T00:31:06.038+0000][25.847s][5816][5930][info ] Application time: 0.0371479 seconds
[2025-06-16T00:31:06.038+0000][25.847s][5816][5930][info ] Entering safepoint region: CollectForMetadataAllocation
[2025-06-16T00:31:06.039+0000][25.848s][5816][5930][info ] Leaving safepoint region
[2025-06-16T00:31:06.039+0000][25.848s][5816][5930][info ] Total time for which application threads were stopped: 0.0003151 seconds, Stopping threads took: 0.0000153 seconds
[2025-06-16T00:31:06.040+0000][25.849s][5816][5930][info ] Application time: 0.0010511 seconds
[2025-06-16T00:31:06.040+0000][25.849s][5816][5930][info ] Entering safepoint region: Deoptimize
[2025-06-16T00:31:06.040+0000][25.849s][5816][5930][info ] Leaving safepoint region
[2025-06-16T00:31:06.040+0000][25.849s][5816][5930][info ] Total time for which application threads were stopped: 0.0003751 seconds, Stopping threads took: 0.0000097 seconds
[2025-06-16T00:31:06.053+0000][25.862s][5816][5930][info ] Application time: 0.0125645 seconds
[2025-06-16T00:31:06.053+0000][25.862s][5816][5930][info ] Entering safepoint region: Deoptimize
[2025-06-16T00:31:06.053+0000][25.862s][5816][5930][info ] Leaving safepoint region
[2025-06-16T00:31:06.053+0000][25.862s][5816][5930][info ] Total time for which application threads were stopped: 0.0004391 seconds, Stopping threads took: 0.0000173 seconds
[2025-06-16T00:31:06.054+0000][25.863s][5816][5930][info ] Application time: 0.0004914 seconds
[2025-06-16T00:31:06.054+0000][25.863s][5816][5930][info ] Entering safepoint region: Deoptimize
[2025-06-16T00:31:06.054+0000][25.863s][5816][5930][info ] Leaving safepoint region
[2025-06-16T00:31:06.054+0000][25.863s][5816][5930][info ] Total time for which application threads were stopped: 0.0002558 seconds, Stopping threads took: 0.0000139 seconds
[2025-06-16T00:31:06.084+0000][25.893s][5816][5930][info ] Application time: 0.0297945 seconds
[2025-06-16T00:31:06.084+0000][25.893s][5816][5930][info ] Entering safepoint region: CollectForMetadataAllocation
[2025-06-16T00:31:06.084+0000][25.893s][5816][5930][info ] Leaving safepoint region
[2025-06-16T00:31:06.084+0000][25.893s][5816][5930][info ] Total time for which application threads were stopped: 0.0002636 seconds, Stopping threads took: 0.0000148 seconds
[2025-06-16T00:31:06.203+0000][26.012s][5816][5930][info ] Application time: 0.1185011 seconds
[2025-06-16T00:31:06.203+0000][26.012s][5816][5930][info ] Entering safepoint region: Deoptimize
[2025-06-16T00:31:06.203+0000][26.012s][5816][5930][info ] Leaving safepoint region
[2025-06-16T00:31:06.203+0000][26.012s][5816][5930][info ] Total time for which application threads were stopped: 0.0003111 seconds, Stopping threads took: 0.0000146 seconds
[2025-06-16T00:31:06.238+0000][26.047s][5816][5930][info ] Application time: 0.0351797 seconds
[2025-06-16T00:31:06.238+0000][26.047s][5816][5930][info ] Entering safepoint region: CollectForMetadataAllocation
[2025-06-16T00:31:06.239+0000][26.048s][5816][5930][info ] Leaving safepoint region
[2025-06-16T00:31:06.239+0000][26.048s][5816][5930][info ] Total time for which application threads were stopped: 0.0010561 seconds, Stopping threads took: 0.0000141 seconds
[2025-06-16T00:31:06.259+0000][26.068s][5816][5930][info ] Application time: 0.0197728 seconds
[2025-06-16T00:31:06.259+0000][26.068s][5816][5930][info ] Entering safepoint region: Deoptimize
[2025-06-16T00:31:06.260+0000][26.069s][5816][5930][info ] Leaving safepoint region
[2025-06-16T00:31:06.260+0000][26.069s][5816][5930][info ] Total time for which application threads were stopped: 0.0003533 seconds, Stopping threads took: 0.0000136 seconds
[2025-06-16T00:31:06.261+0000][26.070s][5816][5930][info ] Application time: 0.0014601 seconds
[2025-06-16T00:31:06.261+0000][26.070s][5816][5930][info ] Entering safepoint region: Deoptimize
[2025-06-16T00:31:06.261+0000][26.070s][5816][5930][info ] Leaving safepoint region
[2025-06-16T00:31:06.261+0000][26.070s][5816][5930][info ] Total time for which application threads were stopped: 0.0001473 seconds, Stopping threads took: 0.0000085 seconds
[2025-06-16T00:31:06.277+0000][26.086s][5816][5930][info ] Application time: 0.0155925 seconds
[2025-06-16T00:31:06.277+0000][26.086s][5816][5930][info ] Entering safepoint region: CollectForMetadataAllocation
[2025-06-16T00:31:06.279+0000][26.088s][5816][5930][info ] Leaving safepoint region
[2025-06-16T00:31:06.279+0000][26.088s][5816][5930][info ] Total time for which application threads were stopped: 0.0018943 seconds, Stopping threads took: 0.0000163 seconds
[2025-06-16T00:31:06.290+0000][26.099s][5816][5930][info ] Application time: 0.0109924 seconds
[2025-06-16T00:31:06.290+0000][26.099s][5816][5930][info ] Entering safepoint region: CollectForMetadataAllocation
[2025-06-16T00:31:06.291+0000][26.100s][5816][5930][info ] Leaving safepoint region
[2025-06-16T00:31:06.291+0000][26.100s][5816][5930][info ] Total time for which application threads were stopped: 0.0013119 seconds, Stopping threads took: 0.0000161 seconds
[2025-06-16T00:31:06.308+0000][26.117s][5816][5930][info ] Application time: 0.0166797 seconds
[2025-06-16T00:31:06.308+0000][26.117s][5816][5930][info ] Entering safepoint region: CollectForMetadataAllocation
[2025-06-16T00:31:06.309+0000][26.118s][5816][5930][info ] Leaving safepoint region
[2025-06-16T00:31:06.309+0000][26.118s][5816][5930][info ] Total time for which application threads were stopped: 0.0009304 seconds, Stopping threads took: 0.0000147 seconds
[2025-06-16T00:31:06.332+0000][26.141s][5816][5930][info ] Application time: 0.0229386 seconds
[2025-06-16T00:31:06.332+0000][26.141s][5816][5930][info ] Entering safepoint region: CollectForMetadataAllocation
[2025-06-16T00:31:06.333+0000][26.142s][5816][5930][info ] Leaving safepoint region
[2025-06-16T00:31:06.333+0000][26.142s][5816][5930][info ] Total time for which application threads were stopped: 0.0012384 seconds, Stopping threads took: 0.0000139 seconds
[2025-06-16T00:31:06.368+0000][26.177s][5816][5930][info ] Application time: 0.0350610 seconds
[2025-06-16T00:31:06.368+0000][26.177s][5816][5930][info ] Entering safepoint region: Deoptimize
[2025-06-16T00:31:06.369+0000][26.178s][5816][5930][info ] Leaving safepoint region
[2025-06-16T00:31:06.369+0000][26.178s][5816][5930][info ] Total time for which application threads were stopped: 0.0003887 seconds, Stopping threads took: 0.0000166 seconds
[2025-06-16T00:31:06.372+0000][26.181s][5816][5930][info ] Application time: 0.0033318 seconds
[2025-06-16T00:31:06.372+0000][26.181s][5816][5930][info ] Entering safepoint region: CollectForMetadataAllocation
[2025-06-16T00:31:06.373+0000][26.182s][5816][5930][info ] Leaving safepoint region
[2025-06-16T00:31:06.373+0000][26.182s][5816][5930][info ] Total time for which application threads were stopped: 0.0012438 seconds, Stopping threads took: 0.0008218 seconds
[2025-06-16T00:31:06.392+0000][26.201s][5816][5930][info ] Application time: 0.0184082 seconds
[2025-06-16T00:31:06.392+0000][26.201s][5816][5930][info ] Entering safepoint region: CollectForMetadataAllocation
[2025-06-16T00:31:06.394+0000][26.203s][5816][5930][info ] Leaving safepoint region
[2025-06-16T00:31:06.394+0000][26.203s][5816][5930][info ] Total time for which application threads were stopped: 0.0024364 seconds, Stopping threads took: 0.0000174 seconds
[2025-06-16T00:31:06.414+0000][26.223s][5816][5930][info ] Application time: 0.0200949 seconds
[2025-06-16T00:31:06.414+0000][26.223s][5816][5930][info ] Entering safepoint region: CollectForMetadataAllocation
[2025-06-16T00:31:06.416+0000][26.225s][5816][5930][info ] Leaving safepoint region
[2025-06-16T00:31:06.416+0000][26.225s][5816][5930][info ] Total time for which application threads were stopped: 0.0011757 seconds, Stopping threads took: 0.0000207 seconds
[2025-06-16T00:31:06.441+0000][26.250s][5816][5930][info ] Application time: 0.0257145 seconds
[2025-06-16T00:31:06.441+0000][26.250s][5816][5930][info ] Entering safepoint region: CollectForMetadataAllocation
[2025-06-16T00:31:06.443+0000][26.252s][5816][5930][info ] Leaving safepoint region
[2025-06-16T00:31:06.443+0000][26.252s][5816][5930][info ] Total time for which application threads were stopped: 0.0011907 seconds, Stopping threads took: 0.0000133 seconds
[2025-06-16T00:31:06.471+0000][26.280s][5816][5930][info ] Application time: 0.0286877 seconds
[2025-06-16T00:31:06.471+0000][26.280s][5816][5930][info ] Entering safepoint region: CollectForMetadataAllocation
[2025-06-16T00:31:06.473+0000][26.282s][5816][5930][info ] Leaving safepoint region
[2025-06-16T00:31:06.473+0000][26.282s][5816][5930][info ] Total time for which application threads were stopped: 0.0017027 seconds, Stopping threads took: 0.0000149 seconds
[2025-06-16T00:31:06.487+0000][26.296s][5816][5930][info ] Application time: 0.0137016 seconds
[2025-06-16T00:31:06.487+0000][26.296s][5816][5930][info ] Entering safepoint region: CollectForMetadataAllocation
[2025-06-16T00:31:06.487+0000][26.296s][5816][5930][info ] Leaving safepoint region
[2025-06-16T00:31:06.487+0000][26.296s][5816][5930][info ] Total time for which application threads were stopped: 0.0003563 seconds, Stopping threads took: 0.0000168 seconds
[2025-06-16T00:31:06.532+0000][26.341s][5816][5930][info ] Application time: 0.0446083 seconds
[2025-06-16T00:31:06.532+0000][26.341s][5816][5930][info ] Entering safepoint region: CollectForMetadataAllocation
[2025-06-16T00:31:06.533+0000][26.342s][5816][5930][info ] Leaving safepoint region
[2025-06-16T00:31:06.533+0000][26.342s][5816][5930][info ] Total time for which application threads were stopped: 0.0013832 seconds, Stopping threads took: 0.0000167 seconds
[2025-06-16T00:31:06.565+0000][26.374s][5816][5930][info ] Application time: 0.0311837 seconds
[2025-06-16T00:31:06.565+0000][26.374s][5816][5930][info ] Entering safepoint region: CollectForMetadataAllocation
[2025-06-16T00:31:06.565+0000][26.374s][5816][5930][info ] Leaving safepoint region
[2025-06-16T00:31:06.565+0000][26.374s][5816][5930][info ] Total time for which application threads were stopped: 0.0007770 seconds, Stopping threads took: 0.0000133 seconds
[2025-06-16T00:31:06.634+0000][26.443s][5816][5930][info ] Application time: 0.0689821 seconds
[2025-06-16T00:31:06.634+0000][26.443s][5816][5930][info ] Entering safepoint region: CollectForMetadataAllocation
[2025-06-16T00:31:06.635+0000][26.444s][5816][5930][info ] Leaving safepoint region
[2025-06-16T00:31:06.635+0000][26.444s][5816][5930][info ] Total time for which application threads were stopped: 0.0007092 seconds, Stopping threads took: 0.0000137 seconds
[2025-06-16T00:31:06.733+0000][26.542s][5816][5930][info ] Application time: 0.0982590 seconds
[2025-06-16T00:31:06.733+0000][26.542s][5816][5930][info ] Entering safepoint region: CollectForMetadataAllocation
[2025-06-16T00:31:06.734+0000][26.543s][5816][5930][info ] Leaving safepoint region
[2025-06-16T00:31:06.734+0000][26.543s][5816][5930][info ] Total time for which application threads were stopped: 0.0003089 seconds, Stopping threads took: 0.0000139 seconds
[2025-06-16T00:31:06.746+0000][26.555s][5816][5930][info ] Application time: 0.0117552 seconds
[2025-06-16T00:31:06.746+0000][26.555s][5816][5930][info ] Entering safepoint region: CollectForMetadataAllocation
[2025-06-16T00:31:06.746+0000][26.555s][5816][5930][info ] Leaving safepoint region
[2025-06-16T00:31:06.746+0000][26.555s][5816][5930][info ] Total time for which application threads were stopped: 0.0004474 seconds, Stopping threads took: 0.0000126 seconds
[2025-06-16T00:31:06.784+0000][26.592s][5816][5930][info ] Application time: 0.0374322 seconds
[2025-06-16T00:31:06.784+0000][26.593s][5816][5930][info ] Entering safepoint region: CollectForMetadataAllocation
[2025-06-16T00:31:06.784+0000][26.593s][5816][5930][info ] Leaving safepoint region
[2025-06-16T00:31:06.785+0000][26.594s][5816][5930][info ] Total time for which application threads were stopped: 0.0009482 seconds, Stopping threads took: 0.0000158 seconds
[2025-06-16T00:31:06.812+0000][26.621s][5816][5930][info ] Application time: 0.0274484 seconds
[2025-06-16T00:31:06.812+0000][26.621s][5816][5930][info ] Entering safepoint region: CollectForMetadataAllocation
[2025-06-16T00:31:06.813+0000][26.622s][5816][5930][info ] Leaving safepoint region
[2025-06-16T00:31:06.813+0000][26.622s][5816][5930][info ] Total time for which application threads were stopped: 0.0009026 seconds, Stopping threads took: 0.0000136 seconds
[2025-06-16T00:31:06.934+0000][26.743s][5816][5930][info ] Application time: 0.1209340 seconds
[2025-06-16T00:31:06.934+0000][26.743s][5816][5930][info ] Entering safepoint region: CollectForMetadataAllocation
[2025-06-16T00:31:06.935+0000][26.744s][5816][5930][info ] Leaving safepoint region
[2025-06-16T00:31:06.935+0000][26.744s][5816][5930][info ] Total time for which application threads were stopped: 0.0011585 seconds, Stopping threads took: 0.0002223 seconds
[2025-06-16T00:31:06.973+0000][26.782s][5816][5930][info ] Application time: 0.0381981 seconds
[2025-06-16T00:31:06.974+0000][26.783s][5816][5930][info ] Entering safepoint region: CollectForMetadataAllocation
[2025-06-16T00:31:06.975+0000][26.784s][5816][5930][info ] Leaving safepoint region
[2025-06-16T00:31:06.975+0000][26.784s][5816][5930][info ] Total time for which application threads were stopped: 0.0013935 seconds, Stopping threads took: 0.0004977 seconds
[2025-06-16T00:31:07.017+0000][26.826s][5816][5930][info ] Application time: 0.0422937 seconds
[2025-06-16T00:31:07.017+0000][26.826s][5816][5930][info ] Entering safepoint region: CollectForMetadataAllocation
[2025-06-16T00:31:07.018+0000][26.827s][5816][5930][info ] Leaving safepoint region
[2025-06-16T00:31:07.018+0000][26.827s][5816][5930][info ] Total time for which application threads were stopped: 0.0008902 seconds, Stopping threads took: 0.0000369 seconds
[2025-06-16T00:31:07.061+0000][26.870s][5816][5930][info ] Application time: 0.0431461 seconds
[2025-06-16T00:31:07.062+0000][26.871s][5816][5930][info ] Entering safepoint region: CollectForMetadataAllocation
[2025-06-16T00:31:07.063+0000][26.872s][5816][5930][info ] Leaving safepoint region
[2025-06-16T00:31:07.063+0000][26.872s][5816][5930][info ] Total time for which application threads were stopped: 0.0015765 seconds, Stopping threads took: 0.0003908 seconds
[2025-06-16T00:31:07.102+0000][26.911s][5816][5930][info ] Application time: 0.0390588 seconds
[2025-06-16T00:31:07.102+0000][26.911s][5816][5930][info ] Entering safepoint region: CollectForMetadataAllocation
[2025-06-16T00:31:07.103+0000][26.912s][5816][5930][info ] Leaving safepoint region
[2025-06-16T00:31:07.103+0000][26.912s][5816][5930][info ] Total time for which application threads were stopped: 0.0011798 seconds, Stopping threads took: 0.0003166 seconds
[2025-06-16T00:31:07.107+0000][26.916s][5816][5930][info ] Application time: 0.0041173 seconds
[2025-06-16T00:31:07.107+0000][26.916s][5816][5930][info ] Entering safepoint region: Deoptimize
[2025-06-16T00:31:07.108+0000][26.917s][5816][5930][info ] Leaving safepoint region
[2025-06-16T00:31:07.108+0000][26.917s][5816][5930][info ] Total time for which application threads were stopped: 0.0004295 seconds, Stopping threads took: 0.0000631 seconds
[2025-06-16T00:31:07.125+0000][26.934s][5816][5930][info ] Application time: 0.0169023 seconds
[2025-06-16T00:31:07.125+0000][26.934s][5816][5930][info ] Entering safepoint region: Deoptimize
[2025-06-16T00:31:07.125+0000][26.934s][5816][5930][info ] Leaving safepoint region
[2025-06-16T00:31:07.125+0000][26.934s][5816][5930][info ] Total time for which application threads were stopped: 0.0004071 seconds, Stopping threads took: 0.0000534 seconds
[2025-06-16T00:31:07.127+0000][26.936s][5816][5930][info ] Application time: 0.0023031 seconds
[2025-06-16T00:31:07.128+0000][26.936s][5816][5930][info ] Entering safepoint region: CollectForMetadataAllocation
[2025-06-16T00:31:07.129+0000][26.937s][5816][5930][info ] Leaving safepoint region
[2025-06-16T00:31:07.129+0000][26.938s][5816][5930][info ] Total time for which application threads were stopped: 0.0010490 seconds, Stopping threads took: 0.0000183 seconds
[2025-06-16T00:31:07.168+0000][26.977s][5816][5930][info ] Application time: 0.0395260 seconds
[2025-06-16T00:31:07.168+0000][26.977s][5816][5930][info ] Entering safepoint region: CollectForMetadataAllocation
[2025-06-16T00:31:07.170+0000][26.979s][5816][5930][info ] Leaving safepoint region
[2025-06-16T00:31:07.170+0000][26.979s][5816][5930][info ] Total time for which application threads were stopped: 0.0015070 seconds, Stopping threads took: 0.0000872 seconds
[2025-06-16T00:31:07.186+0000][26.995s][5816][5930][info ] Application time: 0.0168109 seconds
[2025-06-16T00:31:07.187+0000][26.996s][5816][5930][info ] Entering safepoint region: CollectForMetadataAllocation
[2025-06-16T00:31:07.187+0000][26.996s][5816][5930][info ] Leaving safepoint region
[2025-06-16T00:31:07.187+0000][26.996s][5816][5930][info ] Total time for which application threads were stopped: 0.0002359 seconds, Stopping threads took: 0.0000199 seconds
[2025-06-16T00:31:07.216+0000][27.025s][5816][5930][info ] Application time: 0.0288201 seconds
[2025-06-16T00:31:07.216+0000][27.025s][5816][5930][info ] Entering safepoint region: CollectForMetadataAllocation
[2025-06-16T00:31:07.217+0000][27.026s][5816][5930][info ] Leaving safepoint region
[2025-06-16T00:31:07.217+0000][27.026s][5816][5930][info ] Total time for which application threads were stopped: 0.0013712 seconds, Stopping threads took: 0.0003016 seconds
[2025-06-16T00:31:07.232+0000][27.041s][5816][5930][info ] Application time: 0.0145930 seconds
[2025-06-16T00:31:07.232+0000][27.041s][5816][5930][info ] Entering safepoint region: CollectForMetadataAllocation
[2025-06-16T00:31:07.233+0000][27.042s][5816][5930][info ] Leaving safepoint region
[2025-06-16T00:31:07.233+0000][27.042s][5816][5930][info ] Total time for which application threads were stopped: 0.0015511 seconds, Stopping threads took: 0.0002997 seconds
[2025-06-16T00:31:07.245+0000][27.054s][5816][5930][info ] Application time: 0.0118737 seconds
[2025-06-16T00:31:07.245+0000][27.054s][5816][5930][info ] Entering safepoint region: CollectForMetadataAllocation
[2025-06-16T00:31:07.246+0000][27.055s][5816][5930][info ] Leaving safepoint region
[2025-06-16T00:31:07.246+0000][27.055s][5816][5930][info ] Total time for which application threads were stopped: 0.0009796 seconds, Stopping threads took: 0.0003088 seconds
[2025-06-16T00:31:07.293+0000][27.102s][5816][5927][trace] CMS: promo attempt is safe: available(6912212992) >= av_promo(0), max_promo(429506104)
[2025-06-16T00:31:07.293+0000][27.102s][5816][5820][info ] Heap
[2025-06-16T00:31:07.293+0000][27.102s][5816][5820][info ]  par new generation   total 1474560K, used 419439K [0x0000000600000000, 0x0000000664000000, 0x0000000664000000)
[2025-06-16T00:31:07.299+0000][27.108s][5816][5820][info ]   eden space 1310720K,  32% used [0x0000000600000000, 0x000000061999be38, 0x0000000650000000)
[2025-06-16T00:31:07.299+0000][27.108s][5816][5820][info ]   from space 163840K,   0% used [0x0000000650000000, 0x0000000650000000, 0x000000065a000000)
[2025-06-16T00:31:07.299+0000][27.108s][5816][5820][info ]   to   space 163840K,   0% used [0x000000065a000000, 0x000000065a000000, 0x0000000664000000)
[2025-06-16T00:31:07.299+0000][27.108s][5816][5820][info ]  concurrent mark-sweep generation total 6750208K, used 0K [0x0000000664000000, 0x0000000800000000, 0x0000000800000000)
[2025-06-16T00:31:07.299+0000][27.108s][5816][5820][info ]  Metaspace       used 33692K, capacity 34290K, committed 34568K, reserved 1081344K
[2025-06-16T00:31:07.299+0000][27.108s][5816][5820][info ]   class space    used 3515K, capacity 3739K, committed 3756K, reserved 1048576K
[2025-06-16T00:31:07.299+0000][27.108s][5816][5820][debug] Accumulated young generation GC time 0.0000000 secs, 0 GC's, avg GC time 0.0000000
[2025-06-16T00:31:07.299+0000][27.108s][5816][5820][debug] Accumulated old generation GC time 0.0000000 secs, 0 GC's, avg GC time 0.0000000
[2025-06-16T00:31:07.300+0000][27.109s][5816][5930][info ] Application time: 0.0533589 seconds
[2025-06-16T00:31:07.300+0000][27.109s][5816][5930][info ] Entering safepoint region: Exit
