[2025-06-12T01:35:03.024+0000][0.007s][12056][12059][debug] Minimum heap 8589934592  Initial heap 8589934592  Maximum heap 8589934592
[2025-06-12T01:35:03.024+0000][0.007s][12056][12059][trace] 1: Minimum young 1677721600  Initial young 1677721600  Maximum young 1677721600
[2025-06-12T01:35:03.024+0000][0.007s][12056][12059][trace] Minimum old 65536  Initial old 6912212992  Maximum old 6912212992
[2025-06-12T01:35:03.024+0000][0.007s][12056][12059][trace] Trying to allocate at address 0x0000000600000000 heap of size 0x200000000
[2025-06-12T01:35:24.739+0000][21.722s][12056][12059][info ] Using Concurrent Mark Sweep
[2025-06-12T01:35:24.739+0000][21.722s][12056][12059][info ] Heap address: 0x0000000600000000, size: 8192 MB, Compressed Oops mode: Zero based, Oop shift amount: 3
[2025-06-12T01:35:25.267+0000][22.251s][12056][12126][info ] Application time: 0.2370851 seconds
[2025-06-12T01:35:25.267+0000][22.251s][12056][12126][info ] Entering safepoint region: Deoptimize
[2025-06-12T01:35:25.268+0000][22.251s][12056][12126][info ] Leaving safepoint region
[2025-06-12T01:35:25.268+0000][22.251s][12056][12126][info ] Total time for which application threads were stopped: 0.0001726 seconds, Stopping threads took: 0.0000166 seconds
[2025-06-12T01:35:25.277+0000][22.260s][12056][12126][info ] Application time: 0.0094826 seconds
[2025-06-12T01:35:25.277+0000][22.260s][12056][12126][info ] Entering safepoint region: Deoptimize
[2025-06-12T01:35:25.277+0000][22.260s][12056][12126][info ] Leaving safepoint region
[2025-06-12T01:35:25.277+0000][22.260s][12056][12126][info ] Total time for which application threads were stopped: 0.0000906 seconds, Stopping threads took: 0.0000140 seconds
[2025-06-12T01:35:25.344+0000][22.327s][12056][12126][info ] Application time: 0.0665435 seconds
[2025-06-12T01:35:25.344+0000][22.327s][12056][12126][info ] Entering safepoint region: Deoptimize
[2025-06-12T01:35:25.344+0000][22.327s][12056][12126][info ] Leaving safepoint region
[2025-06-12T01:35:25.344+0000][22.327s][12056][12126][info ] Total time for which application threads were stopped: 0.0001409 seconds, Stopping threads took: 0.0000161 seconds
[2025-06-12T01:35:26.182+0000][23.166s][12056][12126][info ] Application time: 0.8384752 seconds
[2025-06-12T01:35:26.182+0000][23.166s][12056][12126][info ] Entering safepoint region: ICBufferFull
[2025-06-12T01:35:26.183+0000][23.166s][12056][12126][info ] Leaving safepoint region
[2025-06-12T01:35:26.183+0000][23.166s][12056][12126][info ] Total time for which application threads were stopped: 0.0001911 seconds, Stopping threads took: 0.0000174 seconds
[2025-06-12T01:35:26.363+0000][23.346s][12056][12126][info ] Application time: 0.1802009 seconds
[2025-06-12T01:35:26.363+0000][23.346s][12056][12126][info ] Entering safepoint region: CollectForMetadataAllocation
[2025-06-12T01:35:26.365+0000][23.348s][12056][12126][info ] Leaving safepoint region
[2025-06-12T01:35:26.365+0000][23.348s][12056][12126][info ] Total time for which application threads were stopped: 0.0014606 seconds, Stopping threads took: 0.0000528 seconds
[2025-06-12T01:35:26.432+0000][23.416s][12056][12126][info ] Application time: 0.0676804 seconds
[2025-06-12T01:35:26.432+0000][23.416s][12056][12126][info ] Entering safepoint region: CollectForMetadataAllocation
[2025-06-12T01:35:26.434+0000][23.417s][12056][12126][info ] Leaving safepoint region
[2025-06-12T01:35:26.434+0000][23.417s][12056][12126][info ] Total time for which application threads were stopped: 0.0017268 seconds, Stopping threads took: 0.0000122 seconds
[2025-06-12T01:35:26.434+0000][23.418s][12056][12126][info ] Application time: 0.0003260 seconds
[2025-06-12T01:35:26.434+0000][23.418s][12056][12126][info ] Entering safepoint region: Deoptimize
[2025-06-12T01:35:26.435+0000][23.418s][12056][12126][info ] Leaving safepoint region
[2025-06-12T01:35:26.435+0000][23.418s][12056][12126][info ] Total time for which application threads were stopped: 0.0001897 seconds, Stopping threads took: 0.0000089 seconds
[2025-06-12T01:35:26.456+0000][23.439s][12056][12126][info ] Application time: 0.0213556 seconds
[2025-06-12T01:35:26.456+0000][23.439s][12056][12126][info ] Entering safepoint region: Deoptimize
[2025-06-12T01:35:26.456+0000][23.439s][12056][12126][info ] Leaving safepoint region
[2025-06-12T01:35:26.456+0000][23.440s][12056][12126][info ] Total time for which application threads were stopped: 0.0002224 seconds, Stopping threads took: 0.0000111 seconds
[2025-06-12T01:35:26.472+0000][23.455s][12056][12126][info ] Application time: 0.0154780 seconds
[2025-06-12T01:35:26.472+0000][23.455s][12056][12126][info ] Entering safepoint region: CollectForMetadataAllocation
[2025-06-12T01:35:26.473+0000][23.456s][12056][12126][info ] Leaving safepoint region
[2025-06-12T01:35:26.473+0000][23.456s][12056][12126][info ] Total time for which application threads were stopped: 0.0010577 seconds, Stopping threads took: 0.0000106 seconds
[2025-06-12T01:35:26.565+0000][23.548s][12056][12126][info ] Application time: 0.0921407 seconds
[2025-06-12T01:35:26.565+0000][23.548s][12056][12126][info ] Entering safepoint region: CollectForMetadataAllocation
[2025-06-12T01:35:26.566+0000][23.549s][12056][12126][info ] Leaving safepoint region
[2025-06-12T01:35:26.566+0000][23.549s][12056][12126][info ] Total time for which application threads were stopped: 0.0010009 seconds, Stopping threads took: 0.0000350 seconds
[2025-06-12T01:35:26.606+0000][23.590s][12056][12126][info ] Application time: 0.0403848 seconds
[2025-06-12T01:35:26.606+0000][23.590s][12056][12126][info ] Entering safepoint region: CollectForMetadataAllocation
[2025-06-12T01:35:26.608+0000][23.591s][12056][12126][info ] Leaving safepoint region
[2025-06-12T01:35:26.608+0000][23.591s][12056][12126][info ] Total time for which application threads were stopped: 0.0014013 seconds, Stopping threads took: 0.0000161 seconds
[2025-06-12T01:35:26.707+0000][23.691s][12056][12126][info ] Application time: 0.0994395 seconds
[2025-06-12T01:35:26.707+0000][23.691s][12056][12126][info ] Entering safepoint region: CollectForMetadataAllocation
[2025-06-12T01:35:26.709+0000][23.692s][12056][12126][info ] Leaving safepoint region
[2025-06-12T01:35:26.709+0000][23.692s][12056][12126][info ] Total time for which application threads were stopped: 0.0012446 seconds, Stopping threads took: 0.0000236 seconds
[2025-06-12T01:35:26.821+0000][23.804s][12056][12126][info ] Application time: 0.1123057 seconds
[2025-06-12T01:35:26.821+0000][23.804s][12056][12126][info ] Entering safepoint region: Deoptimize
[2025-06-12T01:35:26.821+0000][23.805s][12056][12126][info ] Leaving safepoint region
[2025-06-12T01:35:26.821+0000][23.805s][12056][12126][info ] Total time for which application threads were stopped: 0.0002534 seconds, Stopping threads took: 0.0000117 seconds
[2025-06-12T01:35:26.930+0000][23.913s][12056][12126][info ] Application time: 0.1088799 seconds
[2025-06-12T01:35:26.930+0000][23.913s][12056][12126][info ] Entering safepoint region: CollectForMetadataAllocation
[2025-06-12T01:35:26.931+0000][23.914s][12056][12126][info ] Leaving safepoint region
[2025-06-12T01:35:26.931+0000][23.914s][12056][12126][info ] Total time for which application threads were stopped: 0.0009682 seconds, Stopping threads took: 0.0000171 seconds
[2025-06-12T01:35:26.950+0000][23.933s][12056][12126][info ] Application time: 0.0184414 seconds
[2025-06-12T01:35:26.950+0000][23.933s][12056][12126][info ] Entering safepoint region: CollectForMetadataAllocation
[2025-06-12T01:35:26.952+0000][23.935s][12056][12126][info ] Leaving safepoint region
[2025-06-12T01:35:26.952+0000][23.935s][12056][12126][info ] Total time for which application threads were stopped: 0.0019946 seconds, Stopping threads took: 0.0000116 seconds
[2025-06-12T01:35:26.989+0000][23.972s][12056][12126][info ] Application time: 0.0372884 seconds
[2025-06-12T01:35:26.989+0000][23.972s][12056][12126][info ] Entering safepoint region: CollectForMetadataAllocation
[2025-06-12T01:35:26.990+0000][23.973s][12056][12126][info ] Leaving safepoint region
[2025-06-12T01:35:26.990+0000][23.973s][12056][12126][info ] Total time for which application threads were stopped: 0.0006760 seconds, Stopping threads took: 0.0000109 seconds
[2025-06-12T01:35:27.029+0000][24.012s][12056][12126][info ] Application time: 0.0389916 seconds
[2025-06-12T01:35:27.029+0000][24.012s][12056][12126][info ] Entering safepoint region: CollectForMetadataAllocation
[2025-06-12T01:35:27.030+0000][24.013s][12056][12126][info ] Leaving safepoint region
[2025-06-12T01:35:27.030+0000][24.013s][12056][12126][info ] Total time for which application threads were stopped: 0.0014267 seconds, Stopping threads took: 0.0000110 seconds
[2025-06-12T01:35:27.046+0000][24.029s][12056][12126][info ] Application time: 0.0159245 seconds
[2025-06-12T01:35:27.046+0000][24.029s][12056][12126][info ] Entering safepoint region: Deoptimize
[2025-06-12T01:35:27.046+0000][24.030s][12056][12126][info ] Leaving safepoint region
[2025-06-12T01:35:27.046+0000][24.030s][12056][12126][info ] Total time for which application threads were stopped: 0.0002702 seconds, Stopping threads took: 0.0000116 seconds
[2025-06-12T01:35:27.052+0000][24.036s][12056][12126][info ] Application time: 0.0060243 seconds
[2025-06-12T01:35:27.052+0000][24.036s][12056][12126][info ] Entering safepoint region: CollectForMetadataAllocation
[2025-06-12T01:35:27.053+0000][24.037s][12056][12126][info ] Leaving safepoint region
[2025-06-12T01:35:27.053+0000][24.037s][12056][12126][info ] Total time for which application threads were stopped: 0.0008839 seconds, Stopping threads took: 0.0000095 seconds
[2025-06-12T01:35:27.054+0000][24.037s][12056][12126][info ] Application time: 0.0008875 seconds
[2025-06-12T01:35:27.054+0000][24.038s][12056][12126][info ] Entering safepoint region: Deoptimize
[2025-06-12T01:35:27.054+0000][24.038s][12056][12126][info ] Leaving safepoint region
[2025-06-12T01:35:27.054+0000][24.038s][12056][12126][info ] Total time for which application threads were stopped: 0.0002431 seconds, Stopping threads took: 0.0000083 seconds
[2025-06-12T01:35:27.055+0000][24.038s][12056][12126][info ] Application time: 0.0001983 seconds
[2025-06-12T01:35:27.055+0000][24.038s][12056][12126][info ] Entering safepoint region: Deoptimize
[2025-06-12T01:35:27.055+0000][24.038s][12056][12126][info ] Leaving safepoint region
[2025-06-12T01:35:27.055+0000][24.038s][12056][12126][info ] Total time for which application threads were stopped: 0.0001212 seconds, Stopping threads took: 0.0000077 seconds
[2025-06-12T01:35:27.100+0000][24.083s][12056][12126][info ] Application time: 0.0450956 seconds
[2025-06-12T01:35:27.100+0000][24.083s][12056][12126][info ] Entering safepoint region: Deoptimize
[2025-06-12T01:35:27.100+0000][24.084s][12056][12126][info ] Leaving safepoint region
[2025-06-12T01:35:27.100+0000][24.084s][12056][12126][info ] Total time for which application threads were stopped: 0.0002801 seconds, Stopping threads took: 0.0000126 seconds
[2025-06-12T01:35:27.118+0000][24.102s][12056][12126][info ] Application time: 0.0181785 seconds
[2025-06-12T01:35:27.118+0000][24.102s][12056][12126][info ] Entering safepoint region: CollectForMetadataAllocation
[2025-06-12T01:35:27.120+0000][24.104s][12056][12126][info ] Leaving safepoint region
[2025-06-12T01:35:27.120+0000][24.104s][12056][12126][info ] Total time for which application threads were stopped: 0.0018374 seconds, Stopping threads took: 0.0000154 seconds
[2025-06-12T01:35:27.137+0000][24.120s][12056][12126][info ] Application time: 0.0167363 seconds
[2025-06-12T01:35:27.137+0000][24.120s][12056][12126][info ] Entering safepoint region: CollectForMetadataAllocation
[2025-06-12T01:35:27.139+0000][24.122s][12056][12126][info ] Leaving safepoint region
[2025-06-12T01:35:27.139+0000][24.123s][12056][12126][info ] Total time for which application threads were stopped: 0.0021339 seconds, Stopping threads took: 0.0000122 seconds
[2025-06-12T01:35:27.143+0000][24.126s][12056][12126][info ] Application time: 0.0034426 seconds
[2025-06-12T01:35:27.143+0000][24.126s][12056][12126][info ] Entering safepoint region: Deoptimize
[2025-06-12T01:35:27.143+0000][24.126s][12056][12126][info ] Leaving safepoint region
[2025-06-12T01:35:27.143+0000][24.126s][12056][12126][info ] Total time for which application threads were stopped: 0.0003481 seconds, Stopping threads took: 0.0000100 seconds
[2025-06-12T01:35:27.144+0000][24.127s][12056][12126][info ] Application time: 0.0011166 seconds
[2025-06-12T01:35:27.144+0000][24.127s][12056][12126][info ] Entering safepoint region: Deoptimize
[2025-06-12T01:35:27.144+0000][24.128s][12056][12126][info ] Leaving safepoint region
[2025-06-12T01:35:27.144+0000][24.128s][12056][12126][info ] Total time for which application threads were stopped: 0.0001699 seconds, Stopping threads took: 0.0000087 seconds
[2025-06-12T01:35:27.166+0000][24.149s][12056][12126][info ] Application time: 0.0215663 seconds
[2025-06-12T01:35:27.166+0000][24.149s][12056][12126][info ] Entering safepoint region: CollectForMetadataAllocation
[2025-06-12T01:35:27.166+0000][24.150s][12056][12126][info ] Leaving safepoint region
[2025-06-12T01:35:27.166+0000][24.150s][12056][12126][info ] Total time for which application threads were stopped: 0.0002401 seconds, Stopping threads took: 0.0000122 seconds
[2025-06-12T01:35:27.166+0000][24.150s][12056][12126][info ] Application time: 0.0001079 seconds
[2025-06-12T01:35:27.166+0000][24.150s][12056][12126][info ] Entering safepoint region: CollectForMetadataAllocation
[2025-06-12T01:35:27.166+0000][24.150s][12056][12126][info ] Leaving safepoint region
[2025-06-12T01:35:27.166+0000][24.150s][12056][12126][info ] Total time for which application threads were stopped: 0.0000423 seconds, Stopping threads took: 0.0000152 seconds
[2025-06-12T01:35:27.183+0000][24.167s][12056][12126][info ] Application time: 0.0170240 seconds
[2025-06-12T01:35:27.184+0000][24.167s][12056][12126][info ] Entering safepoint region: CollectForMetadataAllocation
[2025-06-12T01:35:27.184+0000][24.167s][12056][12126][info ] Leaving safepoint region
[2025-06-12T01:35:27.184+0000][24.167s][12056][12126][info ] Total time for which application threads were stopped: 0.0001791 seconds, Stopping threads took: 0.0000167 seconds
[2025-06-12T01:35:27.191+0000][24.174s][12056][12126][info ] Application time: 0.0070421 seconds
[2025-06-12T01:35:27.191+0000][24.174s][12056][12126][info ] Entering safepoint region: CollectForMetadataAllocation
[2025-06-12T01:35:27.192+0000][24.176s][12056][12126][info ] Leaving safepoint region
[2025-06-12T01:35:27.192+0000][24.176s][12056][12126][info ] Total time for which application threads were stopped: 0.0016809 seconds, Stopping threads took: 0.0000101 seconds
[2025-06-12T01:35:27.198+0000][24.181s][12056][12126][info ] Application time: 0.0051048 seconds
[2025-06-12T01:35:27.198+0000][24.181s][12056][12126][info ] Entering safepoint region: CollectForMetadataAllocation
[2025-06-12T01:35:27.198+0000][24.181s][12056][12126][info ] Leaving safepoint region
[2025-06-12T01:35:27.198+0000][24.181s][12056][12126][info ] Total time for which application threads were stopped: 0.0001815 seconds, Stopping threads took: 0.0000096 seconds
[2025-06-12T01:35:27.207+0000][24.190s][12056][12126][info ] Application time: 0.0088342 seconds
[2025-06-12T01:35:27.207+0000][24.190s][12056][12126][info ] Entering safepoint region: Deoptimize
[2025-06-12T01:35:27.207+0000][24.190s][12056][12126][info ] Leaving safepoint region
[2025-06-12T01:35:27.207+0000][24.190s][12056][12126][info ] Total time for which application threads were stopped: 0.0003616 seconds, Stopping threads took: 0.0000152 seconds
[2025-06-12T01:35:27.229+0000][24.212s][12056][12126][info ] Application time: 0.0221045 seconds
[2025-06-12T01:35:27.229+0000][24.212s][12056][12126][info ] Entering safepoint region: CollectForMetadataAllocation
[2025-06-12T01:35:27.230+0000][24.213s][12056][12126][info ] Leaving safepoint region
[2025-06-12T01:35:27.230+0000][24.213s][12056][12126][info ] Total time for which application threads were stopped: 0.0006725 seconds, Stopping threads took: 0.0000170 seconds
[2025-06-12T01:35:27.248+0000][24.231s][12056][12126][info ] Application time: 0.0178076 seconds
[2025-06-12T01:35:27.248+0000][24.231s][12056][12126][info ] Entering safepoint region: CollectForMetadataAllocation
[2025-06-12T01:35:27.248+0000][24.232s][12056][12126][info ] Leaving safepoint region
[2025-06-12T01:35:27.248+0000][24.232s][12056][12126][info ] Total time for which application threads were stopped: 0.0007418 seconds, Stopping threads took: 0.0000264 seconds
[2025-06-12T01:35:27.263+0000][24.246s][12056][12126][info ] Application time: 0.0141624 seconds
[2025-06-12T01:35:27.263+0000][24.246s][12056][12126][info ] Entering safepoint region: CollectForMetadataAllocation
[2025-06-12T01:35:27.263+0000][24.247s][12056][12126][info ] Leaving safepoint region
[2025-06-12T01:35:27.264+0000][24.247s][12056][12126][info ] Total time for which application threads were stopped: 0.0008674 seconds, Stopping threads took: 0.0000175 seconds
[2025-06-12T01:35:27.302+0000][24.285s][12056][12126][info ] Application time: 0.0384863 seconds
[2025-06-12T01:35:27.302+0000][24.285s][12056][12126][info ] Entering safepoint region: CollectForMetadataAllocation
[2025-06-12T01:35:27.303+0000][24.286s][12056][12126][info ] Leaving safepoint region
[2025-06-12T01:35:27.303+0000][24.286s][12056][12126][info ] Total time for which application threads were stopped: 0.0008071 seconds, Stopping threads took: 0.0000205 seconds
[2025-06-12T01:35:27.309+0000][24.292s][12056][12126][info ] Application time: 0.0063022 seconds
[2025-06-12T01:35:27.309+0000][24.293s][12056][12126][info ] Entering safepoint region: CollectForMetadataAllocation
[2025-06-12T01:35:27.309+0000][24.293s][12056][12126][info ] Leaving safepoint region
[2025-06-12T01:35:27.309+0000][24.293s][12056][12126][info ] Total time for which application threads were stopped: 0.0002373 seconds, Stopping threads took: 0.0000148 seconds
[2025-06-12T01:35:27.331+0000][24.314s][12056][12126][info ] Application time: 0.0216502 seconds
[2025-06-12T01:35:27.331+0000][24.314s][12056][12126][info ] Entering safepoint region: CollectForMetadataAllocation
[2025-06-12T01:35:27.332+0000][24.316s][12056][12126][info ] Leaving safepoint region
[2025-06-12T01:35:27.332+0000][24.316s][12056][12126][info ] Total time for which application threads were stopped: 0.0013009 seconds, Stopping threads took: 0.0000173 seconds
[2025-06-12T01:35:27.378+0000][24.361s][12056][12126][info ] Application time: 0.0455118 seconds
[2025-06-12T01:35:27.378+0000][24.361s][12056][12126][info ] Entering safepoint region: CollectForMetadataAllocation
[2025-06-12T01:35:27.379+0000][24.362s][12056][12126][info ] Leaving safepoint region
[2025-06-12T01:35:27.379+0000][24.362s][12056][12126][info ] Total time for which application threads were stopped: 0.0006425 seconds, Stopping threads took: 0.0000155 seconds
[2025-06-12T01:35:27.404+0000][24.388s][12056][12126][info ] Application time: 0.0256950 seconds
[2025-06-12T01:35:27.404+0000][24.388s][12056][12126][info ] Entering safepoint region: CollectForMetadataAllocation
[2025-06-12T01:35:27.406+0000][24.389s][12056][12126][info ] Leaving safepoint region
[2025-06-12T01:35:27.406+0000][24.389s][12056][12126][info ] Total time for which application threads were stopped: 0.0012821 seconds, Stopping threads took: 0.0000190 seconds
[2025-06-12T01:35:27.529+0000][24.512s][12056][12126][info ] Application time: 0.1228019 seconds
[2025-06-12T01:35:27.529+0000][24.512s][12056][12126][info ] Entering safepoint region: CollectForMetadataAllocation
[2025-06-12T01:35:27.529+0000][24.512s][12056][12126][info ] Leaving safepoint region
[2025-06-12T01:35:27.529+0000][24.512s][12056][12126][info ] Total time for which application threads were stopped: 0.0005865 seconds, Stopping threads took: 0.0000181 seconds
[2025-06-12T01:35:27.551+0000][24.535s][12056][12126][info ] Application time: 0.0220664 seconds
[2025-06-12T01:35:27.551+0000][24.535s][12056][12126][info ] Entering safepoint region: CollectForMetadataAllocation
[2025-06-12T01:35:27.552+0000][24.535s][12056][12126][info ] Leaving safepoint region
[2025-06-12T01:35:27.552+0000][24.535s][12056][12126][info ] Total time for which application threads were stopped: 0.0006333 seconds, Stopping threads took: 0.0000140 seconds
[2025-06-12T01:35:27.604+0000][24.588s][12056][12126][info ] Application time: 0.0524669 seconds
[2025-06-12T01:35:27.605+0000][24.588s][12056][12126][info ] Entering safepoint region: CollectForMetadataAllocation
[2025-06-12T01:35:27.606+0000][24.589s][12056][12126][info ] Leaving safepoint region
[2025-06-12T01:35:27.606+0000][24.589s][12056][12126][info ] Total time for which application threads were stopped: 0.0011360 seconds, Stopping threads took: 0.0000438 seconds
[2025-06-12T01:35:27.634+0000][24.617s][12056][12126][info ] Application time: 0.0281760 seconds
[2025-06-12T01:35:27.634+0000][24.617s][12056][12126][info ] Entering safepoint region: CollectForMetadataAllocation
[2025-06-12T01:35:27.634+0000][24.618s][12056][12126][info ] Leaving safepoint region
[2025-06-12T01:35:27.634+0000][24.618s][12056][12126][info ] Total time for which application threads were stopped: 0.0005102 seconds, Stopping threads took: 0.0000153 seconds
[2025-06-12T01:35:27.754+0000][24.737s][12056][12126][info ] Application time: 0.1191397 seconds
[2025-06-12T01:35:27.754+0000][24.737s][12056][12126][info ] Entering safepoint region: CollectForMetadataAllocation
[2025-06-12T01:35:27.755+0000][24.738s][12056][12126][info ] Leaving safepoint region
[2025-06-12T01:35:27.755+0000][24.738s][12056][12126][info ] Total time for which application threads were stopped: 0.0014913 seconds, Stopping threads took: 0.0003417 seconds
[2025-06-12T01:35:27.777+0000][24.761s][12056][12126][info ] Application time: 0.0223316 seconds
[2025-06-12T01:35:27.778+0000][24.761s][12056][12126][info ] Entering safepoint region: CollectForMetadataAllocation
[2025-06-12T01:35:27.779+0000][24.762s][12056][12126][info ] Leaving safepoint region
[2025-06-12T01:35:27.779+0000][24.762s][12056][12126][info ] Total time for which application threads were stopped: 0.0013146 seconds, Stopping threads took: 0.0004668 seconds
[2025-06-12T01:35:27.858+0000][24.841s][12056][12126][info ] Application time: 0.0785817 seconds
[2025-06-12T01:35:27.858+0000][24.841s][12056][12126][info ] Entering safepoint region: CollectForMetadataAllocation
[2025-06-12T01:35:27.859+0000][24.842s][12056][12126][info ] Leaving safepoint region
[2025-06-12T01:35:27.859+0000][24.842s][12056][12126][info ] Total time for which application threads were stopped: 0.0009863 seconds, Stopping threads took: 0.0001090 seconds
[2025-06-12T01:35:27.895+0000][24.878s][12056][12126][info ] Application time: 0.0364898 seconds
[2025-06-12T01:35:27.895+0000][24.879s][12056][12126][info ] Entering safepoint region: CollectForMetadataAllocation
[2025-06-12T01:35:27.897+0000][24.880s][12056][12126][info ] Leaving safepoint region
[2025-06-12T01:35:27.897+0000][24.880s][12056][12126][info ] Total time for which application threads were stopped: 0.0013782 seconds, Stopping threads took: 0.0003173 seconds
[2025-06-12T01:35:27.927+0000][24.910s][12056][12126][info ] Application time: 0.0305474 seconds
[2025-06-12T01:35:27.928+0000][24.911s][12056][12126][info ] Entering safepoint region: CollectForMetadataAllocation
[2025-06-12T01:35:27.929+0000][24.912s][12056][12126][info ] Leaving safepoint region
[2025-06-12T01:35:27.929+0000][24.912s][12056][12126][info ] Total time for which application threads were stopped: 0.0014958 seconds, Stopping threads took: 0.0008694 seconds
[2025-06-12T01:35:27.929+0000][24.912s][12056][12126][info ] Application time: 0.0001201 seconds
[2025-06-12T01:35:27.929+0000][24.912s][12056][12126][info ] Entering safepoint region: CollectForMetadataAllocation
[2025-06-12T01:35:27.929+0000][24.912s][12056][12126][info ] Leaving safepoint region
[2025-06-12T01:35:27.929+0000][24.913s][12056][12126][info ] Total time for which application threads were stopped: 0.0004305 seconds, Stopping threads took: 0.0004072 seconds
[2025-06-12T01:35:27.948+0000][24.931s][12056][12126][info ] Application time: 0.0182845 seconds
[2025-06-12T01:35:27.948+0000][24.931s][12056][12126][info ] Entering safepoint region: CollectForMetadataAllocation
[2025-06-12T01:35:27.948+0000][24.932s][12056][12126][info ] Leaving safepoint region
[2025-06-12T01:35:27.948+0000][24.932s][12056][12126][info ] Total time for which application threads were stopped: 0.0008562 seconds, Stopping threads took: 0.0001651 seconds
[2025-06-12T01:35:27.949+0000][24.932s][12056][12126][info ] Application time: 0.0004280 seconds
[2025-06-12T01:35:27.949+0000][24.932s][12056][12126][info ] Entering safepoint region: Deoptimize
[2025-06-12T01:35:27.949+0000][24.933s][12056][12126][info ] Leaving safepoint region
[2025-06-12T01:35:27.949+0000][24.933s][12056][12126][info ] Total time for which application threads were stopped: 0.0004517 seconds, Stopping threads took: 0.0001467 seconds
[2025-06-12T01:35:27.963+0000][24.946s][12056][12126][info ] Application time: 0.0138421 seconds
[2025-06-12T01:35:27.963+0000][24.947s][12056][12126][info ] Entering safepoint region: Deoptimize
[2025-06-12T01:35:27.963+0000][24.947s][12056][12126][info ] Leaving safepoint region
[2025-06-12T01:35:27.964+0000][24.947s][12056][12126][info ] Total time for which application threads were stopped: 0.0003056 seconds, Stopping threads took: 0.0000369 seconds
[2025-06-12T01:35:27.966+0000][24.950s][12056][12126][info ] Application time: 0.0028556 seconds
[2025-06-12T01:35:27.966+0000][24.950s][12056][12126][info ] Entering safepoint region: CollectForMetadataAllocation
[2025-06-12T01:35:27.968+0000][24.951s][12056][12126][info ] Leaving safepoint region
[2025-06-12T01:35:27.968+0000][24.951s][12056][12126][info ] Total time for which application threads were stopped: 0.0013025 seconds, Stopping threads took: 0.0000099 seconds
[2025-06-12T01:35:27.968+0000][24.951s][12056][12126][info ] Application time: 0.0001216 seconds
[2025-06-12T01:35:27.968+0000][24.951s][12056][12126][info ] Entering safepoint region: CollectForMetadataAllocation
[2025-06-12T01:35:27.968+0000][24.951s][12056][12126][info ] Leaving safepoint region
[2025-06-12T01:35:27.968+0000][24.951s][12056][12126][info ] Total time for which application threads were stopped: 0.0000914 seconds, Stopping threads took: 0.0000714 seconds
[2025-06-12T01:35:27.992+0000][24.975s][12056][12126][info ] Application time: 0.0236948 seconds
[2025-06-12T01:35:27.992+0000][24.976s][12056][12126][info ] Entering safepoint region: CollectForMetadataAllocation
[2025-06-12T01:35:27.993+0000][24.976s][12056][12126][info ] Leaving safepoint region
[2025-06-12T01:35:27.993+0000][24.976s][12056][12126][info ] Total time for which application threads were stopped: 0.0014491 seconds, Stopping threads took: 0.0005088 seconds
[2025-06-12T01:35:28.003+0000][24.986s][12056][12126][info ] Application time: 0.0097734 seconds
[2025-06-12T01:35:28.003+0000][24.986s][12056][12126][info ] Entering safepoint region: CollectForMetadataAllocation
[2025-06-12T01:35:28.004+0000][24.987s][12056][12126][info ] Leaving safepoint region
[2025-06-12T01:35:28.004+0000][24.987s][12056][12126][info ] Total time for which application threads were stopped: 0.0009750 seconds, Stopping threads took: 0.0000208 seconds
[2025-06-12T01:35:28.019+0000][25.003s][12056][12126][info ] Application time: 0.0152825 seconds
[2025-06-12T01:35:28.019+0000][25.003s][12056][12126][info ] Entering safepoint region: CollectForMetadataAllocation
[2025-06-12T01:35:28.020+0000][25.003s][12056][12126][info ] Leaving safepoint region
[2025-06-12T01:35:28.020+0000][25.003s][12056][12126][info ] Total time for which application threads were stopped: 0.0002991 seconds, Stopping threads took: 0.0001003 seconds
[2025-06-12T01:35:28.032+0000][25.016s][12056][12125][trace] CMS: promo attempt is safe: available(6912212992) >= av_promo(0), max_promo(429497552)
[2025-06-12T01:35:28.032+0000][25.016s][12056][12059][info ] Heap
[2025-06-12T01:35:28.032+0000][25.016s][12056][12059][info ]  par new generation   total 1474560K, used 419431K [0x0000000600000000, 0x0000000664000000, 0x0000000664000000)
[2025-06-12T01:35:28.033+0000][25.016s][12056][12059][info ]   eden space 1310720K,  32% used [0x0000000600000000, 0x0000000619999cd0, 0x0000000650000000)
[2025-06-12T01:35:28.033+0000][25.016s][12056][12059][info ]   from space 163840K,   0% used [0x0000000650000000, 0x0000000650000000, 0x000000065a000000)
[2025-06-12T01:35:28.033+0000][25.016s][12056][12059][info ]   to   space 163840K,   0% used [0x000000065a000000, 0x000000065a000000, 0x0000000664000000)
[2025-06-12T01:35:28.033+0000][25.016s][12056][12059][info ]  concurrent mark-sweep generation total 6750208K, used 0K [0x0000000664000000, 0x0000000800000000, 0x0000000800000000)
[2025-06-12T01:35:28.033+0000][25.016s][12056][12059][info ]  Metaspace       used 33264K, capacity 33841K, committed 34144K, reserved 1079296K
[2025-06-12T01:35:28.033+0000][25.016s][12056][12059][info ]   class space    used 3461K, capacity 3675K, committed 3756K, reserved 1048576K
[2025-06-12T01:35:28.033+0000][25.016s][12056][12059][debug] Accumulated young generation GC time 0.0000000 secs, 0 GC's, avg GC time 0.0000000
[2025-06-12T01:35:28.033+0000][25.016s][12056][12059][debug] Accumulated old generation GC time 0.0000000 secs, 0 GC's, avg GC time 0.0000000
[2025-06-12T01:35:28.033+0000][25.016s][12056][12126][info ] Application time: 0.0129896 seconds
[2025-06-12T01:35:28.033+0000][25.016s][12056][12126][info ] Entering safepoint region: Exit
