[2025-06-12T09:37:41.037+0000][0.009s][1488][1492][debug] Minimum heap 8589934592  Initial heap 8589934592  Maximum heap 8589934592
[2025-06-12T09:37:41.037+0000][0.009s][1488][1492][trace] 1: Minimum young 1677721600  Initial young 1677721600  Maximum young 1677721600
[2025-06-12T09:37:41.037+0000][0.009s][1488][1492][trace] Minimum old 65536  Initial old 6912212992  Maximum old 6912212992
[2025-06-12T09:37:41.037+0000][0.009s][1488][1492][trace] Trying to allocate at address 0x0000000600000000 heap of size 0x200000000
[2025-06-12T09:37:48.402+0000][7.374s][1488][1492][info ] Using Concurrent Mark Sweep
[2025-06-12T09:37:48.403+0000][7.375s][1488][1492][info ] Heap address: 0x0000000600000000, size: 8192 MB, Compressed Oops mode: Zero based, Oop shift amount: 3
[2025-06-12T09:37:49.132+0000][8.103s][1488][1513][info ] Application time: 0.2489410 seconds
[2025-06-12T09:37:49.132+0000][8.103s][1488][1513][info ] Entering safepoint region: Deoptimize
[2025-06-12T09:37:49.132+0000][8.104s][1488][1513][info ] Leaving safepoint region
[2025-06-12T09:37:49.132+0000][8.104s][1488][1513][info ] Total time for which application threads were stopped: 0.0002460 seconds, Stopping threads took: 0.0000177 seconds
[2025-06-12T09:37:49.152+0000][8.124s][1488][1513][info ] Application time: 0.0202402 seconds
[2025-06-12T09:37:49.152+0000][8.124s][1488][1513][info ] Entering safepoint region: Deoptimize
[2025-06-12T09:37:49.152+0000][8.124s][1488][1513][info ] Leaving safepoint region
[2025-06-12T09:37:49.152+0000][8.124s][1488][1513][info ] Total time for which application threads were stopped: 0.0001473 seconds, Stopping threads took: 0.0000175 seconds
[2025-06-12T09:37:49.237+0000][8.209s][1488][1513][info ] Application time: 0.0846794 seconds
[2025-06-12T09:37:49.237+0000][8.209s][1488][1513][info ] Entering safepoint region: Deoptimize
[2025-06-12T09:37:49.237+0000][8.209s][1488][1513][info ] Leaving safepoint region
[2025-06-12T09:37:49.237+0000][8.209s][1488][1513][info ] Total time for which application threads were stopped: 0.0001580 seconds, Stopping threads took: 0.0000161 seconds
[2025-06-12T09:37:50.238+0000][9.209s][1488][1513][info ] Application time: 1.0001078 seconds
[2025-06-12T09:37:50.238+0000][9.210s][1488][1513][info ] Entering safepoint region: Cleanup
[2025-06-12T09:37:50.238+0000][9.210s][1488][1513][info ] Leaving safepoint region
[2025-06-12T09:37:50.238+0000][9.210s][1488][1513][info ] Total time for which application threads were stopped: 0.0006888 seconds, Stopping threads took: 0.0004691 seconds
[2025-06-12T09:37:50.653+0000][9.625s][1488][1513][info ] Application time: 0.4151834 seconds
[2025-06-12T09:37:50.656+0000][9.627s][1488][1513][info ] Entering safepoint region: CollectForMetadataAllocation
[2025-06-12T09:37:50.657+0000][9.628s][1488][1513][info ] Leaving safepoint region
[2025-06-12T09:37:50.657+0000][9.628s][1488][1513][info ] Total time for which application threads were stopped: 0.0010139 seconds, Stopping threads took: 0.0000350 seconds
[2025-06-12T09:37:50.712+0000][9.684s][1488][1513][info ] Application time: 0.0554237 seconds
[2025-06-12T09:37:50.712+0000][9.684s][1488][1513][info ] Entering safepoint region: Deoptimize
[2025-06-12T09:37:50.712+0000][9.684s][1488][1513][info ] Leaving safepoint region
[2025-06-12T09:37:50.712+0000][9.684s][1488][1513][info ] Total time for which application threads were stopped: 0.0002739 seconds, Stopping threads took: 0.0000122 seconds
[2025-06-12T09:37:50.717+0000][9.688s][1488][1513][info ] Application time: 0.0042014 seconds
[2025-06-12T09:37:50.717+0000][9.688s][1488][1513][info ] Entering safepoint region: CollectForMetadataAllocation
[2025-06-12T09:37:50.718+0000][9.690s][1488][1513][info ] Leaving safepoint region
[2025-06-12T09:37:50.718+0000][9.690s][1488][1513][info ] Total time for which application threads were stopped: 0.0014999 seconds, Stopping threads took: 0.0000379 seconds
[2025-06-12T09:37:50.738+0000][9.709s][1488][1513][info ] Application time: 0.0196690 seconds
[2025-06-12T09:37:50.738+0000][9.709s][1488][1513][info ] Entering safepoint region: Deoptimize
[2025-06-12T09:37:50.738+0000][9.710s][1488][1513][info ] Leaving safepoint region
[2025-06-12T09:37:50.738+0000][9.710s][1488][1513][info ] Total time for which application threads were stopped: 0.0002826 seconds, Stopping threads took: 0.0000299 seconds
[2025-06-12T09:37:50.777+0000][9.749s][1488][1513][info ] Application time: 0.0390108 seconds
[2025-06-12T09:37:50.777+0000][9.749s][1488][1513][info ] Entering safepoint region: CollectForMetadataAllocation
[2025-06-12T09:37:50.779+0000][9.751s][1488][1513][info ] Leaving safepoint region
[2025-06-12T09:37:50.779+0000][9.751s][1488][1513][info ] Total time for which application threads were stopped: 0.0022017 seconds, Stopping threads took: 0.0000175 seconds
[2025-06-12T09:37:50.911+0000][9.883s][1488][1513][info ] Application time: 0.1316829 seconds
[2025-06-12T09:37:50.914+0000][9.885s][1488][1513][info ] Entering safepoint region: CollectForMetadataAllocation
[2025-06-12T09:37:50.914+0000][9.885s][1488][1513][info ] Leaving safepoint region
[2025-06-12T09:37:50.914+0000][9.885s][1488][1513][info ] Total time for which application threads were stopped: 0.0026691 seconds, Stopping threads took: 0.0024211 seconds
[2025-06-12T09:37:50.938+0000][9.909s][1488][1513][info ] Application time: 0.0239912 seconds
[2025-06-12T09:37:50.938+0000][9.910s][1488][1513][info ] Entering safepoint region: CollectForMetadataAllocation
[2025-06-12T09:37:50.939+0000][9.910s][1488][1513][info ] Leaving safepoint region
[2025-06-12T09:37:50.939+0000][9.910s][1488][1513][info ] Total time for which application threads were stopped: 0.0006576 seconds, Stopping threads took: 0.0000168 seconds
[2025-06-12T09:37:51.228+0000][10.200s][1488][1513][info ] Application time: 0.2894199 seconds
[2025-06-12T09:37:51.228+0000][10.200s][1488][1513][info ] Entering safepoint region: Deoptimize
[2025-06-12T09:37:51.228+0000][10.200s][1488][1513][info ] Leaving safepoint region
[2025-06-12T09:37:51.228+0000][10.200s][1488][1513][info ] Total time for which application threads were stopped: 0.0003107 seconds, Stopping threads took: 0.0000122 seconds
[2025-06-12T09:37:51.271+0000][10.243s][1488][1513][info ] Application time: 0.0428658 seconds
[2025-06-12T09:37:51.272+0000][10.243s][1488][1513][info ] Entering safepoint region: CollectForMetadataAllocation
[2025-06-12T09:37:51.273+0000][10.245s][1488][1513][info ] Leaving safepoint region
[2025-06-12T09:37:51.273+0000][10.245s][1488][1513][info ] Total time for which application threads were stopped: 0.0017043 seconds, Stopping threads took: 0.0001960 seconds
[2025-06-12T09:37:51.368+0000][10.340s][1488][1513][info ] Application time: 0.0952434 seconds
[2025-06-12T09:37:51.368+0000][10.340s][1488][1513][info ] Entering safepoint region: CollectForMetadataAllocation
[2025-06-12T09:37:51.370+0000][10.342s][1488][1513][info ] Leaving safepoint region
[2025-06-12T09:37:51.370+0000][10.342s][1488][1513][info ] Total time for which application threads were stopped: 0.0016786 seconds, Stopping threads took: 0.0000123 seconds
[2025-06-12T09:37:51.396+0000][10.367s][1488][1513][info ] Application time: 0.0256949 seconds
[2025-06-12T09:37:51.396+0000][10.367s][1488][1513][info ] Entering safepoint region: CollectForMetadataAllocation
[2025-06-12T09:37:51.398+0000][10.370s][1488][1513][info ] Leaving safepoint region
[2025-06-12T09:37:51.398+0000][10.370s][1488][1513][info ] Total time for which application threads were stopped: 0.0023043 seconds, Stopping threads took: 0.0000271 seconds
[2025-06-12T09:37:51.440+0000][10.411s][1488][1513][info ] Application time: 0.0414690 seconds
[2025-06-12T09:37:51.440+0000][10.411s][1488][1513][info ] Entering safepoint region: CollectForMetadataAllocation
[2025-06-12T09:37:51.442+0000][10.414s][1488][1513][info ] Leaving safepoint region
[2025-06-12T09:37:51.442+0000][10.414s][1488][1513][info ] Total time for which application threads were stopped: 0.0025747 seconds, Stopping threads took: 0.0000198 seconds
[2025-06-12T09:37:51.488+0000][10.460s][1488][1513][info ] Application time: 0.0459957 seconds
[2025-06-12T09:37:51.488+0000][10.460s][1488][1513][info ] Entering safepoint region: Deoptimize
[2025-06-12T09:37:51.489+0000][10.460s][1488][1513][info ] Leaving safepoint region
[2025-06-12T09:37:51.489+0000][10.460s][1488][1513][info ] Total time for which application threads were stopped: 0.0002853 seconds, Stopping threads took: 0.0000298 seconds
[2025-06-12T09:37:51.502+0000][10.474s][1488][1513][info ] Application time: 0.0136612 seconds
[2025-06-12T09:37:51.502+0000][10.474s][1488][1513][info ] Entering safepoint region: CollectForMetadataAllocation
[2025-06-12T09:37:51.503+0000][10.475s][1488][1513][info ] Leaving safepoint region
[2025-06-12T09:37:51.504+0000][10.475s][1488][1513][info ] Total time for which application threads were stopped: 0.0011266 seconds, Stopping threads took: 0.0000108 seconds
[2025-06-12T09:37:51.506+0000][10.478s][1488][1513][info ] Application time: 0.0026176 seconds
[2025-06-12T09:37:51.506+0000][10.478s][1488][1513][info ] Entering safepoint region: Deoptimize
[2025-06-12T09:37:51.506+0000][10.478s][1488][1513][info ] Leaving safepoint region
[2025-06-12T09:37:51.506+0000][10.478s][1488][1513][info ] Total time for which application threads were stopped: 0.0002813 seconds, Stopping threads took: 0.0000133 seconds
[2025-06-12T09:37:51.508+0000][10.479s][1488][1513][info ] Application time: 0.0014595 seconds
[2025-06-12T09:37:51.508+0000][10.479s][1488][1513][info ] Entering safepoint region: Deoptimize
[2025-06-12T09:37:51.508+0000][10.480s][1488][1513][info ] Leaving safepoint region
[2025-06-12T09:37:51.508+0000][10.480s][1488][1513][info ] Total time for which application threads were stopped: 0.0002276 seconds, Stopping threads took: 0.0000106 seconds
[2025-06-12T09:37:51.695+0000][10.666s][1488][1513][info ] Application time: 0.1865364 seconds
[2025-06-12T09:37:51.695+0000][10.666s][1488][1513][info ] Entering safepoint region: CollectForMetadataAllocation
[2025-06-12T09:37:51.696+0000][10.668s][1488][1513][info ] Leaving safepoint region
[2025-06-12T09:37:51.696+0000][10.668s][1488][1513][info ] Total time for which application threads were stopped: 0.0015532 seconds, Stopping threads took: 0.0000131 seconds
[2025-06-12T09:37:51.709+0000][10.681s][1488][1513][info ] Application time: 0.0129167 seconds
[2025-06-12T09:37:51.709+0000][10.681s][1488][1513][info ] Entering safepoint region: Deoptimize
[2025-06-12T09:37:51.710+0000][10.681s][1488][1513][info ] Leaving safepoint region
[2025-06-12T09:37:51.710+0000][10.681s][1488][1513][info ] Total time for which application threads were stopped: 0.0002780 seconds, Stopping threads took: 0.0000122 seconds
[2025-06-12T09:37:51.744+0000][10.716s][1488][1513][info ] Application time: 0.0344648 seconds
[2025-06-12T09:37:51.745+0000][10.717s][1488][1513][info ] Entering safepoint region: CollectForMetadataAllocation
[2025-06-12T09:37:51.747+0000][10.718s][1488][1513][info ] Leaving safepoint region
[2025-06-12T09:37:51.747+0000][10.718s][1488][1513][info ] Total time for which application threads were stopped: 0.0013018 seconds, Stopping threads took: 0.0000242 seconds
[2025-06-12T09:37:51.747+0000][10.718s][1488][1513][info ] Application time: 0.0001898 seconds
[2025-06-12T09:37:51.747+0000][10.719s][1488][1513][info ] Entering safepoint region: CollectForMetadataAllocation
[2025-06-12T09:37:51.747+0000][10.719s][1488][1513][info ] Leaving safepoint region
[2025-06-12T09:37:51.747+0000][10.719s][1488][1513][info ] Total time for which application threads were stopped: 0.0000527 seconds, Stopping threads took: 0.0000300 seconds
[2025-06-12T09:37:51.789+0000][10.761s][1488][1513][info ] Application time: 0.0423488 seconds
[2025-06-12T09:37:51.789+0000][10.761s][1488][1513][info ] Entering safepoint region: Deoptimize
[2025-06-12T09:37:51.790+0000][10.761s][1488][1513][info ] Leaving safepoint region
[2025-06-12T09:37:51.790+0000][10.761s][1488][1513][info ] Total time for which application threads were stopped: 0.0002819 seconds, Stopping threads took: 0.0000127 seconds
[2025-06-12T09:37:51.792+0000][10.764s][1488][1513][info ] Application time: 0.0024511 seconds
[2025-06-12T09:37:51.792+0000][10.764s][1488][1513][info ] Entering safepoint region: CollectForMetadataAllocation
[2025-06-12T09:37:51.794+0000][10.766s][1488][1513][info ] Leaving safepoint region
[2025-06-12T09:37:51.794+0000][10.766s][1488][1513][info ] Total time for which application threads were stopped: 0.0018722 seconds, Stopping threads took: 0.0000115 seconds
[2025-06-12T09:37:51.824+0000][10.795s][1488][1513][info ] Application time: 0.0296726 seconds
[2025-06-12T09:37:51.824+0000][10.795s][1488][1513][info ] Entering safepoint region: CollectForMetadataAllocation
[2025-06-12T09:37:51.826+0000][10.797s][1488][1513][info ] Leaving safepoint region
[2025-06-12T09:37:51.826+0000][10.797s][1488][1513][info ] Total time for which application threads were stopped: 0.0019611 seconds, Stopping threads took: 0.0000144 seconds
[2025-06-12T09:37:51.846+0000][10.818s][1488][1513][info ] Application time: 0.0204065 seconds
[2025-06-12T09:37:51.846+0000][10.818s][1488][1513][info ] Entering safepoint region: CollectForMetadataAllocation
[2025-06-12T09:37:51.848+0000][10.819s][1488][1513][info ] Leaving safepoint region
[2025-06-12T09:37:51.848+0000][10.819s][1488][1513][info ] Total time for which application threads were stopped: 0.0016404 seconds, Stopping threads took: 0.0000178 seconds
[2025-06-12T09:37:51.861+0000][10.833s][1488][1513][info ] Application time: 0.0132158 seconds
[2025-06-12T09:37:51.861+0000][10.833s][1488][1513][info ] Entering safepoint region: CollectForMetadataAllocation
[2025-06-12T09:37:51.862+0000][10.833s][1488][1513][info ] Leaving safepoint region
[2025-06-12T09:37:51.862+0000][10.833s][1488][1513][info ] Total time for which application threads were stopped: 0.0002677 seconds, Stopping threads took: 0.0000139 seconds
[2025-06-12T09:37:51.928+0000][10.899s][1488][1513][info ] Application time: 0.0662520 seconds
[2025-06-12T09:37:51.928+0000][10.899s][1488][1513][info ] Entering safepoint region: CollectForMetadataAllocation
[2025-06-12T09:37:51.929+0000][10.901s][1488][1513][info ] Leaving safepoint region
[2025-06-12T09:37:51.929+0000][10.901s][1488][1513][info ] Total time for which application threads were stopped: 0.0013292 seconds, Stopping threads took: 0.0000154 seconds
[2025-06-12T09:37:51.929+0000][10.901s][1488][1513][info ] Application time: 0.0001207 seconds
[2025-06-12T09:37:51.930+0000][10.902s][1488][1513][info ] Entering safepoint region: CollectForMetadataAllocation
[2025-06-12T09:37:51.930+0000][10.902s][1488][1513][info ] Leaving safepoint region
[2025-06-12T09:37:51.930+0000][10.902s][1488][1513][info ] Total time for which application threads were stopped: 0.0008691 seconds, Stopping threads took: 0.0008352 seconds
[2025-06-12T09:37:51.935+0000][10.907s][1488][1513][info ] Application time: 0.0049436 seconds
[2025-06-12T09:37:51.935+0000][10.907s][1488][1513][info ] Entering safepoint region: Deoptimize
[2025-06-12T09:37:51.935+0000][10.907s][1488][1513][info ] Leaving safepoint region
[2025-06-12T09:37:51.935+0000][10.907s][1488][1513][info ] Total time for which application threads were stopped: 0.0002649 seconds, Stopping threads took: 0.0000100 seconds
[2025-06-12T09:37:51.952+0000][10.924s][1488][1513][info ] Application time: 0.0167554 seconds
[2025-06-12T09:37:51.952+0000][10.924s][1488][1513][info ] Entering safepoint region: CollectForMetadataAllocation
[2025-06-12T09:37:51.953+0000][10.924s][1488][1513][info ] Leaving safepoint region
[2025-06-12T09:37:51.953+0000][10.924s][1488][1513][info ] Total time for which application threads were stopped: 0.0002865 seconds, Stopping threads took: 0.0000262 seconds
[2025-06-12T09:37:51.967+0000][10.939s][1488][1513][info ] Application time: 0.0147128 seconds
[2025-06-12T09:37:51.967+0000][10.939s][1488][1513][info ] Entering safepoint region: CollectForMetadataAllocation
[2025-06-12T09:37:51.968+0000][10.939s][1488][1513][info ] Leaving safepoint region
[2025-06-12T09:37:51.968+0000][10.939s][1488][1513][info ] Total time for which application threads were stopped: 0.0002242 seconds, Stopping threads took: 0.0000126 seconds
[2025-06-12T09:37:51.985+0000][10.957s][1488][1513][info ] Application time: 0.0177233 seconds
[2025-06-12T09:37:51.985+0000][10.957s][1488][1513][info ] Entering safepoint region: CollectForMetadataAllocation
[2025-06-12T09:37:51.986+0000][10.957s][1488][1513][info ] Leaving safepoint region
[2025-06-12T09:37:51.986+0000][10.957s][1488][1513][info ] Total time for which application threads were stopped: 0.0002523 seconds, Stopping threads took: 0.0000112 seconds
[2025-06-12T09:37:52.028+0000][11.000s][1488][1513][info ] Application time: 0.0427368 seconds
[2025-06-12T09:37:52.028+0000][11.000s][1488][1513][info ] Entering safepoint region: CollectForMetadataAllocation
[2025-06-12T09:37:52.030+0000][11.001s][1488][1513][info ] Leaving safepoint region
[2025-06-12T09:37:52.030+0000][11.002s][1488][1513][info ] Total time for which application threads were stopped: 0.0015947 seconds, Stopping threads took: 0.0000184 seconds
[2025-06-12T09:37:52.041+0000][11.013s][1488][1513][info ] Application time: 0.0114224 seconds
[2025-06-12T09:37:52.041+0000][11.013s][1488][1513][info ] Entering safepoint region: CollectForMetadataAllocation
[2025-06-12T09:37:52.043+0000][11.014s][1488][1513][info ] Leaving safepoint region
[2025-06-12T09:37:52.043+0000][11.014s][1488][1513][info ] Total time for which application threads were stopped: 0.0013267 seconds, Stopping threads took: 0.0000114 seconds
[2025-06-12T09:37:52.072+0000][11.043s][1488][1513][info ] Application time: 0.0287206 seconds
[2025-06-12T09:37:52.072+0000][11.043s][1488][1513][info ] Entering safepoint region: CollectForMetadataAllocation
[2025-06-12T09:37:52.073+0000][11.045s][1488][1513][info ] Leaving safepoint region
[2025-06-12T09:37:52.073+0000][11.045s][1488][1513][info ] Total time for which application threads were stopped: 0.0016578 seconds, Stopping threads took: 0.0000125 seconds
[2025-06-12T09:37:52.142+0000][11.114s][1488][1513][info ] Application time: 0.0690111 seconds
[2025-06-12T09:37:52.142+0000][11.114s][1488][1513][info ] Entering safepoint region: CollectForMetadataAllocation
[2025-06-12T09:37:52.145+0000][11.116s][1488][1513][info ] Leaving safepoint region
[2025-06-12T09:37:52.145+0000][11.117s][1488][1513][info ] Total time for which application threads were stopped: 0.0026956 seconds, Stopping threads took: 0.0000141 seconds
[2025-06-12T09:37:52.160+0000][11.132s][1488][1513][info ] Application time: 0.0150432 seconds
[2025-06-12T09:37:52.160+0000][11.132s][1488][1513][info ] Entering safepoint region: CollectForMetadataAllocation
[2025-06-12T09:37:52.161+0000][11.133s][1488][1513][info ] Leaving safepoint region
[2025-06-12T09:37:52.161+0000][11.133s][1488][1513][info ] Total time for which application threads were stopped: 0.0011901 seconds, Stopping threads took: 0.0000173 seconds
[2025-06-12T09:37:52.329+0000][11.300s][1488][1513][info ] Application time: 0.1673044 seconds
[2025-06-12T09:37:52.329+0000][11.300s][1488][1513][info ] Entering safepoint region: CollectForMetadataAllocation
[2025-06-12T09:37:52.331+0000][11.302s][1488][1513][info ] Leaving safepoint region
[2025-06-12T09:37:52.331+0000][11.302s][1488][1513][info ] Total time for which application threads were stopped: 0.0019691 seconds, Stopping threads took: 0.0000176 seconds
[2025-06-12T09:37:52.366+0000][11.338s][1488][1513][info ] Application time: 0.0354215 seconds
[2025-06-12T09:37:52.366+0000][11.338s][1488][1513][info ] Entering safepoint region: CollectForMetadataAllocation
[2025-06-12T09:37:52.368+0000][11.340s][1488][1513][info ] Leaving safepoint region
[2025-06-12T09:37:52.368+0000][11.340s][1488][1513][info ] Total time for which application threads were stopped: 0.0022269 seconds, Stopping threads took: 0.0000131 seconds
[2025-06-12T09:37:52.404+0000][11.376s][1488][1513][info ] Application time: 0.0355904 seconds
[2025-06-12T09:37:52.404+0000][11.376s][1488][1513][info ] Entering safepoint region: CollectForMetadataAllocation
[2025-06-12T09:37:52.405+0000][11.377s][1488][1513][info ] Leaving safepoint region
[2025-06-12T09:37:52.405+0000][11.377s][1488][1513][info ] Total time for which application threads were stopped: 0.0013496 seconds, Stopping threads took: 0.0000118 seconds
[2025-06-12T09:37:52.505+0000][11.476s][1488][1513][info ] Application time: 0.0991756 seconds
[2025-06-12T09:37:52.507+0000][11.479s][1488][1513][info ] Entering safepoint region: CollectForMetadataAllocation
[2025-06-12T09:37:52.509+0000][11.480s][1488][1513][info ] Leaving safepoint region
[2025-06-12T09:37:52.509+0000][11.481s][1488][1513][info ] Total time for which application threads were stopped: 0.0028435 seconds, Stopping threads took: 0.0013048 seconds
[2025-06-12T09:37:52.555+0000][11.526s][1488][1513][info ] Application time: 0.0458071 seconds
[2025-06-12T09:37:52.555+0000][11.527s][1488][1513][info ] Entering safepoint region: CollectForMetadataAllocation
[2025-06-12T09:37:52.557+0000][11.528s][1488][1513][info ] Leaving safepoint region
[2025-06-12T09:37:52.557+0000][11.528s][1488][1513][info ] Total time for which application threads were stopped: 0.0015806 seconds, Stopping threads took: 0.0001932 seconds
[2025-06-12T09:37:52.618+0000][11.590s][1488][1513][info ] Application time: 0.0618655 seconds
[2025-06-12T09:37:52.619+0000][11.590s][1488][1513][info ] Entering safepoint region: CollectForMetadataAllocation
[2025-06-12T09:37:52.620+0000][11.592s][1488][1513][info ] Leaving safepoint region
[2025-06-12T09:37:52.620+0000][11.592s][1488][1513][info ] Total time for which application threads were stopped: 0.0018656 seconds, Stopping threads took: 0.0002404 seconds
[2025-06-12T09:37:52.678+0000][11.650s][1488][1513][info ] Application time: 0.0578533 seconds
[2025-06-12T09:37:52.678+0000][11.650s][1488][1513][info ] Entering safepoint region: CollectForMetadataAllocation
[2025-06-12T09:37:52.679+0000][11.651s][1488][1513][info ] Leaving safepoint region
[2025-06-12T09:37:52.679+0000][11.651s][1488][1513][info ] Total time for which application threads were stopped: 0.0010781 seconds, Stopping threads took: 0.0000695 seconds
[2025-06-12T09:37:52.713+0000][11.684s][1488][1513][info ] Application time: 0.0331477 seconds
[2025-06-12T09:37:52.714+0000][11.685s][1488][1513][info ] Entering safepoint region: CollectForMetadataAllocation
[2025-06-12T09:37:52.714+0000][11.686s][1488][1513][info ] Leaving safepoint region
[2025-06-12T09:37:52.714+0000][11.686s][1488][1513][info ] Total time for which application threads were stopped: 0.0015683 seconds, Stopping threads took: 0.0013355 seconds
[2025-06-12T09:37:52.747+0000][11.719s][1488][1513][info ] Application time: 0.0328895 seconds
[2025-06-12T09:37:52.750+0000][11.722s][1488][1513][info ] Entering safepoint region: CollectForMetadataAllocation
[2025-06-12T09:37:52.751+0000][11.723s][1488][1513][info ] Leaving safepoint region
[2025-06-12T09:37:52.751+0000][11.723s][1488][1513][info ] Total time for which application threads were stopped: 0.0028347 seconds, Stopping threads took: 0.0016696 seconds
[2025-06-12T09:37:52.762+0000][11.733s][1488][1513][info ] Application time: 0.0102439 seconds
[2025-06-12T09:37:52.766+0000][11.737s][1488][1513][info ] Entering safepoint region: Deoptimize
[2025-06-12T09:37:52.766+0000][11.738s][1488][1513][info ] Leaving safepoint region
[2025-06-12T09:37:52.766+0000][11.738s][1488][1513][info ] Total time for which application threads were stopped: 0.0043893 seconds, Stopping threads took: 0.0040192 seconds
[2025-06-12T09:37:52.789+0000][11.761s][1488][1513][info ] Application time: 0.0230257 seconds
[2025-06-12T09:37:52.789+0000][11.761s][1488][1513][info ] Entering safepoint region: Deoptimize
[2025-06-12T09:37:52.790+0000][11.761s][1488][1513][info ] Leaving safepoint region
[2025-06-12T09:37:52.790+0000][11.761s][1488][1513][info ] Total time for which application threads were stopped: 0.0005048 seconds, Stopping threads took: 0.0001930 seconds
[2025-06-12T09:37:52.791+0000][11.763s][1488][1513][info ] Application time: 0.0016699 seconds
[2025-06-12T09:37:52.792+0000][11.763s][1488][1513][info ] Entering safepoint region: CollectForMetadataAllocation
[2025-06-12T09:37:52.792+0000][11.763s][1488][1513][info ] Leaving safepoint region
[2025-06-12T09:37:52.792+0000][11.763s][1488][1513][info ] Total time for which application threads were stopped: 0.0003836 seconds, Stopping threads took: 0.0001474 seconds
[2025-06-12T09:37:52.833+0000][11.804s][1488][1513][info ] Application time: 0.0410754 seconds
[2025-06-12T09:37:52.833+0000][11.805s][1488][1513][info ] Entering safepoint region: CollectForMetadataAllocation
[2025-06-12T09:37:52.835+0000][11.807s][1488][1513][info ] Leaving safepoint region
[2025-06-12T09:37:52.835+0000][11.807s][1488][1513][info ] Total time for which application threads were stopped: 0.0020879 seconds, Stopping threads took: 0.0004078 seconds
[2025-06-12T09:37:52.885+0000][11.857s][1488][1513][info ] Application time: 0.0499011 seconds
[2025-06-12T09:37:52.885+0000][11.857s][1488][1513][info ] Entering safepoint region: CollectForMetadataAllocation
[2025-06-12T09:37:52.887+0000][11.858s][1488][1513][info ] Leaving safepoint region
[2025-06-12T09:37:52.887+0000][11.858s][1488][1513][info ] Total time for which application threads were stopped: 0.0015376 seconds, Stopping threads took: 0.0000118 seconds
[2025-06-12T09:37:52.887+0000][11.858s][1488][1513][info ] Application time: 0.0001100 seconds
[2025-06-12T09:37:52.887+0000][11.858s][1488][1513][info ] Entering safepoint region: CollectForMetadataAllocation
[2025-06-12T09:37:52.887+0000][11.858s][1488][1513][info ] Leaving safepoint region
[2025-06-12T09:37:52.887+0000][11.858s][1488][1513][info ] Total time for which application threads were stopped: 0.0000981 seconds, Stopping threads took: 0.0000685 seconds
[2025-06-12T09:37:52.930+0000][11.901s][1488][1513][info ] Application time: 0.0431264 seconds
[2025-06-12T09:37:52.930+0000][11.902s][1488][1513][info ] Entering safepoint region: CollectForMetadataAllocation
[2025-06-12T09:37:52.932+0000][11.903s][1488][1513][info ] Leaving safepoint region
[2025-06-12T09:37:52.932+0000][11.904s][1488][1513][info ] Total time for which application threads were stopped: 0.0020214 seconds, Stopping threads took: 0.0001774 seconds
[2025-06-12T09:37:52.967+0000][11.939s][1488][1513][info ] Application time: 0.0350486 seconds
[2025-06-12T09:37:52.967+0000][11.939s][1488][1513][info ] Entering safepoint region: CollectForMetadataAllocation
[2025-06-12T09:37:52.969+0000][11.941s][1488][1513][info ] Leaving safepoint region
[2025-06-12T09:37:52.969+0000][11.941s][1488][1513][info ] Total time for which application threads were stopped: 0.0021502 seconds, Stopping threads took: 0.0000140 seconds
[2025-06-12T09:37:52.987+0000][11.958s][1488][1513][info ] Application time: 0.0172417 seconds
[2025-06-12T09:37:52.987+0000][11.958s][1488][1513][info ] Entering safepoint region: CollectForMetadataAllocation
[2025-06-12T09:37:52.989+0000][11.960s][1488][1513][info ] Leaving safepoint region
[2025-06-12T09:37:52.989+0000][11.960s][1488][1513][info ] Total time for which application threads were stopped: 0.0019389 seconds, Stopping threads took: 0.0000129 seconds
[2025-06-12T09:37:53.004+0000][11.975s][1488][1513][info ] Application time: 0.0152306 seconds
[2025-06-12T09:37:53.004+0000][11.975s][1488][1513][info ] Entering safepoint region: CollectForMetadataAllocation
[2025-06-12T09:37:53.005+0000][11.976s][1488][1513][info ] Leaving safepoint region
[2025-06-12T09:37:53.005+0000][11.976s][1488][1513][info ] Total time for which application threads were stopped: 0.0008146 seconds, Stopping threads took: 0.0000119 seconds
[2025-06-12T09:37:53.022+0000][11.994s][1488][1513][info ] Application time: 0.0175143 seconds
[2025-06-12T09:37:53.022+0000][11.994s][1488][1513][info ] Entering safepoint region: Deoptimize
[2025-06-12T09:37:53.023+0000][11.994s][1488][1513][info ] Leaving safepoint region
[2025-06-12T09:37:53.023+0000][11.994s][1488][1513][info ] Total time for which application threads were stopped: 0.0003946 seconds, Stopping threads took: 0.0000140 seconds
[2025-06-12T09:37:53.058+0000][12.030s][1488][1513][info ] Application time: 0.0355133 seconds
[2025-06-12T09:37:53.059+0000][12.030s][1488][1513][info ] Entering safepoint region: CollectForMetadataAllocation
[2025-06-12T09:37:53.059+0000][12.031s][1488][1513][info ] Leaving safepoint region
[2025-06-12T09:37:53.059+0000][12.031s][1488][1513][info ] Total time for which application threads were stopped: 0.0005453 seconds, Stopping threads took: 0.0000475 seconds
[2025-06-12T09:37:53.111+0000][12.083s][1488][1513][info ] Application time: 0.0518136 seconds
[2025-06-12T09:37:53.111+0000][12.083s][1488][1513][info ] Entering safepoint region: CollectForMetadataAllocation
[2025-06-12T09:37:53.114+0000][12.085s][1488][1513][info ] Leaving safepoint region
[2025-06-12T09:37:53.114+0000][12.085s][1488][1513][info ] Total time for which application threads were stopped: 0.0024233 seconds, Stopping threads took: 0.0000188 seconds
[2025-06-12T09:37:53.163+0000][12.134s][1488][1513][info ] Application time: 0.0491481 seconds
[2025-06-12T09:37:53.163+0000][12.134s][1488][1513][info ] Entering safepoint region: CollectForMetadataAllocation
[2025-06-12T09:37:53.166+0000][12.137s][1488][1513][info ] Leaving safepoint region
[2025-06-12T09:37:53.166+0000][12.137s][1488][1513][info ] Total time for which application threads were stopped: 0.0029603 seconds, Stopping threads took: 0.0000145 seconds
[2025-06-12T09:37:53.227+0000][12.199s][1488][1513][info ] Application time: 0.0614778 seconds
[2025-06-12T09:37:53.249+0000][12.221s][1488][1513][info ] Entering safepoint region: CollectForMetadataAllocation
[2025-06-12T09:37:53.251+0000][12.222s][1488][1513][info ] Leaving safepoint region
[2025-06-12T09:37:53.251+0000][12.222s][1488][1513][info ] Total time for which application threads were stopped: 0.0234039 seconds, Stopping threads took: 0.0221188 seconds
[2025-06-12T09:37:53.254+0000][12.226s][1488][1513][info ] Application time: 0.0035499 seconds
[2025-06-12T09:37:53.254+0000][12.226s][1488][1513][info ] Entering safepoint region: Deoptimize
[2025-06-12T09:37:53.255+0000][12.226s][1488][1513][info ] Leaving safepoint region
[2025-06-12T09:37:53.255+0000][12.226s][1488][1513][info ] Total time for which application threads were stopped: 0.0004573 seconds, Stopping threads took: 0.0000136 seconds
[2025-06-12T09:37:53.409+0000][12.381s][1488][1513][info ] Application time: 0.1546760 seconds
[2025-06-12T09:37:53.409+0000][12.381s][1488][1513][info ] Entering safepoint region: CollectForMetadataAllocation
[2025-06-12T09:37:53.411+0000][12.382s][1488][1513][info ] Leaving safepoint region
[2025-06-12T09:37:53.411+0000][12.382s][1488][1513][info ] Total time for which application threads were stopped: 0.0015432 seconds, Stopping threads took: 0.0000153 seconds
[2025-06-12T09:37:53.442+0000][12.414s][1488][1513][info ] Application time: 0.0310318 seconds
[2025-06-12T09:37:53.442+0000][12.414s][1488][1513][info ] Entering safepoint region: CollectForMetadataAllocation
[2025-06-12T09:37:53.444+0000][12.415s][1488][1513][info ] Leaving safepoint region
[2025-06-12T09:37:53.444+0000][12.415s][1488][1513][info ] Total time for which application threads were stopped: 0.0018236 seconds, Stopping threads took: 0.0000150 seconds
[2025-06-12T09:37:53.513+0000][12.485s][1488][1513][info ] Application time: 0.0695743 seconds
[2025-06-12T09:37:53.514+0000][12.485s][1488][1513][info ] Entering safepoint region: CollectForMetadataAllocation
[2025-06-12T09:37:53.514+0000][12.486s][1488][1513][info ] Leaving safepoint region
[2025-06-12T09:37:53.514+0000][12.486s][1488][1513][info ] Total time for which application threads were stopped: 0.0007340 seconds, Stopping threads took: 0.0000269 seconds
[2025-06-12T09:37:53.521+0000][12.492s][1488][1513][info ] Application time: 0.0063421 seconds
[2025-06-12T09:37:53.521+0000][12.492s][1488][1513][info ] Entering safepoint region: CollectForMetadataAllocation
[2025-06-12T09:37:53.522+0000][12.493s][1488][1513][info ] Leaving safepoint region
[2025-06-12T09:37:53.522+0000][12.493s][1488][1513][info ] Total time for which application threads were stopped: 0.0012527 seconds, Stopping threads took: 0.0000200 seconds
[2025-06-12T09:37:53.565+0000][12.536s][1488][1513][info ] Application time: 0.0427688 seconds
[2025-06-12T09:37:53.565+0000][12.536s][1488][1513][info ] Entering safepoint region: CollectForMetadataAllocation
[2025-06-12T09:37:53.565+0000][12.537s][1488][1513][info ] Leaving safepoint region
[2025-06-12T09:37:53.565+0000][12.537s][1488][1513][info ] Total time for which application threads were stopped: 0.0002845 seconds, Stopping threads took: 0.0000182 seconds
[2025-06-12T09:37:53.658+0000][12.629s][1488][1513][info ] Application time: 0.0924290 seconds
[2025-06-12T09:37:53.658+0000][12.629s][1488][1513][info ] Entering safepoint region: CollectForMetadataAllocation
[2025-06-12T09:37:53.659+0000][12.630s][1488][1513][info ] Leaving safepoint region
[2025-06-12T09:37:53.659+0000][12.630s][1488][1513][info ] Total time for which application threads were stopped: 0.0009377 seconds, Stopping threads took: 0.0000145 seconds
[2025-06-12T09:37:53.712+0000][12.684s][1488][1513][info ] Application time: 0.0535444 seconds
[2025-06-12T09:37:53.712+0000][12.684s][1488][1513][info ] Entering safepoint region: CollectForMetadataAllocation
[2025-06-12T09:37:53.715+0000][12.687s][1488][1513][info ] Leaving safepoint region
[2025-06-12T09:37:53.715+0000][12.687s][1488][1513][info ] Total time for which application threads were stopped: 0.0031902 seconds, Stopping threads took: 0.0000197 seconds
[2025-06-12T09:37:53.786+0000][12.757s][1488][1513][info ] Application time: 0.0701820 seconds
[2025-06-12T09:37:53.786+0000][12.757s][1488][1513][info ] Entering safepoint region: CollectForMetadataAllocation
[2025-06-12T09:37:53.787+0000][12.758s][1488][1513][info ] Leaving safepoint region
[2025-06-12T09:37:53.787+0000][12.758s][1488][1513][info ] Total time for which application threads were stopped: 0.0011776 seconds, Stopping threads took: 0.0000135 seconds
[2025-06-12T09:37:53.824+0000][12.796s][1488][1513][info ] Application time: 0.0376098 seconds
[2025-06-12T09:37:53.824+0000][12.796s][1488][1513][info ] Entering safepoint region: CollectForMetadataAllocation
[2025-06-12T09:37:53.826+0000][12.798s][1488][1513][info ] Leaving safepoint region
[2025-06-12T09:37:53.826+0000][12.798s][1488][1513][info ] Total time for which application threads were stopped: 0.0018464 seconds, Stopping threads took: 0.0000127 seconds
[2025-06-12T09:37:53.855+0000][12.826s][1488][1513][info ] Application time: 0.0282347 seconds
[2025-06-12T09:37:53.855+0000][12.826s][1488][1513][info ] Entering safepoint region: CollectForMetadataAllocation
[2025-06-12T09:37:53.856+0000][12.828s][1488][1513][info ] Leaving safepoint region
[2025-06-12T09:37:53.857+0000][12.828s][1488][1513][info ] Total time for which application threads were stopped: 0.0018884 seconds, Stopping threads took: 0.0000223 seconds
[2025-06-12T09:37:53.905+0000][12.876s][1488][1513][info ] Application time: 0.0484380 seconds
[2025-06-12T09:37:53.905+0000][12.877s][1488][1513][info ] Entering safepoint region: CollectForMetadataAllocation
[2025-06-12T09:37:53.906+0000][12.877s][1488][1513][info ] Leaving safepoint region
[2025-06-12T09:37:53.906+0000][12.877s][1488][1513][info ] Total time for which application threads were stopped: 0.0008893 seconds, Stopping threads took: 0.0000350 seconds
[2025-06-12T09:37:53.940+0000][12.912s][1488][1513][info ] Application time: 0.0342816 seconds
[2025-06-12T09:37:53.941+0000][12.912s][1488][1513][info ] Entering safepoint region: CollectForMetadataAllocation
[2025-06-12T09:37:53.942+0000][12.914s][1488][1513][info ] Leaving safepoint region
[2025-06-12T09:37:53.942+0000][12.914s][1488][1513][info ] Total time for which application threads were stopped: 0.0018562 seconds, Stopping threads took: 0.0003231 seconds
[2025-06-12T09:37:53.996+0000][12.967s][1488][1513][info ] Application time: 0.0537819 seconds
[2025-06-12T09:37:53.998+0000][12.969s][1488][1513][info ] Entering safepoint region: CollectForMetadataAllocation
[2025-06-12T09:37:53.999+0000][12.970s][1488][1513][info ] Leaving safepoint region
[2025-06-12T09:37:53.999+0000][12.970s][1488][1513][info ] Total time for which application threads were stopped: 0.0007961 seconds, Stopping threads took: 0.0000315 seconds
[2025-06-12T09:37:54.016+0000][12.987s][1488][1513][info ] Application time: 0.0171007 seconds
[2025-06-12T09:37:54.016+0000][12.987s][1488][1513][info ] Entering safepoint region: Deoptimize
[2025-06-12T09:37:54.016+0000][12.988s][1488][1513][info ] Leaving safepoint region
[2025-06-12T09:37:54.016+0000][12.988s][1488][1513][info ] Total time for which application threads were stopped: 0.0004081 seconds, Stopping threads took: 0.0000149 seconds
[2025-06-12T09:37:54.057+0000][13.028s][1488][1513][info ] Application time: 0.0406843 seconds
[2025-06-12T09:37:54.057+0000][13.028s][1488][1513][info ] Entering safepoint region: CollectForMetadataAllocation
[2025-06-12T09:37:54.057+0000][13.029s][1488][1513][info ] Leaving safepoint region
[2025-06-12T09:37:54.057+0000][13.029s][1488][1513][info ] Total time for which application threads were stopped: 0.0003650 seconds, Stopping threads took: 0.0000163 seconds
[2025-06-12T09:37:54.128+0000][13.099s][1488][1513][info ] Application time: 0.0705423 seconds
[2025-06-12T09:37:54.128+0000][13.099s][1488][1513][info ] Entering safepoint region: CollectForMetadataAllocation
[2025-06-12T09:37:54.128+0000][13.100s][1488][1513][info ] Leaving safepoint region
[2025-06-12T09:37:54.128+0000][13.100s][1488][1513][info ] Total time for which application threads were stopped: 0.0002426 seconds, Stopping threads took: 0.0000148 seconds
[2025-06-12T09:37:54.172+0000][13.144s][1488][1513][info ] Application time: 0.0440815 seconds
[2025-06-12T09:37:54.172+0000][13.144s][1488][1513][info ] Entering safepoint region: CollectForMetadataAllocation
[2025-06-12T09:37:54.175+0000][13.147s][1488][1513][info ] Leaving safepoint region
[2025-06-12T09:37:54.175+0000][13.147s][1488][1513][info ] Total time for which application threads were stopped: 0.0032130 seconds, Stopping threads took: 0.0000159 seconds
[2025-06-12T09:37:54.279+0000][13.251s][1488][1513][info ] Application time: 0.1039808 seconds
[2025-06-12T09:37:54.280+0000][13.251s][1488][1513][info ] Entering safepoint region: CollectForMetadataAllocation
[2025-06-12T09:37:54.280+0000][13.251s][1488][1513][info ] Leaving safepoint region
[2025-06-12T09:37:54.280+0000][13.251s][1488][1513][info ] Total time for which application threads were stopped: 0.0002572 seconds, Stopping threads took: 0.0000170 seconds
[2025-06-12T09:37:54.400+0000][13.372s][1488][1513][info ] Application time: 0.1205454 seconds
[2025-06-12T09:37:54.400+0000][13.372s][1488][1513][info ] Entering safepoint region: CollectForMetadataAllocation
[2025-06-12T09:37:54.402+0000][13.373s][1488][1513][info ] Leaving safepoint region
[2025-06-12T09:37:54.402+0000][13.373s][1488][1513][info ] Total time for which application threads were stopped: 0.0014390 seconds, Stopping threads took: 0.0000134 seconds
[2025-06-12T09:37:54.472+0000][13.443s][1488][1513][info ] Application time: 0.0700400 seconds
[2025-06-12T09:37:54.472+0000][13.443s][1488][1513][info ] Entering safepoint region: CollectForMetadataAllocation
[2025-06-12T09:37:54.473+0000][13.445s][1488][1513][info ] Leaving safepoint region
[2025-06-12T09:37:54.473+0000][13.445s][1488][1513][info ] Total time for which application threads were stopped: 0.0014999 seconds, Stopping threads took: 0.0000155 seconds
[2025-06-12T09:37:54.488+0000][13.459s][1488][1513][info ] Application time: 0.0144689 seconds
[2025-06-12T09:37:54.488+0000][13.459s][1488][1513][info ] Entering safepoint region: Deoptimize
[2025-06-12T09:37:54.488+0000][13.460s][1488][1513][info ] Leaving safepoint region
[2025-06-12T09:37:54.488+0000][13.460s][1488][1513][info ] Total time for which application threads were stopped: 0.0004928 seconds, Stopping threads took: 0.0000174 seconds
[2025-06-12T09:37:54.521+0000][13.493s][1488][1513][info ] Application time: 0.0329308 seconds
[2025-06-12T09:37:54.521+0000][13.493s][1488][1513][info ] Entering safepoint region: CollectForMetadataAllocation
[2025-06-12T09:37:54.522+0000][13.494s][1488][1513][info ] Leaving safepoint region
[2025-06-12T09:37:54.522+0000][13.494s][1488][1513][info ] Total time for which application threads were stopped: 0.0007820 seconds, Stopping threads took: 0.0000124 seconds
[2025-06-12T09:37:54.569+0000][13.540s][1488][1513][info ] Application time: 0.0465813 seconds
[2025-06-12T09:37:54.569+0000][13.540s][1488][1513][info ] Entering safepoint region: CollectForMetadataAllocation
[2025-06-12T09:37:54.570+0000][13.541s][1488][1513][info ] Leaving safepoint region
[2025-06-12T09:37:54.570+0000][13.541s][1488][1513][info ] Total time for which application threads were stopped: 0.0010216 seconds, Stopping threads took: 0.0000149 seconds
[2025-06-12T09:37:54.625+0000][13.597s][1488][1513][info ] Application time: 0.0554104 seconds
[2025-06-12T09:37:54.625+0000][13.597s][1488][1513][info ] Entering safepoint region: CollectForMetadataAllocation
[2025-06-12T09:37:54.627+0000][13.598s][1488][1513][info ] Leaving safepoint region
[2025-06-12T09:37:54.627+0000][13.598s][1488][1513][info ] Total time for which application threads were stopped: 0.0012032 seconds, Stopping threads took: 0.0000143 seconds
[2025-06-12T09:37:54.779+0000][13.751s][1488][1513][info ] Application time: 0.1528989 seconds
[2025-06-12T09:37:54.779+0000][13.751s][1488][1513][info ] Entering safepoint region: CollectForMetadataAllocation
[2025-06-12T09:37:54.782+0000][13.754s][1488][1513][info ] Leaving safepoint region
[2025-06-12T09:37:54.782+0000][13.754s][1488][1513][info ] Total time for which application threads were stopped: 0.0026893 seconds, Stopping threads took: 0.0000198 seconds
[2025-06-12T09:37:54.815+0000][13.786s][1488][1513][info ] Application time: 0.0323194 seconds
[2025-06-12T09:37:54.815+0000][13.786s][1488][1513][info ] Entering safepoint region: CollectForMetadataAllocation
[2025-06-12T09:37:54.817+0000][13.788s][1488][1513][info ] Leaving safepoint region
[2025-06-12T09:37:54.817+0000][13.788s][1488][1513][info ] Total time for which application threads were stopped: 0.0021897 seconds, Stopping threads took: 0.0000198 seconds
[2025-06-12T09:37:54.834+0000][13.806s][1488][1513][info ] Application time: 0.0173528 seconds
[2025-06-12T09:37:54.834+0000][13.806s][1488][1513][info ] Entering safepoint region: Deoptimize
[2025-06-12T09:37:54.835+0000][13.806s][1488][1513][info ] Leaving safepoint region
[2025-06-12T09:37:54.835+0000][13.806s][1488][1513][info ] Total time for which application threads were stopped: 0.0005104 seconds, Stopping threads took: 0.0000205 seconds
[2025-06-12T09:37:54.908+0000][13.879s][1488][1513][info ] Application time: 0.0732532 seconds
[2025-06-12T09:37:54.908+0000][13.880s][1488][1513][info ] Entering safepoint region: CollectForMetadataAllocation
[2025-06-12T09:37:54.911+0000][13.883s][1488][1513][info ] Leaving safepoint region
[2025-06-12T09:37:54.911+0000][13.883s][1488][1513][info ] Total time for which application threads were stopped: 0.0033366 seconds, Stopping threads took: 0.0000223 seconds
[2025-06-12T09:37:55.912+0000][14.883s][1488][1513][info ] Application time: 1.0003688 seconds
[2025-06-12T09:37:55.913+0000][14.884s][1488][1513][info ] Entering safepoint region: Cleanup
[2025-06-12T09:37:55.913+0000][14.884s][1488][1513][info ] Leaving safepoint region
[2025-06-12T09:37:55.913+0000][14.884s][1488][1513][info ] Total time for which application threads were stopped: 0.0008873 seconds, Stopping threads took: 0.0007983 seconds
[2025-06-12T09:37:56.913+0000][15.884s][1488][1513][info ] Application time: 1.0001251 seconds
[2025-06-12T09:37:56.913+0000][15.884s][1488][1513][info ] Entering safepoint region: Cleanup
[2025-06-12T09:37:56.913+0000][15.885s][1488][1513][info ] Leaving safepoint region
[2025-06-12T09:37:56.913+0000][15.885s][1488][1513][info ] Total time for which application threads were stopped: 0.0001379 seconds, Stopping threads took: 0.0000586 seconds
[2025-06-12T09:37:57.913+0000][16.885s][1488][1513][info ] Application time: 1.0001015 seconds
[2025-06-12T09:37:57.913+0000][16.885s][1488][1513][info ] Entering safepoint region: Cleanup
[2025-06-12T09:37:57.913+0000][16.885s][1488][1513][info ] Leaving safepoint region
[2025-06-12T09:37:57.913+0000][16.885s][1488][1513][info ] Total time for which application threads were stopped: 0.0001336 seconds, Stopping threads took: 0.0000634 seconds
[2025-06-12T09:37:58.343+0000][17.315s][1488][1513][info ] Application time: 0.4298183 seconds
[2025-06-12T09:37:58.343+0000][17.315s][1488][1513][info ] Entering safepoint region: Deoptimize
[2025-06-12T09:37:58.344+0000][17.315s][1488][1513][info ] Leaving safepoint region
[2025-06-12T09:37:58.344+0000][17.315s][1488][1513][info ] Total time for which application threads were stopped: 0.0006297 seconds, Stopping threads took: 0.0000193 seconds
[2025-06-12T09:37:58.365+0000][17.336s][1488][1513][info ] Application time: 0.0210641 seconds
[2025-06-12T09:37:58.365+0000][17.337s][1488][1513][info ] Entering safepoint region: CollectForMetadataAllocation
[2025-06-12T09:37:58.366+0000][17.338s][1488][1513][info ] Leaving safepoint region
[2025-06-12T09:37:58.366+0000][17.338s][1488][1513][info ] Total time for which application threads were stopped: 0.0014098 seconds, Stopping threads took: 0.0000149 seconds
[2025-06-12T09:37:58.430+0000][17.402s][1488][1513][info ] Application time: 0.0637143 seconds
[2025-06-12T09:37:58.430+0000][17.402s][1488][1513][info ] Entering safepoint region: CollectForMetadataAllocation
[2025-06-12T09:37:58.433+0000][17.404s][1488][1513][info ] Leaving safepoint region
[2025-06-12T09:37:58.433+0000][17.404s][1488][1513][info ] Total time for which application threads were stopped: 0.0025726 seconds, Stopping threads took: 0.0000146 seconds
[2025-06-12T09:37:58.473+0000][17.444s][1488][1513][info ] Application time: 0.0400518 seconds
[2025-06-12T09:37:58.473+0000][17.444s][1488][1513][info ] Entering safepoint region: CollectForMetadataAllocation
[2025-06-12T09:37:58.475+0000][17.446s][1488][1513][info ] Leaving safepoint region
[2025-06-12T09:37:58.475+0000][17.446s][1488][1513][info ] Total time for which application threads were stopped: 0.0017706 seconds, Stopping threads took: 0.0000244 seconds
[2025-06-12T09:37:58.562+0000][17.534s][1488][1513][info ] Application time: 0.0874133 seconds
[2025-06-12T09:37:58.562+0000][17.534s][1488][1513][info ] Entering safepoint region: CollectForMetadataAllocation
[2025-06-12T09:37:58.563+0000][17.535s][1488][1513][info ] Leaving safepoint region
[2025-06-12T09:37:58.563+0000][17.535s][1488][1513][info ] Total time for which application threads were stopped: 0.0012581 seconds, Stopping threads took: 0.0000138 seconds
[2025-06-12T09:37:58.583+0000][17.554s][1488][1512][trace] CMS: promo attempt is safe: available(6912212992) >= av_promo(0), max_promo(698997416)
[2025-06-12T09:37:58.583+0000][17.554s][1488][1513][info ] Application time: 0.0194373 seconds
[2025-06-12T09:37:58.586+0000][17.557s][1488][1513][info ] Entering safepoint region: CMS_Initial_Mark
[2025-06-12T09:37:58.586+0000][17.558s][1488][1513][trace] GC(0) eden 0x0000000600000000-0x0000000629a9daa8-0x0000000650000000(1342177280)
[2025-06-12T09:37:58.586+0000][17.558s][1488][1513][trace] GC(0) _eden_chunk_index=0, _eden_chunk_capacity=92161
[2025-06-12T09:37:58.586+0000][17.558s][1488][1513][trace] GC(0) survivor 0x0000000650000000-0x0000000650000000-0x000000065a000000(167772160)
[2025-06-12T09:37:58.586+0000][17.558s][1488][1513][trace] GC(0) _survivor_chunk_index=0, _survivor_chunk_capacity=81920
[2025-06-12T09:37:58.722+0000][17.694s][1488][1513][info ] GC(0) Pause Initial Mark 666M->666M(8032M) 136.272ms
[2025-06-12T09:37:58.722+0000][17.694s][1488][1513][info ] Leaving safepoint region
[2025-06-12T09:37:58.723+0000][17.694s][1488][1513][info ] Total time for which application threads were stopped: 0.1394596 seconds, Stopping threads took: 0.0029938 seconds
[2025-06-12T09:37:58.723+0000][17.694s][1488][1512][info ] GC(0) Concurrent Mark
[2025-06-12T09:37:58.747+0000][17.718s][1488][1512][info ] GC(0) Concurrent Mark 24.195ms
[2025-06-12T09:37:58.747+0000][17.718s][1488][1512][info ] GC(0) Concurrent Preclean
[2025-06-12T09:37:58.753+0000][17.724s][1488][1512][info ] GC(0) Concurrent Preclean 5.830ms
[2025-06-12T09:37:58.753+0000][17.724s][1488][1512][info ] GC(0) Concurrent Abortable Preclean
[2025-06-12T09:37:58.753+0000][17.724s][1488][1512][trace] CMS: promo attempt is safe: available(6912212992) >= av_promo(0), max_promo(698997416)
[2025-06-12T09:37:58.858+0000][17.830s][1488][1512][trace] CMS: promo attempt is safe: available(6912212992) >= av_promo(0), max_promo(779528168)
[2025-06-12T09:37:58.866+0000][17.838s][1488][1513][info ] Application time: 0.1435701 seconds
[2025-06-12T09:37:58.866+0000][17.838s][1488][1513][info ] Entering safepoint region: CollectForMetadataAllocation
[2025-06-12T09:37:58.867+0000][17.839s][1488][1513][info ] Leaving safepoint region
[2025-06-12T09:37:58.867+0000][17.839s][1488][1513][info ] Total time for which application threads were stopped: 0.0009938 seconds, Stopping threads took: 0.0000141 seconds
[2025-06-12T09:37:58.867+0000][17.839s][1488][1512][trace] CMS: promo attempt is safe: available(6912212992) >= av_promo(0), max_promo(779528168)
[2025-06-12T09:37:58.921+0000][17.893s][1488][1513][info ] Application time: 0.0539462 seconds
[2025-06-12T09:37:58.921+0000][17.893s][1488][1513][info ] Entering safepoint region: CollectForMetadataAllocation
[2025-06-12T09:37:58.925+0000][17.896s][1488][1513][info ] Leaving safepoint region
[2025-06-12T09:37:58.925+0000][17.896s][1488][1513][info ] Total time for which application threads were stopped: 0.0036508 seconds, Stopping threads took: 0.0000197 seconds
[2025-06-12T09:37:58.925+0000][17.896s][1488][1512][trace] CMS: promo attempt is safe: available(6912212992) >= av_promo(0), max_promo(779528168)
[2025-06-12T09:37:58.964+0000][17.936s][1488][1513][info ] Application time: 0.0395294 seconds
[2025-06-12T09:37:58.964+0000][17.936s][1488][1513][info ] Entering safepoint region: CollectForMetadataAllocation
[2025-06-12T09:37:58.966+0000][17.938s][1488][1513][info ] Leaving safepoint region
[2025-06-12T09:37:58.966+0000][17.938s][1488][1513][info ] Total time for which application threads were stopped: 0.0017029 seconds, Stopping threads took: 0.0000152 seconds
[2025-06-12T09:37:58.966+0000][17.938s][1488][1512][trace] CMS: promo attempt is safe: available(6912212992) >= av_promo(0), max_promo(779528168)
[2025-06-12T09:37:59.014+0000][17.985s][1488][1513][info ] Application time: 0.0477439 seconds
[2025-06-12T09:37:59.014+0000][17.985s][1488][1513][info ] Entering safepoint region: CollectForMetadataAllocation
[2025-06-12T09:37:59.016+0000][17.987s][1488][1513][info ] Leaving safepoint region
[2025-06-12T09:37:59.016+0000][17.987s][1488][1513][info ] Total time for which application threads were stopped: 0.0017262 seconds, Stopping threads took: 0.0000303 seconds
[2025-06-12T09:37:59.016+0000][17.987s][1488][1512][trace] CMS: promo attempt is safe: available(6912212992) >= av_promo(0), max_promo(779528168)
[2025-06-12T09:37:59.072+0000][18.044s][1488][1513][info ] Application time: 0.0568003 seconds
[2025-06-12T09:37:59.073+0000][18.044s][1488][1513][info ] Entering safepoint region: CollectForMetadataAllocation
[2025-06-12T09:37:59.076+0000][18.047s][1488][1513][info ] Leaving safepoint region
[2025-06-12T09:37:59.076+0000][18.048s][1488][1513][info ] Total time for which application threads were stopped: 0.0035291 seconds, Stopping threads took: 0.0000202 seconds
[2025-06-12T09:37:59.076+0000][18.048s][1488][1512][trace] CMS: promo attempt is safe: available(6912212992) >= av_promo(0), max_promo(806371744)
[2025-06-12T09:37:59.184+0000][18.156s][1488][1512][trace] CMS: promo attempt is safe: available(6912212992) >= av_promo(0), max_promo(806371744)
[2025-06-12T09:37:59.291+0000][18.263s][1488][1512][trace] CMS: promo attempt is safe: available(6912212992) >= av_promo(0), max_promo(833215304)
[2025-06-12T09:37:59.398+0000][18.369s][1488][1512][trace] CMS: promo attempt is safe: available(6912212992) >= av_promo(0), max_promo(886902424)
[2025-06-12T09:37:59.505+0000][18.477s][1488][1512][trace] CMS: promo attempt is safe: available(6912212992) >= av_promo(0), max_promo(940589544)
[2025-06-12T09:37:59.612+0000][18.584s][1488][1512][trace] CMS: promo attempt is safe: available(6912212992) >= av_promo(0), max_promo(940589544)
[2025-06-12T09:37:59.650+0000][18.621s][1488][1513][info ] Application time: 0.5738188 seconds
[2025-06-12T09:37:59.650+0000][18.621s][1488][1513][info ] Entering safepoint region: CollectForMetadataAllocation
[2025-06-12T09:37:59.650+0000][18.622s][1488][1513][info ] Leaving safepoint region
[2025-06-12T09:37:59.650+0000][18.622s][1488][1513][info ] Total time for which application threads were stopped: 0.0005785 seconds, Stopping threads took: 0.0000565 seconds
[2025-06-12T09:37:59.651+0000][18.622s][1488][1512][trace] CMS: promo attempt is safe: available(6912212992) >= av_promo(0), max_promo(994279328)
[2025-06-12T09:37:59.668+0000][18.640s][1488][1513][info ] Application time: 0.0175455 seconds
[2025-06-12T09:37:59.668+0000][18.640s][1488][1513][info ] Entering safepoint region: CollectForMetadataAllocation
[2025-06-12T09:37:59.670+0000][18.641s][1488][1513][info ] Leaving safepoint region
[2025-06-12T09:37:59.670+0000][18.642s][1488][1513][info ] Total time for which application threads were stopped: 0.0018831 seconds, Stopping threads took: 0.0000201 seconds
[2025-06-12T09:37:59.670+0000][18.642s][1488][1512][trace] CMS: promo attempt is safe: available(6912212992) >= av_promo(0), max_promo(994279328)
[2025-06-12T09:37:59.680+0000][18.651s][1488][1513][info ] Application time: 0.0099286 seconds
[2025-06-12T09:37:59.680+0000][18.651s][1488][1513][info ] Entering safepoint region: Deoptimize
[2025-06-12T09:37:59.681+0000][18.652s][1488][1513][info ] Leaving safepoint region
[2025-06-12T09:37:59.681+0000][18.652s][1488][1513][info ] Total time for which application threads were stopped: 0.0005944 seconds, Stopping threads took: 0.0000149 seconds
[2025-06-12T09:37:59.681+0000][18.652s][1488][1512][trace] CMS: promo attempt is safe: available(6912212992) >= av_promo(0), max_promo(994279328)
[2025-06-12T09:37:59.687+0000][18.658s][1488][1513][info ] Application time: 0.0060302 seconds
[2025-06-12T09:37:59.687+0000][18.658s][1488][1513][info ] Entering safepoint region: Deoptimize
[2025-06-12T09:37:59.687+0000][18.659s][1488][1513][info ] Leaving safepoint region
[2025-06-12T09:37:59.687+0000][18.659s][1488][1513][info ] Total time for which application threads were stopped: 0.0006386 seconds, Stopping threads took: 0.0000128 seconds
[2025-06-12T09:37:59.687+0000][18.659s][1488][1512][trace] CMS: promo attempt is safe: available(6912212992) >= av_promo(0), max_promo(994279328)
[2025-06-12T09:37:59.693+0000][18.664s][1488][1513][info ] Application time: 0.0055428 seconds
[2025-06-12T09:37:59.693+0000][18.664s][1488][1513][info ] Entering safepoint region: CollectForMetadataAllocation
[2025-06-12T09:37:59.693+0000][18.665s][1488][1513][info ] Leaving safepoint region
[2025-06-12T09:37:59.693+0000][18.665s][1488][1513][info ] Total time for which application threads were stopped: 0.0002778 seconds, Stopping threads took: 0.0000141 seconds
[2025-06-12T09:37:59.693+0000][18.665s][1488][1512][trace] CMS: promo attempt is safe: available(6912212992) >= av_promo(0), max_promo(994279328)
[2025-06-12T09:37:59.709+0000][18.680s][1488][1513][info ] Application time: 0.0157100 seconds
[2025-06-12T09:37:59.709+0000][18.680s][1488][1513][info ] Entering safepoint region: CollectForMetadataAllocation
[2025-06-12T09:37:59.711+0000][18.683s][1488][1513][info ] Leaving safepoint region
[2025-06-12T09:37:59.711+0000][18.683s][1488][1513][info ] Total time for which application threads were stopped: 0.0024796 seconds, Stopping threads took: 0.0000140 seconds
[2025-06-12T09:37:59.711+0000][18.683s][1488][1512][trace] CMS: promo attempt is safe: available(6912212992) >= av_promo(0), max_promo(994279328)
[2025-06-12T09:37:59.722+0000][18.694s][1488][1513][info ] Application time: 0.0108248 seconds
[2025-06-12T09:37:59.722+0000][18.694s][1488][1513][info ] Entering safepoint region: Deoptimize
[2025-06-12T09:37:59.723+0000][18.694s][1488][1513][info ] Leaving safepoint region
[2025-06-12T09:37:59.723+0000][18.694s][1488][1513][info ] Total time for which application threads were stopped: 0.0005668 seconds, Stopping threads took: 0.0000142 seconds
[2025-06-12T09:37:59.723+0000][18.694s][1488][1512][trace] CMS: promo attempt is safe: available(6912212992) >= av_promo(0), max_promo(994279328)
[2025-06-12T09:37:59.743+0000][18.714s][1488][1513][info ] Application time: 0.0196409 seconds
[2025-06-12T09:37:59.743+0000][18.714s][1488][1513][info ] Entering safepoint region: CollectForMetadataAllocation
[2025-06-12T09:37:59.746+0000][18.718s][1488][1513][info ] Leaving safepoint region
[2025-06-12T09:37:59.746+0000][18.718s][1488][1513][info ] Total time for which application threads were stopped: 0.0036502 seconds, Stopping threads took: 0.0000152 seconds
[2025-06-12T09:37:59.746+0000][18.718s][1488][1512][trace] CMS: promo attempt is safe: available(6912212992) >= av_promo(0), max_promo(994279328)
[2025-06-12T09:37:59.765+0000][18.737s][1488][1513][info ] Application time: 0.0188970 seconds
[2025-06-12T09:37:59.765+0000][18.737s][1488][1513][info ] Entering safepoint region: CollectForMetadataAllocation
[2025-06-12T09:37:59.767+0000][18.739s][1488][1513][info ] Leaving safepoint region
[2025-06-12T09:37:59.767+0000][18.739s][1488][1513][info ] Total time for which application threads were stopped: 0.0022791 seconds, Stopping threads took: 0.0000175 seconds
[2025-06-12T09:37:59.767+0000][18.739s][1488][1512][trace] CMS: promo attempt is safe: available(6912212992) >= av_promo(0), max_promo(994279328)
[2025-06-12T09:37:59.790+0000][18.762s][1488][1513][info ] Application time: 0.0228674 seconds
[2025-06-12T09:37:59.790+0000][18.762s][1488][1513][info ] Entering safepoint region: CollectForMetadataAllocation
[2025-06-12T09:37:59.793+0000][18.764s][1488][1513][info ] Leaving safepoint region
[2025-06-12T09:37:59.793+0000][18.765s][1488][1513][info ] Total time for which application threads were stopped: 0.0026591 seconds, Stopping threads took: 0.0000156 seconds
[2025-06-12T09:37:59.793+0000][18.765s][1488][1512][trace] CMS: promo attempt is safe: available(6912212992) >= av_promo(0), max_promo(994279328)
[2025-06-12T09:37:59.903+0000][18.875s][1488][1512][trace] CMS: promo attempt is safe: available(6912212992) >= av_promo(0), max_promo(1209027816)
[2025-06-12T09:37:59.966+0000][18.938s][1488][1513][info ] Application time: 0.1732881 seconds
[2025-06-12T09:37:59.966+0000][18.938s][1488][1513][info ] Entering safepoint region: CollectForMetadataAllocation
[2025-06-12T09:37:59.968+0000][18.940s][1488][1513][info ] Leaving safepoint region
[2025-06-12T09:37:59.968+0000][18.940s][1488][1513][info ] Total time for which application threads were stopped: 0.0020952 seconds, Stopping threads took: 0.0000609 seconds
[2025-06-12T09:37:59.969+0000][18.940s][1488][1512][trace] CMS: promo attempt is safe: available(6912212992) >= av_promo(0), max_promo(1289558496)
[2025-06-12T09:37:59.991+0000][18.962s][1488][1513][info ] Application time: 0.0224494 seconds
[2025-06-12T09:37:59.991+0000][18.962s][1488][1513][info ] Entering safepoint region: CollectForMetadataAllocation
[2025-06-12T09:37:59.993+0000][18.964s][1488][1513][info ] Leaving safepoint region
[2025-06-12T09:37:59.993+0000][18.964s][1488][1513][info ] Total time for which application threads were stopped: 0.0016083 seconds, Stopping threads took: 0.0000220 seconds
[2025-06-12T09:37:59.993+0000][18.964s][1488][1512][trace] CMS: promo attempt is safe: available(6912212992) >= av_promo(0), max_promo(1289558496)
[2025-06-12T09:38:00.088+0000][19.059s][1488][1513][info ] Application time: 0.0950586 seconds
[2025-06-12T09:38:00.088+0000][19.059s][1488][1513][info ] Entering safepoint region: CollectForMetadataAllocation
[2025-06-12T09:38:00.089+0000][19.061s][1488][1513][info ] Leaving safepoint region
[2025-06-12T09:38:00.089+0000][19.061s][1488][1513][info ] Total time for which application threads were stopped: 0.0017228 seconds, Stopping threads took: 0.0000159 seconds
[2025-06-12T09:38:00.090+0000][19.061s][1488][1512][trace] CMS: promo attempt is safe: available(6912212992) >= av_promo(0), max_promo(1289558496)
[2025-06-12T09:38:00.090+0000][19.061s][1488][1513][info ] Application time: 0.0002663 seconds
[2025-06-12T09:38:00.090+0000][19.061s][1488][1513][info ] Entering safepoint region: CollectForMetadataAllocation
[2025-06-12T09:38:00.090+0000][19.061s][1488][1513][info ] Leaving safepoint region
[2025-06-12T09:38:00.090+0000][19.061s][1488][1513][info ] Total time for which application threads were stopped: 0.0001508 seconds, Stopping threads took: 0.0001012 seconds
[2025-06-12T09:38:00.141+0000][19.112s][1488][1513][info ] Application time: 0.0507986 seconds
[2025-06-12T09:38:00.141+0000][19.112s][1488][1513][info ] Entering safepoint region: CollectForMetadataAllocation
[2025-06-12T09:38:00.143+0000][19.114s][1488][1513][info ] Leaving safepoint region
[2025-06-12T09:38:00.143+0000][19.114s][1488][1513][info ] Total time for which application threads were stopped: 0.0019335 seconds, Stopping threads took: 0.0000467 seconds
[2025-06-12T09:38:00.143+0000][19.114s][1488][1512][trace] CMS: promo attempt is safe: available(6912212992) >= av_promo(0), max_promo(1289558496)
[2025-06-12T09:38:00.200+0000][19.172s][1488][1513][info ] Application time: 0.0576932 seconds
[2025-06-12T09:38:00.200+0000][19.172s][1488][1513][info ] Entering safepoint region: CollectForMetadataAllocation
[2025-06-12T09:38:00.205+0000][19.176s][1488][1513][info ] Leaving safepoint region
[2025-06-12T09:38:00.205+0000][19.176s][1488][1513][info ] Total time for which application threads were stopped: 0.0040927 seconds, Stopping threads took: 0.0000225 seconds
[2025-06-12T09:38:00.205+0000][19.176s][1488][1512][trace] CMS: promo attempt is safe: available(6912212992) >= av_promo(0), max_promo(1289558496)
[2025-06-12T09:38:00.293+0000][19.264s][1488][1513][info ] Application time: 0.0882725 seconds
[2025-06-12T09:38:00.293+0000][19.264s][1488][1513][info ] Entering safepoint region: CollectForMetadataAllocation
[2025-06-12T09:38:00.294+0000][19.266s][1488][1513][info ] Leaving safepoint region
[2025-06-12T09:38:00.294+0000][19.266s][1488][1513][info ] Total time for which application threads were stopped: 0.0011558 seconds, Stopping threads took: 0.0000401 seconds
[2025-06-12T09:38:00.294+0000][19.266s][1488][1512][trace] CMS: promo attempt is safe: available(6912212992) >= av_promo(0), max_promo(1342177280)
[2025-06-12T09:38:00.302+0000][19.274s][1488][1513][info ] Application time: 0.0083925 seconds
[2025-06-12T09:38:00.303+0000][19.274s][1488][1513][info ] Entering safepoint region: GenCollectForAllocation
[2025-06-12T09:38:00.303+0000][19.274s][1488][1513][debug] GC(1) Heap before GC invocations=0 (full 1): par new generation   total 1474560K, used 1310720K [0x0000000600000000, 0x0000000664000000, 0x0000000664000000)
[2025-06-12T09:38:00.303+0000][19.274s][1488][1513][debug] GC(1)   eden space 1310720K, 100% used [0x0000000600000000, 0x0000000650000000, 0x0000000650000000)
[2025-06-12T09:38:00.303+0000][19.274s][1488][1513][debug] GC(1)   from space 163840K,   0% used [0x0000000650000000, 0x0000000650000000, 0x000000065a000000)
[2025-06-12T09:38:00.303+0000][19.274s][1488][1513][debug] GC(1)   to   space 163840K,   0% used [0x000000065a000000, 0x000000065a000000, 0x0000000664000000)
[2025-06-12T09:38:00.303+0000][19.274s][1488][1513][debug] GC(1)  concurrent mark-sweep generation total 6750208K, used 0K [0x0000000664000000, 0x0000000800000000, 0x0000000800000000)
[2025-06-12T09:38:00.303+0000][19.274s][1488][1513][debug] GC(1)  Metaspace       used 50248K, capacity 51509K, committed 51764K, reserved 1095680K
[2025-06-12T09:38:00.303+0000][19.274s][1488][1513][debug] GC(1)   class space    used 5508K, capacity 6071K, committed 6100K, reserved 1048576K
[2025-06-12T09:38:00.303+0000][19.274s][1488][1513][trace] CMS: promo attempt is safe: available(6912212992) >= av_promo(0), max_promo(1342177280)
[2025-06-12T09:38:00.402+0000][19.374s][1488][1512][info ] GC(0) Concurrent Abortable Preclean 1649.773ms
[2025-06-12T09:38:00.407+0000][19.378s][1488][1513][debug] GC(1) Desired survivor size 83886080 bytes, new threshold 1 (max threshold 1)
[2025-06-12T09:38:00.407+0000][19.378s][1488][1513][info ] GC(1) ParNew: 1310720K->28783K(1474560K)
[2025-06-12T09:38:00.407+0000][19.378s][1488][1513][info ] GC(1) CMS: 0K->0K(6750208K)
[2025-06-12T09:38:00.407+0000][19.378s][1488][1513][info ] GC(1) Pause Young (Allocation Failure) 1280M->28M(8032M) 104.275ms
[2025-06-12T09:38:00.407+0000][19.378s][1488][1513][debug] GC(1) Heap after GC invocations=1 (full 1): par new generation   total 1474560K, used 28783K [0x0000000600000000, 0x0000000664000000, 0x0000000664000000)
[2025-06-12T09:38:00.407+0000][19.378s][1488][1513][debug] GC(1)   eden space 1310720K,   0% used [0x0000000600000000, 0x0000000600000000, 0x0000000650000000)
[2025-06-12T09:38:00.407+0000][19.379s][1488][1513][debug] GC(1)   from space 163840K,  17% used [0x000000065a000000, 0x000000065bc1bf80, 0x0000000664000000)
[2025-06-12T09:38:00.407+0000][19.379s][1488][1513][debug] GC(1)   to   space 163840K,   0% used [0x0000000650000000, 0x0000000650000000, 0x000000065a000000)
[2025-06-12T09:38:00.407+0000][19.379s][1488][1513][debug] GC(1)  concurrent mark-sweep generation total 6750208K, used 0K [0x0000000664000000, 0x0000000800000000, 0x0000000800000000)
[2025-06-12T09:38:00.407+0000][19.379s][1488][1513][debug] GC(1)  Metaspace       used 50248K, capacity 51509K, committed 51764K, reserved 1095680K
[2025-06-12T09:38:00.407+0000][19.379s][1488][1513][debug] GC(1)   class space    used 5508K, capacity 6071K, committed 6100K, reserved 1048576K
[2025-06-12T09:38:00.407+0000][19.379s][1488][1513][info ] Leaving safepoint region
[2025-06-12T09:38:00.407+0000][19.379s][1488][1513][info ] Total time for which application threads were stopped: 0.1045969 seconds, Stopping threads took: 0.0000441 seconds
[2025-06-12T09:38:00.407+0000][19.379s][1488][1513][info ] Application time: 0.0001271 seconds
[2025-06-12T09:38:00.407+0000][19.379s][1488][1513][info ] Entering safepoint region: CMS_Final_Remark
[2025-06-12T09:38:00.407+0000][19.379s][1488][1513][trace] GC(0) eden 0x0000000600000000-0x00000006019999e0-0x0000000650000000(1342177280)
[2025-06-12T09:38:00.407+0000][19.379s][1488][1513][trace] GC(0) _eden_chunk_index=3, _eden_chunk_capacity=92161
[2025-06-12T09:38:00.407+0000][19.379s][1488][1513][trace] GC(0) _eden_chunk_array[0]=0x0000000600000020
[2025-06-12T09:38:00.407+0000][19.379s][1488][1513][trace] GC(0) _eden_chunk_array[1]=0x0000000600cccd08
[2025-06-12T09:38:00.407+0000][19.379s][1488][1513][trace] GC(0) _eden_chunk_array[2]=0x00000006019999e0
[2025-06-12T09:38:00.407+0000][19.379s][1488][1513][trace] GC(0) survivor 0x000000065a000000-0x000000065bc1bf80-0x0000000664000000(167772160)
[2025-06-12T09:38:00.407+0000][19.379s][1488][1513][trace] GC(0) _survivor_chunk_index=0, _survivor_chunk_capacity=81920
[2025-06-12T09:38:00.439+0000][19.411s][1488][1513][info ] GC(0) Pause Remark 53M->53M(8032M) 31.776ms
[2025-06-12T09:38:00.439+0000][19.411s][1488][1513][info ] Leaving safepoint region
[2025-06-12T09:38:00.439+0000][19.411s][1488][1513][info ] Total time for which application threads were stopped: 0.0319143 seconds, Stopping threads took: 0.0000233 seconds
[2025-06-12T09:38:00.439+0000][19.411s][1488][1512][info ] GC(0) Concurrent Sweep
[2025-06-12T09:38:00.439+0000][19.411s][1488][1512][info ] GC(0) Concurrent Sweep 0.041ms
[2025-06-12T09:38:00.439+0000][19.411s][1488][1512][info ] GC(0) Concurrent Reset
[2025-06-12T09:38:00.448+0000][19.419s][1488][1512][info ] GC(0) Concurrent Reset 8.540ms
[2025-06-12T09:38:00.448+0000][19.419s][1488][1512][info ] GC(0) Old: 0K->0K(6750208K)
[2025-06-12T09:38:00.907+0000][19.878s][1488][1513][info ] Application time: 0.4676634 seconds
[2025-06-12T09:38:00.907+0000][19.878s][1488][1513][info ] Entering safepoint region: Deoptimize
[2025-06-12T09:38:00.908+0000][19.879s][1488][1513][info ] Leaving safepoint region
[2025-06-12T09:38:00.908+0000][19.879s][1488][1513][info ] Total time for which application threads were stopped: 0.0010162 seconds, Stopping threads took: 0.0000169 seconds
[2025-06-12T09:38:00.963+0000][19.935s][1488][1513][info ] Application time: 0.0555052 seconds
[2025-06-12T09:38:00.963+0000][19.935s][1488][1513][info ] Entering safepoint region: Deoptimize
[2025-06-12T09:38:00.964+0000][19.936s][1488][1513][info ] Leaving safepoint region
[2025-06-12T09:38:00.964+0000][19.936s][1488][1513][info ] Total time for which application threads were stopped: 0.0007459 seconds, Stopping threads took: 0.0000213 seconds
[2025-06-12T09:38:01.282+0000][20.254s][1488][1513][info ] Application time: 0.3180218 seconds
[2025-06-12T09:38:01.282+0000][20.254s][1488][1513][info ] Entering safepoint region: Deoptimize
[2025-06-12T09:38:01.283+0000][20.255s][1488][1513][info ] Leaving safepoint region
[2025-06-12T09:38:01.283+0000][20.255s][1488][1513][info ] Total time for which application threads were stopped: 0.0009195 seconds, Stopping threads took: 0.0000182 seconds
[2025-06-12T09:38:01.434+0000][20.405s][1488][1513][info ] Application time: 0.1504623 seconds
[2025-06-12T09:38:01.436+0000][20.408s][1488][1513][info ] Entering safepoint region: Deoptimize
[2025-06-12T09:38:01.437+0000][20.409s][1488][1513][info ] Leaving safepoint region
[2025-06-12T09:38:01.437+0000][20.409s][1488][1513][info ] Total time for which application threads were stopped: 0.0009606 seconds, Stopping threads took: 0.0000465 seconds
[2025-06-12T09:38:02.119+0000][21.090s][1488][1513][info ] Application time: 0.6817804 seconds
[2025-06-12T09:38:02.119+0000][21.091s][1488][1513][info ] Entering safepoint region: Deoptimize
[2025-06-12T09:38:02.120+0000][21.091s][1488][1513][info ] Leaving safepoint region
[2025-06-12T09:38:02.120+0000][21.091s][1488][1513][info ] Total time for which application threads were stopped: 0.0008858 seconds, Stopping threads took: 0.0000245 seconds
[2025-06-12T09:38:02.363+0000][21.334s][1488][1513][info ] Application time: 0.2427837 seconds
[2025-06-12T09:38:02.363+0000][21.334s][1488][1513][info ] Entering safepoint region: ICBufferFull
[2025-06-12T09:38:02.363+0000][21.335s][1488][1513][info ] Leaving safepoint region
[2025-06-12T09:38:02.363+0000][21.335s][1488][1513][info ] Total time for which application threads were stopped: 0.0003899 seconds, Stopping threads took: 0.0000245 seconds
[2025-06-12T09:38:02.378+0000][21.349s][1488][1513][info ] Application time: 0.0144890 seconds
[2025-06-12T09:38:02.378+0000][21.349s][1488][1513][info ] Entering safepoint region: Deoptimize
[2025-06-12T09:38:02.379+0000][21.350s][1488][1513][info ] Leaving safepoint region
[2025-06-12T09:38:02.379+0000][21.350s][1488][1513][info ] Total time for which application threads were stopped: 0.0010256 seconds, Stopping threads took: 0.0000260 seconds
[2025-06-12T09:38:03.379+0000][22.350s][1488][1513][info ] Application time: 1.0001135 seconds
[2025-06-12T09:38:03.379+0000][22.350s][1488][1513][info ] Entering safepoint region: Cleanup
[2025-06-12T09:38:03.379+0000][22.351s][1488][1513][info ] Leaving safepoint region
[2025-06-12T09:38:03.379+0000][22.351s][1488][1513][info ] Total time for which application threads were stopped: 0.0003037 seconds, Stopping threads took: 0.0000455 seconds
[2025-06-12T09:38:04.379+0000][23.351s][1488][1513][info ] Application time: 1.0000830 seconds
[2025-06-12T09:38:04.379+0000][23.351s][1488][1513][info ] Entering safepoint region: Cleanup
[2025-06-12T09:38:04.380+0000][23.351s][1488][1513][info ] Leaving safepoint region
[2025-06-12T09:38:04.380+0000][23.351s][1488][1513][info ] Total time for which application threads were stopped: 0.0001179 seconds, Stopping threads took: 0.0000287 seconds
[2025-06-12T09:38:08.380+0000][27.351s][1488][1513][info ] Application time: 4.0003753 seconds
[2025-06-12T09:38:08.380+0000][27.351s][1488][1513][info ] Entering safepoint region: Cleanup
[2025-06-12T09:38:08.380+0000][27.352s][1488][1513][info ] Leaving safepoint region
[2025-06-12T09:38:08.380+0000][27.352s][1488][1513][info ] Total time for which application threads were stopped: 0.0001335 seconds, Stopping threads took: 0.0000277 seconds
[2025-06-12T09:38:10.447+0000][29.419s][1488][1512][trace] CMS: promo attempt is safe: available(6912212992) >= av_promo(0), max_promo(352360744)
[2025-06-12T09:38:11.380+0000][30.352s][1488][1513][info ] Application time: 3.0002867 seconds
[2025-06-12T09:38:11.562+0000][30.533s][1488][1513][info ] Entering safepoint region: Cleanup
[2025-06-12T09:38:11.562+0000][30.533s][1488][1513][info ] Leaving safepoint region
[2025-06-12T09:38:11.562+0000][30.533s][1488][1513][info ] Total time for which application threads were stopped: 0.1813696 seconds, Stopping threads took: 0.1811504 seconds
[2025-06-12T09:38:12.562+0000][31.534s][1488][1513][info ] Application time: 1.0001344 seconds
[2025-06-12T09:38:12.562+0000][31.534s][1488][1513][info ] Entering safepoint region: Cleanup
[2025-06-12T09:38:12.564+0000][31.535s][1488][1513][info ] Leaving safepoint region
[2025-06-12T09:38:12.564+0000][31.535s][1488][1513][info ] Total time for which application threads were stopped: 0.0015814 seconds, Stopping threads took: 0.0000484 seconds
[2025-06-12T09:38:14.564+0000][33.535s][1488][1513][info ] Application time: 2.0002317 seconds
[2025-06-12T09:38:14.564+0000][33.536s][1488][1513][info ] Entering safepoint region: Cleanup
[2025-06-12T09:38:14.564+0000][33.536s][1488][1513][info ] Leaving safepoint region
[2025-06-12T09:38:14.564+0000][33.536s][1488][1513][info ] Total time for which application threads were stopped: 0.0001601 seconds, Stopping threads took: 0.0000300 seconds
[2025-06-12T09:38:15.564+0000][34.536s][1488][1513][info ] Application time: 1.0000525 seconds
[2025-06-12T09:38:15.564+0000][34.536s][1488][1513][info ] Entering safepoint region: Cleanup
[2025-06-12T09:38:15.564+0000][34.536s][1488][1513][info ] Leaving safepoint region
[2025-06-12T09:38:15.564+0000][34.536s][1488][1513][info ] Total time for which application threads were stopped: 0.0001695 seconds, Stopping threads took: 0.0000724 seconds
[2025-06-12T09:38:20.447+0000][39.418s][1488][1512][trace] CMS: promo attempt is safe: available(6912212992) >= av_promo(0), max_promo(371747840)
[2025-06-12T09:38:22.565+0000][41.537s][1488][1513][info ] Application time: 7.0007530 seconds
[2025-06-12T09:38:22.565+0000][41.537s][1488][1513][info ] Entering safepoint region: Cleanup
[2025-06-12T09:38:22.565+0000][41.537s][1488][1513][info ] Leaving safepoint region
[2025-06-12T09:38:22.565+0000][41.537s][1488][1513][info ] Total time for which application threads were stopped: 0.0001203 seconds, Stopping threads took: 0.0000254 seconds
[2025-06-12T09:38:27.566+0000][46.537s][1488][1513][info ] Application time: 5.0004400 seconds
[2025-06-12T09:38:27.566+0000][46.537s][1488][1513][info ] Entering safepoint region: Cleanup
[2025-06-12T09:38:27.566+0000][46.538s][1488][1513][info ] Leaving safepoint region
[2025-06-12T09:38:27.566+0000][46.538s][1488][1513][info ] Total time for which application threads were stopped: 0.0001824 seconds, Stopping threads took: 0.0000351 seconds
[2025-06-12T09:38:30.446+0000][49.418s][1488][1512][trace] CMS: promo attempt is safe: available(6912212992) >= av_promo(0), max_promo(371747840)
[2025-06-12T09:38:31.393+0000][50.364s][1488][1513][info ] Application time: 3.8265802 seconds
[2025-06-12T09:38:31.393+0000][50.364s][1488][1513][info ] Entering safepoint region: Deoptimize
[2025-06-12T09:38:31.394+0000][50.365s][1488][1513][info ] Leaving safepoint region
[2025-06-12T09:38:31.394+0000][50.365s][1488][1513][info ] Total time for which application threads were stopped: 0.0009294 seconds, Stopping threads took: 0.0000184 seconds
[2025-06-12T09:38:32.394+0000][51.365s][1488][1513][info ] Application time: 1.0001022 seconds
[2025-06-12T09:38:32.394+0000][51.365s][1488][1513][info ] Entering safepoint region: Cleanup
[2025-06-12T09:38:32.394+0000][51.366s][1488][1513][info ] Leaving safepoint region
[2025-06-12T09:38:32.394+0000][51.366s][1488][1513][info ] Total time for which application threads were stopped: 0.0001960 seconds, Stopping threads took: 0.0000369 seconds
[2025-06-12T09:38:33.394+0000][52.366s][1488][1513][info ] Application time: 1.0001100 seconds
[2025-06-12T09:38:33.394+0000][52.366s][1488][1513][info ] Entering safepoint region: Cleanup
[2025-06-12T09:38:33.394+0000][52.366s][1488][1513][info ] Leaving safepoint region
[2025-06-12T09:38:33.394+0000][52.366s][1488][1513][info ] Total time for which application threads were stopped: 0.0001353 seconds, Stopping threads took: 0.0000297 seconds
[2025-06-12T09:38:38.395+0000][57.367s][1488][1513][info ] Application time: 5.0005787 seconds
[2025-06-12T09:38:38.395+0000][57.367s][1488][1513][info ] Entering safepoint region: Cleanup
[2025-06-12T09:38:38.395+0000][57.367s][1488][1513][info ] Leaving safepoint region
[2025-06-12T09:38:38.395+0000][57.367s][1488][1513][info ] Total time for which application threads were stopped: 0.0001557 seconds, Stopping threads took: 0.0000465 seconds
[2025-06-12T09:38:40.446+0000][59.417s][1488][1512][trace] CMS: promo attempt is safe: available(6912212992) >= av_promo(0), max_promo(371747840)
[2025-06-12T09:38:42.396+0000][61.367s][1488][1513][info ] Application time: 4.0003502 seconds
[2025-06-12T09:38:42.396+0000][61.367s][1488][1513][info ] Entering safepoint region: Cleanup
[2025-06-12T09:38:42.396+0000][61.367s][1488][1513][info ] Leaving safepoint region
[2025-06-12T09:38:42.396+0000][61.367s][1488][1513][info ] Total time for which application threads were stopped: 0.0001592 seconds, Stopping threads took: 0.0000311 seconds
[2025-06-12T09:38:48.396+0000][67.368s][1488][1513][info ] Application time: 6.0005104 seconds
[2025-06-12T09:38:48.396+0000][67.368s][1488][1513][info ] Entering safepoint region: Cleanup
[2025-06-12T09:38:48.397+0000][67.368s][1488][1513][info ] Leaving safepoint region
[2025-06-12T09:38:48.397+0000][67.368s][1488][1513][info ] Total time for which application threads were stopped: 0.0001070 seconds, Stopping threads took: 0.0000230 seconds
[2025-06-12T09:38:50.397+0000][69.368s][1488][1513][info ] Application time: 2.0001770 seconds
[2025-06-12T09:38:50.397+0000][69.368s][1488][1513][info ] Entering safepoint region: Cleanup
[2025-06-12T09:38:50.397+0000][69.368s][1488][1513][info ] Leaving safepoint region
[2025-06-12T09:38:50.397+0000][69.368s][1488][1513][info ] Total time for which application threads were stopped: 0.0001305 seconds, Stopping threads took: 0.0000202 seconds
[2025-06-12T09:38:50.445+0000][69.417s][1488][1512][trace] CMS: promo attempt is safe: available(6912212992) >= av_promo(0), max_promo(388152288)
[2025-06-12T09:38:51.397+0000][70.368s][1488][1513][info ] Application time: 1.0000512 seconds
[2025-06-12T09:38:51.397+0000][70.369s][1488][1513][info ] Entering safepoint region: Cleanup
[2025-06-12T09:38:51.397+0000][70.369s][1488][1513][info ] Leaving safepoint region
[2025-06-12T09:38:51.397+0000][70.369s][1488][1513][info ] Total time for which application threads were stopped: 0.0002010 seconds, Stopping threads took: 0.0000359 seconds
[2025-06-12T09:38:52.397+0000][71.369s][1488][1513][info ] Application time: 1.0001059 seconds
[2025-06-12T09:38:52.397+0000][71.369s][1488][1513][info ] Entering safepoint region: Cleanup
[2025-06-12T09:38:52.398+0000][71.369s][1488][1513][info ] Leaving safepoint region
[2025-06-12T09:38:52.398+0000][71.369s][1488][1513][info ] Total time for which application threads were stopped: 0.0001200 seconds, Stopping threads took: 0.0000224 seconds
[2025-06-12T09:39:00.445+0000][79.416s][1488][1512][trace] CMS: promo attempt is safe: available(6912212992) >= av_promo(0), max_promo(428417656)
[2025-06-12T09:39:01.398+0000][80.370s][1488][1513][info ] Application time: 9.0007390 seconds
[2025-06-12T09:39:01.398+0000][80.370s][1488][1513][info ] Entering safepoint region: Cleanup
[2025-06-12T09:39:01.398+0000][80.370s][1488][1513][info ] Leaving safepoint region
[2025-06-12T09:39:01.398+0000][80.370s][1488][1513][info ] Total time for which application threads were stopped: 0.0001468 seconds, Stopping threads took: 0.0000210 seconds
[2025-06-12T09:39:02.399+0000][81.370s][1488][1513][info ] Application time: 1.0000909 seconds
[2025-06-12T09:39:02.399+0000][81.370s][1488][1513][info ] Entering safepoint region: Cleanup
[2025-06-12T09:39:02.399+0000][81.370s][1488][1513][info ] Leaving safepoint region
[2025-06-12T09:39:02.399+0000][81.370s][1488][1513][info ] Total time for which application threads were stopped: 0.0001086 seconds, Stopping threads took: 0.0000220 seconds
[2025-06-12T09:39:10.447+0000][89.418s][1488][1512][trace] CMS: promo attempt is safe: available(6912212992) >= av_promo(0), max_promo(428417656)
[2025-06-12T09:39:13.407+0000][92.378s][1488][1513][info ] Application time: 11.0078819 seconds
[2025-06-12T09:39:13.407+0000][92.378s][1488][1513][info ] Entering safepoint region: Cleanup
[2025-06-12T09:39:13.407+0000][92.378s][1488][1513][info ] Leaving safepoint region
[2025-06-12T09:39:13.407+0000][92.378s][1488][1513][info ] Total time for which application threads were stopped: 0.0001527 seconds, Stopping threads took: 0.0000464 seconds
[2025-06-12T09:39:20.447+0000][99.419s][1488][1512][trace] CMS: promo attempt is safe: available(6912212992) >= av_promo(0), max_promo(428417656)
[2025-06-12T09:39:30.446+0000][109.418s][1488][1512][trace] CMS: promo attempt is safe: available(6912212992) >= av_promo(0), max_promo(428417656)
[2025-06-12T09:39:36.418+0000][115.389s][1488][1513][info ] Application time: 23.0108874 seconds
[2025-06-12T09:39:36.418+0000][115.389s][1488][1513][info ] Entering safepoint region: Cleanup
[2025-06-12T09:39:36.420+0000][115.392s][1488][1513][info ] Leaving safepoint region
[2025-06-12T09:39:36.421+0000][115.392s][1488][1513][info ] Total time for which application threads were stopped: 0.0026403 seconds, Stopping threads took: 0.0023543 seconds
[2025-06-12T09:39:40.446+0000][119.417s][1488][1512][trace] CMS: promo attempt is safe: available(6912212992) >= av_promo(0), max_promo(428417656)
[2025-06-12T09:39:50.445+0000][129.416s][1488][1512][trace] CMS: promo attempt is safe: available(6912212992) >= av_promo(0), max_promo(431400304)
[2025-06-12T09:40:00.444+0000][139.416s][1488][1512][trace] CMS: promo attempt is safe: available(6912212992) >= av_promo(0), max_promo(431400304)
[2025-06-12T09:40:02.447+0000][141.418s][1488][1513][info ] Application time: 26.0261137 seconds
[2025-06-12T09:40:02.447+0000][141.418s][1488][1513][info ] Entering safepoint region: Cleanup
[2025-06-12T09:40:02.447+0000][141.419s][1488][1513][info ] Leaving safepoint region
[2025-06-12T09:40:02.447+0000][141.419s][1488][1513][info ] Total time for which application threads were stopped: 0.0004778 seconds, Stopping threads took: 0.0000392 seconds
[2025-06-12T09:40:05.448+0000][144.419s][1488][1513][info ] Application time: 3.0003030 seconds
[2025-06-12T09:40:05.448+0000][144.419s][1488][1513][info ] Entering safepoint region: Cleanup
[2025-06-12T09:40:05.448+0000][144.419s][1488][1513][info ] Leaving safepoint region
[2025-06-12T09:40:05.448+0000][144.419s][1488][1513][info ] Total time for which application threads were stopped: 0.0001346 seconds, Stopping threads took: 0.0000302 seconds
[2025-06-12T09:40:10.444+0000][149.416s][1488][1512][trace] CMS: promo attempt is safe: available(6912212992) >= av_promo(0), max_promo(431400304)
[2025-06-12T09:40:11.044+0000][150.016s][1488][1513][info ] Application time: 5.5963347 seconds
[2025-06-12T09:40:11.044+0000][150.016s][1488][1513][info ] Entering safepoint region: Deoptimize
[2025-06-12T09:40:11.045+0000][150.017s][1488][1513][info ] Leaving safepoint region
[2025-06-12T09:40:11.045+0000][150.017s][1488][1513][info ] Total time for which application threads were stopped: 0.0010764 seconds, Stopping threads took: 0.0000266 seconds
[2025-06-12T09:40:11.086+0000][150.058s][1488][1513][info ] Application time: 0.0408116 seconds
[2025-06-12T09:40:11.086+0000][150.058s][1488][1513][info ] Entering safepoint region: ICBufferFull
[2025-06-12T09:40:11.087+0000][150.058s][1488][1513][info ] Leaving safepoint region
[2025-06-12T09:40:11.087+0000][150.058s][1488][1513][info ] Total time for which application threads were stopped: 0.0003659 seconds, Stopping threads took: 0.0000416 seconds
[2025-06-12T09:40:12.087+0000][151.058s][1488][1513][info ] Application time: 1.0001024 seconds
[2025-06-12T09:40:12.087+0000][151.058s][1488][1513][info ] Entering safepoint region: Cleanup
[2025-06-12T09:40:12.087+0000][151.058s][1488][1513][info ] Leaving safepoint region
[2025-06-12T09:40:12.087+0000][151.058s][1488][1513][info ] Total time for which application threads were stopped: 0.0002365 seconds, Stopping threads took: 0.0000232 seconds
[2025-06-12T09:40:13.087+0000][152.059s][1488][1513][info ] Application time: 1.0000957 seconds
[2025-06-12T09:40:13.087+0000][152.059s][1488][1513][info ] Entering safepoint region: Cleanup
[2025-06-12T09:40:13.087+0000][152.059s][1488][1513][info ] Leaving safepoint region
[2025-06-12T09:40:13.087+0000][152.059s][1488][1513][info ] Total time for which application threads were stopped: 0.0001259 seconds, Stopping threads took: 0.0000297 seconds
[2025-06-12T09:40:14.087+0000][153.059s][1488][1513][info ] Application time: 1.0000879 seconds
[2025-06-12T09:40:14.087+0000][153.059s][1488][1513][info ] Entering safepoint region: Cleanup
[2025-06-12T09:40:14.088+0000][153.059s][1488][1513][info ] Leaving safepoint region
[2025-06-12T09:40:14.088+0000][153.059s][1488][1513][info ] Total time for which application threads were stopped: 0.0001065 seconds, Stopping threads took: 0.0000228 seconds
[2025-06-12T09:40:15.088+0000][154.059s][1488][1513][info ] Application time: 1.0000652 seconds
[2025-06-12T09:40:15.088+0000][154.059s][1488][1513][info ] Entering safepoint region: Cleanup
[2025-06-12T09:40:15.088+0000][154.059s][1488][1513][info ] Leaving safepoint region
[2025-06-12T09:40:15.088+0000][154.059s][1488][1513][info ] Total time for which application threads were stopped: 0.0001155 seconds, Stopping threads took: 0.0000273 seconds
[2025-06-12T09:40:16.088+0000][155.059s][1488][1513][info ] Application time: 1.0001129 seconds
[2025-06-12T09:40:16.088+0000][155.060s][1488][1513][info ] Entering safepoint region: Cleanup
[2025-06-12T09:40:16.088+0000][155.060s][1488][1513][info ] Leaving safepoint region
[2025-06-12T09:40:16.088+0000][155.060s][1488][1513][info ] Total time for which application threads were stopped: 0.0001722 seconds, Stopping threads took: 0.0000325 seconds
[2025-06-12T09:40:17.088+0000][156.060s][1488][1513][info ] Application time: 1.0001613 seconds
[2025-06-12T09:40:17.088+0000][156.060s][1488][1513][info ] Entering safepoint region: Cleanup
[2025-06-12T09:40:17.089+0000][156.060s][1488][1513][info ] Leaving safepoint region
[2025-06-12T09:40:17.089+0000][156.060s][1488][1513][info ] Total time for which application threads were stopped: 0.0001493 seconds, Stopping threads took: 0.0000372 seconds
[2025-06-12T09:40:18.089+0000][157.060s][1488][1513][info ] Application time: 1.0001010 seconds
[2025-06-12T09:40:18.089+0000][157.060s][1488][1513][info ] Entering safepoint region: Cleanup
[2025-06-12T09:40:18.089+0000][157.060s][1488][1513][info ] Leaving safepoint region
[2025-06-12T09:40:18.089+0000][157.060s][1488][1513][info ] Total time for which application threads were stopped: 0.0001381 seconds, Stopping threads took: 0.0000306 seconds
[2025-06-12T09:40:19.089+0000][158.061s][1488][1513][info ] Application time: 1.0000637 seconds
[2025-06-12T09:40:19.089+0000][158.061s][1488][1513][info ] Entering safepoint region: Cleanup
[2025-06-12T09:40:19.089+0000][158.061s][1488][1513][info ] Leaving safepoint region
[2025-06-12T09:40:19.089+0000][158.061s][1488][1513][info ] Total time for which application threads were stopped: 0.0001176 seconds, Stopping threads took: 0.0000241 seconds
[2025-06-12T09:40:20.089+0000][159.061s][1488][1513][info ] Application time: 1.0000985 seconds
[2025-06-12T09:40:20.089+0000][159.061s][1488][1513][info ] Entering safepoint region: Cleanup
[2025-06-12T09:40:20.089+0000][159.061s][1488][1513][info ] Leaving safepoint region
[2025-06-12T09:40:20.090+0000][159.061s][1488][1513][info ] Total time for which application threads were stopped: 0.0001522 seconds, Stopping threads took: 0.0000351 seconds
[2025-06-12T09:40:20.444+0000][159.415s][1488][1512][trace] CMS: promo attempt is safe: available(6912212992) >= av_promo(0), max_promo(488103336)
[2025-06-12T09:40:21.090+0000][160.061s][1488][1513][info ] Application time: 1.0000980 seconds
[2025-06-12T09:40:21.090+0000][160.061s][1488][1513][info ] Entering safepoint region: Cleanup
[2025-06-12T09:40:21.090+0000][160.062s][1488][1513][info ] Leaving safepoint region
[2025-06-12T09:40:21.090+0000][160.062s][1488][1513][info ] Total time for which application threads were stopped: 0.0002790 seconds, Stopping threads took: 0.0000966 seconds
[2025-06-12T09:40:22.090+0000][161.062s][1488][1513][info ] Application time: 1.0001108 seconds
[2025-06-12T09:40:22.090+0000][161.062s][1488][1513][info ] Entering safepoint region: Cleanup
[2025-06-12T09:40:22.090+0000][161.062s][1488][1513][info ] Leaving safepoint region
[2025-06-12T09:40:22.090+0000][161.062s][1488][1513][info ] Total time for which application threads were stopped: 0.0001280 seconds, Stopping threads took: 0.0000242 seconds
[2025-06-12T09:40:23.090+0000][162.062s][1488][1513][info ] Application time: 1.0000916 seconds
[2025-06-12T09:40:23.091+0000][162.062s][1488][1513][info ] Entering safepoint region: Cleanup
[2025-06-12T09:40:23.091+0000][162.062s][1488][1513][info ] Leaving safepoint region
[2025-06-12T09:40:23.091+0000][162.062s][1488][1513][info ] Total time for which application threads were stopped: 0.0001275 seconds, Stopping threads took: 0.0000257 seconds
[2025-06-12T09:40:24.091+0000][163.062s][1488][1513][info ] Application time: 1.0000920 seconds
[2025-06-12T09:40:24.091+0000][163.062s][1488][1513][info ] Entering safepoint region: Cleanup
[2025-06-12T09:40:24.091+0000][163.063s][1488][1513][info ] Leaving safepoint region
[2025-06-12T09:40:24.091+0000][163.063s][1488][1513][info ] Total time for which application threads were stopped: 0.0002177 seconds, Stopping threads took: 0.0000294 seconds
[2025-06-12T09:40:25.091+0000][164.063s][1488][1513][info ] Application time: 1.0000843 seconds
[2025-06-12T09:40:25.091+0000][164.063s][1488][1513][info ] Entering safepoint region: Cleanup
[2025-06-12T09:40:25.091+0000][164.063s][1488][1513][info ] Leaving safepoint region
[2025-06-12T09:40:25.091+0000][164.063s][1488][1513][info ] Total time for which application threads were stopped: 0.0001197 seconds, Stopping threads took: 0.0000263 seconds
[2025-06-12T09:40:26.091+0000][165.063s][1488][1513][info ] Application time: 1.0000892 seconds
[2025-06-12T09:40:26.092+0000][165.063s][1488][1513][info ] Entering safepoint region: Cleanup
[2025-06-12T09:40:26.092+0000][165.063s][1488][1513][info ] Leaving safepoint region
[2025-06-12T09:40:26.092+0000][165.063s][1488][1513][info ] Total time for which application threads were stopped: 0.0001156 seconds, Stopping threads took: 0.0000295 seconds
[2025-06-12T09:40:27.092+0000][166.063s][1488][1513][info ] Application time: 1.0000886 seconds
[2025-06-12T09:40:27.092+0000][166.063s][1488][1513][info ] Entering safepoint region: Cleanup
[2025-06-12T09:40:27.092+0000][166.063s][1488][1513][info ] Leaving safepoint region
[2025-06-12T09:40:27.092+0000][166.063s][1488][1513][info ] Total time for which application threads were stopped: 0.0001083 seconds, Stopping threads took: 0.0000217 seconds
[2025-06-12T09:40:28.092+0000][167.063s][1488][1513][info ] Application time: 1.0000897 seconds
[2025-06-12T09:40:28.092+0000][167.064s][1488][1513][info ] Entering safepoint region: Cleanup
[2025-06-12T09:40:28.092+0000][167.064s][1488][1513][info ] Leaving safepoint region
[2025-06-12T09:40:28.092+0000][167.064s][1488][1513][info ] Total time for which application threads were stopped: 0.0001496 seconds, Stopping threads took: 0.0000238 seconds
[2025-06-12T09:40:29.092+0000][168.064s][1488][1513][info ] Application time: 1.0001013 seconds
[2025-06-12T09:40:29.092+0000][168.064s][1488][1513][info ] Entering safepoint region: Cleanup
[2025-06-12T09:40:29.092+0000][168.064s][1488][1513][info ] Leaving safepoint region
[2025-06-12T09:40:29.093+0000][168.064s][1488][1513][info ] Total time for which application threads were stopped: 0.0001380 seconds, Stopping threads took: 0.0000335 seconds
[2025-06-12T09:40:30.093+0000][169.064s][1488][1513][info ] Application time: 1.0000923 seconds
[2025-06-12T09:40:30.093+0000][169.064s][1488][1513][info ] Entering safepoint region: Cleanup
[2025-06-12T09:40:30.093+0000][169.064s][1488][1513][info ] Leaving safepoint region
[2025-06-12T09:40:30.093+0000][169.064s][1488][1513][info ] Total time for which application threads were stopped: 0.0001626 seconds, Stopping threads took: 0.0000265 seconds
[2025-06-12T09:40:30.443+0000][169.414s][1488][1512][trace] CMS: promo attempt is safe: available(6912212992) >= av_promo(0), max_promo(488103336)
[2025-06-12T09:40:31.094+0000][170.066s][1488][1513][info ] Application time: 1.0014096 seconds
[2025-06-12T09:40:31.094+0000][170.066s][1488][1513][info ] Entering safepoint region: Cleanup
[2025-06-12T09:40:31.094+0000][170.066s][1488][1513][info ] Leaving safepoint region
[2025-06-12T09:40:31.094+0000][170.066s][1488][1513][info ] Total time for which application threads were stopped: 0.0001404 seconds, Stopping threads took: 0.0000317 seconds
[2025-06-12T09:40:32.095+0000][171.066s][1488][1513][info ] Application time: 1.0001096 seconds
[2025-06-12T09:40:32.095+0000][171.066s][1488][1513][info ] Entering safepoint region: Cleanup
[2025-06-12T09:40:32.095+0000][171.066s][1488][1513][info ] Leaving safepoint region
[2025-06-12T09:40:32.095+0000][171.066s][1488][1513][info ] Total time for which application threads were stopped: 0.0001359 seconds, Stopping threads took: 0.0000300 seconds
[2025-06-12T09:40:33.095+0000][172.067s][1488][1513][info ] Application time: 1.0001777 seconds
[2025-06-12T09:40:33.095+0000][172.067s][1488][1513][info ] Entering safepoint region: Cleanup
[2025-06-12T09:40:33.095+0000][172.067s][1488][1513][info ] Leaving safepoint region
[2025-06-12T09:40:33.095+0000][172.067s][1488][1513][info ] Total time for which application threads were stopped: 0.0002807 seconds, Stopping threads took: 0.0000531 seconds
[2025-06-12T09:40:34.096+0000][173.067s][1488][1513][info ] Application time: 1.0001131 seconds
[2025-06-12T09:40:34.096+0000][173.067s][1488][1513][info ] Entering safepoint region: Cleanup
[2025-06-12T09:40:34.096+0000][173.067s][1488][1513][info ] Leaving safepoint region
[2025-06-12T09:40:34.096+0000][173.067s][1488][1513][info ] Total time for which application threads were stopped: 0.0001698 seconds, Stopping threads took: 0.0000405 seconds
[2025-06-12T09:40:35.096+0000][174.067s][1488][1513][info ] Application time: 1.0000956 seconds
[2025-06-12T09:40:35.096+0000][174.067s][1488][1513][info ] Entering safepoint region: Cleanup
[2025-06-12T09:40:35.096+0000][174.068s][1488][1513][info ] Leaving safepoint region
[2025-06-12T09:40:35.096+0000][174.068s][1488][1513][info ] Total time for which application threads were stopped: 0.0001131 seconds, Stopping threads took: 0.0000267 seconds
[2025-06-12T09:40:36.096+0000][175.068s][1488][1513][info ] Application time: 1.0001014 seconds
[2025-06-12T09:40:36.096+0000][175.068s][1488][1513][info ] Entering safepoint region: Cleanup
[2025-06-12T09:40:36.096+0000][175.068s][1488][1513][info ] Leaving safepoint region
[2025-06-12T09:40:36.096+0000][175.068s][1488][1513][info ] Total time for which application threads were stopped: 0.0001175 seconds, Stopping threads took: 0.0000273 seconds
[2025-06-12T09:40:37.096+0000][176.068s][1488][1513][info ] Application time: 1.0001056 seconds
[2025-06-12T09:40:37.097+0000][176.068s][1488][1513][info ] Entering safepoint region: Cleanup
[2025-06-12T09:40:37.097+0000][176.068s][1488][1513][info ] Leaving safepoint region
[2025-06-12T09:40:37.097+0000][176.068s][1488][1513][info ] Total time for which application threads were stopped: 0.0001350 seconds, Stopping threads took: 0.0000313 seconds
[2025-06-12T09:40:38.097+0000][177.068s][1488][1513][info ] Application time: 1.0000829 seconds
[2025-06-12T09:40:38.097+0000][177.068s][1488][1513][info ] Entering safepoint region: Cleanup
[2025-06-12T09:40:38.097+0000][177.068s][1488][1513][info ] Leaving safepoint region
[2025-06-12T09:40:38.097+0000][177.068s][1488][1513][info ] Total time for which application threads were stopped: 0.0001053 seconds, Stopping threads took: 0.0000215 seconds
[2025-06-12T09:40:39.097+0000][178.069s][1488][1513][info ] Application time: 1.0001040 seconds
[2025-06-12T09:40:39.097+0000][178.069s][1488][1513][info ] Entering safepoint region: Cleanup
[2025-06-12T09:40:39.097+0000][178.069s][1488][1513][info ] Leaving safepoint region
[2025-06-12T09:40:39.097+0000][178.069s][1488][1513][info ] Total time for which application threads were stopped: 0.0001399 seconds, Stopping threads took: 0.0000323 seconds
[2025-06-12T09:40:40.097+0000][179.069s][1488][1513][info ] Application time: 1.0000901 seconds
[2025-06-12T09:40:40.098+0000][179.070s][1488][1513][info ] Entering safepoint region: Cleanup
[2025-06-12T09:40:40.098+0000][179.070s][1488][1513][info ] Leaving safepoint region
[2025-06-12T09:40:40.098+0000][179.070s][1488][1513][info ] Total time for which application threads were stopped: 0.0001628 seconds, Stopping threads took: 0.0000305 seconds
[2025-06-12T09:40:40.442+0000][179.414s][1488][1512][trace] CMS: promo attempt is safe: available(6912212992) >= av_promo(0), max_promo(488103336)
[2025-06-12T09:40:41.098+0000][180.070s][1488][1513][info ] Application time: 1.0001029 seconds
[2025-06-12T09:40:41.098+0000][180.070s][1488][1513][info ] Entering safepoint region: Cleanup
[2025-06-12T09:40:41.098+0000][180.070s][1488][1513][info ] Leaving safepoint region
[2025-06-12T09:40:41.098+0000][180.070s][1488][1513][info ] Total time for which application threads were stopped: 0.0001257 seconds, Stopping threads took: 0.0000227 seconds
[2025-06-12T09:40:42.099+0000][181.070s][1488][1513][info ] Application time: 1.0000866 seconds
[2025-06-12T09:40:42.099+0000][181.070s][1488][1513][info ] Entering safepoint region: Cleanup
[2025-06-12T09:40:42.099+0000][181.070s][1488][1513][info ] Leaving safepoint region
[2025-06-12T09:40:42.099+0000][181.070s][1488][1513][info ] Total time for which application threads were stopped: 0.0001317 seconds, Stopping threads took: 0.0000340 seconds
[2025-06-12T09:40:43.099+0000][182.070s][1488][1513][info ] Application time: 1.0001080 seconds
[2025-06-12T09:40:43.099+0000][182.070s][1488][1513][info ] Entering safepoint region: Cleanup
[2025-06-12T09:40:43.099+0000][182.071s][1488][1513][info ] Leaving safepoint region
[2025-06-12T09:40:43.099+0000][182.071s][1488][1513][info ] Total time for which application threads were stopped: 0.0001973 seconds, Stopping threads took: 0.0000426 seconds
[2025-06-12T09:40:44.099+0000][183.071s][1488][1513][info ] Application time: 1.0001337 seconds
[2025-06-12T09:40:44.099+0000][183.071s][1488][1513][info ] Entering safepoint region: Cleanup
[2025-06-12T09:40:44.100+0000][183.071s][1488][1513][info ] Leaving safepoint region
[2025-06-12T09:40:44.100+0000][183.071s][1488][1513][info ] Total time for which application threads were stopped: 0.0001420 seconds, Stopping threads took: 0.0000266 seconds
[2025-06-12T09:40:45.100+0000][184.071s][1488][1513][info ] Application time: 1.0000954 seconds
[2025-06-12T09:40:45.100+0000][184.071s][1488][1513][info ] Entering safepoint region: Cleanup
[2025-06-12T09:40:45.100+0000][184.071s][1488][1513][info ] Leaving safepoint region
[2025-06-12T09:40:45.100+0000][184.071s][1488][1513][info ] Total time for which application threads were stopped: 0.0001589 seconds, Stopping threads took: 0.0000363 seconds
[2025-06-12T09:40:46.100+0000][185.072s][1488][1513][info ] Application time: 1.0001202 seconds
[2025-06-12T09:40:46.100+0000][185.072s][1488][1513][info ] Entering safepoint region: Cleanup
[2025-06-12T09:40:46.100+0000][185.072s][1488][1513][info ] Leaving safepoint region
[2025-06-12T09:40:46.100+0000][185.072s][1488][1513][info ] Total time for which application threads were stopped: 0.0001785 seconds, Stopping threads took: 0.0000364 seconds
[2025-06-12T09:40:47.101+0000][186.073s][1488][1513][info ] Application time: 1.0009907 seconds
[2025-06-12T09:40:47.101+0000][186.073s][1488][1513][info ] Entering safepoint region: Cleanup
[2025-06-12T09:40:47.101+0000][186.073s][1488][1513][info ] Leaving safepoint region
[2025-06-12T09:40:47.101+0000][186.073s][1488][1513][info ] Total time for which application threads were stopped: 0.0001338 seconds, Stopping threads took: 0.0000299 seconds
[2025-06-12T09:40:48.102+0000][187.073s][1488][1513][info ] Application time: 1.0001076 seconds
[2025-06-12T09:40:48.102+0000][187.073s][1488][1513][info ] Entering safepoint region: Cleanup
[2025-06-12T09:40:48.102+0000][187.073s][1488][1513][info ] Leaving safepoint region
[2025-06-12T09:40:48.102+0000][187.073s][1488][1513][info ] Total time for which application threads were stopped: 0.0001556 seconds, Stopping threads took: 0.0000385 seconds
[2025-06-12T09:40:49.104+0000][188.076s][1488][1513][info ] Application time: 1.0022528 seconds
[2025-06-12T09:40:49.104+0000][188.076s][1488][1513][info ] Entering safepoint region: Cleanup
[2025-06-12T09:40:49.104+0000][188.076s][1488][1513][info ] Leaving safepoint region
[2025-06-12T09:40:49.104+0000][188.076s][1488][1513][info ] Total time for which application threads were stopped: 0.0001529 seconds, Stopping threads took: 0.0000329 seconds
[2025-06-12T09:40:50.106+0000][189.077s][1488][1513][info ] Application time: 1.0014322 seconds
[2025-06-12T09:40:50.106+0000][189.077s][1488][1513][info ] Entering safepoint region: Cleanup
[2025-06-12T09:40:50.106+0000][189.077s][1488][1513][info ] Leaving safepoint region
[2025-06-12T09:40:50.106+0000][189.077s][1488][1513][info ] Total time for which application threads were stopped: 0.0001512 seconds, Stopping threads took: 0.0000401 seconds
[2025-06-12T09:40:50.442+0000][189.414s][1488][1512][trace] CMS: promo attempt is safe: available(6912212992) >= av_promo(0), max_promo(491085984)
[2025-06-12T09:40:51.107+0000][190.078s][1488][1513][info ] Application time: 1.0009809 seconds
[2025-06-12T09:40:51.107+0000][190.079s][1488][1513][info ] Entering safepoint region: Cleanup
[2025-06-12T09:40:51.107+0000][190.079s][1488][1513][info ] Leaving safepoint region
[2025-06-12T09:40:51.107+0000][190.079s][1488][1513][info ] Total time for which application threads were stopped: 0.0001478 seconds, Stopping threads took: 0.0000303 seconds
[2025-06-12T09:40:52.108+0000][191.079s][1488][1513][info ] Application time: 1.0004924 seconds
[2025-06-12T09:40:52.108+0000][191.079s][1488][1513][info ] Entering safepoint region: Cleanup
[2025-06-12T09:40:52.108+0000][191.079s][1488][1513][info ] Leaving safepoint region
[2025-06-12T09:40:52.108+0000][191.079s][1488][1513][info ] Total time for which application threads were stopped: 0.0001732 seconds, Stopping threads took: 0.0000342 seconds
[2025-06-12T09:40:53.108+0000][192.080s][1488][1513][info ] Application time: 1.0003415 seconds
[2025-06-12T09:40:53.108+0000][192.080s][1488][1513][info ] Entering safepoint region: Cleanup
[2025-06-12T09:40:53.109+0000][192.080s][1488][1513][info ] Leaving safepoint region
[2025-06-12T09:40:53.109+0000][192.080s][1488][1513][info ] Total time for which application threads were stopped: 0.0001392 seconds, Stopping threads took: 0.0000310 seconds
[2025-06-12T09:40:54.110+0000][193.081s][1488][1513][info ] Application time: 1.0013831 seconds
[2025-06-12T09:40:54.110+0000][193.081s][1488][1513][info ] Entering safepoint region: Cleanup
[2025-06-12T09:40:54.110+0000][193.082s][1488][1513][info ] Leaving safepoint region
[2025-06-12T09:40:54.110+0000][193.082s][1488][1513][info ] Total time for which application threads were stopped: 0.0001458 seconds, Stopping threads took: 0.0000287 seconds
[2025-06-12T09:40:55.111+0000][194.083s][1488][1513][info ] Application time: 1.0013547 seconds
[2025-06-12T09:40:55.112+0000][194.083s][1488][1513][info ] Entering safepoint region: Cleanup
[2025-06-12T09:40:55.112+0000][194.083s][1488][1513][info ] Leaving safepoint region
[2025-06-12T09:40:55.112+0000][194.083s][1488][1513][info ] Total time for which application threads were stopped: 0.0001570 seconds, Stopping threads took: 0.0000339 seconds
[2025-06-12T09:40:56.112+0000][195.083s][1488][1513][info ] Application time: 1.0000717 seconds
[2025-06-12T09:40:56.112+0000][195.084s][1488][1513][info ] Entering safepoint region: Cleanup
[2025-06-12T09:40:56.113+0000][195.084s][1488][1513][info ] Leaving safepoint region
[2025-06-12T09:40:56.113+0000][195.084s][1488][1513][info ] Total time for which application threads were stopped: 0.0004451 seconds, Stopping threads took: 0.0000699 seconds
[2025-06-12T09:40:57.113+0000][196.085s][1488][1513][info ] Application time: 1.0001047 seconds
[2025-06-12T09:40:57.113+0000][196.085s][1488][1513][info ] Entering safepoint region: Cleanup
[2025-06-12T09:40:57.113+0000][196.085s][1488][1513][info ] Leaving safepoint region
[2025-06-12T09:40:57.113+0000][196.085s][1488][1513][info ] Total time for which application threads were stopped: 0.0001647 seconds, Stopping threads took: 0.0000389 seconds
[2025-06-12T09:40:58.116+0000][197.088s][1488][1513][info ] Application time: 1.0029214 seconds
[2025-06-12T09:40:58.118+0000][197.090s][1488][1513][info ] Entering safepoint region: Cleanup
[2025-06-12T09:40:58.118+0000][197.090s][1488][1513][info ] Leaving safepoint region
[2025-06-12T09:40:58.118+0000][197.090s][1488][1513][info ] Total time for which application threads were stopped: 0.0001565 seconds, Stopping threads took: 0.0000389 seconds
[2025-06-12T09:40:59.119+0000][198.090s][1488][1513][info ] Application time: 1.0005537 seconds
[2025-06-12T09:40:59.119+0000][198.090s][1488][1513][info ] Entering safepoint region: Cleanup
[2025-06-12T09:40:59.119+0000][198.091s][1488][1513][info ] Leaving safepoint region
[2025-06-12T09:40:59.119+0000][198.091s][1488][1513][info ] Total time for which application threads were stopped: 0.0002018 seconds, Stopping threads took: 0.0000879 seconds
[2025-06-12T09:41:00.120+0000][199.092s][1488][1513][info ] Application time: 1.0012018 seconds
[2025-06-12T09:41:00.120+0000][199.092s][1488][1513][info ] Entering safepoint region: Cleanup
[2025-06-12T09:41:00.121+0000][199.092s][1488][1513][info ] Leaving safepoint region
[2025-06-12T09:41:00.121+0000][199.092s][1488][1513][info ] Total time for which application threads were stopped: 0.0001358 seconds, Stopping threads took: 0.0000301 seconds
[2025-06-12T09:41:00.442+0000][199.413s][1488][1512][trace] CMS: promo attempt is safe: available(6912212992) >= av_promo(0), max_promo(491085984)
[2025-06-12T09:41:01.121+0000][200.092s][1488][1513][info ] Application time: 1.0000934 seconds
[2025-06-12T09:41:01.121+0000][200.092s][1488][1513][info ] Entering safepoint region: Cleanup
[2025-06-12T09:41:01.121+0000][200.092s][1488][1513][info ] Leaving safepoint region
[2025-06-12T09:41:01.121+0000][200.092s][1488][1513][info ] Total time for which application threads were stopped: 0.0001137 seconds, Stopping threads took: 0.0000262 seconds
[2025-06-12T09:41:02.121+0000][201.092s][1488][1513][info ] Application time: 1.0000945 seconds
[2025-06-12T09:41:02.121+0000][201.092s][1488][1513][info ] Entering safepoint region: Cleanup
[2025-06-12T09:41:02.121+0000][201.093s][1488][1513][info ] Leaving safepoint region
[2025-06-12T09:41:02.121+0000][201.093s][1488][1513][info ] Total time for which application threads were stopped: 0.0001142 seconds, Stopping threads took: 0.0000263 seconds
[2025-06-12T09:41:03.121+0000][202.093s][1488][1513][info ] Application time: 1.0001066 seconds
[2025-06-12T09:41:03.121+0000][202.093s][1488][1513][info ] Entering safepoint region: Cleanup
[2025-06-12T09:41:03.121+0000][202.093s][1488][1513][info ] Leaving safepoint region
[2025-06-12T09:41:03.121+0000][202.093s][1488][1513][info ] Total time for which application threads were stopped: 0.0001157 seconds, Stopping threads took: 0.0000266 seconds
[2025-06-12T09:41:04.121+0000][203.093s][1488][1513][info ] Application time: 1.0000918 seconds
[2025-06-12T09:41:04.122+0000][203.093s][1488][1513][info ] Entering safepoint region: Cleanup
[2025-06-12T09:41:04.122+0000][203.093s][1488][1513][info ] Leaving safepoint region
[2025-06-12T09:41:04.122+0000][203.093s][1488][1513][info ] Total time for which application threads were stopped: 0.0001038 seconds, Stopping threads took: 0.0000228 seconds
[2025-06-12T09:41:05.122+0000][204.094s][1488][1513][info ] Application time: 1.0007304 seconds
[2025-06-12T09:41:05.122+0000][204.094s][1488][1513][info ] Entering safepoint region: Cleanup
[2025-06-12T09:41:05.123+0000][204.094s][1488][1513][info ] Leaving safepoint region
[2025-06-12T09:41:05.123+0000][204.094s][1488][1513][info ] Total time for which application threads were stopped: 0.0001724 seconds, Stopping threads took: 0.0000350 seconds
[2025-06-12T09:41:06.123+0000][205.094s][1488][1513][info ] Application time: 1.0000874 seconds
[2025-06-12T09:41:06.123+0000][205.094s][1488][1513][info ] Entering safepoint region: Cleanup
[2025-06-12T09:41:06.123+0000][205.094s][1488][1513][info ] Leaving safepoint region
[2025-06-12T09:41:06.123+0000][205.094s][1488][1513][info ] Total time for which application threads were stopped: 0.0002090 seconds, Stopping threads took: 0.0000312 seconds
[2025-06-12T09:41:07.123+0000][206.095s][1488][1513][info ] Application time: 1.0000858 seconds
[2025-06-12T09:41:07.123+0000][206.095s][1488][1513][info ] Entering safepoint region: Cleanup
[2025-06-12T09:41:07.123+0000][206.095s][1488][1513][info ] Leaving safepoint region
[2025-06-12T09:41:07.123+0000][206.095s][1488][1513][info ] Total time for which application threads were stopped: 0.0001380 seconds, Stopping threads took: 0.0000327 seconds
[2025-06-12T09:41:08.123+0000][207.095s][1488][1513][info ] Application time: 1.0000968 seconds
[2025-06-12T09:41:08.123+0000][207.095s][1488][1513][info ] Entering safepoint region: Cleanup
[2025-06-12T09:41:08.124+0000][207.095s][1488][1513][info ] Leaving safepoint region
[2025-06-12T09:41:08.124+0000][207.095s][1488][1513][info ] Total time for which application threads were stopped: 0.0001320 seconds, Stopping threads took: 0.0000246 seconds
[2025-06-12T09:41:09.124+0000][208.095s][1488][1513][info ] Application time: 1.0000912 seconds
[2025-06-12T09:41:09.124+0000][208.095s][1488][1513][info ] Entering safepoint region: Cleanup
[2025-06-12T09:41:09.124+0000][208.095s][1488][1513][info ] Leaving safepoint region
[2025-06-12T09:41:09.124+0000][208.095s][1488][1513][info ] Total time for which application threads were stopped: 0.0001117 seconds, Stopping threads took: 0.0000244 seconds
[2025-06-12T09:41:10.124+0000][209.095s][1488][1513][info ] Application time: 1.0001142 seconds
[2025-06-12T09:41:10.124+0000][209.096s][1488][1513][info ] Entering safepoint region: Cleanup
[2025-06-12T09:41:10.124+0000][209.096s][1488][1513][info ] Leaving safepoint region
[2025-06-12T09:41:10.124+0000][209.096s][1488][1513][info ] Total time for which application threads were stopped: 0.0001665 seconds, Stopping threads took: 0.0000312 seconds
[2025-06-12T09:41:10.441+0000][209.413s][1488][1512][trace] CMS: promo attempt is safe: available(6912212992) >= av_promo(0), max_promo(491085984)
[2025-06-12T09:41:11.124+0000][210.096s][1488][1513][info ] Application time: 1.0001000 seconds
[2025-06-12T09:41:11.124+0000][210.096s][1488][1513][info ] Entering safepoint region: Cleanup
[2025-06-12T09:41:11.125+0000][210.096s][1488][1513][info ] Leaving safepoint region
[2025-06-12T09:41:11.125+0000][210.096s][1488][1513][info ] Total time for which application threads were stopped: 0.0001443 seconds, Stopping threads took: 0.0000279 seconds
[2025-06-12T09:41:12.125+0000][211.096s][1488][1513][info ] Application time: 1.0000855 seconds
[2025-06-12T09:41:12.125+0000][211.096s][1488][1513][info ] Entering safepoint region: Cleanup
[2025-06-12T09:41:12.125+0000][211.096s][1488][1513][info ] Leaving safepoint region
[2025-06-12T09:41:12.125+0000][211.096s][1488][1513][info ] Total time for which application threads were stopped: 0.0001327 seconds, Stopping threads took: 0.0000254 seconds
[2025-06-12T09:41:13.125+0000][212.096s][1488][1513][info ] Application time: 1.0000637 seconds
[2025-06-12T09:41:13.125+0000][212.096s][1488][1513][info ] Entering safepoint region: Cleanup
[2025-06-12T09:41:13.125+0000][212.097s][1488][1513][info ] Leaving safepoint region
[2025-06-12T09:41:13.125+0000][212.097s][1488][1513][info ] Total time for which application threads were stopped: 0.0001556 seconds, Stopping threads took: 0.0000339 seconds
[2025-06-12T09:41:14.125+0000][213.097s][1488][1513][info ] Application time: 1.0000974 seconds
[2025-06-12T09:41:14.125+0000][213.097s][1488][1513][info ] Entering safepoint region: Cleanup
[2025-06-12T09:41:14.125+0000][213.097s][1488][1513][info ] Leaving safepoint region
[2025-06-12T09:41:14.125+0000][213.097s][1488][1513][info ] Total time for which application threads were stopped: 0.0001286 seconds, Stopping threads took: 0.0000287 seconds
[2025-06-12T09:41:15.126+0000][214.097s][1488][1513][info ] Application time: 1.0001151 seconds
[2025-06-12T09:41:15.126+0000][214.097s][1488][1513][info ] Entering safepoint region: Cleanup
[2025-06-12T09:41:15.126+0000][214.097s][1488][1513][info ] Leaving safepoint region
[2025-06-12T09:41:15.126+0000][214.097s][1488][1513][info ] Total time for which application threads were stopped: 0.0001455 seconds, Stopping threads took: 0.0000347 seconds
[2025-06-12T09:41:16.126+0000][215.097s][1488][1513][info ] Application time: 1.0001051 seconds
[2025-06-12T09:41:16.126+0000][215.097s][1488][1513][info ] Entering safepoint region: Cleanup
[2025-06-12T09:41:16.126+0000][215.098s][1488][1513][info ] Leaving safepoint region
[2025-06-12T09:41:16.126+0000][215.098s][1488][1513][info ] Total time for which application threads were stopped: 0.0001497 seconds, Stopping threads took: 0.0000334 seconds
[2025-06-12T09:41:17.126+0000][216.098s][1488][1513][info ] Application time: 1.0001540 seconds
[2025-06-12T09:41:17.126+0000][216.098s][1488][1513][info ] Entering safepoint region: Cleanup
[2025-06-12T09:41:17.127+0000][216.098s][1488][1513][info ] Leaving safepoint region
[2025-06-12T09:41:17.127+0000][216.098s][1488][1513][info ] Total time for which application threads were stopped: 0.0001525 seconds, Stopping threads took: 0.0000366 seconds
[2025-06-12T09:41:18.127+0000][217.098s][1488][1513][info ] Application time: 1.0001192 seconds
[2025-06-12T09:41:18.127+0000][217.098s][1488][1513][info ] Entering safepoint region: Cleanup
[2025-06-12T09:41:18.127+0000][217.099s][1488][1513][info ] Leaving safepoint region
[2025-06-12T09:41:18.127+0000][217.099s][1488][1513][info ] Total time for which application threads were stopped: 0.0003708 seconds, Stopping threads took: 0.0000592 seconds
[2025-06-12T09:41:19.127+0000][218.099s][1488][1513][info ] Application time: 1.0001023 seconds
[2025-06-12T09:41:19.127+0000][218.099s][1488][1513][info ] Entering safepoint region: Cleanup
[2025-06-12T09:41:19.128+0000][218.099s][1488][1513][info ] Leaving safepoint region
[2025-06-12T09:41:19.128+0000][218.099s][1488][1513][info ] Total time for which application threads were stopped: 0.0001842 seconds, Stopping threads took: 0.0000375 seconds
[2025-06-12T09:41:20.128+0000][219.099s][1488][1513][info ] Application time: 1.0001143 seconds
[2025-06-12T09:41:20.128+0000][219.099s][1488][1513][info ] Entering safepoint region: Cleanup
[2025-06-12T09:41:20.128+0000][219.099s][1488][1513][info ] Leaving safepoint region
[2025-06-12T09:41:20.128+0000][219.099s][1488][1513][info ] Total time for which application threads were stopped: 0.0001702 seconds, Stopping threads took: 0.0000384 seconds
[2025-06-12T09:41:20.441+0000][219.413s][1488][1512][trace] CMS: promo attempt is safe: available(6912212992) >= av_promo(0), max_promo(491085984)
[2025-06-12T09:41:21.128+0000][220.100s][1488][1513][info ] Application time: 1.0004041 seconds
[2025-06-12T09:41:21.128+0000][220.100s][1488][1513][info ] Entering safepoint region: Cleanup
[2025-06-12T09:41:21.129+0000][220.100s][1488][1513][info ] Leaving safepoint region
[2025-06-12T09:41:21.129+0000][220.100s][1488][1513][info ] Total time for which application threads were stopped: 0.0001488 seconds, Stopping threads took: 0.0000338 seconds
[2025-06-12T09:41:22.129+0000][221.100s][1488][1513][info ] Application time: 1.0001405 seconds
[2025-06-12T09:41:22.129+0000][221.100s][1488][1513][info ] Entering safepoint region: Cleanup
[2025-06-12T09:41:22.129+0000][221.100s][1488][1513][info ] Leaving safepoint region
[2025-06-12T09:41:22.129+0000][221.101s][1488][1513][info ] Total time for which application threads were stopped: 0.0002022 seconds, Stopping threads took: 0.0000555 seconds
[2025-06-12T09:41:23.129+0000][222.101s][1488][1513][info ] Application time: 1.0001213 seconds
[2025-06-12T09:41:23.129+0000][222.101s][1488][1513][info ] Entering safepoint region: Cleanup
[2025-06-12T09:41:23.129+0000][222.101s][1488][1513][info ] Leaving safepoint region
[2025-06-12T09:41:23.129+0000][222.101s][1488][1513][info ] Total time for which application threads were stopped: 0.0001549 seconds, Stopping threads took: 0.0000352 seconds
[2025-06-12T09:41:24.130+0000][223.101s][1488][1513][info ] Application time: 1.0002266 seconds
[2025-06-12T09:41:24.130+0000][223.101s][1488][1513][info ] Entering safepoint region: Cleanup
[2025-06-12T09:41:24.130+0000][223.101s][1488][1513][info ] Leaving safepoint region
[2025-06-12T09:41:24.130+0000][223.101s][1488][1513][info ] Total time for which application threads were stopped: 0.0001167 seconds, Stopping threads took: 0.0000257 seconds
[2025-06-12T09:41:25.130+0000][224.101s][1488][1513][info ] Application time: 1.0000946 seconds
[2025-06-12T09:41:25.130+0000][224.102s][1488][1513][info ] Entering safepoint region: Cleanup
[2025-06-12T09:41:25.130+0000][224.102s][1488][1513][info ] Leaving safepoint region
[2025-06-12T09:41:25.130+0000][224.102s][1488][1513][info ] Total time for which application threads were stopped: 0.0001274 seconds, Stopping threads took: 0.0000296 seconds
[2025-06-12T09:41:26.130+0000][225.102s][1488][1513][info ] Application time: 1.0000974 seconds
[2025-06-12T09:41:26.130+0000][225.102s][1488][1513][info ] Entering safepoint region: Cleanup
[2025-06-12T09:41:26.130+0000][225.102s][1488][1513][info ] Leaving safepoint region
[2025-06-12T09:41:26.130+0000][225.102s][1488][1513][info ] Total time for which application threads were stopped: 0.0001127 seconds, Stopping threads took: 0.0000252 seconds
[2025-06-12T09:41:27.130+0000][226.102s][1488][1513][info ] Application time: 1.0000537 seconds
[2025-06-12T09:41:27.131+0000][226.102s][1488][1513][info ] Entering safepoint region: Cleanup
[2025-06-12T09:41:27.131+0000][226.102s][1488][1513][info ] Leaving safepoint region
[2025-06-12T09:41:27.131+0000][226.102s][1488][1513][info ] Total time for which application threads were stopped: 0.0001175 seconds, Stopping threads took: 0.0000331 seconds
[2025-06-12T09:41:28.131+0000][227.102s][1488][1513][info ] Application time: 1.0001026 seconds
[2025-06-12T09:41:28.131+0000][227.102s][1488][1513][info ] Entering safepoint region: Cleanup
[2025-06-12T09:41:28.131+0000][227.103s][1488][1513][info ] Leaving safepoint region
[2025-06-12T09:41:28.131+0000][227.103s][1488][1513][info ] Total time for which application threads were stopped: 0.0002399 seconds, Stopping threads took: 0.0000443 seconds
[2025-06-12T09:41:29.131+0000][228.103s][1488][1513][info ] Application time: 1.0000985 seconds
[2025-06-12T09:41:29.131+0000][228.103s][1488][1513][info ] Entering safepoint region: Cleanup
[2025-06-12T09:41:29.131+0000][228.103s][1488][1513][info ] Leaving safepoint region
[2025-06-12T09:41:29.131+0000][228.103s][1488][1513][info ] Total time for which application threads were stopped: 0.0001156 seconds, Stopping threads took: 0.0000274 seconds
[2025-06-12T09:41:30.131+0000][229.103s][1488][1513][info ] Application time: 1.0001015 seconds
[2025-06-12T09:41:30.132+0000][229.103s][1488][1513][info ] Entering safepoint region: Cleanup
[2025-06-12T09:41:30.132+0000][229.103s][1488][1513][info ] Leaving safepoint region
[2025-06-12T09:41:30.132+0000][229.103s][1488][1513][info ] Total time for which application threads were stopped: 0.0001622 seconds, Stopping threads took: 0.0000296 seconds
[2025-06-12T09:41:30.441+0000][229.412s][1488][1512][trace] CMS: promo attempt is safe: available(6912212992) >= av_promo(0), max_promo(491085984)
[2025-06-12T09:41:31.132+0000][230.103s][1488][1513][info ] Application time: 1.0000954 seconds
[2025-06-12T09:41:31.132+0000][230.103s][1488][1513][info ] Entering safepoint region: Cleanup
[2025-06-12T09:41:31.132+0000][230.104s][1488][1513][info ] Leaving safepoint region
[2025-06-12T09:41:31.132+0000][230.104s][1488][1513][info ] Total time for which application threads were stopped: 0.0001237 seconds, Stopping threads took: 0.0000257 seconds
[2025-06-12T09:41:32.132+0000][231.104s][1488][1513][info ] Application time: 1.0001093 seconds
[2025-06-12T09:41:32.132+0000][231.104s][1488][1513][info ] Entering safepoint region: Cleanup
[2025-06-12T09:41:32.132+0000][231.104s][1488][1513][info ] Leaving safepoint region
[2025-06-12T09:41:32.132+0000][231.104s][1488][1513][info ] Total time for which application threads were stopped: 0.0001245 seconds, Stopping threads took: 0.0000254 seconds
[2025-06-12T09:41:33.132+0000][232.104s][1488][1513][info ] Application time: 1.0001220 seconds
[2025-06-12T09:41:33.133+0000][232.104s][1488][1513][info ] Entering safepoint region: Cleanup
[2025-06-12T09:41:33.133+0000][232.104s][1488][1513][info ] Leaving safepoint region
[2025-06-12T09:41:33.133+0000][232.104s][1488][1513][info ] Total time for which application threads were stopped: 0.0001309 seconds, Stopping threads took: 0.0000240 seconds
[2025-06-12T09:41:33.652+0000][232.624s][1488][1513][info ] Application time: 0.5196296 seconds
[2025-06-12T09:41:33.652+0000][232.624s][1488][1513][info ] Entering safepoint region: Deoptimize
[2025-06-12T09:41:33.653+0000][232.625s][1488][1513][info ] Leaving safepoint region
[2025-06-12T09:41:33.653+0000][232.625s][1488][1513][info ] Total time for which application threads were stopped: 0.0009958 seconds, Stopping threads took: 0.0000295 seconds
[2025-06-12T09:41:33.666+0000][232.637s][1488][1513][info ] Application time: 0.0122733 seconds
[2025-06-12T09:41:33.666+0000][232.637s][1488][1513][info ] Entering safepoint region: Deoptimize
[2025-06-12T09:41:33.667+0000][232.638s][1488][1513][info ] Leaving safepoint region
[2025-06-12T09:41:33.667+0000][232.638s][1488][1513][info ] Total time for which application threads were stopped: 0.0009629 seconds, Stopping threads took: 0.0000207 seconds
[2025-06-12T09:41:34.667+0000][233.638s][1488][1513][info ] Application time: 1.0001123 seconds
[2025-06-12T09:41:34.667+0000][233.638s][1488][1513][info ] Entering safepoint region: Cleanup
[2025-06-12T09:41:34.667+0000][233.639s][1488][1513][info ] Leaving safepoint region
[2025-06-12T09:41:34.667+0000][233.639s][1488][1513][info ] Total time for which application threads were stopped: 0.0003130 seconds, Stopping threads took: 0.0000400 seconds
[2025-06-12T09:41:40.440+0000][239.412s][1488][1512][trace] CMS: promo attempt is safe: available(6912212992) >= av_promo(0), max_promo(529860160)
[2025-06-12T09:41:40.668+0000][239.640s][1488][1513][info ] Application time: 6.0008974 seconds
[2025-06-12T09:41:40.668+0000][239.640s][1488][1513][info ] Entering safepoint region: Cleanup
[2025-06-12T09:41:40.668+0000][239.640s][1488][1513][info ] Leaving safepoint region
[2025-06-12T09:41:40.668+0000][239.640s][1488][1513][info ] Total time for which application threads were stopped: 0.0001418 seconds, Stopping threads took: 0.0000388 seconds
[2025-06-12T09:41:41.668+0000][240.640s][1488][1513][info ] Application time: 1.0001205 seconds
[2025-06-12T09:41:41.668+0000][240.640s][1488][1513][info ] Entering safepoint region: Cleanup
[2025-06-12T09:41:41.669+0000][240.640s][1488][1513][info ] Leaving safepoint region
[2025-06-12T09:41:41.669+0000][240.640s][1488][1513][info ] Total time for which application threads were stopped: 0.0001271 seconds, Stopping threads took: 0.0000239 seconds
[2025-06-12T09:41:50.440+0000][249.411s][1488][1512][trace] CMS: promo attempt is safe: available(6912212992) >= av_promo(0), max_promo(532842808)
[2025-06-12T09:41:51.669+0000][250.641s][1488][1513][info ] Application time: 10.0008740 seconds
[2025-06-12T09:41:51.670+0000][250.641s][1488][1513][info ] Entering safepoint region: Cleanup
[2025-06-12T09:41:51.670+0000][250.641s][1488][1513][info ] Leaving safepoint region
[2025-06-12T09:41:51.670+0000][250.641s][1488][1513][info ] Total time for which application threads were stopped: 0.0001831 seconds, Stopping threads took: 0.0000413 seconds
[2025-06-12T09:41:53.670+0000][252.641s][1488][1513][info ] Application time: 2.0001789 seconds
[2025-06-12T09:41:53.670+0000][252.642s][1488][1513][info ] Entering safepoint region: Cleanup
[2025-06-12T09:41:53.670+0000][252.642s][1488][1513][info ] Leaving safepoint region
[2025-06-12T09:41:53.670+0000][252.642s][1488][1513][info ] Total time for which application threads were stopped: 0.0001435 seconds, Stopping threads took: 0.0000284 seconds
[2025-06-12T09:42:00.439+0000][259.411s][1488][1512][trace] CMS: promo attempt is safe: available(6912212992) >= av_promo(0), max_promo(532842808)
[2025-06-12T09:42:02.671+0000][261.643s][1488][1513][info ] Application time: 9.0008412 seconds
[2025-06-12T09:42:02.671+0000][261.643s][1488][1513][info ] Entering safepoint region: Cleanup
[2025-06-12T09:42:02.671+0000][261.643s][1488][1513][info ] Leaving safepoint region
[2025-06-12T09:42:02.671+0000][261.643s][1488][1513][info ] Total time for which application threads were stopped: 0.0001581 seconds, Stopping threads took: 0.0000334 seconds
[2025-06-12T09:42:06.672+0000][265.643s][1488][1513][info ] Application time: 4.0003457 seconds
[2025-06-12T09:42:06.672+0000][265.643s][1488][1513][info ] Entering safepoint region: Cleanup
[2025-06-12T09:42:06.672+0000][265.643s][1488][1513][info ] Leaving safepoint region
[2025-06-12T09:42:06.672+0000][265.643s][1488][1513][info ] Total time for which application threads were stopped: 0.0001544 seconds, Stopping threads took: 0.0000333 seconds
[2025-06-12T09:42:10.439+0000][269.411s][1488][1512][trace] CMS: promo attempt is safe: available(6912212992) >= av_promo(0), max_promo(532842808)
[2025-06-12T09:42:15.673+0000][274.644s][1488][1513][info ] Application time: 9.0007405 seconds
[2025-06-12T09:42:15.673+0000][274.644s][1488][1513][info ] Entering safepoint region: Cleanup
[2025-06-12T09:42:15.673+0000][274.644s][1488][1513][info ] Leaving safepoint region
[2025-06-12T09:42:15.673+0000][274.644s][1488][1513][info ] Total time for which application threads were stopped: 0.0001252 seconds, Stopping threads took: 0.0000257 seconds
[2025-06-12T09:42:16.673+0000][275.644s][1488][1513][info ] Application time: 1.0000963 seconds
[2025-06-12T09:42:16.673+0000][275.644s][1488][1513][info ] Entering safepoint region: Cleanup
[2025-06-12T09:42:16.673+0000][275.645s][1488][1513][info ] Leaving safepoint region
[2025-06-12T09:42:16.673+0000][275.645s][1488][1513][info ] Total time for which application threads were stopped: 0.0001676 seconds, Stopping threads took: 0.0000330 seconds
[2025-06-12T09:42:17.673+0000][276.645s][1488][1513][info ] Application time: 1.0000991 seconds
[2025-06-12T09:42:17.673+0000][276.645s][1488][1513][info ] Entering safepoint region: Cleanup
[2025-06-12T09:42:17.673+0000][276.645s][1488][1513][info ] Leaving safepoint region
[2025-06-12T09:42:17.673+0000][276.645s][1488][1513][info ] Total time for which application threads were stopped: 0.0001556 seconds, Stopping threads took: 0.0000352 seconds
[2025-06-12T09:42:19.674+0000][278.645s][1488][1513][info ] Application time: 2.0001763 seconds
[2025-06-12T09:42:19.674+0000][278.645s][1488][1513][info ] Entering safepoint region: Cleanup
[2025-06-12T09:42:19.674+0000][278.645s][1488][1513][info ] Leaving safepoint region
[2025-06-12T09:42:19.674+0000][278.645s][1488][1513][info ] Total time for which application threads were stopped: 0.0001762 seconds, Stopping threads took: 0.0000348 seconds
[2025-06-12T09:42:20.441+0000][279.412s][1488][1512][trace] CMS: promo attempt is safe: available(6912212992) >= av_promo(0), max_promo(532842808)
[2025-06-12T09:42:30.440+0000][289.411s][1488][1512][trace] CMS: promo attempt is safe: available(6912212992) >= av_promo(0), max_promo(532842808)
[2025-06-12T09:42:40.439+0000][299.411s][1488][1512][trace] CMS: promo attempt is safe: available(6912212992) >= av_promo(0), max_promo(546265616)
[2025-06-12T09:42:42.676+0000][301.647s][1488][1513][info ] Application time: 23.0020842 seconds
[2025-06-12T09:42:42.676+0000][301.648s][1488][1513][info ] Entering safepoint region: Cleanup
[2025-06-12T09:42:42.676+0000][301.648s][1488][1513][info ] Leaving safepoint region
[2025-06-12T09:42:42.676+0000][301.648s][1488][1513][info ] Total time for which application threads were stopped: 0.0001644 seconds, Stopping threads took: 0.0000354 seconds
[2025-06-12T09:42:50.438+0000][309.410s][1488][1512][trace] CMS: promo attempt is safe: available(6912212992) >= av_promo(0), max_promo(549248264)
[2025-06-12T09:43:00.437+0000][319.409s][1488][1512][trace] CMS: promo attempt is safe: available(6912212992) >= av_promo(0), max_promo(549248264)
[2025-06-12T09:43:02.678+0000][321.649s][1488][1513][info ] Application time: 20.0017450 seconds
[2025-06-12T09:43:02.678+0000][321.650s][1488][1513][info ] Entering safepoint region: Cleanup
[2025-06-12T09:43:02.678+0000][321.650s][1488][1513][info ] Leaving safepoint region
[2025-06-12T09:43:02.678+0000][321.650s][1488][1513][info ] Total time for which application threads were stopped: 0.0001367 seconds, Stopping threads took: 0.0000246 seconds
[2025-06-12T09:43:08.679+0000][327.650s][1488][1513][info ] Application time: 6.0005713 seconds
[2025-06-12T09:43:08.679+0000][327.650s][1488][1513][info ] Entering safepoint region: Cleanup
[2025-06-12T09:43:08.679+0000][327.651s][1488][1513][info ] Leaving safepoint region
[2025-06-12T09:43:08.679+0000][327.651s][1488][1513][info ] Total time for which application threads were stopped: 0.0002376 seconds, Stopping threads took: 0.0000266 seconds
[2025-06-12T09:43:10.438+0000][329.410s][1488][1512][trace] CMS: promo attempt is safe: available(6912212992) >= av_promo(0), max_promo(555213544)
[2025-06-12T09:43:20.437+0000][339.409s][1488][1512][trace] CMS: promo attempt is safe: available(6912212992) >= av_promo(0), max_promo(555213544)
[2025-06-12T09:43:23.680+0000][342.652s][1488][1513][info ] Application time: 15.0011475 seconds
[2025-06-12T09:43:23.680+0000][342.652s][1488][1513][info ] Entering safepoint region: Cleanup
[2025-06-12T09:43:23.680+0000][342.652s][1488][1513][info ] Leaving safepoint region
[2025-06-12T09:43:23.680+0000][342.652s][1488][1513][info ] Total time for which application threads were stopped: 0.0001531 seconds, Stopping threads took: 0.0000263 seconds
[2025-06-12T09:43:30.437+0000][349.408s][1488][1512][trace] CMS: promo attempt is safe: available(6912212992) >= av_promo(0), max_promo(555213544)
[2025-06-12T09:43:31.681+0000][350.653s][1488][1513][info ] Application time: 8.0006874 seconds
[2025-06-12T09:43:31.681+0000][350.653s][1488][1513][info ] Entering safepoint region: Cleanup
[2025-06-12T09:43:31.681+0000][350.653s][1488][1513][info ] Leaving safepoint region
[2025-06-12T09:43:31.681+0000][350.653s][1488][1513][info ] Total time for which application threads were stopped: 0.0001967 seconds, Stopping threads took: 0.0000258 seconds
[2025-06-12T09:43:32.681+0000][351.653s][1488][1513][info ] Application time: 1.0000976 seconds
[2025-06-12T09:43:32.682+0000][351.653s][1488][1513][info ] Entering safepoint region: Cleanup
[2025-06-12T09:43:32.682+0000][351.653s][1488][1513][info ] Leaving safepoint region
[2025-06-12T09:43:32.682+0000][351.653s][1488][1513][info ] Total time for which application threads were stopped: 0.0001794 seconds, Stopping threads took: 0.0000367 seconds
[2025-06-12T09:43:40.436+0000][359.407s][1488][1512][trace] CMS: promo attempt is safe: available(6912212992) >= av_promo(0), max_promo(555213544)
[2025-06-12T09:43:50.435+0000][369.407s][1488][1512][trace] CMS: promo attempt is safe: available(6912212992) >= av_promo(0), max_promo(558196192)
[2025-06-12T09:43:58.684+0000][377.656s][1488][1513][info ] Application time: 26.0022274 seconds
[2025-06-12T09:43:58.684+0000][377.656s][1488][1513][info ] Entering safepoint region: Cleanup
[2025-06-12T09:43:58.684+0000][377.656s][1488][1513][info ] Leaving safepoint region
[2025-06-12T09:43:58.684+0000][377.656s][1488][1513][info ] Total time for which application threads were stopped: 0.0001440 seconds, Stopping threads took: 0.0000290 seconds
[2025-06-12T09:44:00.434+0000][379.406s][1488][1512][trace] CMS: promo attempt is safe: available(6912212992) >= av_promo(0), max_promo(558196192)
[2025-06-12T09:44:00.684+0000][379.656s][1488][1513][info ] Application time: 2.0001704 seconds
[2025-06-12T09:44:00.684+0000][379.656s][1488][1513][info ] Entering safepoint region: Cleanup
[2025-06-12T09:44:00.685+0000][379.656s][1488][1513][info ] Leaving safepoint region
[2025-06-12T09:44:00.685+0000][379.656s][1488][1513][info ] Total time for which application threads were stopped: 0.0001538 seconds, Stopping threads took: 0.0000264 seconds
[2025-06-12T09:44:02.685+0000][381.656s][1488][1513][info ] Application time: 2.0001806 seconds
[2025-06-12T09:44:02.685+0000][381.656s][1488][1513][info ] Entering safepoint region: Cleanup
[2025-06-12T09:44:02.685+0000][381.657s][1488][1513][info ] Leaving safepoint region
[2025-06-12T09:44:02.685+0000][381.657s][1488][1513][info ] Total time for which application threads were stopped: 0.0001558 seconds, Stopping threads took: 0.0000294 seconds
[2025-06-12T09:44:10.434+0000][389.406s][1488][1512][trace] CMS: promo attempt is safe: available(6912212992) >= av_promo(0), max_promo(558196192)
[2025-06-12T09:44:11.686+0000][390.657s][1488][1513][info ] Application time: 9.0007593 seconds
[2025-06-12T09:44:11.686+0000][390.657s][1488][1513][info ] Entering safepoint region: Cleanup
[2025-06-12T09:44:11.686+0000][390.658s][1488][1513][info ] Leaving safepoint region
[2025-06-12T09:44:11.686+0000][390.658s][1488][1513][info ] Total time for which application threads were stopped: 0.0001740 seconds, Stopping threads took: 0.0000288 seconds
[2025-06-12T09:44:15.686+0000][394.658s][1488][1513][info ] Application time: 4.0004062 seconds
[2025-06-12T09:44:15.687+0000][394.658s][1488][1513][info ] Entering safepoint region: Cleanup
[2025-06-12T09:44:15.687+0000][394.658s][1488][1513][info ] Leaving safepoint region
[2025-06-12T09:44:15.687+0000][394.658s][1488][1513][info ] Total time for which application threads were stopped: 0.0001426 seconds, Stopping threads took: 0.0000378 seconds
[2025-06-12T09:44:20.434+0000][399.405s][1488][1512][trace] CMS: promo attempt is safe: available(6912212992) >= av_promo(0), max_promo(558196192)
[2025-06-12T09:44:24.688+0000][403.659s][1488][1513][info ] Application time: 9.0008706 seconds
[2025-06-12T09:44:24.688+0000][403.659s][1488][1513][info ] Entering safepoint region: Cleanup
[2025-06-12T09:44:24.688+0000][403.659s][1488][1513][info ] Leaving safepoint region
[2025-06-12T09:44:24.688+0000][403.659s][1488][1513][info ] Total time for which application threads were stopped: 0.0001858 seconds, Stopping threads took: 0.0000268 seconds
[2025-06-12T09:44:26.688+0000][405.660s][1488][1513][info ] Application time: 2.0001878 seconds
[2025-06-12T09:44:26.688+0000][405.660s][1488][1513][info ] Entering safepoint region: Cleanup
[2025-06-12T09:44:26.688+0000][405.660s][1488][1513][info ] Leaving safepoint region
[2025-06-12T09:44:26.688+0000][405.660s][1488][1513][info ] Total time for which application threads were stopped: 0.0002046 seconds, Stopping threads took: 0.0000385 seconds
[2025-06-12T09:44:27.688+0000][406.660s][1488][1513][info ] Application time: 1.0001039 seconds
[2025-06-12T09:44:27.689+0000][406.660s][1488][1513][info ] Entering safepoint region: Cleanup
[2025-06-12T09:44:27.689+0000][406.660s][1488][1513][info ] Leaving safepoint region
[2025-06-12T09:44:27.689+0000][406.660s][1488][1513][info ] Total time for which application threads were stopped: 0.0001620 seconds, Stopping threads took: 0.0000312 seconds
[2025-06-12T09:44:30.434+0000][409.405s][1488][1512][trace] CMS: promo attempt is safe: available(6912212992) >= av_promo(0), max_promo(558196192)
[2025-06-12T09:44:40.433+0000][419.405s][1488][1512][trace] CMS: promo attempt is safe: available(6912212992) >= av_promo(0), max_promo(558196192)
[2025-06-12T09:44:42.690+0000][421.662s][1488][1513][info ] Application time: 15.0013277 seconds
[2025-06-12T09:44:42.690+0000][421.662s][1488][1513][info ] Entering safepoint region: Cleanup
[2025-06-12T09:44:42.690+0000][421.662s][1488][1513][info ] Leaving safepoint region
[2025-06-12T09:44:42.690+0000][421.662s][1488][1513][info ] Total time for which application threads were stopped: 0.0001454 seconds, Stopping threads took: 0.0000328 seconds
[2025-06-12T09:44:49.691+0000][428.662s][1488][1513][info ] Application time: 7.0006149 seconds
[2025-06-12T09:44:49.691+0000][428.663s][1488][1513][info ] Entering safepoint region: Cleanup
[2025-06-12T09:44:49.691+0000][428.663s][1488][1513][info ] Leaving safepoint region
[2025-06-12T09:44:49.691+0000][428.663s][1488][1513][info ] Total time for which application threads were stopped: 0.0001725 seconds, Stopping threads took: 0.0000410 seconds
[2025-06-12T09:44:50.432+0000][429.404s][1488][1512][trace] CMS: promo attempt is safe: available(6912212992) >= av_promo(0), max_promo(561178840)
[2025-06-12T09:45:00.431+0000][439.403s][1488][1512][trace] CMS: promo attempt is safe: available(6912212992) >= av_promo(0), max_promo(561178840)
[2025-06-12T09:45:02.692+0000][441.664s][1488][1513][info ] Application time: 13.0011420 seconds
[2025-06-12T09:45:02.692+0000][441.664s][1488][1513][info ] Entering safepoint region: Cleanup
[2025-06-12T09:45:02.693+0000][441.664s][1488][1513][info ] Leaving safepoint region
[2025-06-12T09:45:02.693+0000][441.664s][1488][1513][info ] Total time for which application threads were stopped: 0.0001714 seconds, Stopping threads took: 0.0000287 seconds
[2025-06-12T09:45:10.431+0000][449.402s][1488][1512][trace] CMS: promo attempt is safe: available(6912212992) >= av_promo(0), max_promo(561178840)
[2025-06-12T09:45:20.430+0000][459.401s][1488][1512][trace] CMS: promo attempt is safe: available(6912212992) >= av_promo(0), max_promo(561178840)
[2025-06-12T09:45:30.429+0000][469.401s][1488][1512][trace] CMS: promo attempt is safe: available(6912212992) >= av_promo(0), max_promo(561178840)
[2025-06-12T09:45:32.695+0000][471.667s][1488][1513][info ] Application time: 30.0026604 seconds
[2025-06-12T09:45:32.695+0000][471.667s][1488][1513][info ] Entering safepoint region: Cleanup
[2025-06-12T09:45:32.695+0000][471.667s][1488][1513][info ] Leaving safepoint region
[2025-06-12T09:45:32.695+0000][471.667s][1488][1513][info ] Total time for which application threads were stopped: 0.0001885 seconds, Stopping threads took: 0.0000431 seconds
[2025-06-12T09:45:40.429+0000][479.400s][1488][1512][trace] CMS: promo attempt is safe: available(6912212992) >= av_promo(0), max_promo(561178840)
[2025-06-12T09:45:50.428+0000][489.399s][1488][1512][trace] CMS: promo attempt is safe: available(6912212992) >= av_promo(0), max_promo(561178840)
[2025-06-12T09:46:00.427+0000][499.398s][1488][1512][trace] CMS: promo attempt is safe: available(6912212992) >= av_promo(0), max_promo(561178840)
[2025-06-12T09:46:10.426+0000][509.398s][1488][1512][trace] CMS: promo attempt is safe: available(6912212992) >= av_promo(0), max_promo(561178840)
[2025-06-12T09:46:20.425+0000][519.397s][1488][1512][trace] CMS: promo attempt is safe: available(6912212992) >= av_promo(0), max_promo(561178840)
[2025-06-12T09:46:30.424+0000][529.396s][1488][1512][trace] CMS: promo attempt is safe: available(6912212992) >= av_promo(0), max_promo(561178840)
[2025-06-12T09:46:34.701+0000][533.672s][1488][1513][info ] Application time: 62.0054886 seconds
[2025-06-12T09:46:34.701+0000][533.673s][1488][1513][info ] Entering safepoint region: Cleanup
[2025-06-12T09:46:34.701+0000][533.673s][1488][1513][info ] Leaving safepoint region
[2025-06-12T09:46:34.701+0000][533.673s][1488][1513][info ] Total time for which application threads were stopped: 0.0001467 seconds, Stopping threads took: 0.0000267 seconds
[2025-06-12T09:46:35.701+0000][534.673s][1488][1513][info ] Application time: 1.0001171 seconds
[2025-06-12T09:46:35.701+0000][534.673s][1488][1513][info ] Entering safepoint region: Cleanup
[2025-06-12T09:46:35.702+0000][534.673s][1488][1513][info ] Leaving safepoint region
[2025-06-12T09:46:35.702+0000][534.673s][1488][1513][info ] Total time for which application threads were stopped: 0.0001760 seconds, Stopping threads took: 0.0000389 seconds
[2025-06-12T09:46:40.424+0000][539.395s][1488][1512][trace] CMS: promo attempt is safe: available(6912212992) >= av_promo(0), max_promo(561178840)
[2025-06-12T09:46:40.702+0000][539.674s][1488][1513][info ] Application time: 5.0006274 seconds
[2025-06-12T09:46:40.702+0000][539.674s][1488][1513][info ] Entering safepoint region: Cleanup
[2025-06-12T09:46:40.702+0000][539.674s][1488][1513][info ] Leaving safepoint region
[2025-06-12T09:46:40.702+0000][539.674s][1488][1513][info ] Total time for which application threads were stopped: 0.0001559 seconds, Stopping threads took: 0.0000291 seconds
[2025-06-12T09:46:43.703+0000][542.674s][1488][1513][info ] Application time: 3.0002878 seconds
[2025-06-12T09:46:43.703+0000][542.674s][1488][1513][info ] Entering safepoint region: Cleanup
[2025-06-12T09:46:43.703+0000][542.675s][1488][1513][info ] Leaving safepoint region
[2025-06-12T09:46:43.703+0000][542.675s][1488][1513][info ] Total time for which application threads were stopped: 0.0002717 seconds, Stopping threads took: 0.0001025 seconds
[2025-06-12T09:46:50.423+0000][549.395s][1488][1512][trace] CMS: promo attempt is safe: available(6912212992) >= av_promo(0), max_promo(561178840)
[2025-06-12T09:47:00.422+0000][559.394s][1488][1512][trace] CMS: promo attempt is safe: available(6912212992) >= av_promo(0), max_promo(561178840)
[2025-06-12T09:47:10.422+0000][569.393s][1488][1512][trace] CMS: promo attempt is safe: available(6912212992) >= av_promo(0), max_promo(561178840)
[2025-06-12T09:47:20.421+0000][579.392s][1488][1512][trace] CMS: promo attempt is safe: available(6912212992) >= av_promo(0), max_promo(561178840)
[2025-06-12T09:47:22.708+0000][581.679s][1488][1513][info ] Application time: 39.0046411 seconds
[2025-06-12T09:47:22.708+0000][581.679s][1488][1513][info ] Entering safepoint region: Cleanup
[2025-06-12T09:47:22.708+0000][581.680s][1488][1513][info ] Leaving safepoint region
[2025-06-12T09:47:22.708+0000][581.680s][1488][1513][info ] Total time for which application threads were stopped: 0.0001961 seconds, Stopping threads took: 0.0000425 seconds
[2025-06-12T09:47:30.422+0000][589.394s][1488][1512][trace] CMS: promo attempt is safe: available(6912212992) >= av_promo(0), max_promo(561178840)
[2025-06-12T09:47:32.719+0000][591.691s][1488][1513][info ] Application time: 10.0109115 seconds
[2025-06-12T09:47:32.719+0000][591.691s][1488][1513][info ] Entering safepoint region: Cleanup
[2025-06-12T09:47:32.720+0000][591.691s][1488][1513][info ] Leaving safepoint region
[2025-06-12T09:47:32.720+0000][591.691s][1488][1513][info ] Total time for which application threads were stopped: 0.0001831 seconds, Stopping threads took: 0.0000489 seconds
[2025-06-12T09:47:40.422+0000][599.393s][1488][1512][trace] CMS: promo attempt is safe: available(6912212992) >= av_promo(0), max_promo(561178840)
[2025-06-12T09:47:50.421+0000][609.393s][1488][1512][trace] CMS: promo attempt is safe: available(6912212992) >= av_promo(0), max_promo(561178840)
[2025-06-12T09:48:00.420+0000][619.392s][1488][1512][trace] CMS: promo attempt is safe: available(6912212992) >= av_promo(0), max_promo(561178840)
[2025-06-12T09:48:02.735+0000][621.706s][1488][1513][info ] Application time: 30.0152062 seconds
[2025-06-12T09:48:02.735+0000][621.706s][1488][1513][info ] Entering safepoint region: Cleanup
[2025-06-12T09:48:02.735+0000][621.707s][1488][1513][info ] Leaving safepoint region
[2025-06-12T09:48:02.735+0000][621.707s][1488][1513][info ] Total time for which application threads were stopped: 0.0002312 seconds, Stopping threads took: 0.0000334 seconds
[2025-06-12T09:48:10.420+0000][629.392s][1488][1512][trace] CMS: promo attempt is safe: available(6912212992) >= av_promo(0), max_promo(561178840)
[2025-06-12T09:48:11.736+0000][630.707s][1488][1513][info ] Application time: 9.0007884 seconds
[2025-06-12T09:48:11.736+0000][630.707s][1488][1513][info ] Entering safepoint region: Cleanup
[2025-06-12T09:48:11.736+0000][630.708s][1488][1513][info ] Leaving safepoint region
[2025-06-12T09:48:11.736+0000][630.708s][1488][1513][info ] Total time for which application threads were stopped: 0.0001279 seconds, Stopping threads took: 0.0000255 seconds
[2025-06-12T09:48:12.736+0000][631.708s][1488][1513][info ] Application time: 1.0000911 seconds
[2025-06-12T09:48:12.736+0000][631.708s][1488][1513][info ] Entering safepoint region: Cleanup
[2025-06-12T09:48:12.736+0000][631.708s][1488][1513][info ] Leaving safepoint region
[2025-06-12T09:48:12.736+0000][631.708s][1488][1513][info ] Total time for which application threads were stopped: 0.0001350 seconds, Stopping threads took: 0.0000266 seconds
[2025-06-12T09:48:20.419+0000][639.391s][1488][1512][trace] CMS: promo attempt is safe: available(6912212992) >= av_promo(0), max_promo(561178840)
[2025-06-12T09:48:30.419+0000][649.390s][1488][1512][trace] CMS: promo attempt is safe: available(6912212992) >= av_promo(0), max_promo(561178840)
[2025-06-12T09:48:31.739+0000][650.711s][1488][1513][info ] Application time: 19.0027868 seconds
[2025-06-12T09:48:31.739+0000][650.711s][1488][1513][info ] Entering safepoint region: Cleanup
[2025-06-12T09:48:31.739+0000][650.711s][1488][1513][info ] Leaving safepoint region
[2025-06-12T09:48:31.739+0000][650.711s][1488][1513][info ] Total time for which application threads were stopped: 0.0001819 seconds, Stopping threads took: 0.0000376 seconds
[2025-06-12T09:48:40.419+0000][659.390s][1488][1512][trace] CMS: promo attempt is safe: available(6912212992) >= av_promo(0), max_promo(561178840)
[2025-06-12T09:48:50.418+0000][669.389s][1488][1512][trace] CMS: promo attempt is safe: available(6912212992) >= av_promo(0), max_promo(561178840)
[2025-06-12T09:49:00.417+0000][679.388s][1488][1512][trace] CMS: promo attempt is safe: available(6912212992) >= av_promo(0), max_promo(561178840)
[2025-06-12T09:49:02.742+0000][681.714s][1488][1513][info ] Application time: 31.0027076 seconds
[2025-06-12T09:49:02.742+0000][681.714s][1488][1513][info ] Entering safepoint region: Cleanup
[2025-06-12T09:49:02.742+0000][681.714s][1488][1513][info ] Leaving safepoint region
[2025-06-12T09:49:02.742+0000][681.714s][1488][1513][info ] Total time for which application threads were stopped: 0.0001399 seconds, Stopping threads took: 0.0000271 seconds
[2025-06-12T09:49:10.417+0000][689.388s][1488][1512][trace] CMS: promo attempt is safe: available(6912212992) >= av_promo(0), max_promo(561178840)
[2025-06-12T09:49:12.745+0000][691.716s][1488][1513][info ] Application time: 10.0022272 seconds
[2025-06-12T09:49:12.745+0000][691.716s][1488][1513][info ] Entering safepoint region: Cleanup
[2025-06-12T09:49:12.745+0000][691.716s][1488][1513][info ] Leaving safepoint region
[2025-06-12T09:49:12.745+0000][691.716s][1488][1513][info ] Total time for which application threads were stopped: 0.0001438 seconds, Stopping threads took: 0.0000281 seconds
[2025-06-12T09:49:20.417+0000][699.388s][1488][1512][trace] CMS: promo attempt is safe: available(6912212992) >= av_promo(0), max_promo(561178840)
[2025-06-12T09:49:30.416+0000][709.388s][1488][1512][trace] CMS: promo attempt is safe: available(6912212992) >= av_promo(0), max_promo(561178840)
[2025-06-12T09:49:33.748+0000][712.719s][1488][1513][info ] Application time: 21.0029677 seconds
[2025-06-12T09:49:33.748+0000][712.719s][1488][1513][info ] Entering safepoint region: Cleanup
[2025-06-12T09:49:33.748+0000][712.719s][1488][1513][info ] Leaving safepoint region
[2025-06-12T09:49:33.748+0000][712.719s][1488][1513][info ] Total time for which application threads were stopped: 0.0001692 seconds, Stopping threads took: 0.0000358 seconds
[2025-06-12T09:49:40.416+0000][719.388s][1488][1512][trace] CMS: promo attempt is safe: available(6912212992) >= av_promo(0), max_promo(561178840)
[2025-06-12T09:49:50.415+0000][729.387s][1488][1512][trace] CMS: promo attempt is safe: available(6912212992) >= av_promo(0), max_promo(561178840)
[2025-06-12T09:49:52.750+0000][731.721s][1488][1513][info ] Application time: 19.0019087 seconds
[2025-06-12T09:49:52.750+0000][731.721s][1488][1513][info ] Entering safepoint region: Cleanup
[2025-06-12T09:49:52.750+0000][731.722s][1488][1513][info ] Leaving safepoint region
[2025-06-12T09:49:52.750+0000][731.722s][1488][1513][info ] Total time for which application threads were stopped: 0.0001533 seconds, Stopping threads took: 0.0000274 seconds
[2025-06-12T09:50:00.415+0000][739.387s][1488][1512][trace] CMS: promo attempt is safe: available(6912212992) >= av_promo(0), max_promo(561178840)
[2025-06-12T09:50:02.751+0000][741.723s][1488][1513][info ] Application time: 10.0009750 seconds
[2025-06-12T09:50:02.751+0000][741.723s][1488][1513][info ] Entering safepoint region: Cleanup
[2025-06-12T09:50:02.751+0000][741.723s][1488][1513][info ] Leaving safepoint region
[2025-06-12T09:50:02.751+0000][741.723s][1488][1513][info ] Total time for which application threads were stopped: 0.0001402 seconds, Stopping threads took: 0.0000269 seconds
[2025-06-12T09:50:10.415+0000][749.386s][1488][1512][trace] CMS: promo attempt is safe: available(6912212992) >= av_promo(0), max_promo(561178840)
[2025-06-12T09:50:20.414+0000][759.386s][1488][1512][trace] CMS: promo attempt is safe: available(6912212992) >= av_promo(0), max_promo(561178840)
[2025-06-12T09:50:30.416+0000][769.388s][1488][1512][trace] CMS: promo attempt is safe: available(6912212992) >= av_promo(0), max_promo(574601648)
[2025-06-12T09:50:40.415+0000][779.387s][1488][1512][trace] CMS: promo attempt is safe: available(6912212992) >= av_promo(0), max_promo(574601648)
[2025-06-12T09:50:50.415+0000][789.386s][1488][1512][trace] CMS: promo attempt is safe: available(6912212992) >= av_promo(0), max_promo(574601648)
[2025-06-12T09:51:00.414+0000][799.385s][1488][1512][trace] CMS: promo attempt is safe: available(6912212992) >= av_promo(0), max_promo(574601648)
[2025-06-12T09:51:02.757+0000][801.728s][1488][1513][info ] Application time: 60.0054437 seconds
[2025-06-12T09:51:02.757+0000][801.728s][1488][1513][info ] Entering safepoint region: Cleanup
[2025-06-12T09:51:02.757+0000][801.729s][1488][1513][info ] Leaving safepoint region
[2025-06-12T09:51:02.757+0000][801.729s][1488][1513][info ] Total time for which application threads were stopped: 0.0002004 seconds, Stopping threads took: 0.0000376 seconds
[2025-06-12T09:51:10.413+0000][809.385s][1488][1512][trace] CMS: promo attempt is safe: available(6912212992) >= av_promo(0), max_promo(574601648)
[2025-06-12T09:51:20.412+0000][819.384s][1488][1512][trace] CMS: promo attempt is safe: available(6912212992) >= av_promo(0), max_promo(574601648)
[2025-06-12T09:51:30.412+0000][829.383s][1488][1512][trace] CMS: promo attempt is safe: available(6912212992) >= av_promo(0), max_promo(574601648)
[2025-06-12T09:51:40.411+0000][839.382s][1488][1512][trace] CMS: promo attempt is safe: available(6912212992) >= av_promo(0), max_promo(574601648)
[2025-06-12T09:51:50.410+0000][849.381s][1488][1512][trace] CMS: promo attempt is safe: available(6912212992) >= av_promo(0), max_promo(574601648)
[2025-06-12T09:51:51.762+0000][850.733s][1488][1513][info ] Application time: 49.0044442 seconds
[2025-06-12T09:51:51.762+0000][850.733s][1488][1513][info ] Entering safepoint region: Cleanup
[2025-06-12T09:51:51.762+0000][850.733s][1488][1513][info ] Leaving safepoint region
[2025-06-12T09:51:51.762+0000][850.733s][1488][1513][info ] Total time for which application threads were stopped: 0.0001582 seconds, Stopping threads took: 0.0000295 seconds
[2025-06-12T09:51:52.762+0000][851.733s][1488][1513][info ] Application time: 1.0001040 seconds
[2025-06-12T09:51:52.762+0000][851.733s][1488][1513][info ] Entering safepoint region: Cleanup
[2025-06-12T09:51:52.762+0000][851.734s][1488][1513][info ] Leaving safepoint region
[2025-06-12T09:51:52.762+0000][851.734s][1488][1513][info ] Total time for which application threads were stopped: 0.0001798 seconds, Stopping threads took: 0.0000361 seconds
[2025-06-12T09:51:58.763+0000][857.734s][1488][1513][info ] Application time: 6.0005346 seconds
[2025-06-12T09:51:58.763+0000][857.734s][1488][1513][info ] Entering safepoint region: Cleanup
[2025-06-12T09:51:58.763+0000][857.734s][1488][1513][info ] Leaving safepoint region
[2025-06-12T09:51:58.763+0000][857.734s][1488][1513][info ] Total time for which application threads were stopped: 0.0001316 seconds, Stopping threads took: 0.0000316 seconds
[2025-06-12T09:52:00.410+0000][859.381s][1488][1512][trace] CMS: promo attempt is safe: available(6912212992) >= av_promo(0), max_promo(574601648)
[2025-06-12T09:52:02.763+0000][861.735s][1488][1513][info ] Application time: 4.0003897 seconds
[2025-06-12T09:52:02.763+0000][861.735s][1488][1513][info ] Entering safepoint region: Cleanup
[2025-06-12T09:52:02.763+0000][861.735s][1488][1513][info ] Leaving safepoint region
[2025-06-12T09:52:02.763+0000][861.735s][1488][1513][info ] Total time for which application threads were stopped: 0.0001511 seconds, Stopping threads took: 0.0000235 seconds
[2025-06-12T09:52:10.410+0000][869.381s][1488][1512][trace] CMS: promo attempt is safe: available(6912212992) >= av_promo(0), max_promo(574601648)
[2025-06-12T09:52:20.409+0000][879.380s][1488][1512][trace] CMS: promo attempt is safe: available(6912212992) >= av_promo(0), max_promo(574601648)
[2025-06-12T09:52:28.766+0000][887.737s][1488][1513][info ] Application time: 26.0024759 seconds
[2025-06-12T09:52:28.766+0000][887.737s][1488][1513][info ] Entering safepoint region: Cleanup
[2025-06-12T09:52:28.766+0000][887.738s][1488][1513][info ] Leaving safepoint region
[2025-06-12T09:52:28.766+0000][887.738s][1488][1513][info ] Total time for which application threads were stopped: 0.0001923 seconds, Stopping threads took: 0.0000369 seconds
[2025-06-12T09:52:30.408+0000][889.380s][1488][1512][trace] CMS: promo attempt is safe: available(6912212992) >= av_promo(0), max_promo(574601648)
[2025-06-12T09:52:40.407+0000][899.379s][1488][1512][trace] CMS: promo attempt is safe: available(6912212992) >= av_promo(0), max_promo(574601648)
[2025-06-12T09:52:50.407+0000][909.378s][1488][1512][trace] CMS: promo attempt is safe: available(6912212992) >= av_promo(0), max_promo(574601648)
[2025-06-12T09:52:52.769+0000][911.740s][1488][1513][info ] Application time: 24.0023407 seconds
[2025-06-12T09:52:52.769+0000][911.740s][1488][1513][info ] Entering safepoint region: Cleanup
[2025-06-12T09:52:52.769+0000][911.740s][1488][1513][info ] Leaving safepoint region
[2025-06-12T09:52:52.769+0000][911.740s][1488][1513][info ] Total time for which application threads were stopped: 0.0001912 seconds, Stopping threads took: 0.0000489 seconds
[2025-06-12T09:53:00.406+0000][919.377s][1488][1512][trace] CMS: promo attempt is safe: available(6912212992) >= av_promo(0), max_promo(588023448)
[2025-06-12T09:53:10.405+0000][929.377s][1488][1512][trace] CMS: promo attempt is safe: available(6912212992) >= av_promo(0), max_promo(588023448)
[2025-06-12T09:53:20.404+0000][939.376s][1488][1512][trace] CMS: promo attempt is safe: available(6912212992) >= av_promo(0), max_promo(588023448)
[2025-06-12T09:53:30.403+0000][949.375s][1488][1512][trace] CMS: promo attempt is safe: available(6912212992) >= av_promo(0), max_promo(588023448)
[2025-06-12T09:53:31.773+0000][950.745s][1488][1513][info ] Application time: 39.0043787 seconds
[2025-06-12T09:53:31.773+0000][950.745s][1488][1513][info ] Entering safepoint region: Cleanup
[2025-06-12T09:53:31.773+0000][950.745s][1488][1513][info ] Leaving safepoint region
[2025-06-12T09:53:31.773+0000][950.745s][1488][1513][info ] Total time for which application threads were stopped: 0.0001980 seconds, Stopping threads took: 0.0000306 seconds
[2025-06-12T09:53:32.774+0000][951.745s][1488][1513][info ] Application time: 1.0001315 seconds
[2025-06-12T09:53:32.774+0000][951.745s][1488][1513][info ] Entering safepoint region: Cleanup
[2025-06-12T09:53:32.774+0000][951.745s][1488][1513][info ] Leaving safepoint region
[2025-06-12T09:53:32.774+0000][951.745s][1488][1513][info ] Total time for which application threads were stopped: 0.0001670 seconds, Stopping threads took: 0.0000284 seconds
[2025-06-12T09:53:40.403+0000][959.375s][1488][1512][trace] CMS: promo attempt is safe: available(6912212992) >= av_promo(0), max_promo(588023448)
[2025-06-12T09:53:50.402+0000][969.374s][1488][1512][trace] CMS: promo attempt is safe: available(6912212992) >= av_promo(0), max_promo(588023448)
[2025-06-12T09:54:00.401+0000][979.373s][1488][1512][trace] CMS: promo attempt is safe: available(6912212992) >= av_promo(0), max_promo(588023448)
[2025-06-12T09:54:00.777+0000][979.748s][1488][1513][info ] Application time: 28.0030270 seconds
[2025-06-12T09:54:00.777+0000][979.748s][1488][1513][info ] Entering safepoint region: Cleanup
[2025-06-12T09:54:00.777+0000][979.749s][1488][1513][info ] Leaving safepoint region
[2025-06-12T09:54:00.777+0000][979.749s][1488][1513][info ] Total time for which application threads were stopped: 0.0001738 seconds, Stopping threads took: 0.0000342 seconds
[2025-06-12T09:54:02.777+0000][981.749s][1488][1513][info ] Application time: 2.0002165 seconds
[2025-06-12T09:54:02.777+0000][981.749s][1488][1513][info ] Entering safepoint region: Cleanup
[2025-06-12T09:54:02.778+0000][981.749s][1488][1513][info ] Leaving safepoint region
[2025-06-12T09:54:02.778+0000][981.749s][1488][1513][info ] Total time for which application threads were stopped: 0.0001876 seconds, Stopping threads took: 0.0000419 seconds
[2025-06-12T09:54:10.401+0000][989.372s][1488][1512][trace] CMS: promo attempt is safe: available(6912212992) >= av_promo(0), max_promo(588023448)
[2025-06-12T09:54:20.400+0000][999.372s][1488][1512][trace] CMS: promo attempt is safe: available(6912212992) >= av_promo(0), max_promo(588023448)
[2025-06-12T09:54:30.399+0000][1009.371s][1488][1512][trace] CMS: promo attempt is safe: available(6912212992) >= av_promo(0), max_promo(588023448)
[2025-06-12T09:54:40.398+0000][1019.370s][1488][1512][trace] CMS: promo attempt is safe: available(6912212992) >= av_promo(0), max_promo(588023448)
[2025-06-12T09:54:50.398+0000][1029.369s][1488][1512][trace] CMS: promo attempt is safe: available(6912212992) >= av_promo(0), max_promo(588023448)
[2025-06-12T09:55:00.397+0000][1039.368s][1488][1512][trace] CMS: promo attempt is safe: available(6912212992) >= av_promo(0), max_promo(588023448)
[2025-06-12T09:55:02.786+0000][1041.757s][1488][1513][info ] Application time: 60.0080936 seconds
[2025-06-12T09:55:02.786+0000][1041.757s][1488][1513][info ] Entering safepoint region: Cleanup
[2025-06-12T09:55:02.786+0000][1041.757s][1488][1513][info ] Leaving safepoint region
[2025-06-12T09:55:02.786+0000][1041.757s][1488][1513][info ] Total time for which application threads were stopped: 0.0001843 seconds, Stopping threads took: 0.0000296 seconds
[2025-06-12T09:55:10.396+0000][1049.368s][1488][1512][trace] CMS: promo attempt is safe: available(6912212992) >= av_promo(0), max_promo(588023448)
[2025-06-12T09:55:20.395+0000][1059.367s][1488][1512][trace] CMS: promo attempt is safe: available(6912212992) >= av_promo(0), max_promo(588023448)
[2025-06-12T09:55:22.788+0000][1061.760s][1488][1513][info ] Application time: 20.0020399 seconds
[2025-06-12T09:55:22.788+0000][1061.760s][1488][1513][info ] Entering safepoint region: Cleanup
[2025-06-12T09:55:22.788+0000][1061.760s][1488][1513][info ] Leaving safepoint region
[2025-06-12T09:55:22.788+0000][1061.760s][1488][1513][info ] Total time for which application threads were stopped: 0.0002009 seconds, Stopping threads took: 0.0000382 seconds
[2025-06-12T09:55:30.395+0000][1069.367s][1488][1512][trace] CMS: promo attempt is safe: available(6912212992) >= av_promo(0), max_promo(588023448)
[2025-06-12T09:55:40.395+0000][1079.366s][1488][1512][trace] CMS: promo attempt is safe: available(6912212992) >= av_promo(0), max_promo(588023448)
[2025-06-12T09:55:50.394+0000][1089.365s][1488][1512][trace] CMS: promo attempt is safe: available(6912212992) >= av_promo(0), max_promo(588023448)
[2025-06-12T09:56:00.393+0000][1099.365s][1488][1512][trace] CMS: promo attempt is safe: available(6912212992) >= av_promo(0), max_promo(588023448)
[2025-06-12T09:56:03.792+0000][1102.764s][1488][1513][info ] Application time: 41.0042084 seconds
[2025-06-12T09:56:03.793+0000][1102.764s][1488][1513][info ] Entering safepoint region: Cleanup
[2025-06-12T09:56:03.793+0000][1102.764s][1488][1513][info ] Leaving safepoint region
[2025-06-12T09:56:03.793+0000][1102.764s][1488][1513][info ] Total time for which application threads were stopped: 0.0002955 seconds, Stopping threads took: 0.0000509 seconds
[2025-06-12T09:56:10.393+0000][1109.365s][1488][1512][trace] CMS: promo attempt is safe: available(6912212992) >= av_promo(0), max_promo(588023448)
[2025-06-12T09:56:12.794+0000][1111.765s][1488][1513][info ] Application time: 9.0009465 seconds
[2025-06-12T09:56:12.794+0000][1111.766s][1488][1513][info ] Entering safepoint region: Cleanup
[2025-06-12T09:56:12.794+0000][1111.766s][1488][1513][info ] Leaving safepoint region
[2025-06-12T09:56:12.794+0000][1111.766s][1488][1513][info ] Total time for which application threads were stopped: 0.0001639 seconds, Stopping threads took: 0.0000314 seconds
[2025-06-12T09:56:20.392+0000][1119.364s][1488][1512][trace] CMS: promo attempt is safe: available(6912212992) >= av_promo(0), max_promo(588023448)
[2025-06-12T09:56:21.795+0000][1120.767s][1488][1513][info ] Application time: 9.0010223 seconds
[2025-06-12T09:56:21.795+0000][1120.767s][1488][1513][info ] Entering safepoint region: Cleanup
[2025-06-12T09:56:21.795+0000][1120.767s][1488][1513][info ] Leaving safepoint region
[2025-06-12T09:56:21.796+0000][1120.767s][1488][1513][info ] Total time for which application threads were stopped: 0.0002193 seconds, Stopping threads took: 0.0000398 seconds
[2025-06-12T09:56:30.392+0000][1129.363s][1488][1512][trace] CMS: promo attempt is safe: available(6912212992) >= av_promo(0), max_promo(588023448)
[2025-06-12T09:56:34.797+0000][1133.768s][1488][1513][info ] Application time: 13.0013960 seconds
[2025-06-12T09:56:34.797+0000][1133.769s][1488][1513][info ] Entering safepoint region: Cleanup
[2025-06-12T09:56:34.797+0000][1133.769s][1488][1513][info ] Leaving safepoint region
[2025-06-12T09:56:34.797+0000][1133.769s][1488][1513][info ] Total time for which application threads were stopped: 0.0001782 seconds, Stopping threads took: 0.0000362 seconds
[2025-06-12T09:56:40.391+0000][1139.363s][1488][1512][trace] CMS: promo attempt is safe: available(6912212992) >= av_promo(0), max_promo(588023448)
[2025-06-12T09:56:50.391+0000][1149.362s][1488][1512][trace] CMS: promo attempt is safe: available(6912212992) >= av_promo(0), max_promo(588023448)
[2025-06-12T09:57:00.390+0000][1159.361s][1488][1512][trace] CMS: promo attempt is safe: available(6912212992) >= av_promo(0), max_promo(588023448)
[2025-06-12T09:57:02.819+0000][1161.791s][1488][1513][info ] Application time: 28.0218440 seconds
[2025-06-12T09:57:02.819+0000][1161.791s][1488][1513][info ] Entering safepoint region: Cleanup
[2025-06-12T09:57:02.819+0000][1161.791s][1488][1513][info ] Leaving safepoint region
[2025-06-12T09:57:02.819+0000][1161.791s][1488][1513][info ] Total time for which application threads were stopped: 0.0002459 seconds, Stopping threads took: 0.0000459 seconds
[2025-06-12T09:57:10.390+0000][1169.361s][1488][1512][trace] CMS: promo attempt is safe: available(6912212992) >= av_promo(0), max_promo(588023448)
[2025-06-12T09:57:20.389+0000][1179.360s][1488][1512][trace] CMS: promo attempt is safe: available(6912212992) >= av_promo(0), max_promo(588023448)
[2025-06-12T09:57:30.388+0000][1189.360s][1488][1512][trace] CMS: promo attempt is safe: available(6912212992) >= av_promo(0), max_promo(588023448)
[2025-06-12T09:57:31.852+0000][1190.824s][1488][1513][info ] Application time: 29.0329761 seconds
[2025-06-12T09:57:31.853+0000][1190.824s][1488][1513][info ] Entering safepoint region: Cleanup
[2025-06-12T09:57:31.853+0000][1190.824s][1488][1513][info ] Leaving safepoint region
[2025-06-12T09:57:31.853+0000][1190.824s][1488][1513][info ] Total time for which application threads were stopped: 0.0002467 seconds, Stopping threads took: 0.0000450 seconds
[2025-06-12T09:57:32.853+0000][1191.824s][1488][1513][info ] Application time: 1.0001622 seconds
[2025-06-12T09:57:32.853+0000][1191.824s][1488][1513][info ] Entering safepoint region: Cleanup
[2025-06-12T09:57:32.853+0000][1191.825s][1488][1513][info ] Leaving safepoint region
[2025-06-12T09:57:32.853+0000][1191.825s][1488][1513][info ] Total time for which application threads were stopped: 0.0002964 seconds, Stopping threads took: 0.0000546 seconds
[2025-06-12T09:57:40.387+0000][1199.359s][1488][1512][trace] CMS: promo attempt is safe: available(6912212992) >= av_promo(0), max_promo(588023448)
[2025-06-12T09:57:50.387+0000][1209.359s][1488][1512][trace] CMS: promo attempt is safe: available(6912212992) >= av_promo(0), max_promo(588023448)
[2025-06-12T09:58:00.387+0000][1219.359s][1488][1512][trace] CMS: promo attempt is safe: available(6912212992) >= av_promo(0), max_promo(588023448)
[2025-06-12T09:58:02.864+0000][1221.835s][1488][1513][info ] Application time: 30.0106223 seconds
[2025-06-12T09:58:02.864+0000][1221.835s][1488][1513][info ] Entering safepoint region: Cleanup
[2025-06-12T09:58:02.864+0000][1221.836s][1488][1513][info ] Leaving safepoint region
[2025-06-12T09:58:02.864+0000][1221.836s][1488][1513][info ] Total time for which application threads were stopped: 0.0002148 seconds, Stopping threads took: 0.0000364 seconds
[2025-06-12T09:58:10.390+0000][1229.362s][1488][1512][trace] CMS: promo attempt is safe: available(6912212992) >= av_promo(0), max_promo(588023448)
[2025-06-12T09:58:20.390+0000][1239.361s][1488][1512][trace] CMS: promo attempt is safe: available(6912212992) >= av_promo(0), max_promo(588023448)
[2025-06-12T09:58:30.389+0000][1249.361s][1488][1512][trace] CMS: promo attempt is safe: available(6912212992) >= av_promo(0), max_promo(588023448)
[2025-06-12T09:58:31.871+0000][1250.843s][1488][1513][info ] Application time: 29.0072841 seconds
[2025-06-12T09:58:31.872+0000][1250.843s][1488][1513][info ] Entering safepoint region: Cleanup
[2025-06-12T09:58:31.872+0000][1250.843s][1488][1513][info ] Leaving safepoint region
[2025-06-12T09:58:31.872+0000][1250.843s][1488][1513][info ] Total time for which application threads were stopped: 0.0002232 seconds, Stopping threads took: 0.0000446 seconds
[2025-06-12T09:58:32.872+0000][1251.843s][1488][1513][info ] Application time: 1.0000923 seconds
[2025-06-12T09:58:32.872+0000][1251.843s][1488][1513][info ] Entering safepoint region: Cleanup
[2025-06-12T09:58:32.872+0000][1251.844s][1488][1513][info ] Leaving safepoint region
[2025-06-12T09:58:32.872+0000][1251.844s][1488][1513][info ] Total time for which application threads were stopped: 0.0002172 seconds, Stopping threads took: 0.0000414 seconds
[2025-06-12T09:58:40.388+0000][1259.360s][1488][1512][trace] CMS: promo attempt is safe: available(6912212992) >= av_promo(0), max_promo(601445256)
[2025-06-12T09:58:50.388+0000][1269.359s][1488][1512][trace] CMS: promo attempt is safe: available(6912212992) >= av_promo(0), max_promo(601445256)
[2025-06-12T09:59:00.387+0000][1279.358s][1488][1512][trace] CMS: promo attempt is safe: available(6912212992) >= av_promo(0), max_promo(601445256)
[2025-06-12T09:59:02.880+0000][1281.851s][1488][1513][info ] Application time: 30.0076566 seconds
[2025-06-12T09:59:02.880+0000][1281.851s][1488][1513][info ] Entering safepoint region: Cleanup
[2025-06-12T09:59:02.880+0000][1281.852s][1488][1513][info ] Leaving safepoint region
[2025-06-12T09:59:02.880+0000][1281.852s][1488][1513][info ] Total time for which application threads were stopped: 0.0001790 seconds, Stopping threads took: 0.0000396 seconds
[2025-06-12T09:59:10.386+0000][1289.358s][1488][1512][trace] CMS: promo attempt is safe: available(6912212992) >= av_promo(0), max_promo(607410536)
[2025-06-12T09:59:20.385+0000][1299.357s][1488][1512][trace] CMS: promo attempt is safe: available(6912212992) >= av_promo(0), max_promo(607410536)
[2025-06-12T09:59:22.885+0000][1301.857s][1488][1513][info ] Application time: 20.0048584 seconds
[2025-06-12T09:59:22.885+0000][1301.857s][1488][1513][info ] Entering safepoint region: Cleanup
[2025-06-12T09:59:22.885+0000][1301.857s][1488][1513][info ] Leaving safepoint region
[2025-06-12T09:59:22.885+0000][1301.857s][1488][1513][info ] Total time for which application threads were stopped: 0.0001707 seconds, Stopping threads took: 0.0000387 seconds
[2025-06-12T09:59:30.385+0000][1309.357s][1488][1512][trace] CMS: promo attempt is safe: available(6912212992) >= av_promo(0), max_promo(607410536)
[2025-06-12T09:59:40.385+0000][1319.356s][1488][1512][trace] CMS: promo attempt is safe: available(6912212992) >= av_promo(0), max_promo(607410536)
[2025-06-12T09:59:42.889+0000][1321.860s][1488][1513][info ] Application time: 20.0033954 seconds
[2025-06-12T09:59:42.889+0000][1321.860s][1488][1513][info ] Entering safepoint region: Cleanup
[2025-06-12T09:59:42.889+0000][1321.860s][1488][1513][info ] Leaving safepoint region
[2025-06-12T09:59:42.889+0000][1321.860s][1488][1513][info ] Total time for which application threads were stopped: 0.0002037 seconds, Stopping threads took: 0.0000381 seconds
[2025-06-12T09:59:50.384+0000][1329.356s][1488][1512][trace] CMS: promo attempt is safe: available(6912212992) >= av_promo(0), max_promo(607410536)
[2025-06-12T10:00:00.383+0000][1339.355s][1488][1512][trace] CMS: promo attempt is safe: available(6912212992) >= av_promo(0), max_promo(607410536)
[2025-06-12T10:00:02.891+0000][1341.862s][1488][1513][info ] Application time: 20.0019257 seconds
[2025-06-12T10:00:02.891+0000][1341.863s][1488][1513][info ] Entering safepoint region: Cleanup
[2025-06-12T10:00:02.891+0000][1341.863s][1488][1513][info ] Leaving safepoint region
[2025-06-12T10:00:02.891+0000][1341.863s][1488][1513][info ] Total time for which application threads were stopped: 0.0002030 seconds, Stopping threads took: 0.0000398 seconds
[2025-06-12T10:00:10.383+0000][1349.355s][1488][1512][trace] CMS: promo attempt is safe: available(6912212992) >= av_promo(0), max_promo(607410536)
[2025-06-12T10:00:20.383+0000][1359.354s][1488][1512][trace] CMS: promo attempt is safe: available(6912212992) >= av_promo(0), max_promo(607410536)
[2025-06-12T10:00:30.382+0000][1369.353s][1488][1512][trace] CMS: promo attempt is safe: available(6912212992) >= av_promo(0), max_promo(607410536)
[2025-06-12T10:00:40.381+0000][1379.352s][1488][1512][trace] CMS: promo attempt is safe: available(6912212992) >= av_promo(0), max_promo(607410536)
[2025-06-12T10:00:50.380+0000][1389.352s][1488][1512][trace] CMS: promo attempt is safe: available(6912212992) >= av_promo(0), max_promo(607410536)
[2025-06-12T10:00:52.904+0000][1391.876s][1488][1513][info ] Application time: 50.0131974 seconds
[2025-06-12T10:00:52.905+0000][1391.876s][1488][1513][info ] Entering safepoint region: Cleanup
[2025-06-12T10:00:52.905+0000][1391.876s][1488][1513][info ] Leaving safepoint region
[2025-06-12T10:00:52.905+0000][1391.876s][1488][1513][info ] Total time for which application threads were stopped: 0.0001906 seconds, Stopping threads took: 0.0000559 seconds
[2025-06-12T10:01:00.380+0000][1399.351s][1488][1512][trace] CMS: promo attempt is safe: available(6912212992) >= av_promo(0), max_promo(607410536)
[2025-06-12T10:01:02.911+0000][1401.882s][1488][1513][info ] Application time: 10.0061586 seconds
[2025-06-12T10:01:02.911+0000][1401.883s][1488][1513][info ] Entering safepoint region: Cleanup
[2025-06-12T10:01:02.911+0000][1401.883s][1488][1513][info ] Leaving safepoint region
[2025-06-12T10:01:02.911+0000][1401.883s][1488][1513][info ] Total time for which application threads were stopped: 0.0001611 seconds, Stopping threads took: 0.0000352 seconds
[2025-06-12T10:01:10.379+0000][1409.351s][1488][1512][trace] CMS: promo attempt is safe: available(6912212992) >= av_promo(0), max_promo(607410536)
[2025-06-12T10:01:17.922+0000][1416.894s][1488][1513][info ] Application time: 15.0109994 seconds
[2025-06-12T10:01:17.922+0000][1416.894s][1488][1513][info ] Entering safepoint region: Cleanup
[2025-06-12T10:01:17.922+0000][1416.894s][1488][1513][info ] Leaving safepoint region
[2025-06-12T10:01:17.922+0000][1416.894s][1488][1513][info ] Total time for which application threads were stopped: 0.0001703 seconds, Stopping threads took: 0.0000366 seconds
[2025-06-12T10:01:20.379+0000][1419.350s][1488][1512][trace] CMS: promo attempt is safe: available(6912212992) >= av_promo(0), max_promo(607410536)
[2025-06-12T10:01:30.378+0000][1429.349s][1488][1512][trace] CMS: promo attempt is safe: available(6912212992) >= av_promo(0), max_promo(607410536)
[2025-06-12T10:01:37.935+0000][1436.907s][1488][1513][info ] Application time: 20.0126634 seconds
[2025-06-12T10:01:37.935+0000][1436.907s][1488][1513][info ] Entering safepoint region: Cleanup
[2025-06-12T10:01:37.935+0000][1436.907s][1488][1513][info ] Leaving safepoint region
[2025-06-12T10:01:37.935+0000][1436.907s][1488][1513][info ] Total time for which application threads were stopped: 0.0001856 seconds, Stopping threads took: 0.0000510 seconds
[2025-06-12T10:01:40.378+0000][1439.349s][1488][1512][trace] CMS: promo attempt is safe: available(6912212992) >= av_promo(0), max_promo(607410536)
[2025-06-12T10:01:50.377+0000][1449.348s][1488][1512][trace] CMS: promo attempt is safe: available(6912212992) >= av_promo(0), max_promo(607410536)
[2025-06-12T10:02:00.376+0000][1459.347s][1488][1512][trace] CMS: promo attempt is safe: available(6912212992) >= av_promo(0), max_promo(607410536)
[2025-06-12T10:02:10.375+0000][1469.347s][1488][1512][trace] CMS: promo attempt is safe: available(6912212992) >= av_promo(0), max_promo(610393176)
[2025-06-12T10:02:20.374+0000][1479.346s][1488][1512][trace] CMS: promo attempt is safe: available(6912212992) >= av_promo(0), max_promo(610393176)
[2025-06-12T10:02:30.373+0000][1489.345s][1488][1512][trace] CMS: promo attempt is safe: available(6912212992) >= av_promo(0), max_promo(610393176)
[2025-06-12T10:02:40.373+0000][1499.344s][1488][1512][trace] CMS: promo attempt is safe: available(6912212992) >= av_promo(0), max_promo(610393176)
[2025-06-12T10:02:50.372+0000][1509.343s][1488][1512][trace] CMS: promo attempt is safe: available(6912212992) >= av_promo(0), max_promo(610393176)
[2025-06-12T10:02:52.943+0000][1511.914s][1488][1513][info ] Application time: 75.0073615 seconds
[2025-06-12T10:02:52.943+0000][1511.914s][1488][1513][info ] Entering safepoint region: Cleanup
[2025-06-12T10:02:52.943+0000][1511.915s][1488][1513][info ] Leaving safepoint region
[2025-06-12T10:02:52.943+0000][1511.915s][1488][1513][info ] Total time for which application threads were stopped: 0.0003041 seconds, Stopping threads took: 0.0001043 seconds
[2025-06-12T10:03:00.371+0000][1519.343s][1488][1512][trace] CMS: promo attempt is safe: available(6912212992) >= av_promo(0), max_promo(610393176)
[2025-06-12T10:03:10.371+0000][1529.342s][1488][1512][trace] CMS: promo attempt is safe: available(6912212992) >= av_promo(0), max_promo(610393176)
[2025-06-12T10:03:20.370+0000][1539.341s][1488][1512][trace] CMS: promo attempt is safe: available(6912212992) >= av_promo(0), max_promo(610393176)
[2025-06-12T10:03:30.369+0000][1549.340s][1488][1512][trace] CMS: promo attempt is safe: available(6912212992) >= av_promo(0), max_promo(610393176)
[2025-06-12T10:03:31.948+0000][1550.920s][1488][1513][info ] Application time: 39.0052673 seconds
[2025-06-12T10:03:31.949+0000][1550.920s][1488][1513][info ] Entering safepoint region: Cleanup
[2025-06-12T10:03:31.949+0000][1550.920s][1488][1513][info ] Leaving safepoint region
[2025-06-12T10:03:31.949+0000][1550.920s][1488][1513][info ] Total time for which application threads were stopped: 0.0002297 seconds, Stopping threads took: 0.0000313 seconds
[2025-06-12T10:03:32.949+0000][1551.920s][1488][1513][info ] Application time: 1.0001246 seconds
[2025-06-12T10:03:32.949+0000][1551.921s][1488][1513][info ] Entering safepoint region: Cleanup
[2025-06-12T10:03:32.949+0000][1551.921s][1488][1513][info ] Leaving safepoint region
[2025-06-12T10:03:32.949+0000][1551.921s][1488][1513][info ] Total time for which application threads were stopped: 0.0002483 seconds, Stopping threads took: 0.0000463 seconds
[2025-06-12T10:03:40.368+0000][1559.340s][1488][1512][trace] CMS: promo attempt is safe: available(6912212992) >= av_promo(0), max_promo(610393176)
[2025-06-12T10:03:50.368+0000][1569.339s][1488][1512][trace] CMS: promo attempt is safe: available(6912212992) >= av_promo(0), max_promo(610393176)
[2025-06-12T10:04:00.367+0000][1579.338s][1488][1512][trace] CMS: promo attempt is safe: available(6912212992) >= av_promo(0), max_promo(610393176)
[2025-06-12T10:04:00.952+0000][1579.924s][1488][1513][info ] Application time: 28.0028910 seconds
[2025-06-12T10:04:00.952+0000][1579.924s][1488][1513][info ] Entering safepoint region: Cleanup
[2025-06-12T10:04:00.952+0000][1579.924s][1488][1513][info ] Leaving safepoint region
[2025-06-12T10:04:00.952+0000][1579.924s][1488][1513][info ] Total time for which application threads were stopped: 0.0001771 seconds, Stopping threads took: 0.0000349 seconds
[2025-06-12T10:04:02.953+0000][1581.924s][1488][1513][info ] Application time: 2.0001912 seconds
[2025-06-12T10:04:02.953+0000][1581.924s][1488][1513][info ] Entering safepoint region: Cleanup
[2025-06-12T10:04:02.953+0000][1581.924s][1488][1513][info ] Leaving safepoint region
[2025-06-12T10:04:02.953+0000][1581.924s][1488][1513][info ] Total time for which application threads were stopped: 0.0001966 seconds, Stopping threads took: 0.0000397 seconds
[2025-06-12T10:04:10.366+0000][1589.338s][1488][1512][trace] CMS: promo attempt is safe: available(6912212992) >= av_promo(0), max_promo(610393176)
[2025-06-12T10:04:20.365+0000][1599.337s][1488][1512][trace] CMS: promo attempt is safe: available(6912212992) >= av_promo(0), max_promo(610393176)
[2025-06-12T10:04:30.365+0000][1609.336s][1488][1512][trace] CMS: promo attempt is safe: available(6912212992) >= av_promo(0), max_promo(610393176)
[2025-06-12T10:04:32.956+0000][1611.927s][1488][1513][info ] Application time: 30.0029652 seconds
[2025-06-12T10:04:32.956+0000][1611.928s][1488][1513][info ] Entering safepoint region: Cleanup
[2025-06-12T10:04:32.956+0000][1611.928s][1488][1513][info ] Leaving safepoint region
[2025-06-12T10:04:32.956+0000][1611.928s][1488][1513][info ] Total time for which application threads were stopped: 0.0001911 seconds, Stopping threads took: 0.0000331 seconds
[2025-06-12T10:04:40.364+0000][1619.336s][1488][1512][trace] CMS: promo attempt is safe: available(6912212992) >= av_promo(0), max_promo(610393176)
[2025-06-12T10:04:50.364+0000][1629.335s][1488][1512][trace] CMS: promo attempt is safe: available(6912212992) >= av_promo(0), max_promo(610393176)
[2025-06-12T10:04:52.963+0000][1631.934s][1488][1513][info ] Application time: 20.0067548 seconds
[2025-06-12T10:04:52.963+0000][1631.935s][1488][1513][info ] Entering safepoint region: Cleanup
[2025-06-12T10:04:52.963+0000][1631.935s][1488][1513][info ] Leaving safepoint region
[2025-06-12T10:04:52.963+0000][1631.935s][1488][1513][info ] Total time for which application threads were stopped: 0.0001631 seconds, Stopping threads took: 0.0000350 seconds
[2025-06-12T10:05:00.365+0000][1639.336s][1488][1512][trace] CMS: promo attempt is safe: available(6912212992) >= av_promo(0), max_promo(610393176)
[2025-06-12T10:05:02.964+0000][1641.936s][1488][1513][info ] Application time: 10.0010653 seconds
[2025-06-12T10:05:02.964+0000][1641.936s][1488][1513][info ] Entering safepoint region: Cleanup
[2025-06-12T10:05:02.965+0000][1641.936s][1488][1513][info ] Leaving safepoint region
[2025-06-12T10:05:02.965+0000][1641.936s][1488][1513][info ] Total time for which application threads were stopped: 0.0001842 seconds, Stopping threads took: 0.0000361 seconds
[2025-06-12T10:05:10.365+0000][1649.336s][1488][1512][trace] CMS: promo attempt is safe: available(6912212992) >= av_promo(0), max_promo(610393176)
[2025-06-12T10:05:20.369+0000][1659.340s][1488][1512][trace] CMS: promo attempt is safe: available(6912212992) >= av_promo(0), max_promo(610393176)
[2025-06-12T10:05:30.368+0000][1669.340s][1488][1512][trace] CMS: promo attempt is safe: available(6912212992) >= av_promo(0), max_promo(610393176)
[2025-06-12T10:05:40.367+0000][1679.339s][1488][1512][trace] CMS: promo attempt is safe: available(6912212992) >= av_promo(0), max_promo(610393176)
[2025-06-12T10:05:50.366+0000][1689.338s][1488][1512][trace] CMS: promo attempt is safe: available(6912212992) >= av_promo(0), max_promo(610393176)
[2025-06-12T10:05:59.970+0000][1698.942s][1488][1513][info ] Application time: 57.0058126 seconds
[2025-06-12T10:05:59.971+0000][1698.942s][1488][1513][info ] Entering safepoint region: Cleanup
[2025-06-12T10:05:59.971+0000][1698.942s][1488][1513][info ] Leaving safepoint region
[2025-06-12T10:05:59.971+0000][1698.942s][1488][1513][info ] Total time for which application threads were stopped: 0.0004316 seconds, Stopping threads took: 0.0000786 seconds
[2025-06-12T10:06:00.366+0000][1699.338s][1488][1512][trace] CMS: promo attempt is safe: available(6912212992) >= av_promo(0), max_promo(613375864)
[2025-06-12T10:06:00.971+0000][1699.943s][1488][1513][info ] Application time: 1.0001110 seconds
[2025-06-12T10:06:00.971+0000][1699.943s][1488][1513][info ] Entering safepoint region: Cleanup
[2025-06-12T10:06:00.971+0000][1699.943s][1488][1513][info ] Leaving safepoint region
[2025-06-12T10:06:00.971+0000][1699.943s][1488][1513][info ] Total time for which application threads were stopped: 0.0001804 seconds, Stopping threads took: 0.0000370 seconds
[2025-06-12T10:06:02.972+0000][1701.943s][1488][1513][info ] Application time: 2.0004720 seconds
[2025-06-12T10:06:02.972+0000][1701.943s][1488][1513][info ] Entering safepoint region: Cleanup
[2025-06-12T10:06:02.972+0000][1701.944s][1488][1513][info ] Leaving safepoint region
[2025-06-12T10:06:02.972+0000][1701.944s][1488][1513][info ] Total time for which application threads were stopped: 0.0001917 seconds, Stopping threads took: 0.0000414 seconds
[2025-06-12T10:06:10.367+0000][1709.338s][1488][1512][trace] CMS: promo attempt is safe: available(6912212992) >= av_promo(0), max_promo(613375864)
[2025-06-12T10:06:20.366+0000][1719.337s][1488][1512][trace] CMS: promo attempt is safe: available(6912212992) >= av_promo(0), max_promo(613375864)
[2025-06-12T10:06:25.974+0000][1724.946s][1488][1513][info ] Application time: 23.0021357 seconds
[2025-06-12T10:06:25.974+0000][1724.946s][1488][1513][info ] Entering safepoint region: Cleanup
[2025-06-12T10:06:25.974+0000][1724.946s][1488][1513][info ] Leaving safepoint region
[2025-06-12T10:06:25.974+0000][1724.946s][1488][1513][info ] Total time for which application threads were stopped: 0.0001310 seconds, Stopping threads took: 0.0000268 seconds
[2025-06-12T10:06:30.366+0000][1729.337s][1488][1512][trace] CMS: promo attempt is safe: available(6912212992) >= av_promo(0), max_promo(613375864)
[2025-06-12T10:06:40.365+0000][1739.336s][1488][1512][trace] CMS: promo attempt is safe: available(6912212992) >= av_promo(0), max_promo(613375864)
[2025-06-12T10:06:40.976+0000][1739.947s][1488][1513][info ] Application time: 15.0014535 seconds
[2025-06-12T10:06:40.976+0000][1739.948s][1488][1513][info ] Entering safepoint region: Cleanup
[2025-06-12T10:06:40.976+0000][1739.948s][1488][1513][info ] Leaving safepoint region
[2025-06-12T10:06:40.976+0000][1739.948s][1488][1513][info ] Total time for which application threads were stopped: 0.0001734 seconds, Stopping threads took: 0.0000349 seconds
[2025-06-12T10:06:47.977+0000][1746.948s][1488][1513][info ] Application time: 7.0006832 seconds
[2025-06-12T10:06:47.977+0000][1746.948s][1488][1513][info ] Entering safepoint region: Cleanup
[2025-06-12T10:06:47.977+0000][1746.949s][1488][1513][info ] Leaving safepoint region
[2025-06-12T10:06:47.977+0000][1746.949s][1488][1513][info ] Total time for which application threads were stopped: 0.0001841 seconds, Stopping threads took: 0.0000345 seconds
[2025-06-12T10:06:50.364+0000][1749.336s][1488][1512][trace] CMS: promo attempt is safe: available(6912212992) >= av_promo(0), max_promo(613375864)
[2025-06-12T10:07:00.363+0000][1759.335s][1488][1512][trace] CMS: promo attempt is safe: available(6912212992) >= av_promo(0), max_promo(613375864)
[2025-06-12T10:07:04.979+0000][1763.950s][1488][1513][info ] Application time: 17.0016842 seconds
[2025-06-12T10:07:04.979+0000][1763.951s][1488][1513][info ] Entering safepoint region: Cleanup
[2025-06-12T10:07:04.979+0000][1763.951s][1488][1513][info ] Leaving safepoint region
[2025-06-12T10:07:04.979+0000][1763.951s][1488][1513][info ] Total time for which application threads were stopped: 0.0002289 seconds, Stopping threads took: 0.0000578 seconds
[2025-06-12T10:07:10.363+0000][1769.335s][1488][1512][trace] CMS: promo attempt is safe: available(6912212992) >= av_promo(0), max_promo(613375864)
[2025-06-12T10:07:12.999+0000][1771.970s][1488][1513][info ] Application time: 8.0197057 seconds
[2025-06-12T10:07:12.999+0000][1771.971s][1488][1513][info ] Entering safepoint region: Cleanup
[2025-06-12T10:07:12.999+0000][1771.971s][1488][1513][info ] Leaving safepoint region
[2025-06-12T10:07:12.999+0000][1771.971s][1488][1513][info ] Total time for which application threads were stopped: 0.0002396 seconds, Stopping threads took: 0.0000886 seconds
[2025-06-12T10:07:13.999+0000][1772.971s][1488][1513][info ] Application time: 1.0000994 seconds
[2025-06-12T10:07:14.000+0000][1772.971s][1488][1513][info ] Entering safepoint region: Cleanup
[2025-06-12T10:07:14.000+0000][1772.971s][1488][1513][info ] Leaving safepoint region
[2025-06-12T10:07:14.000+0000][1772.971s][1488][1513][info ] Total time for which application threads were stopped: 0.0001790 seconds, Stopping threads took: 0.0000285 seconds
[2025-06-12T10:07:20.363+0000][1779.334s][1488][1512][trace] CMS: promo attempt is safe: available(6912212992) >= av_promo(0), max_promo(635746656)
[2025-06-12T10:07:30.362+0000][1789.333s][1488][1512][trace] CMS: promo attempt is safe: available(6912212992) >= av_promo(0), max_promo(635746656)
[2025-06-12T10:07:40.361+0000][1799.333s][1488][1512][trace] CMS: promo attempt is safe: available(6912212992) >= av_promo(0), max_promo(635746656)
[2025-06-12T10:07:43.004+0000][1801.976s][1488][1513][info ] Application time: 29.0043466 seconds
[2025-06-12T10:07:43.004+0000][1801.976s][1488][1513][info ] Entering safepoint region: Cleanup
[2025-06-12T10:07:43.004+0000][1801.976s][1488][1513][info ] Leaving safepoint region
[2025-06-12T10:07:43.004+0000][1801.976s][1488][1513][info ] Total time for which application threads were stopped: 0.0002066 seconds, Stopping threads took: 0.0000404 seconds
[2025-06-12T10:07:50.361+0000][1809.332s][1488][1512][trace] CMS: promo attempt is safe: available(6912212992) >= av_promo(0), max_promo(635746656)
[2025-06-12T10:07:53.005+0000][1811.977s][1488][1513][info ] Application time: 10.0008888 seconds
[2025-06-12T10:07:53.005+0000][1811.977s][1488][1513][info ] Entering safepoint region: Cleanup
[2025-06-12T10:07:53.005+0000][1811.977s][1488][1513][info ] Leaving safepoint region
[2025-06-12T10:07:53.005+0000][1811.977s][1488][1513][info ] Total time for which application threads were stopped: 0.0001754 seconds, Stopping threads took: 0.0000312 seconds
[2025-06-12T10:07:55.006+0000][1813.978s][1488][1513][info ] Application time: 2.0008056 seconds
[2025-06-12T10:07:55.006+0000][1813.978s][1488][1513][info ] Entering safepoint region: Cleanup
[2025-06-12T10:07:55.007+0000][1813.978s][1488][1513][info ] Leaving safepoint region
[2025-06-12T10:07:55.007+0000][1813.978s][1488][1513][info ] Total time for which application threads were stopped: 0.0002551 seconds, Stopping threads took: 0.0000619 seconds
[2025-06-12T10:08:00.360+0000][1819.331s][1488][1512][trace] CMS: promo attempt is safe: available(6912212992) >= av_promo(0), max_promo(635746656)
[2025-06-12T10:08:03.008+0000][1821.979s][1488][1513][info ] Application time: 8.0008331 seconds
[2025-06-12T10:08:03.008+0000][1821.979s][1488][1513][info ] Entering safepoint region: Cleanup
[2025-06-12T10:08:03.008+0000][1821.979s][1488][1513][info ] Leaving safepoint region
[2025-06-12T10:08:03.008+0000][1821.979s][1488][1513][info ] Total time for which application threads were stopped: 0.0001897 seconds, Stopping threads took: 0.0000354 seconds
[2025-06-12T10:08:10.360+0000][1829.331s][1488][1512][trace] CMS: promo attempt is safe: available(6912212992) >= av_promo(0), max_promo(649168456)
[2025-06-12T10:08:20.359+0000][1839.331s][1488][1512][trace] CMS: promo attempt is safe: available(6912212992) >= av_promo(0), max_promo(649168456)
[2025-06-12T10:08:30.358+0000][1849.330s][1488][1512][trace] CMS: promo attempt is safe: available(6912212992) >= av_promo(0), max_promo(649168456)
[2025-06-12T10:08:32.010+0000][1850.982s][1488][1513][info ] Application time: 29.0026887 seconds
[2025-06-12T10:08:32.011+0000][1850.982s][1488][1513][info ] Entering safepoint region: Cleanup
[2025-06-12T10:08:32.011+0000][1850.982s][1488][1513][info ] Leaving safepoint region
[2025-06-12T10:08:32.011+0000][1850.982s][1488][1513][info ] Total time for which application threads were stopped: 0.0002134 seconds, Stopping threads took: 0.0000316 seconds
[2025-06-12T10:08:40.358+0000][1859.329s][1488][1512][trace] CMS: promo attempt is safe: available(6912212992) >= av_promo(0), max_promo(652151096)
[2025-06-12T10:08:50.357+0000][1869.329s][1488][1512][trace] CMS: promo attempt is safe: available(6912212992) >= av_promo(0), max_promo(652151096)
[2025-06-12T10:09:00.356+0000][1879.328s][1488][1512][trace] CMS: promo attempt is safe: available(6912212992) >= av_promo(0), max_promo(652151096)
[2025-06-12T10:09:10.356+0000][1889.327s][1488][1512][trace] CMS: promo attempt is safe: available(6912212992) >= av_promo(0), max_promo(652151096)
[2025-06-12T10:09:20.355+0000][1899.326s][1488][1512][trace] CMS: promo attempt is safe: available(6912212992) >= av_promo(0), max_promo(652151096)
[2025-06-12T10:09:30.354+0000][1909.325s][1488][1512][trace] CMS: promo attempt is safe: available(6912212992) >= av_promo(0), max_promo(652151096)
[2025-06-12T10:09:40.353+0000][1919.325s][1488][1512][trace] CMS: promo attempt is safe: available(6912212992) >= av_promo(0), max_promo(652151096)
[2025-06-12T10:09:50.352+0000][1929.324s][1488][1512][trace] CMS: promo attempt is safe: available(6912212992) >= av_promo(0), max_promo(652151096)
[2025-06-12T10:10:00.351+0000][1939.323s][1488][1512][trace] CMS: promo attempt is safe: available(6912212992) >= av_promo(0), max_promo(652151096)
[2025-06-12T10:10:05.022+0000][1943.993s][1488][1513][info ] Application time: 93.0109598 seconds
[2025-06-12T10:10:05.022+0000][1943.993s][1488][1513][info ] Entering safepoint region: Cleanup
[2025-06-12T10:10:05.022+0000][1943.993s][1488][1513][info ] Leaving safepoint region
[2025-06-12T10:10:05.022+0000][1943.994s][1488][1513][info ] Total time for which application threads were stopped: 0.0002099 seconds, Stopping threads took: 0.0000329 seconds
[2025-06-12T10:10:06.022+0000][1944.994s][1488][1513][info ] Application time: 1.0000904 seconds
[2025-06-12T10:10:06.022+0000][1944.994s][1488][1513][info ] Entering safepoint region: Cleanup
[2025-06-12T10:10:06.022+0000][1944.994s][1488][1513][info ] Leaving safepoint region
[2025-06-12T10:10:06.022+0000][1944.994s][1488][1513][info ] Total time for which application threads were stopped: 0.0001715 seconds, Stopping threads took: 0.0000403 seconds
[2025-06-12T10:10:08.023+0000][1946.994s][1488][1513][info ] Application time: 2.0001933 seconds
[2025-06-12T10:10:08.023+0000][1946.994s][1488][1513][info ] Entering safepoint region: Cleanup
[2025-06-12T10:10:08.023+0000][1946.994s][1488][1513][info ] Leaving safepoint region
[2025-06-12T10:10:08.023+0000][1946.994s][1488][1513][info ] Total time for which application threads were stopped: 0.0001704 seconds, Stopping threads took: 0.0000373 seconds
[2025-06-12T10:10:10.351+0000][1949.323s][1488][1512][trace] CMS: promo attempt is safe: available(6912212992) >= av_promo(0), max_promo(652151096)
[2025-06-12T10:10:20.350+0000][1959.322s][1488][1512][trace] CMS: promo attempt is safe: available(6912212992) >= av_promo(0), max_promo(652151096)
[2025-06-12T10:10:23.025+0000][1961.997s][1488][1513][info ] Application time: 15.0023474 seconds
[2025-06-12T10:10:23.025+0000][1961.997s][1488][1513][info ] Entering safepoint region: Cleanup
[2025-06-12T10:10:23.025+0000][1961.997s][1488][1513][info ] Leaving safepoint region
[2025-06-12T10:10:23.025+0000][1961.997s][1488][1513][info ] Total time for which application threads were stopped: 0.0001598 seconds, Stopping threads took: 0.0000291 seconds
[2025-06-12T10:10:30.350+0000][1969.321s][1488][1512][trace] CMS: promo attempt is safe: available(6912212992) >= av_promo(0), max_promo(652151096)
[2025-06-12T10:10:33.026+0000][1971.998s][1488][1513][info ] Application time: 10.0009294 seconds
[2025-06-12T10:10:33.026+0000][1971.998s][1488][1513][info ] Entering safepoint region: Cleanup
[2025-06-12T10:10:33.027+0000][1971.998s][1488][1513][info ] Leaving safepoint region
[2025-06-12T10:10:33.027+0000][1971.998s][1488][1513][info ] Total time for which application threads were stopped: 0.0001733 seconds, Stopping threads took: 0.0000383 seconds
[2025-06-12T10:10:40.353+0000][1979.325s][1488][1512][trace] CMS: promo attempt is safe: available(6912212992) >= av_promo(0), max_promo(652151096)
[2025-06-12T10:10:50.352+0000][1989.324s][1488][1512][trace] CMS: promo attempt is safe: available(6912212992) >= av_promo(0), max_promo(652151096)
[2025-06-12T10:10:52.031+0000][1991.002s][1488][1513][info ] Application time: 19.0043456 seconds
[2025-06-12T10:10:52.031+0000][1991.003s][1488][1513][info ] Entering safepoint region: Cleanup
[2025-06-12T10:10:52.031+0000][1991.003s][1488][1513][info ] Leaving safepoint region
[2025-06-12T10:10:52.031+0000][1991.003s][1488][1513][info ] Total time for which application threads were stopped: 0.0001751 seconds, Stopping threads took: 0.0000249 seconds
[2025-06-12T10:11:00.352+0000][1999.324s][1488][1512][trace] CMS: promo attempt is safe: available(6912212992) >= av_promo(0), max_promo(652151096)
[2025-06-12T10:11:05.032+0000][2004.004s][1488][1513][info ] Application time: 13.0012499 seconds
[2025-06-12T10:11:05.033+0000][2004.004s][1488][1513][info ] Entering safepoint region: Cleanup
[2025-06-12T10:11:05.033+0000][2004.004s][1488][1513][info ] Leaving safepoint region
[2025-06-12T10:11:05.033+0000][2004.004s][1488][1513][info ] Total time for which application threads were stopped: 0.0002205 seconds, Stopping threads took: 0.0000428 seconds
[2025-06-12T10:11:10.352+0000][2009.323s][1488][1512][trace] CMS: promo attempt is safe: available(6912212992) >= av_promo(0), max_promo(652151096)
[2025-06-12T10:11:16.811+0000][2015.782s][1488][1513][info ] Application time: 11.7778631 seconds
[2025-06-12T10:11:16.811+0000][2015.782s][1488][1513][info ] Entering safepoint region: Deoptimize
[2025-06-12T10:11:16.812+0000][2015.784s][1488][1513][info ] Leaving safepoint region
[2025-06-12T10:11:16.812+0000][2015.784s][1488][1513][info ] Total time for which application threads were stopped: 0.0015069 seconds, Stopping threads took: 0.0000347 seconds
[2025-06-12T10:11:17.812+0000][2016.784s][1488][1513][info ] Application time: 1.0001032 seconds
[2025-06-12T10:11:17.813+0000][2016.784s][1488][1513][info ] Entering safepoint region: Cleanup
[2025-06-12T10:11:17.813+0000][2016.784s][1488][1513][info ] Leaving safepoint region
[2025-06-12T10:11:17.813+0000][2016.784s][1488][1513][info ] Total time for which application threads were stopped: 0.0002245 seconds, Stopping threads took: 0.0000376 seconds
[2025-06-12T10:11:18.813+0000][2017.784s][1488][1513][info ] Application time: 1.0000951 seconds
[2025-06-12T10:11:18.813+0000][2017.784s][1488][1513][info ] Entering safepoint region: Cleanup
[2025-06-12T10:11:18.813+0000][2017.785s][1488][1513][info ] Leaving safepoint region
[2025-06-12T10:11:18.813+0000][2017.785s][1488][1513][info ] Total time for which application threads were stopped: 0.0001429 seconds, Stopping threads took: 0.0000286 seconds
[2025-06-12T10:11:20.351+0000][2019.323s][1488][1512][trace] CMS: promo attempt is safe: available(6912212992) >= av_promo(0), max_promo(652151096)
[2025-06-12T10:11:30.350+0000][2029.322s][1488][1512][trace] CMS: promo attempt is safe: available(6912212992) >= av_promo(0), max_promo(652151096)
[2025-06-12T10:11:40.350+0000][2039.321s][1488][1512][trace] CMS: promo attempt is safe: available(6912212992) >= av_promo(0), max_promo(652151096)
[2025-06-12T10:11:42.819+0000][2041.791s][1488][1513][info ] Application time: 24.0060890 seconds
[2025-06-12T10:11:42.819+0000][2041.791s][1488][1513][info ] Entering safepoint region: Cleanup
[2025-06-12T10:11:42.819+0000][2041.791s][1488][1513][info ] Leaving safepoint region
[2025-06-12T10:11:42.819+0000][2041.791s][1488][1513][info ] Total time for which application threads were stopped: 0.0002039 seconds, Stopping threads took: 0.0000417 seconds
[2025-06-12T10:11:48.820+0000][2047.792s][1488][1513][info ] Application time: 6.0008487 seconds
[2025-06-12T10:11:48.820+0000][2047.792s][1488][1513][info ] Entering safepoint region: Cleanup
[2025-06-12T10:11:48.821+0000][2047.792s][1488][1513][info ] Leaving safepoint region
[2025-06-12T10:11:48.821+0000][2047.792s][1488][1513][info ] Total time for which application threads were stopped: 0.0002035 seconds, Stopping threads took: 0.0000295 seconds
[2025-06-12T10:11:50.350+0000][2049.321s][1488][1512][trace] CMS: promo attempt is safe: available(6912212992) >= av_promo(0), max_promo(652151096)
[2025-06-12T10:12:00.349+0000][2059.320s][1488][1512][trace] CMS: promo attempt is safe: available(6912212992) >= av_promo(0), max_promo(652151096)
[2025-06-12T10:12:02.822+0000][2061.793s][1488][1513][info ] Application time: 14.0013002 seconds
[2025-06-12T10:12:02.822+0000][2061.793s][1488][1513][info ] Entering safepoint region: Cleanup
[2025-06-12T10:12:02.822+0000][2061.794s][1488][1513][info ] Leaving safepoint region
[2025-06-12T10:12:02.822+0000][2061.794s][1488][1513][info ] Total time for which application threads were stopped: 0.0001682 seconds, Stopping threads took: 0.0000297 seconds
[2025-06-12T10:12:09.816+0000][2068.788s][1488][1513][info ] Application time: 6.9940926 seconds
[2025-06-12T10:12:09.816+0000][2068.788s][1488][1513][info ] Entering safepoint region: Deoptimize
[2025-06-12T10:12:09.818+0000][2068.789s][1488][1513][info ] Leaving safepoint region
[2025-06-12T10:12:09.818+0000][2068.789s][1488][1513][info ] Total time for which application threads were stopped: 0.0013435 seconds, Stopping threads took: 0.0000216 seconds
[2025-06-12T10:12:10.349+0000][2069.320s][1488][1512][trace] CMS: promo attempt is safe: available(6912212992) >= av_promo(0), max_promo(655138360)
[2025-06-12T10:12:10.818+0000][2069.789s][1488][1513][info ] Application time: 1.0001067 seconds
[2025-06-12T10:12:10.818+0000][2069.789s][1488][1513][info ] Entering safepoint region: Cleanup
[2025-06-12T10:12:10.818+0000][2069.789s][1488][1513][info ] Leaving safepoint region
[2025-06-12T10:12:10.818+0000][2069.789s][1488][1513][info ] Total time for which application threads were stopped: 0.0001812 seconds, Stopping threads took: 0.0000299 seconds
[2025-06-12T10:12:12.818+0000][2071.790s][1488][1513][info ] Application time: 2.0002846 seconds
[2025-06-12T10:12:12.818+0000][2071.790s][1488][1513][info ] Entering safepoint region: Cleanup
[2025-06-12T10:12:12.819+0000][2071.790s][1488][1513][info ] Leaving safepoint region
[2025-06-12T10:12:12.819+0000][2071.790s][1488][1513][info ] Total time for which application threads were stopped: 0.0003408 seconds, Stopping threads took: 0.0000572 seconds
[2025-06-12T10:12:20.348+0000][2079.319s][1488][1512][trace] CMS: promo attempt is safe: available(6912212992) >= av_promo(0), max_promo(655138360)
[2025-06-12T10:12:30.347+0000][2089.319s][1488][1512][trace] CMS: promo attempt is safe: available(6912212992) >= av_promo(0), max_promo(655138360)
[2025-06-12T10:12:33.821+0000][2092.792s][1488][1513][info ] Application time: 21.0019135 seconds
[2025-06-12T10:12:33.821+0000][2092.792s][1488][1513][info ] Entering safepoint region: Cleanup
[2025-06-12T10:12:33.821+0000][2092.792s][1488][1513][info ] Leaving safepoint region
[2025-06-12T10:12:33.821+0000][2092.792s][1488][1513][info ] Total time for which application threads were stopped: 0.0001905 seconds, Stopping threads took: 0.0000421 seconds
[2025-06-12T10:12:34.821+0000][2093.793s][1488][1513][info ] Application time: 1.0000991 seconds
[2025-06-12T10:12:34.821+0000][2093.793s][1488][1513][info ] Entering safepoint region: Cleanup
[2025-06-12T10:12:34.821+0000][2093.793s][1488][1513][info ] Leaving safepoint region
[2025-06-12T10:12:34.821+0000][2093.793s][1488][1513][info ] Total time for which application threads were stopped: 0.0001500 seconds, Stopping threads took: 0.0000310 seconds
[2025-06-12T10:12:40.346+0000][2099.318s][1488][1512][trace] CMS: promo attempt is safe: available(6912212992) >= av_promo(0), max_promo(655138360)
[2025-06-12T10:12:42.822+0000][2101.794s][1488][1513][info ] Application time: 8.0007431 seconds
[2025-06-12T10:12:42.822+0000][2101.794s][1488][1513][info ] Entering safepoint region: Cleanup
[2025-06-12T10:12:42.822+0000][2101.794s][1488][1513][info ] Leaving safepoint region
[2025-06-12T10:12:42.822+0000][2101.794s][1488][1513][info ] Total time for which application threads were stopped: 0.0001588 seconds, Stopping threads took: 0.0000285 seconds
[2025-06-12T10:12:50.346+0000][2109.318s][1488][1512][trace] CMS: promo attempt is safe: available(6912212992) >= av_promo(0), max_promo(655138360)
[2025-06-12T10:13:00.346+0000][2119.317s][1488][1512][trace] CMS: promo attempt is safe: available(6912212992) >= av_promo(0), max_promo(655138360)
[2025-06-12T10:13:02.824+0000][2121.796s][1488][1513][info ] Application time: 20.0016995 seconds
[2025-06-12T10:13:02.824+0000][2121.796s][1488][1513][info ] Entering safepoint region: Cleanup
[2025-06-12T10:13:02.824+0000][2121.796s][1488][1513][info ] Leaving safepoint region
[2025-06-12T10:13:02.824+0000][2121.796s][1488][1513][info ] Total time for which application threads were stopped: 0.0001942 seconds, Stopping threads took: 0.0000374 seconds
[2025-06-12T10:13:10.345+0000][2129.317s][1488][1512][trace] CMS: promo attempt is safe: available(6912212992) >= av_promo(0), max_promo(655138360)
[2025-06-12T10:13:20.345+0000][2139.316s][1488][1512][trace] CMS: promo attempt is safe: available(6912212992) >= av_promo(0), max_promo(655138360)
[2025-06-12T10:13:28.828+0000][2147.800s][1488][1513][info ] Application time: 26.0037070 seconds
[2025-06-12T10:13:28.828+0000][2147.800s][1488][1513][info ] Entering safepoint region: Cleanup
[2025-06-12T10:13:28.828+0000][2147.800s][1488][1513][info ] Leaving safepoint region
[2025-06-12T10:13:28.828+0000][2147.800s][1488][1513][info ] Total time for which application threads were stopped: 0.0002099 seconds, Stopping threads took: 0.0000453 seconds
[2025-06-12T10:13:30.345+0000][2149.316s][1488][1512][trace] CMS: promo attempt is safe: available(6912212992) >= av_promo(0), max_promo(655138360)
[2025-06-12T10:13:31.829+0000][2150.800s][1488][1513][info ] Application time: 3.0002587 seconds
[2025-06-12T10:13:31.829+0000][2150.800s][1488][1513][info ] Entering safepoint region: Cleanup
[2025-06-12T10:13:31.829+0000][2150.800s][1488][1513][info ] Leaving safepoint region
[2025-06-12T10:13:31.829+0000][2150.800s][1488][1513][info ] Total time for which application threads were stopped: 0.0002120 seconds, Stopping threads took: 0.0000415 seconds
[2025-06-12T10:13:40.344+0000][2159.316s][1488][1512][trace] CMS: promo attempt is safe: available(6912212992) >= av_promo(0), max_promo(655138360)
[2025-06-12T10:13:50.343+0000][2169.315s][1488][1512][trace] CMS: promo attempt is safe: available(6912212992) >= av_promo(0), max_promo(655138360)
[2025-06-12T10:14:00.342+0000][2179.314s][1488][1512][trace] CMS: promo attempt is safe: available(6912212992) >= av_promo(0), max_promo(655138360)
[2025-06-12T10:14:02.832+0000][2181.803s][1488][1513][info ] Application time: 31.0028989 seconds
[2025-06-12T10:14:02.832+0000][2181.803s][1488][1513][info ] Entering safepoint region: Cleanup
[2025-06-12T10:14:02.832+0000][2181.804s][1488][1513][info ] Leaving safepoint region
[2025-06-12T10:14:02.832+0000][2181.804s][1488][1513][info ] Total time for which application threads were stopped: 0.0001606 seconds, Stopping threads took: 0.0000322 seconds
[2025-06-12T10:14:10.342+0000][2189.314s][1488][1512][trace] CMS: promo attempt is safe: available(6912212992) >= av_promo(0), max_promo(668560176)
[2025-06-12T10:14:20.341+0000][2199.313s][1488][1512][trace] CMS: promo attempt is safe: available(6912212992) >= av_promo(0), max_promo(668560176)
[2025-06-12T10:14:30.341+0000][2209.312s][1488][1512][trace] CMS: promo attempt is safe: available(6912212992) >= av_promo(0), max_promo(668560176)
[2025-06-12T10:14:40.340+0000][2219.311s][1488][1512][trace] CMS: promo attempt is safe: available(6912212992) >= av_promo(0), max_promo(668560176)
[2025-06-12T10:14:50.339+0000][2229.310s][1488][1512][trace] CMS: promo attempt is safe: available(6912212992) >= av_promo(0), max_promo(668560176)
[2025-06-12T10:15:00.338+0000][2239.310s][1488][1512][trace] CMS: promo attempt is safe: available(6912212992) >= av_promo(0), max_promo(668560176)
[2025-06-12T10:15:02.838+0000][2241.809s][1488][1513][info ] Application time: 60.0055765 seconds
[2025-06-12T10:15:02.838+0000][2241.809s][1488][1513][info ] Entering safepoint region: Cleanup
[2025-06-12T10:15:02.838+0000][2241.809s][1488][1513][info ] Leaving safepoint region
[2025-06-12T10:15:02.838+0000][2241.809s][1488][1513][info ] Total time for which application threads were stopped: 0.0001869 seconds, Stopping threads took: 0.0000395 seconds
[2025-06-12T10:15:10.338+0000][2249.310s][1488][1512][trace] CMS: promo attempt is safe: available(6912212992) >= av_promo(0), max_promo(681982984)
[2025-06-12T10:15:20.337+0000][2259.309s][1488][1512][trace] CMS: promo attempt is safe: available(6912212992) >= av_promo(0), max_promo(681982984)
[2025-06-12T10:15:30.336+0000][2269.308s][1488][1512][trace] CMS: promo attempt is safe: available(6912212992) >= av_promo(0), max_promo(681982984)
[2025-06-12T10:15:40.336+0000][2279.307s][1488][1512][trace] CMS: promo attempt is safe: available(6912212992) >= av_promo(0), max_promo(681982984)
[2025-06-12T10:15:50.335+0000][2289.306s][1488][1512][trace] CMS: promo attempt is safe: available(6912212992) >= av_promo(0), max_promo(681982984)
[2025-06-12T10:16:00.334+0000][2299.305s][1488][1512][trace] CMS: promo attempt is safe: available(6912212992) >= av_promo(0), max_promo(681982984)
[2025-06-12T10:16:10.333+0000][2309.305s][1488][1512][trace] CMS: promo attempt is safe: available(6912212992) >= av_promo(0), max_promo(681982984)
[2025-06-12T10:16:20.332+0000][2319.304s][1488][1512][trace] CMS: promo attempt is safe: available(6912212992) >= av_promo(0), max_promo(681982984)
[2025-06-12T10:16:30.331+0000][2329.303s][1488][1512][trace] CMS: promo attempt is safe: available(6912212992) >= av_promo(0), max_promo(681982984)
[2025-06-12T10:16:32.846+0000][2331.817s][1488][1513][info ] Application time: 90.0079803 seconds
[2025-06-12T10:16:32.846+0000][2331.818s][1488][1513][info ] Entering safepoint region: Cleanup
[2025-06-12T10:16:32.846+0000][2331.818s][1488][1513][info ] Leaving safepoint region
[2025-06-12T10:16:32.846+0000][2331.818s][1488][1513][info ] Total time for which application threads were stopped: 0.0001566 seconds, Stopping threads took: 0.0000312 seconds
[2025-06-12T10:16:38.847+0000][2337.818s][1488][1513][info ] Application time: 6.0005141 seconds
[2025-06-12T10:16:38.847+0000][2337.818s][1488][1513][info ] Entering safepoint region: Cleanup
[2025-06-12T10:16:38.847+0000][2337.818s][1488][1513][info ] Leaving safepoint region
[2025-06-12T10:16:38.847+0000][2337.818s][1488][1513][info ] Total time for which application threads were stopped: 0.0001479 seconds, Stopping threads took: 0.0000327 seconds
[2025-06-12T10:16:40.331+0000][2339.303s][1488][1512][trace] CMS: promo attempt is safe: available(6912212992) >= av_promo(0), max_promo(681982984)
[2025-06-12T10:16:50.330+0000][2349.302s][1488][1512][trace] CMS: promo attempt is safe: available(6912212992) >= av_promo(0), max_promo(681982984)
[2025-06-12T10:17:00.329+0000][2359.301s][1488][1512][trace] CMS: promo attempt is safe: available(6912212992) >= av_promo(0), max_promo(681982984)
[2025-06-12T10:17:10.329+0000][2369.300s][1488][1512][trace] CMS: promo attempt is safe: available(6912212992) >= av_promo(0), max_promo(684965632)
[2025-06-12T10:17:20.328+0000][2379.299s][1488][1512][trace] CMS: promo attempt is safe: available(6912212992) >= av_promo(0), max_promo(684965632)
[2025-06-12T10:17:30.327+0000][2389.298s][1488][1512][trace] CMS: promo attempt is safe: available(6912212992) >= av_promo(0), max_promo(684965632)
[2025-06-12T10:17:40.326+0000][2399.298s][1488][1512][trace] CMS: promo attempt is safe: available(6912212992) >= av_promo(0), max_promo(684965632)
[2025-06-12T10:17:50.325+0000][2409.297s][1488][1512][trace] CMS: promo attempt is safe: available(6912212992) >= av_promo(0), max_promo(684965632)
[2025-06-12T10:18:00.324+0000][2419.296s][1488][1512][trace] CMS: promo attempt is safe: available(6912212992) >= av_promo(0), max_promo(684965632)
[2025-06-12T10:18:10.324+0000][2429.295s][1488][1512][trace] CMS: promo attempt is safe: available(6912212992) >= av_promo(0), max_promo(684965632)
[2025-06-12T10:18:20.323+0000][2439.294s][1488][1512][trace] CMS: promo attempt is safe: available(6912212992) >= av_promo(0), max_promo(684965632)
[2025-06-12T10:18:30.322+0000][2449.293s][1488][1512][trace] CMS: promo attempt is safe: available(6912212992) >= av_promo(0), max_promo(684965632)
[2025-06-12T10:18:40.321+0000][2459.293s][1488][1512][trace] CMS: promo attempt is safe: available(6912212992) >= av_promo(0), max_promo(684965632)
[2025-06-12T10:18:50.321+0000][2469.293s][1488][1512][trace] CMS: promo attempt is safe: available(6912212992) >= av_promo(0), max_promo(684965632)
[2025-06-12T10:19:00.320+0000][2479.292s][1488][1512][trace] CMS: promo attempt is safe: available(6912212992) >= av_promo(0), max_promo(684965632)
[2025-06-12T10:19:00.859+0000][2479.831s][1488][1513][info ] Application time: 142.0121345 seconds
[2025-06-12T10:19:00.859+0000][2479.831s][1488][1513][info ] Entering safepoint region: Cleanup
[2025-06-12T10:19:00.859+0000][2479.831s][1488][1513][info ] Leaving safepoint region
[2025-06-12T10:19:00.859+0000][2479.831s][1488][1513][info ] Total time for which application threads were stopped: 0.0001949 seconds, Stopping threads took: 0.0000386 seconds
[2025-06-12T10:19:10.320+0000][2489.292s][1488][1512][trace] CMS: promo attempt is safe: available(6912212992) >= av_promo(0), max_promo(684965632)
[2025-06-12T10:19:20.320+0000][2499.291s][1488][1512][trace] CMS: promo attempt is safe: available(6912212992) >= av_promo(0), max_promo(684965632)
[2025-06-12T10:19:22.861+0000][2501.833s][1488][1513][info ] Application time: 22.0019603 seconds
[2025-06-12T10:19:22.861+0000][2501.833s][1488][1513][info ] Entering safepoint region: Cleanup
[2025-06-12T10:19:22.862+0000][2501.833s][1488][1513][info ] Leaving safepoint region
[2025-06-12T10:19:22.862+0000][2501.833s][1488][1513][info ] Total time for which application threads were stopped: 0.0002173 seconds, Stopping threads took: 0.0000362 seconds
[2025-06-12T10:19:25.862+0000][2504.833s][1488][1513][info ] Application time: 3.0002266 seconds
[2025-06-12T10:19:25.862+0000][2504.833s][1488][1513][info ] Entering safepoint region: Cleanup
[2025-06-12T10:19:25.862+0000][2504.834s][1488][1513][info ] Leaving safepoint region
[2025-06-12T10:19:25.862+0000][2504.834s][1488][1513][info ] Total time for which application threads were stopped: 0.0001372 seconds, Stopping threads took: 0.0000259 seconds
[2025-06-12T10:19:28.862+0000][2507.834s][1488][1513][info ] Application time: 3.0002761 seconds
[2025-06-12T10:19:28.862+0000][2507.834s][1488][1513][info ] Entering safepoint region: Cleanup
[2025-06-12T10:19:28.863+0000][2507.834s][1488][1513][info ] Leaving safepoint region
[2025-06-12T10:19:28.863+0000][2507.834s][1488][1513][info ] Total time for which application threads were stopped: 0.0001629 seconds, Stopping threads took: 0.0000272 seconds
[2025-06-12T10:19:30.320+0000][2509.291s][1488][1512][trace] CMS: promo attempt is safe: available(6912212992) >= av_promo(0), max_promo(684965632)
[2025-06-12T10:19:32.863+0000][2511.834s][1488][1513][info ] Application time: 4.0003474 seconds
[2025-06-12T10:19:32.863+0000][2511.835s][1488][1513][info ] Entering safepoint region: Cleanup
[2025-06-12T10:19:32.863+0000][2511.835s][1488][1513][info ] Leaving safepoint region
[2025-06-12T10:19:32.863+0000][2511.835s][1488][1513][info ] Total time for which application threads were stopped: 0.0001291 seconds, Stopping threads took: 0.0000243 seconds
[2025-06-12T10:19:40.319+0000][2519.291s][1488][1512][trace] CMS: promo attempt is safe: available(6912212992) >= av_promo(0), max_promo(684965632)
[2025-06-12T10:19:42.864+0000][2521.835s][1488][1513][info ] Application time: 10.0007987 seconds
[2025-06-12T10:19:42.864+0000][2521.836s][1488][1513][info ] Entering safepoint region: Cleanup
[2025-06-12T10:19:42.864+0000][2521.836s][1488][1513][info ] Leaving safepoint region
[2025-06-12T10:19:42.864+0000][2521.836s][1488][1513][info ] Total time for which application threads were stopped: 0.0001777 seconds, Stopping threads took: 0.0000366 seconds
[2025-06-12T10:19:50.319+0000][2529.291s][1488][1512][trace] CMS: promo attempt is safe: available(6912212992) >= av_promo(0), max_promo(684965632)
[2025-06-12T10:20:00.319+0000][2539.290s][1488][1512][trace] CMS: promo attempt is safe: available(6912212992) >= av_promo(0), max_promo(684965632)
[2025-06-12T10:20:10.318+0000][2549.289s][1488][1512][trace] CMS: promo attempt is safe: available(6912212992) >= av_promo(0), max_promo(684965632)
[2025-06-12T10:20:20.317+0000][2559.288s][1488][1512][trace] CMS: promo attempt is safe: available(6912212992) >= av_promo(0), max_promo(684965632)
[2025-06-12T10:20:30.316+0000][2569.288s][1488][1512][trace] CMS: promo attempt is safe: available(6912212992) >= av_promo(0), max_promo(684965632)
[2025-06-12T10:20:40.315+0000][2579.287s][1488][1512][trace] CMS: promo attempt is safe: available(6912212992) >= av_promo(0), max_promo(684965632)
[2025-06-12T10:20:50.314+0000][2589.286s][1488][1512][trace] CMS: promo attempt is safe: available(6912212992) >= av_promo(0), max_promo(684965632)
[2025-06-12T10:20:51.873+0000][2590.845s][1488][1513][info ] Application time: 69.0089024 seconds
[2025-06-12T10:20:51.873+0000][2590.845s][1488][1513][info ] Entering safepoint region: Cleanup
[2025-06-12T10:20:51.873+0000][2590.845s][1488][1513][info ] Leaving safepoint region
[2025-06-12T10:20:51.873+0000][2590.845s][1488][1513][info ] Total time for which application threads were stopped: 0.0002106 seconds, Stopping threads took: 0.0000544 seconds
[2025-06-12T10:21:00.314+0000][2599.285s][1488][1512][trace] CMS: promo attempt is safe: available(6912212992) >= av_promo(0), max_promo(684965632)
[2025-06-12T10:21:02.874+0000][2601.846s][1488][1513][info ] Application time: 11.0010684 seconds
[2025-06-12T10:21:02.875+0000][2601.846s][1488][1513][info ] Entering safepoint region: Cleanup
[2025-06-12T10:21:02.875+0000][2601.846s][1488][1513][info ] Leaving safepoint region
[2025-06-12T10:21:02.875+0000][2601.846s][1488][1513][info ] Total time for which application threads were stopped: 0.0001756 seconds, Stopping threads took: 0.0000376 seconds
[2025-06-12T10:21:10.313+0000][2609.285s][1488][1512][trace] CMS: promo attempt is safe: available(6912212992) >= av_promo(0), max_promo(684965632)
[2025-06-12T10:21:12.878+0000][2611.849s][1488][1513][info ] Application time: 10.0028893 seconds
[2025-06-12T10:21:12.878+0000][2611.849s][1488][1513][info ] Entering safepoint region: Cleanup
[2025-06-12T10:21:12.878+0000][2611.849s][1488][1513][info ] Leaving safepoint region
[2025-06-12T10:21:12.878+0000][2611.849s][1488][1513][info ] Total time for which application threads were stopped: 0.0001870 seconds, Stopping threads took: 0.0000314 seconds
[2025-06-12T10:21:20.313+0000][2619.285s][1488][1512][trace] CMS: promo attempt is safe: available(6912212992) >= av_promo(0), max_promo(684965632)
[2025-06-12T10:21:30.312+0000][2629.284s][1488][1512][trace] CMS: promo attempt is safe: available(6912212992) >= av_promo(0), max_promo(684965632)
[2025-06-12T10:21:40.311+0000][2639.283s][1488][1512][trace] CMS: promo attempt is safe: available(6912212992) >= av_promo(0), max_promo(684965632)
[2025-06-12T10:21:50.311+0000][2649.282s][1488][1512][trace] CMS: promo attempt is safe: available(6912212992) >= av_promo(0), max_promo(684965632)
[2025-06-12T10:22:00.310+0000][2659.281s][1488][1512][trace] CMS: promo attempt is safe: available(6912212992) >= av_promo(0), max_promo(684965632)
[2025-06-12T10:22:10.309+0000][2669.280s][1488][1512][trace] CMS: promo attempt is safe: available(6912212992) >= av_promo(0), max_promo(684965632)
[2025-06-12T10:22:13.883+0000][2672.855s][1488][1513][info ] Application time: 61.0055337 seconds
[2025-06-12T10:22:13.884+0000][2672.855s][1488][1513][info ] Entering safepoint region: Cleanup
[2025-06-12T10:22:13.884+0000][2672.855s][1488][1513][info ] Leaving safepoint region
[2025-06-12T10:22:13.884+0000][2672.855s][1488][1513][info ] Total time for which application threads were stopped: 0.0001824 seconds, Stopping threads took: 0.0000296 seconds
[2025-06-12T10:22:20.309+0000][2679.280s][1488][1512][trace] CMS: promo attempt is safe: available(6912212992) >= av_promo(0), max_promo(684965632)
[2025-06-12T10:22:30.308+0000][2689.280s][1488][1512][trace] CMS: promo attempt is safe: available(6912212992) >= av_promo(0), max_promo(684965632)
[2025-06-12T10:22:40.307+0000][2699.279s][1488][1512][trace] CMS: promo attempt is safe: available(6912212992) >= av_promo(0), max_promo(684965632)
[2025-06-12T10:22:44.887+0000][2703.858s][1488][1513][info ] Application time: 31.0029493 seconds
[2025-06-12T10:22:44.887+0000][2703.858s][1488][1513][info ] Entering safepoint region: Cleanup
[2025-06-12T10:22:44.887+0000][2703.858s][1488][1513][info ] Leaving safepoint region
[2025-06-12T10:22:44.887+0000][2703.858s][1488][1513][info ] Total time for which application threads were stopped: 0.0002116 seconds, Stopping threads took: 0.0000341 seconds
[2025-06-12T10:22:50.307+0000][2709.279s][1488][1512][trace] CMS: promo attempt is safe: available(6912212992) >= av_promo(0), max_promo(698387432)
[2025-06-12T10:23:00.306+0000][2719.278s][1488][1512][trace] CMS: promo attempt is safe: available(6912212992) >= av_promo(0), max_promo(698387432)
[2025-06-12T10:23:10.305+0000][2729.277s][1488][1512][trace] CMS: promo attempt is safe: available(6912212992) >= av_promo(0), max_promo(698387432)
[2025-06-12T10:23:20.305+0000][2739.276s][1488][1512][trace] CMS: promo attempt is safe: available(6912212992) >= av_promo(0), max_promo(698387432)
[2025-06-12T10:23:30.304+0000][2749.275s][1488][1512][trace] CMS: promo attempt is safe: available(6912212992) >= av_promo(0), max_promo(698387432)
[2025-06-12T10:23:31.891+0000][2750.863s][1488][1513][info ] Application time: 47.0041980 seconds
[2025-06-12T10:23:31.891+0000][2750.863s][1488][1513][info ] Entering safepoint region: Cleanup
[2025-06-12T10:23:31.891+0000][2750.863s][1488][1513][info ] Leaving safepoint region
[2025-06-12T10:23:31.891+0000][2750.863s][1488][1513][info ] Total time for which application threads were stopped: 0.0002092 seconds, Stopping threads took: 0.0000396 seconds
[2025-06-12T10:23:40.304+0000][2759.275s][1488][1512][trace] CMS: promo attempt is safe: available(6912212992) >= av_promo(0), max_promo(711809232)
[2025-06-12T10:23:50.303+0000][2769.274s][1488][1512][trace] CMS: promo attempt is safe: available(6912212992) >= av_promo(0), max_promo(711809232)
[2025-06-12T10:24:00.302+0000][2779.274s][1488][1512][trace] CMS: promo attempt is safe: available(6912212992) >= av_promo(0), max_promo(711809232)
[2025-06-12T10:24:00.896+0000][2779.868s][1488][1513][info ] Application time: 29.0046623 seconds
[2025-06-12T10:24:00.896+0000][2779.868s][1488][1513][info ] Entering safepoint region: Cleanup
[2025-06-12T10:24:00.896+0000][2779.868s][1488][1513][info ] Leaving safepoint region
[2025-06-12T10:24:00.896+0000][2779.868s][1488][1513][info ] Total time for which application threads were stopped: 0.0001742 seconds, Stopping threads took: 0.0000435 seconds
[2025-06-12T10:24:10.302+0000][2789.273s][1488][1512][trace] CMS: promo attempt is safe: available(6912212992) >= av_promo(0), max_promo(711809232)
[2025-06-12T10:24:20.301+0000][2799.272s][1488][1512][trace] CMS: promo attempt is safe: available(6912212992) >= av_promo(0), max_promo(711809232)
[2025-06-12T10:24:30.300+0000][2809.271s][1488][1512][trace] CMS: promo attempt is safe: available(6912212992) >= av_promo(0), max_promo(711809232)
[2025-06-12T10:24:40.299+0000][2819.271s][1488][1512][trace] CMS: promo attempt is safe: available(6912212992) >= av_promo(0), max_promo(711809232)
[2025-06-12T10:24:50.298+0000][2829.270s][1488][1512][trace] CMS: promo attempt is safe: available(6912212992) >= av_promo(0), max_promo(711809232)
[2025-06-12T10:25:00.297+0000][2839.269s][1488][1512][trace] CMS: promo attempt is safe: available(6912212992) >= av_promo(0), max_promo(711809232)
[2025-06-12T10:25:10.297+0000][2849.268s][1488][1512][trace] CMS: promo attempt is safe: available(6912212992) >= av_promo(0), max_promo(711809232)
[2025-06-12T10:25:20.296+0000][2859.267s][1488][1512][trace] CMS: promo attempt is safe: available(6912212992) >= av_promo(0), max_promo(711809232)
[2025-06-12T10:25:30.295+0000][2869.266s][1488][1512][trace] CMS: promo attempt is safe: available(6912212992) >= av_promo(0), max_promo(711809232)
[2025-06-12T10:25:40.294+0000][2879.266s][1488][1512][trace] CMS: promo attempt is safe: available(6912212992) >= av_promo(0), max_promo(711809232)
[2025-06-12T10:25:50.293+0000][2889.265s][1488][1512][trace] CMS: promo attempt is safe: available(6912212992) >= av_promo(0), max_promo(711809232)
[2025-06-12T10:26:00.292+0000][2899.264s][1488][1512][trace] CMS: promo attempt is safe: available(6912212992) >= av_promo(0), max_promo(711809232)
[2025-06-12T10:26:10.292+0000][2909.263s][1488][1512][trace] CMS: promo attempt is safe: available(6912212992) >= av_promo(0), max_promo(711809232)
[2025-06-12T10:26:20.291+0000][2919.262s][1488][1512][trace] CMS: promo attempt is safe: available(6912212992) >= av_promo(0), max_promo(711809232)
[2025-06-12T10:26:30.290+0000][2929.262s][1488][1512][trace] CMS: promo attempt is safe: available(6912212992) >= av_promo(0), max_promo(711809232)
[2025-06-12T10:26:40.289+0000][2939.261s][1488][1512][trace] CMS: promo attempt is safe: available(6912212992) >= av_promo(0), max_promo(711809232)
[2025-06-12T10:26:50.288+0000][2949.260s][1488][1512][trace] CMS: promo attempt is safe: available(6912212992) >= av_promo(0), max_promo(711809232)
[2025-06-12T10:27:00.288+0000][2959.259s][1488][1512][trace] CMS: promo attempt is safe: available(6912212992) >= av_promo(0), max_promo(711809232)
[2025-06-12T10:27:02.916+0000][2961.888s][1488][1513][info ] Application time: 182.0198592 seconds
[2025-06-12T10:27:02.916+0000][2961.888s][1488][1513][info ] Entering safepoint region: Cleanup
[2025-06-12T10:27:02.916+0000][2961.888s][1488][1513][info ] Leaving safepoint region
[2025-06-12T10:27:02.916+0000][2961.888s][1488][1513][info ] Total time for which application threads were stopped: 0.0001487 seconds, Stopping threads took: 0.0000299 seconds
[2025-06-12T10:27:10.288+0000][2969.259s][1488][1512][trace] CMS: promo attempt is safe: available(6912212992) >= av_promo(0), max_promo(711809232)
[2025-06-12T10:27:20.287+0000][2979.259s][1488][1512][trace] CMS: promo attempt is safe: available(6912212992) >= av_promo(0), max_promo(711809232)
[2025-06-12T10:27:30.286+0000][2989.258s][1488][1512][trace] CMS: promo attempt is safe: available(6912212992) >= av_promo(0), max_promo(711809232)
[2025-06-12T10:27:40.285+0000][2999.257s][1488][1512][trace] CMS: promo attempt is safe: available(6912212992) >= av_promo(0), max_promo(711809232)
[2025-06-12T10:27:50.284+0000][3009.256s][1488][1512][trace] CMS: promo attempt is safe: available(6912212992) >= av_promo(0), max_promo(711809232)
[2025-06-12T10:28:00.284+0000][3019.255s][1488][1512][trace] CMS: promo attempt is safe: available(6912212992) >= av_promo(0), max_promo(711809232)
[2025-06-12T10:28:10.283+0000][3029.255s][1488][1512][trace] CMS: promo attempt is safe: available(6912212992) >= av_promo(0), max_promo(711809232)
[2025-06-12T10:28:20.282+0000][3039.254s][1488][1512][trace] CMS: promo attempt is safe: available(6912212992) >= av_promo(0), max_promo(711809232)
[2025-06-12T10:28:30.281+0000][3049.253s][1488][1512][trace] CMS: promo attempt is safe: available(6912212992) >= av_promo(0), max_promo(711809232)
[2025-06-12T10:28:31.944+0000][3050.916s][1488][1513][info ] Application time: 89.0274892 seconds
[2025-06-12T10:28:31.944+0000][3050.916s][1488][1513][info ] Entering safepoint region: Cleanup
[2025-06-12T10:28:31.944+0000][3050.916s][1488][1513][info ] Leaving safepoint region
[2025-06-12T10:28:31.944+0000][3050.916s][1488][1513][info ] Total time for which application threads were stopped: 0.0002565 seconds, Stopping threads took: 0.0000536 seconds
[2025-06-12T10:28:40.284+0000][3059.255s][1488][1512][trace] CMS: promo attempt is safe: available(6912212992) >= av_promo(0), max_promo(711809232)
[2025-06-12T10:28:50.283+0000][3069.255s][1488][1512][trace] CMS: promo attempt is safe: available(6912212992) >= av_promo(0), max_promo(711809232)
[2025-06-12T10:29:00.282+0000][3079.254s][1488][1512][trace] CMS: promo attempt is safe: available(6912212992) >= av_promo(0), max_promo(711809232)
[2025-06-12T10:29:03.950+0000][3082.921s][1488][1513][info ] Application time: 32.0053575 seconds
[2025-06-12T10:29:03.950+0000][3082.921s][1488][1513][info ] Entering safepoint region: Cleanup
[2025-06-12T10:29:03.950+0000][3082.922s][1488][1513][info ] Leaving safepoint region
[2025-06-12T10:29:03.950+0000][3082.922s][1488][1513][info ] Total time for which application threads were stopped: 0.0002407 seconds, Stopping threads took: 0.0000502 seconds
[2025-06-12T10:29:10.281+0000][3089.253s][1488][1512][trace] CMS: promo attempt is safe: available(6912212992) >= av_promo(0), max_promo(717774512)
[2025-06-12T10:29:20.280+0000][3099.252s][1488][1512][trace] CMS: promo attempt is safe: available(6912212992) >= av_promo(0), max_promo(717774512)
[2025-06-12T10:29:30.280+0000][3109.251s][1488][1512][trace] CMS: promo attempt is safe: available(6912212992) >= av_promo(0), max_promo(717774512)
[2025-06-12T10:29:40.279+0000][3119.250s][1488][1512][trace] CMS: promo attempt is safe: available(6912212992) >= av_promo(0), max_promo(717774512)
[2025-06-12T10:29:48.960+0000][3127.932s][1488][1513][info ] Application time: 45.0102570 seconds
[2025-06-12T10:29:48.963+0000][3127.935s][1488][1513][info ] Entering safepoint region: Cleanup
[2025-06-12T10:29:48.964+0000][3127.935s][1488][1513][info ] Leaving safepoint region
[2025-06-12T10:29:48.964+0000][3127.936s][1488][1513][info ] Total time for which application threads were stopped: 0.0007775 seconds, Stopping threads took: 0.0006499 seconds
[2025-06-12T10:29:50.278+0000][3129.250s][1488][1512][trace] CMS: promo attempt is safe: available(6912212992) >= av_promo(0), max_promo(717774512)
[2025-06-12T10:30:00.277+0000][3139.249s][1488][1512][trace] CMS: promo attempt is safe: available(6912212992) >= av_promo(0), max_promo(717774512)
[2025-06-12T10:30:02.965+0000][3141.937s][1488][1513][info ] Application time: 14.0014153 seconds
[2025-06-12T10:30:02.966+0000][3141.937s][1488][1513][info ] Entering safepoint region: Cleanup
[2025-06-12T10:30:02.966+0000][3141.937s][1488][1513][info ] Leaving safepoint region
[2025-06-12T10:30:02.966+0000][3141.937s][1488][1513][info ] Total time for which application threads were stopped: 0.0001548 seconds, Stopping threads took: 0.0000272 seconds
[2025-06-12T10:30:10.277+0000][3149.248s][1488][1512][trace] CMS: promo attempt is safe: available(6912212992) >= av_promo(0), max_promo(723739792)
[2025-06-12T10:30:20.276+0000][3159.248s][1488][1512][trace] CMS: promo attempt is safe: available(6912212992) >= av_promo(0), max_promo(723739792)
[2025-06-12T10:30:22.967+0000][3161.939s][1488][1513][info ] Application time: 20.0017472 seconds
[2025-06-12T10:30:22.968+0000][3161.939s][1488][1513][info ] Entering safepoint region: Cleanup
[2025-06-12T10:30:22.968+0000][3161.939s][1488][1513][info ] Leaving safepoint region
[2025-06-12T10:30:22.968+0000][3161.939s][1488][1513][info ] Total time for which application threads were stopped: 0.0001695 seconds, Stopping threads took: 0.0000346 seconds
[2025-06-12T10:30:23.968+0000][3162.939s][1488][1513][info ] Application time: 1.0000944 seconds
[2025-06-12T10:30:23.968+0000][3162.939s][1488][1513][info ] Entering safepoint region: Cleanup
[2025-06-12T10:30:23.968+0000][3162.939s][1488][1513][info ] Leaving safepoint region
[2025-06-12T10:30:23.968+0000][3162.939s][1488][1513][info ] Total time for which application threads were stopped: 0.0001480 seconds, Stopping threads took: 0.0000370 seconds
[2025-06-12T10:30:30.276+0000][3169.248s][1488][1512][trace] CMS: promo attempt is safe: available(6912212992) >= av_promo(0), max_promo(723739792)
[2025-06-12T10:30:36.969+0000][3175.941s][1488][1513][info ] Application time: 13.0010906 seconds
[2025-06-12T10:30:36.969+0000][3175.941s][1488][1513][info ] Entering safepoint region: Cleanup
[2025-06-12T10:30:36.969+0000][3175.941s][1488][1513][info ] Leaving safepoint region
[2025-06-12T10:30:36.969+0000][3175.941s][1488][1513][info ] Total time for which application threads were stopped: 0.0001446 seconds, Stopping threads took: 0.0000303 seconds
[2025-06-12T10:30:40.275+0000][3179.247s][1488][1512][trace] CMS: promo attempt is safe: available(6912212992) >= av_promo(0), max_promo(723739792)
[2025-06-12T10:30:50.275+0000][3189.246s][1488][1512][trace] CMS: promo attempt is safe: available(6912212992) >= av_promo(0), max_promo(723739792)
[2025-06-12T10:31:00.274+0000][3199.245s][1488][1512][trace] CMS: promo attempt is safe: available(6912212992) >= av_promo(0), max_promo(723739792)
[2025-06-12T10:31:02.972+0000][3201.943s][1488][1513][info ] Application time: 26.0023149 seconds
[2025-06-12T10:31:02.972+0000][3201.943s][1488][1513][info ] Entering safepoint region: Cleanup
[2025-06-12T10:31:02.972+0000][3201.943s][1488][1513][info ] Leaving safepoint region
[2025-06-12T10:31:02.972+0000][3201.943s][1488][1513][info ] Total time for which application threads were stopped: 0.0001864 seconds, Stopping threads took: 0.0000331 seconds
[2025-06-12T10:31:10.273+0000][3209.245s][1488][1512][trace] CMS: promo attempt is safe: available(6912212992) >= av_promo(0), max_promo(723739792)
[2025-06-12T10:31:20.272+0000][3219.244s][1488][1512][trace] CMS: promo attempt is safe: available(6912212992) >= av_promo(0), max_promo(723739792)
[2025-06-12T10:31:30.271+0000][3229.243s][1488][1512][trace] CMS: promo attempt is safe: available(6912212992) >= av_promo(0), max_promo(723739792)
[2025-06-12T10:31:40.271+0000][3239.242s][1488][1512][trace] CMS: promo attempt is safe: available(6912212992) >= av_promo(0), max_promo(723739792)
[2025-06-12T10:31:50.270+0000][3249.241s][1488][1512][trace] CMS: promo attempt is safe: available(6912212992) >= av_promo(0), max_promo(723739792)
[2025-06-12T10:31:52.976+0000][3251.948s][1488][1513][info ] Application time: 50.0044979 seconds
[2025-06-12T10:31:52.977+0000][3251.948s][1488][1513][info ] Entering safepoint region: Cleanup
[2025-06-12T10:31:52.977+0000][3251.948s][1488][1513][info ] Leaving safepoint region
[2025-06-12T10:31:52.977+0000][3251.948s][1488][1513][info ] Total time for which application threads were stopped: 0.0001837 seconds, Stopping threads took: 0.0000389 seconds
[2025-06-12T10:32:00.270+0000][3259.241s][1488][1512][trace] CMS: promo attempt is safe: available(6912212992) >= av_promo(0), max_promo(723739792)
[2025-06-12T10:32:10.269+0000][3269.240s][1488][1512][trace] CMS: promo attempt is safe: available(6912212992) >= av_promo(0), max_promo(737162600)
[2025-06-12T10:32:20.268+0000][3279.240s][1488][1512][trace] CMS: promo attempt is safe: available(6912212992) >= av_promo(0), max_promo(737162600)
[2025-06-12T10:32:30.267+0000][3289.239s][1488][1512][trace] CMS: promo attempt is safe: available(6912212992) >= av_promo(0), max_promo(737162600)
[2025-06-12T10:32:32.980+0000][3291.952s][1488][1513][info ] Application time: 40.0037748 seconds
[2025-06-12T10:32:32.981+0000][3291.952s][1488][1513][info ] Entering safepoint region: Cleanup
[2025-06-12T10:32:32.981+0000][3291.952s][1488][1513][info ] Leaving safepoint region
[2025-06-12T10:32:32.981+0000][3291.952s][1488][1513][info ] Total time for which application threads were stopped: 0.0001942 seconds, Stopping threads took: 0.0000338 seconds
[2025-06-12T10:32:40.267+0000][3299.238s][1488][1512][trace] CMS: promo attempt is safe: available(6912212992) >= av_promo(0), max_promo(737162600)
[2025-06-12T10:32:50.266+0000][3309.238s][1488][1512][trace] CMS: promo attempt is safe: available(6912212992) >= av_promo(0), max_promo(737162600)
[2025-06-12T10:33:00.266+0000][3319.237s][1488][1512][trace] CMS: promo attempt is safe: available(6912212992) >= av_promo(0), max_promo(737162600)
[2025-06-12T10:33:02.985+0000][3321.957s][1488][1513][info ] Application time: 30.0046554 seconds
[2025-06-12T10:33:02.986+0000][3321.957s][1488][1513][info ] Entering safepoint region: Cleanup
[2025-06-12T10:33:02.986+0000][3321.957s][1488][1513][info ] Leaving safepoint region
[2025-06-12T10:33:02.986+0000][3321.957s][1488][1513][info ] Total time for which application threads were stopped: 0.0001795 seconds, Stopping threads took: 0.0000284 seconds
[2025-06-12T10:33:10.265+0000][3329.236s][1488][1512][trace] CMS: promo attempt is safe: available(6912212992) >= av_promo(0), max_promo(740145240)
[2025-06-12T10:33:12.987+0000][3331.958s][1488][1513][info ] Application time: 10.0008814 seconds
[2025-06-12T10:33:12.990+0000][3331.962s][1488][1513][info ] Entering safepoint region: Cleanup
[2025-06-12T10:33:12.991+0000][3331.963s][1488][1513][info ] Leaving safepoint region
[2025-06-12T10:33:12.992+0000][3331.963s][1488][1513][info ] Total time for which application threads were stopped: 0.0011098 seconds, Stopping threads took: 0.0009309 seconds
[2025-06-12T10:33:20.265+0000][3339.236s][1488][1512][trace] CMS: promo attempt is safe: available(6912212992) >= av_promo(0), max_promo(740145240)
[2025-06-12T10:33:30.264+0000][3349.235s][1488][1512][trace] CMS: promo attempt is safe: available(6912212992) >= av_promo(0), max_promo(740145240)
[2025-06-12T10:33:31.994+0000][3350.966s][1488][1513][info ] Application time: 19.0029485 seconds
[2025-06-12T10:33:31.995+0000][3350.966s][1488][1513][info ] Entering safepoint region: Cleanup
[2025-06-12T10:33:31.995+0000][3350.966s][1488][1513][info ] Leaving safepoint region
[2025-06-12T10:33:31.995+0000][3350.966s][1488][1513][info ] Total time for which application threads were stopped: 0.0002109 seconds, Stopping threads took: 0.0000405 seconds
[2025-06-12T10:33:32.995+0000][3351.966s][1488][1513][info ] Application time: 1.0000864 seconds
[2025-06-12T10:33:32.995+0000][3351.967s][1488][1513][info ] Entering safepoint region: Cleanup
[2025-06-12T10:33:32.995+0000][3351.967s][1488][1513][info ] Leaving safepoint region
[2025-06-12T10:33:32.995+0000][3351.967s][1488][1513][info ] Total time for which application threads were stopped: 0.0001831 seconds, Stopping threads took: 0.0000503 seconds
[2025-06-12T10:33:40.263+0000][3359.235s][1488][1512][trace] CMS: promo attempt is safe: available(6912212992) >= av_promo(0), max_promo(740145240)
[2025-06-12T10:33:42.996+0000][3361.968s][1488][1513][info ] Application time: 10.0008659 seconds
[2025-06-12T10:33:42.996+0000][3361.968s][1488][1513][info ] Entering safepoint region: Cleanup
[2025-06-12T10:33:42.996+0000][3361.968s][1488][1513][info ] Leaving safepoint region
[2025-06-12T10:33:42.996+0000][3361.968s][1488][1513][info ] Total time for which application threads were stopped: 0.0001744 seconds, Stopping threads took: 0.0000350 seconds
[2025-06-12T10:33:50.263+0000][3369.235s][1488][1512][trace] CMS: promo attempt is safe: available(6912212992) >= av_promo(0), max_promo(740145240)
[2025-06-12T10:34:00.263+0000][3379.234s][1488][1512][trace] CMS: promo attempt is safe: available(6912212992) >= av_promo(0), max_promo(740145240)
[2025-06-12T10:34:00.999+0000][3379.970s][1488][1513][info ] Application time: 18.0026181 seconds
[2025-06-12T10:34:01.000+0000][3379.972s][1488][1513][info ] Entering safepoint region: Cleanup
[2025-06-12T10:34:01.000+0000][3379.972s][1488][1513][info ] Leaving safepoint region
[2025-06-12T10:34:01.000+0000][3379.972s][1488][1513][info ] Total time for which application threads were stopped: 0.0002605 seconds, Stopping threads took: 0.0000627 seconds
[2025-06-12T10:34:10.262+0000][3389.234s][1488][1512][trace] CMS: promo attempt is safe: available(6912212992) >= av_promo(0), max_promo(740145240)
[2025-06-12T10:34:20.262+0000][3399.233s][1488][1512][trace] CMS: promo attempt is safe: available(6912212992) >= av_promo(0), max_promo(740145240)
[2025-06-12T10:34:30.261+0000][3409.233s][1488][1512][trace] CMS: promo attempt is safe: available(6912212992) >= av_promo(0), max_promo(740145240)
[2025-06-12T10:34:34.015+0000][3412.987s][1488][1513][info ] Application time: 33.0150948 seconds
[2025-06-12T10:34:34.015+0000][3412.987s][1488][1513][info ] Entering safepoint region: Cleanup
[2025-06-12T10:34:34.016+0000][3412.987s][1488][1513][info ] Leaving safepoint region
[2025-06-12T10:34:34.016+0000][3412.987s][1488][1513][info ] Total time for which application threads were stopped: 0.0003697 seconds, Stopping threads took: 0.0000705 seconds
[2025-06-12T10:34:40.261+0000][3419.233s][1488][1512][trace] CMS: promo attempt is safe: available(6912212992) >= av_promo(0), max_promo(740145240)
[2025-06-12T10:34:50.260+0000][3429.232s][1488][1512][trace] CMS: promo attempt is safe: available(6912212992) >= av_promo(0), max_promo(740145240)
[2025-06-12T10:35:00.259+0000][3439.231s][1488][1512][trace] CMS: promo attempt is safe: available(6912212992) >= av_promo(0), max_promo(740145240)
[2025-06-12T10:35:10.259+0000][3449.230s][1488][1512][trace] CMS: promo attempt is safe: available(6912212992) >= av_promo(0), max_promo(740145240)
[2025-06-12T10:35:20.258+0000][3459.229s][1488][1512][trace] CMS: promo attempt is safe: available(6912212992) >= av_promo(0), max_promo(740145240)
[2025-06-12T10:35:30.257+0000][3469.228s][1488][1512][trace] CMS: promo attempt is safe: available(6912212992) >= av_promo(0), max_promo(740145240)
[2025-06-12T10:35:40.256+0000][3479.228s][1488][1512][trace] CMS: promo attempt is safe: available(6912212992) >= av_promo(0), max_promo(740145240)
[2025-06-12T10:35:50.255+0000][3489.227s][1488][1512][trace] CMS: promo attempt is safe: available(6912212992) >= av_promo(0), max_promo(740145240)
[2025-06-12T10:36:00.254+0000][3499.226s][1488][1512][trace] CMS: promo attempt is safe: available(6912212992) >= av_promo(0), max_promo(740145240)
[2025-06-12T10:36:10.254+0000][3509.226s][1488][1512][trace] CMS: promo attempt is safe: available(6912212992) >= av_promo(0), max_promo(740145240)
[2025-06-12T10:36:20.253+0000][3519.225s][1488][1512][trace] CMS: promo attempt is safe: available(6912212992) >= av_promo(0), max_promo(740145240)
[2025-06-12T10:36:30.253+0000][3529.224s][1488][1512][trace] CMS: promo attempt is safe: available(6912212992) >= av_promo(0), max_promo(740145240)
[2025-06-12T10:36:40.252+0000][3539.223s][1488][1512][trace] CMS: promo attempt is safe: available(6912212992) >= av_promo(0), max_promo(740145240)
[2025-06-12T10:36:50.251+0000][3549.222s][1488][1512][trace] CMS: promo attempt is safe: available(6912212992) >= av_promo(0), max_promo(740145240)
[2025-06-12T10:37:00.250+0000][3559.222s][1488][1512][trace] CMS: promo attempt is safe: available(6912212992) >= av_promo(0), max_promo(740145240)
[2025-06-12T10:37:03.047+0000][3562.018s][1488][1513][info ] Application time: 149.0310288 seconds
[2025-06-12T10:37:03.047+0000][3562.018s][1488][1513][info ] Entering safepoint region: Cleanup
[2025-06-12T10:37:03.047+0000][3562.019s][1488][1513][info ] Leaving safepoint region
[2025-06-12T10:37:03.047+0000][3562.019s][1488][1513][info ] Total time for which application threads were stopped: 0.0002267 seconds, Stopping threads took: 0.0000450 seconds
[2025-06-12T10:37:10.250+0000][3569.222s][1488][1512][trace] CMS: promo attempt is safe: available(6912212992) >= av_promo(0), max_promo(743127880)
[2025-06-12T10:37:20.249+0000][3579.221s][1488][1512][trace] CMS: promo attempt is safe: available(6912212992) >= av_promo(0), max_promo(743127880)
[2025-06-12T10:37:30.249+0000][3589.220s][1488][1512][trace] CMS: promo attempt is safe: available(6912212992) >= av_promo(0), max_promo(743127880)
[2025-06-12T10:37:33.058+0000][3592.030s][1488][1513][info ] Application time: 30.0112409 seconds
[2025-06-12T10:37:33.059+0000][3592.030s][1488][1513][info ] Entering safepoint region: Cleanup
[2025-06-12T10:37:33.059+0000][3592.030s][1488][1513][info ] Leaving safepoint region
[2025-06-12T10:37:33.059+0000][3592.030s][1488][1513][info ] Total time for which application threads were stopped: 0.0002922 seconds, Stopping threads took: 0.0000458 seconds
[2025-06-12T10:37:40.248+0000][3599.220s][1488][1512][trace] CMS: promo attempt is safe: available(6912212992) >= av_promo(0), max_promo(743127880)
[2025-06-12T10:37:50.247+0000][3609.219s][1488][1512][trace] CMS: promo attempt is safe: available(6912212992) >= av_promo(0), max_promo(756549680)
[2025-06-12T10:38:00.069+0000][3619.041s][1488][1513][info ] Application time: 27.0104172 seconds
[2025-06-12T10:38:00.069+0000][3619.041s][1488][1513][info ] Entering safepoint region: Cleanup
[2025-06-12T10:38:00.070+0000][3619.041s][1488][1513][info ] Leaving safepoint region
[2025-06-12T10:38:00.070+0000][3619.041s][1488][1513][info ] Total time for which application threads were stopped: 0.0003227 seconds, Stopping threads took: 0.0000474 seconds
[2025-06-12T10:38:00.247+0000][3619.218s][1488][1512][trace] CMS: promo attempt is safe: available(6912212992) >= av_promo(0), max_promo(798992320)
[2025-06-12T10:38:02.070+0000][3621.041s][1488][1513][info ] Application time: 2.0002234 seconds
[2025-06-12T10:38:02.070+0000][3621.041s][1488][1513][info ] Entering safepoint region: Cleanup
[2025-06-12T10:38:02.070+0000][3621.042s][1488][1513][info ] Leaving safepoint region
[2025-06-12T10:38:02.070+0000][3621.042s][1488][1513][info ] Total time for which application threads were stopped: 0.0002610 seconds, Stopping threads took: 0.0000384 seconds
[2025-06-12T10:38:03.070+0000][3622.042s][1488][1513][info ] Application time: 1.0000970 seconds
[2025-06-12T10:38:03.071+0000][3622.042s][1488][1513][info ] Entering safepoint region: Cleanup
[2025-06-12T10:38:03.071+0000][3622.042s][1488][1513][info ] Leaving safepoint region
[2025-06-12T10:38:03.071+0000][3622.042s][1488][1513][info ] Total time for which application threads were stopped: 0.0001999 seconds, Stopping threads took: 0.0000440 seconds
[2025-06-12T10:38:04.071+0000][3623.042s][1488][1513][info ] Application time: 1.0000640 seconds
[2025-06-12T10:38:04.071+0000][3623.043s][1488][1513][info ] Entering safepoint region: Cleanup
[2025-06-12T10:38:04.071+0000][3623.043s][1488][1513][info ] Leaving safepoint region
[2025-06-12T10:38:04.071+0000][3623.043s][1488][1513][info ] Total time for which application threads were stopped: 0.0004460 seconds, Stopping threads took: 0.0002599 seconds
[2025-06-12T10:38:10.246+0000][3629.218s][1488][1512][trace] CMS: promo attempt is safe: available(6912212992) >= av_promo(0), max_promo(804088520)
[2025-06-12T10:38:13.072+0000][3632.044s][1488][1513][info ] Application time: 9.0008222 seconds
[2025-06-12T10:38:13.072+0000][3632.044s][1488][1513][info ] Entering safepoint region: Cleanup
[2025-06-12T10:38:13.072+0000][3632.044s][1488][1513][info ] Leaving safepoint region
[2025-06-12T10:38:13.072+0000][3632.044s][1488][1513][info ] Total time for which application threads were stopped: 0.0002048 seconds, Stopping threads took: 0.0000530 seconds
[2025-06-12T10:38:20.247+0000][3639.218s][1488][1512][trace] CMS: promo attempt is safe: available(6912212992) >= av_promo(0), max_promo(804088520)
[2025-06-12T10:38:30.246+0000][3649.217s][1488][1512][trace] CMS: promo attempt is safe: available(6912212992) >= av_promo(0), max_promo(804088520)
[2025-06-12T10:38:32.074+0000][3651.046s][1488][1513][info ] Application time: 19.0016319 seconds
[2025-06-12T10:38:32.074+0000][3651.046s][1488][1513][info ] Entering safepoint region: Cleanup
[2025-06-12T10:38:32.074+0000][3651.046s][1488][1513][info ] Leaving safepoint region
[2025-06-12T10:38:32.074+0000][3651.046s][1488][1513][info ] Total time for which application threads were stopped: 0.0002581 seconds, Stopping threads took: 0.0000435 seconds
[2025-06-12T10:38:33.075+0000][3652.046s][1488][1513][info ] Application time: 1.0001000 seconds
[2025-06-12T10:38:33.075+0000][3652.046s][1488][1513][info ] Entering safepoint region: Cleanup
[2025-06-12T10:38:33.075+0000][3652.046s][1488][1513][info ] Leaving safepoint region
[2025-06-12T10:38:33.075+0000][3652.046s][1488][1513][info ] Total time for which application threads were stopped: 0.0001814 seconds, Stopping threads took: 0.0000277 seconds
[2025-06-12T10:38:40.245+0000][3659.217s][1488][1512][trace] CMS: promo attempt is safe: available(6912212992) >= av_promo(0), max_promo(817510328)
[2025-06-12T10:38:50.244+0000][3669.216s][1488][1512][trace] CMS: promo attempt is safe: available(6912212992) >= av_promo(0), max_promo(817510328)
[2025-06-12T10:39:00.243+0000][3679.215s][1488][1512][trace] CMS: promo attempt is safe: available(6912212992) >= av_promo(0), max_promo(817510328)
[2025-06-12T10:39:01.077+0000][3680.049s][1488][1513][info ] Application time: 28.0025753 seconds
[2025-06-12T10:39:01.078+0000][3680.049s][1488][1513][info ] Entering safepoint region: Cleanup
[2025-06-12T10:39:01.078+0000][3680.049s][1488][1513][info ] Leaving safepoint region
[2025-06-12T10:39:01.078+0000][3680.049s][1488][1513][info ] Total time for which application threads were stopped: 0.0001430 seconds, Stopping threads took: 0.0000286 seconds
[2025-06-12T10:39:03.078+0000][3682.049s][1488][1513][info ] Application time: 2.0001978 seconds
[2025-06-12T10:39:03.078+0000][3682.049s][1488][1513][info ] Entering safepoint region: Cleanup
[2025-06-12T10:39:03.078+0000][3682.050s][1488][1513][info ] Leaving safepoint region
[2025-06-12T10:39:03.078+0000][3682.050s][1488][1513][info ] Total time for which application threads were stopped: 0.0002153 seconds, Stopping threads took: 0.0000358 seconds
[2025-06-12T10:39:10.243+0000][3689.215s][1488][1512][trace] CMS: promo attempt is safe: available(6912212992) >= av_promo(0), max_promo(817510328)
[2025-06-12T10:39:20.242+0000][3699.214s][1488][1512][trace] CMS: promo attempt is safe: available(6912212992) >= av_promo(0), max_promo(817510328)
[2025-06-12T10:39:24.080+0000][3703.052s][1488][1513][info ] Application time: 21.0020618 seconds
[2025-06-12T10:39:24.080+0000][3703.052s][1488][1513][info ] Entering safepoint region: Cleanup
[2025-06-12T10:39:24.080+0000][3703.052s][1488][1513][info ] Leaving safepoint region
[2025-06-12T10:39:24.080+0000][3703.052s][1488][1513][info ] Total time for which application threads were stopped: 0.0001587 seconds, Stopping threads took: 0.0000398 seconds
[2025-06-12T10:39:30.243+0000][3709.214s][1488][1512][trace] CMS: promo attempt is safe: available(6912212992) >= av_promo(0), max_promo(817510328)
[2025-06-12T10:39:40.242+0000][3719.213s][1488][1512][trace] CMS: promo attempt is safe: available(6912212992) >= av_promo(0), max_promo(817510328)
[2025-06-12T10:39:50.241+0000][3729.212s][1488][1512][trace] CMS: promo attempt is safe: available(6912212992) >= av_promo(0), max_promo(817510328)
[2025-06-12T10:40:00.240+0000][3739.212s][1488][1512][trace] CMS: promo attempt is safe: available(6912212992) >= av_promo(0), max_promo(817510328)
[2025-06-12T10:40:10.239+0000][3749.211s][1488][1512][trace] CMS: promo attempt is safe: available(6912212992) >= av_promo(0), max_promo(817510328)
[2025-06-12T10:40:20.238+0000][3759.210s][1488][1512][trace] CMS: promo attempt is safe: available(6912212992) >= av_promo(0), max_promo(817510328)
[2025-06-12T10:40:30.238+0000][3769.209s][1488][1512][trace] CMS: promo attempt is safe: available(6912212992) >= av_promo(0), max_promo(817510328)
[2025-06-12T10:40:40.237+0000][3779.208s][1488][1512][trace] CMS: promo attempt is safe: available(6912212992) >= av_promo(0), max_promo(817510328)
[2025-06-12T10:40:50.236+0000][3789.207s][1488][1512][trace] CMS: promo attempt is safe: available(6912212992) >= av_promo(0), max_promo(817510328)
[2025-06-12T10:41:00.235+0000][3799.207s][1488][1512][trace] CMS: promo attempt is safe: available(6912212992) >= av_promo(0), max_promo(817510328)
[2025-06-12T10:41:10.234+0000][3809.206s][1488][1512][trace] CMS: promo attempt is safe: available(6912212992) >= av_promo(0), max_promo(817510328)
[2025-06-12T10:41:20.235+0000][3819.206s][1488][1512][trace] CMS: promo attempt is safe: available(6912212992) >= av_promo(0), max_promo(817510328)
[2025-06-12T10:41:30.234+0000][3829.205s][1488][1512][trace] CMS: promo attempt is safe: available(6912212992) >= av_promo(0), max_promo(817510328)
[2025-06-12T10:41:33.114+0000][3832.086s][1488][1513][info ] Application time: 129.0338593 seconds
[2025-06-12T10:41:33.114+0000][3832.086s][1488][1513][info ] Entering safepoint region: Cleanup
[2025-06-12T10:41:33.115+0000][3832.086s][1488][1513][info ] Leaving safepoint region
[2025-06-12T10:41:33.115+0000][3832.086s][1488][1513][info ] Total time for which application threads were stopped: 0.0001890 seconds, Stopping threads took: 0.0000412 seconds
[2025-06-12T10:41:40.234+0000][3839.205s][1488][1512][trace] CMS: promo attempt is safe: available(6912212992) >= av_promo(0), max_promo(817510328)
[2025-06-12T10:41:50.233+0000][3849.204s][1488][1512][trace] CMS: promo attempt is safe: available(6912212992) >= av_promo(0), max_promo(817510328)
[2025-06-12T10:42:00.232+0000][3859.204s][1488][1512][trace] CMS: promo attempt is safe: available(6912212992) >= av_promo(0), max_promo(817510328)
[2025-06-12T10:42:03.121+0000][3862.092s][1488][1513][info ] Application time: 30.0061971 seconds
[2025-06-12T10:42:03.121+0000][3862.092s][1488][1513][info ] Entering safepoint region: Cleanup
[2025-06-12T10:42:03.121+0000][3862.093s][1488][1513][info ] Leaving safepoint region
[2025-06-12T10:42:03.121+0000][3862.093s][1488][1513][info ] Total time for which application threads were stopped: 0.0002440 seconds, Stopping threads took: 0.0000487 seconds
[2025-06-12T10:42:10.231+0000][3869.203s][1488][1512][trace] CMS: promo attempt is safe: available(6912212992) >= av_promo(0), max_promo(817510328)
[2025-06-12T10:42:12.124+0000][3871.095s][1488][1513][info ] Application time: 9.0024218 seconds
[2025-06-12T10:42:12.124+0000][3871.095s][1488][1513][info ] Entering safepoint region: Cleanup
[2025-06-12T10:42:12.124+0000][3871.095s][1488][1513][info ] Leaving safepoint region
[2025-06-12T10:42:12.124+0000][3871.095s][1488][1513][info ] Total time for which application threads were stopped: 0.0001763 seconds, Stopping threads took: 0.0000367 seconds
[2025-06-12T10:42:20.231+0000][3879.203s][1488][1512][trace] CMS: promo attempt is safe: available(6912212992) >= av_promo(0), max_promo(817510328)
[2025-06-12T10:42:23.125+0000][3882.096s][1488][1513][info ] Application time: 11.0009571 seconds
[2025-06-12T10:42:23.125+0000][3882.096s][1488][1513][info ] Entering safepoint region: Cleanup
[2025-06-12T10:42:23.125+0000][3882.097s][1488][1513][info ] Leaving safepoint region
[2025-06-12T10:42:23.125+0000][3882.097s][1488][1513][info ] Total time for which application threads were stopped: 0.0002005 seconds, Stopping threads took: 0.0000440 seconds
[2025-06-12T10:42:30.230+0000][3889.202s][1488][1512][trace] CMS: promo attempt is safe: available(6912212992) >= av_promo(0), max_promo(817510328)
[2025-06-12T10:42:33.126+0000][3892.097s][1488][1513][info ] Application time: 10.0009340 seconds
[2025-06-12T10:42:33.126+0000][3892.098s][1488][1513][info ] Entering safepoint region: Cleanup
[2025-06-12T10:42:33.126+0000][3892.098s][1488][1513][info ] Leaving safepoint region
[2025-06-12T10:42:33.126+0000][3892.098s][1488][1513][info ] Total time for which application threads were stopped: 0.0001732 seconds, Stopping threads took: 0.0000345 seconds
[2025-06-12T10:42:40.230+0000][3899.202s][1488][1512][trace] CMS: promo attempt is safe: available(6912212992) >= av_promo(0), max_promo(817510328)
[2025-06-12T10:42:50.230+0000][3909.201s][1488][1512][trace] CMS: promo attempt is safe: available(6912212992) >= av_promo(0), max_promo(817510328)
[2025-06-12T10:43:00.229+0000][3919.200s][1488][1512][trace] CMS: promo attempt is safe: available(6912212992) >= av_promo(0), max_promo(817510328)
[2025-06-12T10:43:10.228+0000][3929.200s][1488][1512][trace] CMS: promo attempt is safe: available(6912212992) >= av_promo(0), max_promo(817510328)
[2025-06-12T10:43:20.228+0000][3939.199s][1488][1512][trace] CMS: promo attempt is safe: available(6912212992) >= av_promo(0), max_promo(817510328)
[2025-06-12T10:43:30.227+0000][3949.198s][1488][1512][trace] CMS: promo attempt is safe: available(6912212992) >= av_promo(0), max_promo(817510328)
[2025-06-12T10:43:32.144+0000][3951.116s][1488][1513][info ] Application time: 59.0178430 seconds
[2025-06-12T10:43:32.144+0000][3951.116s][1488][1513][info ] Entering safepoint region: Cleanup
[2025-06-12T10:43:32.144+0000][3951.116s][1488][1513][info ] Leaving safepoint region
[2025-06-12T10:43:32.144+0000][3951.116s][1488][1513][info ] Total time for which application threads were stopped: 0.0001626 seconds, Stopping threads took: 0.0000274 seconds
[2025-06-12T10:43:40.227+0000][3959.199s][1488][1512][trace] CMS: promo attempt is safe: available(6912212992) >= av_promo(0), max_promo(820492968)
[2025-06-12T10:43:50.227+0000][3969.198s][1488][1512][trace] CMS: promo attempt is safe: available(6912212992) >= av_promo(0), max_promo(820492968)
[2025-06-12T10:44:00.226+0000][3979.198s][1488][1512][trace] CMS: promo attempt is safe: available(6912212992) >= av_promo(0), max_promo(820492968)
[2025-06-12T10:44:01.150+0000][3980.121s][1488][1513][info ] Application time: 29.0054322 seconds
[2025-06-12T10:44:01.150+0000][3980.121s][1488][1513][info ] Entering safepoint region: Cleanup
[2025-06-12T10:44:01.150+0000][3980.122s][1488][1513][info ] Leaving safepoint region
[2025-06-12T10:44:01.150+0000][3980.122s][1488][1513][info ] Total time for which application threads were stopped: 0.0002171 seconds, Stopping threads took: 0.0000483 seconds
[2025-06-12T10:44:10.226+0000][3989.198s][1488][1512][trace] CMS: promo attempt is safe: available(6912212992) >= av_promo(0), max_promo(820492968)
[2025-06-12T10:44:20.225+0000][3999.197s][1488][1512][trace] CMS: promo attempt is safe: available(6912212992) >= av_promo(0), max_promo(820492968)
[2025-06-12T10:44:30.225+0000][4009.196s][1488][1512][trace] CMS: promo attempt is safe: available(6912212992) >= av_promo(0), max_promo(820492968)
[2025-06-12T10:44:40.224+0000][4019.195s][1488][1512][trace] CMS: promo attempt is safe: available(6912212992) >= av_promo(0), max_promo(820492968)
[2025-06-12T10:44:50.223+0000][4029.194s][1488][1512][trace] CMS: promo attempt is safe: available(6912212992) >= av_promo(0), max_promo(820492968)
[2025-06-12T10:45:00.222+0000][4039.194s][1488][1512][trace] CMS: promo attempt is safe: available(6912212992) >= av_promo(0), max_promo(820492968)
[2025-06-12T10:45:03.156+0000][4042.128s][1488][1513][info ] Application time: 62.0060312 seconds
[2025-06-12T10:45:03.156+0000][4042.128s][1488][1513][info ] Entering safepoint region: Cleanup
[2025-06-12T10:45:03.156+0000][4042.128s][1488][1513][info ] Leaving safepoint region
[2025-06-12T10:45:03.156+0000][4042.128s][1488][1513][info ] Total time for which application threads were stopped: 0.0001969 seconds, Stopping threads took: 0.0000432 seconds
[2025-06-12T10:45:10.223+0000][4049.194s][1488][1512][trace] CMS: promo attempt is safe: available(6912212992) >= av_promo(0), max_promo(820492968)
[2025-06-12T10:45:20.222+0000][4059.193s][1488][1512][trace] CMS: promo attempt is safe: available(6912212992) >= av_promo(0), max_promo(820492968)
[2025-06-12T10:45:30.221+0000][4069.192s][1488][1512][trace] CMS: promo attempt is safe: available(6912212992) >= av_promo(0), max_promo(820492968)
[2025-06-12T10:45:40.220+0000][4079.192s][1488][1512][trace] CMS: promo attempt is safe: available(6912212992) >= av_promo(0), max_promo(820492968)
[2025-06-12T10:45:50.219+0000][4089.191s][1488][1512][trace] CMS: promo attempt is safe: available(6912212992) >= av_promo(0), max_promo(820492968)
[2025-06-12T10:46:00.218+0000][4099.190s][1488][1512][trace] CMS: promo attempt is safe: available(6912212992) >= av_promo(0), max_promo(820492968)
[2025-06-12T10:46:10.306+0000][4109.278s][1488][1512][trace] CMS: promo attempt is safe: available(6912212992) >= av_promo(0), max_promo(820492968)
[2025-06-12T10:46:20.418+0000][4119.390s][1488][1512][trace] CMS: promo attempt is safe: available(6912212992) >= av_promo(0), max_promo(820492968)
[2025-06-12T10:46:30.418+0000][4129.389s][1488][1512][trace] CMS: promo attempt is safe: available(6912212992) >= av_promo(0), max_promo(820492968)
[2025-06-12T10:46:40.417+0000][4139.389s][1488][1512][trace] CMS: promo attempt is safe: available(6912212992) >= av_promo(0), max_promo(820492968)
[2025-06-12T10:46:50.417+0000][4149.388s][1488][1512][trace] CMS: promo attempt is safe: available(6912212992) >= av_promo(0), max_promo(820492968)
[2025-06-12T10:47:00.416+0000][4159.388s][1488][1512][trace] CMS: promo attempt is safe: available(6912212992) >= av_promo(0), max_promo(820492968)
[2025-06-12T10:47:10.415+0000][4169.387s][1488][1512][trace] CMS: promo attempt is safe: available(6912212992) >= av_promo(0), max_promo(826458248)
[2025-06-12T10:47:20.414+0000][4179.386s][1488][1512][trace] CMS: promo attempt is safe: available(6912212992) >= av_promo(0), max_promo(839881056)
[2025-06-12T10:47:30.414+0000][4189.385s][1488][1512][trace] CMS: promo attempt is safe: available(6912212992) >= av_promo(0), max_promo(839881056)
[2025-06-12T10:47:40.413+0000][4199.384s][1488][1512][trace] CMS: promo attempt is safe: available(6912212992) >= av_promo(0), max_promo(839881056)
[2025-06-12T10:47:50.412+0000][4209.383s][1488][1512][trace] CMS: promo attempt is safe: available(6912212992) >= av_promo(0), max_promo(839881056)
[2025-06-12T10:47:53.668+0000][4212.639s][1488][1513][info ] Application time: 170.5113167 seconds
[2025-06-12T10:47:53.674+0000][4212.646s][1488][1513][info ] Entering safepoint region: Cleanup
[2025-06-12T10:47:53.687+0000][4212.658s][1488][1513][info ] Leaving safepoint region
[2025-06-12T10:47:53.687+0000][4212.658s][1488][1513][info ] Total time for which application threads were stopped: 0.0187542 seconds, Stopping threads took: 0.0064554 seconds
[2025-06-12T10:48:00.412+0000][4219.383s][1488][1512][trace] CMS: promo attempt is safe: available(6912212992) >= av_promo(0), max_promo(839881056)
[2025-06-12T10:48:10.411+0000][4229.383s][1488][1512][trace] CMS: promo attempt is safe: available(6912212992) >= av_promo(0), max_promo(839881056)
[2025-06-12T10:48:20.410+0000][4239.382s][1488][1512][trace] CMS: promo attempt is safe: available(6912212992) >= av_promo(0), max_promo(839881056)
[2025-06-12T10:48:30.410+0000][4249.381s][1488][1512][trace] CMS: promo attempt is safe: available(6912212992) >= av_promo(0), max_promo(839881056)
[2025-06-12T10:48:32.690+0000][4251.662s][1488][1513][info ] Application time: 39.0035560 seconds
[2025-06-12T10:48:32.690+0000][4251.662s][1488][1513][info ] Entering safepoint region: Cleanup
[2025-06-12T10:48:32.691+0000][4251.662s][1488][1513][info ] Leaving safepoint region
[2025-06-12T10:48:32.691+0000][4251.662s][1488][1513][info ] Total time for which application threads were stopped: 0.0001595 seconds, Stopping threads took: 0.0000255 seconds
[2025-06-12T10:48:33.691+0000][4252.662s][1488][1513][info ] Application time: 1.0000826 seconds
[2025-06-12T10:48:33.691+0000][4252.662s][1488][1513][info ] Entering safepoint region: Cleanup
[2025-06-12T10:48:33.691+0000][4252.662s][1488][1513][info ] Leaving safepoint region
[2025-06-12T10:48:33.691+0000][4252.662s][1488][1513][info ] Total time for which application threads were stopped: 0.0002161 seconds, Stopping threads took: 0.0000353 seconds
[2025-06-12T10:48:40.409+0000][4259.381s][1488][1512][trace] CMS: promo attempt is safe: available(6912212992) >= av_promo(0), max_promo(839881056)
[2025-06-12T10:48:50.408+0000][4269.380s][1488][1512][trace] CMS: promo attempt is safe: available(6912212992) >= av_promo(0), max_promo(839881056)
[2025-06-12T10:49:00.407+0000][4279.379s][1488][1512][trace] CMS: promo attempt is safe: available(6912212992) >= av_promo(0), max_promo(839881056)
[2025-06-12T10:49:00.693+0000][4279.665s][1488][1513][info ] Application time: 27.0024253 seconds
[2025-06-12T10:49:00.694+0000][4279.665s][1488][1513][info ] Entering safepoint region: Cleanup
[2025-06-12T10:49:00.694+0000][4279.665s][1488][1513][info ] Leaving safepoint region
[2025-06-12T10:49:00.694+0000][4279.665s][1488][1513][info ] Total time for which application threads were stopped: 0.0001413 seconds, Stopping threads took: 0.0000255 seconds
[2025-06-12T10:49:10.407+0000][4289.378s][1488][1512][trace] CMS: promo attempt is safe: available(6912212992) >= av_promo(0), max_promo(839881056)
[2025-06-12T10:49:20.406+0000][4299.377s][1488][1512][trace] CMS: promo attempt is safe: available(6912212992) >= av_promo(0), max_promo(839881056)
[2025-06-12T10:49:30.405+0000][4309.377s][1488][1512][trace] CMS: promo attempt is safe: available(6912212992) >= av_promo(0), max_promo(839881056)
[2025-06-12T10:49:40.404+0000][4319.376s][1488][1512][trace] CMS: promo attempt is safe: available(6912212992) >= av_promo(0), max_promo(839881056)
[2025-06-12T10:49:50.403+0000][4329.375s][1488][1512][trace] CMS: promo attempt is safe: available(6912212992) >= av_promo(0), max_promo(839881056)
[2025-06-12T10:50:00.403+0000][4339.374s][1488][1512][trace] CMS: promo attempt is safe: available(6912212992) >= av_promo(0), max_promo(839881056)
[2025-06-12T10:50:10.402+0000][4349.373s][1488][1512][trace] CMS: promo attempt is safe: available(6912212992) >= av_promo(0), max_promo(839881056)
[2025-06-12T10:50:20.401+0000][4359.372s][1488][1512][trace] CMS: promo attempt is safe: available(6912212992) >= av_promo(0), max_promo(839881056)
[2025-06-12T10:50:30.400+0000][4369.372s][1488][1512][trace] CMS: promo attempt is safe: available(6912212992) >= av_promo(0), max_promo(839881056)
[2025-06-12T10:50:40.399+0000][4379.371s][1488][1512][trace] CMS: promo attempt is safe: available(6912212992) >= av_promo(0), max_promo(839881056)
[2025-06-12T10:50:50.399+0000][4389.370s][1488][1512][trace] CMS: promo attempt is safe: available(6912212992) >= av_promo(0), max_promo(839881056)
[2025-06-12T10:50:59.716+0000][4398.688s][1488][1513][info ] Application time: 119.0223554 seconds
[2025-06-12T10:50:59.716+0000][4398.688s][1488][1513][info ] Entering safepoint region: Cleanup
[2025-06-12T10:50:59.716+0000][4398.688s][1488][1513][info ] Leaving safepoint region
[2025-06-12T10:50:59.716+0000][4398.688s][1488][1513][info ] Total time for which application threads were stopped: 0.0001926 seconds, Stopping threads took: 0.0000381 seconds
[2025-06-12T10:51:00.398+0000][4399.370s][1488][1512][trace] CMS: promo attempt is safe: available(6912212992) >= av_promo(0), max_promo(839881056)
[2025-06-12T10:51:10.398+0000][4409.369s][1488][1512][trace] CMS: promo attempt is safe: available(6912212992) >= av_promo(0), max_promo(839881056)
[2025-06-12T10:51:20.397+0000][4419.368s][1488][1512][trace] CMS: promo attempt is safe: available(6912212992) >= av_promo(0), max_promo(839881056)
[2025-06-12T10:51:30.396+0000][4429.367s][1488][1512][trace] CMS: promo attempt is safe: available(6912212992) >= av_promo(0), max_promo(839881056)
[2025-06-12T10:51:40.395+0000][4439.367s][1488][1512][trace] CMS: promo attempt is safe: available(6912212992) >= av_promo(0), max_promo(839881056)
[2025-06-12T10:51:50.394+0000][4449.366s][1488][1512][trace] CMS: promo attempt is safe: available(6912212992) >= av_promo(0), max_promo(839881056)
[2025-06-12T10:52:00.393+0000][4459.365s][1488][1512][trace] CMS: promo attempt is safe: available(6912212992) >= av_promo(0), max_promo(839881056)
[2025-06-12T10:52:10.393+0000][4469.364s][1488][1512][trace] CMS: promo attempt is safe: available(6912212992) >= av_promo(0), max_promo(839881056)
[2025-06-12T10:52:20.392+0000][4479.363s][1488][1512][trace] CMS: promo attempt is safe: available(6912212992) >= av_promo(0), max_promo(839881056)
[2025-06-12T10:52:30.391+0000][4489.362s][1488][1512][trace] CMS: promo attempt is safe: available(6912212992) >= av_promo(0), max_promo(839881056)
[2025-06-12T10:52:40.390+0000][4499.362s][1488][1512][trace] CMS: promo attempt is safe: available(6912212992) >= av_promo(0), max_promo(853302856)
[2025-06-12T10:52:43.727+0000][4502.699s][1488][1513][info ] Application time: 104.0108915 seconds
[2025-06-12T10:52:43.727+0000][4502.699s][1488][1513][info ] Entering safepoint region: Cleanup
[2025-06-12T10:52:43.727+0000][4502.699s][1488][1513][info ] Leaving safepoint region
[2025-06-12T10:52:43.727+0000][4502.699s][1488][1513][info ] Total time for which application threads were stopped: 0.0001445 seconds, Stopping threads took: 0.0000292 seconds
[2025-06-12T10:52:50.390+0000][4509.361s][1488][1512][trace] CMS: promo attempt is safe: available(6912212992) >= av_promo(0), max_promo(853302856)
[2025-06-12T10:53:00.389+0000][4519.360s][1488][1512][trace] CMS: promo attempt is safe: available(6912212992) >= av_promo(0), max_promo(853302856)
[2025-06-12T10:53:10.388+0000][4529.359s][1488][1512][trace] CMS: promo attempt is safe: available(6912212992) >= av_promo(0), max_promo(853302856)
[2025-06-12T10:53:20.387+0000][4539.359s][1488][1512][trace] CMS: promo attempt is safe: available(6912212992) >= av_promo(0), max_promo(853302856)
[2025-06-12T10:53:30.386+0000][4549.358s][1488][1512][trace] CMS: promo attempt is safe: available(6912212992) >= av_promo(0), max_promo(853302856)
[2025-06-12T10:53:32.736+0000][4551.707s][1488][1513][info ] Application time: 49.0083214 seconds
[2025-06-12T10:53:32.736+0000][4551.707s][1488][1513][info ] Entering safepoint region: Cleanup
[2025-06-12T10:53:32.736+0000][4551.707s][1488][1513][info ] Leaving safepoint region
[2025-06-12T10:53:32.736+0000][4551.707s][1488][1513][info ] Total time for which application threads were stopped: 0.0001854 seconds, Stopping threads took: 0.0000394 seconds
[2025-06-12T10:53:33.737+0000][4552.708s][1488][1513][info ] Application time: 1.0008499 seconds
[2025-06-12T10:53:33.737+0000][4552.708s][1488][1513][info ] Entering safepoint region: Cleanup
[2025-06-12T10:53:33.737+0000][4552.709s][1488][1513][info ] Leaving safepoint region
[2025-06-12T10:53:33.737+0000][4552.709s][1488][1513][info ] Total time for which application threads were stopped: 0.0002035 seconds, Stopping threads took: 0.0000385 seconds
[2025-06-12T10:53:40.386+0000][4559.358s][1488][1512][trace] CMS: promo attempt is safe: available(6912212992) >= av_promo(0), max_promo(853302856)
[2025-06-12T10:53:50.385+0000][4569.357s][1488][1512][trace] CMS: promo attempt is safe: available(6912212992) >= av_promo(0), max_promo(853302856)
[2025-06-12T10:54:00.385+0000][4579.356s][1488][1512][trace] CMS: promo attempt is safe: available(6912212992) >= av_promo(0), max_promo(853302856)
[2025-06-12T10:54:10.384+0000][4589.355s][1488][1512][trace] CMS: promo attempt is safe: available(6912212992) >= av_promo(0), max_promo(853302856)
[2025-06-12T10:54:20.383+0000][4599.354s][1488][1512][trace] CMS: promo attempt is safe: available(6912212992) >= av_promo(0), max_promo(853302856)
[2025-06-12T10:54:30.382+0000][4609.354s][1488][1512][trace] CMS: promo attempt is safe: available(6912212992) >= av_promo(0), max_promo(853302856)
[2025-06-12T10:54:33.745+0000][4612.716s][1488][1513][info ] Application time: 60.0076434 seconds
[2025-06-12T10:54:33.745+0000][4612.716s][1488][1513][info ] Entering safepoint region: Cleanup
[2025-06-12T10:54:33.745+0000][4612.717s][1488][1513][info ] Leaving safepoint region
[2025-06-12T10:54:33.745+0000][4612.717s][1488][1513][info ] Total time for which application threads were stopped: 0.0002229 seconds, Stopping threads took: 0.0000411 seconds
[2025-06-12T10:54:40.382+0000][4619.354s][1488][1512][trace] CMS: promo attempt is safe: available(6912212992) >= av_promo(0), max_promo(853302856)
[2025-06-12T10:54:50.381+0000][4629.353s][1488][1512][trace] CMS: promo attempt is safe: available(6912212992) >= av_promo(0), max_promo(853302856)
[2025-06-12T10:55:00.381+0000][4639.352s][1488][1512][trace] CMS: promo attempt is safe: available(6912212992) >= av_promo(0), max_promo(853302856)
[2025-06-12T10:55:02.752+0000][4641.723s][1488][1513][info ] Application time: 29.0065873 seconds
[2025-06-12T10:55:02.752+0000][4641.723s][1488][1513][info ] Entering safepoint region: Cleanup
[2025-06-12T10:55:02.752+0000][4641.723s][1488][1513][info ] Leaving safepoint region
[2025-06-12T10:55:02.752+0000][4641.723s][1488][1513][info ] Total time for which application threads were stopped: 0.0001644 seconds, Stopping threads took: 0.0000353 seconds
[2025-06-12T10:55:10.380+0000][4649.352s][1488][1512][trace] CMS: promo attempt is safe: available(6912212992) >= av_promo(0), max_promo(866725664)
[2025-06-12T10:55:20.379+0000][4659.351s][1488][1512][trace] CMS: promo attempt is safe: available(6912212992) >= av_promo(0), max_promo(866725664)
[2025-06-12T10:55:30.378+0000][4669.350s][1488][1512][trace] CMS: promo attempt is safe: available(6912212992) >= av_promo(0), max_promo(866725664)
[2025-06-12T10:55:40.378+0000][4679.349s][1488][1512][trace] CMS: promo attempt is safe: available(6912212992) >= av_promo(0), max_promo(866725664)
[2025-06-12T10:55:50.377+0000][4689.348s][1488][1512][trace] CMS: promo attempt is safe: available(6912212992) >= av_promo(0), max_promo(866725664)
[2025-06-12T10:56:00.376+0000][4699.347s][1488][1512][trace] CMS: promo attempt is safe: available(6912212992) >= av_promo(0), max_promo(866725664)
[2025-06-12T10:56:10.375+0000][4709.347s][1488][1512][trace] CMS: promo attempt is safe: available(6912212992) >= av_promo(0), max_promo(866725664)
[2025-06-12T10:56:20.375+0000][4719.346s][1488][1512][trace] CMS: promo attempt is safe: available(6912212992) >= av_promo(0), max_promo(866725664)
[2025-06-12T10:56:30.374+0000][4729.345s][1488][1512][trace] CMS: promo attempt is safe: available(6912212992) >= av_promo(0), max_promo(866725664)
[2025-06-12T10:56:40.373+0000][4739.345s][1488][1512][trace] CMS: promo attempt is safe: available(6912212992) >= av_promo(0), max_promo(866725664)
[2025-06-12T10:56:50.373+0000][4749.345s][1488][1512][trace] CMS: promo attempt is safe: available(6912212992) >= av_promo(0), max_promo(866725664)
[2025-06-12T10:57:00.372+0000][4759.344s][1488][1512][trace] CMS: promo attempt is safe: available(6912212992) >= av_promo(0), max_promo(866725664)
[2025-06-12T10:57:10.371+0000][4769.343s][1488][1512][trace] CMS: promo attempt is safe: available(6912212992) >= av_promo(0), max_promo(872690944)
[2025-06-12T10:57:20.371+0000][4779.342s][1488][1512][trace] CMS: promo attempt is safe: available(6912212992) >= av_promo(0), max_promo(872690944)
[2025-06-12T10:57:30.370+0000][4789.341s][1488][1512][trace] CMS: promo attempt is safe: available(6912212992) >= av_promo(0), max_promo(872690944)
[2025-06-12T10:57:40.369+0000][4799.340s][1488][1512][trace] CMS: promo attempt is safe: available(6912212992) >= av_promo(0), max_promo(872690944)
[2025-06-12T10:57:50.368+0000][4809.340s][1488][1512][trace] CMS: promo attempt is safe: available(6912212992) >= av_promo(0), max_promo(872690944)
[2025-06-12T10:58:00.367+0000][4819.339s][1488][1512][trace] CMS: promo attempt is safe: available(6912212992) >= av_promo(0), max_promo(872690944)
[2025-06-12T10:58:10.366+0000][4829.338s][1488][1512][trace] CMS: promo attempt is safe: available(6912212992) >= av_promo(0), max_promo(872690944)
[2025-06-12T10:58:20.366+0000][4839.338s][1488][1512][trace] CMS: promo attempt is safe: available(6912212992) >= av_promo(0), max_promo(872690944)
[2025-06-12T10:58:30.367+0000][4849.339s][1488][1512][trace] CMS: promo attempt is safe: available(6912212992) >= av_promo(0), max_promo(872690944)
[2025-06-12T10:58:32.821+0000][4851.793s][1488][1513][info ] Application time: 210.0695589 seconds
[2025-06-12T10:58:32.822+0000][4851.793s][1488][1513][info ] Entering safepoint region: Cleanup
[2025-06-12T10:58:32.822+0000][4851.793s][1488][1513][info ] Leaving safepoint region
[2025-06-12T10:58:32.822+0000][4851.794s][1488][1513][info ] Total time for which application threads were stopped: 0.0004318 seconds, Stopping threads took: 0.0001297 seconds
[2025-06-12T10:58:40.367+0000][4859.339s][1488][1512][trace] CMS: promo attempt is safe: available(6912212992) >= av_promo(0), max_promo(872690944)
[2025-06-12T10:58:50.366+0000][4869.338s][1488][1512][trace] CMS: promo attempt is safe: available(6912212992) >= av_promo(0), max_promo(872690944)
[2025-06-12T10:59:00.366+0000][4879.337s][1488][1512][trace] CMS: promo attempt is safe: available(6912212992) >= av_promo(0), max_promo(872690944)
[2025-06-12T10:59:00.842+0000][4879.813s][1488][1513][info ] Application time: 28.0199501 seconds
[2025-06-12T10:59:00.842+0000][4879.814s][1488][1513][info ] Entering safepoint region: Cleanup
[2025-06-12T10:59:00.842+0000][4879.814s][1488][1513][info ] Leaving safepoint region
[2025-06-12T10:59:00.842+0000][4879.814s][1488][1513][info ] Total time for which application threads were stopped: 0.0001291 seconds, Stopping threads took: 0.0000244 seconds
[2025-06-12T10:59:10.365+0000][4889.337s][1488][1512][trace] CMS: promo attempt is safe: available(6912212992) >= av_promo(0), max_promo(872690944)
[2025-06-12T10:59:20.365+0000][4899.336s][1488][1512][trace] CMS: promo attempt is safe: available(6912212992) >= av_promo(0), max_promo(872690944)
[2025-06-12T10:59:30.364+0000][4909.335s][1488][1512][trace] CMS: promo attempt is safe: available(6912212992) >= av_promo(0), max_promo(872690944)
[2025-06-12T10:59:40.363+0000][4919.334s][1488][1512][trace] CMS: promo attempt is safe: available(6912212992) >= av_promo(0), max_promo(872690944)
[2025-06-12T10:59:44.857+0000][4923.829s][1488][1513][info ] Application time: 44.0151809 seconds
[2025-06-12T10:59:44.857+0000][4923.829s][1488][1513][info ] Entering safepoint region: Cleanup
[2025-06-12T10:59:44.858+0000][4923.829s][1488][1513][info ] Leaving safepoint region
[2025-06-12T10:59:44.858+0000][4923.829s][1488][1513][info ] Total time for which application threads were stopped: 0.0001918 seconds, Stopping threads took: 0.0000371 seconds
[2025-06-12T10:59:50.363+0000][4929.334s][1488][1512][trace] CMS: promo attempt is safe: available(6912212992) >= av_promo(0), max_promo(872690944)
[2025-06-12T10:59:52.863+0000][4931.834s][1488][1513][info ] Application time: 8.0051809 seconds
[2025-06-12T10:59:52.863+0000][4931.834s][1488][1513][info ] Entering safepoint region: Cleanup
[2025-06-12T10:59:52.863+0000][4931.835s][1488][1513][info ] Leaving safepoint region
[2025-06-12T10:59:52.863+0000][4931.835s][1488][1513][info ] Total time for which application threads were stopped: 0.0002279 seconds, Stopping threads took: 0.0000872 seconds
[2025-06-12T11:00:00.362+0000][4939.334s][1488][1512][trace] CMS: promo attempt is safe: available(6912212992) >= av_promo(0), max_promo(872690944)
[2025-06-12T11:00:10.361+0000][4949.333s][1488][1512][trace] CMS: promo attempt is safe: available(6912212992) >= av_promo(0), max_promo(872690944)
[2025-06-12T11:00:20.361+0000][4959.332s][1488][1512][trace] CMS: promo attempt is safe: available(6912212992) >= av_promo(0), max_promo(872690944)
[2025-06-12T11:00:30.360+0000][4969.331s][1488][1512][trace] CMS: promo attempt is safe: available(6912212992) >= av_promo(0), max_promo(872690944)
[2025-06-12T11:00:34.869+0000][4973.840s][1488][1513][info ] Application time: 42.0055540 seconds
[2025-06-12T11:00:34.869+0000][4973.840s][1488][1513][info ] Entering safepoint region: Cleanup
[2025-06-12T11:00:34.869+0000][4973.840s][1488][1513][info ] Leaving safepoint region
[2025-06-12T11:00:34.869+0000][4973.840s][1488][1513][info ] Total time for which application threads were stopped: 0.0002132 seconds, Stopping threads took: 0.0000408 seconds
[2025-06-12T11:00:40.359+0000][4979.331s][1488][1512][trace] CMS: promo attempt is safe: available(6912212992) >= av_promo(0), max_promo(872690944)
[2025-06-12T11:00:42.875+0000][4981.847s][1488][1513][info ] Application time: 8.0060762 seconds
[2025-06-12T11:00:42.875+0000][4981.847s][1488][1513][info ] Entering safepoint region: Cleanup
[2025-06-12T11:00:42.875+0000][4981.847s][1488][1513][info ] Leaving safepoint region
[2025-06-12T11:00:42.875+0000][4981.847s][1488][1513][info ] Total time for which application threads were stopped: 0.0001672 seconds, Stopping threads took: 0.0000277 seconds
[2025-06-12T11:00:50.360+0000][4989.332s][1488][1512][trace] CMS: promo attempt is safe: available(6912212992) >= av_promo(0), max_promo(872690944)
[2025-06-12T11:01:00.360+0000][4999.331s][1488][1512][trace] CMS: promo attempt is safe: available(6912212992) >= av_promo(0), max_promo(872690944)
[2025-06-12T11:01:10.359+0000][5009.330s][1488][1512][trace] CMS: promo attempt is safe: available(6912212992) >= av_promo(0), max_promo(872690944)
[2025-06-12T11:01:20.358+0000][5019.329s][1488][1512][trace] CMS: promo attempt is safe: available(6912212992) >= av_promo(0), max_promo(872690944)
[2025-06-12T11:01:30.357+0000][5029.329s][1488][1512][trace] CMS: promo attempt is safe: available(6912212992) >= av_promo(0), max_promo(872690944)
[2025-06-12T11:01:40.359+0000][5039.330s][1488][1512][trace] CMS: promo attempt is safe: available(6912212992) >= av_promo(0), max_promo(872690944)
[2025-06-12T11:01:50.358+0000][5049.329s][1488][1512][trace] CMS: promo attempt is safe: available(6912212992) >= av_promo(0), max_promo(872690944)
[2025-06-12T11:02:00.359+0000][5059.330s][1488][1512][trace] CMS: promo attempt is safe: available(6912212992) >= av_promo(0), max_promo(872690944)
[2025-06-12T11:02:10.358+0000][5069.330s][1488][1512][trace] CMS: promo attempt is safe: available(6912212992) >= av_promo(0), max_promo(872690944)
[2025-06-12T11:02:20.357+0000][5079.329s][1488][1512][trace] CMS: promo attempt is safe: available(6912212992) >= av_promo(0), max_promo(872690944)
[2025-06-12T11:02:30.357+0000][5089.328s][1488][1512][trace] CMS: promo attempt is safe: available(6912212992) >= av_promo(0), max_promo(872690944)
[2025-06-12T11:02:40.356+0000][5099.327s][1488][1512][trace] CMS: promo attempt is safe: available(6912212992) >= av_promo(0), max_promo(872690944)
[2025-06-12T11:02:50.355+0000][5109.327s][1488][1512][trace] CMS: promo attempt is safe: available(6912212992) >= av_promo(0), max_promo(872690944)
[2025-06-12T11:03:00.354+0000][5119.326s][1488][1512][trace] CMS: promo attempt is safe: available(6912212992) >= av_promo(0), max_promo(872690944)
[2025-06-12T11:03:02.896+0000][5121.867s][1488][1513][info ] Application time: 140.0205640 seconds
[2025-06-12T11:03:02.896+0000][5121.867s][1488][1513][info ] Entering safepoint region: Cleanup
[2025-06-12T11:03:02.896+0000][5121.868s][1488][1513][info ] Leaving safepoint region
[2025-06-12T11:03:02.896+0000][5121.868s][1488][1513][info ] Total time for which application threads were stopped: 0.0002131 seconds, Stopping threads took: 0.0000473 seconds
[2025-06-12T11:03:10.354+0000][5129.326s][1488][1512][trace] CMS: promo attempt is safe: available(6912212992) >= av_promo(0), max_promo(872690944)
[2025-06-12T11:03:20.354+0000][5139.325s][1488][1512][trace] CMS: promo attempt is safe: available(6912212992) >= av_promo(0), max_promo(872690944)
[2025-06-12T11:03:30.353+0000][5149.324s][1488][1512][trace] CMS: promo attempt is safe: available(6912212992) >= av_promo(0), max_promo(872690944)
[2025-06-12T11:03:32.907+0000][5151.879s][1488][1513][info ] Application time: 30.0108600 seconds
[2025-06-12T11:03:32.907+0000][5151.879s][1488][1513][info ] Entering safepoint region: Cleanup
[2025-06-12T11:03:32.907+0000][5151.879s][1488][1513][info ] Leaving safepoint region
[2025-06-12T11:03:32.907+0000][5151.879s][1488][1513][info ] Total time for which application threads were stopped: 0.0001814 seconds, Stopping threads took: 0.0000403 seconds
[2025-06-12T11:03:40.352+0000][5159.324s][1488][1512][trace] CMS: promo attempt is safe: available(6912212992) >= av_promo(0), max_promo(886112752)
[2025-06-12T11:03:43.931+0000][5162.902s][1488][1513][info ] Application time: 11.0236234 seconds
[2025-06-12T11:03:43.931+0000][5162.903s][1488][1513][info ] Entering safepoint region: Cleanup
[2025-06-12T11:03:43.931+0000][5162.903s][1488][1513][info ] Leaving safepoint region
[2025-06-12T11:03:43.931+0000][5162.903s][1488][1513][info ] Total time for which application threads were stopped: 0.0002432 seconds, Stopping threads took: 0.0000530 seconds
[2025-06-12T11:03:50.352+0000][5169.323s][1488][1512][trace] CMS: promo attempt is safe: available(6912212992) >= av_promo(0), max_promo(886112752)
[2025-06-12T11:04:00.351+0000][5179.322s][1488][1512][trace] CMS: promo attempt is safe: available(6912212992) >= av_promo(0), max_promo(886112752)
[2025-06-12T11:04:00.947+0000][5179.919s][1488][1513][info ] Application time: 17.0158389 seconds
[2025-06-12T11:04:00.947+0000][5179.919s][1488][1513][info ] Entering safepoint region: Cleanup
[2025-06-12T11:04:00.947+0000][5179.919s][1488][1513][info ] Leaving safepoint region
[2025-06-12T11:04:00.947+0000][5179.919s][1488][1513][info ] Total time for which application threads were stopped: 0.0001558 seconds, Stopping threads took: 0.0000265 seconds
[2025-06-12T11:04:10.351+0000][5189.322s][1488][1512][trace] CMS: promo attempt is safe: available(6912212992) >= av_promo(0), max_promo(889095392)
[2025-06-12T11:04:20.350+0000][5199.321s][1488][1512][trace] CMS: promo attempt is safe: available(6912212992) >= av_promo(0), max_promo(889095392)
[2025-06-12T11:04:30.349+0000][5209.321s][1488][1512][trace] CMS: promo attempt is safe: available(6912212992) >= av_promo(0), max_promo(889095392)
[2025-06-12T11:04:36.972+0000][5215.943s][1488][1513][info ] Application time: 36.0242841 seconds
[2025-06-12T11:04:36.972+0000][5215.943s][1488][1513][info ] Entering safepoint region: Cleanup
[2025-06-12T11:04:36.972+0000][5215.944s][1488][1513][info ] Leaving safepoint region
[2025-06-12T11:04:36.972+0000][5215.944s][1488][1513][info ] Total time for which application threads were stopped: 0.0003997 seconds, Stopping threads took: 0.0000966 seconds
[2025-06-12T11:04:40.351+0000][5219.322s][1488][1512][trace] CMS: promo attempt is safe: available(6912212992) >= av_promo(0), max_promo(889095392)
[2025-06-12T11:04:50.350+0000][5229.322s][1488][1512][trace] CMS: promo attempt is safe: available(6912212992) >= av_promo(0), max_promo(889095392)
[2025-06-12T11:05:00.350+0000][5239.321s][1488][1512][trace] CMS: promo attempt is safe: available(6912212992) >= av_promo(0), max_promo(889095392)
[2025-06-12T11:05:04.015+0000][5242.987s][1488][1513][info ] Application time: 27.0428074 seconds
[2025-06-12T11:05:04.015+0000][5242.987s][1488][1513][info ] Entering safepoint region: Cleanup
[2025-06-12T11:05:04.015+0000][5242.987s][1488][1513][info ] Leaving safepoint region
[2025-06-12T11:05:04.015+0000][5242.987s][1488][1513][info ] Total time for which application threads were stopped: 0.0002000 seconds, Stopping threads took: 0.0000448 seconds
[2025-06-12T11:05:10.350+0000][5249.321s][1488][1512][trace] CMS: promo attempt is safe: available(6912212992) >= av_promo(0), max_promo(889095392)
[2025-06-12T11:05:20.349+0000][5259.320s][1488][1512][trace] CMS: promo attempt is safe: available(6912212992) >= av_promo(0), max_promo(889095392)
[2025-06-12T11:05:30.348+0000][5269.320s][1488][1512][trace] CMS: promo attempt is safe: available(6912212992) >= av_promo(0), max_promo(889095392)
[2025-06-12T11:05:40.347+0000][5279.319s][1488][1512][trace] CMS: promo attempt is safe: available(6912212992) >= av_promo(0), max_promo(889095392)
[2025-06-12T11:05:50.346+0000][5289.318s][1488][1512][trace] CMS: promo attempt is safe: available(6912212992) >= av_promo(0), max_promo(889095392)
[2025-06-12T11:06:00.346+0000][5299.317s][1488][1512][trace] CMS: promo attempt is safe: available(6912212992) >= av_promo(0), max_promo(889095392)
[2025-06-12T11:06:10.345+0000][5309.316s][1488][1512][trace] CMS: promo attempt is safe: available(6912212992) >= av_promo(0), max_promo(889095392)
[2025-06-12T11:06:20.344+0000][5319.315s][1488][1512][trace] CMS: promo attempt is safe: available(6912212992) >= av_promo(0), max_promo(889095392)
[2025-06-12T11:06:30.343+0000][5329.315s][1488][1512][trace] CMS: promo attempt is safe: available(6912212992) >= av_promo(0), max_promo(889095392)
[2025-06-12T11:06:40.342+0000][5339.314s][1488][1512][trace] CMS: promo attempt is safe: available(6912212992) >= av_promo(0), max_promo(889095392)
[2025-06-12T11:06:50.341+0000][5349.313s][1488][1512][trace] CMS: promo attempt is safe: available(6912212992) >= av_promo(0), max_promo(889095392)
[2025-06-12T11:07:00.341+0000][5359.312s][1488][1512][trace] CMS: promo attempt is safe: available(6912212992) >= av_promo(0), max_promo(889095392)
[2025-06-12T11:07:10.340+0000][5369.311s][1488][1512][trace] CMS: promo attempt is safe: available(6912212992) >= av_promo(0), max_promo(889095392)
[2025-06-12T11:07:20.341+0000][5379.312s][1488][1512][trace] CMS: promo attempt is safe: available(6912212992) >= av_promo(0), max_promo(889095392)
[2025-06-12T11:07:30.340+0000][5389.312s][1488][1512][trace] CMS: promo attempt is safe: available(6912212992) >= av_promo(0), max_promo(889095392)
[2025-06-12T11:07:34.057+0000][5393.028s][1488][1513][info ] Application time: 150.0413057 seconds
[2025-06-12T11:07:34.057+0000][5393.028s][1488][1513][info ] Entering safepoint region: Cleanup
[2025-06-12T11:07:34.057+0000][5393.028s][1488][1513][info ] Leaving safepoint region
[2025-06-12T11:07:34.057+0000][5393.028s][1488][1513][info ] Total time for which application threads were stopped: 0.0001867 seconds, Stopping threads took: 0.0000362 seconds
[2025-06-12T11:07:38.057+0000][5397.029s][1488][1513][info ] Application time: 4.0004117 seconds
[2025-06-12T11:07:38.057+0000][5397.029s][1488][1513][info ] Entering safepoint region: Cleanup
[2025-06-12T11:07:38.058+0000][5397.029s][1488][1513][info ] Leaving safepoint region
[2025-06-12T11:07:38.058+0000][5397.029s][1488][1513][info ] Total time for which application threads were stopped: 0.0001603 seconds, Stopping threads took: 0.0000491 seconds
[2025-06-12T11:07:40.340+0000][5399.311s][1488][1512][trace] CMS: promo attempt is safe: available(6912212992) >= av_promo(0), max_promo(889095392)
[2025-06-12T11:07:50.339+0000][5409.310s][1488][1512][trace] CMS: promo attempt is safe: available(6912212992) >= av_promo(0), max_promo(889095392)
[2025-06-12T11:08:00.338+0000][5419.310s][1488][1512][trace] CMS: promo attempt is safe: available(6912212992) >= av_promo(0), max_promo(889095392)
[2025-06-12T11:08:10.337+0000][5429.309s][1488][1512][trace] CMS: promo attempt is safe: available(6912212992) >= av_promo(0), max_promo(889095392)
[2025-06-12T11:08:20.336+0000][5439.308s][1488][1512][trace] CMS: promo attempt is safe: available(6912212992) >= av_promo(0), max_promo(889095392)
[2025-06-12T11:08:30.336+0000][5449.307s][1488][1512][trace] CMS: promo attempt is safe: available(6912212992) >= av_promo(0), max_promo(902517192)
[2025-06-12T11:08:33.063+0000][5452.034s][1488][1513][info ] Application time: 55.0053060 seconds
[2025-06-12T11:08:33.063+0000][5452.035s][1488][1513][info ] Entering safepoint region: Cleanup
[2025-06-12T11:08:33.063+0000][5452.035s][1488][1513][info ] Leaving safepoint region
[2025-06-12T11:08:33.063+0000][5452.035s][1488][1513][info ] Total time for which application threads were stopped: 0.0001424 seconds, Stopping threads took: 0.0000349 seconds
[2025-06-12T11:08:40.335+0000][5459.307s][1488][1512][trace] CMS: promo attempt is safe: available(6912212992) >= av_promo(0), max_promo(902517192)
[2025-06-12T11:08:50.334+0000][5469.306s][1488][1512][trace] CMS: promo attempt is safe: available(6912212992) >= av_promo(0), max_promo(902517192)
[2025-06-12T11:09:00.334+0000][5479.305s][1488][1512][trace] CMS: promo attempt is safe: available(6912212992) >= av_promo(0), max_promo(902517192)
[2025-06-12T11:09:03.066+0000][5482.037s][1488][1513][info ] Application time: 30.0025970 seconds
[2025-06-12T11:09:03.066+0000][5482.037s][1488][1513][info ] Entering safepoint region: Cleanup
[2025-06-12T11:09:03.066+0000][5482.038s][1488][1513][info ] Leaving safepoint region
[2025-06-12T11:09:03.066+0000][5482.038s][1488][1513][info ] Total time for which application threads were stopped: 0.0002015 seconds, Stopping threads took: 0.0000373 seconds
[2025-06-12T11:09:09.067+0000][5488.038s][1488][1513][info ] Application time: 6.0005442 seconds
[2025-06-12T11:09:09.067+0000][5488.038s][1488][1513][info ] Entering safepoint region: Cleanup
[2025-06-12T11:09:09.067+0000][5488.038s][1488][1513][info ] Leaving safepoint region
[2025-06-12T11:09:09.067+0000][5488.038s][1488][1513][info ] Total time for which application threads were stopped: 0.0001410 seconds, Stopping threads took: 0.0000279 seconds
[2025-06-12T11:09:10.333+0000][5489.304s][1488][1512][trace] CMS: promo attempt is safe: available(6912212992) >= av_promo(0), max_promo(902517192)
[2025-06-12T11:09:20.332+0000][5499.304s][1488][1512][trace] CMS: promo attempt is safe: available(6912212992) >= av_promo(0), max_promo(902517192)
[2025-06-12T11:09:30.331+0000][5509.303s][1488][1512][trace] CMS: promo attempt is safe: available(6912212992) >= av_promo(0), max_promo(902517192)
[2025-06-12T11:09:40.330+0000][5519.302s][1488][1512][trace] CMS: promo attempt is safe: available(6912212992) >= av_promo(0), max_promo(902517192)
[2025-06-12T11:09:50.330+0000][5529.301s][1488][1512][trace] CMS: promo attempt is safe: available(6912212992) >= av_promo(0), max_promo(902517192)
[2025-06-12T11:10:00.329+0000][5539.300s][1488][1512][trace] CMS: promo attempt is safe: available(6912212992) >= av_promo(0), max_promo(902517192)
[2025-06-12T11:10:10.328+0000][5549.299s][1488][1512][trace] CMS: promo attempt is safe: available(6912212992) >= av_promo(0), max_promo(902517192)
[2025-06-12T11:10:20.327+0000][5559.299s][1488][1512][trace] CMS: promo attempt is safe: available(6912212992) >= av_promo(0), max_promo(902517192)
[2025-06-12T11:10:30.326+0000][5569.298s][1488][1512][trace] CMS: promo attempt is safe: available(6912212992) >= av_promo(0), max_promo(902517192)
[2025-06-12T11:10:40.325+0000][5579.297s][1488][1512][trace] CMS: promo attempt is safe: available(6912212992) >= av_promo(0), max_promo(902517192)
[2025-06-12T11:10:50.325+0000][5589.296s][1488][1512][trace] CMS: promo attempt is safe: available(6912212992) >= av_promo(0), max_promo(902517192)
[2025-06-12T11:11:00.324+0000][5599.295s][1488][1512][trace] CMS: promo attempt is safe: available(6912212992) >= av_promo(0), max_promo(902517192)
[2025-06-12T11:11:10.323+0000][5609.295s][1488][1512][trace] CMS: promo attempt is safe: available(6912212992) >= av_promo(0), max_promo(902517192)
[2025-06-12T11:11:20.322+0000][5619.294s][1488][1512][trace] CMS: promo attempt is safe: available(6912212992) >= av_promo(0), max_promo(902517192)
[2025-06-12T11:11:30.321+0000][5629.293s][1488][1512][trace] CMS: promo attempt is safe: available(6912212992) >= av_promo(0), max_promo(902517192)
[2025-06-12T11:11:40.321+0000][5639.292s][1488][1512][trace] CMS: promo attempt is safe: available(6912212992) >= av_promo(0), max_promo(902517192)
[2025-06-12T11:11:50.320+0000][5649.291s][1488][1512][trace] CMS: promo attempt is safe: available(6912212992) >= av_promo(0), max_promo(902517192)
[2025-06-12T11:11:57.086+0000][5656.058s][1488][1513][info ] Application time: 168.0192890 seconds
[2025-06-12T11:11:57.086+0000][5656.058s][1488][1513][info ] Entering safepoint region: Cleanup
[2025-06-12T11:11:57.086+0000][5656.058s][1488][1513][info ] Leaving safepoint region
[2025-06-12T11:11:57.086+0000][5656.058s][1488][1513][info ] Total time for which application threads were stopped: 0.0001679 seconds, Stopping threads took: 0.0000325 seconds
[2025-06-12T11:12:00.087+0000][5659.058s][1488][1513][info ] Application time: 3.0002871 seconds
[2025-06-12T11:12:00.087+0000][5659.058s][1488][1513][info ] Entering safepoint region: Cleanup
[2025-06-12T11:12:00.087+0000][5659.058s][1488][1513][info ] Leaving safepoint region
[2025-06-12T11:12:00.087+0000][5659.058s][1488][1513][info ] Total time for which application threads were stopped: 0.0001906 seconds, Stopping threads took: 0.0000330 seconds
[2025-06-12T11:12:00.319+0000][5659.291s][1488][1512][trace] CMS: promo attempt is safe: available(6912212992) >= av_promo(0), max_promo(902517192)
[2025-06-12T11:12:10.318+0000][5669.290s][1488][1512][trace] CMS: promo attempt is safe: available(6912212992) >= av_promo(0), max_promo(902517192)
[2025-06-12T11:12:20.318+0000][5679.289s][1488][1512][trace] CMS: promo attempt is safe: available(6912212992) >= av_promo(0), max_promo(915940000)
[2025-06-12T11:12:30.317+0000][5689.288s][1488][1512][trace] CMS: promo attempt is safe: available(6912212992) >= av_promo(0), max_promo(915940000)
[2025-06-12T11:12:40.318+0000][5699.290s][1488][1512][trace] CMS: promo attempt is safe: available(6912212992) >= av_promo(0), max_promo(915940000)
[2025-06-12T11:12:50.317+0000][5709.289s][1488][1512][trace] CMS: promo attempt is safe: available(6912212992) >= av_promo(0), max_promo(915940000)
[2025-06-12T11:13:00.317+0000][5719.288s][1488][1512][trace] CMS: promo attempt is safe: available(6912212992) >= av_promo(0), max_promo(915940000)
[2025-06-12T11:13:10.316+0000][5729.288s][1488][1512][trace] CMS: promo attempt is safe: available(6912212992) >= av_promo(0), max_promo(915940000)
[2025-06-12T11:13:20.316+0000][5739.287s][1488][1512][trace] CMS: promo attempt is safe: available(6912212992) >= av_promo(0), max_promo(915940000)
[2025-06-12T11:13:30.317+0000][5749.289s][1488][1512][trace] CMS: promo attempt is safe: available(6912212992) >= av_promo(0), max_promo(915940000)
[2025-06-12T11:13:33.137+0000][5752.108s][1488][1513][info ] Application time: 93.0499056 seconds
[2025-06-12T11:13:33.137+0000][5752.108s][1488][1513][info ] Entering safepoint region: Cleanup
[2025-06-12T11:13:33.137+0000][5752.109s][1488][1513][info ] Leaving safepoint region
[2025-06-12T11:13:33.137+0000][5752.109s][1488][1513][info ] Total time for which application threads were stopped: 0.0002794 seconds, Stopping threads took: 0.0000373 seconds
[2025-06-12T11:13:40.316+0000][5759.288s][1488][1512][trace] CMS: promo attempt is safe: available(6912212992) >= av_promo(0), max_promo(915940000)
[2025-06-12T11:13:50.316+0000][5769.287s][1488][1512][trace] CMS: promo attempt is safe: available(6912212992) >= av_promo(0), max_promo(915940000)
[2025-06-12T11:14:00.319+0000][5779.291s][1488][1512][trace] CMS: promo attempt is safe: available(6912212992) >= av_promo(0), max_promo(915940000)
[2025-06-12T11:14:01.151+0000][5780.123s][1488][1513][info ] Application time: 28.0138307 seconds
[2025-06-12T11:14:01.151+0000][5780.123s][1488][1513][info ] Entering safepoint region: Cleanup
[2025-06-12T11:14:01.151+0000][5780.123s][1488][1513][info ] Leaving safepoint region
[2025-06-12T11:14:01.151+0000][5780.123s][1488][1513][info ] Total time for which application threads were stopped: 0.0001886 seconds, Stopping threads took: 0.0000387 seconds
[2025-06-12T11:14:10.319+0000][5789.290s][1488][1512][trace] CMS: promo attempt is safe: available(6912212992) >= av_promo(0), max_promo(915940000)
[2025-06-12T11:14:20.318+0000][5799.290s][1488][1512][trace] CMS: promo attempt is safe: available(6912212992) >= av_promo(0), max_promo(915940000)
[2025-06-12T11:14:30.318+0000][5809.289s][1488][1512][trace] CMS: promo attempt is safe: available(6912212992) >= av_promo(0), max_promo(915940000)
[2025-06-12T11:14:40.317+0000][5819.288s][1488][1512][trace] CMS: promo attempt is safe: available(6912212992) >= av_promo(0), max_promo(915940000)
[2025-06-12T11:14:50.316+0000][5829.287s][1488][1512][trace] CMS: promo attempt is safe: available(6912212992) >= av_promo(0), max_promo(915940000)
[2025-06-12T11:15:00.316+0000][5839.287s][1488][1512][trace] CMS: promo attempt is safe: available(6912212992) >= av_promo(0), max_promo(915940000)
[2025-06-12T11:15:10.315+0000][5849.286s][1488][1512][trace] CMS: promo attempt is safe: available(6912212992) >= av_promo(0), max_promo(915940000)
[2025-06-12T11:15:20.314+0000][5859.286s][1488][1512][trace] CMS: promo attempt is safe: available(6912212992) >= av_promo(0), max_promo(915940000)
[2025-06-12T11:15:30.315+0000][5869.287s][1488][1512][trace] CMS: promo attempt is safe: available(6912212992) >= av_promo(0), max_promo(915940000)
[2025-06-12T11:15:40.314+0000][5879.286s][1488][1512][trace] CMS: promo attempt is safe: available(6912212992) >= av_promo(0), max_promo(915940000)
[2025-06-12T11:15:50.313+0000][5889.285s][1488][1512][trace] CMS: promo attempt is safe: available(6912212992) >= av_promo(0), max_promo(915940000)
[2025-06-12T11:16:00.313+0000][5899.284s][1488][1512][trace] CMS: promo attempt is safe: available(6912212992) >= av_promo(0), max_promo(915940000)
[2025-06-12T11:16:10.312+0000][5909.283s][1488][1512][trace] CMS: promo attempt is safe: available(6912212992) >= av_promo(0), max_promo(915940000)
[2025-06-12T11:16:20.311+0000][5919.282s][1488][1512][trace] CMS: promo attempt is safe: available(6912212992) >= av_promo(0), max_promo(915940000)
[2025-06-12T11:16:30.310+0000][5929.282s][1488][1512][trace] CMS: promo attempt is safe: available(6912212992) >= av_promo(0), max_promo(915940000)
[2025-06-12T11:16:40.309+0000][5939.281s][1488][1512][trace] CMS: promo attempt is safe: available(6912212992) >= av_promo(0), max_promo(915940000)
[2025-06-12T11:16:50.308+0000][5949.280s][1488][1512][trace] CMS: promo attempt is safe: available(6912212992) >= av_promo(0), max_promo(915940000)
[2025-06-12T11:17:00.308+0000][5959.279s][1488][1512][trace] CMS: promo attempt is safe: available(6912212992) >= av_promo(0), max_promo(915940000)
[2025-06-12T11:17:10.307+0000][5969.278s][1488][1512][trace] CMS: promo attempt is safe: available(6912212992) >= av_promo(0), max_promo(915940000)
[2025-06-12T11:17:19.192+0000][5978.164s][1488][1513][info ] Application time: 198.0408771 seconds
[2025-06-12T11:17:19.193+0000][5978.164s][1488][1513][info ] Entering safepoint region: Cleanup
[2025-06-12T11:17:19.193+0000][5978.164s][1488][1513][info ] Leaving safepoint region
[2025-06-12T11:17:19.193+0000][5978.165s][1488][1513][info ] Total time for which application threads were stopped: 0.0007281 seconds, Stopping threads took: 0.0005695 seconds
[2025-06-12T11:17:20.193+0000][5979.165s][1488][1513][info ] Application time: 1.0000905 seconds
[2025-06-12T11:17:20.198+0000][5979.170s][1488][1513][info ] Entering safepoint region: Cleanup
[2025-06-12T11:17:20.198+0000][5979.170s][1488][1513][info ] Leaving safepoint region
[2025-06-12T11:17:20.198+0000][5979.170s][1488][1513][info ] Total time for which application threads were stopped: 0.0002723 seconds, Stopping threads took: 0.0000686 seconds
[2025-06-12T11:17:20.306+0000][5979.278s][1488][1512][trace] CMS: promo attempt is safe: available(6912212992) >= av_promo(0), max_promo(954714272)
[2025-06-12T11:17:22.199+0000][5981.170s][1488][1513][info ] Application time: 2.0002054 seconds
[2025-06-12T11:17:22.199+0000][5981.170s][1488][1513][info ] Entering safepoint region: Cleanup
[2025-06-12T11:17:22.199+0000][5981.170s][1488][1513][info ] Leaving safepoint region
[2025-06-12T11:17:22.199+0000][5981.170s][1488][1513][info ] Total time for which application threads were stopped: 0.0002487 seconds, Stopping threads took: 0.0000526 seconds
[2025-06-12T11:17:23.944+0000][5982.915s][1488][1512][trace] CMS: promo attempt is safe: available(6912212992) >= av_promo(0), max_promo(1008123384)
[2025-06-12T11:17:23.944+0000][5982.916s][1488][18263][info ] Heap
[2025-06-12T11:17:23.944+0000][5982.916s][1488][18263][info ]  par new generation   total 1474560K, used 984495K [0x0000000600000000, 0x0000000664000000, 0x0000000664000000)
[2025-06-12T11:17:23.944+0000][5982.916s][1488][18263][info ]   eden space 1310720K,  72% used [0x0000000600000000, 0x000000063a54fe78, 0x0000000650000000)
[2025-06-12T11:17:23.944+0000][5982.916s][1488][18263][info ]   from space 163840K,  17% used [0x000000065a000000, 0x000000065bc1bf80, 0x0000000664000000)
[2025-06-12T11:17:23.944+0000][5982.916s][1488][18263][info ]   to   space 163840K,   0% used [0x0000000650000000, 0x0000000650000000, 0x000000065a000000)
[2025-06-12T11:17:23.944+0000][5982.916s][1488][18263][info ]  concurrent mark-sweep generation total 6750208K, used 0K [0x0000000664000000, 0x0000000800000000, 0x0000000800000000)
[2025-06-12T11:17:23.944+0000][5982.916s][1488][18263][info ]  Metaspace       used 60366K, capacity 62215K, committed 62388K, reserved 1103872K
[2025-06-12T11:17:23.944+0000][5982.916s][1488][18263][info ]   class space    used 6668K, capacity 7437K, committed 7508K, reserved 1048576K
[2025-06-12T11:17:23.945+0000][5982.916s][1488][18263][debug] Accumulated young generation GC time 0.1041472 secs, 1 GC's, avg GC time 0.1041472
[2025-06-12T11:17:23.945+0000][5982.917s][1488][18263][debug] Accumulated old generation GC time 0.0000000 secs, 0 GC's, avg GC time 0.0000000
[2025-06-12T11:17:23.945+0000][5982.917s][1488][1513 ][info ] Application time: 1.7462550 seconds
[2025-06-12T11:17:23.945+0000][5982.917s][1488][1513 ][info ] Entering safepoint region: Exit
