[2025-06-12T01:47:22.255+0000][0.007s][15139][15142][debug] Minimum heap 8589934592  Initial heap 8589934592  Maximum heap 8589934592
[2025-06-12T01:47:22.255+0000][0.007s][15139][15142][trace] 1: Minimum young 1677721600  Initial young 1677721600  Maximum young 1677721600
[2025-06-12T01:47:22.255+0000][0.007s][15139][15142][trace] Minimum old 65536  Initial old 6912212992  Maximum old 6912212992
[2025-06-12T01:47:22.255+0000][0.007s][15139][15142][trace] Trying to allocate at address 0x0000000600000000 heap of size 0x200000000
[2025-06-12T01:47:29.437+0000][7.189s][15139][15142][info ] Using Concurrent Mark Sweep
[2025-06-12T01:47:29.437+0000][7.189s][15139][15142][info ] Heap address: 0x0000000600000000, size: 8192 MB, Compressed Oops mode: Zero based, Oop shift amount: 3
[2025-06-12T01:47:29.942+0000][7.694s][15139][15204][info ] Application time: 0.2020376 seconds
[2025-06-12T01:47:29.942+0000][7.694s][15139][15204][info ] Entering safepoint region: Deoptimize
[2025-06-12T01:47:29.942+0000][7.695s][15139][15204][info ] Leaving safepoint region
[2025-06-12T01:47:29.942+0000][7.695s][15139][15204][info ] Total time for which application threads were stopped: 0.0002081 seconds, Stopping threads took: 0.0000203 seconds
[2025-06-12T01:47:29.951+0000][7.703s][15139][15204][info ] Application time: 0.0088475 seconds
[2025-06-12T01:47:29.951+0000][7.703s][15139][15204][info ] Entering safepoint region: Deoptimize
[2025-06-12T01:47:29.951+0000][7.704s][15139][15204][info ] Leaving safepoint region
[2025-06-12T01:47:29.951+0000][7.704s][15139][15204][info ] Total time for which application threads were stopped: 0.0000778 seconds, Stopping threads took: 0.0000095 seconds
[2025-06-12T01:47:30.006+0000][7.758s][15139][15204][info ] Application time: 0.0541112 seconds
[2025-06-12T01:47:30.006+0000][7.758s][15139][15204][info ] Entering safepoint region: Deoptimize
[2025-06-12T01:47:30.006+0000][7.758s][15139][15204][info ] Leaving safepoint region
[2025-06-12T01:47:30.006+0000][7.758s][15139][15204][info ] Total time for which application threads were stopped: 0.0000935 seconds, Stopping threads took: 0.0000105 seconds
[2025-06-12T01:47:30.969+0000][8.721s][15139][15204][info ] Application time: 0.9631616 seconds
[2025-06-12T01:47:30.969+0000][8.721s][15139][15204][info ] Entering safepoint region: ICBufferFull
[2025-06-12T01:47:30.969+0000][8.721s][15139][15204][info ] Leaving safepoint region
[2025-06-12T01:47:30.969+0000][8.721s][15139][15204][info ] Total time for which application threads were stopped: 0.0001702 seconds, Stopping threads took: 0.0000183 seconds
[2025-06-12T01:47:31.025+0000][8.778s][15139][15204][info ] Application time: 0.0563807 seconds
[2025-06-12T01:47:31.026+0000][8.778s][15139][15204][info ] Entering safepoint region: CollectForMetadataAllocation
[2025-06-12T01:47:31.026+0000][8.778s][15139][15204][info ] Leaving safepoint region
[2025-06-12T01:47:31.026+0000][8.778s][15139][15204][info ] Total time for which application threads were stopped: 0.0003605 seconds, Stopping threads took: 0.0000135 seconds
[2025-06-12T01:47:31.080+0000][8.832s][15139][15204][info ] Application time: 0.0543589 seconds
[2025-06-12T01:47:31.080+0000][8.832s][15139][15204][info ] Entering safepoint region: CollectForMetadataAllocation
[2025-06-12T01:47:31.082+0000][8.834s][15139][15204][info ] Leaving safepoint region
[2025-06-12T01:47:31.082+0000][8.834s][15139][15204][info ] Total time for which application threads were stopped: 0.0015021 seconds, Stopping threads took: 0.0000124 seconds
[2025-06-12T01:47:31.082+0000][8.834s][15139][15204][info ] Application time: 0.0002203 seconds
[2025-06-12T01:47:31.082+0000][8.834s][15139][15204][info ] Entering safepoint region: Deoptimize
[2025-06-12T01:47:31.082+0000][8.834s][15139][15204][info ] Leaving safepoint region
[2025-06-12T01:47:31.082+0000][8.834s][15139][15204][info ] Total time for which application threads were stopped: 0.0002008 seconds, Stopping threads took: 0.0000083 seconds
[2025-06-12T01:47:31.100+0000][8.852s][15139][15204][info ] Application time: 0.0174737 seconds
[2025-06-12T01:47:31.100+0000][8.852s][15139][15204][info ] Entering safepoint region: Deoptimize
[2025-06-12T01:47:31.100+0000][8.852s][15139][15204][info ] Leaving safepoint region
[2025-06-12T01:47:31.100+0000][8.852s][15139][15204][info ] Total time for which application threads were stopped: 0.0002185 seconds, Stopping threads took: 0.0000128 seconds
[2025-06-12T01:47:31.114+0000][8.866s][15139][15204][info ] Application time: 0.0140802 seconds
[2025-06-12T01:47:31.114+0000][8.866s][15139][15204][info ] Entering safepoint region: CollectForMetadataAllocation
[2025-06-12T01:47:31.115+0000][8.867s][15139][15204][info ] Leaving safepoint region
[2025-06-12T01:47:31.115+0000][8.867s][15139][15204][info ] Total time for which application threads were stopped: 0.0011855 seconds, Stopping threads took: 0.0000145 seconds
[2025-06-12T01:47:31.216+0000][8.969s][15139][15204][info ] Application time: 0.1010885 seconds
[2025-06-12T01:47:31.216+0000][8.969s][15139][15204][info ] Entering safepoint region: CollectForMetadataAllocation
[2025-06-12T01:47:31.217+0000][8.969s][15139][15204][info ] Leaving safepoint region
[2025-06-12T01:47:31.217+0000][8.969s][15139][15204][info ] Total time for which application threads were stopped: 0.0007885 seconds, Stopping threads took: 0.0000115 seconds
[2025-06-12T01:47:31.242+0000][8.994s][15139][15204][info ] Application time: 0.0243059 seconds
[2025-06-12T01:47:31.242+0000][8.994s][15139][15204][info ] Entering safepoint region: CollectForMetadataAllocation
[2025-06-12T01:47:31.242+0000][8.994s][15139][15204][info ] Leaving safepoint region
[2025-06-12T01:47:31.242+0000][8.994s][15139][15204][info ] Total time for which application threads were stopped: 0.0006391 seconds, Stopping threads took: 0.0000105 seconds
[2025-06-12T01:47:31.437+0000][9.189s][15139][15204][info ] Application time: 0.1945252 seconds
[2025-06-12T01:47:31.437+0000][9.189s][15139][15204][info ] Entering safepoint region: CollectForMetadataAllocation
[2025-06-12T01:47:31.437+0000][9.189s][15139][15204][info ] Leaving safepoint region
[2025-06-12T01:47:31.437+0000][9.189s][15139][15204][info ] Total time for which application threads were stopped: 0.0005355 seconds, Stopping threads took: 0.0000118 seconds
[2025-06-12T01:47:31.443+0000][9.195s][15139][15204][info ] Application time: 0.0056892 seconds
[2025-06-12T01:47:31.443+0000][9.195s][15139][15204][info ] Entering safepoint region: Deoptimize
[2025-06-12T01:47:31.443+0000][9.195s][15139][15204][info ] Leaving safepoint region
[2025-06-12T01:47:31.443+0000][9.195s][15139][15204][info ] Total time for which application threads were stopped: 0.0002532 seconds, Stopping threads took: 0.0000087 seconds
[2025-06-12T01:47:31.551+0000][9.303s][15139][15204][info ] Application time: 0.1076449 seconds
[2025-06-12T01:47:31.551+0000][9.303s][15139][15204][info ] Entering safepoint region: CollectForMetadataAllocation
[2025-06-12T01:47:31.551+0000][9.303s][15139][15204][info ] Leaving safepoint region
[2025-06-12T01:47:31.551+0000][9.303s][15139][15204][info ] Total time for which application threads were stopped: 0.0002040 seconds, Stopping threads took: 0.0000169 seconds
[2025-06-12T01:47:31.574+0000][9.326s][15139][15204][info ] Application time: 0.0228849 seconds
[2025-06-12T01:47:31.574+0000][9.326s][15139][15204][info ] Entering safepoint region: CollectForMetadataAllocation
[2025-06-12T01:47:31.574+0000][9.326s][15139][15204][info ] Leaving safepoint region
[2025-06-12T01:47:31.574+0000][9.326s][15139][15204][info ] Total time for which application threads were stopped: 0.0002172 seconds, Stopping threads took: 0.0000162 seconds
[2025-06-12T01:47:31.612+0000][9.364s][15139][15204][info ] Application time: 0.0377511 seconds
[2025-06-12T01:47:31.612+0000][9.364s][15139][15204][info ] Entering safepoint region: CollectForMetadataAllocation
[2025-06-12T01:47:31.613+0000][9.365s][15139][15204][info ] Leaving safepoint region
[2025-06-12T01:47:31.613+0000][9.365s][15139][15204][info ] Total time for which application threads were stopped: 0.0005425 seconds, Stopping threads took: 0.0000107 seconds
[2025-06-12T01:47:31.650+0000][9.402s][15139][15204][info ] Application time: 0.0370309 seconds
[2025-06-12T01:47:31.650+0000][9.402s][15139][15204][info ] Entering safepoint region: Deoptimize
[2025-06-12T01:47:31.650+0000][9.402s][15139][15204][info ] Leaving safepoint region
[2025-06-12T01:47:31.650+0000][9.402s][15139][15204][info ] Total time for which application threads were stopped: 0.0003110 seconds, Stopping threads took: 0.0000124 seconds
[2025-06-12T01:47:31.652+0000][9.404s][15139][15204][info ] Application time: 0.0013514 seconds
[2025-06-12T01:47:31.652+0000][9.404s][15139][15204][info ] Entering safepoint region: CollectForMetadataAllocation
[2025-06-12T01:47:31.652+0000][9.404s][15139][15204][info ] Leaving safepoint region
[2025-06-12T01:47:31.652+0000][9.404s][15139][15204][info ] Total time for which application threads were stopped: 0.0005858 seconds, Stopping threads took: 0.0000083 seconds
[2025-06-12T01:47:31.658+0000][9.410s][15139][15204][info ] Application time: 0.0059289 seconds
[2025-06-12T01:47:31.658+0000][9.410s][15139][15204][info ] Entering safepoint region: Deoptimize
[2025-06-12T01:47:31.658+0000][9.410s][15139][15204][info ] Leaving safepoint region
[2025-06-12T01:47:31.658+0000][9.410s][15139][15204][info ] Total time for which application threads were stopped: 0.0002115 seconds, Stopping threads took: 0.0000097 seconds
[2025-06-12T01:47:31.659+0000][9.411s][15139][15204][info ] Application time: 0.0002212 seconds
[2025-06-12T01:47:31.659+0000][9.411s][15139][15204][info ] Entering safepoint region: Deoptimize
[2025-06-12T01:47:31.659+0000][9.411s][15139][15204][info ] Leaving safepoint region
[2025-06-12T01:47:31.659+0000][9.411s][15139][15204][info ] Total time for which application threads were stopped: 0.0001060 seconds, Stopping threads took: 0.0000071 seconds
[2025-06-12T01:47:31.704+0000][9.456s][15139][15204][info ] Application time: 0.0453694 seconds
[2025-06-12T01:47:31.704+0000][9.456s][15139][15204][info ] Entering safepoint region: CollectForMetadataAllocation
[2025-06-12T01:47:31.705+0000][9.457s][15139][15204][info ] Leaving safepoint region
[2025-06-12T01:47:31.705+0000][9.457s][15139][15204][info ] Total time for which application threads were stopped: 0.0012917 seconds, Stopping threads took: 0.0000129 seconds
[2025-06-12T01:47:31.706+0000][9.458s][15139][15204][info ] Application time: 0.0009119 seconds
[2025-06-12T01:47:31.706+0000][9.458s][15139][15204][info ] Entering safepoint region: Deoptimize
[2025-06-12T01:47:31.707+0000][9.459s][15139][15204][info ] Leaving safepoint region
[2025-06-12T01:47:31.707+0000][9.459s][15139][15204][info ] Total time for which application threads were stopped: 0.0002561 seconds, Stopping threads took: 0.0000228 seconds
[2025-06-12T01:47:31.730+0000][9.482s][15139][15204][info ] Application time: 0.0229037 seconds
[2025-06-12T01:47:31.730+0000][9.482s][15139][15204][info ] Entering safepoint region: CollectForMetadataAllocation
[2025-06-12T01:47:31.732+0000][9.484s][15139][15204][info ] Leaving safepoint region
[2025-06-12T01:47:31.732+0000][9.484s][15139][15204][info ] Total time for which application threads were stopped: 0.0020804 seconds, Stopping threads took: 0.0000177 seconds
[2025-06-12T01:47:31.745+0000][9.497s][15139][15204][info ] Application time: 0.0131252 seconds
[2025-06-12T01:47:31.745+0000][9.497s][15139][15204][info ] Entering safepoint region: CollectForMetadataAllocation
[2025-06-12T01:47:31.746+0000][9.498s][15139][15204][info ] Leaving safepoint region
[2025-06-12T01:47:31.746+0000][9.498s][15139][15204][info ] Total time for which application threads were stopped: 0.0007846 seconds, Stopping threads took: 0.0000122 seconds
[2025-06-12T01:47:31.747+0000][9.500s][15139][15204][info ] Application time: 0.0018550 seconds
[2025-06-12T01:47:31.748+0000][9.500s][15139][15204][info ] Entering safepoint region: Deoptimize
[2025-06-12T01:47:31.748+0000][9.500s][15139][15204][info ] Leaving safepoint region
[2025-06-12T01:47:31.748+0000][9.500s][15139][15204][info ] Total time for which application threads were stopped: 0.0003424 seconds, Stopping threads took: 0.0000093 seconds
[2025-06-12T01:47:31.749+0000][9.501s][15139][15204][info ] Application time: 0.0008376 seconds
[2025-06-12T01:47:31.749+0000][9.501s][15139][15204][info ] Entering safepoint region: Deoptimize
[2025-06-12T01:47:31.749+0000][9.501s][15139][15204][info ] Leaving safepoint region
[2025-06-12T01:47:31.749+0000][9.501s][15139][15204][info ] Total time for which application threads were stopped: 0.0002297 seconds, Stopping threads took: 0.0000078 seconds
[2025-06-12T01:47:31.767+0000][9.520s][15139][15204][info ] Application time: 0.0185056 seconds
[2025-06-12T01:47:31.768+0000][9.520s][15139][15204][info ] Entering safepoint region: CollectForMetadataAllocation
[2025-06-12T01:47:31.769+0000][9.521s][15139][15204][info ] Leaving safepoint region
[2025-06-12T01:47:31.769+0000][9.521s][15139][15204][info ] Total time for which application threads were stopped: 0.0015094 seconds, Stopping threads took: 0.0000106 seconds
[2025-06-12T01:47:31.783+0000][9.536s][15139][15204][info ] Application time: 0.0144570 seconds
[2025-06-12T01:47:31.784+0000][9.536s][15139][15204][info ] Entering safepoint region: CollectForMetadataAllocation
[2025-06-12T01:47:31.784+0000][9.536s][15139][15204][info ] Leaving safepoint region
[2025-06-12T01:47:31.784+0000][9.536s][15139][15204][info ] Total time for which application threads were stopped: 0.0006738 seconds, Stopping threads took: 0.0000104 seconds
[2025-06-12T01:47:31.793+0000][9.545s][15139][15204][info ] Application time: 0.0085888 seconds
[2025-06-12T01:47:31.793+0000][9.545s][15139][15204][info ] Entering safepoint region: CollectForMetadataAllocation
[2025-06-12T01:47:31.795+0000][9.547s][15139][15204][info ] Leaving safepoint region
[2025-06-12T01:47:31.795+0000][9.547s][15139][15204][info ] Total time for which application threads were stopped: 0.0017584 seconds, Stopping threads took: 0.0000106 seconds
[2025-06-12T01:47:31.799+0000][9.551s][15139][15204][info ] Application time: 0.0041974 seconds
[2025-06-12T01:47:31.799+0000][9.551s][15139][15204][info ] Entering safepoint region: CollectForMetadataAllocation
[2025-06-12T01:47:31.799+0000][9.552s][15139][15204][info ] Leaving safepoint region
[2025-06-12T01:47:31.799+0000][9.552s][15139][15204][info ] Total time for which application threads were stopped: 0.0006101 seconds, Stopping threads took: 0.0000089 seconds
[2025-06-12T01:47:31.807+0000][9.559s][15139][15204][info ] Application time: 0.0077982 seconds
[2025-06-12T01:47:31.807+0000][9.559s][15139][15204][info ] Entering safepoint region: Deoptimize
[2025-06-12T01:47:31.807+0000][9.560s][15139][15204][info ] Leaving safepoint region
[2025-06-12T01:47:31.807+0000][9.560s][15139][15204][info ] Total time for which application threads were stopped: 0.0002316 seconds, Stopping threads took: 0.0000096 seconds
[2025-06-12T01:47:31.817+0000][9.569s][15139][15204][info ] Application time: 0.0096005 seconds
[2025-06-12T01:47:31.817+0000][9.569s][15139][15204][info ] Entering safepoint region: CollectForMetadataAllocation
[2025-06-12T01:47:31.818+0000][9.570s][15139][15204][info ] Leaving safepoint region
[2025-06-12T01:47:31.818+0000][9.570s][15139][15204][info ] Total time for which application threads were stopped: 0.0006389 seconds, Stopping threads took: 0.0000096 seconds
[2025-06-12T01:47:31.838+0000][9.590s][15139][15204][info ] Application time: 0.0201349 seconds
[2025-06-12T01:47:31.838+0000][9.590s][15139][15204][info ] Entering safepoint region: CollectForMetadataAllocation
[2025-06-12T01:47:31.838+0000][9.590s][15139][15204][info ] Leaving safepoint region
[2025-06-12T01:47:31.838+0000][9.590s][15139][15204][info ] Total time for which application threads were stopped: 0.0003287 seconds, Stopping threads took: 0.0000124 seconds
[2025-06-12T01:47:31.872+0000][9.625s][15139][15204][info ] Application time: 0.0341741 seconds
[2025-06-12T01:47:31.873+0000][9.625s][15139][15204][info ] Entering safepoint region: CollectForMetadataAllocation
[2025-06-12T01:47:31.873+0000][9.626s][15139][15204][info ] Leaving safepoint region
[2025-06-12T01:47:31.873+0000][9.626s][15139][15204][info ] Total time for which application threads were stopped: 0.0009725 seconds, Stopping threads took: 0.0000108 seconds
[2025-06-12T01:47:31.898+0000][9.650s][15139][15204][info ] Application time: 0.0243239 seconds
[2025-06-12T01:47:31.898+0000][9.650s][15139][15204][info ] Entering safepoint region: CollectForMetadataAllocation
[2025-06-12T01:47:31.898+0000][9.650s][15139][15204][info ] Leaving safepoint region
[2025-06-12T01:47:31.898+0000][9.650s][15139][15204][info ] Total time for which application threads were stopped: 0.0003120 seconds, Stopping threads took: 0.0000100 seconds
[2025-06-12T01:47:31.905+0000][9.657s][15139][15204][info ] Application time: 0.0066258 seconds
[2025-06-12T01:47:31.905+0000][9.657s][15139][15204][info ] Entering safepoint region: CollectForMetadataAllocation
[2025-06-12T01:47:31.905+0000][9.657s][15139][15204][info ] Leaving safepoint region
[2025-06-12T01:47:31.905+0000][9.658s][15139][15204][info ] Total time for which application threads were stopped: 0.0005578 seconds, Stopping threads took: 0.0000087 seconds
[2025-06-12T01:47:31.941+0000][9.693s][15139][15204][info ] Application time: 0.0355426 seconds
[2025-06-12T01:47:31.941+0000][9.693s][15139][15204][info ] Entering safepoint region: CollectForMetadataAllocation
[2025-06-12T01:47:31.942+0000][9.694s][15139][15204][info ] Leaving safepoint region
[2025-06-12T01:47:31.942+0000][9.694s][15139][15204][info ] Total time for which application threads were stopped: 0.0011173 seconds, Stopping threads took: 0.0000117 seconds
[2025-06-12T01:47:31.982+0000][9.734s][15139][15204][info ] Application time: 0.0400940 seconds
[2025-06-12T01:47:31.982+0000][9.734s][15139][15204][info ] Entering safepoint region: CollectForMetadataAllocation
[2025-06-12T01:47:31.984+0000][9.736s][15139][15204][info ] Leaving safepoint region
[2025-06-12T01:47:31.984+0000][9.736s][15139][15204][info ] Total time for which application threads were stopped: 0.0017273 seconds, Stopping threads took: 0.0000143 seconds
[2025-06-12T01:47:32.001+0000][9.753s][15139][15204][info ] Application time: 0.0167080 seconds
[2025-06-12T01:47:32.001+0000][9.753s][15139][15204][info ] Entering safepoint region: CollectForMetadataAllocation
[2025-06-12T01:47:32.001+0000][9.753s][15139][15204][info ] Leaving safepoint region
[2025-06-12T01:47:32.001+0000][9.753s][15139][15204][info ] Total time for which application threads were stopped: 0.0002928 seconds, Stopping threads took: 0.0000102 seconds
[2025-06-12T01:47:32.137+0000][9.889s][15139][15204][info ] Application time: 0.1356952 seconds
[2025-06-12T01:47:32.137+0000][9.889s][15139][15204][info ] Entering safepoint region: CollectForMetadataAllocation
[2025-06-12T01:47:32.138+0000][9.890s][15139][15204][info ] Leaving safepoint region
[2025-06-12T01:47:32.138+0000][9.890s][15139][15204][info ] Total time for which application threads were stopped: 0.0012401 seconds, Stopping threads took: 0.0000171 seconds
[2025-06-12T01:47:32.155+0000][9.908s][15139][15204][info ] Application time: 0.0174462 seconds
[2025-06-12T01:47:32.155+0000][9.908s][15139][15204][info ] Entering safepoint region: CollectForMetadataAllocation
[2025-06-12T01:47:32.157+0000][9.909s][15139][15204][info ] Leaving safepoint region
[2025-06-12T01:47:32.157+0000][9.909s][15139][15204][info ] Total time for which application threads were stopped: 0.0016000 seconds, Stopping threads took: 0.0000141 seconds
[2025-06-12T01:47:32.187+0000][9.939s][15139][15204][info ] Application time: 0.0299347 seconds
[2025-06-12T01:47:32.187+0000][9.939s][15139][15204][info ] Entering safepoint region: CollectForMetadataAllocation
[2025-06-12T01:47:32.187+0000][9.939s][15139][15204][info ] Leaving safepoint region
[2025-06-12T01:47:32.187+0000][9.939s][15139][15204][info ] Total time for which application threads were stopped: 0.0001803 seconds, Stopping threads took: 0.0000113 seconds
[2025-06-12T01:47:32.230+0000][9.982s][15139][15204][info ] Application time: 0.0429143 seconds
[2025-06-12T01:47:32.230+0000][9.982s][15139][15204][info ] Entering safepoint region: CollectForMetadataAllocation
[2025-06-12T01:47:32.231+0000][9.983s][15139][15204][info ] Leaving safepoint region
[2025-06-12T01:47:32.231+0000][9.983s][15139][15204][info ] Total time for which application threads were stopped: 0.0008900 seconds, Stopping threads took: 0.0000373 seconds
[2025-06-12T01:47:32.341+0000][10.093s][15139][15204][info ] Application time: 0.1101365 seconds
[2025-06-12T01:47:32.341+0000][10.093s][15139][15204][info ] Entering safepoint region: CollectForMetadataAllocation
[2025-06-12T01:47:32.342+0000][10.094s][15139][15204][info ] Leaving safepoint region
[2025-06-12T01:47:32.342+0000][10.094s][15139][15204][info ] Total time for which application threads were stopped: 0.0010024 seconds, Stopping threads took: 0.0000397 seconds
[2025-06-12T01:47:32.393+0000][10.145s][15139][15204][info ] Application time: 0.0501675 seconds
[2025-06-12T01:47:32.394+0000][10.146s][15139][15204][info ] Entering safepoint region: CollectForMetadataAllocation
[2025-06-12T01:47:32.394+0000][10.146s][15139][15204][info ] Leaving safepoint region
[2025-06-12T01:47:32.394+0000][10.146s][15139][15204][info ] Total time for which application threads were stopped: 0.0005571 seconds, Stopping threads took: 0.0003270 seconds
[2025-06-12T01:47:32.437+0000][10.189s][15139][15204][info ] Application time: 0.0424935 seconds
[2025-06-12T01:47:32.437+0000][10.189s][15139][15204][info ] Entering safepoint region: CollectForMetadataAllocation
[2025-06-12T01:47:32.438+0000][10.190s][15139][15204][info ] Leaving safepoint region
[2025-06-12T01:47:32.438+0000][10.190s][15139][15204][info ] Total time for which application threads were stopped: 0.0011281 seconds, Stopping threads took: 0.0003119 seconds
[2025-06-12T01:47:32.473+0000][10.226s][15139][15204][info ] Application time: 0.0354301 seconds
[2025-06-12T01:47:32.474+0000][10.226s][15139][15204][info ] Entering safepoint region: CollectForMetadataAllocation
[2025-06-12T01:47:32.474+0000][10.226s][15139][15204][info ] Leaving safepoint region
[2025-06-12T01:47:32.474+0000][10.226s][15139][15204][info ] Total time for which application threads were stopped: 0.0008717 seconds, Stopping threads took: 0.0003160 seconds
[2025-06-12T01:47:32.497+0000][10.249s][15139][15204][info ] Application time: 0.0227087 seconds
[2025-06-12T01:47:32.497+0000][10.249s][15139][15204][info ] Entering safepoint region: CollectForMetadataAllocation
[2025-06-12T01:47:32.498+0000][10.250s][15139][15204][info ] Leaving safepoint region
[2025-06-12T01:47:32.498+0000][10.250s][15139][15204][info ] Total time for which application threads were stopped: 0.0006897 seconds, Stopping threads took: 0.0002062 seconds
[2025-06-12T01:47:32.512+0000][10.264s][15139][15204][info ] Application time: 0.0145405 seconds
[2025-06-12T01:47:32.513+0000][10.265s][15139][15204][info ] Entering safepoint region: Deoptimize
[2025-06-12T01:47:32.513+0000][10.265s][15139][15204][info ] Leaving safepoint region
[2025-06-12T01:47:32.513+0000][10.265s][15139][15204][info ] Total time for which application threads were stopped: 0.0005471 seconds, Stopping threads took: 0.0002532 seconds
[2025-06-12T01:47:32.528+0000][10.280s][15139][15204][info ] Application time: 0.0149155 seconds
[2025-06-12T01:47:32.528+0000][10.280s][15139][15204][info ] Entering safepoint region: Deoptimize
[2025-06-12T01:47:32.528+0000][10.281s][15139][15204][info ] Leaving safepoint region
[2025-06-12T01:47:32.528+0000][10.281s][15139][15204][info ] Total time for which application threads were stopped: 0.0005426 seconds, Stopping threads took: 0.0002009 seconds
[2025-06-12T01:47:32.532+0000][10.284s][15139][15204][info ] Application time: 0.0032647 seconds
[2025-06-12T01:47:32.532+0000][10.284s][15139][15204][info ] Entering safepoint region: CollectForMetadataAllocation
[2025-06-12T01:47:32.532+0000][10.284s][15139][15204][info ] Leaving safepoint region
[2025-06-12T01:47:32.532+0000][10.284s][15139][15204][info ] Total time for which application threads were stopped: 0.0004595 seconds, Stopping threads took: 0.0001528 seconds
[2025-06-12T01:47:32.557+0000][10.309s][15139][15204][info ] Application time: 0.0245634 seconds
[2025-06-12T01:47:32.557+0000][10.309s][15139][15204][info ] Entering safepoint region: CollectForMetadataAllocation
[2025-06-12T01:47:32.557+0000][10.310s][15139][15204][info ] Leaving safepoint region
[2025-06-12T01:47:32.557+0000][10.310s][15139][15204][info ] Total time for which application threads were stopped: 0.0006993 seconds, Stopping threads took: 0.0000199 seconds
[2025-06-12T01:47:32.574+0000][10.326s][15139][15204][info ] Application time: 0.0168523 seconds
[2025-06-12T01:47:32.575+0000][10.327s][15139][15204][info ] Entering safepoint region: CollectForMetadataAllocation
[2025-06-12T01:47:32.575+0000][10.327s][15139][15204][info ] Leaving safepoint region
[2025-06-12T01:47:32.575+0000][10.327s][15139][15204][info ] Total time for which application threads were stopped: 0.0006714 seconds, Stopping threads took: 0.0001594 seconds
[2025-06-12T01:47:32.575+0000][10.327s][15139][15204][info ] Application time: 0.0000644 seconds
[2025-06-12T01:47:32.575+0000][10.328s][15139][15204][info ] Entering safepoint region: CollectForMetadataAllocation
[2025-06-12T01:47:32.575+0000][10.328s][15139][15204][info ] Leaving safepoint region
[2025-06-12T01:47:32.575+0000][10.328s][15139][15204][info ] Total time for which application threads were stopped: 0.0003527 seconds, Stopping threads took: 0.0003319 seconds
[2025-06-12T01:47:32.591+0000][10.343s][15139][15204][info ] Application time: 0.0156141 seconds
[2025-06-12T01:47:32.591+0000][10.343s][15139][15204][info ] Entering safepoint region: CollectForMetadataAllocation
[2025-06-12T01:47:32.592+0000][10.344s][15139][15204][info ] Leaving safepoint region
[2025-06-12T01:47:32.592+0000][10.344s][15139][15204][info ] Total time for which application threads were stopped: 0.0007692 seconds, Stopping threads took: 0.0000228 seconds
[2025-06-12T01:47:32.604+0000][10.356s][15139][15204][info ] Application time: 0.0117586 seconds
[2025-06-12T01:47:32.604+0000][10.356s][15139][15204][info ] Entering safepoint region: CollectForMetadataAllocation
[2025-06-12T01:47:32.605+0000][10.357s][15139][15204][info ] Leaving safepoint region
[2025-06-12T01:47:32.605+0000][10.357s][15139][15204][info ] Total time for which application threads were stopped: 0.0010950 seconds, Stopping threads took: 0.0003261 seconds
[2025-06-12T01:47:32.605+0000][10.357s][15139][15204][info ] Application time: 0.0000896 seconds
[2025-06-12T01:47:32.605+0000][10.357s][15139][15204][info ] Entering safepoint region: CollectForMetadataAllocation
[2025-06-12T01:47:32.605+0000][10.357s][15139][15204][info ] Leaving safepoint region
[2025-06-12T01:47:32.605+0000][10.357s][15139][15204][info ] Total time for which application threads were stopped: 0.0002037 seconds, Stopping threads took: 0.0001717 seconds
[2025-06-12T01:47:32.621+0000][10.373s][15139][15204][info ] Application time: 0.0156629 seconds
[2025-06-12T01:47:32.621+0000][10.373s][15139][15204][info ] Entering safepoint region: CollectForMetadataAllocation
[2025-06-12T01:47:32.623+0000][10.375s][15139][15204][info ] Leaving safepoint region
[2025-06-12T01:47:32.623+0000][10.375s][15139][15204][info ] Total time for which application threads were stopped: 0.0018197 seconds, Stopping threads took: 0.0000469 seconds
[2025-06-12T01:47:32.623+0000][10.375s][15139][15203][trace] CMS: promo attempt is safe: available(6912212992) >= av_promo(0), max_promo(429498176)
[2025-06-12T01:47:32.623+0000][10.375s][15139][15142][info ] Heap
[2025-06-12T01:47:32.623+0000][10.375s][15139][15142][info ]  par new generation   total 1474560K, used 419431K [0x0000000600000000, 0x0000000664000000, 0x0000000664000000)
[2025-06-12T01:47:32.623+0000][10.375s][15139][15142][info ]   eden space 1310720K,  32% used [0x0000000600000000, 0x0000000619999f40, 0x0000000650000000)
[2025-06-12T01:47:32.623+0000][10.375s][15139][15142][info ]   from space 163840K,   0% used [0x0000000650000000, 0x0000000650000000, 0x000000065a000000)
[2025-06-12T01:47:32.623+0000][10.375s][15139][15142][info ]   to   space 163840K,   0% used [0x000000065a000000, 0x000000065a000000, 0x0000000664000000)
[2025-06-12T01:47:32.623+0000][10.375s][15139][15142][info ]  concurrent mark-sweep generation total 6750208K, used 0K [0x0000000664000000, 0x0000000800000000, 0x0000000800000000)
[2025-06-12T01:47:32.623+0000][10.375s][15139][15142][info ]  Metaspace       used 33478K, capacity 34129K, committed 34500K, reserved 1081344K
[2025-06-12T01:47:32.623+0000][10.375s][15139][15142][info ]   class space    used 3484K, capacity 3707K, committed 3728K, reserved 1048576K
[2025-06-12T01:47:32.623+0000][10.375s][15139][15142][debug] Accumulated young generation GC time 0.0000000 secs, 0 GC's, avg GC time 0.0000000
[2025-06-12T01:47:32.623+0000][10.375s][15139][15142][debug] Accumulated old generation GC time 0.0000000 secs, 0 GC's, avg GC time 0.0000000
[2025-06-12T01:47:32.623+0000][10.375s][15139][15204][info ] Application time: 0.0006566 seconds
[2025-06-12T01:47:32.624+0000][10.376s][15139][15204][info ] Entering safepoint region: Exit
