[2025-06-12T01:50:10.411+0000][0.007s][16216][16221][debug] Minimum heap 8589934592  Initial heap 8589934592  Maximum heap 8589934592
[2025-06-12T01:50:10.411+0000][0.007s][16216][16221][trace] 1: Minimum young 1677721600  Initial young 1677721600  Maximum young 1677721600
[2025-06-12T01:50:10.411+0000][0.007s][16216][16221][trace] Minimum old 65536  Initial old 6912212992  Maximum old 6912212992
[2025-06-12T01:50:10.412+0000][0.008s][16216][16221][trace] Trying to allocate at address 0x0000000600000000 heap of size 0x200000000
[2025-06-12T01:50:17.765+0000][7.361s][16216][16221][info ] Using Concurrent Mark Sweep
[2025-06-12T01:50:17.765+0000][7.361s][16216][16221][info ] Heap address: 0x0000000600000000, size: 8192 MB, Compressed Oops mode: Zero based, Oop shift amount: 3
[2025-06-12T01:50:18.323+0000][7.919s][16216][16268][info ] Application time: 0.2579975 seconds
[2025-06-12T01:50:18.323+0000][7.919s][16216][16268][info ] Entering safepoint region: Deoptimize
[2025-06-12T01:50:18.323+0000][7.919s][16216][16268][info ] Leaving safepoint region
[2025-06-12T01:50:18.323+0000][7.919s][16216][16268][info ] Total time for which application threads were stopped: 0.0001889 seconds, Stopping threads took: 0.0000252 seconds
[2025-06-12T01:50:18.334+0000][7.930s][16216][16268][info ] Application time: 0.0105958 seconds
[2025-06-12T01:50:18.334+0000][7.930s][16216][16268][info ] Entering safepoint region: Deoptimize
[2025-06-12T01:50:18.334+0000][7.930s][16216][16268][info ] Leaving safepoint region
[2025-06-12T01:50:18.334+0000][7.930s][16216][16268][info ] Total time for which application threads were stopped: 0.0000688 seconds, Stopping threads took: 0.0000094 seconds
[2025-06-12T01:50:18.394+0000][7.990s][16216][16268][info ] Application time: 0.0599657 seconds
[2025-06-12T01:50:18.394+0000][7.990s][16216][16268][info ] Entering safepoint region: Deoptimize
[2025-06-12T01:50:18.394+0000][7.990s][16216][16268][info ] Leaving safepoint region
[2025-06-12T01:50:18.394+0000][7.990s][16216][16268][info ] Total time for which application threads were stopped: 0.0001254 seconds, Stopping threads took: 0.0000126 seconds
[2025-06-12T01:50:19.239+0000][8.835s][16216][16268][info ] Application time: 0.8445589 seconds
[2025-06-12T01:50:19.239+0000][8.835s][16216][16268][info ] Entering safepoint region: ICBufferFull
[2025-06-12T01:50:19.239+0000][8.835s][16216][16268][info ] Leaving safepoint region
[2025-06-12T01:50:19.239+0000][8.835s][16216][16268][info ] Total time for which application threads were stopped: 0.0001955 seconds, Stopping threads took: 0.0000148 seconds
[2025-06-12T01:50:19.357+0000][8.953s][16216][16268][info ] Application time: 0.1186086 seconds
[2025-06-12T01:50:19.357+0000][8.954s][16216][16268][info ] Entering safepoint region: CollectForMetadataAllocation
[2025-06-12T01:50:19.358+0000][8.954s][16216][16268][info ] Leaving safepoint region
[2025-06-12T01:50:19.358+0000][8.954s][16216][16268][info ] Total time for which application threads were stopped: 0.0003917 seconds, Stopping threads took: 0.0000121 seconds
[2025-06-12T01:50:19.417+0000][9.013s][16216][16268][info ] Application time: 0.0586549 seconds
[2025-06-12T01:50:19.417+0000][9.013s][16216][16268][info ] Entering safepoint region: CollectForMetadataAllocation
[2025-06-12T01:50:19.417+0000][9.013s][16216][16268][info ] Leaving safepoint region
[2025-06-12T01:50:19.417+0000][9.013s][16216][16268][info ] Total time for which application threads were stopped: 0.0007534 seconds, Stopping threads took: 0.0000122 seconds
[2025-06-12T01:50:19.418+0000][9.014s][16216][16268][info ] Application time: 0.0002724 seconds
[2025-06-12T01:50:19.418+0000][9.014s][16216][16268][info ] Entering safepoint region: Deoptimize
[2025-06-12T01:50:19.418+0000][9.014s][16216][16268][info ] Leaving safepoint region
[2025-06-12T01:50:19.418+0000][9.014s][16216][16268][info ] Total time for which application threads were stopped: 0.0002212 seconds, Stopping threads took: 0.0000082 seconds
[2025-06-12T01:50:19.438+0000][9.034s][16216][16268][info ] Application time: 0.0197073 seconds
[2025-06-12T01:50:19.438+0000][9.034s][16216][16268][info ] Entering safepoint region: Deoptimize
[2025-06-12T01:50:19.438+0000][9.034s][16216][16268][info ] Leaving safepoint region
[2025-06-12T01:50:19.438+0000][9.034s][16216][16268][info ] Total time for which application threads were stopped: 0.0002129 seconds, Stopping threads took: 0.0000106 seconds
[2025-06-12T01:50:19.453+0000][9.049s][16216][16268][info ] Application time: 0.0148794 seconds
[2025-06-12T01:50:19.453+0000][9.049s][16216][16268][info ] Entering safepoint region: CollectForMetadataAllocation
[2025-06-12T01:50:19.453+0000][9.049s][16216][16268][info ] Leaving safepoint region
[2025-06-12T01:50:19.453+0000][9.049s][16216][16268][info ] Total time for which application threads were stopped: 0.0006206 seconds, Stopping threads took: 0.0000097 seconds
[2025-06-12T01:50:19.551+0000][9.147s][16216][16268][info ] Application time: 0.0977214 seconds
[2025-06-12T01:50:19.551+0000][9.147s][16216][16268][info ] Entering safepoint region: CollectForMetadataAllocation
[2025-06-12T01:50:19.552+0000][9.148s][16216][16268][info ] Leaving safepoint region
[2025-06-12T01:50:19.552+0000][9.148s][16216][16268][info ] Total time for which application threads were stopped: 0.0008098 seconds, Stopping threads took: 0.0000705 seconds
[2025-06-12T01:50:19.586+0000][9.182s][16216][16268][info ] Application time: 0.0336352 seconds
[2025-06-12T01:50:19.586+0000][9.182s][16216][16268][info ] Entering safepoint region: CollectForMetadataAllocation
[2025-06-12T01:50:19.587+0000][9.183s][16216][16268][info ] Leaving safepoint region
[2025-06-12T01:50:19.587+0000][9.183s][16216][16268][info ] Total time for which application threads were stopped: 0.0012664 seconds, Stopping threads took: 0.0000109 seconds
[2025-06-12T01:50:19.680+0000][9.276s][16216][16268][info ] Application time: 0.0930882 seconds
[2025-06-12T01:50:19.680+0000][9.276s][16216][16268][info ] Entering safepoint region: CollectForMetadataAllocation
[2025-06-12T01:50:19.681+0000][9.277s][16216][16268][info ] Leaving safepoint region
[2025-06-12T01:50:19.681+0000][9.277s][16216][16268][info ] Total time for which application threads were stopped: 0.0007006 seconds, Stopping threads took: 0.0000113 seconds
[2025-06-12T01:50:19.789+0000][9.385s][16216][16268][info ] Application time: 0.1081603 seconds
[2025-06-12T01:50:19.789+0000][9.385s][16216][16268][info ] Entering safepoint region: Deoptimize
[2025-06-12T01:50:19.789+0000][9.385s][16216][16268][info ] Leaving safepoint region
[2025-06-12T01:50:19.789+0000][9.385s][16216][16268][info ] Total time for which application threads were stopped: 0.0002637 seconds, Stopping threads took: 0.0000120 seconds
[2025-06-12T01:50:19.892+0000][9.488s][16216][16268][info ] Application time: 0.1029257 seconds
[2025-06-12T01:50:19.892+0000][9.488s][16216][16268][info ] Entering safepoint region: CollectForMetadataAllocation
[2025-06-12T01:50:19.893+0000][9.489s][16216][16268][info ] Leaving safepoint region
[2025-06-12T01:50:19.893+0000][9.489s][16216][16268][info ] Total time for which application threads were stopped: 0.0004272 seconds, Stopping threads took: 0.0000172 seconds
[2025-06-12T01:50:19.911+0000][9.507s][16216][16268][info ] Application time: 0.0177835 seconds
[2025-06-12T01:50:19.911+0000][9.507s][16216][16268][info ] Entering safepoint region: CollectForMetadataAllocation
[2025-06-12T01:50:19.911+0000][9.507s][16216][16268][info ] Leaving safepoint region
[2025-06-12T01:50:19.911+0000][9.507s][16216][16268][info ] Total time for which application threads were stopped: 0.0002093 seconds, Stopping threads took: 0.0000104 seconds
[2025-06-12T01:50:19.948+0000][9.544s][16216][16268][info ] Application time: 0.0374692 seconds
[2025-06-12T01:50:19.948+0000][9.544s][16216][16268][info ] Entering safepoint region: CollectForMetadataAllocation
[2025-06-12T01:50:19.949+0000][9.545s][16216][16268][info ] Leaving safepoint region
[2025-06-12T01:50:19.949+0000][9.545s][16216][16268][info ] Total time for which application threads were stopped: 0.0006221 seconds, Stopping threads took: 0.0000105 seconds
[2025-06-12T01:50:19.979+0000][9.575s][16216][16268][info ] Application time: 0.0296781 seconds
[2025-06-12T01:50:19.979+0000][9.575s][16216][16268][info ] Entering safepoint region: CollectForMetadataAllocation
[2025-06-12T01:50:19.979+0000][9.575s][16216][16268][info ] Leaving safepoint region
[2025-06-12T01:50:19.979+0000][9.575s][16216][16268][info ] Total time for which application threads were stopped: 0.0006240 seconds, Stopping threads took: 0.0000545 seconds
[2025-06-12T01:50:19.979+0000][9.575s][16216][16268][info ] Application time: 0.0001029 seconds
[2025-06-12T01:50:19.979+0000][9.575s][16216][16268][info ] Entering safepoint region: CollectForMetadataAllocation
[2025-06-12T01:50:19.979+0000][9.575s][16216][16268][info ] Leaving safepoint region
[2025-06-12T01:50:19.979+0000][9.575s][16216][16268][info ] Total time for which application threads were stopped: 0.0000623 seconds, Stopping threads took: 0.0000429 seconds
[2025-06-12T01:50:19.997+0000][9.593s][16216][16268][info ] Application time: 0.0173871 seconds
[2025-06-12T01:50:19.997+0000][9.593s][16216][16268][info ] Entering safepoint region: Deoptimize
[2025-06-12T01:50:19.997+0000][9.593s][16216][16268][info ] Leaving safepoint region
[2025-06-12T01:50:19.997+0000][9.593s][16216][16268][info ] Total time for which application threads were stopped: 0.0002509 seconds, Stopping threads took: 0.0000100 seconds
[2025-06-12T01:50:20.003+0000][9.599s][16216][16268][info ] Application time: 0.0059862 seconds
[2025-06-12T01:50:20.003+0000][9.599s][16216][16268][info ] Entering safepoint region: CollectForMetadataAllocation
[2025-06-12T01:50:20.004+0000][9.600s][16216][16268][info ] Leaving safepoint region
[2025-06-12T01:50:20.004+0000][9.600s][16216][16268][info ] Total time for which application threads were stopped: 0.0007219 seconds, Stopping threads took: 0.0000138 seconds
[2025-06-12T01:50:20.005+0000][9.601s][16216][16268][info ] Application time: 0.0016122 seconds
[2025-06-12T01:50:20.005+0000][9.602s][16216][16268][info ] Entering safepoint region: Deoptimize
[2025-06-12T01:50:20.006+0000][9.602s][16216][16268][info ] Leaving safepoint region
[2025-06-12T01:50:20.006+0000][9.602s][16216][16268][info ] Total time for which application threads were stopped: 0.0002346 seconds, Stopping threads took: 0.0000095 seconds
[2025-06-12T01:50:20.006+0000][9.602s][16216][16268][info ] Application time: 0.0001960 seconds
[2025-06-12T01:50:20.006+0000][9.602s][16216][16268][info ] Entering safepoint region: Deoptimize
[2025-06-12T01:50:20.006+0000][9.602s][16216][16268][info ] Leaving safepoint region
[2025-06-12T01:50:20.006+0000][9.602s][16216][16268][info ] Total time for which application threads were stopped: 0.0001197 seconds, Stopping threads took: 0.0000085 seconds
[2025-06-12T01:50:20.047+0000][9.643s][16216][16268][info ] Application time: 0.0410143 seconds
[2025-06-12T01:50:20.047+0000][9.643s][16216][16268][info ] Entering safepoint region: Deoptimize
[2025-06-12T01:50:20.047+0000][9.643s][16216][16268][info ] Leaving safepoint region
[2025-06-12T01:50:20.047+0000][9.643s][16216][16268][info ] Total time for which application threads were stopped: 0.0001808 seconds, Stopping threads took: 0.0000094 seconds
[2025-06-12T01:50:20.069+0000][9.665s][16216][16268][info ] Application time: 0.0213032 seconds
[2025-06-12T01:50:20.069+0000][9.665s][16216][16268][info ] Entering safepoint region: CollectForMetadataAllocation
[2025-06-12T01:50:20.069+0000][9.665s][16216][16268][info ] Leaving safepoint region
[2025-06-12T01:50:20.069+0000][9.665s][16216][16268][info ] Total time for which application threads were stopped: 0.0005262 seconds, Stopping threads took: 0.0000108 seconds
[2025-06-12T01:50:20.082+0000][9.678s][16216][16268][info ] Application time: 0.0125002 seconds
[2025-06-12T01:50:20.082+0000][9.678s][16216][16268][info ] Entering safepoint region: CollectForMetadataAllocation
[2025-06-12T01:50:20.082+0000][9.678s][16216][16268][info ] Leaving safepoint region
[2025-06-12T01:50:20.082+0000][9.678s][16216][16268][info ] Total time for which application threads were stopped: 0.0002791 seconds, Stopping threads took: 0.0000114 seconds
[2025-06-12T01:50:20.087+0000][9.683s][16216][16268][info ] Application time: 0.0044965 seconds
[2025-06-12T01:50:20.087+0000][9.683s][16216][16268][info ] Entering safepoint region: Deoptimize
[2025-06-12T01:50:20.087+0000][9.683s][16216][16268][info ] Leaving safepoint region
[2025-06-12T01:50:20.087+0000][9.683s][16216][16268][info ] Total time for which application threads were stopped: 0.0002256 seconds, Stopping threads took: 0.0000092 seconds
[2025-06-12T01:50:20.088+0000][9.684s][16216][16268][info ] Application time: 0.0008861 seconds
[2025-06-12T01:50:20.088+0000][9.684s][16216][16268][info ] Entering safepoint region: Deoptimize
[2025-06-12T01:50:20.088+0000][9.684s][16216][16268][info ] Leaving safepoint region
[2025-06-12T01:50:20.088+0000][9.684s][16216][16268][info ] Total time for which application threads were stopped: 0.0001310 seconds, Stopping threads took: 0.0000079 seconds
[2025-06-12T01:50:20.110+0000][9.706s][16216][16268][info ] Application time: 0.0217980 seconds
[2025-06-12T01:50:20.110+0000][9.706s][16216][16268][info ] Entering safepoint region: CollectForMetadataAllocation
[2025-06-12T01:50:20.111+0000][9.707s][16216][16268][info ] Leaving safepoint region
[2025-06-12T01:50:20.111+0000][9.707s][16216][16268][info ] Total time for which application threads were stopped: 0.0009922 seconds, Stopping threads took: 0.0003911 seconds
[2025-06-12T01:50:20.124+0000][9.720s][16216][16268][info ] Application time: 0.0138270 seconds
[2025-06-12T01:50:20.125+0000][9.721s][16216][16268][info ] Entering safepoint region: CollectForMetadataAllocation
[2025-06-12T01:50:20.125+0000][9.721s][16216][16268][info ] Leaving safepoint region
[2025-06-12T01:50:20.125+0000][9.721s][16216][16268][info ] Total time for which application threads were stopped: 0.0005149 seconds, Stopping threads took: 0.0000104 seconds
[2025-06-12T01:50:20.130+0000][9.726s][16216][16268][info ] Application time: 0.0050916 seconds
[2025-06-12T01:50:20.130+0000][9.726s][16216][16268][info ] Entering safepoint region: CollectForMetadataAllocation
[2025-06-12T01:50:20.131+0000][9.727s][16216][16268][info ] Leaving safepoint region
[2025-06-12T01:50:20.131+0000][9.727s][16216][16268][info ] Total time for which application threads were stopped: 0.0003179 seconds, Stopping threads took: 0.0000132 seconds
[2025-06-12T01:50:20.136+0000][9.732s][16216][16268][info ] Application time: 0.0056960 seconds
[2025-06-12T01:50:20.136+0000][9.732s][16216][16268][info ] Entering safepoint region: CollectForMetadataAllocation
[2025-06-12T01:50:20.137+0000][9.733s][16216][16268][info ] Leaving safepoint region
[2025-06-12T01:50:20.137+0000][9.733s][16216][16268][info ] Total time for which application threads were stopped: 0.0008511 seconds, Stopping threads took: 0.0000085 seconds
[2025-06-12T01:50:20.143+0000][9.739s][16216][16268][info ] Application time: 0.0054297 seconds
[2025-06-12T01:50:20.143+0000][9.739s][16216][16268][info ] Entering safepoint region: Deoptimize
[2025-06-12T01:50:20.143+0000][9.739s][16216][16268][info ] Leaving safepoint region
[2025-06-12T01:50:20.143+0000][9.739s][16216][16268][info ] Total time for which application threads were stopped: 0.0002726 seconds, Stopping threads took: 0.0000091 seconds
[2025-06-12T01:50:20.160+0000][9.756s][16216][16268][info ] Application time: 0.0170122 seconds
[2025-06-12T01:50:20.160+0000][9.756s][16216][16268][info ] Entering safepoint region: CollectForMetadataAllocation
[2025-06-12T01:50:20.161+0000][9.757s][16216][16268][info ] Leaving safepoint region
[2025-06-12T01:50:20.161+0000][9.757s][16216][16268][info ] Total time for which application threads were stopped: 0.0004592 seconds, Stopping threads took: 0.0000103 seconds
[2025-06-12T01:50:20.176+0000][9.772s][16216][16268][info ] Application time: 0.0152878 seconds
[2025-06-12T01:50:20.176+0000][9.772s][16216][16268][info ] Entering safepoint region: CollectForMetadataAllocation
[2025-06-12T01:50:20.177+0000][9.773s][16216][16268][info ] Leaving safepoint region
[2025-06-12T01:50:20.177+0000][9.773s][16216][16268][info ] Total time for which application threads were stopped: 0.0013967 seconds, Stopping threads took: 0.0000152 seconds
[2025-06-12T01:50:20.197+0000][9.793s][16216][16268][info ] Application time: 0.0195472 seconds
[2025-06-12T01:50:20.197+0000][9.793s][16216][16268][info ] Entering safepoint region: CollectForMetadataAllocation
[2025-06-12T01:50:20.197+0000][9.793s][16216][16268][info ] Leaving safepoint region
[2025-06-12T01:50:20.197+0000][9.793s][16216][16268][info ] Total time for which application threads were stopped: 0.0005461 seconds, Stopping threads took: 0.0000102 seconds
[2025-06-12T01:50:20.220+0000][9.816s][16216][16268][info ] Application time: 0.0221323 seconds
[2025-06-12T01:50:20.220+0000][9.816s][16216][16268][info ] Entering safepoint region: CollectForMetadataAllocation
[2025-06-12T01:50:20.220+0000][9.816s][16216][16268][info ] Leaving safepoint region
[2025-06-12T01:50:20.220+0000][9.816s][16216][16268][info ] Total time for which application threads were stopped: 0.0004688 seconds, Stopping threads took: 0.0000124 seconds
[2025-06-12T01:50:20.241+0000][9.837s][16216][16268][info ] Application time: 0.0208549 seconds
[2025-06-12T01:50:20.241+0000][9.837s][16216][16268][info ] Entering safepoint region: CollectForMetadataAllocation
[2025-06-12T01:50:20.242+0000][9.838s][16216][16268][info ] Leaving safepoint region
[2025-06-12T01:50:20.242+0000][9.838s][16216][16268][info ] Total time for which application threads were stopped: 0.0005694 seconds, Stopping threads took: 0.0000105 seconds
[2025-06-12T01:50:20.275+0000][9.871s][16216][16268][info ] Application time: 0.0333309 seconds
[2025-06-12T01:50:20.275+0000][9.871s][16216][16268][info ] Entering safepoint region: CollectForMetadataAllocation
[2025-06-12T01:50:20.275+0000][9.871s][16216][16268][info ] Leaving safepoint region
[2025-06-12T01:50:20.275+0000][9.871s][16216][16268][info ] Total time for which application threads were stopped: 0.0005374 seconds, Stopping threads took: 0.0000115 seconds
[2025-06-12T01:50:20.313+0000][9.909s][16216][16268][info ] Application time: 0.0374137 seconds
[2025-06-12T01:50:20.313+0000][9.909s][16216][16268][info ] Entering safepoint region: CollectForMetadataAllocation
[2025-06-12T01:50:20.313+0000][9.909s][16216][16268][info ] Leaving safepoint region
[2025-06-12T01:50:20.313+0000][9.909s][16216][16268][info ] Total time for which application threads were stopped: 0.0005272 seconds, Stopping threads took: 0.0000104 seconds
[2025-06-12T01:50:20.332+0000][9.928s][16216][16268][info ] Application time: 0.0183952 seconds
[2025-06-12T01:50:20.332+0000][9.928s][16216][16268][info ] Entering safepoint region: CollectForMetadataAllocation
[2025-06-12T01:50:20.333+0000][9.929s][16216][16268][info ] Leaving safepoint region
[2025-06-12T01:50:20.333+0000][9.929s][16216][16268][info ] Total time for which application threads were stopped: 0.0013683 seconds, Stopping threads took: 0.0000100 seconds
[2025-06-12T01:50:20.468+0000][10.064s][16216][16268][info ] Application time: 0.1350828 seconds
[2025-06-12T01:50:20.468+0000][10.064s][16216][16268][info ] Entering safepoint region: CollectForMetadataAllocation
[2025-06-12T01:50:20.469+0000][10.065s][16216][16268][info ] Leaving safepoint region
[2025-06-12T01:50:20.469+0000][10.065s][16216][16268][info ] Total time for which application threads were stopped: 0.0002171 seconds, Stopping threads took: 0.0000122 seconds
[2025-06-12T01:50:20.492+0000][10.088s][16216][16268][info ] Application time: 0.0237067 seconds
[2025-06-12T01:50:20.492+0000][10.088s][16216][16268][info ] Entering safepoint region: CollectForMetadataAllocation
[2025-06-12T01:50:20.493+0000][10.089s][16216][16268][info ] Leaving safepoint region
[2025-06-12T01:50:20.493+0000][10.089s][16216][16268][info ] Total time for which application threads were stopped: 0.0006036 seconds, Stopping threads took: 0.0000102 seconds
[2025-06-12T01:50:20.520+0000][10.116s][16216][16268][info ] Application time: 0.0272166 seconds
[2025-06-12T01:50:20.520+0000][10.116s][16216][16268][info ] Entering safepoint region: CollectForMetadataAllocation
[2025-06-12T01:50:20.521+0000][10.117s][16216][16268][info ] Leaving safepoint region
[2025-06-12T01:50:20.521+0000][10.117s][16216][16268][info ] Total time for which application threads were stopped: 0.0007875 seconds, Stopping threads took: 0.0000413 seconds
[2025-06-12T01:50:20.552+0000][10.148s][16216][16268][info ] Application time: 0.0313637 seconds
[2025-06-12T01:50:20.552+0000][10.148s][16216][16268][info ] Entering safepoint region: CollectForMetadataAllocation
[2025-06-12T01:50:20.553+0000][10.149s][16216][16268][info ] Leaving safepoint region
[2025-06-12T01:50:20.553+0000][10.149s][16216][16268][info ] Total time for which application threads were stopped: 0.0005053 seconds, Stopping threads took: 0.0000115 seconds
[2025-06-12T01:50:20.675+0000][10.271s][16216][16268][info ] Application time: 0.1217151 seconds
[2025-06-12T01:50:20.675+0000][10.271s][16216][16268][info ] Entering safepoint region: CollectForMetadataAllocation
[2025-06-12T01:50:20.675+0000][10.271s][16216][16268][info ] Leaving safepoint region
[2025-06-12T01:50:20.676+0000][10.272s][16216][16268][info ] Total time for which application threads were stopped: 0.0007632 seconds, Stopping threads took: 0.0001305 seconds
[2025-06-12T01:50:20.710+0000][10.306s][16216][16268][info ] Application time: 0.0341170 seconds
[2025-06-12T01:50:20.710+0000][10.306s][16216][16268][info ] Entering safepoint region: CollectForMetadataAllocation
[2025-06-12T01:50:20.711+0000][10.307s][16216][16268][info ] Leaving safepoint region
[2025-06-12T01:50:20.711+0000][10.307s][16216][16268][info ] Total time for which application threads were stopped: 0.0008809 seconds, Stopping threads took: 0.0003104 seconds
[2025-06-12T01:50:20.746+0000][10.342s][16216][16268][info ] Application time: 0.0353675 seconds
[2025-06-12T01:50:20.746+0000][10.342s][16216][16268][info ] Entering safepoint region: CollectForMetadataAllocation
[2025-06-12T01:50:20.747+0000][10.343s][16216][16268][info ] Leaving safepoint region
[2025-06-12T01:50:20.747+0000][10.343s][16216][16268][info ] Total time for which application threads were stopped: 0.0005956 seconds, Stopping threads took: 0.0000249 seconds
[2025-06-12T01:50:20.785+0000][10.381s][16216][16268][info ] Application time: 0.0385018 seconds
[2025-06-12T01:50:20.785+0000][10.381s][16216][16268][info ] Entering safepoint region: CollectForMetadataAllocation
[2025-06-12T01:50:20.786+0000][10.382s][16216][16268][info ] Leaving safepoint region
[2025-06-12T01:50:20.786+0000][10.382s][16216][16268][info ] Total time for which application threads were stopped: 0.0005238 seconds, Stopping threads took: 0.0000492 seconds
[2025-06-12T01:50:20.804+0000][10.400s][16216][16268][info ] Application time: 0.0187362 seconds
[2025-06-12T01:50:20.804+0000][10.400s][16216][16268][info ] Entering safepoint region: CollectForMetadataAllocation
[2025-06-12T01:50:20.805+0000][10.402s][16216][16268][info ] Leaving safepoint region
[2025-06-12T01:50:20.806+0000][10.402s][16216][16268][info ] Total time for which application threads were stopped: 0.0011077 seconds, Stopping threads took: 0.0000533 seconds
[2025-06-12T01:50:20.845+0000][10.441s][16216][16268][info ] Application time: 0.0393303 seconds
[2025-06-12T01:50:20.845+0000][10.441s][16216][16268][info ] Entering safepoint region: Deoptimize
[2025-06-12T01:50:20.845+0000][10.441s][16216][16268][info ] Leaving safepoint region
[2025-06-12T01:50:20.845+0000][10.441s][16216][16268][info ] Total time for which application threads were stopped: 0.0005683 seconds, Stopping threads took: 0.0002189 seconds
[2025-06-12T01:50:20.853+0000][10.449s][16216][16268][info ] Application time: 0.0072449 seconds
[2025-06-12T01:50:20.853+0000][10.449s][16216][16268][info ] Entering safepoint region: CollectForMetadataAllocation
[2025-06-12T01:50:20.853+0000][10.449s][16216][16268][info ] Leaving safepoint region
[2025-06-12T01:50:20.853+0000][10.449s][16216][16268][info ] Total time for which application threads were stopped: 0.0004892 seconds, Stopping threads took: 0.0000259 seconds
[2025-06-12T01:50:20.861+0000][10.457s][16216][16268][info ] Application time: 0.0077033 seconds
[2025-06-12T01:50:20.863+0000][10.459s][16216][16268][info ] Entering safepoint region: Deoptimize
[2025-06-12T01:50:20.863+0000][10.459s][16216][16268][info ] Leaving safepoint region
[2025-06-12T01:50:20.863+0000][10.459s][16216][16268][info ] Total time for which application threads were stopped: 0.0018354 seconds, Stopping threads took: 0.0015390 seconds
[2025-06-12T01:50:20.866+0000][10.462s][16216][16268][info ] Application time: 0.0030658 seconds
[2025-06-12T01:50:20.866+0000][10.462s][16216][16268][info ] Entering safepoint region: CollectForMetadataAllocation
[2025-06-12T01:50:20.867+0000][10.463s][16216][16268][info ] Leaving safepoint region
[2025-06-12T01:50:20.867+0000][10.463s][16216][16268][info ] Total time for which application threads were stopped: 0.0006771 seconds, Stopping threads took: 0.0002888 seconds
[2025-06-12T01:50:20.896+0000][10.492s][16216][16268][info ] Application time: 0.0295922 seconds
[2025-06-12T01:50:20.896+0000][10.492s][16216][16268][info ] Entering safepoint region: CollectForMetadataAllocation
[2025-06-12T01:50:20.897+0000][10.493s][16216][16268][info ] Leaving safepoint region
[2025-06-12T01:50:20.897+0000][10.493s][16216][16268][info ] Total time for which application threads were stopped: 0.0004458 seconds, Stopping threads took: 0.0000760 seconds
[2025-06-12T01:50:20.919+0000][10.515s][16216][16268][info ] Application time: 0.0226886 seconds
[2025-06-12T01:50:20.920+0000][10.516s][16216][16268][info ] Entering safepoint region: CollectForMetadataAllocation
[2025-06-12T01:50:20.920+0000][10.516s][16216][16268][info ] Leaving safepoint region
[2025-06-12T01:50:20.920+0000][10.516s][16216][16268][info ] Total time for which application threads were stopped: 0.0005945 seconds, Stopping threads took: 0.0003512 seconds
[2025-06-12T01:50:20.928+0000][10.524s][16216][16268][info ] Application time: 0.0076454 seconds
[2025-06-12T01:50:20.928+0000][10.524s][16216][16268][info ] Entering safepoint region: CollectForMetadataAllocation
[2025-06-12T01:50:20.928+0000][10.524s][16216][16268][info ] Leaving safepoint region
[2025-06-12T01:50:20.928+0000][10.524s][16216][16268][info ] Total time for which application threads were stopped: 0.0006124 seconds, Stopping threads took: 0.0004052 seconds
[2025-06-12T01:50:20.945+0000][10.541s][16216][16268][info ] Application time: 0.0161567 seconds
[2025-06-12T01:50:20.945+0000][10.541s][16216][16268][info ] Entering safepoint region: CollectForMetadataAllocation
[2025-06-12T01:50:20.945+0000][10.541s][16216][16268][info ] Leaving safepoint region
[2025-06-12T01:50:20.945+0000][10.541s][16216][16268][info ] Total time for which application threads were stopped: 0.0004888 seconds, Stopping threads took: 0.0000267 seconds
[2025-06-12T01:50:20.951+0000][10.547s][16216][16267][trace] CMS: promo attempt is safe: available(6912212992) >= av_promo(0), max_promo(429506480)
[2025-06-12T01:50:20.951+0000][10.547s][16216][16221][info ] Heap
[2025-06-12T01:50:20.951+0000][10.547s][16216][16221][info ]  par new generation   total 1474560K, used 419439K [0x0000000600000000, 0x0000000664000000, 0x0000000664000000)
[2025-06-12T01:50:20.951+0000][10.547s][16216][16221][info ]   eden space 1310720K,  32% used [0x0000000600000000, 0x000000061999bfb0, 0x0000000650000000)
[2025-06-12T01:50:20.951+0000][10.547s][16216][16221][info ]   from space 163840K,   0% used [0x0000000650000000, 0x0000000650000000, 0x000000065a000000)
[2025-06-12T01:50:20.951+0000][10.547s][16216][16221][info ]   to   space 163840K,   0% used [0x000000065a000000, 0x000000065a000000, 0x0000000664000000)
[2025-06-12T01:50:20.951+0000][10.547s][16216][16221][info ]  concurrent mark-sweep generation total 6750208K, used 0K [0x0000000664000000, 0x0000000800000000, 0x0000000800000000)
[2025-06-12T01:50:20.951+0000][10.547s][16216][16221][info ]  Metaspace       used 33380K, capacity 34001K, committed 34372K, reserved 1079296K
[2025-06-12T01:50:20.951+0000][10.547s][16216][16221][info ]   class space    used 3472K, capacity 3707K, committed 3832K, reserved 1048576K
[2025-06-12T01:50:20.951+0000][10.547s][16216][16221][debug] Accumulated young generation GC time 0.0000000 secs, 0 GC's, avg GC time 0.0000000
[2025-06-12T01:50:20.951+0000][10.547s][16216][16221][debug] Accumulated old generation GC time 0.0000000 secs, 0 GC's, avg GC time 0.0000000
[2025-06-12T01:50:20.951+0000][10.547s][16216][16268][info ] Application time: 0.0057963 seconds
[2025-06-12T01:50:20.951+0000][10.547s][16216][16268][info ] Entering safepoint region: Exit
